  Determining projects to restore...
  Nothing to do. None of the projects specified contain packages to restore.
C:\Program Files\dotnet\sdk\10.0.400\Microsoft.Common.CurrentVersion.targets(2453,5): warning MSB3245: Could not resolve this reference. Could not locate the assembly "System.Runtime.WindowsRuntime". Check to make sure the assembly exists on disk. If this reference is required by your code, you may get compilation errors. [C:\Users\russel.mercado\source\repos\Yakult-System-New\Yakult.Inventory.App\Yakult.Inventory.App.csproj]
C:\Users\russel.mercado\source\repos\Yakult-System-New\Yakult.Inventory.App\Pages\Item\RepairHistoryDialog.xaml.cs(233,42): warning CS0109: The member 'RepairHistoryDialog.ShowDialog(IWin32Window)' does not hide an accessible member. The new keyword is not required. [C:\Users\russel.mercado\source\repos\Yakult-System-New\Yakult.Inventory.App\Yakult.Inventory.App.csproj]
C:\Users\russel.mercado\source\repos\Yakult-System-New\Yakult.Inventory.App\Pages\Item\MarkActionDialog.xaml.cs(184,42): warning CS0109: The member 'MarkActionDialog.ShowDialog(IWin32Window)' does not hide an accessible member. The new keyword is not required. [C:\Users\russel.mercado\source\repos\Yakult-System-New\Yakult.Inventory.App\Yakult.Inventory.App.csproj]
C:\Users\russel.mercado\source\repos\Yakult-System-New\Yakult.Inventory.App\Pages\Item\SellDisposeDialog.xaml.cs(132,42): warning CS0109: The member 'SellDisposeDialog.ShowDialog(IWin32Window)' does not hide an accessible member. The new keyword is not required. [C:\Users\russel.mercado\source\repos\Yakult-System-New\Yakult.Inventory.App\Yakult.Inventory.App.csproj]
C:\Users\russel.mercado\source\repos\Yakult-System-New\Yakult.Inventory.App\Wpf\RequestPortal\WalkThrough\WpfPortalTourWindow.xaml.cs(25,13): error CS0103: The name 'InitializeComponent' does not exist in the current context [C:\Users\russel.mercado\source\repos\Yakult-System-New\Yakult.Inventory.App\Yakult.Inventory.App.csproj]
C:\Users\russel.mercado\source\repos\Yakult-System-New\Yakult.Inventory.App\Wpf\RequestPortal\WalkThrough\WpfPortalTourWindow.xaml.cs(31,13): error CS0103: The name 'RootCanvas' does not exist in the current context [C:\Users\russel.mercado\source\repos\Yakult-System-New\Yakult.Inventory.App\Yakult.Inventory.App.csproj]
C:\Users\russel.mercado\source\repos\Yakult-System-New\Yakult.Inventory.App\Wpf\RequestPortal\WalkThrough\WpfPortalTourWindow.xaml.cs(32,13): error CS0103: The name 'RootCanvas' does not exist in the current context [C:\Users\russel.mercado\source\repos\Yakult-System-New\Yakult.Inventory.App\Yakult.Inventory.App.csproj]
C:\Users\russel.mercado\source\repos\Yakult-System-New\Yakult.Inventory.App\Wpf\RequestPortal\WalkThrough\WpfPortalTourWindow.xaml.cs(35,17): error CS0103: The name 'RootCanvas' does not exist in the current context [C:\Users\russel.mercado\source\repos\Yakult-System-New\Yakult.Inventory.App\Yakult.Inventory.App.csproj]
C:\Users\russel.mercado\source\repos\Yakult-System-New\Yakult.Inventory.App\Wpf\RequestPortal\WalkThrough\WpfPortalTourWindow.xaml.cs(36,17): error CS0103: The name 'RootCanvas' does not exist in the current context [C:\Users\russel.mercado\source\repos\Yakult-System-New\Yakult.Inventory.App\Yakult.Inventory.App.csproj]
C:\Users\russel.mercado\source\repos\Yakult-System-New\Yakult.Inventory.App\Wpf\RepairPortal\PartIntake\Views\AddPartDialog.xaml.cs(18,13): error CS0103: The name 'InitializeComponent' does not exist in the current context [C:\Users\russel.mercado\source\repos\Yakult-System-New\Yakult.Inventory.App\Yakult.Inventory.App.csproj]
C:\Users\russel.mercado\source\repos\Yakult-System-New\Yakult.Inventory.App\Wpf\RequestPortal\WalkThrough\WpfPortalTourWindow.xaml.cs(105,13): error CS0103: The name 'OverlayPath' does not exist in the current context [C:\Users\russel.mercado\source\repos\Yakult-System-New\Yakult.Inventory.App\Yakult.Inventory.App.csproj]
C:\Users\russel.mercado\source\repos\Yakult-System-New\Yakult.Inventory.App\Wpf\RequestPortal\WalkThrough\WpfPortalTourWindow.xaml.cs(106,13): error CS0103: The name 'HighlightRing' does not exist in the current context [C:\Users\russel.mercado\source\repos\Yakult-System-New\Yakult.Inventory.App\Yakult.Inventory.App.csproj]
C:\Users\russel.mercado\source\repos\Yakult-System-New\Yakult.Inventory.App\Wpf\RequestPortal\WalkThrough\WpfPortalTourWindow.xaml.cs(107,13): error CS0103: The name 'BulletList' does not exist in the current context [C:\Users\russel.mercado\source\repos\Yakult-System-New\Yakult.Inventory.App\Yakult.Inventory.App.csproj]
C:\Users\russel.mercado\source\repos\Yakult-System-New\Yakult.Inventory.App\Wpf\RequestPortal\WalkThrough\WpfPortalTourWindow.xaml.cs(108,13): error CS0103: The name 'BulletList' does not exist in the current context [C:\Users\russel.mercado\source\repos\Yakult-System-New\Yakult.Inventory.App\Yakult.Inventory.App.csproj]
C:\Users\russel.mercado\source\repos\Yakult-System-New\Yakult.Inventory.App\Wpf\RequestPortal\WalkThrough\WpfPortalTourWindow.xaml.cs(109,13): error CS0103: The name 'DemoBanner' does not exist in the current context [C:\Users\russel.mercado\source\repos\Yakult-System-New\Yakult.Inventory.App\Yakult.Inventory.App.csproj]
C:\Users\russel.mercado\source\repos\Yakult-System-New\Yakult.Inventory.App\Wpf\RequestPortal\WalkThrough\WpfPortalTourWindow.xaml.cs(131,13): error CS0103: The name 'TitleText' does not exist in the current context [C:\Users\russel.mercado\source\repos\Yakult-System-New\Yakult.Inventory.App\Yakult.Inventory.App.csproj]
C:\Users\russel.mercado\source\repos\Yakult-System-New\Yakult.Inventory.App\Wpf\RequestPortal\WalkThrough\WpfPortalTourWindow.xaml.cs(132,35): error CS0103: The name 'DescriptionText' does not exist in the current context [C:\Users\russel.mercado\source\repos\Yakult-System-New\Yakult.Inventory.App\Yakult.Inventory.App.csproj]
C:\Users\russel.mercado\source\repos\Yakult-System-New\Yakult.Inventory.App\Wpf\RequestPortal\WalkThrough\WpfPortalTourWindow.xaml.cs(133,13): error CS0103: The name 'StepCounterText' does not exist in the current context [C:\Users\russel.mercado\source\repos\Yakult-System-New\Yakult.Inventory.App\Yakult.Inventory.App.csproj]
C:\Users\russel.mercado\source\repos\Yakult-System-New\Yakult.Inventory.App\Wpf\RequestPortal\WalkThrough\WpfPortalTourWindow.xaml.cs(134,13): error CS0103: The name 'DemoBanner' does not exist in the current context [C:\Users\russel.mercado\source\repos\Yakult-System-New\Yakult.Inventory.App\Yakult.Inventory.App.csproj]
C:\Users\russel.mercado\source\repos\Yakult-System-New\Yakult.Inventory.App\Wpf\RequestPortal\WalkThrough\WpfPortalTourWindow.xaml.cs(135,13): error CS0103: The name 'PopoverBorder' does not exist in the current context [C:\Users\russel.mercado\source\repos\Yakult-System-New\Yakult.Inventory.App\Yakult.Inventory.App.csproj]
C:\Users\russel.mercado\source\repos\Yakult-System-New\Yakult.Inventory.App\Wpf\RequestPortal\WalkThrough\WpfPortalTourWindow.xaml.cs(140,17): error CS0103: The name 'BulletList' does not exist in the current context [C:\Users\russel.mercado\source\repos\Yakult-System-New\Yakult.Inventory.App\Yakult.Inventory.App.csproj]
C:\Users\russel.mercado\source\repos\Yakult-System-New\Yakult.Inventory.App\Wpf\RequestPortal\WalkThrough\WpfPortalTourWindow.xaml.cs(141,17): error CS0103: The name 'BulletList' does not exist in the current context [C:\Users\russel.mercado\source\repos\Yakult-System-New\Yakult.Inventory.App\Yakult.Inventory.App.csproj]
C:\Users\russel.mercado\source\repos\Yakult-System-New\Yakult.Inventory.App\Wpf\RequestPortal\WalkThrough\WpfPortalTourWindow.xaml.cs(145,17): error CS0103: The name 'BulletList' does not exist in the current context [C:\Users\russel.mercado\source\repos\Yakult-System-New\Yakult.Inventory.App\Yakult.Inventory.App.csproj]
C:\Users\russel.mercado\source\repos\Yakult-System-New\Yakult.Inventory.App\Wpf\RequestPortal\WalkThrough\WpfPortalTourWindow.xaml.cs(146,17): error CS0103: The name 'BulletList' does not exist in the current context [C:\Users\russel.mercado\source\repos\Yakult-System-New\Yakult.Inventory.App\Yakult.Inventory.App.csproj]
C:\Users\russel.mercado\source\repos\Yakult-System-New\Yakult.Inventory.App\Wpf\RequestPortal\WalkThrough\WpfPortalTourWindow.xaml.cs(149,13): error CS0103: The name 'PrevButton' does not exist in the current context [C:\Users\russel.mercado\source\repos\Yakult-System-New\Yakult.Inventory.App\Yakult.Inventory.App.csproj]
C:\Users\russel.mercado\source\repos\Yakult-System-New\Yakult.Inventory.App\Wpf\RequestPortal\WalkThrough\WpfPortalTourWindow.xaml.cs(150,13): error CS0103: The name 'NextButton' does not exist in the current context [C:\Users\russel.mercado\source\repos\Yakult-System-New\Yakult.Inventory.App\Yakult.Inventory.App.csproj]
C:\Users\russel.mercado\source\repos\Yakult-System-New\Yakult.Inventory.App\Wpf\RequestPortal\WalkThrough\WpfPortalTourWindow.xaml.cs(151,13): error CS0103: The name 'NextButton' does not exist in the current context [C:\Users\russel.mercado\source\repos\Yakult-System-New\Yakult.Inventory.App\Yakult.Inventory.App.csproj]
C:\Users\russel.mercado\source\repos\Yakult-System-New\Yakult.Inventory.App\Wpf\RequestPortal\WalkThrough\WpfPortalTourWindow.xaml.cs(152,13): error CS0103: The name 'SkipButton' does not exist in the current context [C:\Users\russel.mercado\source\repos\Yakult-System-New\Yakult.Inventory.App\Yakult.Inventory.App.csproj]
C:\Users\russel.mercado\source\repos\Yakult-System-New\Yakult.Inventory.App\Wpf\RequestPortal\WalkThrough\WpfPortalTourWindow.xaml.cs(171,17): error CS0103: The name 'OverlayPath' does not exist in the current context [C:\Users\russel.mercado\source\repos\Yakult-System-New\Yakult.Inventory.App\Yakult.Inventory.App.csproj]
C:\Users\russel.mercado\source\repos\Yakult-System-New\Yakult.Inventory.App\Wpf\RequestPortal\WalkThrough\WpfPortalTourWindow.xaml.cs(172,17): error CS0103: The name 'HighlightRing' does not exist in the current context [C:\Users\russel.mercado\source\repos\Yakult-System-New\Yakult.Inventory.App\Yakult.Inventory.App.csproj]
C:\Users\russel.mercado\source\repos\Yakult-System-New\Yakult.Inventory.App\Wpf\RequestPortal\WalkThrough\WpfPortalTourWindow.xaml.cs(182,13): error CS0103: The name 'OverlayPath' does not exist in the current context [C:\Users\russel.mercado\source\repos\Yakult-System-New\Yakult.Inventory.App\Yakult.Inventory.App.csproj]
C:\Users\russel.mercado\source\repos\Yakult-System-New\Yakult.Inventory.App\Wpf\RequestPortal\WalkThrough\WpfPortalTourWindow.xaml.cs(190,13): error CS0103: The name 'HighlightRing' does not exist in the current context [C:\Users\russel.mercado\source\repos\Yakult-System-New\Yakult.Inventory.App\Yakult.Inventory.App.csproj]
C:\Users\russel.mercado\source\repos\Yakult-System-New\Yakult.Inventory.App\Wpf\RequestPortal\WalkThrough\WpfPortalTourWindow.xaml.cs(191,13): error CS0103: The name 'HighlightRing' does not exist in the current context [C:\Users\russel.mercado\source\repos\Yakult-System-New\Yakult.Inventory.App\Yakult.Inventory.App.csproj]
C:\Users\russel.mercado\source\repos\Yakult-System-New\Yakult.Inventory.App\Wpf\RequestPortal\WalkThrough\WpfPortalTourWindow.xaml.cs(192,13): error CS0103: The name 'HighlightRing' does not exist in the current context [C:\Users\russel.mercado\source\repos\Yakult-System-New\Yakult.Inventory.App\Yakult.Inventory.App.csproj]
C:\Users\russel.mercado\source\repos\Yakult-System-New\Yakult.Inventory.App\Wpf\RequestPortal\WalkThrough\WpfPortalTourWindow.xaml.cs(193,13): error CS0103: The name 'HighlightRing' does not exist in the current context [C:\Users\russel.mercado\source\repos\Yakult-System-New\Yakult.Inventory.App\Yakult.Inventory.App.csproj]
C:\Users\russel.mercado\source\repos\Yakult-System-New\Yakult.Inventory.App\Wpf\RequestPortal\WalkThrough\WpfPortalTourWindow.xaml.cs(194,13): error CS0103: The name 'HighlightRing' does not exist in the current context [C:\Users\russel.mercado\source\repos\Yakult-System-New\Yakult.Inventory.App\Yakult.Inventory.App.csproj]
C:\Users\russel.mercado\source\repos\Yakult-System-New\Yakult.Inventory.App\Wpf\RequestPortal\WalkThrough\WpfPortalTourWindow.xaml.cs(195,52): error CS0103: The name 'HighlightRing' does not exist in the current context [C:\Users\russel.mercado\source\repos\Yakult-System-New\Yakult.Inventory.App\Yakult.Inventory.App.csproj]
C:\Users\russel.mercado\source\repos\Yakult-System-New\Yakult.Inventory.App\Wpf\RequestPortal\WalkThrough\WpfPortalTourWindow.xaml.cs(196,51): error CS0103: The name 'HighlightRing' does not exist in the current context [C:\Users\russel.mercado\source\repos\Yakult-System-New\Yakult.Inventory.App\Yakult.Inventory.App.csproj]
C:\Users\russel.mercado\source\repos\Yakult-System-New\Yakult.Inventory.App\Wpf\RequestPortal\WalkThrough\WpfPortalTourWindow.xaml.cs(202,13): error CS0103: The name 'PopoverBorder' does not exist in the current context [C:\Users\russel.mercado\source\repos\Yakult-System-New\Yakult.Inventory.App\Yakult.Inventory.App.csproj]
C:\Users\russel.mercado\source\repos\Yakult-System-New\Yakult.Inventory.App\Wpf\RequestPortal\WalkThrough\WpfPortalTourWindow.xaml.cs(203,34): error CS0103: The name 'PopoverBorder' does not exist in the current context [C:\Users\russel.mercado\source\repos\Yakult-System-New\Yakult.Inventory.App\Yakult.Inventory.App.csproj]
C:\Users\russel.mercado\source\repos\Yakult-System-New\Yakult.Inventory.App\Wpf\RequestPortal\WalkThrough\WpfPortalTourWindow.xaml.cs(204,25): error CS0103: The name 'PopoverBorder' does not exist in the current context [C:\Users\russel.mercado\source\repos\Yakult-System-New\Yakult.Inventory.App\Yakult.Inventory.App.csproj]
C:\Users\russel.mercado\source\repos\Yakult-System-New\Yakult.Inventory.App\Wpf\RequestPortal\WalkThrough\WpfPortalTourWindow.xaml.cs(267,52): error CS0103: The name 'PopoverBorder' does not exist in the current context [C:\Users\russel.mercado\source\repos\Yakult-System-New\Yakult.Inventory.App\Yakult.Inventory.App.csproj]
C:\Users\russel.mercado\source\repos\Yakult-System-New\Yakult.Inventory.App\Wpf\RequestPortal\WalkThrough\WpfPortalTourWindow.xaml.cs(268,51): error CS0103: The name 'PopoverBorder' does not exist in the current context [C:\Users\russel.mercado\source\repos\Yakult-System-New\Yakult.Inventory.App\Yakult.Inventory.App.csproj]
C:\Users\russel.mercado\source\repos\Yakult-System-New\Yakult.Inventory.App\Wpf\RequestPortal\WalkThrough\WpfPortalTourWindow.xaml.cs(273,13): error CS0103: The name 'PopoverBorder' does not exist in the current context [C:\Users\russel.mercado\source\repos\Yakult-System-New\Yakult.Inventory.App\Yakult.Inventory.App.csproj]
C:\Users\russel.mercado\source\repos\Yakult-System-New\Yakult.Inventory.App\Wpf\RequestPortal\WalkThrough\WpfPortalTourWindow.xaml.cs(274,34): error CS0103: The name 'PopoverBorder' does not exist in the current context [C:\Users\russel.mercado\source\repos\Yakult-System-New\Yakult.Inventory.App\Yakult.Inventory.App.csproj]
C:\Users\russel.mercado\source\repos\Yakult-System-New\Yakult.Inventory.App\Wpf\RequestPortal\WalkThrough\WpfPortalTourWindow.xaml.cs(275,52): error CS0103: The name 'PopoverBorder' does not exist in the current context [C:\Users\russel.mercado\source\repos\Yakult-System-New\Yakult.Inventory.App\Yakult.Inventory.App.csproj]
C:\Users\russel.mercado\source\repos\Yakult-System-New\Yakult.Inventory.App\Wpf\RequestPortal\WalkThrough\WpfPortalTourWindow.xaml.cs(275,83): error CS0103: The name 'PopoverBorder' does not exist in the current context [C:\Users\russel.mercado\source\repos\Yakult-System-New\Yakult.Inventory.App\Yakult.Inventory.App.csproj]
C:\Users\russel.mercado\source\repos\Yakult-System-New\Yakult.Inventory.App\Wpf\RequestPortal\WalkThrough\WpfPortalTourWindow.xaml.cs(276,51): error CS0103: The name 'PopoverBorder' does not exist in the current context [C:\Users\russel.mercado\source\repos\Yakult-System-New\Yakult.Inventory.App\Yakult.Inventory.App.csproj]
C:\Users\russel.mercado\source\repos\Yakult-System-New\Yakult.Inventory.App\Wpf\Shared\Views\DocumentDateOverflowWindow.xaml.cs(22,13): error CS0103: The name 'InitializeComponent' does not exist in the current context [C:\Users\russel.mercado\source\repos\Yakult-System-New\Yakult.Inventory.App\Yakult.Inventory.App.csproj]
C:\Users\russel.mercado\source\repos\Yakult-System-New\Yakult.Inventory.App\Wpf\Admin\EmailManagement\Views\EmailLinkedRecordsDialog.xaml.cs(29,13): error CS0103: The name 'InitializeComponent' does not exist in the current context [C:\Users\russel.mercado\source\repos\Yakult-System-New\Yakult.Inventory.App\Yakult.Inventory.App.csproj]
C:\Users\russel.mercado\source\repos\Yakult-System-New\Yakult.Inventory.App\Wpf\Admin\EmailManagement\Views\EmailLinkedRecordsDialog.xaml.cs(34,13): error CS0103: The name 'LblHeader' does not exist in the current context [C:\Users\russel.mercado\source\repos\Yakult-System-New\Yakult.Inventory.App\Yakult.Inventory.App.csproj]
C:\Users\russel.mercado\source\repos\Yakult-System-New\Yakult.Inventory.App\Wpf\Admin\EmailManagement\Views\EmailLinkedRecordsDialog.xaml.cs(40,13): error CS0103: The name 'RefGrid' does not exist in the current context [C:\Users\russel.mercado\source\repos\Yakult-System-New\Yakult.Inventory.App\Yakult.Inventory.App.csproj]
C:\Users\russel.mercado\source\repos\Yakult-System-New\Yakult.Inventory.App\Wpf\Admin\EmailManagement\Views\EmailLinkedRecordsDialog.xaml.cs(46,13): error CS0103: The name 'SmtpWarnBox' does not exist in the current context [C:\Users\russel.mercado\source\repos\Yakult-System-New\Yakult.Inventory.App\Yakult.Inventory.App.csproj]
C:\Users\russel.mercado\source\repos\Yakult-System-New\Yakult.Inventory.App\Wpf\Admin\EmailManagement\Views\EmailLinkedRecordsDialog.xaml.cs(49,13): error CS0103: The name 'BtnUnlink' does not exist in the current context [C:\Users\russel.mercado\source\repos\Yakult-System-New\Yakult.Inventory.App\Yakult.Inventory.App.csproj]
C:\Users\russel.mercado\source\repos\Yakult-System-New\Yakult.Inventory.App\Wpf\Admin\EmailManagement\Views\EmailLinkedRecordsDialog.xaml.cs(50,13): error CS0103: The name 'BtnDelete' does not exist in the current context [C:\Users\russel.mercado\source\repos\Yakult-System-New\Yakult.Inventory.App\Yakult.Inventory.App.csproj]
C:\Users\russel.mercado\source\repos\Yakult-System-New\Yakult.Inventory.App\Wpf\Admin\EmailManagement\Views\EmailLinkedRecordsDialog.xaml.cs(51,13): error CS0103: The name 'LblStatus' does not exist in the current context [C:\Users\russel.mercado\source\repos\Yakult-System-New\Yakult.Inventory.App\Yakult.Inventory.App.csproj]
C:\Users\russel.mercado\source\repos\Yakult-System-New\Yakult.Inventory.App\Wpf\Admin\EmailManagement\Views\EmailLinkedRecordsDialog.xaml.cs(61,35): error CS0103: The name 'ChkDeleteSmtp' does not exist in the current context [C:\Users\russel.mercado\source\repos\Yakult-System-New\Yakult.Inventory.App\Yakult.Inventory.App.csproj]
C:\Users\russel.mercado\source\repos\Yakult-System-New\Yakult.Inventory.App\Wpf\Shared\Views\InputPromptWindow.xaml.cs(34,13): error CS0103: The name 'InitializeComponent' does not exist in the current context [C:\Users\russel.mercado\source\repos\Yakult-System-New\Yakult.Inventory.App\Yakult.Inventory.App.csproj]
C:\Users\russel.mercado\source\repos\Yakult-System-New\Yakult.Inventory.App\Wpf\Shared\Views\InputPromptWindow.xaml.cs(43,35): error CS0103: The name 'InputTextBox' does not exist in the current context [C:\Users\russel.mercado\source\repos\Yakult-System-New\Yakult.Inventory.App\Yakult.Inventory.App.csproj]
C:\Users\russel.mercado\source\repos\Yakult-System-New\Yakult.Inventory.App\Wpf\Shared\Views\InputPromptWindow.xaml.cs(43,57): error CS0103: The name 'InputTextBox' does not exist in the current context [C:\Users\russel.mercado\source\repos\Yakult-System-New\Yakult.Inventory.App\Yakult.Inventory.App.csproj]
C:\Users\russel.mercado\source\repos\Yakult-System-New\Yakult.Inventory.App\Wpf\Admin\EmailManagement\Views\EmailLinkedRecordsDialog.xaml.cs(171,13): error CS0103: The name 'BtnUnlink' does not exist in the current context [C:\Users\russel.mercado\source\repos\Yakult-System-New\Yakult.Inventory.App\Yakult.Inventory.App.csproj]
C:\Users\russel.mercado\source\repos\Yakult-System-New\Yakult.Inventory.App\Wpf\Admin\EmailManagement\Views\EmailLinkedRecordsDialog.xaml.cs(172,13): error CS0103: The name 'BtnDelete' does not exist in the current context [C:\Users\russel.mercado\source\repos\Yakult-System-New\Yakult.Inventory.App\Yakult.Inventory.App.csproj]
C:\Users\russel.mercado\source\repos\Yakult-System-New\Yakult.Inventory.App\Wpf\Admin\EmailManagement\Views\EmailLinkedRecordsDialog.xaml.cs(173,13): error CS0103: The name 'BtnDeactivate' does not exist in the current context [C:\Users\russel.mercado\source\repos\Yakult-System-New\Yakult.Inventory.App\Yakult.Inventory.App.csproj]
C:\Users\russel.mercado\source\repos\Yakult-System-New\Yakult.Inventory.App\Wpf\Admin\EmailManagement\Views\EmailLinkedRecordsDialog.xaml.cs(174,13): error CS0103: The name 'BtnClose' does not exist in the current context [C:\Users\russel.mercado\source\repos\Yakult-System-New\Yakult.Inventory.App\Yakult.Inventory.App.csproj]
C:\Users\russel.mercado\source\repos\Yakult-System-New\Yakult.Inventory.App\Wpf\Admin\EmailManagement\Views\TurnOffTemplatesDialog.xaml.cs(18,13): error CS0103: The name 'InitializeComponent' does not exist in the current context [C:\Users\russel.mercado\source\repos\Yakult-System-New\Yakult.Inventory.App\Yakult.Inventory.App.csproj]
C:\Users\russel.mercado\source\repos\Yakult-System-New\Yakult.Inventory.App\Wpf\Admin\EmailManagement\Views\TurnOffTemplatesDialog.xaml.cs(23,13): error CS0103: The name 'LstTemplates' does not exist in the current context [C:\Users\russel.mercado\source\repos\Yakult-System-New\Yakult.Inventory.App\Yakult.Inventory.App.csproj]
C:\Users\russel.mercado\source\repos\Yakult-System-New\Yakult.Inventory.App\Wpf\Admin\EmailManagement\Views\TurnOffTemplatesDialog.xaml.cs(31,16): error CS0103: The name 'LblSelectedCount' does not exist in the current context [C:\Users\russel.mercado\source\repos\Yakult-System-New\Yakult.Inventory.App\Yakult.Inventory.App.csproj]
C:\Users\russel.mercado\source\repos\Yakult-System-New\Yakult.Inventory.App\Wpf\Admin\EmailManagement\Views\ApplyProfileToTemplatesDialog.xaml.cs(22,13): error CS0103: The name 'InitializeComponent' does not exist in the current context [C:\Users\russel.mercado\source\repos\Yakult-System-New\Yakult.Inventory.App\Yakult.Inventory.App.csproj]
C:\Users\russel.mercado\source\repos\Yakult-System-New\Yakult.Inventory.App\Wpf\Admin\EmailManagement\Views\ApplyProfileToTemplatesDialog.xaml.cs(24,13): error CS0103: The name 'CboProfile' does not exist in the current context [C:\Users\russel.mercado\source\repos\Yakult-System-New\Yakult.Inventory.App\Yakult.Inventory.App.csproj]
C:\Users\russel.mercado\source\repos\Yakult-System-New\Yakult.Inventory.App\Wpf\Admin\EmailManagement\Views\ApplyProfileToTemplatesDialog.xaml.cs(25,13): error CS0103: The name 'CboProfile' does not exist in the current context [C:\Users\russel.mercado\source\repos\Yakult-System-New\Yakult.Inventory.App\Yakult.Inventory.App.csproj]
C:\Users\russel.mercado\source\repos\Yakult-System-New\Yakult.Inventory.App\Wpf\Admin\EmailManagement\Views\ApplyProfileToTemplatesDialog.xaml.cs(32,13): error CS0103: The name 'LstTemplates' does not exist in the current context [C:\Users\russel.mercado\source\repos\Yakult-System-New\Yakult.Inventory.App\Yakult.Inventory.App.csproj]
C:\Users\russel.mercado\source\repos\Yakult-System-New\Yakult.Inventory.App\Wpf\Admin\EmailManagement\Views\ApplyProfileToTemplatesDialog.xaml.cs(40,16): error CS0103: The name 'LblSelectedCount' does not exist in the current context [C:\Users\russel.mercado\source\repos\Yakult-System-New\Yakult.Inventory.App\Yakult.Inventory.App.csproj]
C:\Users\russel.mercado\source\repos\Yakult-System-New\Yakult.Inventory.App\Wpf\Admin\EmailManagement\Views\ApplyProfileToTemplatesDialog.xaml.cs(54,17): error CS0103: The name 'CboProfile' does not exist in the current context [C:\Users\russel.mercado\source\repos\Yakult-System-New\Yakult.Inventory.App\Yakult.Inventory.App.csproj]
C:\Users\russel.mercado\source\repos\Yakult-System-New\Yakult.Inventory.App\Wpf\Admin\EmailManagement\Views\ApplyProfileToTemplatesDialog.xaml.cs(67,53): error CS0103: The name 'CboProfile' does not exist in the current context [C:\Users\russel.mercado\source\repos\Yakult-System-New\Yakult.Inventory.App\Yakult.Inventory.App.csproj]
C:\Users\russel.mercado\source\repos\Yakult-System-New\Yakult.Inventory.App\Wpf\Shared\Controls\SelectedRowsReviewDialog.xaml.cs(38,13): error CS0103: The name 'InitializeComponent' does not exist in the current context [C:\Users\russel.mercado\source\repos\Yakult-System-New\Yakult.Inventory.App\Yakult.Inventory.App.csproj]
C:\Users\russel.mercado\source\repos\Yakult-System-New\Yakult.Inventory.App\Wpf\Shared\Controls\SelectedRowsReviewDialog.xaml.cs(41,13): error CS0103: The name 'TxtTitle' does not exist in the current context [C:\Users\russel.mercado\source\repos\Yakult-System-New\Yakult.Inventory.App\Yakult.Inventory.App.csproj]
C:\Users\russel.mercado\source\repos\Yakult-System-New\Yakult.Inventory.App\Wpf\Shared\Controls\SelectedRowsReviewDialog.xaml.cs(47,13): error CS0103: The name 'GridSelected' does not exist in the current context [C:\Users\russel.mercado\source\repos\Yakult-System-New\Yakult.Inventory.App\Yakult.Inventory.App.csproj]
C:\Users\russel.mercado\source\repos\Yakult-System-New\Yakult.Inventory.App\Wpf\Admin\EmailManagement\Views\EmailLogsView.xaml.cs(19,13): error CS0103: The name 'InitializeComponent' does not exist in the current context [C:\Users\russel.mercado\source\repos\Yakult-System-New\Yakult.Inventory.App\Yakult.Inventory.App.csproj]
C:\Users\russel.mercado\source\repos\Yakult-System-New\Yakult.Inventory.App\Wpf\Admin\EmailManagement\Views\EmailLogsView.xaml.cs(41,33): error CS0103: The name 'MainGrid' does not exist in the current context [C:\Users\russel.mercado\source\repos\Yakult-System-New\Yakult.Inventory.App\Yakult.Inventory.App.csproj]
C:\Users\russel.mercado\source\repos\Yakult-System-New\Yakult.Inventory.App\Wpf\Shared\Controls\SelectedRowsReviewDialog.xaml.cs(55,17): error CS0103: The name 'GridSelected' does not exist in the current context [C:\Users\russel.mercado\source\repos\Yakult-System-New\Yakult.Inventory.App\Yakult.Inventory.App.csproj]
C:\Users\russel.mercado\source\repos\Yakult-System-New\Yakult.Inventory.App\Wpf\Shared\Controls\SelectedRowsReviewDialog.xaml.cs(71,13): error CS0103: The name 'GridSelected' does not exist in the current context [C:\Users\russel.mercado\source\repos\Yakult-System-New\Yakult.Inventory.App\Yakult.Inventory.App.csproj]
C:\Users\russel.mercado\source\repos\Yakult-System-New\Yakult.Inventory.App\Wpf\Shared\Controls\SelectedRowsReviewDialog.xaml.cs(76,13): error CS0103: The name 'TxtSubtitle' does not exist in the current context [C:\Users\russel.mercado\source\repos\Yakult-System-New\Yakult.Inventory.App\Yakult.Inventory.App.csproj]
C:\Users\russel.mercado\source\repos\Yakult-System-New\Yakult.Inventory.App\Wpf\Shared\Controls\SelectedCountBadge.xaml.cs(54,13): error CS0103: The name 'InitializeComponent' does not exist in the current context [C:\Users\russel.mercado\source\repos\Yakult-System-New\Yakult.Inventory.App\Yakult.Inventory.App.csproj]
C:\Users\russel.mercado\source\repos\Yakult-System-New\Yakult.Inventory.App\Wpf\Shared\Controls\SelectedCountBadge.xaml.cs(61,19): error CS1061: 'SelectedCountBadge' does not contain a definition for 'RunCount' and no accessible extension method 'RunCount' accepting a first argument of type 'SelectedCountBadge' could be found (are you missing a using directive or an assembly reference?) [C:\Users\russel.mercado\source\repos\Yakult-System-New\Yakult.Inventory.App\Yakult.Inventory.App.csproj]
C:\Users\russel.mercado\source\repos\Yakult-System-New\Yakult.Inventory.App\Wpf\Admin\AccountManagement\Dialogs\ExportPreviewWindow.xaml.cs(17,13): error CS0103: The name 'InitializeComponent' does not exist in the current context [C:\Users\russel.mercado\source\repos\Yakult-System-New\Yakult.Inventory.App\Yakult.Inventory.App.csproj]
C:\Users\russel.mercado\source\repos\Yakult-System-New\Yakult.Inventory.App\Wpf\Admin\AccountManagement\Dialogs\ExportPreviewWindow.xaml.cs(20,13): error CS0103: The name 'TxtSubtitle' does not exist in the current context [C:\Users\russel.mercado\source\repos\Yakult-System-New\Yakult.Inventory.App\Yakult.Inventory.App.csproj]
C:\Users\russel.mercado\source\repos\Yakult-System-New\Yakult.Inventory.App\Wpf\Admin\AccountManagement\Dialogs\ExportPreviewWindow.xaml.cs(21,13): error CS0103: The name 'TxtSearch' does not exist in the current context [C:\Users\russel.mercado\source\repos\Yakult-System-New\Yakult.Inventory.App\Yakult.Inventory.App.csproj]
C:\Users\russel.mercado\source\repos\Yakult-System-New\Yakult.Inventory.App\Wpf\Admin\AccountManagement\Dialogs\ExportPreviewWindow.xaml.cs(23,13): error CS0103: The name 'GridPreview' does not exist in the current context [C:\Users\russel.mercado\source\repos\Yakult-System-New\Yakult.Inventory.App\Yakult.Inventory.App.csproj]
C:\Users\russel.mercado\source\repos\Yakult-System-New\Yakult.Inventory.App\Wpf\Shared\Controls\SelectedCountBadge.xaml.cs(68,19): error CS1061: 'SelectedCountBadge' does not contain a definition for 'RootToolTip' and no accessible extension method 'RootToolTip' accepting a first argument of type 'SelectedCountBadge' could be found (are you missing a using directive or an assembly reference?) [C:\Users\russel.mercado\source\repos\Yakult-System-New\Yakult.Inventory.App\Yakult.Inventory.App.csproj]
C:\Users\russel.mercado\source\repos\Yakult-System-New\Yakult.Inventory.App\Wpf\Admin\EmailManagement\Views\SmtpSendSettingsView.xaml.cs(17,13): error CS0103: The name 'InitializeComponent' does not exist in the current context [C:\Users\russel.mercado\source\repos\Yakult-System-New\Yakult.Inventory.App\Yakult.Inventory.App.csproj]
C:\Users\russel.mercado\source\repos\Yakult-System-New\Yakult.Inventory.App\Wpf\Admin\AccountManagement\Dialogs\ExportPreviewWindow.xaml.cs(45,13): error CS0103: The name 'TxtRowCount' does not exist in the current context [C:\Users\russel.mercado\source\repos\Yakult-System-New\Yakult.Inventory.App\Yakult.Inventory.App.csproj]
C:\Users\russel.mercado\source\repos\Yakult-System-New\Yakult.Inventory.App\Wpf\Admin\AccountManagement\Dialogs\ExportPreviewWindow.xaml.cs(51,35): error CS0103: The name 'TxtSearch' does not exist in the current context [C:\Users\russel.mercado\source\repos\Yakult-System-New\Yakult.Inventory.App\Yakult.Inventory.App.csproj]
C:\Users\russel.mercado\source\repos\Yakult-System-New\Yakult.Inventory.App\Wpf\Shared\Controls\PagingControl.xaml.cs(61,13): error CS0103: The name 'InitializeComponent' does not exist in the current context [C:\Users\russel.mercado\source\repos\Yakult-System-New\Yakult.Inventory.App\Yakult.Inventory.App.csproj]
C:\Users\russel.mercado\source\repos\Yakult-System-New\Yakult.Inventory.App\Wpf\Admin\AccountManagement\Dialogs\ExportFilterDialog.xaml.cs(38,13): error CS0103: The name 'InitializeComponent' does not exist in the current context [C:\Users\russel.mercado\source\repos\Yakult-System-New\Yakult.Inventory.App\Yakult.Inventory.App.csproj]
C:\Users\russel.mercado\source\repos\Yakult-System-New\Yakult.Inventory.App\Wpf\Admin\AccountManagement\Dialogs\ExportFilterDialog.xaml.cs(48,13): error CS0103: The name 'BranchList' does not exist in the current context [C:\Users\russel.mercado\source\repos\Yakult-System-New\Yakult.Inventory.App\Yakult.Inventory.App.csproj]
C:\Users\russel.mercado\source\repos\Yakult-System-New\Yakult.Inventory.App\Wpf\Admin\EmailManagement\Views\SmtpSendSettingsView.xaml.cs(49,17): error CS0103: The name 'LblGlobalStatus' does not exist in the current context [C:\Users\russel.mercado\source\repos\Yakult-System-New\Yakult.Inventory.App\Yakult.Inventory.App.csproj]
C:\Users\russel.mercado\source\repos\Yakult-System-New\Yakult.Inventory.App\Wpf\Admin\EmailManagement\Views\SmtpSendSettingsView.xaml.cs(50,17): error CS0103: The name 'LblGlobalStatus' does not exist in the current context [C:\Users\russel.mercado\source\repos\Yakult-System-New\Yakult.Inventory.App\Yakult.Inventory.App.csproj]
C:\Users\russel.mercado\source\repos\Yakult-System-New\Yakult.Inventory.App\Wpf\Admin\EmailManagement\Views\SmtpSendSettingsView.xaml.cs(51,17): error CS0103: The name 'BtnToggleGlobal' does not exist in the current context [C:\Users\russel.mercado\source\repos\Yakult-System-New\Yakult.Inventory.App\Yakult.Inventory.App.csproj]
C:\Users\russel.mercado\source\repos\Yakult-System-New\Yakult.Inventory.App\Wpf\Admin\EmailManagement\Views\SmtpSendSettingsView.xaml.cs(52,17): error CS0103: The name 'BtnToggleGlobal' does not exist in the current context [C:\Users\russel.mercado\source\repos\Yakult-System-New\Yakult.Inventory.App\Yakult.Inventory.App.csproj]
C:\Users\russel.mercado\source\repos\Yakult-System-New\Yakult.Inventory.App\Wpf\Admin\EmailManagement\Views\SmtpSendSettingsView.xaml.cs(53,17): error CS0103: The name 'GlobalToggleCard' does not exist in the current context [C:\Users\russel.mercado\source\repos\Yakult-System-New\Yakult.Inventory.App\Yakult.Inventory.App.csproj]
C:\Users\russel.mercado\source\repos\Yakult-System-New\Yakult.Inventory.App\Wpf\Admin\EmailManagement\Views\SmtpSendSettingsView.xaml.cs(57,17): error CS0103: The name 'LblGlobalStatus' does not exist in the current context [C:\Users\russel.mercado\source\repos\Yakult-System-New\Yakult.Inventory.App\Yakult.Inventory.App.csproj]
C:\Users\russel.mercado\source\repos\Yakult-System-New\Yakult.Inventory.App\Wpf\Admin\EmailManagement\Views\SmtpSendSettingsView.xaml.cs(58,17): error CS0103: The name 'LblGlobalStatus' does not exist in the current context [C:\Users\russel.mercado\source\repos\Yakult-System-New\Yakult.Inventory.App\Yakult.Inventory.App.csproj]
C:\Users\russel.mercado\source\repos\Yakult-System-New\Yakult.Inventory.App\Wpf\Admin\EmailManagement\Views\SmtpSendSettingsView.xaml.cs(59,17): error CS0103: The name 'BtnToggleGlobal' does not exist in the current context [C:\Users\russel.mercado\source\repos\Yakult-System-New\Yakult.Inventory.App\Yakult.Inventory.App.csproj]
C:\Users\russel.mercado\source\repos\Yakult-System-New\Yakult.Inventory.App\Wpf\Admin\EmailManagement\Views\SmtpSendSettingsView.xaml.cs(60,17): error CS0103: The name 'BtnToggleGlobal' does not exist in the current context [C:\Users\russel.mercado\source\repos\Yakult-System-New\Yakult.Inventory.App\Yakult.Inventory.App.csproj]
C:\Users\russel.mercado\source\repos\Yakult-System-New\Yakult.Inventory.App\Wpf\Admin\EmailManagement\Views\SmtpSendSettingsView.xaml.cs(61,17): error CS0103: The name 'GlobalToggleCard' does not exist in the current context [C:\Users\russel.mercado\source\repos\Yakult-System-New\Yakult.Inventory.App\Yakult.Inventory.App.csproj]
C:\Users\russel.mercado\source\repos\Yakult-System-New\Yakult.Inventory.App\Wpf\Admin\AccountManagement\Dialogs\ExportFilterDialog.xaml.cs(68,13): error CS0103: The name 'TxtBranchCount' does not exist in the current context [C:\Users\russel.mercado\source\repos\Yakult-System-New\Yakult.Inventory.App\Yakult.Inventory.App.csproj]
C:\Users\russel.mercado\source\repos\Yakult-System-New\Yakult.Inventory.App\Wpf\Admin\AccountManagement\Dialogs\ExportFilterDialog.xaml.cs(70,13): error CS0103: The name 'TxtMatchCount' does not exist in the current context [C:\Users\russel.mercado\source\repos\Yakult-System-New\Yakult.Inventory.App\Yakult.Inventory.App.csproj]
C:\Users\russel.mercado\source\repos\Yakult-System-New\Yakult.Inventory.App\Wpf\Admin\AccountManagement\Dialogs\ExportFilterDialog.xaml.cs(70,34): error CS0103: The name 'ChkIncludeArchived' does not exist in the current context [C:\Users\russel.mercado\source\repos\Yakult-System-New\Yakult.Inventory.App\Yakult.Inventory.App.csproj]
C:\Users\russel.mercado\source\repos\Yakult-System-New\Yakult.Inventory.App\Wpf\Admin\AccountManagement\Dialogs\ExportFilterDialog.xaml.cs(70,64): error CS0103: The name 'ChkIncludeArchived' does not exist in the current context [C:\Users\russel.mercado\source\repos\Yakult-System-New\Yakult.Inventory.App\Yakult.Inventory.App.csproj]
C:\Users\russel.mercado\source\repos\Yakult-System-New\Yakult.Inventory.App\Wpf\Admin\EmailManagement\Views\SmtpSendSettingsView.xaml.cs(81,13): error CS0103: The name 'BtnToggleGlobal' does not exist in the current context [C:\Users\russel.mercado\source\repos\Yakult-System-New\Yakult.Inventory.App\Yakult.Inventory.App.csproj]
C:\Users\russel.mercado\source\repos\Yakult-System-New\Yakult.Inventory.App\Wpf\Admin\EmailManagement\Views\SmtpSendSettingsView.xaml.cs(94,17): error CS0103: The name 'BtnToggleGlobal' does not exist in the current context [C:\Users\russel.mercado\source\repos\Yakult-System-New\Yakult.Inventory.App\Yakult.Inventory.App.csproj]
C:\Users\russel.mercado\source\repos\Yakult-System-New\Yakult.Inventory.App\Wpf\Admin\AccountManagement\Dialogs\ExportFilterDialog.xaml.cs(76,35): error CS0103: The name 'TxtSearch' does not exist in the current context [C:\Users\russel.mercado\source\repos\Yakult-System-New\Yakult.Inventory.App\Yakult.Inventory.App.csproj]
C:\Users\russel.mercado\source\repos\Yakult-System-New\Yakult.Inventory.App\Wpf\Admin\EmailManagement\Views\SmtpSendSettingsView.xaml.cs(116,13): error CS0103: The name 'BtnApplySome' does not exist in the current context [C:\Users\russel.mercado\source\repos\Yakult-System-New\Yakult.Inventory.App\Yakult.Inventory.App.csproj]
C:\Users\russel.mercado\source\repos\Yakult-System-New\Yakult.Inventory.App\Wpf\Admin\EmailManagement\Views\SmtpSendSettingsView.xaml.cs(120,17): error CS0103: The name 'GridTemplates' does not exist in the current context [C:\Users\russel.mercado\source\repos\Yakult-System-New\Yakult.Inventory.App\Yakult.Inventory.App.csproj]
C:\Users\russel.mercado\source\repos\Yakult-System-New\Yakult.Inventory.App\Wpf\Admin\EmailManagement\Views\SmtpSendSettingsView.xaml.cs(128,17): error CS0103: The name 'BtnApplySome' does not exist in the current context [C:\Users\russel.mercado\source\repos\Yakult-System-New\Yakult.Inventory.App\Yakult.Inventory.App.csproj]
C:\Users\russel.mercado\source\repos\Yakult-System-New\Yakult.Inventory.App\Wpf\Admin\AccountManagement\Views\DepartmentAccountsView.xaml.cs(23,13): error CS0103: The name 'InitializeComponent' does not exist in the current context [C:\Users\russel.mercado\source\repos\Yakult-System-New\Yakult.Inventory.App\Yakult.Inventory.App.csproj]
C:\Users\russel.mercado\source\repos\Yakult-System-New\Yakult.Inventory.App\Wpf\Admin\EmailManagement\Views\SmtpSendSettingsView.xaml.cs(142,13): error CS0103: The name 'BtnTurnOffSome' does not exist in the current context [C:\Users\russel.mercado\source\repos\Yakult-System-New\Yakult.Inventory.App\Yakult.Inventory.App.csproj]
C:\Users\russel.mercado\source\repos\Yakult-System-New\Yakult.Inventory.App\Wpf\Admin\EmailManagement\Views\SmtpSendSettingsView.xaml.cs(146,17): error CS0103: The name 'GridTemplates' does not exist in the current context [C:\Users\russel.mercado\source\repos\Yakult-System-New\Yakult.Inventory.App\Yakult.Inventory.App.csproj]
C:\Users\russel.mercado\source\repos\Yakult-System-New\Yakult.Inventory.App\Wpf\Admin\EmailManagement\Views\SmtpSendSettingsView.xaml.cs(154,17): error CS0103: The name 'BtnTurnOffSome' does not exist in the current context [C:\Users\russel.mercado\source\repos\Yakult-System-New\Yakult.Inventory.App\Yakult.Inventory.App.csproj]
C:\Users\russel.mercado\source\repos\Yakult-System-New\Yakult.Inventory.App\Wpf\Admin\AccountManagement\Views\DepartmentAccountsView.xaml.cs(41,33): error CS0103: The name 'MainGrid' does not exist in the current context [C:\Users\russel.mercado\source\repos\Yakult-System-New\Yakult.Inventory.App\Yakult.Inventory.App.csproj]
C:\Users\russel.mercado\source\repos\Yakult-System-New\Yakult.Inventory.App\Wpf\Admin\AccountManagement\Views\DepartmentAccountsView.xaml.cs(53,32): error CS0103: The name 'CboFilter' does not exist in the current context [C:\Users\russel.mercado\source\repos\Yakult-System-New\Yakult.Inventory.App\Yakult.Inventory.App.csproj]
C:\Users\russel.mercado\source\repos\Yakult-System-New\Yakult.Inventory.App\Wpf\Admin\AccountManagement\Views\DepartmentAccountsView.xaml.cs(54,47): error CS0103: The name 'CboFilter' does not exist in the current context [C:\Users\russel.mercado\source\repos\Yakult-System-New\Yakult.Inventory.App\Yakult.Inventory.App.csproj]
C:\Users\russel.mercado\source\repos\Yakult-System-New\Yakult.Inventory.App\Wpf\Admin\EmailManagement\Views\SmtpSendSettingsView.xaml.cs(190,17): error CS0103: The name 'GridTemplates' does not exist in the current context [C:\Users\russel.mercado\source\repos\Yakult-System-New\Yakult.Inventory.App\Yakult.Inventory.App.csproj]
C:\Users\russel.mercado\source\repos\Yakult-System-New\Yakult.Inventory.App\Wpf\Admin\EmailManagement\Views\SmtpSendSettingsView.xaml.cs(210,17): error CS0103: The name 'GridTemplates' does not exist in the current context [C:\Users\russel.mercado\source\repos\Yakult-System-New\Yakult.Inventory.App\Yakult.Inventory.App.csproj]
C:\Users\russel.mercado\source\repos\Yakult-System-New\Yakult.Inventory.App\Wpf\Admin\EmailManagement\Views\EmailConfigurationWindow.xaml.cs(15,13): error CS0103: The name 'InitializeComponent' does not exist in the current context [C:\Users\russel.mercado\source\repos\Yakult-System-New\Yakult.Inventory.App\Yakult.Inventory.App.csproj]
C:\Users\russel.mercado\source\repos\Yakult-System-New\Yakult.Inventory.App\Wpf\Admin\EmailManagement\Views\EmailConfigurationWindow.xaml.cs(27,13): error CS0103: The name 'EmailAddressesTab' does not exist in the current context [C:\Users\russel.mercado\source\repos\Yakult-System-New\Yakult.Inventory.App\Yakult.Inventory.App.csproj]
C:\Users\russel.mercado\source\repos\Yakult-System-New\Yakult.Inventory.App\Wpf\Admin\EmailManagement\Views\EmailConfigurationWindow.xaml.cs(28,13): error CS0103: The name 'EmailAddressesTab' does not exist in the current context [C:\Users\russel.mercado\source\repos\Yakult-System-New\Yakult.Inventory.App\Yakult.Inventory.App.csproj]
C:\Users\russel.mercado\source\repos\Yakult-System-New\Yakult.Inventory.App\Wpf\Admin\EmailManagement\Views\EmailConfigurationWindow.xaml.cs(30,13): error CS0103: The name 'SmtpProfilesTab' does not exist in the current context [C:\Users\russel.mercado\source\repos\Yakult-System-New\Yakult.Inventory.App\Yakult.Inventory.App.csproj]
C:\Users\russel.mercado\source\repos\Yakult-System-New\Yakult.Inventory.App\Wpf\Admin\EmailManagement\Views\EmailConfigurationWindow.xaml.cs(31,13): error CS0103: The name 'SmtpProfilesTab' does not exist in the current context [C:\Users\russel.mercado\source\repos\Yakult-System-New\Yakult.Inventory.App\Yakult.Inventory.App.csproj]
C:\Users\russel.mercado\source\repos\Yakult-System-New\Yakult.Inventory.App\Wpf\Admin\EmailManagement\Views\EmailConfigurationWindow.xaml.cs(33,13): error CS0103: The name 'EmailTemplatesTab' does not exist in the current context [C:\Users\russel.mercado\source\repos\Yakult-System-New\Yakult.Inventory.App\Yakult.Inventory.App.csproj]
C:\Users\russel.mercado\source\repos\Yakult-System-New\Yakult.Inventory.App\Wpf\Admin\EmailManagement\Views\EmailTemplatesTabView.xaml.cs(18,13): error CS0103: The name 'InitializeComponent' does not exist in the current context [C:\Users\russel.mercado\source\repos\Yakult-System-New\Yakult.Inventory.App\Yakult.Inventory.App.csproj]
C:\Users\russel.mercado\source\repos\Yakult-System-New\Yakult.Inventory.App\Wpf\Admin\AccountManagement\Views\EmployeeManagementView.xaml.cs(26,13): error CS0103: The name 'InitializeComponent' does not exist in the current context [C:\Users\russel.mercado\source\repos\Yakult-System-New\Yakult.Inventory.App\Yakult.Inventory.App.csproj]
C:\Users\russel.mercado\source\repos\Yakult-System-New\Yakult.Inventory.App\Wpf\Admin\EmailManagement\Views\EmailTemplatesTabView.xaml.cs(41,17): error CS0103: The name 'MainGrid' does not exist in the current context [C:\Users\russel.mercado\source\repos\Yakult-System-New\Yakult.Inventory.App\Yakult.Inventory.App.csproj]
C:\Users\russel.mercado\source\repos\Yakult-System-New\Yakult.Inventory.App\Wpf\Admin\AccountManagement\Dialogs\ExportFilterDialog.xaml.cs(101,31): error CS0103: The name 'ChkIncludeArchived' does not exist in the current context [C:\Users\russel.mercado\source\repos\Yakult-System-New\Yakult.Inventory.App\Yakult.Inventory.App.csproj]
C:\Users\russel.mercado\source\repos\Yakult-System-New\Yakult.Inventory.App\Wpf\Admin\AccountManagement\Views\EmployeeManagementView.xaml.cs(39,33): error CS0103: The name 'MainGrid' does not exist in the current context [C:\Users\russel.mercado\source\repos\Yakult-System-New\Yakult.Inventory.App\Yakult.Inventory.App.csproj]
C:\Users\russel.mercado\source\repos\Yakult-System-New\Yakult.Inventory.App\Wpf\Admin\AccountManagement\Views\EmployeeManagementView.xaml.cs(51,32): error CS0103: The name 'CboFilter' does not exist in the current context [C:\Users\russel.mercado\source\repos\Yakult-System-New\Yakult.Inventory.App\Yakult.Inventory.App.csproj]
C:\Users\russel.mercado\source\repos\Yakult-System-New\Yakult.Inventory.App\Wpf\Admin\AccountManagement\Views\EmployeeManagementView.xaml.cs(52,47): error CS0103: The name 'CboFilter' does not exist in the current context [C:\Users\russel.mercado\source\repos\Yakult-System-New\Yakult.Inventory.App\Yakult.Inventory.App.csproj]
C:\Users\russel.mercado\source\repos\Yakult-System-New\Yakult.Inventory.App\Wpf\Admin\AccountManagement\Dialogs\SelectedEmployeesReviewDialog.xaml.cs(18,13): error CS0103: The name 'InitializeComponent' does not exist in the current context [C:\Users\russel.mercado\source\repos\Yakult-System-New\Yakult.Inventory.App\Yakult.Inventory.App.csproj]
C:\Users\russel.mercado\source\repos\Yakult-System-New\Yakult.Inventory.App\Wpf\Admin\AccountManagement\Dialogs\SelectedEmployeesReviewDialog.xaml.cs(21,13): error CS0103: The name 'GridSelected' does not exist in the current context [C:\Users\russel.mercado\source\repos\Yakult-System-New\Yakult.Inventory.App\Yakult.Inventory.App.csproj]
C:\Users\russel.mercado\source\repos\Yakult-System-New\Yakult.Inventory.App\Wpf\Admin\AccountManagement\Dialogs\SelectedEmployeesReviewDialog.xaml.cs(27,13): error CS0103: The name 'TxtSubtitle' does not exist in the current context [C:\Users\russel.mercado\source\repos\Yakult-System-New\Yakult.Inventory.App\Yakult.Inventory.App.csproj]
C:\Users\russel.mercado\source\repos\Yakult-System-New\Yakult.Inventory.App\Wpf\Admin\EmailManagement\Views\EmailTemplatesTabView.xaml.cs(67,28): error CS0103: The name 'MainGrid' does not exist in the current context [C:\Users\russel.mercado\source\repos\Yakult-System-New\Yakult.Inventory.App\Yakult.Inventory.App.csproj]
C:\Users\russel.mercado\source\repos\Yakult-System-New\Yakult.Inventory.App\Wpf\Admin\EmailManagement\Views\EmailTemplatesTabView.xaml.cs(95,28): error CS0103: The name 'MainGrid' does not exist in the current context [C:\Users\russel.mercado\source\repos\Yakult-System-New\Yakult.Inventory.App\Yakult.Inventory.App.csproj]
C:\Users\russel.mercado\source\repos\Yakult-System-New\Yakult.Inventory.App\Wpf\Admin\EmailManagement\Views\SmtpProfilesTabView.xaml.cs(18,13): error CS0103: The name 'InitializeComponent' does not exist in the current context [C:\Users\russel.mercado\source\repos\Yakult-System-New\Yakult.Inventory.App\Yakult.Inventory.App.csproj]
C:\Users\russel.mercado\source\repos\Yakult-System-New\Yakult.Inventory.App\Wpf\Admin\EmailManagement\Views\SmtpProfilesTabView.xaml.cs(41,17): error CS0103: The name 'MainGrid' does not exist in the current context [C:\Users\russel.mercado\source\repos\Yakult-System-New\Yakult.Inventory.App\Yakult.Inventory.App.csproj]
C:\Users\russel.mercado\source\repos\Yakult-System-New\Yakult.Inventory.App\Wpf\Admin\AccountManagement\Dialogs\EmployeeImportSummaryWindow.xaml.cs(49,13): error CS0103: The name 'InitializeComponent' does not exist in the current context [C:\Users\russel.mercado\source\repos\Yakult-System-New\Yakult.Inventory.App\Yakult.Inventory.App.csproj]
C:\Users\russel.mercado\source\repos\Yakult-System-New\Yakult.Inventory.App\Wpf\Admin\AccountManagement\Dialogs\EmployeeImportSummaryWindow.xaml.cs(54,13): error CS0103: The name 'TxtSubtitle' does not exist in the current context [C:\Users\russel.mercado\source\repos\Yakult-System-New\Yakult.Inventory.App\Yakult.Inventory.App.csproj]
C:\Users\russel.mercado\source\repos\Yakult-System-New\Yakult.Inventory.App\Wpf\Admin\AccountManagement\Dialogs\EmployeeImportSummaryWindow.xaml.cs(56,13): error CS0103: The name 'TabAdd' does not exist in the current context [C:\Users\russel.mercado\source\repos\Yakult-System-New\Yakult.Inventory.App\Yakult.Inventory.App.csproj]
C:\Users\russel.mercado\source\repos\Yakult-System-New\Yakult.Inventory.App\Wpf\Admin\AccountManagement\Dialogs\EmployeeImportSummaryWindow.xaml.cs(57,13): error CS0103: The name 'TabUpdate' does not exist in the current context [C:\Users\russel.mercado\source\repos\Yakult-System-New\Yakult.Inventory.App\Yakult.Inventory.App.csproj]
C:\Users\russel.mercado\source\repos\Yakult-System-New\Yakult.Inventory.App\Wpf\Admin\AccountManagement\Dialogs\EmployeeImportSummaryWindow.xaml.cs(58,13): error CS0103: The name 'TabMissing' does not exist in the current context [C:\Users\russel.mercado\source\repos\Yakult-System-New\Yakult.Inventory.App\Yakult.Inventory.App.csproj]
C:\Users\russel.mercado\source\repos\Yakult-System-New\Yakult.Inventory.App\Wpf\Admin\AccountManagement\Dialogs\EmployeeImportSummaryWindow.xaml.cs(60,13): error CS0103: The name 'GridAdd' does not exist in the current context [C:\Users\russel.mercado\source\repos\Yakult-System-New\Yakult.Inventory.App\Yakult.Inventory.App.csproj]
C:\Users\russel.mercado\source\repos\Yakult-System-New\Yakult.Inventory.App\Wpf\Admin\AccountManagement\Dialogs\EmployeeImportSummaryWindow.xaml.cs(61,13): error CS0103: The name 'GridUpdate' does not exist in the current context [C:\Users\russel.mercado\source\repos\Yakult-System-New\Yakult.Inventory.App\Yakult.Inventory.App.csproj]
C:\Users\russel.mercado\source\repos\Yakult-System-New\Yakult.Inventory.App\Wpf\Admin\AccountManagement\Dialogs\EmployeeImportSummaryWindow.xaml.cs(78,13): error CS0103: The name 'GridMissing' does not exist in the current context [C:\Users\russel.mercado\source\repos\Yakult-System-New\Yakult.Inventory.App\Yakult.Inventory.App.csproj]
C:\Users\russel.mercado\source\repos\Yakult-System-New\Yakult.Inventory.App\Wpf\Admin\AccountManagement\Dialogs\EmployeeImportSummaryWindow.xaml.cs(88,17): error CS0103: The name 'TxtMissingCount' does not exist in the current context [C:\Users\russel.mercado\source\repos\Yakult-System-New\Yakult.Inventory.App\Yakult.Inventory.App.csproj]
C:\Users\russel.mercado\source\repos\Yakult-System-New\Yakult.Inventory.App\Wpf\Admin\AccountManagement\Dialogs\EmployeeImportSummaryWindow.xaml.cs(89,17): error CS0103: The name 'TxtFooterNote' does not exist in the current context [C:\Users\russel.mercado\source\repos\Yakult-System-New\Yakult.Inventory.App\Yakult.Inventory.App.csproj]
C:\Users\russel.mercado\source\repos\Yakult-System-New\Yakult.Inventory.App\Wpf\Admin\AccountManagement\Dialogs\EmployeeImportSummaryWindow.xaml.cs(93,13): error CS0103: The name 'TxtMissingCount' does not exist in the current context [C:\Users\russel.mercado\source\repos\Yakult-System-New\Yakult.Inventory.App\Yakult.Inventory.App.csproj]
C:\Users\russel.mercado\source\repos\Yakult-System-New\Yakult.Inventory.App\Wpf\Admin\AccountManagement\Dialogs\EmployeeImportSummaryWindow.xaml.cs(95,13): error CS0103: The name 'TxtFooterNote' does not exist in the current context [C:\Users\russel.mercado\source\repos\Yakult-System-New\Yakult.Inventory.App\Yakult.Inventory.App.csproj]
C:\Users\russel.mercado\source\repos\Yakult-System-New\Yakult.Inventory.App\Wpf\Admin\AccountManagement\Views\EmployeeManagementView.xaml.cs(110,28): error CS0103: The name 'MainGrid' does not exist in the current context [C:\Users\russel.mercado\source\repos\Yakult-System-New\Yakult.Inventory.App\Yakult.Inventory.App.csproj]
C:\Users\russel.mercado\source\repos\Yakult-System-New\Yakult.Inventory.App\Wpf\Admin\EmailManagement\Views\SmtpProfilesTabView.xaml.cs(66,28): error CS0103: The name 'MainGrid' does not exist in the current context [C:\Users\russel.mercado\source\repos\Yakult-System-New\Yakult.Inventory.App\Yakult.Inventory.App.csproj]
C:\Users\russel.mercado\source\repos\Yakult-System-New\Yakult.Inventory.App\Wpf\Admin\EmailManagement\Views\EmailAddressesTabView.xaml.cs(22,13): error CS0103: The name 'InitializeComponent' does not exist in the current context [C:\Users\russel.mercado\source\repos\Yakult-System-New\Yakult.Inventory.App\Yakult.Inventory.App.csproj]
C:\Users\russel.mercado\source\repos\Yakult-System-New\Yakult.Inventory.App\Wpf\Admin\AccountManagement\Views\DepartmentAccountsView.xaml.cs(337,33): error CS0103: The name 'MainGrid' does not exist in the current context [C:\Users\russel.mercado\source\repos\Yakult-System-New\Yakult.Inventory.App\Yakult.Inventory.App.csproj]
C:\Users\russel.mercado\source\repos\Yakult-System-New\Yakult.Inventory.App\Wpf\Admin\EmailManagement\Views\EmailAddressesTabView.xaml.cs(36,33): error CS0103: The name 'MainGrid' does not exist in the current context [C:\Users\russel.mercado\source\repos\Yakult-System-New\Yakult.Inventory.App\Yakult.Inventory.App.csproj]
C:\Users\russel.mercado\source\repos\Yakult-System-New\Yakult.Inventory.App\Wpf\Admin\AccountManagement\Views\ApproverManagementView.xaml.cs(19,13): error CS0103: The name 'InitializeComponent' does not exist in the current context [C:\Users\russel.mercado\source\repos\Yakult-System-New\Yakult.Inventory.App\Yakult.Inventory.App.csproj]
C:\Users\russel.mercado\source\repos\Yakult-System-New\Yakult.Inventory.App\Wpf\RepairPortal\Detail\Views\RepairPartCard.xaml.cs(21,13): error CS0103: The name 'InitializeComponent' does not exist in the current context [C:\Users\russel.mercado\source\repos\Yakult-System-New\Yakult.Inventory.App\Yakult.Inventory.App.csproj]
C:\Users\russel.mercado\source\repos\Yakult-System-New\Yakult.Inventory.App\Wpf\Admin\AccountManagement\Views\ApproverManagementView.xaml.cs(32,33): error CS0103: The name 'MainGrid' does not exist in the current context [C:\Users\russel.mercado\source\repos\Yakult-System-New\Yakult.Inventory.App\Yakult.Inventory.App.csproj]
C:\Users\russel.mercado\source\repos\Yakult-System-New\Yakult.Inventory.App\Wpf\Admin\EmailManagement\Views\EmailAddressesTabView.xaml.cs(102,28): error CS0103: The name 'MainGrid' does not exist in the current context [C:\Users\russel.mercado\source\repos\Yakult-System-New\Yakult.Inventory.App\Yakult.Inventory.App.csproj]
C:\Users\russel.mercado\source\repos\Yakult-System-New\Yakult.Inventory.App\Wpf\CartridgeManagement\Dialogs\FulfilledCartridgeDetailDialog.xaml.cs(10,13): error CS0103: The name 'InitializeComponent' does not exist in the current context [C:\Users\russel.mercado\source\repos\Yakult-System-New\Yakult.Inventory.App\Yakult.Inventory.App.csproj]
C:\Users\russel.mercado\source\repos\Yakult-System-New\Yakult.Inventory.App\Wpf\CartridgeManagement\Dialogs\FulfilledCartridgeDetailDialog.xaml.cs(12,13): error CS0103: The name 'TxtTitle' does not exist in the current context [C:\Users\russel.mercado\source\repos\Yakult-System-New\Yakult.Inventory.App\Yakult.Inventory.App.csproj]
C:\Users\russel.mercado\source\repos\Yakult-System-New\Yakult.Inventory.App\Wpf\CartridgeManagement\Dialogs\FulfilledCartridgeDetailDialog.xaml.cs(13,13): error CS0103: The name 'TxtSetCode' does not exist in the current context [C:\Users\russel.mercado\source\repos\Yakult-System-New\Yakult.Inventory.App\Yakult.Inventory.App.csproj]
C:\Users\russel.mercado\source\repos\Yakult-System-New\Yakult.Inventory.App\Wpf\CartridgeManagement\Dialogs\FulfilledCartridgeDetailDialog.xaml.cs(14,13): error CS0103: The name 'TxtFulfilledAt' does not exist in the current context [C:\Users\russel.mercado\source\repos\Yakult-System-New\Yakult.Inventory.App\Yakult.Inventory.App.csproj]
C:\Users\russel.mercado\source\repos\Yakult-System-New\Yakult.Inventory.App\Wpf\CartridgeManagement\Dialogs\FulfilledCartridgeDetailDialog.xaml.cs(15,13): error CS0103: The name 'TxtRequester' does not exist in the current context [C:\Users\russel.mercado\source\repos\Yakult-System-New\Yakult.Inventory.App\Yakult.Inventory.App.csproj]
C:\Users\russel.mercado\source\repos\Yakult-System-New\Yakult.Inventory.App\Wpf\CartridgeManagement\Dialogs\FulfilledCartridgeDetailDialog.xaml.cs(16,13): error CS0103: The name 'TxtReceivedBy' does not exist in the current context [C:\Users\russel.mercado\source\repos\Yakult-System-New\Yakult.Inventory.App\Yakult.Inventory.App.csproj]
C:\Users\russel.mercado\source\repos\Yakult-System-New\Yakult.Inventory.App\Wpf\CartridgeManagement\Dialogs\FulfilledCartridgeDetailDialog.xaml.cs(17,13): error CS0103: The name 'TxtCompany' does not exist in the current context [C:\Users\russel.mercado\source\repos\Yakult-System-New\Yakult.Inventory.App\Yakult.Inventory.App.csproj]
C:\Users\russel.mercado\source\repos\Yakult-System-New\Yakult.Inventory.App\Wpf\CartridgeManagement\Dialogs\FulfilledCartridgeDetailDialog.xaml.cs(18,13): error CS0103: The name 'TxtBranch' does not exist in the current context [C:\Users\russel.mercado\source\repos\Yakult-System-New\Yakult.Inventory.App\Yakult.Inventory.App.csproj]
C:\Users\russel.mercado\source\repos\Yakult-System-New\Yakult.Inventory.App\Wpf\CartridgeManagement\Dialogs\FulfilledCartridgeDetailDialog.xaml.cs(19,13): error CS0103: The name 'TxtDepartment' does not exist in the current context [C:\Users\russel.mercado\source\repos\Yakult-System-New\Yakult.Inventory.App\Yakult.Inventory.App.csproj]
C:\Users\russel.mercado\source\repos\Yakult-System-New\Yakult.Inventory.App\Wpf\CartridgeManagement\Dialogs\FulfilledCartridgeDetailDialog.xaml.cs(20,13): error CS0103: The name 'TxtTotalIssuedQty' does not exist in the current context [C:\Users\russel.mercado\source\repos\Yakult-System-New\Yakult.Inventory.App\Yakult.Inventory.App.csproj]
C:\Users\russel.mercado\source\repos\Yakult-System-New\Yakult.Inventory.App\Wpf\CartridgeManagement\Dialogs\FulfilledCartridgeDetailDialog.xaml.cs(22,13): error CS0103: The name 'ModelsGrid' does not exist in the current context [C:\Users\russel.mercado\source\repos\Yakult-System-New\Yakult.Inventory.App\Yakult.Inventory.App.csproj]
C:\Users\russel.mercado\source\repos\Yakult-System-New\Yakult.Inventory.App\Wpf\CartridgeManagement\Dialogs\FulfilledCartridgeDetailDialog.xaml.cs(23,13): error CS0103: The name 'TxtEmptyState' does not exist in the current context [C:\Users\russel.mercado\source\repos\Yakult-System-New\Yakult.Inventory.App\Yakult.Inventory.App.csproj]
C:\Users\russel.mercado\source\repos\Yakult-System-New\Yakult.Inventory.App\Wpf\Admin\EmailManagement\Views\EmailAddressesTabView.xaml.cs(128,28): error CS0103: The name 'MainGrid' does not exist in the current context [C:\Users\russel.mercado\source\repos\Yakult-System-New\Yakult.Inventory.App\Yakult.Inventory.App.csproj]
C:\Users\russel.mercado\source\repos\Yakult-System-New\Yakult.Inventory.App\Wpf\Admin\EmailManagement\Views\EmailAddressesTabView.xaml.cs(178,28): error CS0103: The name 'MainGrid' does not exist in the current context [C:\Users\russel.mercado\source\repos\Yakult-System-New\Yakult.Inventory.App\Yakult.Inventory.App.csproj]
C:\Users\russel.mercado\source\repos\Yakult-System-New\Yakult.Inventory.App\Wpf\Admin\EmailManagement\Views\EmailAddressesTabView.xaml.cs(244,33): error CS0103: The name 'MainGrid' does not exist in the current context [C:\Users\russel.mercado\source\repos\Yakult-System-New\Yakult.Inventory.App\Yakult.Inventory.App.csproj]
C:\Users\russel.mercado\source\repos\Yakult-System-New\Yakult.Inventory.App\Wpf\CartridgeManagement\Dialogs\PrepareTransmittalDialog.xaml.cs(31,13): error CS0103: The name 'InitializeComponent' does not exist in the current context [C:\Users\russel.mercado\source\repos\Yakult-System-New\Yakult.Inventory.App\Yakult.Inventory.App.csproj]
C:\Users\russel.mercado\source\repos\Yakult-System-New\Yakult.Inventory.App\Wpf\CartridgeManagement\Dialogs\PrepareTransmittalDialog.xaml.cs(42,17): error CS0103: The name '_receivedByCombo' does not exist in the current context [C:\Users\russel.mercado\source\repos\Yakult-System-New\Yakult.Inventory.App\Yakult.Inventory.App.csproj]
C:\Users\russel.mercado\source\repos\Yakult-System-New\Yakult.Inventory.App\Wpf\CartridgeManagement\Dialogs\PrepareTransmittalDialog.xaml.cs(44,17): error CS0103: The name '_receivedByCombo' does not exist in the current context [C:\Users\russel.mercado\source\repos\Yakult-System-New\Yakult.Inventory.App\Yakult.Inventory.App.csproj]
C:\Users\russel.mercado\source\repos\Yakult-System-New\Yakult.Inventory.App\Wpf\CartridgeManagement\Dialogs\PrepareTransmittalDialog.xaml.cs(47,17): error CS0103: The name '_notedByCombo' does not exist in the current context [C:\Users\russel.mercado\source\repos\Yakult-System-New\Yakult.Inventory.App\Yakult.Inventory.App.csproj]
C:\Users\russel.mercado\source\repos\Yakult-System-New\Yakult.Inventory.App\Wpf\CartridgeManagement\Dialogs\PrepareTransmittalDialog.xaml.cs(49,17): error CS0103: The name '_notedByCombo' does not exist in the current context [C:\Users\russel.mercado\source\repos\Yakult-System-New\Yakult.Inventory.App\Yakult.Inventory.App.csproj]
C:\Users\russel.mercado\source\repos\Yakult-System-New\Yakult.Inventory.App\Wpf\CartridgeManagement\Dialogs\PrepareTransmittalDialog.xaml.cs(52,17): error CS0103: The name '_approvedByCombo' does not exist in the current context [C:\Users\russel.mercado\source\repos\Yakult-System-New\Yakult.Inventory.App\Yakult.Inventory.App.csproj]
C:\Users\russel.mercado\source\repos\Yakult-System-New\Yakult.Inventory.App\Wpf\CartridgeManagement\Dialogs\PrepareTransmittalDialog.xaml.cs(54,17): error CS0103: The name '_approvedByCombo' does not exist in the current context [C:\Users\russel.mercado\source\repos\Yakult-System-New\Yakult.Inventory.App\Yakult.Inventory.App.csproj]
C:\Users\russel.mercado\source\repos\Yakult-System-New\Yakult.Inventory.App\Wpf\CartridgeManagement\Dialogs\PrepareTransmittalDialog.xaml.cs(61,17): error CS0103: The name '_receivedByCombo' does not exist in the current context [C:\Users\russel.mercado\source\repos\Yakult-System-New\Yakult.Inventory.App\Yakult.Inventory.App.csproj]
C:\Users\russel.mercado\source\repos\Yakult-System-New\Yakult.Inventory.App\Wpf\CartridgeManagement\Dialogs\PrepareTransmittalDialog.xaml.cs(62,17): error CS0103: The name '_notedByCombo' does not exist in the current context [C:\Users\russel.mercado\source\repos\Yakult-System-New\Yakult.Inventory.App\Yakult.Inventory.App.csproj]
C:\Users\russel.mercado\source\repos\Yakult-System-New\Yakult.Inventory.App\Wpf\CartridgeManagement\Dialogs\PrepareTransmittalDialog.xaml.cs(63,17): error CS0103: The name '_approvedByCombo' does not exist in the current context [C:\Users\russel.mercado\source\repos\Yakult-System-New\Yakult.Inventory.App\Yakult.Inventory.App.csproj]
C:\Users\russel.mercado\source\repos\Yakult-System-New\Yakult.Inventory.App\Wpf\CartridgeManagement\Dialogs\PrepareTransmittalDialog.xaml.cs(96,36): error CS0103: The name '_notedByCombo' does not exist in the current context [C:\Users\russel.mercado\source\repos\Yakult-System-New\Yakult.Inventory.App\Yakult.Inventory.App.csproj]
C:\Users\russel.mercado\source\repos\Yakult-System-New\Yakult.Inventory.App\Wpf\CartridgeManagement\Dialogs\PrepareTransmittalDialog.xaml.cs(97,48): error CS0103: The name '_notedByCombo' does not exist in the current context [C:\Users\russel.mercado\source\repos\Yakult-System-New\Yakult.Inventory.App\Yakult.Inventory.App.csproj]
C:\Users\russel.mercado\source\repos\Yakult-System-New\Yakult.Inventory.App\Wpf\CartridgeManagement\Dialogs\PrepareTransmittalDialog.xaml.cs(97,85): error CS0103: The name '_notedByCombo' does not exist in the current context [C:\Users\russel.mercado\source\repos\Yakult-System-New\Yakult.Inventory.App\Yakult.Inventory.App.csproj]
C:\Users\russel.mercado\source\repos\Yakult-System-New\Yakult.Inventory.App\Wpf\CartridgeManagement\Dialogs\PrepareTransmittalDialog.xaml.cs(105,39): error CS0103: The name '_approvedByCombo' does not exist in the current context [C:\Users\russel.mercado\source\repos\Yakult-System-New\Yakult.Inventory.App\Yakult.Inventory.App.csproj]
C:\Users\russel.mercado\source\repos\Yakult-System-New\Yakult.Inventory.App\Wpf\CartridgeManagement\Dialogs\PrepareTransmittalDialog.xaml.cs(106,48): error CS0103: The name '_approvedByCombo' does not exist in the current context [C:\Users\russel.mercado\source\repos\Yakult-System-New\Yakult.Inventory.App\Yakult.Inventory.App.csproj]
C:\Users\russel.mercado\source\repos\Yakult-System-New\Yakult.Inventory.App\Wpf\CartridgeManagement\Dialogs\PrepareTransmittalDialog.xaml.cs(106,88): error CS0103: The name '_approvedByCombo' does not exist in the current context [C:\Users\russel.mercado\source\repos\Yakult-System-New\Yakult.Inventory.App\Yakult.Inventory.App.csproj]
C:\Users\russel.mercado\source\repos\Yakult-System-New\Yakult.Inventory.App\Wpf\CartridgeManagement\Dialogs\PrepareTransmittalDialog.xaml.cs(114,39): error CS0103: The name '_receivedByCombo' does not exist in the current context [C:\Users\russel.mercado\source\repos\Yakult-System-New\Yakult.Inventory.App\Yakult.Inventory.App.csproj]
C:\Users\russel.mercado\source\repos\Yakult-System-New\Yakult.Inventory.App\Wpf\CartridgeManagement\Dialogs\PrepareTransmittalDialog.xaml.cs(115,48): error CS0103: The name '_receivedByCombo' does not exist in the current context [C:\Users\russel.mercado\source\repos\Yakult-System-New\Yakult.Inventory.App\Yakult.Inventory.App.csproj]
C:\Users\russel.mercado\source\repos\Yakult-System-New\Yakult.Inventory.App\Wpf\CartridgeManagement\Dialogs\PrepareTransmittalDialog.xaml.cs(115,88): error CS0103: The name '_receivedByCombo' does not exist in the current context [C:\Users\russel.mercado\source\repos\Yakult-System-New\Yakult.Inventory.App\Yakult.Inventory.App.csproj]
C:\Users\russel.mercado\source\repos\Yakult-System-New\Yakult.Inventory.App\Wpf\RepairPortal\Detail\Views\ReportedProblemControl.xaml.cs(52,13): error CS0103: The name 'InitializeComponent' does not exist in the current context [C:\Users\russel.mercado\source\repos\Yakult-System-New\Yakult.Inventory.App\Yakult.Inventory.App.csproj]
C:\Users\russel.mercado\source\repos\Yakult-System-New\Yakult.Inventory.App\Wpf\Admin\AccountManagement\Dialogs\EmployeeImportPreviewWindow.xaml.cs(38,13): error CS0103: The name 'InitializeComponent' does not exist in the current context [C:\Users\russel.mercado\source\repos\Yakult-System-New\Yakult.Inventory.App\Yakult.Inventory.App.csproj]
C:\Users\russel.mercado\source\repos\Yakult-System-New\Yakult.Inventory.App\Wpf\Admin\AccountManagement\Dialogs\EmployeeImportPreviewWindow.xaml.cs(41,13): error CS0103: The name 'TxtFileName' does not exist in the current context [C:\Users\russel.mercado\source\repos\Yakult-System-New\Yakult.Inventory.App\Yakult.Inventory.App.csproj]
C:\Users\russel.mercado\source\repos\Yakult-System-New\Yakult.Inventory.App\Wpf\Admin\AccountManagement\Dialogs\EmployeeImportPreviewWindow.xaml.cs(83,13): error CS0103: The name 'GridImport' does not exist in the current context [C:\Users\russel.mercado\source\repos\Yakult-System-New\Yakult.Inventory.App\Yakult.Inventory.App.csproj]
C:\Users\russel.mercado\source\repos\Yakult-System-New\Yakult.Inventory.App\Wpf\Admin\AccountManagement\Dialogs\EmployeeImportPreviewWindow.xaml.cs(84,13): error CS0103: The name 'GridExisting' does not exist in the current context [C:\Users\russel.mercado\source\repos\Yakult-System-New\Yakult.Inventory.App\Yakult.Inventory.App.csproj]
C:\Users\russel.mercado\source\repos\Yakult-System-New\Yakult.Inventory.App\Wpf\Admin\AccountManagement\Views\ApproverManagementView.xaml.cs(96,33): error CS0103: The name 'MainGrid' does not exist in the current context [C:\Users\russel.mercado\source\repos\Yakult-System-New\Yakult.Inventory.App\Yakult.Inventory.App.csproj]
C:\Users\russel.mercado\source\repos\Yakult-System-New\Yakult.Inventory.App\Wpf\Admin\AccountManagement\Dialogs\EmployeeImportPreviewWindow.xaml.cs(103,13): error CS0103: The name 'TxtSummary' does not exist in the current context [C:\Users\russel.mercado\source\repos\Yakult-System-New\Yakult.Inventory.App\Yakult.Inventory.App.csproj]
C:\Users\russel.mercado\source\repos\Yakult-System-New\Yakult.Inventory.App\Wpf\Admin\AccountManagement\Views\UserAccountManagementView.xaml.cs(22,13): error CS0103: The name 'InitializeComponent' does not exist in the current context [C:\Users\russel.mercado\source\repos\Yakult-System-New\Yakult.Inventory.App\Yakult.Inventory.App.csproj]
C:\Users\russel.mercado\source\repos\Yakult-System-New\Yakult.Inventory.App\Wpf\Admin\AccountManagement\Dialogs\EmployeeImportPreviewWindow.xaml.cs(108,28): error CS0103: The name 'TxtSearchImport' does not exist in the current context [C:\Users\russel.mercado\source\repos\Yakult-System-New\Yakult.Inventory.App\Yakult.Inventory.App.csproj]
C:\Users\russel.mercado\source\repos\Yakult-System-New\Yakult.Inventory.App\Wpf\Admin\AccountManagement\Views\UserAccountManagementView.xaml.cs(35,33): error CS0103: The name 'MainGrid' does not exist in the current context [C:\Users\russel.mercado\source\repos\Yakult-System-New\Yakult.Inventory.App\Yakult.Inventory.App.csproj]
C:\Users\russel.mercado\source\repos\Yakult-System-New\Yakult.Inventory.App\Wpf\Admin\AccountManagement\Views\UserAccountManagementView.xaml.cs(47,32): error CS0103: The name 'CboFilter' does not exist in the current context [C:\Users\russel.mercado\source\repos\Yakult-System-New\Yakult.Inventory.App\Yakult.Inventory.App.csproj]
C:\Users\russel.mercado\source\repos\Yakult-System-New\Yakult.Inventory.App\Wpf\Admin\AccountManagement\Views\UserAccountManagementView.xaml.cs(48,47): error CS0103: The name 'CboFilter' does not exist in the current context [C:\Users\russel.mercado\source\repos\Yakult-System-New\Yakult.Inventory.App\Yakult.Inventory.App.csproj]
C:\Users\russel.mercado\source\repos\Yakult-System-New\Yakult.Inventory.App\Wpf\Admin\AccountManagement\Views\UserAccountManagementView.xaml.cs(53,17): error CS0103: The name 'MainGrid' does not exist in the current context [C:\Users\russel.mercado\source\repos\Yakult-System-New\Yakult.Inventory.App\Yakult.Inventory.App.csproj]
C:\Users\russel.mercado\source\repos\Yakult-System-New\Yakult.Inventory.App\Wpf\Admin\AccountManagement\Dialogs\EmployeeImportPreviewWindow.xaml.cs(123,28): error CS0103: The name 'TxtSearchExisting' does not exist in the current context [C:\Users\russel.mercado\source\repos\Yakult-System-New\Yakult.Inventory.App\Yakult.Inventory.App.csproj]
C:\Users\russel.mercado\source\repos\Yakult-System-New\Yakult.Inventory.App\Wpf\Admin\AccountManagement\Dialogs\EmployeeImportPreviewWindow.xaml.cs(138,19): error CS0103: The name 'GridImport' does not exist in the current context [C:\Users\russel.mercado\source\repos\Yakult-System-New\Yakult.Inventory.App\Yakult.Inventory.App.csproj]
C:\Users\russel.mercado\source\repos\Yakult-System-New\Yakult.Inventory.App\Wpf\Admin\AccountManagement\Dialogs\EmployeeImportPreviewWindow.xaml.cs(141,13): error CS0103: The name 'GridExisting' does not exist in the current context [C:\Users\russel.mercado\source\repos\Yakult-System-New\Yakult.Inventory.App\Yakult.Inventory.App.csproj]
C:\Users\russel.mercado\source\repos\Yakult-System-New\Yakult.Inventory.App\Wpf\Admin\AccountManagement\Dialogs\EmployeeImportPreviewWindow.xaml.cs(142,13): error CS0103: The name 'GridExisting' does not exist in the current context [C:\Users\russel.mercado\source\repos\Yakult-System-New\Yakult.Inventory.App\Yakult.Inventory.App.csproj]
C:\Users\russel.mercado\source\repos\Yakult-System-New\Yakult.Inventory.App\Wpf\Admin\AccountManagement\Views\UserAccountManagementView.xaml.cs(68,28): error CS0103: The name 'MainGrid' does not exist in the current context [C:\Users\russel.mercado\source\repos\Yakult-System-New\Yakult.Inventory.App\Yakult.Inventory.App.csproj]
C:\Users\russel.mercado\source\repos\Yakult-System-New\Yakult.Inventory.App\Wpf\Admin\AccountManagement\Views\UserAccountManagementView.xaml.cs(86,28): error CS0103: The name 'MainGrid' does not exist in the current context [C:\Users\russel.mercado\source\repos\Yakult-System-New\Yakult.Inventory.App\Yakult.Inventory.App.csproj]
C:\Users\russel.mercado\source\repos\Yakult-System-New\Yakult.Inventory.App\Wpf\Admin\AccountManagement\Views\UserAccountManagementView.xaml.cs(123,28): error CS0103: The name 'MainGrid' does not exist in the current context [C:\Users\russel.mercado\source\repos\Yakult-System-New\Yakult.Inventory.App\Yakult.Inventory.App.csproj]
C:\Users\russel.mercado\source\repos\Yakult-System-New\Yakult.Inventory.App\Wpf\RepairPortal\Detail\Views\NoteThreadControl.xaml.cs(41,13): error CS0103: The name 'InitializeComponent' does not exist in the current context [C:\Users\russel.mercado\source\repos\Yakult-System-New\Yakult.Inventory.App\Yakult.Inventory.App.csproj]
C:\Users\russel.mercado\source\repos\Yakult-System-New\Yakult.Inventory.App\Wpf\Admin\AccountManagement\Views\UserAccountManagementView.xaml.cs(139,28): error CS0103: The name 'MainGrid' does not exist in the current context [C:\Users\russel.mercado\source\repos\Yakult-System-New\Yakult.Inventory.App\Yakult.Inventory.App.csproj]
C:\Users\russel.mercado\source\repos\Yakult-System-New\Yakult.Inventory.App\Wpf\Admin\AccountManagement\Dialogs\EmployeeImportPreviewWindow.xaml.cs(179,59): error CS0103: The name 'TxtFileName' does not exist in the current context [C:\Users\russel.mercado\source\repos\Yakult-System-New\Yakult.Inventory.App\Yakult.Inventory.App.csproj]
C:\Users\russel.mercado\source\repos\Yakult-System-New\Yakult.Inventory.App\Wpf\Admin\AccountManagement\Views\UserAccountManagementView.xaml.cs(194,33): error CS0103: The name 'MainGrid' does not exist in the current context [C:\Users\russel.mercado\source\repos\Yakult-System-New\Yakult.Inventory.App\Yakult.Inventory.App.csproj]
C:\Users\russel.mercado\source\repos\Yakult-System-New\Yakult.Inventory.App\Wpf\Admin\AccountManagement\Dialogs\ColumnFilterWindow.xaml.cs(36,13): error CS0103: The name 'InitializeComponent' does not exist in the current context [C:\Users\russel.mercado\source\repos\Yakult-System-New\Yakult.Inventory.App\Yakult.Inventory.App.csproj]
C:\Users\russel.mercado\source\repos\Yakult-System-New\Yakult.Inventory.App\Wpf\Admin\AccountManagement\Dialogs\ColumnFilterWindow.xaml.cs(37,13): error CS0103: The name 'TxtHeader' does not exist in the current context [C:\Users\russel.mercado\source\repos\Yakult-System-New\Yakult.Inventory.App\Yakult.Inventory.App.csproj]
C:\Users\russel.mercado\source\repos\Yakult-System-New\Yakult.Inventory.App\Wpf\Admin\AccountManagement\Dialogs\ColumnFilterWindow.xaml.cs(47,13): error CS0103: The name 'FilterList' does not exist in the current context [C:\Users\russel.mercado\source\repos\Yakult-System-New\Yakult.Inventory.App\Yakult.Inventory.App.csproj]
C:\Users\russel.mercado\source\repos\Yakult-System-New\Yakult.Inventory.App\Wpf\Admin\AccountManagement\Dialogs\ColumnFilterWindow.xaml.cs(67,13): error CS0103: The name 'TxtCount' does not exist in the current context [C:\Users\russel.mercado\source\repos\Yakult-System-New\Yakult.Inventory.App\Yakult.Inventory.App.csproj]
C:\Users\russel.mercado\source\repos\Yakult-System-New\Yakult.Inventory.App\Wpf\Admin\AccountManagement\Dialogs\ColumnFilterWindow.xaml.cs(71,35): error CS0103: The name 'TxtSearch' does not exist in the current context [C:\Users\russel.mercado\source\repos\Yakult-System-New\Yakult.Inventory.App\Yakult.Inventory.App.csproj]
C:\Users\russel.mercado\source\repos\Yakult-System-New\Yakult.Inventory.App\Wpf\Admin\AccountManagement\Dialogs\CreateDeptAccountWindow.xaml.cs(14,13): error CS0103: The name 'InitializeComponent' does not exist in the current context [C:\Users\russel.mercado\source\repos\Yakult-System-New\Yakult.Inventory.App\Yakult.Inventory.App.csproj]
C:\Users\russel.mercado\source\repos\Yakult-System-New\Yakult.Inventory.App\Wpf\Admin\AccountManagement\Dialogs\CreateDeptAccountWindow.xaml.cs(15,13): error CS0103: The name 'TxtInfo' does not exist in the current context [C:\Users\russel.mercado\source\repos\Yakult-System-New\Yakult.Inventory.App\Yakult.Inventory.App.csproj]
C:\Users\russel.mercado\source\repos\Yakult-System-New\Yakult.Inventory.App\Wpf\Admin\AccountManagement\Dialogs\CreateDeptAccountWindow.xaml.cs(17,17): error CS0103: The name 'TxtUsername' does not exist in the current context [C:\Users\russel.mercado\source\repos\Yakult-System-New\Yakult.Inventory.App\Yakult.Inventory.App.csproj]
C:\Users\russel.mercado\source\repos\Yakult-System-New\Yakult.Inventory.App\Wpf\Admin\AccountManagement\Dialogs\CreateDeptAccountWindow.xaml.cs(18,13): error CS0103: The name 'TxtUsername' does not exist in the current context [C:\Users\russel.mercado\source\repos\Yakult-System-New\Yakult.Inventory.App\Yakult.Inventory.App.csproj]
C:\Users\russel.mercado\source\repos\Yakult-System-New\Yakult.Inventory.App\Wpf\Admin\AccountManagement\Dialogs\CreateDeptAccountWindow.xaml.cs(23,25): error CS0103: The name 'ChkShow' does not exist in the current context [C:\Users\russel.mercado\source\repos\Yakult-System-New\Yakult.Inventory.App\Yakult.Inventory.App.csproj]
C:\Users\russel.mercado\source\repos\Yakult-System-New\Yakult.Inventory.App\Wpf\Admin\AccountManagement\Dialogs\CreateDeptAccountWindow.xaml.cs(26,26): error CS0103: The name 'PwdPassword' does not exist in the current context [C:\Users\russel.mercado\source\repos\Yakult-System-New\Yakult.Inventory.App\Yakult.Inventory.App.csproj]
C:\Users\russel.mercado\source\repos\Yakult-System-New\Yakult.Inventory.App\Wpf\Admin\AccountManagement\Dialogs\CreateDeptAccountWindow.xaml.cs(27,26): error CS0103: The name 'PwdConfirm' does not exist in the current context [C:\Users\russel.mercado\source\repos\Yakult-System-New\Yakult.Inventory.App\Yakult.Inventory.App.csproj]
C:\Users\russel.mercado\source\repos\Yakult-System-New\Yakult.Inventory.App\Wpf\Admin\AccountManagement\Dialogs\CreateDeptAccountWindow.xaml.cs(28,17): error CS0103: The name 'PwdPassword' does not exist in the current context [C:\Users\russel.mercado\source\repos\Yakult-System-New\Yakult.Inventory.App\Yakult.Inventory.App.csproj]
C:\Users\russel.mercado\source\repos\Yakult-System-New\Yakult.Inventory.App\Wpf\Admin\AccountManagement\Dialogs\CreateDeptAccountWindow.xaml.cs(29,17): error CS0103: The name 'PwdConfirm' does not exist in the current context [C:\Users\russel.mercado\source\repos\Yakult-System-New\Yakult.Inventory.App\Yakult.Inventory.App.csproj]
C:\Users\russel.mercado\source\repos\Yakult-System-New\Yakult.Inventory.App\Wpf\Admin\AccountManagement\Dialogs\CreateDeptAccountWindow.xaml.cs(31,17): error CS0103: The name 'TxtPwdVisible' does not exist in the current context [C:\Users\russel.mercado\source\repos\Yakult-System-New\Yakult.Inventory.App\Yakult.Inventory.App.csproj]
C:\Users\russel.mercado\source\repos\Yakult-System-New\Yakult.Inventory.App\Wpf\Admin\AccountManagement\Dialogs\CreateDeptAccountWindow.xaml.cs(32,17): error CS0103: The name 'TxtConfVisible' does not exist in the current context [C:\Users\russel.mercado\source\repos\Yakult-System-New\Yakult.Inventory.App\Yakult.Inventory.App.csproj]
C:\Users\russel.mercado\source\repos\Yakult-System-New\Yakult.Inventory.App\Wpf\Admin\AccountManagement\Dialogs\CreateDeptAccountWindow.xaml.cs(33,17): error CS0103: The name 'TxtPwdVisible' does not exist in the current context [C:\Users\russel.mercado\source\repos\Yakult-System-New\Yakult.Inventory.App\Yakult.Inventory.App.csproj]
C:\Users\russel.mercado\source\repos\Yakult-System-New\Yakult.Inventory.App\Wpf\Admin\AccountManagement\Dialogs\CreateDeptAccountWindow.xaml.cs(34,17): error CS0103: The name 'TxtConfVisible' does not exist in the current context [C:\Users\russel.mercado\source\repos\Yakult-System-New\Yakult.Inventory.App\Yakult.Inventory.App.csproj]
C:\Users\russel.mercado\source\repos\Yakult-System-New\Yakult.Inventory.App\Wpf\Admin\AccountManagement\Dialogs\CreateDeptAccountWindow.xaml.cs(38,17): error CS0103: The name 'PwdPassword' does not exist in the current context [C:\Users\russel.mercado\source\repos\Yakult-System-New\Yakult.Inventory.App\Yakult.Inventory.App.csproj]
C:\Users\russel.mercado\source\repos\Yakult-System-New\Yakult.Inventory.App\Wpf\Admin\AccountManagement\Dialogs\CreateDeptAccountWindow.xaml.cs(38,41): error CS0103: The name 'TxtPwdVisible' does not exist in the current context [C:\Users\russel.mercado\source\repos\Yakult-System-New\Yakult.Inventory.App\Yakult.Inventory.App.csproj]
C:\Users\russel.mercado\source\repos\Yakult-System-New\Yakult.Inventory.App\Wpf\Admin\AccountManagement\Dialogs\CreateDeptAccountWindow.xaml.cs(39,17): error CS0103: The name 'PwdConfirm' does not exist in the current context [C:\Users\russel.mercado\source\repos\Yakult-System-New\Yakult.Inventory.App\Yakult.Inventory.App.csproj]
C:\Users\russel.mercado\source\repos\Yakult-System-New\Yakult.Inventory.App\Wpf\Admin\AccountManagement\Dialogs\CreateDeptAccountWindow.xaml.cs(39,41): error CS0103: The name 'TxtConfVisible' does not exist in the current context [C:\Users\russel.mercado\source\repos\Yakult-System-New\Yakult.Inventory.App\Yakult.Inventory.App.csproj]
C:\Users\russel.mercado\source\repos\Yakult-System-New\Yakult.Inventory.App\Wpf\Admin\AccountManagement\Dialogs\CreateDeptAccountWindow.xaml.cs(40,17): error CS0103: The name 'TxtPwdVisible' does not exist in the current context [C:\Users\russel.mercado\source\repos\Yakult-System-New\Yakult.Inventory.App\Yakult.Inventory.App.csproj]
C:\Users\russel.mercado\source\repos\Yakult-System-New\Yakult.Inventory.App\Wpf\Admin\AccountManagement\Dialogs\CreateDeptAccountWindow.xaml.cs(41,17): error CS0103: The name 'TxtConfVisible' does not exist in the current context [C:\Users\russel.mercado\source\repos\Yakult-System-New\Yakult.Inventory.App\Yakult.Inventory.App.csproj]
C:\Users\russel.mercado\source\repos\Yakult-System-New\Yakult.Inventory.App\Wpf\Admin\AccountManagement\Dialogs\CreateDeptAccountWindow.xaml.cs(42,17): error CS0103: The name 'PwdPassword' does not exist in the current context [C:\Users\russel.mercado\source\repos\Yakult-System-New\Yakult.Inventory.App\Yakult.Inventory.App.csproj]
C:\Users\russel.mercado\source\repos\Yakult-System-New\Yakult.Inventory.App\Wpf\Admin\AccountManagement\Dialogs\CreateDeptAccountWindow.xaml.cs(43,17): error CS0103: The name 'PwdConfirm' does not exist in the current context [C:\Users\russel.mercado\source\repos\Yakult-System-New\Yakult.Inventory.App\Yakult.Inventory.App.csproj]
C:\Users\russel.mercado\source\repos\Yakult-System-New\Yakult.Inventory.App\Wpf\Admin\AccountManagement\Dialogs\EditDeptAccountWindow.xaml.cs(16,40): error CS0103: The name 'TxtUsername' does not exist in the current context [C:\Users\russel.mercado\source\repos\Yakult-System-New\Yakult.Inventory.App\Yakult.Inventory.App.csproj]
C:\Users\russel.mercado\source\repos\Yakult-System-New\Yakult.Inventory.App\Wpf\Admin\AccountManagement\Dialogs\EditDeptAccountWindow.xaml.cs(17,42): error CS0103: The name 'ChkIsActive' does not exist in the current context [C:\Users\russel.mercado\source\repos\Yakult-System-New\Yakult.Inventory.App\Yakult.Inventory.App.csproj]
C:\Users\russel.mercado\source\repos\Yakult-System-New\Yakult.Inventory.App\Wpf\Admin\AccountManagement\Dialogs\EditDeptAccountWindow.xaml.cs(22,21): error CS0103: The name 'CboEmail' does not exist in the current context [C:\Users\russel.mercado\source\repos\Yakult-System-New\Yakult.Inventory.App\Yakult.Inventory.App.csproj]
C:\Users\russel.mercado\source\repos\Yakult-System-New\Yakult.Inventory.App\Wpf\Admin\AccountManagement\Dialogs\CreateDeptAccountWindow.xaml.cs(49,31): error CS0103: The name 'TxtUsername' does not exist in the current context [C:\Users\russel.mercado\source\repos\Yakult-System-New\Yakult.Inventory.App\Yakult.Inventory.App.csproj]
C:\Users\russel.mercado\source\repos\Yakult-System-New\Yakult.Inventory.App\Wpf\Admin\AccountManagement\Dialogs\CreateDeptAccountWindow.xaml.cs(50,31): error CS0103: The name 'ChkShow' does not exist in the current context [C:\Users\russel.mercado\source\repos\Yakult-System-New\Yakult.Inventory.App\Yakult.Inventory.App.csproj]
C:\Users\russel.mercado\source\repos\Yakult-System-New\Yakult.Inventory.App\Wpf\Admin\AccountManagement\Dialogs\CreateDeptAccountWindow.xaml.cs(50,59): error CS0103: The name 'TxtPwdVisible' does not exist in the current context [C:\Users\russel.mercado\source\repos\Yakult-System-New\Yakult.Inventory.App\Yakult.Inventory.App.csproj]
C:\Users\russel.mercado\source\repos\Yakult-System-New\Yakult.Inventory.App\Wpf\Admin\AccountManagement\Dialogs\CreateDeptAccountWindow.xaml.cs(50,81): error CS0103: The name 'PwdPassword' does not exist in the current context [C:\Users\russel.mercado\source\repos\Yakult-System-New\Yakult.Inventory.App\Yakult.Inventory.App.csproj]
C:\Users\russel.mercado\source\repos\Yakult-System-New\Yakult.Inventory.App\Wpf\Admin\AccountManagement\Dialogs\CreateDeptAccountWindow.xaml.cs(51,31): error CS0103: The name 'ChkShow' does not exist in the current context [C:\Users\russel.mercado\source\repos\Yakult-System-New\Yakult.Inventory.App\Yakult.Inventory.App.csproj]
C:\Users\russel.mercado\source\repos\Yakult-System-New\Yakult.Inventory.App\Wpf\Admin\AccountManagement\Dialogs\CreateDeptAccountWindow.xaml.cs(51,59): error CS0103: The name 'TxtConfVisible' does not exist in the current context [C:\Users\russel.mercado\source\repos\Yakult-System-New\Yakult.Inventory.App\Yakult.Inventory.App.csproj]
C:\Users\russel.mercado\source\repos\Yakult-System-New\Yakult.Inventory.App\Wpf\Admin\AccountManagement\Dialogs\CreateDeptAccountWindow.xaml.cs(51,81): error CS0103: The name 'PwdConfirm' does not exist in the current context [C:\Users\russel.mercado\source\repos\Yakult-System-New\Yakult.Inventory.App\Yakult.Inventory.App.csproj]
C:\Users\russel.mercado\source\repos\Yakult-System-New\Yakult.Inventory.App\Wpf\Admin\UserPositions\Views\UserPositionsView.xaml.cs(16,13): error CS0103: The name 'InitializeComponent' does not exist in the current context [C:\Users\russel.mercado\source\repos\Yakult-System-New\Yakult.Inventory.App\Yakult.Inventory.App.csproj]
C:\Users\russel.mercado\source\repos\Yakult-System-New\Yakult.Inventory.App\Wpf\Admin\AccountManagement\Dialogs\EditDeptAccountWindow.xaml.cs(30,13): error CS0103: The name 'InitializeComponent' does not exist in the current context [C:\Users\russel.mercado\source\repos\Yakult-System-New\Yakult.Inventory.App\Yakult.Inventory.App.csproj]
C:\Users\russel.mercado\source\repos\Yakult-System-New\Yakult.Inventory.App\Wpf\Admin\AccountManagement\Dialogs\EditDeptAccountWindow.xaml.cs(31,13): error CS0103: The name 'TxtCompany' does not exist in the current context [C:\Users\russel.mercado\source\repos\Yakult-System-New\Yakult.Inventory.App\Yakult.Inventory.App.csproj]
C:\Users\russel.mercado\source\repos\Yakult-System-New\Yakult.Inventory.App\Wpf\Admin\AccountManagement\Dialogs\EditDeptAccountWindow.xaml.cs(32,13): error CS0103: The name 'TxtDept' does not exist in the current context [C:\Users\russel.mercado\source\repos\Yakult-System-New\Yakult.Inventory.App\Yakult.Inventory.App.csproj]
C:\Users\russel.mercado\source\repos\Yakult-System-New\Yakult.Inventory.App\Wpf\Admin\AccountManagement\Dialogs\EditDeptAccountWindow.xaml.cs(33,13): error CS0103: The name 'TxtBranch' does not exist in the current context [C:\Users\russel.mercado\source\repos\Yakult-System-New\Yakult.Inventory.App\Yakult.Inventory.App.csproj]
C:\Users\russel.mercado\source\repos\Yakult-System-New\Yakult.Inventory.App\Wpf\Admin\AccountManagement\Dialogs\EditDeptAccountWindow.xaml.cs(34,13): error CS0103: The name 'TxtUsername' does not exist in the current context [C:\Users\russel.mercado\source\repos\Yakult-System-New\Yakult.Inventory.App\Yakult.Inventory.App.csproj]
C:\Users\russel.mercado\source\repos\Yakult-System-New\Yakult.Inventory.App\Wpf\Admin\AccountManagement\Dialogs\EditDeptAccountWindow.xaml.cs(35,13): error CS0103: The name 'ChkIsActive' does not exist in the current context [C:\Users\russel.mercado\source\repos\Yakult-System-New\Yakult.Inventory.App\Yakult.Inventory.App.csproj]
C:\Users\russel.mercado\source\repos\Yakult-System-New\Yakult.Inventory.App\Wpf\Admin\AccountManagement\Dialogs\EditDeptAccountWindow.xaml.cs(37,13): error CS0103: The name 'CboEmail' does not exist in the current context [C:\Users\russel.mercado\source\repos\Yakult-System-New\Yakult.Inventory.App\Yakult.Inventory.App.csproj]
C:\Users\russel.mercado\source\repos\Yakult-System-New\Yakult.Inventory.App\Wpf\Admin\AccountManagement\Dialogs\EditDeptAccountWindow.xaml.cs(39,17): error CS0103: The name 'CboEmail' does not exist in the current context [C:\Users\russel.mercado\source\repos\Yakult-System-New\Yakult.Inventory.App\Yakult.Inventory.App.csproj]
C:\Users\russel.mercado\source\repos\Yakult-System-New\Yakult.Inventory.App\Wpf\Admin\AccountManagement\Dialogs\EditDeptAccountWindow.xaml.cs(40,13): error CS0103: The name 'CboEmail' does not exist in the current context [C:\Users\russel.mercado\source\repos\Yakult-System-New\Yakult.Inventory.App\Yakult.Inventory.App.csproj]
C:\Users\russel.mercado\source\repos\Yakult-System-New\Yakult.Inventory.App\Wpf\Admin\AccountManagement\Dialogs\EditDeptAccountWindow.xaml.cs(44,37): error CS0103: The name 'CboEmail' does not exist in the current context [C:\Users\russel.mercado\source\repos\Yakult-System-New\Yakult.Inventory.App\Yakult.Inventory.App.csproj]
C:\Users\russel.mercado\source\repos\Yakult-System-New\Yakult.Inventory.App\Wpf\Admin\AccountManagement\Dialogs\EditDeptAccountWindow.xaml.cs(46,38): error CS0103: The name 'CboEmail' does not exist in the current context [C:\Users\russel.mercado\source\repos\Yakult-System-New\Yakult.Inventory.App\Yakult.Inventory.App.csproj]
C:\Users\russel.mercado\source\repos\Yakult-System-New\Yakult.Inventory.App\Wpf\Admin\AccountManagement\Dialogs\EditDeptAccountWindow.xaml.cs(48,25): error CS0103: The name 'CboEmail' does not exist in the current context [C:\Users\russel.mercado\source\repos\Yakult-System-New\Yakult.Inventory.App\Yakult.Inventory.App.csproj]
C:\Users\russel.mercado\source\repos\Yakult-System-New\Yakult.Inventory.App\Wpf\Admin\AccountManagement\Dialogs\EditDeptAccountWindow.xaml.cs(54,13): error CS0103: The name 'TxtUsername' does not exist in the current context [C:\Users\russel.mercado\source\repos\Yakult-System-New\Yakult.Inventory.App\Yakult.Inventory.App.csproj]
C:\Users\russel.mercado\source\repos\Yakult-System-New\Yakult.Inventory.App\Wpf\Admin\AccountManagement\Dialogs\EditDeptAccountWindow.xaml.cs(59,43): error CS0103: The name 'TxtUsername' does not exist in the current context [C:\Users\russel.mercado\source\repos\Yakult-System-New\Yakult.Inventory.App\Yakult.Inventory.App.csproj]
C:\Users\russel.mercado\source\repos\Yakult-System-New\Yakult.Inventory.App\Wpf\Admin\UserPositions\Views\UserPositionsView.xaml.cs(29,33): error CS0103: The name 'MainGrid' does not exist in the current context [C:\Users\russel.mercado\source\repos\Yakult-System-New\Yakult.Inventory.App\Yakult.Inventory.App.csproj]
C:\Users\russel.mercado\source\repos\Yakult-System-New\Yakult.Inventory.App\Wpf\Admin\AccountManagement\Dialogs\ShowDeptPasswordWindow.xaml.cs(16,13): error CS0103: The name 'InitializeComponent' does not exist in the current context [C:\Users\russel.mercado\source\repos\Yakult-System-New\Yakult.Inventory.App\Yakult.Inventory.App.csproj]
C:\Users\russel.mercado\source\repos\Yakult-System-New\Yakult.Inventory.App\Wpf\Admin\AccountManagement\Dialogs\ShowDeptPasswordWindow.xaml.cs(17,13): error CS0103: The name 'TxtCompany' does not exist in the current context [C:\Users\russel.mercado\source\repos\Yakult-System-New\Yakult.Inventory.App\Yakult.Inventory.App.csproj]
C:\Users\russel.mercado\source\repos\Yakult-System-New\Yakult.Inventory.App\Wpf\Admin\AccountManagement\Dialogs\ShowDeptPasswordWindow.xaml.cs(18,13): error CS0103: The name 'TxtDept' does not exist in the current context [C:\Users\russel.mercado\source\repos\Yakult-System-New\Yakult.Inventory.App\Yakult.Inventory.App.csproj]
C:\Users\russel.mercado\source\repos\Yakult-System-New\Yakult.Inventory.App\Wpf\Admin\AccountManagement\Dialogs\ShowDeptPasswordWindow.xaml.cs(19,13): error CS0103: The name 'TxtBranch' does not exist in the current context [C:\Users\russel.mercado\source\repos\Yakult-System-New\Yakult.Inventory.App\Yakult.Inventory.App.csproj]
C:\Users\russel.mercado\source\repos\Yakult-System-New\Yakult.Inventory.App\Wpf\Admin\AccountManagement\Dialogs\ShowDeptPasswordWindow.xaml.cs(20,13): error CS0103: The name 'TxtUsername' does not exist in the current context [C:\Users\russel.mercado\source\repos\Yakult-System-New\Yakult.Inventory.App\Yakult.Inventory.App.csproj]
C:\Users\russel.mercado\source\repos\Yakult-System-New\Yakult.Inventory.App\Wpf\Admin\AccountManagement\Dialogs\ShowDeptPasswordWindow.xaml.cs(21,13): error CS0103: The name 'TxtPassword' does not exist in the current context [C:\Users\russel.mercado\source\repos\Yakult-System-New\Yakult.Inventory.App\Yakult.Inventory.App.csproj]
C:\Users\russel.mercado\source\repos\Yakult-System-New\Yakult.Inventory.App\Wpf\RepairPortal\Detail\Views\TimelineViewerWindow.xaml.cs(14,13): error CS0103: The name 'InitializeComponent' does not exist in the current context [C:\Users\russel.mercado\source\repos\Yakult-System-New\Yakult.Inventory.App\Yakult.Inventory.App.csproj]
C:\Users\russel.mercado\source\repos\Yakult-System-New\Yakult.Inventory.App\Wpf\RepairPortal\Detail\Views\TimelineViewerWindow.xaml.cs(15,13): error CS0103: The name 'TitleText' does not exist in the current context [C:\Users\russel.mercado\source\repos\Yakult-System-New\Yakult.Inventory.App\Yakult.Inventory.App.csproj]
C:\Users\russel.mercado\source\repos\Yakult-System-New\Yakult.Inventory.App\Wpf\RepairPortal\Detail\Views\TimelineViewerWindow.xaml.cs(16,13): error CS0103: The name 'GraphList' does not exist in the current context [C:\Users\russel.mercado\source\repos\Yakult-System-New\Yakult.Inventory.App\Yakult.Inventory.App.csproj]
C:\Users\russel.mercado\source\repos\Yakult-System-New\Yakult.Inventory.App\Wpf\RepairPortal\Detail\Views\TimelineViewerWindow.xaml.cs(17,13): error CS0103: The name 'TableGrid' does not exist in the current context [C:\Users\russel.mercado\source\repos\Yakult-System-New\Yakult.Inventory.App\Yakult.Inventory.App.csproj]
C:\Users\russel.mercado\source\repos\Yakult-System-New\Yakult.Inventory.App\Wpf\RepairPortal\Detail\Views\TimelineViewerWindow.xaml.cs(22,17): error CS0103: The name 'GraphPanel' does not exist in the current context [C:\Users\russel.mercado\source\repos\Yakult-System-New\Yakult.Inventory.App\Yakult.Inventory.App.csproj]
C:\Users\russel.mercado\source\repos\Yakult-System-New\Yakult.Inventory.App\Wpf\RepairPortal\Detail\Views\TimelineViewerWindow.xaml.cs(22,39): error CS0103: The name 'TablePanel' does not exist in the current context [C:\Users\russel.mercado\source\repos\Yakult-System-New\Yakult.Inventory.App\Yakult.Inventory.App.csproj]
C:\Users\russel.mercado\source\repos\Yakult-System-New\Yakult.Inventory.App\Wpf\RepairPortal\Detail\Views\TimelineViewerWindow.xaml.cs(23,13): error CS0103: The name 'GraphPanel' does not exist in the current context [C:\Users\russel.mercado\source\repos\Yakult-System-New\Yakult.Inventory.App\Yakult.Inventory.App.csproj]
C:\Users\russel.mercado\source\repos\Yakult-System-New\Yakult.Inventory.App\Wpf\RepairPortal\Detail\Views\TimelineViewerWindow.xaml.cs(24,13): error CS0103: The name 'TablePanel' does not exist in the current context [C:\Users\russel.mercado\source\repos\Yakult-System-New\Yakult.Inventory.App\Yakult.Inventory.App.csproj]
C:\Users\russel.mercado\source\repos\Yakult-System-New\Yakult.Inventory.App\Wpf\Admin\UserPositions\Views\UserPositionsView.xaml.cs(41,28): error CS0103: The name 'MainGrid' does not exist in the current context [C:\Users\russel.mercado\source\repos\Yakult-System-New\Yakult.Inventory.App\Yakult.Inventory.App.csproj]
C:\Users\russel.mercado\source\repos\Yakult-System-New\Yakult.Inventory.App\Wpf\RepairPortal\Detail\Views\TimelineViewerWindow.xaml.cs(29,17): error CS0103: The name 'GraphPanel' does not exist in the current context [C:\Users\russel.mercado\source\repos\Yakult-System-New\Yakult.Inventory.App\Yakult.Inventory.App.csproj]
C:\Users\russel.mercado\source\repos\Yakult-System-New\Yakult.Inventory.App\Wpf\RepairPortal\Detail\Views\TimelineViewerWindow.xaml.cs(29,39): error CS0103: The name 'TablePanel' does not exist in the current context [C:\Users\russel.mercado\source\repos\Yakult-System-New\Yakult.Inventory.App\Yakult.Inventory.App.csproj]
C:\Users\russel.mercado\source\repos\Yakult-System-New\Yakult.Inventory.App\Wpf\RepairPortal\Detail\Views\TimelineViewerWindow.xaml.cs(30,13): error CS0103: The name 'GraphPanel' does not exist in the current context [C:\Users\russel.mercado\source\repos\Yakult-System-New\Yakult.Inventory.App\Yakult.Inventory.App.csproj]
C:\Users\russel.mercado\source\repos\Yakult-System-New\Yakult.Inventory.App\Wpf\RepairPortal\Detail\Views\TimelineViewerWindow.xaml.cs(31,13): error CS0103: The name 'TablePanel' does not exist in the current context [C:\Users\russel.mercado\source\repos\Yakult-System-New\Yakult.Inventory.App\Yakult.Inventory.App.csproj]
C:\Users\russel.mercado\source\repos\Yakult-System-New\Yakult.Inventory.App\Wpf\Admin\AccountManagement\Dialogs\ShowDeptPasswordWindow.xaml.cs(28,13): error CS0103: The name 'BtnCopy' does not exist in the current context [C:\Users\russel.mercado\source\repos\Yakult-System-New\Yakult.Inventory.App\Yakult.Inventory.App.csproj]
C:\Users\russel.mercado\source\repos\Yakult-System-New\Yakult.Inventory.App\Wpf\Admin\AccountManagement\Dialogs\ShowDeptPasswordWindow.xaml.cs(29,13): error CS0103: The name 'BtnCopy' does not exist in the current context [C:\Users\russel.mercado\source\repos\Yakult-System-New\Yakult.Inventory.App\Yakult.Inventory.App.csproj]
C:\Users\russel.mercado\source\repos\Yakult-System-New\Yakult.Inventory.App\Wpf\Admin\AccountManagement\Dialogs\ShowDeptPasswordWindow.xaml.cs(36,17): error CS0103: The name 'BtnCopy' does not exist in the current context [C:\Users\russel.mercado\source\repos\Yakult-System-New\Yakult.Inventory.App\Yakult.Inventory.App.csproj]
C:\Users\russel.mercado\source\repos\Yakult-System-New\Yakult.Inventory.App\Wpf\Admin\AccountManagement\Dialogs\ShowDeptPasswordWindow.xaml.cs(37,17): error CS0103: The name 'BtnCopy' does not exist in the current context [C:\Users\russel.mercado\source\repos\Yakult-System-New\Yakult.Inventory.App\Yakult.Inventory.App.csproj]
C:\Users\russel.mercado\source\repos\Yakult-System-New\Yakult.Inventory.App\Wpf\Admin\AccountManagement\Dialogs\VerifyAdminPasswordWindow.xaml.cs(7,42): error CS0103: The name 'PwdEntry' does not exist in the current context [C:\Users\russel.mercado\source\repos\Yakult-System-New\Yakult.Inventory.App\Yakult.Inventory.App.csproj]
C:\Users\russel.mercado\source\repos\Yakult-System-New\Yakult.Inventory.App\Wpf\Admin\AccountManagement\Dialogs\VerifyAdminPasswordWindow.xaml.cs(11,13): error CS0103: The name 'InitializeComponent' does not exist in the current context [C:\Users\russel.mercado\source\repos\Yakult-System-New\Yakult.Inventory.App\Yakult.Inventory.App.csproj]
C:\Users\russel.mercado\source\repos\Yakult-System-New\Yakult.Inventory.App\Wpf\Admin\AccountManagement\Dialogs\VerifyAdminPasswordWindow.xaml.cs(12,13): error CS0103: The name 'TxtPrompt' does not exist in the current context [C:\Users\russel.mercado\source\repos\Yakult-System-New\Yakult.Inventory.App\Yakult.Inventory.App.csproj]
C:\Users\russel.mercado\source\repos\Yakult-System-New\Yakult.Inventory.App\Wpf\Admin\AccountManagement\Dialogs\VerifyAdminPasswordWindow.xaml.cs(13,13): error CS0103: The name 'PwdEntry' does not exist in the current context [C:\Users\russel.mercado\source\repos\Yakult-System-New\Yakult.Inventory.App\Yakult.Inventory.App.csproj]
C:\Users\russel.mercado\source\repos\Yakult-System-New\Yakult.Inventory.App\Wpf\Admin\AccountManagement\Dialogs\VerifyAdminPasswordWindow.xaml.cs(18,43): error CS0103: The name 'PwdEntry' does not exist in the current context [C:\Users\russel.mercado\source\repos\Yakult-System-New\Yakult.Inventory.App\Yakult.Inventory.App.csproj]
C:\Users\russel.mercado\source\repos\Yakult-System-New\Yakult.Inventory.App\Wpf\CartridgeManagement\Dialogs\PrintTransmittalDialog.xaml.cs(35,13): error CS0103: The name 'InitializeComponent' does not exist in the current context [C:\Users\russel.mercado\source\repos\Yakult-System-New\Yakult.Inventory.App\Yakult.Inventory.App.csproj]
C:\Users\russel.mercado\source\repos\Yakult-System-New\Yakult.Inventory.App\Wpf\RepairPortal\Detail\Views\RepairTimelineControl.xaml.cs(45,13): error CS0103: The name 'InitializeComponent' does not exist in the current context [C:\Users\russel.mercado\source\repos\Yakult-System-New\Yakult.Inventory.App\Yakult.Inventory.App.csproj]
C:\Users\russel.mercado\source\repos\Yakult-System-New\Yakult.Inventory.App\Wpf\CartridgeManagement\Dialogs\PrintTransmittalDialog.xaml.cs(62,17): error CS0103: The name '_gatepassCheck' does not exist in the current context [C:\Users\russel.mercado\source\repos\Yakult-System-New\Yakult.Inventory.App\Yakult.Inventory.App.csproj]
C:\Users\russel.mercado\source\repos\Yakult-System-New\Yakult.Inventory.App\Wpf\CartridgeManagement\Dialogs\PrintTransmittalDialog.xaml.cs(63,17): error CS0103: The name '_transmittalCheck' does not exist in the current context [C:\Users\russel.mercado\source\repos\Yakult-System-New\Yakult.Inventory.App\Yakult.Inventory.App.csproj]
C:\Users\russel.mercado\source\repos\Yakult-System-New\Yakult.Inventory.App\Wpf\CartridgeManagement\Dialogs\PrintTransmittalDialog.xaml.cs(64,17): error CS0103: The name '_fileCheck' does not exist in the current context [C:\Users\russel.mercado\source\repos\Yakult-System-New\Yakult.Inventory.App\Yakult.Inventory.App.csproj]
C:\Users\russel.mercado\source\repos\Yakult-System-New\Yakult.Inventory.App\Wpf\RepairPortal\Detail\Views\EvidenceViewerWindow.xaml.cs(78,13): error CS0103: The name 'InitializeComponent' does not exist in the current context [C:\Users\russel.mercado\source\repos\Yakult-System-New\Yakult.Inventory.App\Yakult.Inventory.App.csproj]
C:\Users\russel.mercado\source\repos\Yakult-System-New\Yakult.Inventory.App\Wpf\RepairPortal\Detail\Views\EvidenceViewerWindow.xaml.cs(88,13): error CS0103: The name 'SpeedCombo' does not exist in the current context [C:\Users\russel.mercado\source\repos\Yakult-System-New\Yakult.Inventory.App\Yakult.Inventory.App.csproj]
C:\Users\russel.mercado\source\repos\Yakult-System-New\Yakult.Inventory.App\Wpf\RepairPortal\Detail\Views\EvidenceViewerWindow.xaml.cs(89,13): error CS0103: The name 'SpeedCombo' does not exist in the current context [C:\Users\russel.mercado\source\repos\Yakult-System-New\Yakult.Inventory.App\Yakult.Inventory.App.csproj]
C:\Users\russel.mercado\source\repos\Yakult-System-New\Yakult.Inventory.App\Wpf\CartridgeManagement\Dialogs\PrintTransmittalDialog.xaml.cs(76,13): error CS0103: The name '_printButton' does not exist in the current context [C:\Users\russel.mercado\source\repos\Yakult-System-New\Yakult.Inventory.App\Yakult.Inventory.App.csproj]
C:\Users\russel.mercado\source\repos\Yakult-System-New\Yakult.Inventory.App\Wpf\CartridgeManagement\Dialogs\PrintTransmittalDialog.xaml.cs(78,13): error CS0103: The name '_previewPanel' does not exist in the current context [C:\Users\russel.mercado\source\repos\Yakult-System-New\Yakult.Inventory.App\Yakult.Inventory.App.csproj]
C:\Users\russel.mercado\source\repos\Yakult-System-New\Yakult.Inventory.App\Wpf\CartridgeManagement\Dialogs\PrintTransmittalDialog.xaml.cs(82,17): error CS0103: The name '_descriptionText' does not exist in the current context [C:\Users\russel.mercado\source\repos\Yakult-System-New\Yakult.Inventory.App\Yakult.Inventory.App.csproj]
C:\Users\russel.mercado\source\repos\Yakult-System-New\Yakult.Inventory.App\Wpf\CartridgeManagement\Dialogs\PrintTransmittalDialog.xaml.cs(91,13): error CS0103: The name '_descriptionText' does not exist in the current context [C:\Users\russel.mercado\source\repos\Yakult-System-New\Yakult.Inventory.App\Yakult.Inventory.App.csproj]
C:\Users\russel.mercado\source\repos\Yakult-System-New\Yakult.Inventory.App\Wpf\CartridgeManagement\Dialogs\PrintTransmittalDialog.xaml.cs(126,17): error CS0103: The name '_previewPanel' does not exist in the current context [C:\Users\russel.mercado\source\repos\Yakult-System-New\Yakult.Inventory.App\Yakult.Inventory.App.csproj]
C:\Users\russel.mercado\source\repos\Yakult-System-New\Yakult.Inventory.App\Wpf\RepairPortal\Detail\Views\EvidenceViewerWindow.xaml.cs(105,13): error CS0103: The name 'ImageHost' does not exist in the current context [C:\Users\russel.mercado\source\repos\Yakult-System-New\Yakult.Inventory.App\Yakult.Inventory.App.csproj]
C:\Users\russel.mercado\source\repos\Yakult-System-New\Yakult.Inventory.App\Wpf\RepairPortal\Detail\Views\EvidenceViewerWindow.xaml.cs(106,13): error CS0103: The name 'VideoHost' does not exist in the current context [C:\Users\russel.mercado\source\repos\Yakult-System-New\Yakult.Inventory.App\Yakult.Inventory.App.csproj]
C:\Users\russel.mercado\source\repos\Yakult-System-New\Yakult.Inventory.App\Wpf\RepairPortal\Detail\Views\EvidenceViewerWindow.xaml.cs(107,13): error CS0103: The name 'DocumentHost' does not exist in the current context [C:\Users\russel.mercado\source\repos\Yakult-System-New\Yakult.Inventory.App\Yakult.Inventory.App.csproj]
C:\Users\russel.mercado\source\repos\Yakult-System-New\Yakult.Inventory.App\Wpf\RepairPortal\Detail\Views\EvidenceViewerWindow.xaml.cs(108,13): error CS0103: The name 'VideoControlsBar' does not exist in the current context [C:\Users\russel.mercado\source\repos\Yakult-System-New\Yakult.Inventory.App\Yakult.Inventory.App.csproj]
C:\Users\russel.mercado\source\repos\Yakult-System-New\Yakult.Inventory.App\Wpf\RepairPortal\Detail\Views\EvidenceViewerWindow.xaml.cs(109,13): error CS0103: The name 'LoadingIndicator' does not exist in the current context [C:\Users\russel.mercado\source\repos\Yakult-System-New\Yakult.Inventory.App\Yakult.Inventory.App.csproj]
C:\Users\russel.mercado\source\repos\Yakult-System-New\Yakult.Inventory.App\Wpf\RepairPortal\Detail\Views\EvidenceViewerWindow.xaml.cs(112,13): error CS0103: The name 'FileNameText' does not exist in the current context [C:\Users\russel.mercado\source\repos\Yakult-System-New\Yakult.Inventory.App\Yakult.Inventory.App.csproj]
C:\Users\russel.mercado\source\repos\Yakult-System-New\Yakult.Inventory.App\Wpf\RepairPortal\Detail\Views\EvidenceViewerWindow.xaml.cs(113,13): error CS0103: The name 'SourceLabelText' does not exist in the current context [C:\Users\russel.mercado\source\repos\Yakult-System-New\Yakult.Inventory.App\Yakult.Inventory.App.csproj]
C:\Users\russel.mercado\source\repos\Yakult-System-New\Yakult.Inventory.App\Wpf\RepairPortal\Detail\Views\EvidenceViewerWindow.xaml.cs(114,13): error CS0103: The name 'SourceLabelText' does not exist in the current context [C:\Users\russel.mercado\source\repos\Yakult-System-New\Yakult.Inventory.App\Yakult.Inventory.App.csproj]
C:\Users\russel.mercado\source\repos\Yakult-System-New\Yakult.Inventory.App\Wpf\RepairPortal\Detail\Views\EvidenceViewerWindow.xaml.cs(115,13): error CS0103: The name 'PositionText' does not exist in the current context [C:\Users\russel.mercado\source\repos\Yakult-System-New\Yakult.Inventory.App\Yakult.Inventory.App.csproj]
C:\Users\russel.mercado\source\repos\Yakult-System-New\Yakult.Inventory.App\Wpf\RepairPortal\Detail\Views\EvidenceViewerWindow.xaml.cs(119,17): error CS0103: The name 'LoadingIndicator' does not exist in the current context [C:\Users\russel.mercado\source\repos\Yakult-System-New\Yakult.Inventory.App\Yakult.Inventory.App.csproj]
C:\Users\russel.mercado\source\repos\Yakult-System-New\Yakult.Inventory.App\Wpf\RepairPortal\Detail\Views\EvidenceViewerWindow.xaml.cs(129,21): error CS0103: The name 'LoadingIndicator' does not exist in the current context [C:\Users\russel.mercado\source\repos\Yakult-System-New\Yakult.Inventory.App\Yakult.Inventory.App.csproj]
C:\Users\russel.mercado\source\repos\Yakult-System-New\Yakult.Inventory.App\Wpf\RepairPortal\Detail\Views\EvidenceViewerWindow.xaml.cs(135,13): error CS0103: The name 'LoadingIndicator' does not exist in the current context [C:\Users\russel.mercado\source\repos\Yakult-System-New\Yakult.Inventory.App\Yakult.Inventory.App.csproj]
C:\Users\russel.mercado\source\repos\Yakult-System-New\Yakult.Inventory.App\Wpf\RepairPortal\Detail\Views\EvidenceViewerWindow.xaml.cs(139,17): error CS0103: The name 'ImageHost' does not exist in the current context [C:\Users\russel.mercado\source\repos\Yakult-System-New\Yakult.Inventory.App\Yakult.Inventory.App.csproj]
C:\Users\russel.mercado\source\repos\Yakult-System-New\Yakult.Inventory.App\Wpf\RepairPortal\Detail\Views\EvidenceViewerWindow.xaml.cs(140,17): error CS0103: The name 'ImageHost' does not exist in the current context [C:\Users\russel.mercado\source\repos\Yakult-System-New\Yakult.Inventory.App\Yakult.Inventory.App.csproj]
C:\Users\russel.mercado\source\repos\Yakult-System-New\Yakult.Inventory.App\Wpf\RepairPortal\Detail\Views\EvidenceViewerWindow.xaml.cs(144,17): error CS0103: The name 'VideoHost' does not exist in the current context [C:\Users\russel.mercado\source\repos\Yakult-System-New\Yakult.Inventory.App\Yakult.Inventory.App.csproj]
C:\Users\russel.mercado\source\repos\Yakult-System-New\Yakult.Inventory.App\Wpf\RepairPortal\Detail\Views\EvidenceViewerWindow.xaml.cs(145,17): error CS0103: The name 'VideoControlsBar' does not exist in the current context [C:\Users\russel.mercado\source\repos\Yakult-System-New\Yakult.Inventory.App\Yakult.Inventory.App.csproj]
C:\Users\russel.mercado\source\repos\Yakult-System-New\Yakult.Inventory.App\Wpf\RepairPortal\Detail\Views\EvidenceViewerWindow.xaml.cs(150,17): error CS0103: The name 'DocumentHost' does not exist in the current context [C:\Users\russel.mercado\source\repos\Yakult-System-New\Yakult.Inventory.App\Yakult.Inventory.App.csproj]
C:\Users\russel.mercado\source\repos\Yakult-System-New\Yakult.Inventory.App\Wpf\RepairPortal\Detail\Views\EvidenceViewerWindow.xaml.cs(151,17): error CS0103: The name 'DocumentNameText' does not exist in the current context [C:\Users\russel.mercado\source\repos\Yakult-System-New\Yakult.Inventory.App\Yakult.Inventory.App.csproj]
C:\Users\russel.mercado\source\repos\Yakult-System-New\Yakult.Inventory.App\Wpf\CartridgeManagement\Dialogs\OutboundBatchAssignmentWpfDialog.xaml.cs(53,13): error CS0103: The name 'InitializeComponent' does not exist in the current context [C:\Users\russel.mercado\source\repos\Yakult-System-New\Yakult.Inventory.App\Yakult.Inventory.App.csproj]
C:\Users\russel.mercado\source\repos\Yakult-System-New\Yakult.Inventory.App\Wpf\CartridgeManagement\Dialogs\OutboundBatchAssignmentWpfDialog.xaml.cs(55,13): error CS0103: The name 'ReturnsGrid' does not exist in the current context [C:\Users\russel.mercado\source\repos\Yakult-System-New\Yakult.Inventory.App\Yakult.Inventory.App.csproj]
C:\Users\russel.mercado\source\repos\Yakult-System-New\Yakult.Inventory.App\Wpf\CartridgeManagement\Dialogs\OutboundBatchAssignmentWpfDialog.xaml.cs(56,13): error CS0103: The name 'ModelCards' does not exist in the current context [C:\Users\russel.mercado\source\repos\Yakult-System-New\Yakult.Inventory.App\Yakult.Inventory.App.csproj]
C:\Users\russel.mercado\source\repos\Yakult-System-New\Yakult.Inventory.App\Wpf\RepairPortal\Detail\Views\EvidenceViewerWindow.xaml.cs(187,17): error CS0103: The name 'VideoHost' does not exist in the current context [C:\Users\russel.mercado\source\repos\Yakult-System-New\Yakult.Inventory.App\Yakult.Inventory.App.csproj]
C:\Users\russel.mercado\source\repos\Yakult-System-New\Yakult.Inventory.App\Wpf\RepairPortal\Detail\Views\EvidenceViewerWindow.xaml.cs(189,17): error CS0103: The name 'SeekSlider' does not exist in the current context [C:\Users\russel.mercado\source\repos\Yakult-System-New\Yakult.Inventory.App\Yakult.Inventory.App.csproj]
C:\Users\russel.mercado\source\repos\Yakult-System-New\Yakult.Inventory.App\Wpf\RepairPortal\Detail\Views\EvidenceViewerWindow.xaml.cs(190,17): error CS0103: The name 'ElapsedTimeText' does not exist in the current context [C:\Users\russel.mercado\source\repos\Yakult-System-New\Yakult.Inventory.App\Yakult.Inventory.App.csproj]
C:\Users\russel.mercado\source\repos\Yakult-System-New\Yakult.Inventory.App\Wpf\RepairPortal\Detail\Views\EvidenceViewerWindow.xaml.cs(191,17): error CS0103: The name 'TotalTimeText' does not exist in the current context [C:\Users\russel.mercado\source\repos\Yakult-System-New\Yakult.Inventory.App\Yakult.Inventory.App.csproj]
C:\Users\russel.mercado\source\repos\Yakult-System-New\Yakult.Inventory.App\Wpf\RepairPortal\Detail\Views\EvidenceViewerWindow.xaml.cs(192,17): error CS0103: The name 'SpeedCombo' does not exist in the current context [C:\Users\russel.mercado\source\repos\Yakult-System-New\Yakult.Inventory.App\Yakult.Inventory.App.csproj]
C:\Users\russel.mercado\source\repos\Yakult-System-New\Yakult.Inventory.App\Wpf\RepairPortal\Detail\Views\EvidenceViewerWindow.xaml.cs(193,17): error CS0103: The name 'VideoHost' does not exist in the current context [C:\Users\russel.mercado\source\repos\Yakult-System-New\Yakult.Inventory.App\Yakult.Inventory.App.csproj]
C:\Users\russel.mercado\source\repos\Yakult-System-New\Yakult.Inventory.App\Wpf\RepairPortal\Detail\Views\EvidenceViewerWindow.xaml.cs(195,17): error CS0103: The name 'VideoHost' does not exist in the current context [C:\Users\russel.mercado\source\repos\Yakult-System-New\Yakult.Inventory.App\Yakult.Inventory.App.csproj]
C:\Users\russel.mercado\source\repos\Yakult-System-New\Yakult.Inventory.App\Wpf\RepairPortal\Detail\Views\EvidenceViewerWindow.xaml.cs(196,17): error CS0103: The name 'VideoHost' does not exist in the current context [C:\Users\russel.mercado\source\repos\Yakult-System-New\Yakult.Inventory.App\Yakult.Inventory.App.csproj]
C:\Users\russel.mercado\source\repos\Yakult-System-New\Yakult.Inventory.App\Wpf\RepairPortal\Detail\Views\EvidenceViewerWindow.xaml.cs(198,17): error CS0103: The name 'PlayPauseButton' does not exist in the current context [C:\Users\russel.mercado\source\repos\Yakult-System-New\Yakult.Inventory.App\Yakult.Inventory.App.csproj]
C:\Users\russel.mercado\source\repos\Yakult-System-New\Yakult.Inventory.App\Wpf\RepairPortal\Detail\Views\EvidenceViewerWindow.xaml.cs(210,17): error CS0103: The name 'VideoHost' does not exist in the current context [C:\Users\russel.mercado\source\repos\Yakult-System-New\Yakult.Inventory.App\Yakult.Inventory.App.csproj]
C:\Users\russel.mercado\source\repos\Yakult-System-New\Yakult.Inventory.App\Wpf\RepairPortal\Detail\Views\EvidenceViewerWindow.xaml.cs(212,29): error CS0103: The name 'VideoHost' does not exist in the current context [C:\Users\russel.mercado\source\repos\Yakult-System-New\Yakult.Inventory.App\Yakult.Inventory.App.csproj]
C:\Users\russel.mercado\source\repos\Yakult-System-New\Yakult.Inventory.App\Wpf\RepairPortal\Detail\Views\EvidenceViewerWindow.xaml.cs(213,17): error CS0103: The name 'SeekSlider' does not exist in the current context [C:\Users\russel.mercado\source\repos\Yakult-System-New\Yakult.Inventory.App\Yakult.Inventory.App.csproj]
C:\Users\russel.mercado\source\repos\Yakult-System-New\Yakult.Inventory.App\Wpf\RepairPortal\Detail\Views\EvidenceViewerWindow.xaml.cs(214,17): error CS0103: The name 'TotalTimeText' does not exist in the current context [C:\Users\russel.mercado\source\repos\Yakult-System-New\Yakult.Inventory.App\Yakult.Inventory.App.csproj]
C:\Users\russel.mercado\source\repos\Yakult-System-New\Yakult.Inventory.App\Wpf\RepairPortal\Detail\Views\EvidenceViewerWindow.xaml.cs(222,13): error CS0103: The name 'PlayPauseButton' does not exist in the current context [C:\Users\russel.mercado\source\repos\Yakult-System-New\Yakult.Inventory.App\Yakult.Inventory.App.csproj]
C:\Users\russel.mercado\source\repos\Yakult-System-New\Yakult.Inventory.App\Wpf\RepairPortal\Detail\Views\EvidenceViewerWindow.xaml.cs(223,13): error CS0103: The name 'VideoHost' does not exist in the current context [C:\Users\russel.mercado\source\repos\Yakult-System-New\Yakult.Inventory.App\Yakult.Inventory.App.csproj]
C:\Users\russel.mercado\source\repos\Yakult-System-New\Yakult.Inventory.App\Wpf\RepairPortal\Detail\Views\EvidenceViewerWindow.xaml.cs(224,13): error CS0103: The name 'SeekSlider' does not exist in the current context [C:\Users\russel.mercado\source\repos\Yakult-System-New\Yakult.Inventory.App\Yakult.Inventory.App.csproj]
C:\Users\russel.mercado\source\repos\Yakult-System-New\Yakult.Inventory.App\Wpf\RepairPortal\Detail\Views\EvidenceViewerWindow.xaml.cs(225,13): error CS0103: The name 'ElapsedTimeText' does not exist in the current context [C:\Users\russel.mercado\source\repos\Yakult-System-New\Yakult.Inventory.App\Yakult.Inventory.App.csproj]
C:\Users\russel.mercado\source\repos\Yakult-System-New\Yakult.Inventory.App\Wpf\RepairPortal\Detail\Views\EvidenceViewerWindow.xaml.cs(230,17): error CS0103: The name 'VideoHost' does not exist in the current context [C:\Users\russel.mercado\source\repos\Yakult-System-New\Yakult.Inventory.App\Yakult.Inventory.App.csproj]
C:\Users\russel.mercado\source\repos\Yakult-System-New\Yakult.Inventory.App\Wpf\RepairPortal\Detail\Views\EvidenceViewerWindow.xaml.cs(234,17): error CS0103: The name 'VideoHost' does not exist in the current context [C:\Users\russel.mercado\source\repos\Yakult-System-New\Yakult.Inventory.App\Yakult.Inventory.App.csproj]
C:\Users\russel.mercado\source\repos\Yakult-System-New\Yakult.Inventory.App\Wpf\RepairPortal\Detail\Views\EvidenceViewerWindow.xaml.cs(237,17): error CS0103: The name 'PlayPauseButton' does not exist in the current context [C:\Users\russel.mercado\source\repos\Yakult-System-New\Yakult.Inventory.App\Yakult.Inventory.App.csproj]
C:\Users\russel.mercado\source\repos\Yakult-System-New\Yakult.Inventory.App\Wpf\RepairPortal\Detail\Views\EvidenceViewerWindow.xaml.cs(241,17): error CS0103: The name 'VideoHost' does not exist in the current context [C:\Users\russel.mercado\source\repos\Yakult-System-New\Yakult.Inventory.App\Yakult.Inventory.App.csproj]
C:\Users\russel.mercado\source\repos\Yakult-System-New\Yakult.Inventory.App\Wpf\RepairPortal\Detail\Views\EvidenceViewerWindow.xaml.cs(244,17): error CS0103: The name 'PlayPauseButton' does not exist in the current context [C:\Users\russel.mercado\source\repos\Yakult-System-New\Yakult.Inventory.App\Yakult.Inventory.App.csproj]
C:\Users\russel.mercado\source\repos\Yakult-System-New\Yakult.Inventory.App\Wpf\RepairPortal\Detail\Views\EvidenceViewerWindow.xaml.cs(252,13): error CS0103: The name 'SeekSlider' does not exist in the current context [C:\Users\russel.mercado\source\repos\Yakult-System-New\Yakult.Inventory.App\Yakult.Inventory.App.csproj]
C:\Users\russel.mercado\source\repos\Yakult-System-New\Yakult.Inventory.App\Wpf\RepairPortal\Detail\Views\EvidenceViewerWindow.xaml.cs(253,13): error CS0103: The name 'SeekSlider' does not exist in the current context [C:\Users\russel.mercado\source\repos\Yakult-System-New\Yakult.Inventory.App\Yakult.Inventory.App.csproj]
C:\Users\russel.mercado\source\repos\Yakult-System-New\Yakult.Inventory.App\Wpf\RepairPortal\Detail\Views\EvidenceViewerWindow.xaml.cs(253,32): error CS0103: The name 'VideoHost' does not exist in the current context [C:\Users\russel.mercado\source\repos\Yakult-System-New\Yakult.Inventory.App\Yakult.Inventory.App.csproj]
C:\Users\russel.mercado\source\repos\Yakult-System-New\Yakult.Inventory.App\Wpf\RepairPortal\Detail\Views\EvidenceViewerWindow.xaml.cs(254,13): error CS0103: The name 'SeekSlider' does not exist in the current context [C:\Users\russel.mercado\source\repos\Yakult-System-New\Yakult.Inventory.App\Yakult.Inventory.App.csproj]
C:\Users\russel.mercado\source\repos\Yakult-System-New\Yakult.Inventory.App\Wpf\RepairPortal\Detail\Views\EvidenceViewerWindow.xaml.cs(256,13): error CS0103: The name 'ElapsedTimeText' does not exist in the current context [C:\Users\russel.mercado\source\repos\Yakult-System-New\Yakult.Inventory.App\Yakult.Inventory.App.csproj]
C:\Users\russel.mercado\source\repos\Yakult-System-New\Yakult.Inventory.App\Wpf\RepairPortal\Detail\Views\EvidenceViewerWindow.xaml.cs(256,47): error CS0103: The name 'VideoHost' does not exist in the current context [C:\Users\russel.mercado\source\repos\Yakult-System-New\Yakult.Inventory.App\Yakult.Inventory.App.csproj]
C:\Users\russel.mercado\source\repos\Yakult-System-New\Yakult.Inventory.App\Wpf\Admin\AccountManagement\Dialogs\ChangeDeptPasswordWindow.xaml.cs(12,13): error CS0103: The name 'InitializeComponent' does not exist in the current context [C:\Users\russel.mercado\source\repos\Yakult-System-New\Yakult.Inventory.App\Yakult.Inventory.App.csproj]
C:\Users\russel.mercado\source\repos\Yakult-System-New\Yakult.Inventory.App\Wpf\RepairPortal\Detail\Views\EvidenceViewerWindow.xaml.cs(264,13): error CS0103: The name 'VideoHost' does not exist in the current context [C:\Users\russel.mercado\source\repos\Yakult-System-New\Yakult.Inventory.App\Yakult.Inventory.App.csproj]
C:\Users\russel.mercado\source\repos\Yakult-System-New\Yakult.Inventory.App\Wpf\RepairPortal\Detail\Views\EvidenceViewerWindow.xaml.cs(264,55): error CS0103: The name 'SeekSlider' does not exist in the current context [C:\Users\russel.mercado\source\repos\Yakult-System-New\Yakult.Inventory.App\Yakult.Inventory.App.csproj]
C:\Users\russel.mercado\source\repos\Yakult-System-New\Yakult.Inventory.App\Wpf\Admin\AccountManagement\Dialogs\ChangeDeptPasswordWindow.xaml.cs(13,13): error CS0103: The name 'TxtCompanyValue' does not exist in the current context [C:\Users\russel.mercado\source\repos\Yakult-System-New\Yakult.Inventory.App\Yakult.Inventory.App.csproj]
C:\Users\russel.mercado\source\repos\Yakult-System-New\Yakult.Inventory.App\Wpf\Admin\AccountManagement\Dialogs\ChangeDeptPasswordWindow.xaml.cs(14,13): error CS0103: The name 'TxtDeptValue' does not exist in the current context [C:\Users\russel.mercado\source\repos\Yakult-System-New\Yakult.Inventory.App\Yakult.Inventory.App.csproj]
C:\Users\russel.mercado\source\repos\Yakult-System-New\Yakult.Inventory.App\Wpf\Admin\AccountManagement\Dialogs\ChangeDeptPasswordWindow.xaml.cs(15,13): error CS0103: The name 'TxtBranchValue' does not exist in the current context [C:\Users\russel.mercado\source\repos\Yakult-System-New\Yakult.Inventory.App\Yakult.Inventory.App.csproj]
C:\Users\russel.mercado\source\repos\Yakult-System-New\Yakult.Inventory.App\Wpf\Admin\AccountManagement\Dialogs\ChangeDeptPasswordWindow.xaml.cs(16,13): error CS0103: The name 'PwdNew' does not exist in the current context [C:\Users\russel.mercado\source\repos\Yakult-System-New\Yakult.Inventory.App\Yakult.Inventory.App.csproj]
C:\Users\russel.mercado\source\repos\Yakult-System-New\Yakult.Inventory.App\Wpf\RepairPortal\Detail\Views\EvidenceViewerWindow.xaml.cs(270,17): error CS0103: The name 'ElapsedTimeText' does not exist in the current context [C:\Users\russel.mercado\source\repos\Yakult-System-New\Yakult.Inventory.App\Yakult.Inventory.App.csproj]
C:\Users\russel.mercado\source\repos\Yakult-System-New\Yakult.Inventory.App\Wpf\Admin\AccountManagement\Dialogs\ChangeDeptPasswordWindow.xaml.cs(21,25): error CS0103: The name 'ChkShow' does not exist in the current context [C:\Users\russel.mercado\source\repos\Yakult-System-New\Yakult.Inventory.App\Yakult.Inventory.App.csproj]
C:\Users\russel.mercado\source\repos\Yakult-System-New\Yakult.Inventory.App\Wpf\Admin\AccountManagement\Dialogs\ChangeDeptPasswordWindow.xaml.cs(24,17): error CS0103: The name 'TxtNewVisible' does not exist in the current context [C:\Users\russel.mercado\source\repos\Yakult-System-New\Yakult.Inventory.App\Yakult.Inventory.App.csproj]
C:\Users\russel.mercado\source\repos\Yakult-System-New\Yakult.Inventory.App\Wpf\Admin\AccountManagement\Dialogs\ChangeDeptPasswordWindow.xaml.cs(24,39): error CS0103: The name 'PwdNew' does not exist in the current context [C:\Users\russel.mercado\source\repos\Yakult-System-New\Yakult.Inventory.App\Yakult.Inventory.App.csproj]
C:\Users\russel.mercado\source\repos\Yakult-System-New\Yakult.Inventory.App\Wpf\Admin\AccountManagement\Dialogs\ChangeDeptPasswordWindow.xaml.cs(25,17): error CS0103: The name 'TxtConfVisible' does not exist in the current context [C:\Users\russel.mercado\source\repos\Yakult-System-New\Yakult.Inventory.App\Yakult.Inventory.App.csproj]
C:\Users\russel.mercado\source\repos\Yakult-System-New\Yakult.Inventory.App\Wpf\Admin\AccountManagement\Dialogs\ChangeDeptPasswordWindow.xaml.cs(25,39): error CS0103: The name 'PwdConfirm' does not exist in the current context [C:\Users\russel.mercado\source\repos\Yakult-System-New\Yakult.Inventory.App\Yakult.Inventory.App.csproj]
C:\Users\russel.mercado\source\repos\Yakult-System-New\Yakult.Inventory.App\Wpf\Admin\AccountManagement\Dialogs\ChangeDeptPasswordWindow.xaml.cs(26,17): error CS0103: The name 'PwdNew' does not exist in the current context [C:\Users\russel.mercado\source\repos\Yakult-System-New\Yakult.Inventory.App\Yakult.Inventory.App.csproj]
C:\Users\russel.mercado\source\repos\Yakult-System-New\Yakult.Inventory.App\Wpf\Admin\AccountManagement\Dialogs\ChangeDeptPasswordWindow.xaml.cs(27,17): error CS0103: The name 'PwdConfirm' does not exist in the current context [C:\Users\russel.mercado\source\repos\Yakult-System-New\Yakult.Inventory.App\Yakult.Inventory.App.csproj]
C:\Users\russel.mercado\source\repos\Yakult-System-New\Yakult.Inventory.App\Wpf\Admin\AccountManagement\Dialogs\ChangeDeptPasswordWindow.xaml.cs(28,17): error CS0103: The name 'TxtNewVisible' does not exist in the current context [C:\Users\russel.mercado\source\repos\Yakult-System-New\Yakult.Inventory.App\Yakult.Inventory.App.csproj]
C:\Users\russel.mercado\source\repos\Yakult-System-New\Yakult.Inventory.App\Wpf\Admin\AccountManagement\Dialogs\ChangeDeptPasswordWindow.xaml.cs(29,17): error CS0103: The name 'TxtConfVisible' does not exist in the current context [C:\Users\russel.mercado\source\repos\Yakult-System-New\Yakult.Inventory.App\Yakult.Inventory.App.csproj]
C:\Users\russel.mercado\source\repos\Yakult-System-New\Yakult.Inventory.App\Wpf\Admin\AccountManagement\Dialogs\ChangeDeptPasswordWindow.xaml.cs(33,17): error CS0103: The name 'PwdNew' does not exist in the current context [C:\Users\russel.mercado\source\repos\Yakult-System-New\Yakult.Inventory.App\Yakult.Inventory.App.csproj]
C:\Users\russel.mercado\source\repos\Yakult-System-New\Yakult.Inventory.App\Wpf\Admin\AccountManagement\Dialogs\ChangeDeptPasswordWindow.xaml.cs(33,39): error CS0103: The name 'TxtNewVisible' does not exist in the current context [C:\Users\russel.mercado\source\repos\Yakult-System-New\Yakult.Inventory.App\Yakult.Inventory.App.csproj]
C:\Users\russel.mercado\source\repos\Yakult-System-New\Yakult.Inventory.App\Wpf\Admin\AccountManagement\Dialogs\ChangeDeptPasswordWindow.xaml.cs(34,17): error CS0103: The name 'PwdConfirm' does not exist in the current context [C:\Users\russel.mercado\source\repos\Yakult-System-New\Yakult.Inventory.App\Yakult.Inventory.App.csproj]
C:\Users\russel.mercado\source\repos\Yakult-System-New\Yakult.Inventory.App\Wpf\Admin\AccountManagement\Dialogs\ChangeDeptPasswordWindow.xaml.cs(34,39): error CS0103: The name 'TxtConfVisible' does not exist in the current context [C:\Users\russel.mercado\source\repos\Yakult-System-New\Yakult.Inventory.App\Yakult.Inventory.App.csproj]
C:\Users\russel.mercado\source\repos\Yakult-System-New\Yakult.Inventory.App\Wpf\Admin\AccountManagement\Dialogs\ChangeDeptPasswordWindow.xaml.cs(35,17): error CS0103: The name 'TxtNewVisible' does not exist in the current context [C:\Users\russel.mercado\source\repos\Yakult-System-New\Yakult.Inventory.App\Yakult.Inventory.App.csproj]
C:\Users\russel.mercado\source\repos\Yakult-System-New\Yakult.Inventory.App\Wpf\Admin\AccountManagement\Dialogs\ChangeDeptPasswordWindow.xaml.cs(36,17): error CS0103: The name 'TxtConfVisible' does not exist in the current context [C:\Users\russel.mercado\source\repos\Yakult-System-New\Yakult.Inventory.App\Yakult.Inventory.App.csproj]
C:\Users\russel.mercado\source\repos\Yakult-System-New\Yakult.Inventory.App\Wpf\Admin\AccountManagement\Dialogs\ChangeDeptPasswordWindow.xaml.cs(37,17): error CS0103: The name 'PwdNew' does not exist in the current context [C:\Users\russel.mercado\source\repos\Yakult-System-New\Yakult.Inventory.App\Yakult.Inventory.App.csproj]
C:\Users\russel.mercado\source\repos\Yakult-System-New\Yakult.Inventory.App\Wpf\Admin\AccountManagement\Dialogs\ChangeDeptPasswordWindow.xaml.cs(38,17): error CS0103: The name 'PwdConfirm' does not exist in the current context [C:\Users\russel.mercado\source\repos\Yakult-System-New\Yakult.Inventory.App\Yakult.Inventory.App.csproj]
C:\Users\russel.mercado\source\repos\Yakult-System-New\Yakult.Inventory.App\Wpf\RepairPortal\Detail\Views\EvidenceViewerWindow.xaml.cs(275,19): error CS0103: The name 'SpeedCombo' does not exist in the current context [C:\Users\russel.mercado\source\repos\Yakult-System-New\Yakult.Inventory.App\Yakult.Inventory.App.csproj]
C:\Users\russel.mercado\source\repos\Yakult-System-New\Yakult.Inventory.App\Wpf\RepairPortal\Detail\Views\EvidenceViewerWindow.xaml.cs(276,17): error CS0103: The name 'VideoHost' does not exist in the current context [C:\Users\russel.mercado\source\repos\Yakult-System-New\Yakult.Inventory.App\Yakult.Inventory.App.csproj]
C:\Users\russel.mercado\source\repos\Yakult-System-New\Yakult.Inventory.App\Wpf\RepairPortal\Detail\Views\EvidenceViewerWindow.xaml.cs(281,17): error CS0103: The name 'VideoHost' does not exist in the current context [C:\Users\russel.mercado\source\repos\Yakult-System-New\Yakult.Inventory.App\Yakult.Inventory.App.csproj]
C:\Users\russel.mercado\source\repos\Yakult-System-New\Yakult.Inventory.App\Wpf\CartridgeManagement\Dialogs\OutboundBatchAssignmentWpfDialog.xaml.cs(67,13): error CS0103: The name 'BtnNext' does not exist in the current context [C:\Users\russel.mercado\source\repos\Yakult-System-New\Yakult.Inventory.App\Yakult.Inventory.App.csproj]
C:\Users\russel.mercado\source\repos\Yakult-System-New\Yakult.Inventory.App\Wpf\CartridgeManagement\Dialogs\OutboundBatchAssignmentWpfDialog.xaml.cs(74,17): error CS0103: The name 'CmbModelFilter' does not exist in the current context [C:\Users\russel.mercado\source\repos\Yakult-System-New\Yakult.Inventory.App\Yakult.Inventory.App.csproj]
C:\Users\russel.mercado\source\repos\Yakult-System-New\Yakult.Inventory.App\Wpf\CartridgeManagement\Dialogs\OutboundBatchAssignmentWpfDialog.xaml.cs(78,17): error CS0103: The name 'CmbModelFilter' does not exist in the current context [C:\Users\russel.mercado\source\repos\Yakult-System-New\Yakult.Inventory.App\Yakult.Inventory.App.csproj]
C:\Users\russel.mercado\source\repos\Yakult-System-New\Yakult.Inventory.App\Wpf\CartridgeManagement\Dialogs\OutboundBatchAssignmentWpfDialog.xaml.cs(84,21): error CS0103: The name 'CmbModelFilter' does not exist in the current context [C:\Users\russel.mercado\source\repos\Yakult-System-New\Yakult.Inventory.App\Yakult.Inventory.App.csproj]
C:\Users\russel.mercado\source\repos\Yakult-System-New\Yakult.Inventory.App\Wpf\CartridgeManagement\Dialogs\OutboundBatchAssignmentWpfDialog.xaml.cs(87,17): error CS0103: The name 'CmbModelFilter' does not exist in the current context [C:\Users\russel.mercado\source\repos\Yakult-System-New\Yakult.Inventory.App\Yakult.Inventory.App.csproj]
C:\Users\russel.mercado\source\repos\Yakult-System-New\Yakult.Inventory.App\Wpf\CartridgeManagement\Dialogs\OutboundBatchAssignmentWpfDialog.xaml.cs(98,17): error CS0103: The name 'BtnNext' does not exist in the current context [C:\Users\russel.mercado\source\repos\Yakult-System-New\Yakult.Inventory.App\Yakult.Inventory.App.csproj]
C:\Users\russel.mercado\source\repos\Yakult-System-New\Yakult.Inventory.App\Wpf\Admin\AccountManagement\Dialogs\ChangeDeptPasswordWindow.xaml.cs(44,30): error CS0103: The name 'ChkShow' does not exist in the current context [C:\Users\russel.mercado\source\repos\Yakult-System-New\Yakult.Inventory.App\Yakult.Inventory.App.csproj]
C:\Users\russel.mercado\source\repos\Yakult-System-New\Yakult.Inventory.App\Wpf\Admin\AccountManagement\Dialogs\ChangeDeptPasswordWindow.xaml.cs(44,58): error CS0103: The name 'TxtNewVisible' does not exist in the current context [C:\Users\russel.mercado\source\repos\Yakult-System-New\Yakult.Inventory.App\Yakult.Inventory.App.csproj]
C:\Users\russel.mercado\source\repos\Yakult-System-New\Yakult.Inventory.App\Wpf\Admin\AccountManagement\Dialogs\ChangeDeptPasswordWindow.xaml.cs(44,80): error CS0103: The name 'PwdNew' does not exist in the current context [C:\Users\russel.mercado\source\repos\Yakult-System-New\Yakult.Inventory.App\Yakult.Inventory.App.csproj]
C:\Users\russel.mercado\source\repos\Yakult-System-New\Yakult.Inventory.App\Wpf\Admin\AccountManagement\Dialogs\ChangeDeptPasswordWindow.xaml.cs(45,30): error CS0103: The name 'ChkShow' does not exist in the current context [C:\Users\russel.mercado\source\repos\Yakult-System-New\Yakult.Inventory.App\Yakult.Inventory.App.csproj]
C:\Users\russel.mercado\source\repos\Yakult-System-New\Yakult.Inventory.App\Wpf\Admin\AccountManagement\Dialogs\ChangeDeptPasswordWindow.xaml.cs(45,58): error CS0103: The name 'TxtConfVisible' does not exist in the current context [C:\Users\russel.mercado\source\repos\Yakult-System-New\Yakult.Inventory.App\Yakult.Inventory.App.csproj]
C:\Users\russel.mercado\source\repos\Yakult-System-New\Yakult.Inventory.App\Wpf\Admin\AccountManagement\Dialogs\ChangeDeptPasswordWindow.xaml.cs(45,80): error CS0103: The name 'PwdConfirm' does not exist in the current context [C:\Users\russel.mercado\source\repos\Yakult-System-New\Yakult.Inventory.App\Yakult.Inventory.App.csproj]
C:\Users\russel.mercado\source\repos\Yakult-System-New\Yakult.Inventory.App\Wpf\RepairPortal\Detail\Views\EvidenceViewerWindow.xaml.cs(295,17): error CS0103: The name 'VideoHost' does not exist in the current context [C:\Users\russel.mercado\source\repos\Yakult-System-New\Yakult.Inventory.App\Yakult.Inventory.App.csproj]
C:\Users\russel.mercado\source\repos\Yakult-System-New\Yakult.Inventory.App\Wpf\RepairPortal\Detail\Views\EvidenceViewerWindow.xaml.cs(302,17): error CS0103: The name 'VideoHost' does not exist in the current context [C:\Users\russel.mercado\source\repos\Yakult-System-New\Yakult.Inventory.App\Yakult.Inventory.App.csproj]
C:\Users\russel.mercado\source\repos\Yakult-System-New\Yakult.Inventory.App\Wpf\RepairPortal\Detail\Views\EvidenceViewerWindow.xaml.cs(303,17): error CS0103: The name 'VideoHost' does not exist in the current context [C:\Users\russel.mercado\source\repos\Yakult-System-New\Yakult.Inventory.App\Yakult.Inventory.App.csproj]
C:\Users\russel.mercado\source\repos\Yakult-System-New\Yakult.Inventory.App\Wpf\Admin\UserPositions\Views\UserPositionsView.xaml.cs(104,17): error CS0103: The name 'MainGrid' does not exist in the current context [C:\Users\russel.mercado\source\repos\Yakult-System-New\Yakult.Inventory.App\Yakult.Inventory.App.csproj]
C:\Users\russel.mercado\source\repos\Yakult-System-New\Yakult.Inventory.App\Wpf\Admin\UserPositions\Views\UserPositionsView.xaml.cs(133,33): error CS0103: The name 'MainGrid' does not exist in the current context [C:\Users\russel.mercado\source\repos\Yakult-System-New\Yakult.Inventory.App\Yakult.Inventory.App.csproj]
C:\Users\russel.mercado\source\repos\Yakult-System-New\Yakult.Inventory.App\Wpf\CartridgeManagement\Dialogs\OutboundBatchAssignmentWpfDialog.xaml.cs(109,33): error CS0103: The name 'CmbModelFilter' does not exist in the current context [C:\Users\russel.mercado\source\repos\Yakult-System-New\Yakult.Inventory.App\Yakult.Inventory.App.csproj]
C:\Users\russel.mercado\source\repos\Yakult-System-New\Yakult.Inventory.App\Wpf\CartridgeManagement\Dialogs\OutboundBatchAssignmentWpfDialog.xaml.cs(110,35): error CS0103: The name 'CmbModelFilter' does not exist in the current context [C:\Users\russel.mercado\source\repos\Yakult-System-New\Yakult.Inventory.App\Yakult.Inventory.App.csproj]
C:\Users\russel.mercado\source\repos\Yakult-System-New\Yakult.Inventory.App\Wpf\RepairPortal\Detail\Views\EvidenceViewerWindow.xaml.cs(378,25): error CS0103: The name 'VideoHost' does not exist in the current context [C:\Users\russel.mercado\source\repos\Yakult-System-New\Yakult.Inventory.App\Yakult.Inventory.App.csproj]
C:\Users\russel.mercado\source\repos\Yakult-System-New\Yakult.Inventory.App\Wpf\CartridgeManagement\Dialogs\OutboundBatchAssignmentWpfDialog.xaml.cs(144,17): error CS0103: The name 'TxtSelectionStatus' does not exist in the current context [C:\Users\russel.mercado\source\repos\Yakult-System-New\Yakult.Inventory.App\Yakult.Inventory.App.csproj]
C:\Users\russel.mercado\source\repos\Yakult-System-New\Yakult.Inventory.App\Wpf\CartridgeManagement\Dialogs\OutboundBatchAssignmentWpfDialog.xaml.cs(145,17): error CS0103: The name 'TxtSelectionStatus' does not exist in the current context [C:\Users\russel.mercado\source\repos\Yakult-System-New\Yakult.Inventory.App\Yakult.Inventory.App.csproj]
C:\Users\russel.mercado\source\repos\Yakult-System-New\Yakult.Inventory.App\Wpf\CartridgeManagement\Dialogs\OutboundBatchAssignmentWpfDialog.xaml.cs(149,17): error CS0103: The name 'TxtSelectionStatus' does not exist in the current context [C:\Users\russel.mercado\source\repos\Yakult-System-New\Yakult.Inventory.App\Yakult.Inventory.App.csproj]
C:\Users\russel.mercado\source\repos\Yakult-System-New\Yakult.Inventory.App\Wpf\CartridgeManagement\Dialogs\OutboundBatchAssignmentWpfDialog.xaml.cs(150,17): error CS0103: The name 'TxtSelectionStatus' does not exist in the current context [C:\Users\russel.mercado\source\repos\Yakult-System-New\Yakult.Inventory.App\Yakult.Inventory.App.csproj]
C:\Users\russel.mercado\source\repos\Yakult-System-New\Yakult.Inventory.App\Wpf\RepairPortal\Detail\Views\ImageCarouselControl.xaml.cs(48,13): error CS0103: The name 'InitializeComponent' does not exist in the current context [C:\Users\russel.mercado\source\repos\Yakult-System-New\Yakult.Inventory.App\Yakult.Inventory.App.csproj]
C:\Users\russel.mercado\source\repos\Yakult-System-New\Yakult.Inventory.App\Wpf\CartridgeManagement\Dialogs\OutboundBatchAssignmentWpfDialog.xaml.cs(157,48): error CS0103: The name 'ChkSelectAll' does not exist in the current context [C:\Users\russel.mercado\source\repos\Yakult-System-New\Yakult.Inventory.App\Yakult.Inventory.App.csproj]
C:\Users\russel.mercado\source\repos\Yakult-System-New\Yakult.Inventory.App\Wpf\CartridgeManagement\Dialogs\OutboundBatchAssignmentWpfDialog.xaml.cs(159,13): error CS0103: The name 'ChkSelectAll' does not exist in the current context [C:\Users\russel.mercado\source\repos\Yakult-System-New\Yakult.Inventory.App\Yakult.Inventory.App.csproj]
C:\Users\russel.mercado\source\repos\Yakult-System-New\Yakult.Inventory.App\Wpf\RepairPortal\Detail\Views\ReplacementItemPickerWindow.xaml.cs(29,13): error CS0103: The name 'InitializeComponent' does not exist in the current context [C:\Users\russel.mercado\source\repos\Yakult-System-New\Yakult.Inventory.App\Yakult.Inventory.App.csproj]
C:\Users\russel.mercado\source\repos\Yakult-System-New\Yakult.Inventory.App\Wpf\RepairPortal\Detail\Views\ReplacementItemPickerWindow.xaml.cs(34,13): error CS0103: The name 'PagingBar' does not exist in the current context [C:\Users\russel.mercado\source\repos\Yakult-System-New\Yakult.Inventory.App\Yakult.Inventory.App.csproj]
C:\Users\russel.mercado\source\repos\Yakult-System-New\Yakult.Inventory.App\Wpf\RepairPortal\Detail\Views\ReplacementItemPickerWindow.xaml.cs(35,13): error CS0103: The name 'PagingBar' does not exist in the current context [C:\Users\russel.mercado\source\repos\Yakult-System-New\Yakult.Inventory.App\Yakult.Inventory.App.csproj]
C:\Users\russel.mercado\source\repos\Yakult-System-New\Yakult.Inventory.App\Wpf\RepairPortal\Detail\Views\ReplacementItemPickerWindow.xaml.cs(36,13): error CS0103: The name 'PagingBar' does not exist in the current context [C:\Users\russel.mercado\source\repos\Yakult-System-New\Yakult.Inventory.App\Yakult.Inventory.App.csproj]
C:\Users\russel.mercado\source\repos\Yakult-System-New\Yakult.Inventory.App\Wpf\RepairPortal\Detail\Views\ReplacementItemPickerWindow.xaml.cs(37,13): error CS0103: The name 'PagingBar' does not exist in the current context [C:\Users\russel.mercado\source\repos\Yakult-System-New\Yakult.Inventory.App\Yakult.Inventory.App.csproj]
C:\Users\russel.mercado\source\repos\Yakult-System-New\Yakult.Inventory.App\Wpf\RepairPortal\Detail\Views\ReplacementItemPickerWindow.xaml.cs(51,51): error CS0103: The name 'SearchBox' does not exist in the current context [C:\Users\russel.mercado\source\repos\Yakult-System-New\Yakult.Inventory.App\Yakult.Inventory.App.csproj]
C:\Users\russel.mercado\source\repos\Yakult-System-New\Yakult.Inventory.App\Wpf\RepairPortal\Detail\Views\ReplacementItemPickerWindow.xaml.cs(51,76): error CS0103: The name 'SearchBox' does not exist in the current context [C:\Users\russel.mercado\source\repos\Yakult-System-New\Yakult.Inventory.App\Yakult.Inventory.App.csproj]
C:\Users\russel.mercado\source\repos\Yakult-System-New\Yakult.Inventory.App\Wpf\RepairPortal\Detail\Views\ReplacementItemPickerWindow.xaml.cs(53,13): error CS0103: The name 'ResultsGrid' does not exist in the current context [C:\Users\russel.mercado\source\repos\Yakult-System-New\Yakult.Inventory.App\Yakult.Inventory.App.csproj]
C:\Users\russel.mercado\source\repos\Yakult-System-New\Yakult.Inventory.App\Wpf\RepairPortal\Detail\Views\ReplacementItemPickerWindow.xaml.cs(54,13): error CS0103: The name 'OkButton' does not exist in the current context [C:\Users\russel.mercado\source\repos\Yakult-System-New\Yakult.Inventory.App\Yakult.Inventory.App.csproj]
C:\Users\russel.mercado\source\repos\Yakult-System-New\Yakult.Inventory.App\Wpf\RepairPortal\Detail\Views\ReplacementItemPickerWindow.xaml.cs(59,75): error CS1503: Argument 1: cannot convert from 'System.ReadOnlySpan<char>' to 'string' [C:\Users\russel.mercado\source\repos\Yakult-System-New\Yakult.Inventory.App\Yakult.Inventory.App.csproj]
C:\Users\russel.mercado\source\repos\Yakult-System-New\Yakult.Inventory.App\Wpf\RepairPortal\Detail\Views\ReplacementItemPickerWindow.xaml.cs(69,13): error CS0103: The name 'ResultsGrid' does not exist in the current context [C:\Users\russel.mercado\source\repos\Yakult-System-New\Yakult.Inventory.App\Yakult.Inventory.App.csproj]
C:\Users\russel.mercado\source\repos\Yakult-System-New\Yakult.Inventory.App\Wpf\RepairPortal\Detail\Views\ReplacementItemPickerWindow.xaml.cs(71,13): error CS0103: The name 'PagingBar' does not exist in the current context [C:\Users\russel.mercado\source\repos\Yakult-System-New\Yakult.Inventory.App\Yakult.Inventory.App.csproj]
C:\Users\russel.mercado\source\repos\Yakult-System-New\Yakult.Inventory.App\Wpf\RepairPortal\Detail\Views\ReplacementItemPickerWindow.xaml.cs(76,13): error CS0103: The name 'OkButton' does not exist in the current context [C:\Users\russel.mercado\source\repos\Yakult-System-New\Yakult.Inventory.App\Yakult.Inventory.App.csproj]
C:\Users\russel.mercado\source\repos\Yakult-System-New\Yakult.Inventory.App\Wpf\RepairPortal\Detail\Views\ReplacementItemPickerWindow.xaml.cs(76,34): error CS0103: The name 'ResultsGrid' does not exist in the current context [C:\Users\russel.mercado\source\repos\Yakult-System-New\Yakult.Inventory.App\Yakult.Inventory.App.csproj]
C:\Users\russel.mercado\source\repos\Yakult-System-New\Yakult.Inventory.App\Wpf\RepairPortal\Detail\Views\ReplacementItemPickerWindow.xaml.cs(81,17): error CS0103: The name 'ResultsGrid' does not exist in the current context [C:\Users\russel.mercado\source\repos\Yakult-System-New\Yakult.Inventory.App\Yakult.Inventory.App.csproj]
C:\Users\russel.mercado\source\repos\Yakult-System-New\Yakult.Inventory.App\Wpf\RepairPortal\Detail\Views\ReplacementItemPickerWindow.xaml.cs(87,17): error CS0103: The name 'ResultsGrid' does not exist in the current context [C:\Users\russel.mercado\source\repos\Yakult-System-New\Yakult.Inventory.App\Yakult.Inventory.App.csproj]
C:\Users\russel.mercado\source\repos\Yakult-System-New\Yakult.Inventory.App\Wpf\Receipt\ReceiptSetViewerWindow.xaml.cs(122,13): error CS0103: The name 'InitializeComponent' does not exist in the current context [C:\Users\russel.mercado\source\repos\Yakult-System-New\Yakult.Inventory.App\Yakult.Inventory.App.csproj]
C:\Users\russel.mercado\source\repos\Yakult-System-New\Yakult.Inventory.App\Wpf\Receipt\ReceiptSetsView.xaml.cs(36,13): error CS0103: The name 'InitializeComponent' does not exist in the current context [C:\Users\russel.mercado\source\repos\Yakult-System-New\Yakult.Inventory.App\Yakult.Inventory.App.csproj]
C:\Users\russel.mercado\source\repos\Yakult-System-New\Yakult.Inventory.App\Wpf\RepairPortal\Detail\Views\SelectRepairedByDialog.xaml.cs(38,13): error CS0103: The name 'InitializeComponent' does not exist in the current context [C:\Users\russel.mercado\source\repos\Yakult-System-New\Yakult.Inventory.App\Yakult.Inventory.App.csproj]
C:\Users\russel.mercado\source\repos\Yakult-System-New\Yakult.Inventory.App\Wpf\Receipt\ReceiptSetViewerWindow.xaml.cs(146,13): error CS0103: The name 'InitializeComponent' does not exist in the current context [C:\Users\russel.mercado\source\repos\Yakult-System-New\Yakult.Inventory.App\Yakult.Inventory.App.csproj]
C:\Users\russel.mercado\source\repos\Yakult-System-New\Yakult.Inventory.App\Wpf\RepairPortal\Detail\Views\RepairTicketDetailWindow.xaml.cs(27,13): error CS0103: The name 'InitializeComponent' does not exist in the current context [C:\Users\russel.mercado\source\repos\Yakult-System-New\Yakult.Inventory.App\Yakult.Inventory.App.csproj]
C:\Users\russel.mercado\source\repos\Yakult-System-New\Yakult.Inventory.App\Wpf\Receipt\ReceiptSetViewerWindow.xaml.cs(181,13): error CS0103: The name 'TxtSubtitle' does not exist in the current context [C:\Users\russel.mercado\source\repos\Yakult-System-New\Yakult.Inventory.App\Yakult.Inventory.App.csproj]
C:\Users\russel.mercado\source\repos\Yakult-System-New\Yakult.Inventory.App\Wpf\Receipt\ReceiptSetViewerWindow.xaml.cs(190,17): error CS0103: The name 'CmbSupplier' does not exist in the current context [C:\Users\russel.mercado\source\repos\Yakult-System-New\Yakult.Inventory.App\Yakult.Inventory.App.csproj]
C:\Users\russel.mercado\source\repos\Yakult-System-New\Yakult.Inventory.App\Wpf\Receipt\ReceiptSetViewerWindow.xaml.cs(191,17): error CS0103: The name 'TxtSiNumber' does not exist in the current context [C:\Users\russel.mercado\source\repos\Yakult-System-New\Yakult.Inventory.App\Yakult.Inventory.App.csproj]
C:\Users\russel.mercado\source\repos\Yakult-System-New\Yakult.Inventory.App\Wpf\Receipt\ReceiptSetViewerWindow.xaml.cs(192,17): error CS0103: The name 'TxtDrNumber' does not exist in the current context [C:\Users\russel.mercado\source\repos\Yakult-System-New\Yakult.Inventory.App\Yakult.Inventory.App.csproj]
C:\Users\russel.mercado\source\repos\Yakult-System-New\Yakult.Inventory.App\Wpf\Receipt\ReceiptSetViewerWindow.xaml.cs(193,17): error CS0103: The name 'TxtPoNumber' does not exist in the current context [C:\Users\russel.mercado\source\repos\Yakult-System-New\Yakult.Inventory.App\Yakult.Inventory.App.csproj]
C:\Users\russel.mercado\source\repos\Yakult-System-New\Yakult.Inventory.App\Wpf\Receipt\ReceiptSetViewerWindow.xaml.cs(199,17): error CS0103: The name 'CmbSupplier' does not exist in the current context [C:\Users\russel.mercado\source\repos\Yakult-System-New\Yakult.Inventory.App\Yakult.Inventory.App.csproj]
C:\Users\russel.mercado\source\repos\Yakult-System-New\Yakult.Inventory.App\Wpf\SendNotifications\Views\SendNotificationsView.xaml.cs(14,13): error CS0103: The name 'InitializeComponent' does not exist in the current context [C:\Users\russel.mercado\source\repos\Yakult-System-New\Yakult.Inventory.App\Yakult.Inventory.App.csproj]
C:\Users\russel.mercado\source\repos\Yakult-System-New\Yakult.Inventory.App\Wpf\RequestPortal\AuthorizeRequest\Views\AuthorizeRequestView.xaml.cs(16,81): error CS0103: The name 'tourHeaderBar' does not exist in the current context [C:\Users\russel.mercado\source\repos\Yakult-System-New\Yakult.Inventory.App\Yakult.Inventory.App.csproj]
C:\Users\russel.mercado\source\repos\Yakult-System-New\Yakult.Inventory.App\Wpf\RequestPortal\AuthorizeRequest\Views\AuthorizeRequestView.xaml.cs(17,81): error CS0103: The name 'tourSearchArea' does not exist in the current context [C:\Users\russel.mercado\source\repos\Yakult-System-New\Yakult.Inventory.App\Yakult.Inventory.App.csproj]
C:\Users\russel.mercado\source\repos\Yakult-System-New\Yakult.Inventory.App\Wpf\RequestPortal\AuthorizeRequest\Views\AuthorizeRequestView.xaml.cs(18,81): error CS0103: The name 'tourQueueList' does not exist in the current context [C:\Users\russel.mercado\source\repos\Yakult-System-New\Yakult.Inventory.App\Yakult.Inventory.App.csproj]
C:\Users\russel.mercado\source\repos\Yakult-System-New\Yakult.Inventory.App\Wpf\RequestPortal\AuthorizeRequest\Views\AuthorizeRequestView.xaml.cs(19,81): error CS0103: The name 'tourQueuePanel' does not exist in the current context [C:\Users\russel.mercado\source\repos\Yakult-System-New\Yakult.Inventory.App\Yakult.Inventory.App.csproj]
C:\Users\russel.mercado\source\repos\Yakult-System-New\Yakult.Inventory.App\Wpf\RequestPortal\AuthorizeRequest\Views\AuthorizeRequestView.xaml.cs(20,81): error CS0103: The name 'tourRequestDetailsCard' does not exist in the current context [C:\Users\russel.mercado\source\repos\Yakult-System-New\Yakult.Inventory.App\Yakult.Inventory.App.csproj]
C:\Users\russel.mercado\source\repos\Yakult-System-New\Yakult.Inventory.App\Wpf\RequestPortal\AuthorizeRequest\Views\AuthorizeRequestView.xaml.cs(21,81): error CS0103: The name 'tourCartridgeCard' does not exist in the current context [C:\Users\russel.mercado\source\repos\Yakult-System-New\Yakult.Inventory.App\Yakult.Inventory.App.csproj]
C:\Users\russel.mercado\source\repos\Yakult-System-New\Yakult.Inventory.App\Wpf\RequestPortal\AuthorizeRequest\Views\AuthorizeRequestView.xaml.cs(22,81): error CS0103: The name 'tourPreviewCard' does not exist in the current context [C:\Users\russel.mercado\source\repos\Yakult-System-New\Yakult.Inventory.App\Yakult.Inventory.App.csproj]
C:\Users\russel.mercado\source\repos\Yakult-System-New\Yakult.Inventory.App\Wpf\RequestPortal\AuthorizeRequest\Views\AuthorizeRequestView.xaml.cs(23,81): error CS0103: The name 'tourSignatureCard' does not exist in the current context [C:\Users\russel.mercado\source\repos\Yakult-System-New\Yakult.Inventory.App\Yakult.Inventory.App.csproj]
C:\Users\russel.mercado\source\repos\Yakult-System-New\Yakult.Inventory.App\Wpf\RequestPortal\AuthorizeRequest\Views\AuthorizeRequestView.xaml.cs(24,81): error CS0103: The name 'tourDrawTabBtn' does not exist in the current context [C:\Users\russel.mercado\source\repos\Yakult-System-New\Yakult.Inventory.App\Yakult.Inventory.App.csproj]
C:\Users\russel.mercado\source\repos\Yakult-System-New\Yakult.Inventory.App\Wpf\RequestPortal\AuthorizeRequest\Views\AuthorizeRequestView.xaml.cs(25,81): error CS0103: The name 'tourUploadTabBtn' does not exist in the current context [C:\Users\russel.mercado\source\repos\Yakult-System-New\Yakult.Inventory.App\Yakult.Inventory.App.csproj]
C:\Users\russel.mercado\source\repos\Yakult-System-New\Yakult.Inventory.App\Wpf\RequestPortal\AuthorizeRequest\Views\AuthorizeRequestView.xaml.cs(26,81): error CS0103: The name 'tourClearBtnRow' does not exist in the current context [C:\Users\russel.mercado\source\repos\Yakult-System-New\Yakult.Inventory.App\Yakult.Inventory.App.csproj]
C:\Users\russel.mercado\source\repos\Yakult-System-New\Yakult.Inventory.App\Wpf\RequestPortal\AuthorizeRequest\Views\AuthorizeRequestView.xaml.cs(27,81): error CS0103: The name 'tourActionCard' does not exist in the current context [C:\Users\russel.mercado\source\repos\Yakult-System-New\Yakult.Inventory.App\Yakult.Inventory.App.csproj]
C:\Users\russel.mercado\source\repos\Yakult-System-New\Yakult.Inventory.App\Wpf\RequestPortal\AuthorizeRequest\Views\AuthorizeRequestView.xaml.cs(28,81): error CS0103: The name 'tourNotesBox' does not exist in the current context [C:\Users\russel.mercado\source\repos\Yakult-System-New\Yakult.Inventory.App\Yakult.Inventory.App.csproj]
C:\Users\russel.mercado\source\repos\Yakult-System-New\Yakult.Inventory.App\Wpf\RequestPortal\AuthorizeRequest\Views\AuthorizeRequestView.xaml.cs(29,81): error CS0103: The name 'tourApproveBtn' does not exist in the current context [C:\Users\russel.mercado\source\repos\Yakult-System-New\Yakult.Inventory.App\Yakult.Inventory.App.csproj]
C:\Users\russel.mercado\source\repos\Yakult-System-New\Yakult.Inventory.App\Wpf\RequestPortal\AuthorizeRequest\Views\AuthorizeRequestView.xaml.cs(30,81): error CS0103: The name 'tourRejectBtn' does not exist in the current context [C:\Users\russel.mercado\source\repos\Yakult-System-New\Yakult.Inventory.App\Yakult.Inventory.App.csproj]
C:\Users\russel.mercado\source\repos\Yakult-System-New\Yakult.Inventory.App\Wpf\Admin\UserActivityInsights\Views\UserActivityInsightsView.xaml.cs(14,13): error CS0103: The name 'InitializeComponent' does not exist in the current context [C:\Users\russel.mercado\source\repos\Yakult-System-New\Yakult.Inventory.App\Yakult.Inventory.App.csproj]
C:\Users\russel.mercado\source\repos\Yakult-System-New\Yakult.Inventory.App\Wpf\RequestPortal\AuthorizeRequest\Views\AuthorizeRequestView.xaml.cs(34,13): error CS0103: The name 'InitializeComponent' does not exist in the current context [C:\Users\russel.mercado\source\repos\Yakult-System-New\Yakult.Inventory.App\Yakult.Inventory.App.csproj]
C:\Users\russel.mercado\source\repos\Yakult-System-New\Yakult.Inventory.App\Wpf\RequestPortal\AuthorizeRequest\Views\AuthorizeRequestView.xaml.cs(39,13): error CS0103: The name 'inkCanvas' does not exist in the current context [C:\Users\russel.mercado\source\repos\Yakult-System-New\Yakult.Inventory.App\Yakult.Inventory.App.csproj]
C:\Users\russel.mercado\source\repos\Yakult-System-New\Yakult.Inventory.App\Wpf\RequestPortal\AuthorizeRequest\Views\AuthorizeRequestView.xaml.cs(40,13): error CS0103: The name 'inkCanvas' does not exist in the current context [C:\Users\russel.mercado\source\repos\Yakult-System-New\Yakult.Inventory.App\Yakult.Inventory.App.csproj]
C:\Users\russel.mercado\source\repos\Yakult-System-New\Yakult.Inventory.App\Wpf\RequestPortal\AuthorizeRequest\Views\AuthorizeRequestView.xaml.cs(45,13): error CS0103: The name 'inkCanvas' does not exist in the current context [C:\Users\russel.mercado\source\repos\Yakult-System-New\Yakult.Inventory.App\Yakult.Inventory.App.csproj]
C:\Users\russel.mercado\source\repos\Yakult-System-New\Yakult.Inventory.App\Wpf\RequestPortal\AuthorizeRequest\Views\AuthorizeRequestView.xaml.cs(55,13): error CS0103: The name 'inkCanvas' does not exist in the current context [C:\Users\russel.mercado\source\repos\Yakult-System-New\Yakult.Inventory.App\Yakult.Inventory.App.csproj]
C:\Users\russel.mercado\source\repos\Yakult-System-New\Yakult.Inventory.App\Wpf\Admin\UserActivityInsights\Views\UserActivityInsightsView.xaml.cs(23,13): error CS0103: The name 'ChartMostActiveHours' does not exist in the current context [C:\Users\russel.mercado\source\repos\Yakult-System-New\Yakult.Inventory.App\Yakult.Inventory.App.csproj]
C:\Users\russel.mercado\source\repos\Yakult-System-New\Yakult.Inventory.App\Wpf\Admin\UserActivityInsights\Views\UserActivityInsightsView.xaml.cs(24,13): error CS0103: The name 'ChartActivitiesOverTime' does not exist in the current context [C:\Users\russel.mercado\source\repos\Yakult-System-New\Yakult.Inventory.App\Yakult.Inventory.App.csproj]
C:\Users\russel.mercado\source\repos\Yakult-System-New\Yakult.Inventory.App\Wpf\Admin\UserActivityInsights\Views\UserActivityInsightsView.xaml.cs(25,13): error CS0103: The name 'ChartEntityDistribution' does not exist in the current context [C:\Users\russel.mercado\source\repos\Yakult-System-New\Yakult.Inventory.App\Yakult.Inventory.App.csproj]
C:\Users\russel.mercado\source\repos\Yakult-System-New\Yakult.Inventory.App\Wpf\Admin\UserActivityInsights\Views\UserActivityInsightsView.xaml.cs(26,13): error CS0103: The name 'ChartMonthlyBreakdown' does not exist in the current context [C:\Users\russel.mercado\source\repos\Yakult-System-New\Yakult.Inventory.App\Yakult.Inventory.App.csproj]
C:\Users\russel.mercado\source\repos\Yakult-System-New\Yakult.Inventory.App\Wpf\Admin\UserActivityInsights\Views\UserActivityInsightsView.xaml.cs(27,13): error CS0103: The name 'ChartActivitiesByAction' does not exist in the current context [C:\Users\russel.mercado\source\repos\Yakult-System-New\Yakult.Inventory.App\Yakult.Inventory.App.csproj]
C:\Users\russel.mercado\source\repos\Yakult-System-New\Yakult.Inventory.App\Wpf\Admin\UserActivityInsights\Views\UserActivityInsightsView.xaml.cs(28,13): error CS0103: The name 'ChartTopUsers' does not exist in the current context [C:\Users\russel.mercado\source\repos\Yakult-System-New\Yakult.Inventory.App\Yakult.Inventory.App.csproj]
C:\Users\russel.mercado\source\repos\Yakult-System-New\Yakult.Inventory.App\Wpf\RepairPortal\Detail\Views\RepairTicketDetailWindow.xaml.cs(172,17): error CS0103: The name 'BtnGenerateQr' does not exist in the current context [C:\Users\russel.mercado\source\repos\Yakult-System-New\Yakult.Inventory.App\Yakult.Inventory.App.csproj]
C:\Users\russel.mercado\source\repos\Yakult-System-New\Yakult.Inventory.App\Wpf\RepairPortal\Detail\Views\RepairTicketDetailWindow.xaml.cs(173,17): error CS0103: The name 'BtnGenerateQr' does not exist in the current context [C:\Users\russel.mercado\source\repos\Yakult-System-New\Yakult.Inventory.App\Yakult.Inventory.App.csproj]
C:\Users\russel.mercado\source\repos\Yakult-System-New\Yakult.Inventory.App\Wpf\RepairPortal\Detail\Views\RepairTicketDetailWindow.xaml.cs(193,17): error CS0103: The name 'BtnGenerateQr' does not exist in the current context [C:\Users\russel.mercado\source\repos\Yakult-System-New\Yakult.Inventory.App\Yakult.Inventory.App.csproj]
C:\Users\russel.mercado\source\repos\Yakult-System-New\Yakult.Inventory.App\Wpf\RepairPortal\Detail\Views\RepairTicketDetailWindow.xaml.cs(194,17): error CS0103: The name 'BtnGenerateQr' does not exist in the current context [C:\Users\russel.mercado\source\repos\Yakult-System-New\Yakult.Inventory.App\Yakult.Inventory.App.csproj]
C:\Users\russel.mercado\source\repos\Yakult-System-New\Yakult.Inventory.App\Wpf\RequestPortal\AuthorizeRequest\Views\AuthorizeRequestView.xaml.cs(91,25): error CS0103: The name 'inkCanvas' does not exist in the current context [C:\Users\russel.mercado\source\repos\Yakult-System-New\Yakult.Inventory.App\Yakult.Inventory.App.csproj]
C:\Users\russel.mercado\source\repos\Yakult-System-New\Yakult.Inventory.App\Wpf\RequestPortal\AuthorizeRequest\Views\AuthorizeRequestView.xaml.cs(103,17): error CS0103: The name 'inkCanvas' does not exist in the current context [C:\Users\russel.mercado\source\repos\Yakult-System-New\Yakult.Inventory.App\Yakult.Inventory.App.csproj]
C:\Users\russel.mercado\source\repos\Yakult-System-New\Yakult.Inventory.App\Wpf\RequestPortal\AuthorizeRequest\Views\AuthorizeRequestView.xaml.cs(109,17): error CS0103: The name 'drawHint' does not exist in the current context [C:\Users\russel.mercado\source\repos\Yakult-System-New\Yakult.Inventory.App\Yakult.Inventory.App.csproj]
C:\Users\russel.mercado\source\repos\Yakult-System-New\Yakult.Inventory.App\Wpf\RequestPortal\AuthorizeRequest\Views\AuthorizeRequestView.xaml.cs(110,13): error CS0103: The name 'drawHint' does not exist in the current context [C:\Users\russel.mercado\source\repos\Yakult-System-New\Yakult.Inventory.App\Yakult.Inventory.App.csproj]
C:\Users\russel.mercado\source\repos\Yakult-System-New\Yakult.Inventory.App\Wpf\RequestPortal\AuthorizeRequest\Views\AuthorizeRequestView.xaml.cs(110,35): error CS0103: The name 'inkCanvas' does not exist in the current context [C:\Users\russel.mercado\source\repos\Yakult-System-New\Yakult.Inventory.App\Yakult.Inventory.App.csproj]
C:\Users\russel.mercado\source\repos\Yakult-System-New\Yakult.Inventory.App\Wpf\RequestPortal\AuthorizeRequest\Views\AuthorizeRequestView.xaml.cs(120,31): error CS0103: The name 'inkCanvas' does not exist in the current context [C:\Users\russel.mercado\source\repos\Yakult-System-New\Yakult.Inventory.App\Yakult.Inventory.App.csproj]
C:\Users\russel.mercado\source\repos\Yakult-System-New\Yakult.Inventory.App\Wpf\Receipt\ReceiptSetViewerWindow.xaml.cs(223,17): error CS0103: The name 'CmbSupplier' does not exist in the current context [C:\Users\russel.mercado\source\repos\Yakult-System-New\Yakult.Inventory.App\Yakult.Inventory.App.csproj]
C:\Users\russel.mercado\source\repos\Yakult-System-New\Yakult.Inventory.App\Wpf\CartridgeManagement\Dialogs\OutboundBatchAssignmentWpfDialog.xaml.cs(175,13): error CS0103: The name 'CmbVendor' does not exist in the current context [C:\Users\russel.mercado\source\repos\Yakult-System-New\Yakult.Inventory.App\Yakult.Inventory.App.csproj]
C:\Users\russel.mercado\source\repos\Yakult-System-New\Yakult.Inventory.App\Wpf\CartridgeManagement\Dialogs\OutboundBatchAssignmentWpfDialog.xaml.cs(176,13): error CS0103: The name 'CmbExistingBatch' does not exist in the current context [C:\Users\russel.mercado\source\repos\Yakult-System-New\Yakult.Inventory.App\Yakult.Inventory.App.csproj]
C:\Users\russel.mercado\source\repos\Yakult-System-New\Yakult.Inventory.App\Wpf\CartridgeManagement\Dialogs\OutboundBatchAssignmentWpfDialog.xaml.cs(177,13): error CS0103: The name 'RadNew' does not exist in the current context [C:\Users\russel.mercado\source\repos\Yakult-System-New\Yakult.Inventory.App\Yakult.Inventory.App.csproj]
C:\Users\russel.mercado\source\repos\Yakult-System-New\Yakult.Inventory.App\Wpf\CartridgeManagement\Dialogs\OutboundBatchAssignmentWpfDialog.xaml.cs(198,13): error CS0103: The name 'TxtStep2Summary' does not exist in the current context [C:\Users\russel.mercado\source\repos\Yakult-System-New\Yakult.Inventory.App\Yakult.Inventory.App.csproj]
C:\Users\russel.mercado\source\repos\Yakult-System-New\Yakult.Inventory.App\Wpf\CartridgeManagement\Dialogs\OutboundBatchAssignmentWpfDialog.xaml.cs(202,13): error CS0103: The name 'DamagedWarnBorder' does not exist in the current context [C:\Users\russel.mercado\source\repos\Yakult-System-New\Yakult.Inventory.App\Yakult.Inventory.App.csproj]
C:\Users\russel.mercado\source\repos\Yakult-System-New\Yakult.Inventory.App\Wpf\CartridgeManagement\Dialogs\OutboundBatchAssignmentWpfDialog.xaml.cs(203,13): error CS0103: The name 'RadSell' does not exist in the current context [C:\Users\russel.mercado\source\repos\Yakult-System-New\Yakult.Inventory.App\Yakult.Inventory.App.csproj]
C:\Users\russel.mercado\source\repos\Yakult-System-New\Yakult.Inventory.App\Wpf\CartridgeManagement\Dialogs\OutboundBatchAssignmentWpfDialog.xaml.cs(204,29): error CS0103: The name 'RadDispose' does not exist in the current context [C:\Users\russel.mercado\source\repos\Yakult-System-New\Yakult.Inventory.App\Yakult.Inventory.App.csproj]
C:\Users\russel.mercado\source\repos\Yakult-System-New\Yakult.Inventory.App\Wpf\CartridgeManagement\Dialogs\OutboundBatchAssignmentWpfDialog.xaml.cs(217,21): error CS0103: The name 'CmbExistingBatch' does not exist in the current context [C:\Users\russel.mercado\source\repos\Yakult-System-New\Yakult.Inventory.App\Yakult.Inventory.App.csproj]
C:\Users\russel.mercado\source\repos\Yakult-System-New\Yakult.Inventory.App\Wpf\CartridgeManagement\Dialogs\OutboundBatchAssignmentWpfDialog.xaml.cs(219,21): error CS0103: The name 'CmbExistingBatch' does not exist in the current context [C:\Users\russel.mercado\source\repos\Yakult-System-New\Yakult.Inventory.App\Yakult.Inventory.App.csproj]
C:\Users\russel.mercado\source\repos\Yakult-System-New\Yakult.Inventory.App\Wpf\CartridgeManagement\Dialogs\OutboundBatchAssignmentWpfDialog.xaml.cs(220,21): error CS0103: The name 'CmbExistingBatch' does not exist in the current context [C:\Users\russel.mercado\source\repos\Yakult-System-New\Yakult.Inventory.App\Yakult.Inventory.App.csproj]
C:\Users\russel.mercado\source\repos\Yakult-System-New\Yakult.Inventory.App\Wpf\CartridgeManagement\Dialogs\OutboundBatchAssignmentWpfDialog.xaml.cs(222,21): error CS0103: The name 'RadExisting' does not exist in the current context [C:\Users\russel.mercado\source\repos\Yakult-System-New\Yakult.Inventory.App\Yakult.Inventory.App.csproj]
C:\Users\russel.mercado\source\repos\Yakult-System-New\Yakult.Inventory.App\Wpf\Receipt\ReceiptSetViewerWindow.xaml.cs(282,13): error CS0103: The name 'BtnAddImages' does not exist in the current context [C:\Users\russel.mercado\source\repos\Yakult-System-New\Yakult.Inventory.App\Yakult.Inventory.App.csproj]
C:\Users\russel.mercado\source\repos\Yakult-System-New\Yakult.Inventory.App\Wpf\Receipt\ReceiptSetViewerWindow.xaml.cs(287,17): error CS0103: The name 'TxtGalleryHint' does not exist in the current context [C:\Users\russel.mercado\source\repos\Yakult-System-New\Yakult.Inventory.App\Yakult.Inventory.App.csproj]
C:\Users\russel.mercado\source\repos\Yakult-System-New\Yakult.Inventory.App\Wpf\CartridgeManagement\Dialogs\OutboundBatchAssignmentWpfDialog.xaml.cs(234,13): error CS0103: The name 'CmbVendor' does not exist in the current context [C:\Users\russel.mercado\source\repos\Yakult-System-New\Yakult.Inventory.App\Yakult.Inventory.App.csproj]
C:\Users\russel.mercado\source\repos\Yakult-System-New\Yakult.Inventory.App\Wpf\CartridgeManagement\Dialogs\OutboundBatchAssignmentWpfDialog.xaml.cs(236,30): error CS0103: The name 'RadDispose' does not exist in the current context [C:\Users\russel.mercado\source\repos\Yakult-System-New\Yakult.Inventory.App\Yakult.Inventory.App.csproj]
C:\Users\russel.mercado\source\repos\Yakult-System-New\Yakult.Inventory.App\Wpf\CartridgeManagement\Dialogs\OutboundBatchAssignmentWpfDialog.xaml.cs(260,29): error CS0103: The name 'CmbVendor' does not exist in the current context [C:\Users\russel.mercado\source\repos\Yakult-System-New\Yakult.Inventory.App\Yakult.Inventory.App.csproj]
C:\Users\russel.mercado\source\repos\Yakult-System-New\Yakult.Inventory.App\Wpf\CartridgeManagement\Dialogs\OutboundBatchAssignmentWpfDialog.xaml.cs(265,21): error CS0103: The name 'CmbVendor' does not exist in the current context [C:\Users\russel.mercado\source\repos\Yakult-System-New\Yakult.Inventory.App\Yakult.Inventory.App.csproj]
C:\Users\russel.mercado\source\repos\Yakult-System-New\Yakult.Inventory.App\Wpf\CartridgeManagement\Dialogs\OutboundBatchAssignmentWpfDialog.xaml.cs(266,21): error CS0103: The name 'CmbVendor' does not exist in the current context [C:\Users\russel.mercado\source\repos\Yakult-System-New\Yakult.Inventory.App\Yakult.Inventory.App.csproj]
C:\Users\russel.mercado\source\repos\Yakult-System-New\Yakult.Inventory.App\Wpf\CartridgeManagement\Dialogs\OutboundBatchAssignmentWpfDialog.xaml.cs(283,24): error CS0103: The name 'ChkSelectAll' does not exist in the current context [C:\Users\russel.mercado\source\repos\Yakult-System-New\Yakult.Inventory.App\Yakult.Inventory.App.csproj]
C:\Users\russel.mercado\source\repos\Yakult-System-New\Yakult.Inventory.App\Wpf\Receipt\ReceiptSetViewerWindow.xaml.cs(299,13): error CS0103: The name 'ImageGallery' does not exist in the current context [C:\Users\russel.mercado\source\repos\Yakult-System-New\Yakult.Inventory.App\Yakult.Inventory.App.csproj]
C:\Users\russel.mercado\source\repos\Yakult-System-New\Yakult.Inventory.App\Wpf\Receipt\ReceiptSetViewerWindow.xaml.cs(304,17): error CS0103: The name 'ImageGallery' does not exist in the current context [C:\Users\russel.mercado\source\repos\Yakult-System-New\Yakult.Inventory.App\Yakult.Inventory.App.csproj]
C:\Users\russel.mercado\source\repos\Yakult-System-New\Yakult.Inventory.App\Wpf\Receipt\ReceiptSetViewerWindow.xaml.cs(306,17): error CS0103: The name 'TxtGalleryHint' does not exist in the current context [C:\Users\russel.mercado\source\repos\Yakult-System-New\Yakult.Inventory.App\Yakult.Inventory.App.csproj]
C:\Users\russel.mercado\source\repos\Yakult-System-New\Yakult.Inventory.App\Wpf\Receipt\ReceiptSetViewerWindow.xaml.cs(310,17): error CS0103: The name 'EmptyGalleryState' does not exist in the current context [C:\Users\russel.mercado\source\repos\Yakult-System-New\Yakult.Inventory.App\Yakult.Inventory.App.csproj]
C:\Users\russel.mercado\source\repos\Yakult-System-New\Yakult.Inventory.App\Wpf\Receipt\ReceiptSetViewerWindow.xaml.cs(313,21): error CS0103: The name 'EmptyStateIcon' does not exist in the current context [C:\Users\russel.mercado\source\repos\Yakult-System-New\Yakult.Inventory.App\Yakult.Inventory.App.csproj]
C:\Users\russel.mercado\source\repos\Yakult-System-New\Yakult.Inventory.App\Wpf\Receipt\ReceiptSetViewerWindow.xaml.cs(314,21): error CS0103: The name 'EmptyStateTitle' does not exist in the current context [C:\Users\russel.mercado\source\repos\Yakult-System-New\Yakult.Inventory.App\Yakult.Inventory.App.csproj]
C:\Users\russel.mercado\source\repos\Yakult-System-New\Yakult.Inventory.App\Wpf\Receipt\ReceiptSetViewerWindow.xaml.cs(315,21): error CS0103: The name 'EmptyStateHint' does not exist in the current context [C:\Users\russel.mercado\source\repos\Yakult-System-New\Yakult.Inventory.App\Yakult.Inventory.App.csproj]
C:\Users\russel.mercado\source\repos\Yakult-System-New\Yakult.Inventory.App\Wpf\Receipt\ReceiptSetViewerWindow.xaml.cs(322,13): error CS0103: The name 'ImageGallery' does not exist in the current context [C:\Users\russel.mercado\source\repos\Yakult-System-New\Yakult.Inventory.App\Yakult.Inventory.App.csproj]
C:\Users\russel.mercado\source\repos\Yakult-System-New\Yakult.Inventory.App\Wpf\Receipt\ReceiptSetViewerWindow.xaml.cs(324,13): error CS0103: The name 'EmptyGalleryState' does not exist in the current context [C:\Users\russel.mercado\source\repos\Yakult-System-New\Yakult.Inventory.App\Yakult.Inventory.App.csproj]
C:\Users\russel.mercado\source\repos\Yakult-System-New\Yakult.Inventory.App\Wpf\Receipt\ReceiptSetViewerWindow.xaml.cs(327,17): error CS0103: The name 'EmptyStateIcon' does not exist in the current context [C:\Users\russel.mercado\source\repos\Yakult-System-New\Yakult.Inventory.App\Yakult.Inventory.App.csproj]
C:\Users\russel.mercado\source\repos\Yakult-System-New\Yakult.Inventory.App\Wpf\Receipt\ReceiptSetViewerWindow.xaml.cs(328,17): error CS0103: The name 'EmptyStateTitle' does not exist in the current context [C:\Users\russel.mercado\source\repos\Yakult-System-New\Yakult.Inventory.App\Yakult.Inventory.App.csproj]
C:\Users\russel.mercado\source\repos\Yakult-System-New\Yakult.Inventory.App\Wpf\Receipt\ReceiptSetViewerWindow.xaml.cs(329,17): error CS0103: The name 'EmptyStateHint' does not exist in the current context [C:\Users\russel.mercado\source\repos\Yakult-System-New\Yakult.Inventory.App\Yakult.Inventory.App.csproj]
C:\Users\russel.mercado\source\repos\Yakult-System-New\Yakult.Inventory.App\Wpf\CartridgeManagement\Dialogs\OutboundBatchAssignmentWpfDialog.xaml.cs(300,17): error CS0103: The name 'PnlNew' does not exist in the current context [C:\Users\russel.mercado\source\repos\Yakult-System-New\Yakult.Inventory.App\Yakult.Inventory.App.csproj]
C:\Users\russel.mercado\source\repos\Yakult-System-New\Yakult.Inventory.App\Wpf\CartridgeManagement\Dialogs\OutboundBatchAssignmentWpfDialog.xaml.cs(301,26): error CS0103: The name 'RadNew' does not exist in the current context [C:\Users\russel.mercado\source\repos\Yakult-System-New\Yakult.Inventory.App\Yakult.Inventory.App.csproj]
C:\Users\russel.mercado\source\repos\Yakult-System-New\Yakult.Inventory.App\Wpf\CartridgeManagement\Dialogs\OutboundBatchAssignmentWpfDialog.xaml.cs(302,13): error CS0103: The name 'PnlNew' does not exist in the current context [C:\Users\russel.mercado\source\repos\Yakult-System-New\Yakult.Inventory.App\Yakult.Inventory.App.csproj]
C:\Users\russel.mercado\source\repos\Yakult-System-New\Yakult.Inventory.App\Wpf\CartridgeManagement\Dialogs\OutboundBatchAssignmentWpfDialog.xaml.cs(303,13): error CS0103: The name 'PnlExisting' does not exist in the current context [C:\Users\russel.mercado\source\repos\Yakult-System-New\Yakult.Inventory.App\Yakult.Inventory.App.csproj]
C:\Users\russel.mercado\source\repos\Yakult-System-New\Yakult.Inventory.App\Wpf\CartridgeManagement\Dialogs\OutboundBatchAssignmentWpfDialog.xaml.cs(304,13): error CS0103: The name 'BtnConfirm' does not exist in the current context [C:\Users\russel.mercado\source\repos\Yakult-System-New\Yakult.Inventory.App\Yakult.Inventory.App.csproj]
C:\Users\russel.mercado\source\repos\Yakult-System-New\Yakult.Inventory.App\Wpf\CartridgeManagement\Dialogs\OutboundBatchAssignmentWpfDialog.xaml.cs(309,17): error CS0103: The name 'CmbVendor' does not exist in the current context [C:\Users\russel.mercado\source\repos\Yakult-System-New\Yakult.Inventory.App\Yakult.Inventory.App.csproj]
C:\Users\russel.mercado\source\repos\Yakult-System-New\Yakult.Inventory.App\Wpf\Receipt\ReceiptSetViewerWindow.xaml.cs(337,13): error CS0103: The name 'TxtCountSi' does not exist in the current context [C:\Users\russel.mercado\source\repos\Yakult-System-New\Yakult.Inventory.App\Yakult.Inventory.App.csproj]
C:\Users\russel.mercado\source\repos\Yakult-System-New\Yakult.Inventory.App\Wpf\Receipt\ReceiptSetViewerWindow.xaml.cs(338,13): error CS0103: The name 'TxtCountDr' does not exist in the current context [C:\Users\russel.mercado\source\repos\Yakult-System-New\Yakult.Inventory.App\Yakult.Inventory.App.csproj]
C:\Users\russel.mercado\source\repos\Yakult-System-New\Yakult.Inventory.App\Wpf\Receipt\ReceiptSetViewerWindow.xaml.cs(339,13): error CS0103: The name 'TxtCountPo' does not exist in the current context [C:\Users\russel.mercado\source\repos\Yakult-System-New\Yakult.Inventory.App\Yakult.Inventory.App.csproj]
C:\Users\russel.mercado\source\repos\Yakult-System-New\Yakult.Inventory.App\Wpf\Receipt\ReceiptSetViewerWindow.xaml.cs(340,13): error CS0103: The name 'TxtCountPdf' does not exist in the current context [C:\Users\russel.mercado\source\repos\Yakult-System-New\Yakult.Inventory.App\Yakult.Inventory.App.csproj]
C:\Users\russel.mercado\source\repos\Yakult-System-New\Yakult.Inventory.App\Wpf\CartridgeManagement\Dialogs\OutboundBatchAssignmentWpfDialog.xaml.cs(327,13): error CS0103: The name 'BtnNext' does not exist in the current context [C:\Users\russel.mercado\source\repos\Yakult-System-New\Yakult.Inventory.App\Yakult.Inventory.App.csproj]
C:\Users\russel.mercado\source\repos\Yakult-System-New\Yakult.Inventory.App\Wpf\CartridgeManagement\Dialogs\OutboundBatchAssignmentWpfDialog.xaml.cs(335,17): error CS0103: The name 'BtnNext' does not exist in the current context [C:\Users\russel.mercado\source\repos\Yakult-System-New\Yakult.Inventory.App\Yakult.Inventory.App.csproj]
C:\Users\russel.mercado\source\repos\Yakult-System-New\Yakult.Inventory.App\Wpf\CartridgeManagement\Dialogs\OutboundBatchAssignmentWpfDialog.xaml.cs(348,13): error CS0103: The name 'Step1Panel' does not exist in the current context [C:\Users\russel.mercado\source\repos\Yakult-System-New\Yakult.Inventory.App\Yakult.Inventory.App.csproj]
C:\Users\russel.mercado\source\repos\Yakult-System-New\Yakult.Inventory.App\Wpf\CartridgeManagement\Dialogs\OutboundBatchAssignmentWpfDialog.xaml.cs(349,13): error CS0103: The name 'Step2Panel' does not exist in the current context [C:\Users\russel.mercado\source\repos\Yakult-System-New\Yakult.Inventory.App\Yakult.Inventory.App.csproj]
C:\Users\russel.mercado\source\repos\Yakult-System-New\Yakult.Inventory.App\Wpf\CartridgeManagement\Dialogs\OutboundBatchAssignmentWpfDialog.xaml.cs(350,13): error CS0103: The name 'BtnBack' does not exist in the current context [C:\Users\russel.mercado\source\repos\Yakult-System-New\Yakult.Inventory.App\Yakult.Inventory.App.csproj]
C:\Users\russel.mercado\source\repos\Yakult-System-New\Yakult.Inventory.App\Wpf\CartridgeManagement\Dialogs\OutboundBatchAssignmentWpfDialog.xaml.cs(351,13): error CS0103: The name 'BtnNext' does not exist in the current context [C:\Users\russel.mercado\source\repos\Yakult-System-New\Yakult.Inventory.App\Yakult.Inventory.App.csproj]
C:\Users\russel.mercado\source\repos\Yakult-System-New\Yakult.Inventory.App\Wpf\CartridgeManagement\Dialogs\OutboundBatchAssignmentWpfDialog.xaml.cs(352,13): error CS0103: The name 'BtnConfirm' does not exist in the current context [C:\Users\russel.mercado\source\repos\Yakult-System-New\Yakult.Inventory.App\Yakult.Inventory.App.csproj]
C:\Users\russel.mercado\source\repos\Yakult-System-New\Yakult.Inventory.App\Wpf\CartridgeManagement\Dialogs\OutboundBatchAssignmentWpfDialog.xaml.cs(357,13): error CS0103: The name 'Dot1' does not exist in the current context [C:\Users\russel.mercado\source\repos\Yakult-System-New\Yakult.Inventory.App\Yakult.Inventory.App.csproj]
C:\Users\russel.mercado\source\repos\Yakult-System-New\Yakult.Inventory.App\Wpf\CartridgeManagement\Dialogs\OutboundBatchAssignmentWpfDialog.xaml.cs(358,13): error CS0103: The name 'Dot2' does not exist in the current context [C:\Users\russel.mercado\source\repos\Yakult-System-New\Yakult.Inventory.App\Yakult.Inventory.App.csproj]
C:\Users\russel.mercado\source\repos\Yakult-System-New\Yakult.Inventory.App\Wpf\CartridgeManagement\Dialogs\OutboundBatchAssignmentWpfDialog.xaml.cs(359,13): error CS0103: The name 'Lbl1' does not exist in the current context [C:\Users\russel.mercado\source\repos\Yakult-System-New\Yakult.Inventory.App\Yakult.Inventory.App.csproj]
C:\Users\russel.mercado\source\repos\Yakult-System-New\Yakult.Inventory.App\Wpf\CartridgeManagement\Dialogs\OutboundBatchAssignmentWpfDialog.xaml.cs(360,13): error CS0103: The name 'Lbl2' does not exist in the current context [C:\Users\russel.mercado\source\repos\Yakult-System-New\Yakult.Inventory.App\Yakult.Inventory.App.csproj]
C:\Users\russel.mercado\source\repos\Yakult-System-New\Yakult.Inventory.App\Wpf\CartridgeManagement\Dialogs\OutboundBatchAssignmentWpfDialog.xaml.cs(376,17): error CS0103: The name 'RadExisting' does not exist in the current context [C:\Users\russel.mercado\source\repos\Yakult-System-New\Yakult.Inventory.App\Yakult.Inventory.App.csproj]
C:\Users\russel.mercado\source\repos\Yakult-System-New\Yakult.Inventory.App\Wpf\RequestPortal\AuthorizeRequest\Views\AuthorizeRequestView.xaml.cs(148,44): error CS0103: The name 'inkCanvas' does not exist in the current context [C:\Users\russel.mercado\source\repos\Yakult-System-New\Yakult.Inventory.App\Yakult.Inventory.App.csproj]
C:\Users\russel.mercado\source\repos\Yakult-System-New\Yakult.Inventory.App\Wpf\RequestPortal\AuthorizeRequest\Views\AuthorizeRequestView.xaml.cs(183,17): error CS0103: The name 'inkCanvas' does not exist in the current context [C:\Users\russel.mercado\source\repos\Yakult-System-New\Yakult.Inventory.App\Yakult.Inventory.App.csproj]
C:\Users\russel.mercado\source\repos\Yakult-System-New\Yakult.Inventory.App\Wpf\RequestPortal\AuthorizeRequest\Views\AuthorizeRequestView.xaml.cs(185,36): error CS0103: The name 'inkCanvas' does not exist in the current context [C:\Users\russel.mercado\source\repos\Yakult-System-New\Yakult.Inventory.App\Yakult.Inventory.App.csproj]
C:\Users\russel.mercado\source\repos\Yakult-System-New\Yakult.Inventory.App\Wpf\Admin\UserActivity\Views\UserActivityView.xaml.cs(18,13): error CS0103: The name 'InitializeComponent' does not exist in the current context [C:\Users\russel.mercado\source\repos\Yakult-System-New\Yakult.Inventory.App\Yakult.Inventory.App.csproj]
C:\Users\russel.mercado\source\repos\Yakult-System-New\Yakult.Inventory.App\Wpf\Admin\UserActivity\Views\UserActivityView.xaml.cs(123,17): error CS0103: The name 'CboItemsPerPage' does not exist in the current context [C:\Users\russel.mercado\source\repos\Yakult-System-New\Yakult.Inventory.App\Yakult.Inventory.App.csproj]
C:\Users\russel.mercado\source\repos\Yakult-System-New\Yakult.Inventory.App\Wpf\CartridgeManagement\Dialogs\OutboundBatchAssignmentWpfDialog.xaml.cs(387,17): error CS0103: The name 'CmbVendor' does not exist in the current context [C:\Users\russel.mercado\source\repos\Yakult-System-New\Yakult.Inventory.App\Yakult.Inventory.App.csproj]
C:\Users\russel.mercado\source\repos\Yakult-System-New\Yakult.Inventory.App\Wpf\CartridgeManagement\Dialogs\OutboundBatchAssignmentWpfDialog.xaml.cs(394,33): error CS0103: The name 'RadDispose' does not exist in the current context [C:\Users\russel.mercado\source\repos\Yakult-System-New\Yakult.Inventory.App\Yakult.Inventory.App.csproj]
C:\Users\russel.mercado\source\repos\Yakult-System-New\Yakult.Inventory.App\Wpf\CartridgeManagement\Dialogs\OutboundBatchAssignmentWpfDialog.xaml.cs(395,44): error CS0103: The name 'CmbVendor' does not exist in the current context [C:\Users\russel.mercado\source\repos\Yakult-System-New\Yakult.Inventory.App\Yakult.Inventory.App.csproj]
C:\Users\russel.mercado\source\repos\Yakult-System-New\Yakult.Inventory.App\Wpf\CartridgeManagement\Dialogs\OutboundBatchAssignmentWpfDialog.xaml.cs(396,46): error CS0103: The name 'CmbVendor' does not exist in the current context [C:\Users\russel.mercado\source\repos\Yakult-System-New\Yakult.Inventory.App\Yakult.Inventory.App.csproj]
C:\Users\russel.mercado\source\repos\Yakult-System-New\Yakult.Inventory.App\Wpf\CartridgeManagement\Dialogs\OutboundBatchAssignmentWpfDialog.xaml.cs(397,33): error CS0103: The name 'TxtRemarks' does not exist in the current context [C:\Users\russel.mercado\source\repos\Yakult-System-New\Yakult.Inventory.App\Yakult.Inventory.App.csproj]
C:\Users\russel.mercado\source\repos\Yakult-System-New\Yakult.Inventory.App\Wpf\CartridgeManagement\Dialogs\OutboundBatchAssignmentWpfDialog.xaml.cs(412,13): error CS0103: The name 'BtnConfirm' does not exist in the current context [C:\Users\russel.mercado\source\repos\Yakult-System-New\Yakult.Inventory.App\Yakult.Inventory.App.csproj]
C:\Users\russel.mercado\source\repos\Yakult-System-New\Yakult.Inventory.App\Wpf\CartridgeManagement\Dialogs\OutboundBatchAssignmentWpfDialog.xaml.cs(413,13): error CS0103: The name 'BtnBack' does not exist in the current context [C:\Users\russel.mercado\source\repos\Yakult-System-New\Yakult.Inventory.App\Yakult.Inventory.App.csproj]
C:\Users\russel.mercado\source\repos\Yakult-System-New\Yakult.Inventory.App\Wpf\CartridgeManagement\Dialogs\OutboundBatchAssignmentWpfDialog.xaml.cs(447,17): error CS0103: The name 'BtnConfirm' does not exist in the current context [C:\Users\russel.mercado\source\repos\Yakult-System-New\Yakult.Inventory.App\Yakult.Inventory.App.csproj]
C:\Users\russel.mercado\source\repos\Yakult-System-New\Yakult.Inventory.App\Wpf\CartridgeManagement\Dialogs\OutboundBatchAssignmentWpfDialog.xaml.cs(448,17): error CS0103: The name 'BtnBack' does not exist in the current context [C:\Users\russel.mercado\source\repos\Yakult-System-New\Yakult.Inventory.App\Yakult.Inventory.App.csproj]
C:\Users\russel.mercado\source\repos\Yakult-System-New\Yakult.Inventory.App\Wpf\Receipt\ReceiptSetViewerWindow.xaml.cs(1038,43): error CS0103: The name 'CmbSupplier' does not exist in the current context [C:\Users\russel.mercado\source\repos\Yakult-System-New\Yakult.Inventory.App\Yakult.Inventory.App.csproj]
C:\Users\russel.mercado\source\repos\Yakult-System-New\Yakult.Inventory.App\Wpf\Receipt\ReceiptSetViewerWindow.xaml.cs(1042,17): error CS0103: The name 'CmbSupplier' does not exist in the current context [C:\Users\russel.mercado\source\repos\Yakult-System-New\Yakult.Inventory.App\Yakult.Inventory.App.csproj]
C:\Users\russel.mercado\source\repos\Yakult-System-New\Yakult.Inventory.App\Wpf\Receipt\ReceiptSetViewerWindow.xaml.cs(1050,59): error CS0103: The name 'CmbSupplier' does not exist in the current context [C:\Users\russel.mercado\source\repos\Yakult-System-New\Yakult.Inventory.App\Yakult.Inventory.App.csproj]
C:\Users\russel.mercado\source\repos\Yakult-System-New\Yakult.Inventory.App\Wpf\Receipt\ReceiptSetViewerWindow.xaml.cs(1054,17): error CS0103: The name 'CmbSupplier' does not exist in the current context [C:\Users\russel.mercado\source\repos\Yakult-System-New\Yakult.Inventory.App\Yakult.Inventory.App.csproj]
C:\Users\russel.mercado\source\repos\Yakult-System-New\Yakult.Inventory.App\Wpf\NotificationCenter\Views\NotificationCenterView.xaml.cs(12,13): error CS0103: The name 'InitializeComponent' does not exist in the current context [C:\Users\russel.mercado\source\repos\Yakult-System-New\Yakult.Inventory.App\Yakult.Inventory.App.csproj]
C:\Users\russel.mercado\source\repos\Yakult-System-New\Yakult.Inventory.App\Wpf\NotificationCenter\Controls\NotificationCardControl.xaml.cs(47,13): error CS0103: The name 'InitializeComponent' does not exist in the current context [C:\Users\russel.mercado\source\repos\Yakult-System-New\Yakult.Inventory.App\Yakult.Inventory.App.csproj]
C:\Users\russel.mercado\source\repos\Yakult-System-New\Yakult.Inventory.App\Wpf\Receipt\ReceiptSetViewerWindow.xaml.cs(1115,32): error CS0103: The name 'CmbSupplier' does not exist in the current context [C:\Users\russel.mercado\source\repos\Yakult-System-New\Yakult.Inventory.App\Yakult.Inventory.App.csproj]
C:\Users\russel.mercado\source\repos\Yakult-System-New\Yakult.Inventory.App\Wpf\Receipt\ReceiptSetViewerWindow.xaml.cs(1116,58): error CS0103: The name 'TxtSiNumber' does not exist in the current context [C:\Users\russel.mercado\source\repos\Yakult-System-New\Yakult.Inventory.App\Yakult.Inventory.App.csproj]
C:\Users\russel.mercado\source\repos\Yakult-System-New\Yakult.Inventory.App\Wpf\Receipt\ReceiptSetViewerWindow.xaml.cs(1116,85): error CS0103: The name 'TxtSiNumber' does not exist in the current context [C:\Users\russel.mercado\source\repos\Yakult-System-New\Yakult.Inventory.App\Yakult.Inventory.App.csproj]
C:\Users\russel.mercado\source\repos\Yakult-System-New\Yakult.Inventory.App\Wpf\Receipt\ReceiptSetViewerWindow.xaml.cs(1117,58): error CS0103: The name 'TxtDrNumber' does not exist in the current context [C:\Users\russel.mercado\source\repos\Yakult-System-New\Yakult.Inventory.App\Yakult.Inventory.App.csproj]
C:\Users\russel.mercado\source\repos\Yakult-System-New\Yakult.Inventory.App\Wpf\Receipt\ReceiptSetViewerWindow.xaml.cs(1117,85): error CS0103: The name 'TxtDrNumber' does not exist in the current context [C:\Users\russel.mercado\source\repos\Yakult-System-New\Yakult.Inventory.App\Yakult.Inventory.App.csproj]
C:\Users\russel.mercado\source\repos\Yakult-System-New\Yakult.Inventory.App\Wpf\Receipt\ReceiptSetViewerWindow.xaml.cs(1118,58): error CS0103: The name 'TxtPoNumber' does not exist in the current context [C:\Users\russel.mercado\source\repos\Yakult-System-New\Yakult.Inventory.App\Yakult.Inventory.App.csproj]
C:\Users\russel.mercado\source\repos\Yakult-System-New\Yakult.Inventory.App\Wpf\Receipt\ReceiptSetViewerWindow.xaml.cs(1118,85): error CS0103: The name 'TxtPoNumber' does not exist in the current context [C:\Users\russel.mercado\source\repos\Yakult-System-New\Yakult.Inventory.App\Yakult.Inventory.App.csproj]
C:\Users\russel.mercado\source\repos\Yakult-System-New\Yakult.Inventory.App\Wpf\Receipt\ReceiptSetViewerWindow.xaml.cs(1183,17): error CS0103: The name 'TxtSiNumber' does not exist in the current context [C:\Users\russel.mercado\source\repos\Yakult-System-New\Yakult.Inventory.App\Yakult.Inventory.App.csproj]
C:\Users\russel.mercado\source\repos\Yakult-System-New\Yakult.Inventory.App\Wpf\Receipt\ReceiptSetViewerWindow.xaml.cs(1184,17): error CS0103: The name 'TxtDrNumber' does not exist in the current context [C:\Users\russel.mercado\source\repos\Yakult-System-New\Yakult.Inventory.App\Yakult.Inventory.App.csproj]
C:\Users\russel.mercado\source\repos\Yakult-System-New\Yakult.Inventory.App\Wpf\Receipt\ReceiptSetViewerWindow.xaml.cs(1185,17): error CS0103: The name 'TxtPoNumber' does not exist in the current context [C:\Users\russel.mercado\source\repos\Yakult-System-New\Yakult.Inventory.App\Yakult.Inventory.App.csproj]
C:\Users\russel.mercado\source\repos\Yakult-System-New\Yakult.Inventory.App\Wpf\Receipt\ReceiptSetViewerWindow.xaml.cs(1298,37): error CS0103: The name 'TabPeriodCurrent' does not exist in the current context [C:\Users\russel.mercado\source\repos\Yakult-System-New\Yakult.Inventory.App\Yakult.Inventory.App.csproj]
C:\Users\russel.mercado\source\repos\Yakult-System-New\Yakult.Inventory.App\Wpf\Receipt\ReceiptSetViewerWindow.xaml.cs(1298,74): error CS0103: The name 'TabPeriodCurrent' does not exist in the current context [C:\Users\russel.mercado\source\repos\Yakult-System-New\Yakult.Inventory.App\Yakult.Inventory.App.csproj]
C:\Users\russel.mercado\source\repos\Yakult-System-New\Yakult.Inventory.App\Wpf\Receipt\ReceiptSetViewerWindow.xaml.cs(1299,38): error CS0103: The name 'TabPeriodPrevious' does not exist in the current context [C:\Users\russel.mercado\source\repos\Yakult-System-New\Yakult.Inventory.App\Yakult.Inventory.App.csproj]
C:\Users\russel.mercado\source\repos\Yakult-System-New\Yakult.Inventory.App\Wpf\Receipt\ReceiptSetViewerWindow.xaml.cs(1299,76): error CS0103: The name 'TabPeriodPrevious' does not exist in the current context [C:\Users\russel.mercado\source\repos\Yakult-System-New\Yakult.Inventory.App\Yakult.Inventory.App.csproj]
C:\Users\russel.mercado\source\repos\Yakult-System-New\Yakult.Inventory.App\Wpf\Receipt\ReceiptSetViewerWindow.xaml.cs(1300,38): error CS0103: The name 'TabPeriodHistory' does not exist in the current context [C:\Users\russel.mercado\source\repos\Yakult-System-New\Yakult.Inventory.App\Yakult.Inventory.App.csproj]
C:\Users\russel.mercado\source\repos\Yakult-System-New\Yakult.Inventory.App\Wpf\Archive\Views\BulkActionResultWindow.xaml.cs(46,13): error CS0103: The name 'InitializeComponent' does not exist in the current context [C:\Users\russel.mercado\source\repos\Yakult-System-New\Yakult.Inventory.App\Yakult.Inventory.App.csproj]
C:\Users\russel.mercado\source\repos\Yakult-System-New\Yakult.Inventory.App\Wpf\Receipt\ReceiptSetViewerWindow.xaml.cs(1332,13): error CS0103: The name 'GalleryContent' does not exist in the current context [C:\Users\russel.mercado\source\repos\Yakult-System-New\Yakult.Inventory.App\Yakult.Inventory.App.csproj]
C:\Users\russel.mercado\source\repos\Yakult-System-New\Yakult.Inventory.App\Wpf\Receipt\ReceiptSetViewerWindow.xaml.cs(1333,13): error CS0103: The name 'HistoryContent' does not exist in the current context [C:\Users\russel.mercado\source\repos\Yakult-System-New\Yakult.Inventory.App\Yakult.Inventory.App.csproj]
C:\Users\russel.mercado\source\repos\Yakult-System-New\Yakult.Inventory.App\Wpf\Receipt\ReceiptSetViewerWindow.xaml.cs(1338,17): error CS0103: The name 'BtnRevert' does not exist in the current context [C:\Users\russel.mercado\source\repos\Yakult-System-New\Yakult.Inventory.App\Yakult.Inventory.App.csproj]
C:\Users\russel.mercado\source\repos\Yakult-System-New\Yakult.Inventory.App\Wpf\Receipt\ReceiptSetViewerWindow.xaml.cs(1344,17): error CS0103: The name 'BtnRevert' does not exist in the current context [C:\Users\russel.mercado\source\repos\Yakult-System-New\Yakult.Inventory.App\Yakult.Inventory.App.csproj]
C:\Users\russel.mercado\source\repos\Yakult-System-New\Yakult.Inventory.App\Wpf\Receipt\ReceiptSetViewerWindow.xaml.cs(1365,21): error CS0103: The name 'TxtSubtitle' does not exist in the current context [C:\Users\russel.mercado\source\repos\Yakult-System-New\Yakult.Inventory.App\Yakult.Inventory.App.csproj]
C:\Users\russel.mercado\source\repos\Yakult-System-New\Yakult.Inventory.App\Wpf\Receipt\ReceiptSetViewerWindow.xaml.cs(1385,17): error CS0103: The name 'TxtSubtitle' does not exist in the current context [C:\Users\russel.mercado\source\repos\Yakult-System-New\Yakult.Inventory.App\Yakult.Inventory.App.csproj]
C:\Users\russel.mercado\source\repos\Yakult-System-New\Yakult.Inventory.App\Wpf\Receipt\ReceiptSetViewerWindow.xaml.cs(1390,17): error CS0103: The name 'TxtSubtitle' does not exist in the current context [C:\Users\russel.mercado\source\repos\Yakult-System-New\Yakult.Inventory.App\Yakult.Inventory.App.csproj]
C:\Users\russel.mercado\source\repos\Yakult-System-New\Yakult.Inventory.App\Wpf\Receipt\ReceiptSetViewerWindow.xaml.cs(1395,17): error CS0103: The name 'TxtSubtitle' does not exist in the current context [C:\Users\russel.mercado\source\repos\Yakult-System-New\Yakult.Inventory.App\Yakult.Inventory.App.csproj]
C:\Users\russel.mercado\source\repos\Yakult-System-New\Yakult.Inventory.App\Wpf\Receipt\ReceiptSetViewerWindow.xaml.cs(1396,17): error CS0103: The name 'GalleryContent' does not exist in the current context [C:\Users\russel.mercado\source\repos\Yakult-System-New\Yakult.Inventory.App\Yakult.Inventory.App.csproj]
C:\Users\russel.mercado\source\repos\Yakult-System-New\Yakult.Inventory.App\Wpf\Receipt\ReceiptSetViewerWindow.xaml.cs(1397,17): error CS0103: The name 'HistoryContent' does not exist in the current context [C:\Users\russel.mercado\source\repos\Yakult-System-New\Yakult.Inventory.App\Yakult.Inventory.App.csproj]
C:\Users\russel.mercado\source\repos\Yakult-System-New\Yakult.Inventory.App\Wpf\Archive\Views\ArchiveDetailsWindow.xaml.cs(14,13): error CS0103: The name 'InitializeComponent' does not exist in the current context [C:\Users\russel.mercado\source\repos\Yakult-System-New\Yakult.Inventory.App\Yakult.Inventory.App.csproj]
C:\Users\russel.mercado\source\repos\Yakult-System-New\Yakult.Inventory.App\Wpf\Archive\Views\ArchiveDetailsWindow.xaml.cs(22,13): error CS0103: The name 'CloseBtn' does not exist in the current context [C:\Users\russel.mercado\source\repos\Yakult-System-New\Yakult.Inventory.App\Yakult.Inventory.App.csproj]
C:\Users\russel.mercado\source\repos\Yakult-System-New\Yakult.Inventory.App\Wpf\Archive\Views\ArchivePageView.xaml.cs(22,13): error CS0103: The name 'InitializeComponent' does not exist in the current context [C:\Users\russel.mercado\source\repos\Yakult-System-New\Yakult.Inventory.App\Yakult.Inventory.App.csproj]
C:\Users\russel.mercado\source\repos\Yakult-System-New\Yakult.Inventory.App\Wpf\Receipt\ReceiptSetViewerWindow.xaml.cs(1538,13): error CS0103: The name 'CmbSupplier' does not exist in the current context [C:\Users\russel.mercado\source\repos\Yakult-System-New\Yakult.Inventory.App\Yakult.Inventory.App.csproj]
C:\Users\russel.mercado\source\repos\Yakult-System-New\Yakult.Inventory.App\Wpf\Receipt\ReceiptSetViewerWindow.xaml.cs(1539,13): error CS0103: The name 'TxtSiNumber' does not exist in the current context [C:\Users\russel.mercado\source\repos\Yakult-System-New\Yakult.Inventory.App\Yakult.Inventory.App.csproj]
C:\Users\russel.mercado\source\repos\Yakult-System-New\Yakult.Inventory.App\Wpf\Receipt\ReceiptSetViewerWindow.xaml.cs(1540,13): error CS0103: The name 'TxtDrNumber' does not exist in the current context [C:\Users\russel.mercado\source\repos\Yakult-System-New\Yakult.Inventory.App\Yakult.Inventory.App.csproj]
C:\Users\russel.mercado\source\repos\Yakult-System-New\Yakult.Inventory.App\Wpf\Receipt\ReceiptSetViewerWindow.xaml.cs(1541,13): error CS0103: The name 'TxtPoNumber' does not exist in the current context [C:\Users\russel.mercado\source\repos\Yakult-System-New\Yakult.Inventory.App\Yakult.Inventory.App.csproj]
C:\Users\russel.mercado\source\repos\Yakult-System-New\Yakult.Inventory.App\Wpf\Receipt\ReceiptSetViewerWindow.xaml.cs(1550,13): error CS0103: The name 'CmbSupplier' does not exist in the current context [C:\Users\russel.mercado\source\repos\Yakult-System-New\Yakult.Inventory.App\Yakult.Inventory.App.csproj]
C:\Users\russel.mercado\source\repos\Yakult-System-New\Yakult.Inventory.App\Wpf\Receipt\ReceiptSetViewerWindow.xaml.cs(1551,13): error CS0103: The name 'TxtSiNumber' does not exist in the current context [C:\Users\russel.mercado\source\repos\Yakult-System-New\Yakult.Inventory.App\Yakult.Inventory.App.csproj]
C:\Users\russel.mercado\source\repos\Yakult-System-New\Yakult.Inventory.App\Wpf\Receipt\ReceiptSetViewerWindow.xaml.cs(1552,13): error CS0103: The name 'TxtDrNumber' does not exist in the current context [C:\Users\russel.mercado\source\repos\Yakult-System-New\Yakult.Inventory.App\Yakult.Inventory.App.csproj]
C:\Users\russel.mercado\source\repos\Yakult-System-New\Yakult.Inventory.App\Wpf\Receipt\ReceiptSetViewerWindow.xaml.cs(1553,13): error CS0103: The name 'TxtPoNumber' does not exist in the current context [C:\Users\russel.mercado\source\repos\Yakult-System-New\Yakult.Inventory.App\Yakult.Inventory.App.csproj]
C:\Users\russel.mercado\source\repos\Yakult-System-New\Yakult.Inventory.App\Wpf\Receipt\ReceiptSetViewerWindow.xaml.cs(1565,13): error CS0103: The name 'CmbSupplier' does not exist in the current context [C:\Users\russel.mercado\source\repos\Yakult-System-New\Yakult.Inventory.App\Yakult.Inventory.App.csproj]
C:\Users\russel.mercado\source\repos\Yakult-System-New\Yakult.Inventory.App\Wpf\Receipt\ReceiptSetViewerWindow.xaml.cs(1566,13): error CS0103: The name 'TxtSiNumber' does not exist in the current context [C:\Users\russel.mercado\source\repos\Yakult-System-New\Yakult.Inventory.App\Yakult.Inventory.App.csproj]
C:\Users\russel.mercado\source\repos\Yakult-System-New\Yakult.Inventory.App\Wpf\Receipt\ReceiptSetViewerWindow.xaml.cs(1567,13): error CS0103: The name 'TxtDrNumber' does not exist in the current context [C:\Users\russel.mercado\source\repos\Yakult-System-New\Yakult.Inventory.App\Yakult.Inventory.App.csproj]
C:\Users\russel.mercado\source\repos\Yakult-System-New\Yakult.Inventory.App\Wpf\Receipt\ReceiptSetViewerWindow.xaml.cs(1568,13): error CS0103: The name 'TxtPoNumber' does not exist in the current context [C:\Users\russel.mercado\source\repos\Yakult-System-New\Yakult.Inventory.App\Yakult.Inventory.App.csproj]
C:\Users\russel.mercado\source\repos\Yakult-System-New\Yakult.Inventory.App\Wpf\Receipt\ReceiptSetViewerWindow.xaml.cs(1569,13): error CS0103: The name 'BtnSave' does not exist in the current context [C:\Users\russel.mercado\source\repos\Yakult-System-New\Yakult.Inventory.App\Yakult.Inventory.App.csproj]
C:\Users\russel.mercado\source\repos\Yakult-System-New\Yakult.Inventory.App\Wpf\Receipt\ReceiptSetViewerWindow.xaml.cs(1570,13): error CS0103: The name 'BtnAddImages' does not exist in the current context [C:\Users\russel.mercado\source\repos\Yakult-System-New\Yakult.Inventory.App\Yakult.Inventory.App.csproj]
C:\Users\russel.mercado\source\repos\Yakult-System-New\Yakult.Inventory.App\Wpf\Receipt\ReceiptSetViewerWindow.xaml.cs(1571,13): error CS0103: The name 'BtnAddPdf' does not exist in the current context [C:\Users\russel.mercado\source\repos\Yakult-System-New\Yakult.Inventory.App\Yakult.Inventory.App.csproj]
C:\Users\russel.mercado\source\repos\Yakult-System-New\Yakult.Inventory.App\Wpf\Receipt\ReceiptSetViewerWindow.xaml.cs(1630,28): error CS0103: The name 'CmbSupplier' does not exist in the current context [C:\Users\russel.mercado\source\repos\Yakult-System-New\Yakult.Inventory.App\Yakult.Inventory.App.csproj]
C:\Users\russel.mercado\source\repos\Yakult-System-New\Yakult.Inventory.App\Wpf\Receipt\ReceiptSetViewerWindow.xaml.cs(1631,28): error CS0103: The name 'TxtSiNumber' does not exist in the current context [C:\Users\russel.mercado\source\repos\Yakult-System-New\Yakult.Inventory.App\Yakult.Inventory.App.csproj]
C:\Users\russel.mercado\source\repos\Yakult-System-New\Yakult.Inventory.App\Wpf\Receipt\ReceiptSetViewerWindow.xaml.cs(1632,28): error CS0103: The name 'TxtDrNumber' does not exist in the current context [C:\Users\russel.mercado\source\repos\Yakult-System-New\Yakult.Inventory.App\Yakult.Inventory.App.csproj]
C:\Users\russel.mercado\source\repos\Yakult-System-New\Yakult.Inventory.App\Wpf\Receipt\ReceiptSetViewerWindow.xaml.cs(1633,28): error CS0103: The name 'TxtPoNumber' does not exist in the current context [C:\Users\russel.mercado\source\repos\Yakult-System-New\Yakult.Inventory.App\Yakult.Inventory.App.csproj]
C:\Users\russel.mercado\source\repos\Yakult-System-New\Yakult.Inventory.App\Wpf\Receipt\ReceiptSetViewerWindow.xaml.cs(1658,13): error CS0103: The name 'HistoryGrid' does not exist in the current context [C:\Users\russel.mercado\source\repos\Yakult-System-New\Yakult.Inventory.App\Yakult.Inventory.App.csproj]
C:\Users\russel.mercado\source\repos\Yakult-System-New\Yakult.Inventory.App\Wpf\Receipt\ReceiptSetViewerWindow.xaml.cs(1659,13): error CS0103: The name 'HistoryGrid' does not exist in the current context [C:\Users\russel.mercado\source\repos\Yakult-System-New\Yakult.Inventory.App\Yakult.Inventory.App.csproj]
C:\Users\russel.mercado\source\repos\Yakult-System-New\Yakult.Inventory.App\Wpf\Receipt\ReceiptSetViewerWindow.xaml.cs(1661,17): error CS0103: The name 'HistoryGrid' does not exist in the current context [C:\Users\russel.mercado\source\repos\Yakult-System-New\Yakult.Inventory.App\Yakult.Inventory.App.csproj]
C:\Users\russel.mercado\source\repos\Yakult-System-New\Yakult.Inventory.App\Wpf\Receipt\ReceiptSetViewerWindow.xaml.cs(1672,25): error CS0103: The name 'HistoryGrid' does not exist in the current context [C:\Users\russel.mercado\source\repos\Yakult-System-New\Yakult.Inventory.App\Yakult.Inventory.App.csproj]
C:\Users\russel.mercado\source\repos\Yakult-System-New\Yakult.Inventory.App\Wpf\Receipt\ReceiptSetViewerWindow.xaml.cs(1675,17): error CS0103: The name 'HistDetailVersion' does not exist in the current context [C:\Users\russel.mercado\source\repos\Yakult-System-New\Yakult.Inventory.App\Yakult.Inventory.App.csproj]
C:\Users\russel.mercado\source\repos\Yakult-System-New\Yakult.Inventory.App\Wpf\Receipt\ReceiptSetViewerWindow.xaml.cs(1676,17): error CS0103: The name 'HistDetailSaved' does not exist in the current context [C:\Users\russel.mercado\source\repos\Yakult-System-New\Yakult.Inventory.App\Yakult.Inventory.App.csproj]
C:\Users\russel.mercado\source\repos\Yakult-System-New\Yakult.Inventory.App\Wpf\Receipt\ReceiptSetViewerWindow.xaml.cs(1677,17): error CS0103: The name 'HistDetailSupplier' does not exist in the current context [C:\Users\russel.mercado\source\repos\Yakult-System-New\Yakult.Inventory.App\Yakult.Inventory.App.csproj]
C:\Users\russel.mercado\source\repos\Yakult-System-New\Yakult.Inventory.App\Wpf\Receipt\ReceiptSetViewerWindow.xaml.cs(1678,17): error CS0103: The name 'HistDetailDoc' does not exist in the current context [C:\Users\russel.mercado\source\repos\Yakult-System-New\Yakult.Inventory.App\Yakult.Inventory.App.csproj]
C:\Users\russel.mercado\source\repos\Yakult-System-New\Yakult.Inventory.App\Wpf\Receipt\ReceiptSetViewerWindow.xaml.cs(1679,17): error CS0103: The name 'HistDetailChanged' does not exist in the current context [C:\Users\russel.mercado\source\repos\Yakult-System-New\Yakult.Inventory.App\Yakult.Inventory.App.csproj]
C:\Users\russel.mercado\source\repos\Yakult-System-New\Yakult.Inventory.App\Wpf\Receipt\ReceiptSetViewerWindow.xaml.cs(1680,17): error CS0103: The name 'HistDetailImgs' does not exist in the current context [C:\Users\russel.mercado\source\repos\Yakult-System-New\Yakult.Inventory.App\Yakult.Inventory.App.csproj]
C:\Users\russel.mercado\source\repos\Yakult-System-New\Yakult.Inventory.App\Wpf\Receipt\ReceiptSetViewerWindow.xaml.cs(1681,17): error CS0103: The name 'BtnHistOpen' does not exist in the current context [C:\Users\russel.mercado\source\repos\Yakult-System-New\Yakult.Inventory.App\Yakult.Inventory.App.csproj]
C:\Users\russel.mercado\source\repos\Yakult-System-New\Yakult.Inventory.App\Wpf\Receipt\ReceiptSetViewerWindow.xaml.cs(1682,17): error CS0103: The name 'BtnHistMakeCurrent' does not exist in the current context [C:\Users\russel.mercado\source\repos\Yakult-System-New\Yakult.Inventory.App\Yakult.Inventory.App.csproj]
C:\Users\russel.mercado\source\repos\Yakult-System-New\Yakult.Inventory.App\Wpf\Receipt\ReceiptSetViewerWindow.xaml.cs(1686,13): error CS0103: The name 'HistDetailVersion' does not exist in the current context [C:\Users\russel.mercado\source\repos\Yakult-System-New\Yakult.Inventory.App\Yakult.Inventory.App.csproj]
C:\Users\russel.mercado\source\repos\Yakult-System-New\Yakult.Inventory.App\Wpf\Receipt\ReceiptSetViewerWindow.xaml.cs(1687,13): error CS0103: The name 'HistDetailSaved' does not exist in the current context [C:\Users\russel.mercado\source\repos\Yakult-System-New\Yakult.Inventory.App\Yakult.Inventory.App.csproj]
C:\Users\russel.mercado\source\repos\Yakult-System-New\Yakult.Inventory.App\Wpf\Receipt\ReceiptSetViewerWindow.xaml.cs(1688,13): error CS0103: The name 'HistDetailSupplier' does not exist in the current context [C:\Users\russel.mercado\source\repos\Yakult-System-New\Yakult.Inventory.App\Yakult.Inventory.App.csproj]
C:\Users\russel.mercado\source\repos\Yakult-System-New\Yakult.Inventory.App\Wpf\Receipt\ReceiptSetViewerWindow.xaml.cs(1689,13): error CS0103: The name 'HistDetailDoc' does not exist in the current context [C:\Users\russel.mercado\source\repos\Yakult-System-New\Yakult.Inventory.App\Yakult.Inventory.App.csproj]
C:\Users\russel.mercado\source\repos\Yakult-System-New\Yakult.Inventory.App\Wpf\Receipt\ReceiptSetViewerWindow.xaml.cs(1690,13): error CS0103: The name 'HistDetailChanged' does not exist in the current context [C:\Users\russel.mercado\source\repos\Yakult-System-New\Yakult.Inventory.App\Yakult.Inventory.App.csproj]
C:\Users\russel.mercado\source\repos\Yakult-System-New\Yakult.Inventory.App\Wpf\Receipt\ReceiptSetViewerWindow.xaml.cs(1691,13): error CS0103: The name 'HistDetailImgs' does not exist in the current context [C:\Users\russel.mercado\source\repos\Yakult-System-New\Yakult.Inventory.App\Yakult.Inventory.App.csproj]
C:\Users\russel.mercado\source\repos\Yakult-System-New\Yakult.Inventory.App\Wpf\Receipt\ReceiptSetViewerWindow.xaml.cs(1692,13): error CS0103: The name 'BtnHistOpen' does not exist in the current context [C:\Users\russel.mercado\source\repos\Yakult-System-New\Yakult.Inventory.App\Yakult.Inventory.App.csproj]
C:\Users\russel.mercado\source\repos\Yakult-System-New\Yakult.Inventory.App\Wpf\Receipt\ReceiptSetViewerWindow.xaml.cs(1693,13): error CS0103: The name 'BtnHistMakeCurrent' does not exist in the current context [C:\Users\russel.mercado\source\repos\Yakult-System-New\Yakult.Inventory.App\Yakult.Inventory.App.csproj]
C:\Users\russel.mercado\source\repos\Yakult-System-New\Yakult.Inventory.App\Wpf\CartridgeManagement\Dialogs\OutboundBatchAssignmentWpfDialog.xaml.cs(454,17): error CS0103: The name 'CmbExistingBatch' does not exist in the current context [C:\Users\russel.mercado\source\repos\Yakult-System-New\Yakult.Inventory.App\Yakult.Inventory.App.csproj]
C:\Users\russel.mercado\source\repos\Yakult-System-New\Yakult.Inventory.App\Wpf\CartridgeManagement\Dialogs\OutboundBatchAssignmentWpfDialog.xaml.cs(461,56): error CS0103: The name 'CmbExistingBatch' does not exist in the current context [C:\Users\russel.mercado\source\repos\Yakult-System-New\Yakult.Inventory.App\Yakult.Inventory.App.csproj]
C:\Users\russel.mercado\source\repos\Yakult-System-New\Yakult.Inventory.App\Wpf\CartridgeManagement\Dialogs\OutboundBatchAssignmentWpfDialog.xaml.cs(462,60): error CS0103: The name 'CmbExistingBatch' does not exist in the current context [C:\Users\russel.mercado\source\repos\Yakult-System-New\Yakult.Inventory.App\Yakult.Inventory.App.csproj]
C:\Users\russel.mercado\source\repos\Yakult-System-New\Yakult.Inventory.App\Wpf\CartridgeManagement\Dialogs\OutboundBatchAssignmentWpfDialog.xaml.cs(473,13): error CS0103: The name 'BtnConfirm' does not exist in the current context [C:\Users\russel.mercado\source\repos\Yakult-System-New\Yakult.Inventory.App\Yakult.Inventory.App.csproj]
C:\Users\russel.mercado\source\repos\Yakult-System-New\Yakult.Inventory.App\Wpf\CartridgeManagement\Dialogs\OutboundBatchAssignmentWpfDialog.xaml.cs(474,13): error CS0103: The name 'BtnBack' does not exist in the current context [C:\Users\russel.mercado\source\repos\Yakult-System-New\Yakult.Inventory.App\Yakult.Inventory.App.csproj]
C:\Users\russel.mercado\source\repos\Yakult-System-New\Yakult.Inventory.App\Wpf\CartridgeManagement\Dialogs\OutboundBatchAssignmentWpfDialog.xaml.cs(496,17): error CS0103: The name 'BtnConfirm' does not exist in the current context [C:\Users\russel.mercado\source\repos\Yakult-System-New\Yakult.Inventory.App\Yakult.Inventory.App.csproj]
C:\Users\russel.mercado\source\repos\Yakult-System-New\Yakult.Inventory.App\Wpf\CartridgeManagement\Dialogs\OutboundBatchAssignmentWpfDialog.xaml.cs(497,17): error CS0103: The name 'BtnBack' does not exist in the current context [C:\Users\russel.mercado\source\repos\Yakult-System-New\Yakult.Inventory.App\Yakult.Inventory.App.csproj]
C:\Users\russel.mercado\source\repos\Yakult-System-New\Yakult.Inventory.App\Wpf\Receipt\ReceiptSetViewerWindow.xaml.cs(1708,25): error CS0103: The name 'HistoryGrid' does not exist in the current context [C:\Users\russel.mercado\source\repos\Yakult-System-New\Yakult.Inventory.App\Yakult.Inventory.App.csproj]
C:\Users\russel.mercado\source\repos\Yakult-System-New\Yakult.Inventory.App\Wpf\Receipt\ReceiptSetViewerWindow.xaml.cs(1741,25): error CS0103: The name 'HistoryGrid' does not exist in the current context [C:\Users\russel.mercado\source\repos\Yakult-System-New\Yakult.Inventory.App\Yakult.Inventory.App.csproj]
C:\Users\russel.mercado\source\repos\Yakult-System-New\Yakult.Inventory.App\Wpf\Receipt\ReceiptSetViewerWindow.xaml.cs(1764,17): error CS0103: The name 'TabPeriodCurrent' does not exist in the current context [C:\Users\russel.mercado\source\repos\Yakult-System-New\Yakult.Inventory.App\Yakult.Inventory.App.csproj]
C:\Users\russel.mercado\source\repos\Yakult-System-New\Yakult.Inventory.App\Wpf\Items\Views\AssignSubTypeGroupDialog.xaml.cs(19,13): error CS0103: The name 'InitializeComponent' does not exist in the current context [C:\Users\russel.mercado\source\repos\Yakult-System-New\Yakult.Inventory.App\Yakult.Inventory.App.csproj]
C:\Users\russel.mercado\source\repos\Yakult-System-New\Yakult.Inventory.App\Wpf\Items\Views\AssignSubTypeGroupDialog.xaml.cs(23,13): error CS0103: The name 'TxtHeading' does not exist in the current context [C:\Users\russel.mercado\source\repos\Yakult-System-New\Yakult.Inventory.App\Yakult.Inventory.App.csproj]
C:\Users\russel.mercado\source\repos\Yakult-System-New\Yakult.Inventory.App\Wpf\Items\Views\AssignSubTypeGroupDialog.xaml.cs(24,13): error CS0103: The name 'TxtSummary' does not exist in the current context [C:\Users\russel.mercado\source\repos\Yakult-System-New\Yakult.Inventory.App\Yakult.Inventory.App.csproj]
C:\Users\russel.mercado\source\repos\Yakult-System-New\Yakult.Inventory.App\Wpf\Items\Views\AssignSubTypeGroupDialog.xaml.cs(25,13): error CS0103: The name 'LblReferenceCode' does not exist in the current context [C:\Users\russel.mercado\source\repos\Yakult-System-New\Yakult.Inventory.App\Yakult.Inventory.App.csproj]
C:\Users\russel.mercado\source\repos\Yakult-System-New\Yakult.Inventory.App\Wpf\Items\Views\AssignSubTypeGroupDialog.xaml.cs(27,13): error CS0103: The name 'DtpStart' does not exist in the current context [C:\Users\russel.mercado\source\repos\Yakult-System-New\Yakult.Inventory.App\Yakult.Inventory.App.csproj]
C:\Users\russel.mercado\source\repos\Yakult-System-New\Yakult.Inventory.App\Wpf\Items\Views\AssignSubTypeGroupDialog.xaml.cs(28,13): error CS0103: The name 'DtpEnd' does not exist in the current context [C:\Users\russel.mercado\source\repos\Yakult-System-New\Yakult.Inventory.App\Yakult.Inventory.App.csproj]
C:\Users\russel.mercado\source\repos\Yakult-System-New\Yakult.Inventory.App\Wpf\Items\Views\AssignSubTypeGroupDialog.xaml.cs(49,55): error CS0103: The name 'TxtReferenceCode' does not exist in the current context [C:\Users\russel.mercado\source\repos\Yakult-System-New\Yakult.Inventory.App\Yakult.Inventory.App.csproj]
C:\Users\russel.mercado\source\repos\Yakult-System-New\Yakult.Inventory.App\Wpf\Items\Views\AssignSubTypeGroupDialog.xaml.cs(49,87): error CS0103: The name 'TxtReferenceCode' does not exist in the current context [C:\Users\russel.mercado\source\repos\Yakult-System-New\Yakult.Inventory.App\Yakult.Inventory.App.csproj]
C:\Users\russel.mercado\source\repos\Yakult-System-New\Yakult.Inventory.App\Wpf\Items\Views\AssignSubTypeGroupDialog.xaml.cs(50,25): error CS0103: The name 'DtpStart' does not exist in the current context [C:\Users\russel.mercado\source\repos\Yakult-System-New\Yakult.Inventory.App\Yakult.Inventory.App.csproj]
C:\Users\russel.mercado\source\repos\Yakult-System-New\Yakult.Inventory.App\Wpf\Items\Views\AssignSubTypeGroupDialog.xaml.cs(51,23): error CS0103: The name 'DtpEnd' does not exist in the current context [C:\Users\russel.mercado\source\repos\Yakult-System-New\Yakult.Inventory.App\Yakult.Inventory.App.csproj]
C:\Users\russel.mercado\source\repos\Yakult-System-New\Yakult.Inventory.App\Pages\Request\RequestSetBuilderDialog.xaml.cs(87,13): error CS0103: The name 'InitializeComponent' does not exist in the current context [C:\Users\russel.mercado\source\repos\Yakult-System-New\Yakult.Inventory.App\Yakult.Inventory.App.csproj]
C:\Users\russel.mercado\source\repos\Yakult-System-New\Yakult.Inventory.App\Wpf\Receipt\ReceiptSetViewerWindow.xaml.cs(1853,17): error CS0103: The name 'TabPeriodCurrent' does not exist in the current context [C:\Users\russel.mercado\source\repos\Yakult-System-New\Yakult.Inventory.App\Yakult.Inventory.App.csproj]
C:\Users\russel.mercado\source\repos\Yakult-System-New\Yakult.Inventory.App\Wpf\Receipt\ReceiptSetViewerWindow.xaml.cs(1894,17): error CS0103: The name 'TabPeriodCurrent' does not exist in the current context [C:\Users\russel.mercado\source\repos\Yakult-System-New\Yakult.Inventory.App\Yakult.Inventory.App.csproj]
C:\Users\russel.mercado\source\repos\Yakult-System-New\Yakult.Inventory.App\Wpf\Items\Views\ItemsPageView.xaml.cs(29,13): error CS0103: The name 'InitializeComponent' does not exist in the current context [C:\Users\russel.mercado\source\repos\Yakult-System-New\Yakult.Inventory.App\Yakult.Inventory.App.csproj]
C:\Users\russel.mercado\source\repos\Yakult-System-New\Yakult.Inventory.App\Wpf\Items\Views\ItemsPageView.xaml.cs(57,79): error CS0103: The name 'ImportDropdownToggle' does not exist in the current context [C:\Users\russel.mercado\source\repos\Yakult-System-New\Yakult.Inventory.App\Yakult.Inventory.App.csproj]
C:\Users\russel.mercado\source\repos\Yakult-System-New\Yakult.Inventory.App\Wpf\Items\Views\ItemsPageView.xaml.cs(58,84): error CS0103: The name 'MoreActionsDropdownToggle' does not exist in the current context [C:\Users\russel.mercado\source\repos\Yakult-System-New\Yakult.Inventory.App\Yakult.Inventory.App.csproj]
C:\Users\russel.mercado\source\repos\Yakult-System-New\Yakult.Inventory.App\Wpf\Set\BulkAddFiles\BulkAddFilesWindow.xaml.cs(45,13): error CS0103: The name 'InitializeComponent' does not exist in the current context [C:\Users\russel.mercado\source\repos\Yakult-System-New\Yakult.Inventory.App\Yakult.Inventory.App.csproj]
C:\Users\russel.mercado\source\repos\Yakult-System-New\Yakult.Inventory.App\Wpf\CartridgeManagement\Dialogs\AssignReturnsDialog.xaml.cs(40,13): error CS0103: The name 'InitializeComponent' does not exist in the current context [C:\Users\russel.mercado\source\repos\Yakult-System-New\Yakult.Inventory.App\Yakult.Inventory.App.csproj]
C:\Users\russel.mercado\source\repos\Yakult-System-New\Yakult.Inventory.App\Wpf\CartridgeManagement\Dialogs\AssignReturnsDialog.xaml.cs(41,13): error CS0103: The name 'ReturnsGrid' does not exist in the current context [C:\Users\russel.mercado\source\repos\Yakult-System-New\Yakult.Inventory.App\Yakult.Inventory.App.csproj]
C:\Users\russel.mercado\source\repos\Yakult-System-New\Yakult.Inventory.App\Wpf\CartridgeManagement\Dialogs\AssignReturnsDialog.xaml.cs(42,13): error CS0103: The name 'ModelCards' does not exist in the current context [C:\Users\russel.mercado\source\repos\Yakult-System-New\Yakult.Inventory.App\Yakult.Inventory.App.csproj]
C:\Users\russel.mercado\source\repos\Yakult-System-New\Yakult.Inventory.App\Pages\Request\RequestSetBuilderDialog.xaml.cs(95,13): error CS0103: The name 'DgvLines' does not exist in the current context [C:\Users\russel.mercado\source\repos\Yakult-System-New\Yakult.Inventory.App\Yakult.Inventory.App.csproj]
C:\Users\russel.mercado\source\repos\Yakult-System-New\Yakult.Inventory.App\Pages\Request\RequestSetBuilderDialog.xaml.cs(107,13): error CS0103: The name 'CmbEmployee' does not exist in the current context [C:\Users\russel.mercado\source\repos\Yakult-System-New\Yakult.Inventory.App\Yakult.Inventory.App.csproj]
C:\Users\russel.mercado\source\repos\Yakult-System-New\Yakult.Inventory.App\Pages\Request\RequestSetBuilderDialog.xaml.cs(112,26): error CS0103: The name 'CmbEmployee' does not exist in the current context [C:\Users\russel.mercado\source\repos\Yakult-System-New\Yakult.Inventory.App\Yakult.Inventory.App.csproj]
C:\Users\russel.mercado\source\repos\Yakult-System-New\Yakult.Inventory.App\Pages\Request\RequestSetBuilderDialog.xaml.cs(112,54): error CS0103: The name 'CmbEmployee' does not exist in the current context [C:\Users\russel.mercado\source\repos\Yakult-System-New\Yakult.Inventory.App\Yakult.Inventory.App.csproj]
C:\Users\russel.mercado\source\repos\Yakult-System-New\Yakult.Inventory.App\Wpf\Items\Views\ItemsPageView.xaml.cs(76,37): error CS0103: The name 'MainTabs' does not exist in the current context [C:\Users\russel.mercado\source\repos\Yakult-System-New\Yakult.Inventory.App\Yakult.Inventory.App.csproj]
C:\Users\russel.mercado\source\repos\Yakult-System-New\Yakult.Inventory.App\Wpf\Items\Views\ItemsPageView.xaml.cs(77,36): error CS0103: The name 'MainTabs' does not exist in the current context [C:\Users\russel.mercado\source\repos\Yakult-System-New\Yakult.Inventory.App\Yakult.Inventory.App.csproj]
C:\Users\russel.mercado\source\repos\Yakult-System-New\Yakult.Inventory.App\Wpf\Items\Views\ItemsPageView.xaml.cs(108,33): error CS0103: The name 'ItemsGrid' does not exist in the current context [C:\Users\russel.mercado\source\repos\Yakult-System-New\Yakult.Inventory.App\Yakult.Inventory.App.csproj]
C:\Users\russel.mercado\source\repos\Yakult-System-New\Yakult.Inventory.App\Wpf\Set\BulkAddFiles\BulkAddFilesWindow.xaml.cs(80,13): error CS0103: The name 'CategoryFilterPanel' does not exist in the current context [C:\Users\russel.mercado\source\repos\Yakult-System-New\Yakult.Inventory.App\Yakult.Inventory.App.csproj]
C:\Users\russel.mercado\source\repos\Yakult-System-New\Yakult.Inventory.App\Wpf\Set\BulkAddFiles\BulkAddFilesWindow.xaml.cs(100,17): error CS0103: The name 'CategoryFilterPanel' does not exist in the current context [C:\Users\russel.mercado\source\repos\Yakult-System-New\Yakult.Inventory.App\Yakult.Inventory.App.csproj]
C:\Users\russel.mercado\source\repos\Yakult-System-New\Yakult.Inventory.App\Wpf\Set\BulkAddFiles\BulkAddFilesWindow.xaml.cs(108,13): error CS0103: The name 'BtnCategoryFilter' does not exist in the current context [C:\Users\russel.mercado\source\repos\Yakult-System-New\Yakult.Inventory.App\Yakult.Inventory.App.csproj]
C:\Users\russel.mercado\source\repos\Yakult-System-New\Yakult.Inventory.App\Wpf\Set\BulkAddFiles\BulkAddFilesWindow.xaml.cs(115,13): error CS0103: The name 'CategoryFilterPopup' does not exist in the current context [C:\Users\russel.mercado\source\repos\Yakult-System-New\Yakult.Inventory.App\Yakult.Inventory.App.csproj]
C:\Users\russel.mercado\source\repos\Yakult-System-New\Yakult.Inventory.App\Wpf\Set\BulkAddFiles\BulkAddFilesWindow.xaml.cs(115,43): error CS0103: The name 'CategoryFilterPopup' does not exist in the current context [C:\Users\russel.mercado\source\repos\Yakult-System-New\Yakult.Inventory.App\Yakult.Inventory.App.csproj]
C:\Users\russel.mercado\source\repos\Yakult-System-New\Yakult.Inventory.App\Wpf\CartridgeManagement\Dialogs\AssignReturnsDialog.xaml.cs(49,13): error CS0103: The name 'BtnNext' does not exist in the current context [C:\Users\russel.mercado\source\repos\Yakult-System-New\Yakult.Inventory.App\Yakult.Inventory.App.csproj]
C:\Users\russel.mercado\source\repos\Yakult-System-New\Yakult.Inventory.App\Wpf\CartridgeManagement\Dialogs\AssignReturnsDialog.xaml.cs(56,17): error CS0103: The name 'CmbModelFilter' does not exist in the current context [C:\Users\russel.mercado\source\repos\Yakult-System-New\Yakult.Inventory.App\Yakult.Inventory.App.csproj]
C:\Users\russel.mercado\source\repos\Yakult-System-New\Yakult.Inventory.App\Wpf\CartridgeManagement\Dialogs\AssignReturnsDialog.xaml.cs(60,17): error CS0103: The name 'CmbModelFilter' does not exist in the current context [C:\Users\russel.mercado\source\repos\Yakult-System-New\Yakult.Inventory.App\Yakult.Inventory.App.csproj]
C:\Users\russel.mercado\source\repos\Yakult-System-New\Yakult.Inventory.App\Wpf\CartridgeManagement\Dialogs\AssignReturnsDialog.xaml.cs(68,21): error CS0103: The name 'CmbModelFilter' does not exist in the current context [C:\Users\russel.mercado\source\repos\Yakult-System-New\Yakult.Inventory.App\Yakult.Inventory.App.csproj]
C:\Users\russel.mercado\source\repos\Yakult-System-New\Yakult.Inventory.App\Wpf\CartridgeManagement\Dialogs\AssignReturnsDialog.xaml.cs(71,17): error CS0103: The name 'CmbModelFilter' does not exist in the current context [C:\Users\russel.mercado\source\repos\Yakult-System-New\Yakult.Inventory.App\Yakult.Inventory.App.csproj]
C:\Users\russel.mercado\source\repos\Yakult-System-New\Yakult.Inventory.App\Wpf\CartridgeManagement\Dialogs\AssignReturnsDialog.xaml.cs(82,17): error CS0103: The name 'BtnNext' does not exist in the current context [C:\Users\russel.mercado\source\repos\Yakult-System-New\Yakult.Inventory.App\Yakult.Inventory.App.csproj]
C:\Users\russel.mercado\source\repos\Yakult-System-New\Yakult.Inventory.App\Pages\Request\RequestSetBuilderDialog.xaml.cs(156,17): error CS0103: The name 'BtnMaximizeGlyph' does not exist in the current context [C:\Users\russel.mercado\source\repos\Yakult-System-New\Yakult.Inventory.App\Yakult.Inventory.App.csproj]
C:\Users\russel.mercado\source\repos\Yakult-System-New\Yakult.Inventory.App\Pages\Request\RequestSetBuilderDialog.xaml.cs(172,17): error CS0103: The name 'BtnMaximizeGlyph' does not exist in the current context [C:\Users\russel.mercado\source\repos\Yakult-System-New\Yakult.Inventory.App\Yakult.Inventory.App.csproj]
C:\Users\russel.mercado\source\repos\Yakult-System-New\Yakult.Inventory.App\Wpf\Set\BulkAddFiles\BulkAddFilesWindow.xaml.cs(177,64): error CS0103: The name 'SetsGrid' does not exist in the current context [C:\Users\russel.mercado\source\repos\Yakult-System-New\Yakult.Inventory.App\Yakult.Inventory.App.csproj]
C:\Users\russel.mercado\source\repos\Yakult-System-New\Yakult.Inventory.App\Wpf\Admin\AccountManagement\Views\EmployeeManagementView.xaml.cs(853,23): error CS0103: The name 'MainGrid' does not exist in the current context [C:\Users\russel.mercado\source\repos\Yakult-System-New\Yakult.Inventory.App\Yakult.Inventory.App.csproj]
C:\Users\russel.mercado\source\repos\Yakult-System-New\Yakult.Inventory.App\Wpf\Admin\AccountManagement\Views\EmployeeManagementView.xaml.cs(853,59): error CS0103: The name 'MainGrid' does not exist in the current context [C:\Users\russel.mercado\source\repos\Yakult-System-New\Yakult.Inventory.App\Yakult.Inventory.App.csproj]
C:\Users\russel.mercado\source\repos\Yakult-System-New\Yakult.Inventory.App\Wpf\Admin\AccountManagement\Views\EmployeeManagementView.xaml.cs(860,24): error CS0103: The name 'ColDeptEmail' does not exist in the current context [C:\Users\russel.mercado\source\repos\Yakult-System-New\Yakult.Inventory.App\Yakult.Inventory.App.csproj]
C:\Users\russel.mercado\source\repos\Yakult-System-New\Yakult.Inventory.App\Wpf\Admin\AccountManagement\Views\EmployeeManagementView.xaml.cs(860,47): error CS0103: The name 'ColBranchEmail' does not exist in the current context [C:\Users\russel.mercado\source\repos\Yakult-System-New\Yakult.Inventory.App\Yakult.Inventory.App.csproj]
C:\Users\russel.mercado\source\repos\Yakult-System-New\Yakult.Inventory.App\Wpf\Admin\AccountManagement\Views\EmployeeManagementView.xaml.cs(860,72): error CS0103: The name 'ColPersonalEmail' does not exist in the current context [C:\Users\russel.mercado\source\repos\Yakult-System-New\Yakult.Inventory.App\Yakult.Inventory.App.csproj]
C:\Users\russel.mercado\source\repos\Yakult-System-New\Yakult.Inventory.App\Wpf\CartridgeManagement\Dialogs\AssignReturnsDialog.xaml.cs(94,34): error CS0103: The name 'CmbModelFilter' does not exist in the current context [C:\Users\russel.mercado\source\repos\Yakult-System-New\Yakult.Inventory.App\Yakult.Inventory.App.csproj]
C:\Users\russel.mercado\source\repos\Yakult-System-New\Yakult.Inventory.App\Wpf\CartridgeManagement\Dialogs\AssignReturnsDialog.xaml.cs(95,35): error CS0103: The name 'CmbModelFilter' does not exist in the current context [C:\Users\russel.mercado\source\repos\Yakult-System-New\Yakult.Inventory.App\Yakult.Inventory.App.csproj]
C:\Users\russel.mercado\source\repos\Yakult-System-New\Yakult.Inventory.App\Wpf\Set\BulkAddFiles\BulkAddFilesWindow.xaml.cs(185,53): error CS0103: The name 'TxtSetSearch' does not exist in the current context [C:\Users\russel.mercado\source\repos\Yakult-System-New\Yakult.Inventory.App\Yakult.Inventory.App.csproj]
C:\Users\russel.mercado\source\repos\Yakult-System-New\Yakult.Inventory.App\Wpf\Admin\AccountManagement\Views\EmployeeManagementView.xaml.cs(870,29): error CS0103: The name 'ColDeptEmail' does not exist in the current context [C:\Users\russel.mercado\source\repos\Yakult-System-New\Yakult.Inventory.App\Yakult.Inventory.App.csproj]
C:\Users\russel.mercado\source\repos\Yakult-System-New\Yakult.Inventory.App\Wpf\Admin\AccountManagement\Views\EmployeeManagementView.xaml.cs(870,57): error CS0103: The name 'ColBranchEmail' does not exist in the current context [C:\Users\russel.mercado\source\repos\Yakult-System-New\Yakult.Inventory.App\Yakult.Inventory.App.csproj]
C:\Users\russel.mercado\source\repos\Yakult-System-New\Yakult.Inventory.App\Wpf\Admin\AccountManagement\Views\EmployeeManagementView.xaml.cs(870,87): error CS0103: The name 'ColPersonalEmail' does not exist in the current context [C:\Users\russel.mercado\source\repos\Yakult-System-New\Yakult.Inventory.App\Yakult.Inventory.App.csproj]
C:\Users\russel.mercado\source\repos\Yakult-System-New\Yakult.Inventory.App\Wpf\Admin\AccountManagement\Views\EmployeeManagementView.xaml.cs(880,29): error CS0103: The name 'ColDeptEmail' does not exist in the current context [C:\Users\russel.mercado\source\repos\Yakult-System-New\Yakult.Inventory.App\Yakult.Inventory.App.csproj]
C:\Users\russel.mercado\source\repos\Yakult-System-New\Yakult.Inventory.App\Wpf\Admin\AccountManagement\Views\EmployeeManagementView.xaml.cs(881,34): error CS0103: The name 'ColBranchEmail' does not exist in the current context [C:\Users\russel.mercado\source\repos\Yakult-System-New\Yakult.Inventory.App\Yakult.Inventory.App.csproj]
C:\Users\russel.mercado\source\repos\Yakult-System-New\Yakult.Inventory.App\Wpf\Admin\AccountManagement\Views\EmployeeManagementView.xaml.cs(882,34): error CS0103: The name 'ColPersonalEmail' does not exist in the current context [C:\Users\russel.mercado\source\repos\Yakult-System-New\Yakult.Inventory.App\Yakult.Inventory.App.csproj]
C:\Users\russel.mercado\source\repos\Yakult-System-New\Yakult.Inventory.App\Wpf\Set\BulkAddFiles\BulkAddFilesWindow.xaml.cs(206,19): error CS0103: The name 'SetsGrid' does not exist in the current context [C:\Users\russel.mercado\source\repos\Yakult-System-New\Yakult.Inventory.App\Yakult.Inventory.App.csproj]
C:\Users\russel.mercado\source\repos\Yakult-System-New\Yakult.Inventory.App\Wpf\Set\BulkAddFiles\BulkAddFilesWindow.xaml.cs(234,13): error CS0103: The name 'GroupsPanel' does not exist in the current context [C:\Users\russel.mercado\source\repos\Yakult-System-New\Yakult.Inventory.App\Yakult.Inventory.App.csproj]
C:\Users\russel.mercado\source\repos\Yakult-System-New\Yakult.Inventory.App\Wpf\Set\BulkAddFiles\BulkAddFilesWindow.xaml.cs(235,13): error CS0103: The name 'GroupsPanel' does not exist in the current context [C:\Users\russel.mercado\source\repos\Yakult-System-New\Yakult.Inventory.App\Yakult.Inventory.App.csproj]
C:\Users\russel.mercado\source\repos\Yakult-System-New\Yakult.Inventory.App\Wpf\OwnershipHistory\Views\OwnershipTimelineWindow.xaml.cs(20,13): error CS0103: The name 'InitializeComponent' does not exist in the current context [C:\Users\russel.mercado\source\repos\Yakult-System-New\Yakult.Inventory.App\Yakult.Inventory.App.csproj]
C:\Users\russel.mercado\source\repos\Yakult-System-New\Yakult.Inventory.App\Wpf\OwnershipHistory\Views\OwnershipTimelineWindow.xaml.cs(22,13): error CS0103: The name 'TxtTitle' does not exist in the current context [C:\Users\russel.mercado\source\repos\Yakult-System-New\Yakult.Inventory.App\Yakult.Inventory.App.csproj]
C:\Users\russel.mercado\source\repos\Yakult-System-New\Yakult.Inventory.App\Wpf\OwnershipHistory\Views\OwnershipTimelineWindow.xaml.cs(23,13): error CS0103: The name 'TxtSubtitle' does not exist in the current context [C:\Users\russel.mercado\source\repos\Yakult-System-New\Yakult.Inventory.App\Yakult.Inventory.App.csproj]
C:\Users\russel.mercado\source\repos\Yakult-System-New\Yakult.Inventory.App\Wpf\OwnershipHistory\Views\OwnershipTimelineWindow.xaml.cs(27,13): error CS0103: The name 'ListTimeline' does not exist in the current context [C:\Users\russel.mercado\source\repos\Yakult-System-New\Yakult.Inventory.App\Yakult.Inventory.App.csproj]
C:\Users\russel.mercado\source\repos\Yakult-System-New\Yakult.Inventory.App\Wpf\CartridgeManagement\Dialogs\AssignReturnsDialog.xaml.cs(132,17): error CS0103: The name 'TxtSelectionStatus' does not exist in the current context [C:\Users\russel.mercado\source\repos\Yakult-System-New\Yakult.Inventory.App\Yakult.Inventory.App.csproj]
C:\Users\russel.mercado\source\repos\Yakult-System-New\Yakult.Inventory.App\Wpf\CartridgeManagement\Dialogs\AssignReturnsDialog.xaml.cs(133,17): error CS0103: The name 'TxtSelectionStatus' does not exist in the current context [C:\Users\russel.mercado\source\repos\Yakult-System-New\Yakult.Inventory.App\Yakult.Inventory.App.csproj]
C:\Users\russel.mercado\source\repos\Yakult-System-New\Yakult.Inventory.App\Wpf\CartridgeManagement\Dialogs\AssignReturnsDialog.xaml.cs(140,17): error CS0103: The name 'TxtSelectionStatus' does not exist in the current context [C:\Users\russel.mercado\source\repos\Yakult-System-New\Yakult.Inventory.App\Yakult.Inventory.App.csproj]
C:\Users\russel.mercado\source\repos\Yakult-System-New\Yakult.Inventory.App\Wpf\CartridgeManagement\Dialogs\AssignReturnsDialog.xaml.cs(141,17): error CS0103: The name 'TxtSelectionStatus' does not exist in the current context [C:\Users\russel.mercado\source\repos\Yakult-System-New\Yakult.Inventory.App\Yakult.Inventory.App.csproj]
C:\Users\russel.mercado\source\repos\Yakult-System-New\Yakult.Inventory.App\Wpf\CartridgeManagement\Dialogs\AssignReturnsDialog.xaml.cs(152,17): error CS0103: The name 'ChkSelectAll' does not exist in the current context [C:\Users\russel.mercado\source\repos\Yakult-System-New\Yakult.Inventory.App\Yakult.Inventory.App.csproj]
C:\Users\russel.mercado\source\repos\Yakult-System-New\Yakult.Inventory.App\Wpf\CartridgeManagement\Dialogs\AssignReturnsDialog.xaml.cs(156,13): error CS0103: The name 'ChkSelectAll' does not exist in the current context [C:\Users\russel.mercado\source\repos\Yakult-System-New\Yakult.Inventory.App\Yakult.Inventory.App.csproj]
C:\Users\russel.mercado\source\repos\Yakult-System-New\Yakult.Inventory.App\Wpf\CartridgeManagement\Dialogs\AssignReturnsDialog.xaml.cs(167,24): error CS0103: The name 'ChkSelectAll' does not exist in the current context [C:\Users\russel.mercado\source\repos\Yakult-System-New\Yakult.Inventory.App\Yakult.Inventory.App.csproj]
C:\Users\russel.mercado\source\repos\Yakult-System-New\Yakult.Inventory.App\Pages\Request\RequestSetBuilderDialog.xaml.cs(207,17): error CS0103: The name 'LblStatus' does not exist in the current context [C:\Users\russel.mercado\source\repos\Yakult-System-New\Yakult.Inventory.App\Yakult.Inventory.App.csproj]
C:\Users\russel.mercado\source\repos\Yakult-System-New\Yakult.Inventory.App\Pages\Request\RequestSetBuilderDialog.xaml.cs(307,17): error CS0103: The name 'LblStatus' does not exist in the current context [C:\Users\russel.mercado\source\repos\Yakult-System-New\Yakult.Inventory.App\Yakult.Inventory.App.csproj]
C:\Users\russel.mercado\source\repos\Yakult-System-New\Yakult.Inventory.App\Pages\Request\RequestSetBuilderDialog.xaml.cs(315,13): error CS0103: The name 'CmbEmployee' does not exist in the current context [C:\Users\russel.mercado\source\repos\Yakult-System-New\Yakult.Inventory.App\Yakult.Inventory.App.csproj]
C:\Users\russel.mercado\source\repos\Yakult-System-New\Yakult.Inventory.App\Pages\Request\RequestSetBuilderDialog.xaml.cs(316,13): error CS0103: The name 'CmbCompany' does not exist in the current context [C:\Users\russel.mercado\source\repos\Yakult-System-New\Yakult.Inventory.App\Yakult.Inventory.App.csproj]
C:\Users\russel.mercado\source\repos\Yakult-System-New\Yakult.Inventory.App\Pages\Request\RequestSetBuilderDialog.xaml.cs(316,56): error CS0103: The name 'CmbCompany' does not exist in the current context [C:\Users\russel.mercado\source\repos\Yakult-System-New\Yakult.Inventory.App\Yakult.Inventory.App.csproj]
C:\Users\russel.mercado\source\repos\Yakult-System-New\Yakult.Inventory.App\Pages\Request\RequestSetBuilderDialog.xaml.cs(317,13): error CS0103: The name 'CmbDepartment' does not exist in the current context [C:\Users\russel.mercado\source\repos\Yakult-System-New\Yakult.Inventory.App\Yakult.Inventory.App.csproj]
C:\Users\russel.mercado\source\repos\Yakult-System-New\Yakult.Inventory.App\Pages\Request\RequestSetBuilderDialog.xaml.cs(317,56): error CS0103: The name 'CmbDepartment' does not exist in the current context [C:\Users\russel.mercado\source\repos\Yakult-System-New\Yakult.Inventory.App\Yakult.Inventory.App.csproj]
C:\Users\russel.mercado\source\repos\Yakult-System-New\Yakult.Inventory.App\Pages\Request\RequestSetBuilderDialog.xaml.cs(318,13): error CS0103: The name 'CmbBranch' does not exist in the current context [C:\Users\russel.mercado\source\repos\Yakult-System-New\Yakult.Inventory.App\Yakult.Inventory.App.csproj]
C:\Users\russel.mercado\source\repos\Yakult-System-New\Yakult.Inventory.App\Pages\Request\RequestSetBuilderDialog.xaml.cs(318,56): error CS0103: The name 'CmbBranch' does not exist in the current context [C:\Users\russel.mercado\source\repos\Yakult-System-New\Yakult.Inventory.App\Yakult.Inventory.App.csproj]
C:\Users\russel.mercado\source\repos\Yakult-System-New\Yakult.Inventory.App\Pages\Request\RequestSetBuilderDialog.xaml.cs(323,26): error CS0103: The name 'ChkNoEmployee' does not exist in the current context [C:\Users\russel.mercado\source\repos\Yakult-System-New\Yakult.Inventory.App\Yakult.Inventory.App.csproj]
C:\Users\russel.mercado\source\repos\Yakult-System-New\Yakult.Inventory.App\Pages\Request\RequestSetBuilderDialog.xaml.cs(324,13): error CS0103: The name 'PnlEmployee' does not exist in the current context [C:\Users\russel.mercado\source\repos\Yakult-System-New\Yakult.Inventory.App\Yakult.Inventory.App.csproj]
C:\Users\russel.mercado\source\repos\Yakult-System-New\Yakult.Inventory.App\Pages\Request\RequestSetBuilderDialog.xaml.cs(325,13): error CS0103: The name 'PnlOrg' does not exist in the current context [C:\Users\russel.mercado\source\repos\Yakult-System-New\Yakult.Inventory.App\Yakult.Inventory.App.csproj]
C:\Users\russel.mercado\source\repos\Yakult-System-New\Yakult.Inventory.App\Pages\Request\RequestSetBuilderDialog.xaml.cs(326,13): error CS0103: The name 'TxtInfoBanner' does not exist in the current context [C:\Users\russel.mercado\source\repos\Yakult-System-New\Yakult.Inventory.App\Yakult.Inventory.App.csproj]
C:\Users\russel.mercado\source\repos\Yakult-System-New\Yakult.Inventory.App\Pages\Request\RequestSetBuilderDialog.xaml.cs(333,13): error CS0103: The name 'CmbEmployee' does not exist in the current context [C:\Users\russel.mercado\source\repos\Yakult-System-New\Yakult.Inventory.App\Yakult.Inventory.App.csproj]
C:\Users\russel.mercado\source\repos\Yakult-System-New\Yakult.Inventory.App\Pages\Request\RequestSetBuilderDialog.xaml.cs(333,68): error CS0103: The name 'CmbEmployee' does not exist in the current context [C:\Users\russel.mercado\source\repos\Yakult-System-New\Yakult.Inventory.App\Yakult.Inventory.App.csproj]
C:\Users\russel.mercado\source\repos\Yakult-System-New\Yakult.Inventory.App\Wpf\CartridgeManagement\Dialogs\AssignReturnsDialog.xaml.cs(192,13): error CS0103: The name 'BtnNext' does not exist in the current context [C:\Users\russel.mercado\source\repos\Yakult-System-New\Yakult.Inventory.App\Yakult.Inventory.App.csproj]
C:\Users\russel.mercado\source\repos\Yakult-System-New\Yakult.Inventory.App\Wpf\CartridgeManagement\Dialogs\AssignReturnsDialog.xaml.cs(243,17): error CS0103: The name 'BtnNext' does not exist in the current context [C:\Users\russel.mercado\source\repos\Yakult-System-New\Yakult.Inventory.App\Yakult.Inventory.App.csproj]
C:\Users\russel.mercado\source\repos\Yakult-System-New\Yakult.Inventory.App\Wpf\CartridgeManagement\Dialogs\AssignReturnsDialog.xaml.cs(256,13): error CS0103: The name 'Step1Panel' does not exist in the current context [C:\Users\russel.mercado\source\repos\Yakult-System-New\Yakult.Inventory.App\Yakult.Inventory.App.csproj]
C:\Users\russel.mercado\source\repos\Yakult-System-New\Yakult.Inventory.App\Wpf\CartridgeManagement\Dialogs\AssignReturnsDialog.xaml.cs(257,13): error CS0103: The name 'Step2Panel' does not exist in the current context [C:\Users\russel.mercado\source\repos\Yakult-System-New\Yakult.Inventory.App\Yakult.Inventory.App.csproj]
C:\Users\russel.mercado\source\repos\Yakult-System-New\Yakult.Inventory.App\Wpf\CartridgeManagement\Dialogs\AssignReturnsDialog.xaml.cs(258,13): error CS0103: The name 'BtnBack' does not exist in the current context [C:\Users\russel.mercado\source\repos\Yakult-System-New\Yakult.Inventory.App\Yakult.Inventory.App.csproj]
C:\Users\russel.mercado\source\repos\Yakult-System-New\Yakult.Inventory.App\Wpf\CartridgeManagement\Dialogs\AssignReturnsDialog.xaml.cs(259,13): error CS0103: The name 'BtnNext' does not exist in the current context [C:\Users\russel.mercado\source\repos\Yakult-System-New\Yakult.Inventory.App\Yakult.Inventory.App.csproj]
C:\Users\russel.mercado\source\repos\Yakult-System-New\Yakult.Inventory.App\Wpf\CartridgeManagement\Dialogs\AssignReturnsDialog.xaml.cs(260,13): error CS0103: The name 'BtnConfirm' does not exist in the current context [C:\Users\russel.mercado\source\repos\Yakult-System-New\Yakult.Inventory.App\Yakult.Inventory.App.csproj]
C:\Users\russel.mercado\source\repos\Yakult-System-New\Yakult.Inventory.App\Wpf\CartridgeManagement\Dialogs\AssignReturnsDialog.xaml.cs(266,13): error CS0103: The name 'Dot1' does not exist in the current context [C:\Users\russel.mercado\source\repos\Yakult-System-New\Yakult.Inventory.App\Yakult.Inventory.App.csproj]
C:\Users\russel.mercado\source\repos\Yakult-System-New\Yakult.Inventory.App\Wpf\CartridgeManagement\Dialogs\AssignReturnsDialog.xaml.cs(267,13): error CS0103: The name 'Dot2' does not exist in the current context [C:\Users\russel.mercado\source\repos\Yakult-System-New\Yakult.Inventory.App\Yakult.Inventory.App.csproj]
C:\Users\russel.mercado\source\repos\Yakult-System-New\Yakult.Inventory.App\Wpf\CartridgeManagement\Dialogs\AssignReturnsDialog.xaml.cs(268,13): error CS0103: The name 'Lbl1' does not exist in the current context [C:\Users\russel.mercado\source\repos\Yakult-System-New\Yakult.Inventory.App\Yakult.Inventory.App.csproj]
C:\Users\russel.mercado\source\repos\Yakult-System-New\Yakult.Inventory.App\Wpf\CartridgeManagement\Dialogs\AssignReturnsDialog.xaml.cs(269,13): error CS0103: The name 'Lbl2' does not exist in the current context [C:\Users\russel.mercado\source\repos\Yakult-System-New\Yakult.Inventory.App\Yakult.Inventory.App.csproj]
C:\Users\russel.mercado\source\repos\Yakult-System-New\Yakult.Inventory.App\Pages\Request\RequestSetBuilderDialog.xaml.cs(346,17): error CS0103: The name 'CmbEmployee' does not exist in the current context [C:\Users\russel.mercado\source\repos\Yakult-System-New\Yakult.Inventory.App\Yakult.Inventory.App.csproj]
C:\Users\russel.mercado\source\repos\Yakult-System-New\Yakult.Inventory.App\Pages\Request\RequestSetBuilderDialog.xaml.cs(366,26): error CS0103: The name 'CmbEmployee' does not exist in the current context [C:\Users\russel.mercado\source\repos\Yakult-System-New\Yakult.Inventory.App\Yakult.Inventory.App.csproj]
C:\Users\russel.mercado\source\repos\Yakult-System-New\Yakult.Inventory.App\Pages\Request\RequestSetBuilderDialog.xaml.cs(366,54): error CS0103: The name 'CmbEmployee' does not exist in the current context [C:\Users\russel.mercado\source\repos\Yakult-System-New\Yakult.Inventory.App\Yakult.Inventory.App.csproj]
C:\Users\russel.mercado\source\repos\Yakult-System-New\Yakult.Inventory.App\Pages\Request\RequestSetBuilderDialog.xaml.cs(391,22): error CS0103: The name 'CmbEmployee' does not exist in the current context [C:\Users\russel.mercado\source\repos\Yakult-System-New\Yakult.Inventory.App\Yakult.Inventory.App.csproj]
C:\Users\russel.mercado\source\repos\Yakult-System-New\Yakult.Inventory.App\Pages\Request\RequestSetBuilderDialog.xaml.cs(391,50): error CS0103: The name 'CmbEmployee' does not exist in the current context [C:\Users\russel.mercado\source\repos\Yakult-System-New\Yakult.Inventory.App\Yakult.Inventory.App.csproj]
C:\Users\russel.mercado\source\repos\Yakult-System-New\Yakult.Inventory.App\Wpf\CartridgeManagement\Dialogs\AssignReturnsDialog.xaml.cs(279,13): error CS0103: The name 'CmbVendor' does not exist in the current context [C:\Users\russel.mercado\source\repos\Yakult-System-New\Yakult.Inventory.App\Yakult.Inventory.App.csproj]
C:\Users\russel.mercado\source\repos\Yakult-System-New\Yakult.Inventory.App\Wpf\CartridgeManagement\Dialogs\AssignReturnsDialog.xaml.cs(280,13): error CS0103: The name 'CmbExistingBatch' does not exist in the current context [C:\Users\russel.mercado\source\repos\Yakult-System-New\Yakult.Inventory.App\Yakult.Inventory.App.csproj]
C:\Users\russel.mercado\source\repos\Yakult-System-New\Yakult.Inventory.App\Wpf\CartridgeManagement\Dialogs\AssignReturnsDialog.xaml.cs(281,13): error CS0103: The name 'RadNew' does not exist in the current context [C:\Users\russel.mercado\source\repos\Yakult-System-New\Yakult.Inventory.App\Yakult.Inventory.App.csproj]
C:\Users\russel.mercado\source\repos\Yakult-System-New\Yakult.Inventory.App\Wpf\CartridgeManagement\Dialogs\AssignReturnsDialog.xaml.cs(304,29): error CS0103: The name 'CmbVendor' does not exist in the current context [C:\Users\russel.mercado\source\repos\Yakult-System-New\Yakult.Inventory.App\Yakult.Inventory.App.csproj]
C:\Users\russel.mercado\source\repos\Yakult-System-New\Yakult.Inventory.App\Wpf\CartridgeManagement\Dialogs\AssignReturnsDialog.xaml.cs(309,21): error CS0103: The name 'CmbVendor' does not exist in the current context [C:\Users\russel.mercado\source\repos\Yakult-System-New\Yakult.Inventory.App\Yakult.Inventory.App.csproj]
C:\Users\russel.mercado\source\repos\Yakult-System-New\Yakult.Inventory.App\Wpf\CartridgeManagement\Dialogs\AssignReturnsDialog.xaml.cs(310,21): error CS0103: The name 'CmbVendor' does not exist in the current context [C:\Users\russel.mercado\source\repos\Yakult-System-New\Yakult.Inventory.App\Yakult.Inventory.App.csproj]
C:\Users\russel.mercado\source\repos\Yakult-System-New\Yakult.Inventory.App\Wpf\CartridgeManagement\Dialogs\AssignReturnsDialog.xaml.cs(318,21): error CS0103: The name 'CmbExistingBatch' does not exist in the current context [C:\Users\russel.mercado\source\repos\Yakult-System-New\Yakult.Inventory.App\Yakult.Inventory.App.csproj]
C:\Users\russel.mercado\source\repos\Yakult-System-New\Yakult.Inventory.App\Wpf\CartridgeManagement\Dialogs\AssignReturnsDialog.xaml.cs(321,21): error CS0103: The name 'CmbExistingBatch' does not exist in the current context [C:\Users\russel.mercado\source\repos\Yakult-System-New\Yakult.Inventory.App\Yakult.Inventory.App.csproj]
C:\Users\russel.mercado\source\repos\Yakult-System-New\Yakult.Inventory.App\Wpf\CartridgeManagement\Dialogs\AssignReturnsDialog.xaml.cs(322,21): error CS0103: The name 'CmbExistingBatch' does not exist in the current context [C:\Users\russel.mercado\source\repos\Yakult-System-New\Yakult.Inventory.App\Yakult.Inventory.App.csproj]
C:\Users\russel.mercado\source\repos\Yakult-System-New\Yakult.Inventory.App\Wpf\CartridgeManagement\Dialogs\AssignReturnsDialog.xaml.cs(324,21): error CS0103: The name 'RadExisting' does not exist in the current context [C:\Users\russel.mercado\source\repos\Yakult-System-New\Yakult.Inventory.App\Yakult.Inventory.App.csproj]
C:\Users\russel.mercado\source\repos\Yakult-System-New\Yakult.Inventory.App\Pages\Request\RequestSetBuilderDialog.xaml.cs(402,23): error CS0103: The name 'CmbEmployee' does not exist in the current context [C:\Users\russel.mercado\source\repos\Yakult-System-New\Yakult.Inventory.App\Yakult.Inventory.App.csproj]
C:\Users\russel.mercado\source\repos\Yakult-System-New\Yakult.Inventory.App\Pages\Request\RequestSetBuilderDialog.xaml.cs(405,45): error CS0103: The name 'CmbEmployee' does not exist in the current context [C:\Users\russel.mercado\source\repos\Yakult-System-New\Yakult.Inventory.App\Yakult.Inventory.App.csproj]
C:\Users\russel.mercado\source\repos\Yakult-System-New\Yakult.Inventory.App\Pages\Request\RequestSetBuilderDialog.xaml.cs(408,27): error CS0103: The name 'CmbEmployee' does not exist in the current context [C:\Users\russel.mercado\source\repos\Yakult-System-New\Yakult.Inventory.App\Yakult.Inventory.App.csproj]
C:\Users\russel.mercado\source\repos\Yakult-System-New\Yakult.Inventory.App\Wpf\CartridgeManagement\Dialogs\AssignReturnsDialog.xaml.cs(338,13): error CS0103: The name 'TxtStep2Summary' does not exist in the current context [C:\Users\russel.mercado\source\repos\Yakult-System-New\Yakult.Inventory.App\Yakult.Inventory.App.csproj]
C:\Users\russel.mercado\source\repos\Yakult-System-New\Yakult.Inventory.App\Wpf\CartridgeManagement\Dialogs\AssignReturnsDialog.xaml.cs(343,13): error CS0103: The name 'BtnConfirm' does not exist in the current context [C:\Users\russel.mercado\source\repos\Yakult-System-New\Yakult.Inventory.App\Yakult.Inventory.App.csproj]
C:\Users\russel.mercado\source\repos\Yakult-System-New\Yakult.Inventory.App\Wpf\CartridgeManagement\Dialogs\AssignReturnsDialog.xaml.cs(349,17): error CS0103: The name 'PnlNew' does not exist in the current context [C:\Users\russel.mercado\source\repos\Yakult-System-New\Yakult.Inventory.App\Yakult.Inventory.App.csproj]
C:\Users\russel.mercado\source\repos\Yakult-System-New\Yakult.Inventory.App\Wpf\CartridgeManagement\Dialogs\AssignReturnsDialog.xaml.cs(350,26): error CS0103: The name 'RadNew' does not exist in the current context [C:\Users\russel.mercado\source\repos\Yakult-System-New\Yakult.Inventory.App\Yakult.Inventory.App.csproj]
C:\Users\russel.mercado\source\repos\Yakult-System-New\Yakult.Inventory.App\Wpf\CartridgeManagement\Dialogs\AssignReturnsDialog.xaml.cs(351,13): error CS0103: The name 'PnlNew' does not exist in the current context [C:\Users\russel.mercado\source\repos\Yakult-System-New\Yakult.Inventory.App\Yakult.Inventory.App.csproj]
C:\Users\russel.mercado\source\repos\Yakult-System-New\Yakult.Inventory.App\Wpf\CartridgeManagement\Dialogs\AssignReturnsDialog.xaml.cs(352,13): error CS0103: The name 'PnlExisting' does not exist in the current context [C:\Users\russel.mercado\source\repos\Yakult-System-New\Yakult.Inventory.App\Yakult.Inventory.App.csproj]
C:\Users\russel.mercado\source\repos\Yakult-System-New\Yakult.Inventory.App\Pages\Request\RequestSetBuilderDialog.xaml.cs(435,46): error CS0103: The name 'BtnRemoveLine' does not exist in the current context [C:\Users\russel.mercado\source\repos\Yakult-System-New\Yakult.Inventory.App\Yakult.Inventory.App.csproj]
C:\Users\russel.mercado\source\repos\Yakult-System-New\Yakult.Inventory.App\Wpf\CartridgeManagement\Dialogs\AssignReturnsDialog.xaml.cs(373,17): error CS0103: The name 'RadExisting' does not exist in the current context [C:\Users\russel.mercado\source\repos\Yakult-System-New\Yakult.Inventory.App\Yakult.Inventory.App.csproj]
C:\Users\russel.mercado\source\repos\Yakult-System-New\Yakult.Inventory.App\Pages\Request\RequestSetBuilderDialog.xaml.cs(441,13): error CS0103: The name 'LblStatus' does not exist in the current context [C:\Users\russel.mercado\source\repos\Yakult-System-New\Yakult.Inventory.App\Yakult.Inventory.App.csproj]
C:\Users\russel.mercado\source\repos\Yakult-System-New\Yakult.Inventory.App\Wpf\Set\BulkAddFiles\BulkAddFilesWindow.xaml.cs(541,21): error CS0103: The name 'SetsGrid' does not exist in the current context [C:\Users\russel.mercado\source\repos\Yakult-System-New\Yakult.Inventory.App\Yakult.Inventory.App.csproj]
C:\Users\russel.mercado\source\repos\Yakult-System-New\Yakult.Inventory.App\Wpf\Admin\AccountManagement\Views\EmployeeManagementView.xaml.cs(891,29): error CS0103: The name 'ColDeptEmail' does not exist in the current context [C:\Users\russel.mercado\source\repos\Yakult-System-New\Yakult.Inventory.App\Yakult.Inventory.App.csproj]
C:\Users\russel.mercado\source\repos\Yakult-System-New\Yakult.Inventory.App\Wpf\Admin\AccountManagement\Views\EmployeeManagementView.xaml.cs(891,57): error CS0103: The name 'ColBranchEmail' does not exist in the current context [C:\Users\russel.mercado\source\repos\Yakult-System-New\Yakult.Inventory.App\Yakult.Inventory.App.csproj]
C:\Users\russel.mercado\source\repos\Yakult-System-New\Yakult.Inventory.App\Wpf\Admin\AccountManagement\Views\EmployeeManagementView.xaml.cs(891,87): error CS0103: The name 'ColPersonalEmail' does not exist in the current context [C:\Users\russel.mercado\source\repos\Yakult-System-New\Yakult.Inventory.App\Yakult.Inventory.App.csproj]
C:\Users\russel.mercado\source\repos\Yakult-System-New\Yakult.Inventory.App\Wpf\Admin\AccountManagement\Views\EmployeeManagementView.xaml.cs(914,33): error CS0103: The name 'ColDeptEmail' does not exist in the current context [C:\Users\russel.mercado\source\repos\Yakult-System-New\Yakult.Inventory.App\Yakult.Inventory.App.csproj]
C:\Users\russel.mercado\source\repos\Yakult-System-New\Yakult.Inventory.App\Wpf\Admin\AccountManagement\Views\EmployeeManagementView.xaml.cs(938,38): error CS0103: The name 'ColBranchEmail' does not exist in the current context [C:\Users\russel.mercado\source\repos\Yakult-System-New\Yakult.Inventory.App\Yakult.Inventory.App.csproj]
C:\Users\russel.mercado\source\repos\Yakult-System-New\Yakult.Inventory.App\Wpf\Admin\AccountManagement\Views\EmployeeManagementView.xaml.cs(962,38): error CS0103: The name 'ColPersonalEmail' does not exist in the current context [C:\Users\russel.mercado\source\repos\Yakult-System-New\Yakult.Inventory.App\Yakult.Inventory.App.csproj]
C:\Users\russel.mercado\source\repos\Yakult-System-New\Yakult.Inventory.App\Wpf\CartridgeManagement\Dialogs\AssignReturnsDialog.xaml.cs(384,17): error CS0103: The name 'CmbVendor' does not exist in the current context [C:\Users\russel.mercado\source\repos\Yakult-System-New\Yakult.Inventory.App\Yakult.Inventory.App.csproj]
C:\Users\russel.mercado\source\repos\Yakult-System-New\Yakult.Inventory.App\Wpf\CartridgeManagement\Dialogs\AssignReturnsDialog.xaml.cs(391,42): error CS0103: The name 'CmbVendor' does not exist in the current context [C:\Users\russel.mercado\source\repos\Yakult-System-New\Yakult.Inventory.App\Yakult.Inventory.App.csproj]
C:\Users\russel.mercado\source\repos\Yakult-System-New\Yakult.Inventory.App\Wpf\CartridgeManagement\Dialogs\AssignReturnsDialog.xaml.cs(392,46): error CS0103: The name 'CmbVendor' does not exist in the current context [C:\Users\russel.mercado\source\repos\Yakult-System-New\Yakult.Inventory.App\Yakult.Inventory.App.csproj]
C:\Users\russel.mercado\source\repos\Yakult-System-New\Yakult.Inventory.App\Wpf\CartridgeManagement\Dialogs\AssignReturnsDialog.xaml.cs(393,31): error CS0103: The name 'TxtRemarks' does not exist in the current context [C:\Users\russel.mercado\source\repos\Yakult-System-New\Yakult.Inventory.App\Yakult.Inventory.App.csproj]
C:\Users\russel.mercado\source\repos\Yakult-System-New\Yakult.Inventory.App\Wpf\CartridgeManagement\Dialogs\AssignReturnsDialog.xaml.cs(408,13): error CS0103: The name 'BtnConfirm' does not exist in the current context [C:\Users\russel.mercado\source\repos\Yakult-System-New\Yakult.Inventory.App\Yakult.Inventory.App.csproj]
C:\Users\russel.mercado\source\repos\Yakult-System-New\Yakult.Inventory.App\Wpf\CartridgeManagement\Dialogs\AssignReturnsDialog.xaml.cs(409,13): error CS0103: The name 'BtnBack' does not exist in the current context [C:\Users\russel.mercado\source\repos\Yakult-System-New\Yakult.Inventory.App\Yakult.Inventory.App.csproj]
C:\Users\russel.mercado\source\repos\Yakult-System-New\Yakult.Inventory.App\Wpf\CartridgeManagement\Dialogs\AssignReturnsDialog.xaml.cs(451,17): error CS0103: The name 'BtnConfirm' does not exist in the current context [C:\Users\russel.mercado\source\repos\Yakult-System-New\Yakult.Inventory.App\Yakult.Inventory.App.csproj]
C:\Users\russel.mercado\source\repos\Yakult-System-New\Yakult.Inventory.App\Wpf\CartridgeManagement\Dialogs\AssignReturnsDialog.xaml.cs(452,17): error CS0103: The name 'BtnBack' does not exist in the current context [C:\Users\russel.mercado\source\repos\Yakult-System-New\Yakult.Inventory.App\Yakult.Inventory.App.csproj]
C:\Users\russel.mercado\source\repos\Yakult-System-New\Yakult.Inventory.App\Wpf\OwnershipHistory\Views\OwnershipHistoryPageView.xaml.cs(26,13): error CS0103: The name 'InitializeComponent' does not exist in the current context [C:\Users\russel.mercado\source\repos\Yakult-System-New\Yakult.Inventory.App\Yakult.Inventory.App.csproj]
C:\Users\russel.mercado\source\repos\Yakult-System-New\Yakult.Inventory.App\Wpf\OwnershipHistory\Views\OwnershipHistoryPageView.xaml.cs(27,13): error CS0103: The name 'GridHistory' does not exist in the current context [C:\Users\russel.mercado\source\repos\Yakult-System-New\Yakult.Inventory.App\Yakult.Inventory.App.csproj]
C:\Users\russel.mercado\source\repos\Yakult-System-New\Yakult.Inventory.App\Wpf\OwnershipHistory\Views\OwnershipHistoryPageView.xaml.cs(28,13): error CS0103: The name 'ListTransferCycle' does not exist in the current context [C:\Users\russel.mercado\source\repos\Yakult-System-New\Yakult.Inventory.App\Yakult.Inventory.App.csproj]
C:\Users\russel.mercado\source\repos\Yakult-System-New\Yakult.Inventory.App\Wpf\CartridgeManagement\Dialogs\AssignReturnsDialog.xaml.cs(458,17): error CS0103: The name 'CmbExistingBatch' does not exist in the current context [C:\Users\russel.mercado\source\repos\Yakult-System-New\Yakult.Inventory.App\Yakult.Inventory.App.csproj]
C:\Users\russel.mercado\source\repos\Yakult-System-New\Yakult.Inventory.App\Wpf\CartridgeManagement\Dialogs\AssignReturnsDialog.xaml.cs(465,57): error CS0103: The name 'CmbExistingBatch' does not exist in the current context [C:\Users\russel.mercado\source\repos\Yakult-System-New\Yakult.Inventory.App\Yakult.Inventory.App.csproj]
C:\Users\russel.mercado\source\repos\Yakult-System-New\Yakult.Inventory.App\Wpf\CartridgeManagement\Dialogs\AssignReturnsDialog.xaml.cs(466,60): error CS0103: The name 'CmbExistingBatch' does not exist in the current context [C:\Users\russel.mercado\source\repos\Yakult-System-New\Yakult.Inventory.App\Yakult.Inventory.App.csproj]
C:\Users\russel.mercado\source\repos\Yakult-System-New\Yakult.Inventory.App\Wpf\CartridgeManagement\Dialogs\AssignReturnsDialog.xaml.cs(481,13): error CS0103: The name 'BtnConfirm' does not exist in the current context [C:\Users\russel.mercado\source\repos\Yakult-System-New\Yakult.Inventory.App\Yakult.Inventory.App.csproj]
C:\Users\russel.mercado\source\repos\Yakult-System-New\Yakult.Inventory.App\Wpf\CartridgeManagement\Dialogs\AssignReturnsDialog.xaml.cs(482,13): error CS0103: The name 'BtnBack' does not exist in the current context [C:\Users\russel.mercado\source\repos\Yakult-System-New\Yakult.Inventory.App\Yakult.Inventory.App.csproj]
C:\Users\russel.mercado\source\repos\Yakult-System-New\Yakult.Inventory.App\Wpf\CartridgeManagement\Dialogs\AssignReturnsDialog.xaml.cs(513,17): error CS0103: The name 'BtnConfirm' does not exist in the current context [C:\Users\russel.mercado\source\repos\Yakult-System-New\Yakult.Inventory.App\Yakult.Inventory.App.csproj]
C:\Users\russel.mercado\source\repos\Yakult-System-New\Yakult.Inventory.App\Wpf\CartridgeManagement\Dialogs\AssignReturnsDialog.xaml.cs(514,17): error CS0103: The name 'BtnBack' does not exist in the current context [C:\Users\russel.mercado\source\repos\Yakult-System-New\Yakult.Inventory.App\Yakult.Inventory.App.csproj]
C:\Users\russel.mercado\source\repos\Yakult-System-New\Yakult.Inventory.App\Wpf\OwnershipHistory\Views\OwnershipHistoryPageView.xaml.cs(60,24): error CS0103: The name 'CmbEntityType' does not exist in the current context [C:\Users\russel.mercado\source\repos\Yakult-System-New\Yakult.Inventory.App\Yakult.Inventory.App.csproj]
C:\Users\russel.mercado\source\repos\Yakult-System-New\Yakult.Inventory.App\Wpf\Admin\AccountManagement\Views\EmployeeManagementView.xaml.cs(1035,33): error CS0103: The name 'MainGrid' does not exist in the current context [C:\Users\russel.mercado\source\repos\Yakult-System-New\Yakult.Inventory.App\Yakult.Inventory.App.csproj]
C:\Users\russel.mercado\source\repos\Yakult-System-New\Yakult.Inventory.App\Wpf\OwnershipHistory\Views\OwnershipHistoryPageView.xaml.cs(71,32): error CS0103: The name 'TxtEntityId' does not exist in the current context [C:\Users\russel.mercado\source\repos\Yakult-System-New\Yakult.Inventory.App\Yakult.Inventory.App.csproj]
C:\Users\russel.mercado\source\repos\Yakult-System-New\Yakult.Inventory.App\Wpf\OwnershipHistory\Views\OwnershipHistoryPageView.xaml.cs(97,19): error CS0103: The name 'GridHistory' does not exist in the current context [C:\Users\russel.mercado\source\repos\Yakult-System-New\Yakult.Inventory.App\Yakult.Inventory.App.csproj]
C:\Users\russel.mercado\source\repos\Yakult-System-New\Yakult.Inventory.App\Pages\Request\RequestSetBuilderDialog.xaml.cs(483,17): error CS0103: The name 'DgvLines' does not exist in the current context [C:\Users\russel.mercado\source\repos\Yakult-System-New\Yakult.Inventory.App\Yakult.Inventory.App.csproj]
C:\Users\russel.mercado\source\repos\Yakult-System-New\Yakult.Inventory.App\Wpf\CartridgeManagement\Dialogs\TransferCartridgesWpfDialog.xaml.cs(28,13): error CS0103: The name 'InitializeComponent' does not exist in the current context [C:\Users\russel.mercado\source\repos\Yakult-System-New\Yakult.Inventory.App\Yakult.Inventory.App.csproj]
C:\Users\russel.mercado\source\repos\Yakult-System-New\Yakult.Inventory.App\Wpf\CartridgeManagement\Dialogs\TransferCartridgesWpfDialog.xaml.cs(34,13): error CS0103: The name 'TxtSubtitle' does not exist in the current context [C:\Users\russel.mercado\source\repos\Yakult-System-New\Yakult.Inventory.App\Yakult.Inventory.App.csproj]
C:\Users\russel.mercado\source\repos\Yakult-System-New\Yakult.Inventory.App\WPF\CartridgeManagement\Views\CartridgeManagementView.xaml.cs(25,13): error CS0103: The name 'InitializeComponent' does not exist in the current context [C:\Users\russel.mercado\source\repos\Yakult-System-New\Yakult.Inventory.App\Yakult.Inventory.App.csproj]
C:\Users\russel.mercado\source\repos\Yakult-System-New\Yakult.Inventory.App\Wpf\CartridgeManagement\Dialogs\TransferCartridgesWpfDialog.xaml.cs(40,13): error CS0103: The name 'TxtModelsLoading' does not exist in the current context [C:\Users\russel.mercado\source\repos\Yakult-System-New\Yakult.Inventory.App\Yakult.Inventory.App.csproj]
C:\Users\russel.mercado\source\repos\Yakult-System-New\Yakult.Inventory.App\Wpf\CartridgeManagement\Dialogs\TransferCartridgesWpfDialog.xaml.cs(41,13): error CS0103: The name 'ModelsBorder' does not exist in the current context [C:\Users\russel.mercado\source\repos\Yakult-System-New\Yakult.Inventory.App\Yakult.Inventory.App.csproj]
C:\Users\russel.mercado\source\repos\Yakult-System-New\Yakult.Inventory.App\Wpf\CartridgeManagement\Dialogs\TransferCartridgesWpfDialog.xaml.cs(42,13): error CS0103: The name 'TxtNoRows' does not exist in the current context [C:\Users\russel.mercado\source\repos\Yakult-System-New\Yakult.Inventory.App\Yakult.Inventory.App.csproj]
C:\Users\russel.mercado\source\repos\Yakult-System-New\Yakult.Inventory.App\Wpf\CartridgeManagement\Dialogs\TransferCartridgesWpfDialog.xaml.cs(48,17): error CS0103: The name 'CmbTarget' does not exist in the current context [C:\Users\russel.mercado\source\repos\Yakult-System-New\Yakult.Inventory.App\Yakult.Inventory.App.csproj]
C:\Users\russel.mercado\source\repos\Yakult-System-New\Yakult.Inventory.App\Wpf\CartridgeManagement\Dialogs\TransferCartridgesWpfDialog.xaml.cs(54,21): error CS0103: The name 'CmbTarget' does not exist in the current context [C:\Users\russel.mercado\source\repos\Yakult-System-New\Yakult.Inventory.App\Yakult.Inventory.App.csproj]
C:\Users\russel.mercado\source\repos\Yakult-System-New\Yakult.Inventory.App\Wpf\CartridgeManagement\Dialogs\TransferCartridgesWpfDialog.xaml.cs(77,17): error CS0103: The name 'TxtModelsLoading' does not exist in the current context [C:\Users\russel.mercado\source\repos\Yakult-System-New\Yakult.Inventory.App\Yakult.Inventory.App.csproj]
C:\Users\russel.mercado\source\repos\Yakult-System-New\Yakult.Inventory.App\Wpf\CartridgeManagement\Dialogs\TransferCartridgesWpfDialog.xaml.cs(81,21): error CS0103: The name 'TxtNoRows' does not exist in the current context [C:\Users\russel.mercado\source\repos\Yakult-System-New\Yakult.Inventory.App\Yakult.Inventory.App.csproj]
C:\Users\russel.mercado\source\repos\Yakult-System-New\Yakult.Inventory.App\Wpf\CartridgeManagement\Dialogs\TransferCartridgesWpfDialog.xaml.cs(85,21): error CS0103: The name 'ModelsList' does not exist in the current context [C:\Users\russel.mercado\source\repos\Yakult-System-New\Yakult.Inventory.App\Yakult.Inventory.App.csproj]
C:\Users\russel.mercado\source\repos\Yakult-System-New\Yakult.Inventory.App\Wpf\CartridgeManagement\Dialogs\TransferCartridgesWpfDialog.xaml.cs(86,21): error CS0103: The name 'ModelsBorder' does not exist in the current context [C:\Users\russel.mercado\source\repos\Yakult-System-New\Yakult.Inventory.App\Yakult.Inventory.App.csproj]
C:\Users\russel.mercado\source\repos\Yakult-System-New\Yakult.Inventory.App\Wpf\CartridgeManagement\Dialogs\TransferCartridgesWpfDialog.xaml.cs(93,17): error CS0103: The name 'TxtModelsLoading' does not exist in the current context [C:\Users\russel.mercado\source\repos\Yakult-System-New\Yakult.Inventory.App\Yakult.Inventory.App.csproj]
C:\Users\russel.mercado\source\repos\Yakult-System-New\Yakult.Inventory.App\Wpf\CartridgeManagement\Views\FulfillExchangeDialog.xaml.cs(20,13): error CS0103: The name 'InitializeComponent' does not exist in the current context [C:\Users\russel.mercado\source\repos\Yakult-System-New\Yakult.Inventory.App\Yakult.Inventory.App.csproj]
C:\Users\russel.mercado\source\repos\Yakult-System-New\Yakult.Inventory.App\Wpf\CartridgeManagement\Views\FulfillExchangeDialog.xaml.cs(23,13): error CS0103: The name 'StatesPanel' does not exist in the current context [C:\Users\russel.mercado\source\repos\Yakult-System-New\Yakult.Inventory.App\Yakult.Inventory.App.csproj]
C:\Users\russel.mercado\source\repos\Yakult-System-New\Yakult.Inventory.App\Wpf\CartridgeManagement\Views\FulfillExchangeDialog.xaml.cs(29,17): error CS0103: The name 'TitleText' does not exist in the current context [C:\Users\russel.mercado\source\repos\Yakult-System-New\Yakult.Inventory.App\Yakult.Inventory.App.csproj]
C:\Users\russel.mercado\source\repos\Yakult-System-New\Yakult.Inventory.App\Wpf\CartridgeManagement\Views\FulfillExchangeDialog.xaml.cs(33,17): error CS0103: The name 'SubtitleText' does not exist in the current context [C:\Users\russel.mercado\source\repos\Yakult-System-New\Yakult.Inventory.App\Yakult.Inventory.App.csproj]
C:\Users\russel.mercado\source\repos\Yakult-System-New\Yakult.Inventory.App\Wpf\FixedAssets\Views\FixedAssetsPageView.xaml.cs(16,13): error CS0103: The name 'InitializeComponent' does not exist in the current context [C:\Users\russel.mercado\source\repos\Yakult-System-New\Yakult.Inventory.App\Yakult.Inventory.App.csproj]
C:\Users\russel.mercado\source\repos\Yakult-System-New\Yakult.Inventory.App\Wpf\CartridgeManagement\Dialogs\TransferCartridgesWpfDialog.xaml.cs(129,17): error CS0103: The name 'TxtSummary' does not exist in the current context [C:\Users\russel.mercado\source\repos\Yakult-System-New\Yakult.Inventory.App\Yakult.Inventory.App.csproj]
C:\Users\russel.mercado\source\repos\Yakult-System-New\Yakult.Inventory.App\Wpf\CartridgeManagement\Dialogs\TransferCartridgesWpfDialog.xaml.cs(131,17): error CS0103: The name 'TxtSummary' does not exist in the current context [C:\Users\russel.mercado\source\repos\Yakult-System-New\Yakult.Inventory.App\Yakult.Inventory.App.csproj]
C:\Users\russel.mercado\source\repos\Yakult-System-New\Yakult.Inventory.App\Wpf\CartridgeManagement\Dialogs\TransferCartridgesWpfDialog.xaml.cs(133,30): error CS0103: The name 'CmbTarget' does not exist in the current context [C:\Users\russel.mercado\source\repos\Yakult-System-New\Yakult.Inventory.App\Yakult.Inventory.App.csproj]
C:\Users\russel.mercado\source\repos\Yakult-System-New\Yakult.Inventory.App\Wpf\CartridgeManagement\Dialogs\TransferCartridgesWpfDialog.xaml.cs(134,30): error CS0103: The name 'CmbTarget' does not exist in the current context [C:\Users\russel.mercado\source\repos\Yakult-System-New\Yakult.Inventory.App\Yakult.Inventory.App.csproj]
C:\Users\russel.mercado\source\repos\Yakult-System-New\Yakult.Inventory.App\Wpf\CartridgeManagement\Dialogs\TransferCartridgesWpfDialog.xaml.cs(136,13): error CS0103: The name 'BtnTransfer' does not exist in the current context [C:\Users\russel.mercado\source\repos\Yakult-System-New\Yakult.Inventory.App\Yakult.Inventory.App.csproj]
C:\Users\russel.mercado\source\repos\Yakult-System-New\Yakult.Inventory.App\Wpf\FixedAssets\Views\FixedAssetsPageView.xaml.cs(54,13): error CS0103: The name 'FixedAssetsGrid' does not exist in the current context [C:\Users\russel.mercado\source\repos\Yakult-System-New\Yakult.Inventory.App\Yakult.Inventory.App.csproj]
C:\Users\russel.mercado\source\repos\Yakult-System-New\Yakult.Inventory.App\Wpf\CartridgeManagement\Views\UnfulfilledExchangesView.xaml.cs(15,13): error CS0103: The name 'InitializeComponent' does not exist in the current context [C:\Users\russel.mercado\source\repos\Yakult-System-New\Yakult.Inventory.App\Yakult.Inventory.App.csproj]
C:\Users\russel.mercado\source\repos\Yakult-System-New\Yakult.Inventory.App\Wpf\CartridgeManagement\Views\UnfulfilledExchangesView.xaml.cs(21,13): error CS0103: The name 'FilterByBox' does not exist in the current context [C:\Users\russel.mercado\source\repos\Yakult-System-New\Yakult.Inventory.App\Yakult.Inventory.App.csproj]
C:\Users\russel.mercado\source\repos\Yakult-System-New\Yakult.Inventory.App\Wpf\CartridgeManagement\Views\UnfulfilledExchangesView.xaml.cs(26,13): error CS0103: The name 'FilterByBox' does not exist in the current context [C:\Users\russel.mercado\source\repos\Yakult-System-New\Yakult.Inventory.App\Yakult.Inventory.App.csproj]
C:\Users\russel.mercado\source\repos\Yakult-System-New\Yakult.Inventory.App\Wpf\CartridgeManagement\Views\UnfulfilledExchangesView.xaml.cs(29,13): error CS0103: The name 'SortByBox' does not exist in the current context [C:\Users\russel.mercado\source\repos\Yakult-System-New\Yakult.Inventory.App\Yakult.Inventory.App.csproj]
C:\Users\russel.mercado\source\repos\Yakult-System-New\Yakult.Inventory.App\Wpf\CartridgeManagement\Views\UnfulfilledExchangesView.xaml.cs(34,13): error CS0103: The name 'SortByBox' does not exist in the current context [C:\Users\russel.mercado\source\repos\Yakult-System-New\Yakult.Inventory.App\Yakult.Inventory.App.csproj]
C:\Users\russel.mercado\source\repos\Yakult-System-New\Yakult.Inventory.App\Wpf\CartridgeManagement\Views\UnfulfilledExchangesView.xaml.cs(37,13): error CS0103: The name 'StatusFilterBox' does not exist in the current context [C:\Users\russel.mercado\source\repos\Yakult-System-New\Yakult.Inventory.App\Yakult.Inventory.App.csproj]
C:\Users\russel.mercado\source\repos\Yakult-System-New\Yakult.Inventory.App\Wpf\CartridgeManagement\Views\UnfulfilledExchangesView.xaml.cs(42,13): error CS0103: The name 'StatusFilterBox' does not exist in the current context [C:\Users\russel.mercado\source\repos\Yakult-System-New\Yakult.Inventory.App\Yakult.Inventory.App.csproj]
C:\Users\russel.mercado\source\repos\Yakult-System-New\Yakult.Inventory.App\Wpf\FixedAssets\Views\FixedAssetsPageView.xaml.cs(103,13): error CS0103: The name 'FixedAssetsGrid' does not exist in the current context [C:\Users\russel.mercado\source\repos\Yakult-System-New\Yakult.Inventory.App\Yakult.Inventory.App.csproj]
C:\Users\russel.mercado\source\repos\Yakult-System-New\Yakult.Inventory.App\Wpf\FixedAssets\Views\FixedAssetsPageView.xaml.cs(118,13): error CS0103: The name 'FixedAssetsGrid' does not exist in the current context [C:\Users\russel.mercado\source\repos\Yakult-System-New\Yakult.Inventory.App\Yakult.Inventory.App.csproj]
C:\Users\russel.mercado\source\repos\Yakult-System-New\Yakult.Inventory.App\Wpf\FixedAssets\Views\FixedAssetsPageView.xaml.cs(132,13): error CS0103: The name 'FixedAssetsGrid' does not exist in the current context [C:\Users\russel.mercado\source\repos\Yakult-System-New\Yakult.Inventory.App\Yakult.Inventory.App.csproj]
C:\Users\russel.mercado\source\repos\Yakult-System-New\Yakult.Inventory.App\Wpf\FixedAssets\Views\FixedAssetsPageView.xaml.cs(144,55): error CS0103: The name 'FixedAssetsGrid' does not exist in the current context [C:\Users\russel.mercado\source\repos\Yakult-System-New\Yakult.Inventory.App\Yakult.Inventory.App.csproj]
C:\Users\russel.mercado\source\repos\Yakult-System-New\Yakult.Inventory.App\Wpf\FixedAssets\Views\FixedAssetsPageView.xaml.cs(145,73): error CS0103: The name 'FixedAssetsGrid' does not exist in the current context [C:\Users\russel.mercado\source\repos\Yakult-System-New\Yakult.Inventory.App\Yakult.Inventory.App.csproj]
C:\Users\russel.mercado\source\repos\Yakult-System-New\Yakult.Inventory.App\Wpf\FixedAssets\Views\FixedAssetsPageView.xaml.cs(157,33): error CS0103: The name 'FixedAssetsGrid' does not exist in the current context [C:\Users\russel.mercado\source\repos\Yakult-System-New\Yakult.Inventory.App\Yakult.Inventory.App.csproj]
C:\Users\russel.mercado\source\repos\Yakult-System-New\Yakult.Inventory.App\Wpf\OwnershipHistory\Views\OwnershipHistoryPageView.xaml.cs(160,19): error CS0103: The name 'GridHistory' does not exist in the current context [C:\Users\russel.mercado\source\repos\Yakult-System-New\Yakult.Inventory.App\Yakult.Inventory.App.csproj]
C:\Users\russel.mercado\source\repos\Yakult-System-New\Yakult.Inventory.App\Wpf\CartridgeManagement\Views\PartiallyFulfilledView.xaml.cs(21,13): error CS0103: The name 'InitializeComponent' does not exist in the current context [C:\Users\russel.mercado\source\repos\Yakult-System-New\Yakult.Inventory.App\Yakult.Inventory.App.csproj]
C:\Users\russel.mercado\source\repos\Yakult-System-New\Yakult.Inventory.App\Wpf\CartridgeManagement\Views\PartiallyFulfilledView.xaml.cs(27,13): error CS0103: The name 'FilterByBox' does not exist in the current context [C:\Users\russel.mercado\source\repos\Yakult-System-New\Yakult.Inventory.App\Yakult.Inventory.App.csproj]
C:\Users\russel.mercado\source\repos\Yakult-System-New\Yakult.Inventory.App\Wpf\CartridgeManagement\Views\PartiallyFulfilledView.xaml.cs(32,13): error CS0103: The name 'FilterByBox' does not exist in the current context [C:\Users\russel.mercado\source\repos\Yakult-System-New\Yakult.Inventory.App\Yakult.Inventory.App.csproj]
C:\Users\russel.mercado\source\repos\Yakult-System-New\Yakult.Inventory.App\Wpf\CartridgeManagement\Views\PartiallyFulfilledView.xaml.cs(34,13): error CS0103: The name 'SortByBox' does not exist in the current context [C:\Users\russel.mercado\source\repos\Yakult-System-New\Yakult.Inventory.App\Yakult.Inventory.App.csproj]
C:\Users\russel.mercado\source\repos\Yakult-System-New\Yakult.Inventory.App\Wpf\CartridgeManagement\Views\PartiallyFulfilledView.xaml.cs(39,13): error CS0103: The name 'SortByBox' does not exist in the current context [C:\Users\russel.mercado\source\repos\Yakult-System-New\Yakult.Inventory.App\Yakult.Inventory.App.csproj]
C:\Users\russel.mercado\source\repos\Yakult-System-New\Yakult.Inventory.App\Wpf\CartridgeManagement\Dialogs\TransferCartridgesWpfDialog.xaml.cs(141,17): error CS0103: The name 'CmbTarget' does not exist in the current context [C:\Users\russel.mercado\source\repos\Yakult-System-New\Yakult.Inventory.App\Yakult.Inventory.App.csproj]
C:\Users\russel.mercado\source\repos\Yakult-System-New\Yakult.Inventory.App\Wpf\CartridgeManagement\Dialogs\TransferCartridgesWpfDialog.xaml.cs(141,48): error CS0103: The name 'CmbTarget' does not exist in the current context [C:\Users\russel.mercado\source\repos\Yakult-System-New\Yakult.Inventory.App\Yakult.Inventory.App.csproj]
C:\Users\russel.mercado\source\repos\Yakult-System-New\Yakult.Inventory.App\Wpf\CartridgeManagement\Dialogs\TransferCartridgesWpfDialog.xaml.cs(151,49): error CS0103: The name 'CmbTarget' does not exist in the current context [C:\Users\russel.mercado\source\repos\Yakult-System-New\Yakult.Inventory.App\Yakult.Inventory.App.csproj]
C:\Users\russel.mercado\source\repos\Yakult-System-New\Yakult.Inventory.App\Wpf\CartridgeManagement\Dialogs\TransferCartridgesWpfDialog.xaml.cs(170,13): error CS0103: The name 'BtnTransfer' does not exist in the current context [C:\Users\russel.mercado\source\repos\Yakult-System-New\Yakult.Inventory.App\Yakult.Inventory.App.csproj]
C:\Users\russel.mercado\source\repos\Yakult-System-New\Yakult.Inventory.App\WPF\CartridgeManagement\Views\ClosedCartridgesView.xaml.cs(15,13): error CS0103: The name 'InitializeComponent' does not exist in the current context [C:\Users\russel.mercado\source\repos\Yakult-System-New\Yakult.Inventory.App\Yakult.Inventory.App.csproj]
C:\Users\russel.mercado\source\repos\Yakult-System-New\Yakult.Inventory.App\WPF\CartridgeManagement\Views\ClosedCartridgesView.xaml.cs(24,17): error CS0103: The name 'MainGrid' does not exist in the current context [C:\Users\russel.mercado\source\repos\Yakult-System-New\Yakult.Inventory.App\Yakult.Inventory.App.csproj]
C:\Users\russel.mercado\source\repos\Yakult-System-New\Yakult.Inventory.App\WPF\CartridgeManagement\Views\ClosedCartridgesView.xaml.cs(25,17): error CS0103: The name 'MainGrid' does not exist in the current context [C:\Users\russel.mercado\source\repos\Yakult-System-New\Yakult.Inventory.App\Yakult.Inventory.App.csproj]
C:\Users\russel.mercado\source\repos\Yakult-System-New\Yakult.Inventory.App\Wpf\CartridgeManagement\Views\CartridgeTransmittalPrintPage.xaml.cs(9,13): error CS0103: The name 'InitializeComponent' does not exist in the current context [C:\Users\russel.mercado\source\repos\Yakult-System-New\Yakult.Inventory.App\Yakult.Inventory.App.csproj]
C:\Users\russel.mercado\source\repos\Yakult-System-New\Yakult.Inventory.App\Wpf\CartridgeManagement\Views\CartridgeTransmittalPrintView.xaml.cs(9,13): error CS0103: The name 'InitializeComponent' does not exist in the current context [C:\Users\russel.mercado\source\repos\Yakult-System-New\Yakult.Inventory.App\Yakult.Inventory.App.csproj]
C:\Users\russel.mercado\source\repos\Yakult-System-New\Yakult.Inventory.App\WPF\CartridgeManagement\Views\VendorCartridgeRefillView.xaml.cs(25,13): error CS0103: The name 'InitializeComponent' does not exist in the current context [C:\Users\russel.mercado\source\repos\Yakult-System-New\Yakult.Inventory.App\Yakult.Inventory.App.csproj]
C:\Users\russel.mercado\source\repos\Yakult-System-New\Yakult.Inventory.App\WPF\CartridgeManagement\Views\VendorCartridgeRefillView.xaml.cs(32,13): error CS0103: The name 'CmbStatus' does not exist in the current context [C:\Users\russel.mercado\source\repos\Yakult-System-New\Yakult.Inventory.App\Yakult.Inventory.App.csproj]
C:\Users\russel.mercado\source\repos\Yakult-System-New\Yakult.Inventory.App\Wpf\Warranty\Views\WarrantyPageView.xaml.cs(19,13): error CS0103: The name 'InitializeComponent' does not exist in the current context [C:\Users\russel.mercado\source\repos\Yakult-System-New\Yakult.Inventory.App\Yakult.Inventory.App.csproj]
C:\Users\russel.mercado\source\repos\Yakult-System-New\Yakult.Inventory.App\Pages\Request\RequestSetBuilderDialog.xaml.cs(510,13): error CS0103: The name 'DgvLines' does not exist in the current context [C:\Users\russel.mercado\source\repos\Yakult-System-New\Yakult.Inventory.App\Yakult.Inventory.App.csproj]
C:\Users\russel.mercado\source\repos\Yakult-System-New\Yakult.Inventory.App\Pages\Request\RequestSetBuilderDialog.xaml.cs(511,13): error CS0103: The name 'DgvLines' does not exist in the current context [C:\Users\russel.mercado\source\repos\Yakult-System-New\Yakult.Inventory.App\Yakult.Inventory.App.csproj]
C:\Users\russel.mercado\source\repos\Yakult-System-New\Yakult.Inventory.App\Pages\Request\RequestSetBuilderDialog.xaml.cs(516,26): error CS0103: The name 'ChkNoEmployee' does not exist in the current context [C:\Users\russel.mercado\source\repos\Yakult-System-New\Yakult.Inventory.App\Yakult.Inventory.App.csproj]
C:\Users\russel.mercado\source\repos\Yakult-System-New\Yakult.Inventory.App\Pages\Request\RequestSetBuilderDialog.xaml.cs(522,25): error CS0103: The name 'CmbCompany' does not exist in the current context [C:\Users\russel.mercado\source\repos\Yakult-System-New\Yakult.Inventory.App\Yakult.Inventory.App.csproj]
C:\Users\russel.mercado\source\repos\Yakult-System-New\Yakult.Inventory.App\Pages\Request\RequestSetBuilderDialog.xaml.cs(525,21): error CS0103: The name 'CmbDepartment' does not exist in the current context [C:\Users\russel.mercado\source\repos\Yakult-System-New\Yakult.Inventory.App\Yakult.Inventory.App.csproj]
C:\Users\russel.mercado\source\repos\Yakult-System-New\Yakult.Inventory.App\Pages\Request\RequestSetBuilderDialog.xaml.cs(526,21): error CS0103: The name 'CmbBranch' does not exist in the current context [C:\Users\russel.mercado\source\repos\Yakult-System-New\Yakult.Inventory.App\Yakult.Inventory.App.csproj]
C:\Users\russel.mercado\source\repos\Yakult-System-New\Yakult.Inventory.App\Pages\Request\RequestSetBuilderDialog.xaml.cs(530,23): error CS0103: The name 'CmbEmployee' does not exist in the current context [C:\Users\russel.mercado\source\repos\Yakult-System-New\Yakult.Inventory.App\Yakult.Inventory.App.csproj]
C:\Users\russel.mercado\source\repos\Yakult-System-New\Yakult.Inventory.App\Pages\Request\RequestSetBuilderDialog.xaml.cs(533,34): error CS0103: The name 'CmbEmployee' does not exist in the current context [C:\Users\russel.mercado\source\repos\Yakult-System-New\Yakult.Inventory.App\Yakult.Inventory.App.csproj]
C:\Users\russel.mercado\source\repos\Yakult-System-New\Yakult.Inventory.App\Pages\Request\RequestSetBuilderDialog.xaml.cs(535,54): error CS8175: Cannot use ref local 'typed' inside an anonymous method, lambda expression, or query expression [C:\Users\russel.mercado\source\repos\Yakult-System-New\Yakult.Inventory.App\Yakult.Inventory.App.csproj]
C:\Users\russel.mercado\source\repos\Yakult-System-New\Yakult.Inventory.App\Pages\Request\RequestSetBuilderDialog.xaml.cs(536,47): error CS8175: Cannot use ref local 'typed' inside an anonymous method, lambda expression, or query expression [C:\Users\russel.mercado\source\repos\Yakult-System-New\Yakult.Inventory.App\Yakult.Inventory.App.csproj]
C:\Users\russel.mercado\source\repos\Yakult-System-New\Yakult.Inventory.App\Pages\Request\RequestSetBuilderDialog.xaml.cs(589,13): error CS0103: The name 'BtnCreate' does not exist in the current context [C:\Users\russel.mercado\source\repos\Yakult-System-New\Yakult.Inventory.App\Yakult.Inventory.App.csproj]
C:\Users\russel.mercado\source\repos\Yakult-System-New\Yakult.Inventory.App\Pages\Request\RequestSetBuilderDialog.xaml.cs(591,13): error CS0103: The name 'LblStatus' does not exist in the current context [C:\Users\russel.mercado\source\repos\Yakult-System-New\Yakult.Inventory.App\Yakult.Inventory.App.csproj]
C:\Users\russel.mercado\source\repos\Yakult-System-New\Yakult.Inventory.App\Pages\Request\RequestSetBuilderDialog.xaml.cs(601,38): error CS0103: The name 'DpDispatchDate' does not exist in the current context [C:\Users\russel.mercado\source\repos\Yakult-System-New\Yakult.Inventory.App\Yakult.Inventory.App.csproj]
C:\Users\russel.mercado\source\repos\Yakult-System-New\Yakult.Inventory.App\Pages\Request\RequestSetBuilderDialog.xaml.cs(602,60): error CS0103: The name 'TxtSetRemarks' does not exist in the current context [C:\Users\russel.mercado\source\repos\Yakult-System-New\Yakult.Inventory.App\Yakult.Inventory.App.csproj]
C:\Users\russel.mercado\source\repos\Yakult-System-New\Yakult.Inventory.App\Pages\Request\RequestSetBuilderDialog.xaml.cs(602,89): error CS0103: The name 'TxtSetRemarks' does not exist in the current context [C:\Users\russel.mercado\source\repos\Yakult-System-New\Yakult.Inventory.App\Yakult.Inventory.App.csproj]
C:\Users\russel.mercado\source\repos\Yakult-System-New\Yakult.Inventory.App\Pages\Request\RequestSetBuilderDialog.xaml.cs(693,17): error CS0103: The name 'BtnCreate' does not exist in the current context [C:\Users\russel.mercado\source\repos\Yakult-System-New\Yakult.Inventory.App\Yakult.Inventory.App.csproj]
C:\Users\russel.mercado\source\repos\Yakult-System-New\Yakult.Inventory.App\Pages\Request\RequestSetBuilderDialog.xaml.cs(700,21): error CS0103: The name 'LblStatus' does not exist in the current context [C:\Users\russel.mercado\source\repos\Yakult-System-New\Yakult.Inventory.App\Yakult.Inventory.App.csproj]
C:\Users\russel.mercado\source\repos\Yakult-System-New\Yakult.Inventory.App\Pages\Request\RequestSetBuilderDialog.xaml.cs(720,17): error CS0103: The name 'LblStatus' does not exist in the current context [C:\Users\russel.mercado\source\repos\Yakult-System-New\Yakult.Inventory.App\Yakult.Inventory.App.csproj]
C:\Users\russel.mercado\source\repos\Yakult-System-New\Yakult.Inventory.App\WPF\CartridgeManagement\Views\VendorCartridgeRefillView.xaml.cs(73,13): error CS0103: The name 'AuditGrid' does not exist in the current context [C:\Users\russel.mercado\source\repos\Yakult-System-New\Yakult.Inventory.App\Yakult.Inventory.App.csproj]
C:\Users\russel.mercado\source\repos\Yakult-System-New\Yakult.Inventory.App\WPF\CartridgeManagement\Views\VendorCartridgeRefillView.xaml.cs(75,13): error CS0103: The name 'AuditGrid' does not exist in the current context [C:\Users\russel.mercado\source\repos\Yakult-System-New\Yakult.Inventory.App\Yakult.Inventory.App.csproj]
C:\Users\russel.mercado\source\repos\Yakult-System-New\Yakult.Inventory.App\Wpf\Warranty\Views\WarrantyPageView.xaml.cs(90,17): error CS0103: The name 'WarrantyGrid' does not exist in the current context [C:\Users\russel.mercado\source\repos\Yakult-System-New\Yakult.Inventory.App\Yakult.Inventory.App.csproj]
C:\Users\russel.mercado\source\repos\Yakult-System-New\Yakult.Inventory.App\Wpf\Warranty\Views\WarrantyPageView.xaml.cs(96,55): error CS0103: The name 'WarrantyGrid' does not exist in the current context [C:\Users\russel.mercado\source\repos\Yakult-System-New\Yakult.Inventory.App\Yakult.Inventory.App.csproj]
C:\Users\russel.mercado\source\repos\Yakult-System-New\Yakult.Inventory.App\Wpf\Warranty\Views\WarrantyPageView.xaml.cs(97,73): error CS0103: The name 'WarrantyGrid' does not exist in the current context [C:\Users\russel.mercado\source\repos\Yakult-System-New\Yakult.Inventory.App\Yakult.Inventory.App.csproj]
C:\Users\russel.mercado\source\repos\Yakult-System-New\Yakult.Inventory.App\Wpf\CartridgeManagement\Dialogs\TransferBatchDialog.xaml.cs(19,13): error CS0103: The name 'InitializeComponent' does not exist in the current context [C:\Users\russel.mercado\source\repos\Yakult-System-New\Yakult.Inventory.App\Yakult.Inventory.App.csproj]
C:\Users\russel.mercado\source\repos\Yakult-System-New\Yakult.Inventory.App\Wpf\CartridgeManagement\Dialogs\TransferBatchDialog.xaml.cs(21,13): error CS0103: The name 'TxtTransferContext' does not exist in the current context [C:\Users\russel.mercado\source\repos\Yakult-System-New\Yakult.Inventory.App\Yakult.Inventory.App.csproj]
C:\Users\russel.mercado\source\repos\Yakult-System-New\Yakult.Inventory.App\Wpf\CartridgeManagement\Dialogs\TransferBatchDialog.xaml.cs(22,13): error CS0103: The name 'TxtFromBatch' does not exist in the current context [C:\Users\russel.mercado\source\repos\Yakult-System-New\Yakult.Inventory.App\Yakult.Inventory.App.csproj]
C:\Users\russel.mercado\source\repos\Yakult-System-New\Yakult.Inventory.App\Wpf\CartridgeManagement\Dialogs\TransferBatchDialog.xaml.cs(25,17): error CS0103: The name 'CmbTargetBatch' does not exist in the current context [C:\Users\russel.mercado\source\repos\Yakult-System-New\Yakult.Inventory.App\Yakult.Inventory.App.csproj]
C:\Users\russel.mercado\source\repos\Yakult-System-New\Yakult.Inventory.App\Wpf\CartridgeManagement\Dialogs\TransferBatchDialog.xaml.cs(28,17): error CS0103: The name 'CmbTargetBatch' does not exist in the current context [C:\Users\russel.mercado\source\repos\Yakult-System-New\Yakult.Inventory.App\Yakult.Inventory.App.csproj]
C:\Users\russel.mercado\source\repos\Yakult-System-New\Yakult.Inventory.App\Wpf\CartridgeManagement\Dialogs\TransferBatchDialog.xaml.cs(29,17): error CS0103: The name 'CmbTargetBatch' does not exist in the current context [C:\Users\russel.mercado\source\repos\Yakult-System-New\Yakult.Inventory.App\Yakult.Inventory.App.csproj]
C:\Users\russel.mercado\source\repos\Yakult-System-New\Yakult.Inventory.App\Wpf\RequestPortal\AuthorizationHistory\Views\AuthorizationHistoryView.xaml.cs(15,13): error CS0103: The name 'InitializeComponent' does not exist in the current context [C:\Users\russel.mercado\source\repos\Yakult-System-New\Yakult.Inventory.App\Yakult.Inventory.App.csproj]
C:\Users\russel.mercado\source\repos\Yakult-System-New\Yakult.Inventory.App\Wpf\Warranty\Views\WarrantyPageView.xaml.cs(117,33): error CS0103: The name 'WarrantyGrid' does not exist in the current context [C:\Users\russel.mercado\source\repos\Yakult-System-New\Yakult.Inventory.App\Yakult.Inventory.App.csproj]
C:\Users\russel.mercado\source\repos\Yakult-System-New\Yakult.Inventory.App\Wpf\CartridgeManagement\Dialogs\TransferBatchDialog.xaml.cs(34,17): error CS0103: The name 'CmbTargetBatch' does not exist in the current context [C:\Users\russel.mercado\source\repos\Yakult-System-New\Yakult.Inventory.App\Yakult.Inventory.App.csproj]
C:\Users\russel.mercado\source\repos\Yakult-System-New\Yakult.Inventory.App\Wpf\CartridgeManagement\Dialogs\TransferBatchDialog.xaml.cs(41,38): error CS0103: The name 'CmbTargetBatch' does not exist in the current context [C:\Users\russel.mercado\source\repos\Yakult-System-New\Yakult.Inventory.App\Yakult.Inventory.App.csproj]
C:\Users\russel.mercado\source\repos\Yakult-System-New\Yakult.Inventory.App\Wpf\RequestPortal\AuthorizationHistory\Views\AuthorizationHistoryView.xaml.cs(32,17): error CS0103: The name 'AuthGrid' does not exist in the current context [C:\Users\russel.mercado\source\repos\Yakult-System-New\Yakult.Inventory.App\Yakult.Inventory.App.csproj]
C:\Users\russel.mercado\source\repos\Yakult-System-New\Yakult.Inventory.App\Wpf\RequestPortal\AuthorizationHistory\Views\AuthorizationHistoryView.xaml.cs(40,17): error CS0103: The name 'SignedGrid' does not exist in the current context [C:\Users\russel.mercado\source\repos\Yakult-System-New\Yakult.Inventory.App\Yakult.Inventory.App.csproj]
C:\Users\russel.mercado\source\repos\Yakult-System-New\Yakult.Inventory.App\Wpf\CartridgeManagement\Dialogs\EditBatchWindow.xaml.cs(28,13): error CS0103: The name 'InitializeComponent' does not exist in the current context [C:\Users\russel.mercado\source\repos\Yakult-System-New\Yakult.Inventory.App\Yakult.Inventory.App.csproj]
C:\Users\russel.mercado\source\repos\Yakult-System-New\Yakult.Inventory.App\Wpf\RequestPortal\AuthorizationHistory\Views\AuthorizationHistoryView.xaml.cs(56,65): error CS0103: The name 'AuthHeaderBar' does not exist in the current context [C:\Users\russel.mercado\source\repos\Yakult-System-New\Yakult.Inventory.App\Yakult.Inventory.App.csproj]
C:\Users\russel.mercado\source\repos\Yakult-System-New\Yakult.Inventory.App\Wpf\RequestPortal\AuthorizationHistory\Views\AuthorizationHistoryView.xaml.cs(57,65): error CS0103: The name 'AuthGrid' does not exist in the current context [C:\Users\russel.mercado\source\repos\Yakult-System-New\Yakult.Inventory.App\Yakult.Inventory.App.csproj]
C:\Users\russel.mercado\source\repos\Yakult-System-New\Yakult.Inventory.App\Pages\Set\SelectRequestForSetDialog.cs(55,13): error CS0103: The name 'InitializeComponent' does not exist in the current context [C:\Users\russel.mercado\source\repos\Yakult-System-New\Yakult.Inventory.App\Yakult.Inventory.App.csproj]
C:\Users\russel.mercado\source\repos\Yakult-System-New\Yakult.Inventory.App\Wpf\RequestPortal\AuthorizationHistory\Views\AuthorizationHistoryView.xaml.cs(58,65): error CS0103: The name 'AuthColumnHeaderZone' does not exist in the current context [C:\Users\russel.mercado\source\repos\Yakult-System-New\Yakult.Inventory.App\Yakult.Inventory.App.csproj]
C:\Users\russel.mercado\source\repos\Yakult-System-New\Yakult.Inventory.App\Wpf\RequestPortal\AuthorizationHistory\Views\AuthorizationHistoryView.xaml.cs(59,65): error CS0103: The name 'AuthDemoRowsZone' does not exist in the current context [C:\Users\russel.mercado\source\repos\Yakult-System-New\Yakult.Inventory.App\Yakult.Inventory.App.csproj]
C:\Users\russel.mercado\source\repos\Yakult-System-New\Yakult.Inventory.App\Pages\Set\SelectRequestForSetDialog.cs(61,13): error CS0103: The name 'DtpFrom' does not exist in the current context [C:\Users\russel.mercado\source\repos\Yakult-System-New\Yakult.Inventory.App\Yakult.Inventory.App.csproj]
C:\Users\russel.mercado\source\repos\Yakult-System-New\Yakult.Inventory.App\Pages\Set\SelectRequestForSetDialog.cs(62,13): error CS0103: The name 'DtpTo' does not exist in the current context [C:\Users\russel.mercado\source\repos\Yakult-System-New\Yakult.Inventory.App\Yakult.Inventory.App.csproj]
C:\Users\russel.mercado\source\repos\Yakult-System-New\Yakult.Inventory.App\Wpf\RequestPortal\AuthorizationHistory\Views\AuthorizationHistoryView.xaml.cs(60,65): error CS0103: The name 'AuthStatusZone' does not exist in the current context [C:\Users\russel.mercado\source\repos\Yakult-System-New\Yakult.Inventory.App\Yakult.Inventory.App.csproj]
C:\Users\russel.mercado\source\repos\Yakult-System-New\Yakult.Inventory.App\Wpf\RequestPortal\AuthorizationHistory\Views\AuthorizationHistoryView.xaml.cs(63,67): error CS0103: The name 'SignedGrid' does not exist in the current context [C:\Users\russel.mercado\source\repos\Yakult-System-New\Yakult.Inventory.App\Yakult.Inventory.App.csproj]
C:\Users\russel.mercado\source\repos\Yakult-System-New\Yakult.Inventory.App\Wpf\RequestPortal\AuthorizationHistory\Views\AuthorizationHistoryView.xaml.cs(64,67): error CS0103: The name 'SignedColumnHeaderZone' does not exist in the current context [C:\Users\russel.mercado\source\repos\Yakult-System-New\Yakult.Inventory.App\Yakult.Inventory.App.csproj]
C:\Users\russel.mercado\source\repos\Yakult-System-New\Yakult.Inventory.App\Wpf\RequestPortal\AuthorizationHistory\Views\AuthorizationHistoryView.xaml.cs(65,67): error CS0103: The name 'SignedDemoRowsZone' does not exist in the current context [C:\Users\russel.mercado\source\repos\Yakult-System-New\Yakult.Inventory.App\Yakult.Inventory.App.csproj]
C:\Users\russel.mercado\source\repos\Yakult-System-New\Yakult.Inventory.App\Wpf\CartridgeManagement\Dialogs\EditBatchWindow.xaml.cs(41,13): error CS0103: The name 'TxtSubtitle' does not exist in the current context [C:\Users\russel.mercado\source\repos\Yakult-System-New\Yakult.Inventory.App\Yakult.Inventory.App.csproj]
C:\Users\russel.mercado\source\repos\Yakult-System-New\Yakult.Inventory.App\Wpf\CartridgeManagement\Dialogs\EditBatchWindow.xaml.cs(42,13): error CS0103: The name 'TxtBatchId' does not exist in the current context [C:\Users\russel.mercado\source\repos\Yakult-System-New\Yakult.Inventory.App\Yakult.Inventory.App.csproj]
C:\Users\russel.mercado\source\repos\Yakult-System-New\Yakult.Inventory.App\Wpf\CartridgeManagement\Dialogs\EditBatchWindow.xaml.cs(43,13): error CS0103: The name 'TxtOriginalQty' does not exist in the current context [C:\Users\russel.mercado\source\repos\Yakult-System-New\Yakult.Inventory.App\Yakult.Inventory.App.csproj]
C:\Users\russel.mercado\source\repos\Yakult-System-New\Yakult.Inventory.App\Wpf\CartridgeManagement\Dialogs\EditBatchWindow.xaml.cs(45,13): error CS0103: The name 'TxtStatusBadge' does not exist in the current context [C:\Users\russel.mercado\source\repos\Yakult-System-New\Yakult.Inventory.App\Yakult.Inventory.App.csproj]
C:\Users\russel.mercado\source\repos\Yakult-System-New\Yakult.Inventory.App\Wpf\CartridgeManagement\Dialogs\EditBatchWindow.xaml.cs(46,13): error CS0103: The name 'StatusBadge' does not exist in the current context [C:\Users\russel.mercado\source\repos\Yakult-System-New\Yakult.Inventory.App\Yakult.Inventory.App.csproj]
C:\Users\russel.mercado\source\repos\Yakult-System-New\Yakult.Inventory.App\Wpf\CartridgeManagement\Dialogs\EditBatchWindow.xaml.cs(50,17): error CS0103: The name 'TxtRemarks' does not exist in the current context [C:\Users\russel.mercado\source\repos\Yakult-System-New\Yakult.Inventory.App\Yakult.Inventory.App.csproj]
C:\Users\russel.mercado\source\repos\Yakult-System-New\Yakult.Inventory.App\Wpf\CartridgeManagement\Dialogs\EditBatchWindow.xaml.cs(51,17): error CS0103: The name 'PnlRemarks' does not exist in the current context [C:\Users\russel.mercado\source\repos\Yakult-System-New\Yakult.Inventory.App\Yakult.Inventory.App.csproj]
C:\Users\russel.mercado\source\repos\Yakult-System-New\Yakult.Inventory.App\Wpf\CartridgeManagement\Dialogs\EditBatchWindow.xaml.cs(56,17): error CS0103: The name 'CmbVendor' does not exist in the current context [C:\Users\russel.mercado\source\repos\Yakult-System-New\Yakult.Inventory.App\Yakult.Inventory.App.csproj]
C:\Users\russel.mercado\source\repos\Yakult-System-New\Yakult.Inventory.App\Wpf\CartridgeManagement\Dialogs\EditBatchWindow.xaml.cs(57,17): error CS0103: The name 'TxtVendorHint' does not exist in the current context [C:\Users\russel.mercado\source\repos\Yakult-System-New\Yakult.Inventory.App\Yakult.Inventory.App.csproj]
C:\Users\russel.mercado\source\repos\Yakult-System-New\Yakult.Inventory.App\Wpf\CartridgeManagement\Dialogs\EditBatchWindow.xaml.cs(61,17): error CS0103: The name 'TxtVendorHint' does not exist in the current context [C:\Users\russel.mercado\source\repos\Yakult-System-New\Yakult.Inventory.App\Yakult.Inventory.App.csproj]
C:\Users\russel.mercado\source\repos\Yakult-System-New\Yakult.Inventory.App\Wpf\CartridgeManagement\Dialogs\EditBatchWindow.xaml.cs(62,17): error CS0103: The name 'PnlTransfer' does not exist in the current context [C:\Users\russel.mercado\source\repos\Yakult-System-New\Yakult.Inventory.App\Yakult.Inventory.App.csproj]
C:\Users\russel.mercado\source\repos\Yakult-System-New\Yakult.Inventory.App\Pages\Set\SelectRequestForSetDialog.cs(88,28): error CS0103: The name 'ChkDateFilter' does not exist in the current context [C:\Users\russel.mercado\source\repos\Yakult-System-New\Yakult.Inventory.App\Yakult.Inventory.App.csproj]
C:\Users\russel.mercado\source\repos\Yakult-System-New\Yakult.Inventory.App\Pages\Set\SelectRequestForSetDialog.cs(89,13): error CS0103: The name 'DtpFrom' does not exist in the current context [C:\Users\russel.mercado\source\repos\Yakult-System-New\Yakult.Inventory.App\Yakult.Inventory.App.csproj]
C:\Users\russel.mercado\source\repos\Yakult-System-New\Yakult.Inventory.App\Pages\Set\SelectRequestForSetDialog.cs(90,13): error CS0103: The name 'DtpTo' does not exist in the current context [C:\Users\russel.mercado\source\repos\Yakult-System-New\Yakult.Inventory.App\Yakult.Inventory.App.csproj]
C:\Users\russel.mercado\source\repos\Yakult-System-New\Yakult.Inventory.App\Wpf\RequestPortal\AuthorizationHistory\Views\AuthorizationHistoryView.xaml.cs(66,67): error CS0103: The name 'SignedStatusZone' does not exist in the current context [C:\Users\russel.mercado\source\repos\Yakult-System-New\Yakult.Inventory.App\Yakult.Inventory.App.csproj]
C:\Users\russel.mercado\source\repos\Yakult-System-New\Yakult.Inventory.App\Pages\Set\SelectRequestForSetDialog.cs(104,21): error CS0103: The name 'BtnAdd' does not exist in the current context [C:\Users\russel.mercado\source\repos\Yakult-System-New\Yakult.Inventory.App\Yakult.Inventory.App.csproj]
C:\Users\russel.mercado\source\repos\Yakult-System-New\Yakult.Inventory.App\Wpf\CartridgeManagement\Views\FulfilledCartridgesView.xaml.cs(18,13): error CS0103: The name 'InitializeComponent' does not exist in the current context [C:\Users\russel.mercado\source\repos\Yakult-System-New\Yakult.Inventory.App\Yakult.Inventory.App.csproj]
C:\Users\russel.mercado\source\repos\Yakult-System-New\Yakult.Inventory.App\Pages\Set\SelectRequestForSetDialog.cs(118,33): error CS0103: The name 'TxtSearch' does not exist in the current context [C:\Users\russel.mercado\source\repos\Yakult-System-New\Yakult.Inventory.App\Yakult.Inventory.App.csproj]
C:\Users\russel.mercado\source\repos\Yakult-System-New\Yakult.Inventory.App\Pages\Set\SelectRequestForSetDialog.cs(119,33): error CS0103: The name 'ChkDateFilter' does not exist in the current context [C:\Users\russel.mercado\source\repos\Yakult-System-New\Yakult.Inventory.App\Yakult.Inventory.App.csproj]
C:\Users\russel.mercado\source\repos\Yakult-System-New\Yakult.Inventory.App\Pages\Set\SelectRequestForSetDialog.cs(120,33): error CS0103: The name 'DtpFrom' does not exist in the current context [C:\Users\russel.mercado\source\repos\Yakult-System-New\Yakult.Inventory.App\Yakult.Inventory.App.csproj]
C:\Users\russel.mercado\source\repos\Yakult-System-New\Yakult.Inventory.App\Pages\Set\SelectRequestForSetDialog.cs(121,33): error CS0103: The name 'DtpTo' does not exist in the current context [C:\Users\russel.mercado\source\repos\Yakult-System-New\Yakult.Inventory.App\Yakult.Inventory.App.csproj]
C:\Users\russel.mercado\source\repos\Yakult-System-New\Yakult.Inventory.App\Wpf\CartridgeManagement\Dialogs\EditBatchWindow.xaml.cs(100,17): error CS0103: The name 'CmbVendor' does not exist in the current context [C:\Users\russel.mercado\source\repos\Yakult-System-New\Yakult.Inventory.App\Yakult.Inventory.App.csproj]
C:\Users\russel.mercado\source\repos\Yakult-System-New\Yakult.Inventory.App\Wpf\CartridgeManagement\Dialogs\EditBatchWindow.xaml.cs(101,17): error CS0103: The name 'CmbVendor' does not exist in the current context [C:\Users\russel.mercado\source\repos\Yakult-System-New\Yakult.Inventory.App\Yakult.Inventory.App.csproj]
C:\Users\russel.mercado\source\repos\Yakult-System-New\Yakult.Inventory.App\Wpf\CartridgeManagement\Dialogs\EditBatchWindow.xaml.cs(108,41): error CS0103: The name 'CmbVendor' does not exist in the current context [C:\Users\russel.mercado\source\repos\Yakult-System-New\Yakult.Inventory.App\Yakult.Inventory.App.csproj]
C:\Users\russel.mercado\source\repos\Yakult-System-New\Yakult.Inventory.App\Wpf\CartridgeManagement\Dialogs\CreateBatchDialog.xaml.cs(26,13): error CS0103: The name 'InitializeComponent' does not exist in the current context [C:\Users\russel.mercado\source\repos\Yakult-System-New\Yakult.Inventory.App\Yakult.Inventory.App.csproj]
C:\Users\russel.mercado\source\repos\Yakult-System-New\Yakult.Inventory.App\Wpf\CartridgeManagement\Dialogs\CreateBatchDialog.xaml.cs(27,13): error CS0103: The name 'ModelsList' does not exist in the current context [C:\Users\russel.mercado\source\repos\Yakult-System-New\Yakult.Inventory.App\Yakult.Inventory.App.csproj]
C:\Users\russel.mercado\source\repos\Yakult-System-New\Yakult.Inventory.App\WPF\CartridgeManagement\Views\VendorCartridgeRefillView.xaml.cs(253,17): error CS0103: The name 'CmbStatus' does not exist in the current context [C:\Users\russel.mercado\source\repos\Yakult-System-New\Yakult.Inventory.App\Yakult.Inventory.App.csproj]
C:\Users\russel.mercado\source\repos\Yakult-System-New\Yakult.Inventory.App\WPF\CartridgeManagement\Views\VendorCartridgeRefillView.xaml.cs(260,13): error CS0103: The name 'CmbStatus' does not exist in the current context [C:\Users\russel.mercado\source\repos\Yakult-System-New\Yakult.Inventory.App\Yakult.Inventory.App.csproj]
C:\Users\russel.mercado\source\repos\Yakult-System-New\Yakult.Inventory.App\WPF\CartridgeManagement\Views\VendorCartridgeRefillView.xaml.cs(266,25): error CS0103: The name 'BatchesGrid' does not exist in the current context [C:\Users\russel.mercado\source\repos\Yakult-System-New\Yakult.Inventory.App\Yakult.Inventory.App.csproj]
C:\Users\russel.mercado\source\repos\Yakult-System-New\Yakult.Inventory.App\Wpf\CartridgeManagement\Dialogs\CreateBatchDialog.xaml.cs(68,17): error CS0103: The name 'CmbVendor' does not exist in the current context [C:\Users\russel.mercado\source\repos\Yakult-System-New\Yakult.Inventory.App\Yakult.Inventory.App.csproj]
C:\Users\russel.mercado\source\repos\Yakult-System-New\Yakult.Inventory.App\Wpf\CartridgeManagement\Dialogs\CreateBatchDialog.xaml.cs(69,17): error CS0103: The name 'CmbVendor' does not exist in the current context [C:\Users\russel.mercado\source\repos\Yakult-System-New\Yakult.Inventory.App\Yakult.Inventory.App.csproj]
C:\Users\russel.mercado\source\repos\Yakult-System-New\Yakult.Inventory.App\Wpf\CartridgeManagement\Dialogs\CreateBatchDialog.xaml.cs(70,41): error CS0103: The name 'CmbVendor' does not exist in the current context [C:\Users\russel.mercado\source\repos\Yakult-System-New\Yakult.Inventory.App\Yakult.Inventory.App.csproj]
C:\Users\russel.mercado\source\repos\Yakult-System-New\Yakult.Inventory.App\Wpf\CartridgeManagement\Dialogs\EditBatchWindow.xaml.cs(157,17): error CS0103: The name 'TxtModelsLoading' does not exist in the current context [C:\Users\russel.mercado\source\repos\Yakult-System-New\Yakult.Inventory.App\Yakult.Inventory.App.csproj]
C:\Users\russel.mercado\source\repos\Yakult-System-New\Yakult.Inventory.App\Wpf\CartridgeManagement\Dialogs\EditBatchWindow.xaml.cs(161,21): error CS0103: The name 'TxtModelsLoading' does not exist in the current context [C:\Users\russel.mercado\source\repos\Yakult-System-New\Yakult.Inventory.App\Yakult.Inventory.App.csproj]
C:\Users\russel.mercado\source\repos\Yakult-System-New\Yakult.Inventory.App\Wpf\CartridgeManagement\Dialogs\EditBatchWindow.xaml.cs(162,21): error CS0103: The name 'TxtModelsLoading' does not exist in the current context [C:\Users\russel.mercado\source\repos\Yakult-System-New\Yakult.Inventory.App\Yakult.Inventory.App.csproj]
C:\Users\russel.mercado\source\repos\Yakult-System-New\Yakult.Inventory.App\Wpf\CartridgeManagement\Dialogs\EditBatchWindow.xaml.cs(166,21): error CS0103: The name 'ModelLinesList' does not exist in the current context [C:\Users\russel.mercado\source\repos\Yakult-System-New\Yakult.Inventory.App\Yakult.Inventory.App.csproj]
C:\Users\russel.mercado\source\repos\Yakult-System-New\Yakult.Inventory.App\Wpf\CartridgeManagement\Dialogs\EditBatchWindow.xaml.cs(167,21): error CS0103: The name 'ModelsBorder' does not exist in the current context [C:\Users\russel.mercado\source\repos\Yakult-System-New\Yakult.Inventory.App\Yakult.Inventory.App.csproj]
C:\Users\russel.mercado\source\repos\Yakult-System-New\Yakult.Inventory.App\Wpf\CartridgeManagement\Dialogs\EditBatchWindow.xaml.cs(168,21): error CS0103: The name 'TxtModelCount' does not exist in the current context [C:\Users\russel.mercado\source\repos\Yakult-System-New\Yakult.Inventory.App\Yakult.Inventory.App.csproj]
C:\Users\russel.mercado\source\repos\Yakult-System-New\Yakult.Inventory.App\Wpf\CartridgeManagement\Dialogs\EditBatchWindow.xaml.cs(169,21): error CS0103: The name 'ModelCountBadge' does not exist in the current context [C:\Users\russel.mercado\source\repos\Yakult-System-New\Yakult.Inventory.App\Yakult.Inventory.App.csproj]
C:\Users\russel.mercado\source\repos\Yakult-System-New\Yakult.Inventory.App\Wpf\CartridgeManagement\Dialogs\EditBatchWindow.xaml.cs(174,17): error CS0103: The name 'TxtModelsLoading' does not exist in the current context [C:\Users\russel.mercado\source\repos\Yakult-System-New\Yakult.Inventory.App\Yakult.Inventory.App.csproj]
C:\Users\russel.mercado\source\repos\Yakult-System-New\Yakult.Inventory.App\Wpf\CartridgeManagement\Dialogs\EditBatchWindow.xaml.cs(175,17): error CS0103: The name 'TxtModelsLoading' does not exist in the current context [C:\Users\russel.mercado\source\repos\Yakult-System-New\Yakult.Inventory.App\Yakult.Inventory.App.csproj]
C:\Users\russel.mercado\source\repos\Yakult-System-New\Yakult.Inventory.App\WPF\CartridgeManagement\Views\VendorCartridgeRefillView.xaml.cs(289,23): error CS0103: The name 'AuditGrid' does not exist in the current context [C:\Users\russel.mercado\source\repos\Yakult-System-New\Yakult.Inventory.App\Yakult.Inventory.App.csproj]
C:\Users\russel.mercado\source\repos\Yakult-System-New\Yakult.Inventory.App\Wpf\CartridgeManagement\Dialogs\EditBatchWindow.xaml.cs(182,36): error CS0103: The name 'CmbVendor' does not exist in the current context [C:\Users\russel.mercado\source\repos\Yakult-System-New\Yakult.Inventory.App\Yakult.Inventory.App.csproj]
C:\Users\russel.mercado\source\repos\Yakult-System-New\Yakult.Inventory.App\Wpf\CartridgeManagement\Dialogs\EditBatchWindow.xaml.cs(191,36): error CS0103: The name 'CmbVendor' does not exist in the current context [C:\Users\russel.mercado\source\repos\Yakult-System-New\Yakult.Inventory.App\Yakult.Inventory.App.csproj]
C:\Users\russel.mercado\source\repos\Yakult-System-New\Yakult.Inventory.App\Wpf\CartridgeManagement\Dialogs\CreateBatchDialog.xaml.cs(94,26): error CS0103: The name 'CmbVendor' does not exist in the current context [C:\Users\russel.mercado\source\repos\Yakult-System-New\Yakult.Inventory.App\Yakult.Inventory.App.csproj]
C:\Users\russel.mercado\source\repos\Yakult-System-New\Yakult.Inventory.App\Wpf\CartridgeManagement\Dialogs\CreateBatchDialog.xaml.cs(112,34): error CS0103: The name 'TxtRemarks' does not exist in the current context [C:\Users\russel.mercado\source\repos\Yakult-System-New\Yakult.Inventory.App\Yakult.Inventory.App.csproj]
C:\Users\russel.mercado\source\repos\Yakult-System-New\Yakult.Inventory.App\WPF\CartridgeManagement\Views\VendorCartridgeRefillView.xaml.cs(296,23): error CS0103: The name 'AuditGrid' does not exist in the current context [C:\Users\russel.mercado\source\repos\Yakult-System-New\Yakult.Inventory.App\Yakult.Inventory.App.csproj]
C:\Users\russel.mercado\source\repos\Yakult-System-New\Yakult.Inventory.App\WPF\CartridgeManagement\Views\OutboundBatchesView.xaml.cs(24,13): error CS0103: The name 'InitializeComponent' does not exist in the current context [C:\Users\russel.mercado\source\repos\Yakult-System-New\Yakult.Inventory.App\Yakult.Inventory.App.csproj]
C:\Users\russel.mercado\source\repos\Yakult-System-New\Yakult.Inventory.App\Wpf\Update\Views\UpdatesPageView.xaml.cs(42,13): error CS0103: The name 'InitializeComponent' does not exist in the current context [C:\Users\russel.mercado\source\repos\Yakult-System-New\Yakult.Inventory.App\Yakult.Inventory.App.csproj]
C:\Users\russel.mercado\source\repos\Yakult-System-New\Yakult.Inventory.App\Wpf\Update\Views\UpdatesPageView.xaml.cs(59,55): error CS0103: The name 'UpdatesGrid' does not exist in the current context [C:\Users\russel.mercado\source\repos\Yakult-System-New\Yakult.Inventory.App\Yakult.Inventory.App.csproj]
C:\Users\russel.mercado\source\repos\Yakult-System-New\Yakult.Inventory.App\Wpf\Update\Views\UpdatesPageView.xaml.cs(60,73): error CS0103: The name 'UpdatesGrid' does not exist in the current context [C:\Users\russel.mercado\source\repos\Yakult-System-New\Yakult.Inventory.App\Yakult.Inventory.App.csproj]
C:\Users\russel.mercado\source\repos\Yakult-System-New\Yakult.Inventory.App\Wpf\Update\Views\UpdatesPageView.xaml.cs(74,33): error CS0103: The name 'UpdatesGrid' does not exist in the current context [C:\Users\russel.mercado\source\repos\Yakult-System-New\Yakult.Inventory.App\Yakult.Inventory.App.csproj]
C:\Users\russel.mercado\source\repos\Yakult-System-New\Yakult.Inventory.App\Pages\Set\SelectRequestForSetDialog.cs(198,17): error CS0103: The name 'DgvRequests' does not exist in the current context [C:\Users\russel.mercado\source\repos\Yakult-System-New\Yakult.Inventory.App\Yakult.Inventory.App.csproj]
C:\Users\russel.mercado\source\repos\Yakult-System-New\Yakult.Inventory.App\Pages\Set\SelectRequestForSetDialog.cs(199,33): error CS0103: The name 'DgvRequests' does not exist in the current context [C:\Users\russel.mercado\source\repos\Yakult-System-New\Yakult.Inventory.App\Yakult.Inventory.App.csproj]
C:\Users\russel.mercado\source\repos\Yakult-System-New\Yakult.Inventory.App\Pages\Set\SelectRequestForSetDialog.cs(204,17): error CS0103: The name 'DgvRequests' does not exist in the current context [C:\Users\russel.mercado\source\repos\Yakult-System-New\Yakult.Inventory.App\Yakult.Inventory.App.csproj]
C:\Users\russel.mercado\source\repos\Yakult-System-New\Yakult.Inventory.App\Pages\Set\SelectRequestForSetDialog.cs(221,13): error CS0103: The name 'DgvRequests' does not exist in the current context [C:\Users\russel.mercado\source\repos\Yakult-System-New\Yakult.Inventory.App\Yakult.Inventory.App.csproj]
C:\Users\russel.mercado\source\repos\Yakult-System-New\Yakult.Inventory.App\Pages\Set\SelectRequestForSetDialog.cs(222,13): error CS0103: The name 'DgvRequests' does not exist in the current context [C:\Users\russel.mercado\source\repos\Yakult-System-New\Yakult.Inventory.App\Yakult.Inventory.App.csproj]
C:\Users\russel.mercado\source\repos\Yakult-System-New\Yakult.Inventory.App\Pages\Set\SelectRequestForSetDialog.cs(226,17): error CS0103: The name 'LblTitle' does not exist in the current context [C:\Users\russel.mercado\source\repos\Yakult-System-New\Yakult.Inventory.App\Yakult.Inventory.App.csproj]
C:\Users\russel.mercado\source\repos\Yakult-System-New\Yakult.Inventory.App\Pages\Set\SelectRequestForSetDialog.cs(228,17): error CS0103: The name 'LblTitle' does not exist in the current context [C:\Users\russel.mercado\source\repos\Yakult-System-New\Yakult.Inventory.App\Yakult.Inventory.App.csproj]
C:\Users\russel.mercado\source\repos\Yakult-System-New\Yakult.Inventory.App\Pages\Set\SelectRequestForSetDialog.cs(230,17): error CS0103: The name 'LblTitle' does not exist in the current context [C:\Users\russel.mercado\source\repos\Yakult-System-New\Yakult.Inventory.App\Yakult.Inventory.App.csproj]
C:\Users\russel.mercado\source\repos\Yakult-System-New\Yakult.Inventory.App\Pages\Set\SelectRequestForSetDialog.cs(233,13): error CS0103: The name 'LblPageInfo' does not exist in the current context [C:\Users\russel.mercado\source\repos\Yakult-System-New\Yakult.Inventory.App\Yakult.Inventory.App.csproj]
C:\Users\russel.mercado\source\repos\Yakult-System-New\Yakult.Inventory.App\Pages\Set\SelectRequestForSetDialog.cs(237,13): error CS0103: The name 'BtnFirstPage' does not exist in the current context [C:\Users\russel.mercado\source\repos\Yakult-System-New\Yakult.Inventory.App\Yakult.Inventory.App.csproj]
C:\Users\russel.mercado\source\repos\Yakult-System-New\Yakult.Inventory.App\Pages\Set\SelectRequestForSetDialog.cs(238,13): error CS0103: The name 'BtnPrevPage' does not exist in the current context [C:\Users\russel.mercado\source\repos\Yakult-System-New\Yakult.Inventory.App\Yakult.Inventory.App.csproj]
C:\Users\russel.mercado\source\repos\Yakult-System-New\Yakult.Inventory.App\Pages\Set\SelectRequestForSetDialog.cs(239,13): error CS0103: The name 'BtnNextPage' does not exist in the current context [C:\Users\russel.mercado\source\repos\Yakult-System-New\Yakult.Inventory.App\Yakult.Inventory.App.csproj]
C:\Users\russel.mercado\source\repos\Yakult-System-New\Yakult.Inventory.App\Pages\Set\SelectRequestForSetDialog.cs(240,13): error CS0103: The name 'BtnLastPage' does not exist in the current context [C:\Users\russel.mercado\source\repos\Yakult-System-New\Yakult.Inventory.App\Yakult.Inventory.App.csproj]
C:\Users\russel.mercado\source\repos\Yakult-System-New\Yakult.Inventory.App\Pages\Set\SelectRequestForSetDialog.cs(248,28): error CS0103: The name 'DgvRequests' does not exist in the current context [C:\Users\russel.mercado\source\repos\Yakult-System-New\Yakult.Inventory.App\Yakult.Inventory.App.csproj]
C:\Users\russel.mercado\source\repos\Yakult-System-New\Yakult.Inventory.App\Pages\Set\SelectRequestForSetDialog.cs(307,28): error CS0103: The name 'DgvRequests' does not exist in the current context [C:\Users\russel.mercado\source\repos\Yakult-System-New\Yakult.Inventory.App\Yakult.Inventory.App.csproj]
C:\Users\russel.mercado\source\repos\Yakult-System-New\Yakult.Inventory.App\Wpf\Search\Views\SearchView.xaml.cs(34,13): error CS0103: The name 'InitializeComponent' does not exist in the current context [C:\Users\russel.mercado\source\repos\Yakult-System-New\Yakult.Inventory.App\Yakult.Inventory.App.csproj]
C:\Users\russel.mercado\source\repos\Yakult-System-New\Yakult.Inventory.App\Wpf\Search\Views\SearchView.xaml.cs(47,13): error CS0103: The name 'CenterAutoBox' does not exist in the current context [C:\Users\russel.mercado\source\repos\Yakult-System-New\Yakult.Inventory.App\Yakult.Inventory.App.csproj]
C:\Users\russel.mercado\source\repos\Yakult-System-New\Yakult.Inventory.App\Wpf\Search\Views\SearchView.xaml.cs(69,21): error CS0103: The name 'LogoImage' does not exist in the current context [C:\Users\russel.mercado\source\repos\Yakult-System-New\Yakult.Inventory.App\Yakult.Inventory.App.csproj]
C:\Users\russel.mercado\source\repos\Yakult-System-New\Yakult.Inventory.App\Pages\Set\RecordSetInvoiceDialog.xaml.cs(28,13): error CS0103: The name 'InitializeComponent' does not exist in the current context [C:\Users\russel.mercado\source\repos\Yakult-System-New\Yakult.Inventory.App\Yakult.Inventory.App.csproj]
C:\Users\russel.mercado\source\repos\Yakult-System-New\Yakult.Inventory.App\Pages\Set\RecordSetInvoiceDialog.xaml.cs(57,17): error CS0103: The name 'TxtSetCodeLabel' does not exist in the current context [C:\Users\russel.mercado\source\repos\Yakult-System-New\Yakult.Inventory.App\Yakult.Inventory.App.csproj]
C:\Users\russel.mercado\source\repos\Yakult-System-New\Yakult.Inventory.App\Pages\Set\RecordSetInvoiceDialog.xaml.cs(58,17): error CS0103: The name 'TxtDocumentNumber' does not exist in the current context [C:\Users\russel.mercado\source\repos\Yakult-System-New\Yakult.Inventory.App\Yakult.Inventory.App.csproj]
C:\Users\russel.mercado\source\repos\Yakult-System-New\Yakult.Inventory.App\Pages\Set\RecordSetInvoiceDialog.xaml.cs(59,17): error CS0103: The name 'TxtReferenceNumber' does not exist in the current context [C:\Users\russel.mercado\source\repos\Yakult-System-New\Yakult.Inventory.App\Yakult.Inventory.App.csproj]
C:\Users\russel.mercado\source\repos\Yakult-System-New\Yakult.Inventory.App\Pages\Set\RecordSetInvoiceDialog.xaml.cs(69,17): error CS0103: The name 'TxtSubtotal' does not exist in the current context [C:\Users\russel.mercado\source\repos\Yakult-System-New\Yakult.Inventory.App\Yakult.Inventory.App.csproj]
C:\Users\russel.mercado\source\repos\Yakult-System-New\Yakult.Inventory.App\Wpf\Update\Views\UpdatesPageView.xaml.cs(98,67): error CS0103: The name 'UpdatesGrid' does not exist in the current context [C:\Users\russel.mercado\source\repos\Yakult-System-New\Yakult.Inventory.App\Yakult.Inventory.App.csproj]
C:\Users\russel.mercado\source\repos\Yakult-System-New\Yakult.Inventory.App\Pages\Set\RecordSetInvoiceDialog.xaml.cs(93,17): error CS0103: The name 'TxtTotalAmountDue' does not exist in the current context [C:\Users\russel.mercado\source\repos\Yakult-System-New\Yakult.Inventory.App\Yakult.Inventory.App.csproj]
C:\Users\russel.mercado\source\repos\Yakult-System-New\Yakult.Inventory.App\Pages\Set\RecordSetInvoiceDialog.xaml.cs(95,17): error CS0103: The name 'TxtTotalAmountDue' does not exist in the current context [C:\Users\russel.mercado\source\repos\Yakult-System-New\Yakult.Inventory.App\Yakult.Inventory.App.csproj]
C:\Users\russel.mercado\source\repos\Yakult-System-New\Yakult.Inventory.App\Pages\Vendor\EditVendorDialog.xaml.cs(32,13): error CS0103: The name 'InitializeComponent' does not exist in the current context [C:\Users\russel.mercado\source\repos\Yakult-System-New\Yakult.Inventory.App\Yakult.Inventory.App.csproj]
C:\Users\russel.mercado\source\repos\Yakult-System-New\Yakult.Inventory.App\Pages\Set\RecordSetInvoiceDialog.xaml.cs(106,35): error CS0103: The name 'TxtSubtotal' does not exist in the current context [C:\Users\russel.mercado\source\repos\Yakult-System-New\Yakult.Inventory.App\Yakult.Inventory.App.csproj]
C:\Users\russel.mercado\source\repos\Yakult-System-New\Yakult.Inventory.App\Pages\Set\RecordSetInvoiceDialog.xaml.cs(109,30): error CS0103: The name 'TxtVatAmount' does not exist in the current context [C:\Users\russel.mercado\source\repos\Yakult-System-New\Yakult.Inventory.App\Yakult.Inventory.App.csproj]
C:\Users\russel.mercado\source\repos\Yakult-System-New\Yakult.Inventory.App\Pages\Set\RecordSetInvoiceDialog.xaml.cs(110,30): error CS0103: The name 'TxtDiscountAmount' does not exist in the current context [C:\Users\russel.mercado\source\repos\Yakult-System-New\Yakult.Inventory.App\Yakult.Inventory.App.csproj]
C:\Users\russel.mercado\source\repos\Yakult-System-New\Yakult.Inventory.App\Pages\Set\RecordSetInvoiceDialog.xaml.cs(111,30): error CS0103: The name 'TxtWhtAmount' does not exist in the current context [C:\Users\russel.mercado\source\repos\Yakult-System-New\Yakult.Inventory.App\Yakult.Inventory.App.csproj]
C:\Users\russel.mercado\source\repos\Yakult-System-New\Yakult.Inventory.App\Pages\Set\RecordSetInvoiceDialog.xaml.cs(125,34): error CS0103: The name 'TxtDocumentNumber' does not exist in the current context [C:\Users\russel.mercado\source\repos\Yakult-System-New\Yakult.Inventory.App\Yakult.Inventory.App.csproj]
C:\Users\russel.mercado\source\repos\Yakult-System-New\Yakult.Inventory.App\Pages\Set\RecordSetInvoiceDialog.xaml.cs(126,43): error CS1503: Argument 1: cannot convert from 'System.ReadOnlySpan<char>' to 'string' [C:\Users\russel.mercado\source\repos\Yakult-System-New\Yakult.Inventory.App\Yakult.Inventory.App.csproj]
C:\Users\russel.mercado\source\repos\Yakult-System-New\Yakult.Inventory.App\Pages\Set\RecordSetInvoiceDialog.xaml.cs(129,17): error CS0103: The name 'TxtDocumentNumber' does not exist in the current context [C:\Users\russel.mercado\source\repos\Yakult-System-New\Yakult.Inventory.App\Yakult.Inventory.App.csproj]
C:\Users\russel.mercado\source\repos\Yakult-System-New\Yakult.Inventory.App\Pages\Set\RecordSetInvoiceDialog.xaml.cs(133,35): error CS0103: The name 'TxtSubtotal' does not exist in the current context [C:\Users\russel.mercado\source\repos\Yakult-System-New\Yakult.Inventory.App\Yakult.Inventory.App.csproj]
C:\Users\russel.mercado\source\repos\Yakult-System-New\Yakult.Inventory.App\Pages\Set\RecordSetInvoiceDialog.xaml.cs(136,17): error CS0103: The name 'TxtSubtotal' does not exist in the current context [C:\Users\russel.mercado\source\repos\Yakult-System-New\Yakult.Inventory.App\Yakult.Inventory.App.csproj]
C:\Users\russel.mercado\source\repos\Yakult-System-New\Yakult.Inventory.App\Pages\Set\RecordSetInvoiceDialog.xaml.cs(150,47): error CS0103: The name 'TxtReferenceNumber' does not exist in the current context [C:\Users\russel.mercado\source\repos\Yakult-System-New\Yakult.Inventory.App\Yakult.Inventory.App.csproj]
C:\Users\russel.mercado\source\repos\Yakult-System-New\Yakult.Inventory.App\Pages\Set\RecordSetInvoiceDialog.xaml.cs(150,81): error CS0103: The name 'TxtReferenceNumber' does not exist in the current context [C:\Users\russel.mercado\source\repos\Yakult-System-New\Yakult.Inventory.App\Yakult.Inventory.App.csproj]
C:\Users\russel.mercado\source\repos\Yakult-System-New\Yakult.Inventory.App\Pages\Vendor\EditVendorDialog.xaml.cs(110,13): error CS0103: The name 'BtnMaximizeGlyph' does not exist in the current context [C:\Users\russel.mercado\source\repos\Yakult-System-New\Yakult.Inventory.App\Yakult.Inventory.App.csproj]
C:\Users\russel.mercado\source\repos\Yakult-System-New\Yakult.Inventory.App\Pages\Set\ViewSetDetailPage.xaml.cs(168,13): error CS0103: The name 'InitializeComponent' does not exist in the current context [C:\Users\russel.mercado\source\repos\Yakult-System-New\Yakult.Inventory.App\Yakult.Inventory.App.csproj]
C:\Users\russel.mercado\source\repos\Yakult-System-New\Yakult.Inventory.App\Pages\Set\ViewSetDetailPage.xaml.cs(200,17): error CS0103: The name 'BtnMaximizeGlyph' does not exist in the current context [C:\Users\russel.mercado\source\repos\Yakult-System-New\Yakult.Inventory.App\Yakult.Inventory.App.csproj]
C:\Users\russel.mercado\source\repos\Yakult-System-New\Yakult.Inventory.App\Pages\Set\ViewSetDetailPage.xaml.cs(215,17): error CS0103: The name 'BtnMaximizeGlyph' does not exist in the current context [C:\Users\russel.mercado\source\repos\Yakult-System-New\Yakult.Inventory.App\Yakult.Inventory.App.csproj]
C:\Users\russel.mercado\source\repos\Yakult-System-New\Yakult.Inventory.App\WPF\CartridgeManagement\Views\NonRefillableEmptyCartridgesView.xaml.cs(18,13): error CS0103: The name 'InitializeComponent' does not exist in the current context [C:\Users\russel.mercado\source\repos\Yakult-System-New\Yakult.Inventory.App\Yakult.Inventory.App.csproj]
C:\Users\russel.mercado\source\repos\Yakult-System-New\Yakult.Inventory.App\Pages\Request\EditRequestDialog.xaml.cs(41,13): error CS0103: The name 'InitializeComponent' does not exist in the current context [C:\Users\russel.mercado\source\repos\Yakult-System-New\Yakult.Inventory.App\Yakult.Inventory.App.csproj]
C:\Users\russel.mercado\source\repos\Yakult-System-New\Yakult.Inventory.App\WPF\CartridgeManagement\Views\NonRefillableEmptyCartridgesView.xaml.cs(80,17): error CS0103: The name 'CmbCondition' does not exist in the current context [C:\Users\russel.mercado\source\repos\Yakult-System-New\Yakult.Inventory.App\Yakult.Inventory.App.csproj]
C:\Users\russel.mercado\source\repos\Yakult-System-New\Yakult.Inventory.App\WPF\CartridgeManagement\Views\DamagedEmptyCartridgesView.xaml.cs(17,13): error CS0103: The name 'InitializeComponent' does not exist in the current context [C:\Users\russel.mercado\source\repos\Yakult-System-New\Yakult.Inventory.App\Yakult.Inventory.App.csproj]
C:\Users\russel.mercado\source\repos\Yakult-System-New\Yakult.Inventory.App\Pages\Request\BatchAddRequestDialog.xaml.cs(76,13): error CS0103: The name 'InitializeComponent' does not exist in the current context [C:\Users\russel.mercado\source\repos\Yakult-System-New\Yakult.Inventory.App\Yakult.Inventory.App.csproj]
C:\Users\russel.mercado\source\repos\Yakult-System-New\Yakult.Inventory.App\Wpf\CartridgeManagement\Views\CartridgeTrackingView.xaml.cs(15,13): error CS0103: The name 'InitializeComponent' does not exist in the current context [C:\Users\russel.mercado\source\repos\Yakult-System-New\Yakult.Inventory.App\Yakult.Inventory.App.csproj]
C:\Users\russel.mercado\source\repos\Yakult-System-New\Yakult.Inventory.App\Wpf\CartridgeManagement\Views\ViewCartridgeSetsView.xaml.cs(22,13): error CS0103: The name 'InitializeComponent' does not exist in the current context [C:\Users\russel.mercado\source\repos\Yakult-System-New\Yakult.Inventory.App\Yakult.Inventory.App.csproj]
C:\Users\russel.mercado\source\repos\Yakult-System-New\Yakult.Inventory.App\Pages\Request\BatchAddRequestDialog.xaml.cs(82,13): error CS0103: The name 'DgvRequests' does not exist in the current context [C:\Users\russel.mercado\source\repos\Yakult-System-New\Yakult.Inventory.App\Yakult.Inventory.App.csproj]
C:\Users\russel.mercado\source\repos\Yakult-System-New\Yakult.Inventory.App\Pages\Request\BatchAddRequestDialog.xaml.cs(90,13): error CS0103: The name 'CmbCompany' does not exist in the current context [C:\Users\russel.mercado\source\repos\Yakult-System-New\Yakult.Inventory.App\Yakult.Inventory.App.csproj]
C:\Users\russel.mercado\source\repos\Yakult-System-New\Yakult.Inventory.App\Pages\Request\BatchAddRequestDialog.xaml.cs(91,32): error CS0103: The name 'CmbCompany' does not exist in the current context [C:\Users\russel.mercado\source\repos\Yakult-System-New\Yakult.Inventory.App\Yakult.Inventory.App.csproj]
C:\Users\russel.mercado\source\repos\Yakult-System-New\Yakult.Inventory.App\Pages\Request\BatchAddRequestDialog.xaml.cs(92,69): error CS0103: The name 'CmbCompany' does not exist in the current context [C:\Users\russel.mercado\source\repos\Yakult-System-New\Yakult.Inventory.App\Yakult.Inventory.App.csproj]
C:\Users\russel.mercado\source\repos\Yakult-System-New\Yakult.Inventory.App\Pages\Request\BatchAddRequestDialog.xaml.cs(93,13): error CS0103: The name 'CmbDepartment' does not exist in the current context [C:\Users\russel.mercado\source\repos\Yakult-System-New\Yakult.Inventory.App\Yakult.Inventory.App.csproj]
C:\Users\russel.mercado\source\repos\Yakult-System-New\Yakult.Inventory.App\Pages\Request\BatchAddRequestDialog.xaml.cs(94,32): error CS0103: The name 'CmbDepartment' does not exist in the current context [C:\Users\russel.mercado\source\repos\Yakult-System-New\Yakult.Inventory.App\Yakult.Inventory.App.csproj]
C:\Users\russel.mercado\source\repos\Yakult-System-New\Yakult.Inventory.App\Pages\Request\BatchAddRequestDialog.xaml.cs(95,69): error CS0103: The name 'CmbDepartment' does not exist in the current context [C:\Users\russel.mercado\source\repos\Yakult-System-New\Yakult.Inventory.App\Yakult.Inventory.App.csproj]
C:\Users\russel.mercado\source\repos\Yakult-System-New\Yakult.Inventory.App\Pages\Request\BatchAddRequestDialog.xaml.cs(96,13): error CS0103: The name 'CmbBranch' does not exist in the current context [C:\Users\russel.mercado\source\repos\Yakult-System-New\Yakult.Inventory.App\Yakult.Inventory.App.csproj]
C:\Users\russel.mercado\source\repos\Yakult-System-New\Yakult.Inventory.App\Pages\Request\BatchAddRequestDialog.xaml.cs(97,32): error CS0103: The name 'CmbBranch' does not exist in the current context [C:\Users\russel.mercado\source\repos\Yakult-System-New\Yakult.Inventory.App\Yakult.Inventory.App.csproj]
C:\Users\russel.mercado\source\repos\Yakult-System-New\Yakult.Inventory.App\Pages\Request\BatchAddRequestDialog.xaml.cs(98,69): error CS0103: The name 'CmbBranch' does not exist in the current context [C:\Users\russel.mercado\source\repos\Yakult-System-New\Yakult.Inventory.App\Yakult.Inventory.App.csproj]
C:\Users\russel.mercado\source\repos\Yakult-System-New\Yakult.Inventory.App\Pages\Request\EditRequestDialog.xaml.cs(66,13): error CS0103: The name 'CmbEmployee' does not exist in the current context [C:\Users\russel.mercado\source\repos\Yakult-System-New\Yakult.Inventory.App\Yakult.Inventory.App.csproj]
C:\Users\russel.mercado\source\repos\Yakult-System-New\Yakult.Inventory.App\Pages\Request\EditRequestDialog.xaml.cs(67,13): error CS0103: The name 'CmbEmployee' does not exist in the current context [C:\Users\russel.mercado\source\repos\Yakult-System-New\Yakult.Inventory.App\Yakult.Inventory.App.csproj]
C:\Users\russel.mercado\source\repos\Yakult-System-New\Yakult.Inventory.App\Pages\Request\EditRequestDialog.xaml.cs(69,13): error CS0103: The name 'CmbItem' does not exist in the current context [C:\Users\russel.mercado\source\repos\Yakult-System-New\Yakult.Inventory.App\Yakult.Inventory.App.csproj]
C:\Users\russel.mercado\source\repos\Yakult-System-New\Yakult.Inventory.App\Pages\Request\EditRequestDialog.xaml.cs(70,13): error CS0103: The name 'CmbItem' does not exist in the current context [C:\Users\russel.mercado\source\repos\Yakult-System-New\Yakult.Inventory.App\Yakult.Inventory.App.csproj]
C:\Users\russel.mercado\source\repos\Yakult-System-New\Yakult.Inventory.App\Pages\Request\EditRequestDialog.xaml.cs(72,13): error CS0103: The name 'CmbItemCategory' does not exist in the current context [C:\Users\russel.mercado\source\repos\Yakult-System-New\Yakult.Inventory.App\Yakult.Inventory.App.csproj]
C:\Users\russel.mercado\source\repos\Yakult-System-New\Yakult.Inventory.App\Pages\Request\EditRequestDialog.xaml.cs(73,13): error CS0103: The name 'CmbItemCategory' does not exist in the current context [C:\Users\russel.mercado\source\repos\Yakult-System-New\Yakult.Inventory.App\Yakult.Inventory.App.csproj]
C:\Users\russel.mercado\source\repos\Yakult-System-New\Yakult.Inventory.App\Pages\Request\EditRequestDialog.xaml.cs(75,13): error CS0103: The name 'TxtQuantity' does not exist in the current context [C:\Users\russel.mercado\source\repos\Yakult-System-New\Yakult.Inventory.App\Yakult.Inventory.App.csproj]
C:\Users\russel.mercado\source\repos\Yakult-System-New\Yakult.Inventory.App\Pages\Request\EditRequestDialog.xaml.cs(76,13): error CS0103: The name 'TxtQuantity' does not exist in the current context [C:\Users\russel.mercado\source\repos\Yakult-System-New\Yakult.Inventory.App\Yakult.Inventory.App.csproj]
C:\Users\russel.mercado\source\repos\Yakult-System-New\Yakult.Inventory.App\Pages\Request\EditRequestDialog.xaml.cs(78,13): error CS0103: The name 'DtDateRequested' does not exist in the current context [C:\Users\russel.mercado\source\repos\Yakult-System-New\Yakult.Inventory.App\Yakult.Inventory.App.csproj]
C:\Users\russel.mercado\source\repos\Yakult-System-New\Yakult.Inventory.App\Pages\Request\EditRequestDialog.xaml.cs(80,13): error CS0103: The name 'CmbStatus' does not exist in the current context [C:\Users\russel.mercado\source\repos\Yakult-System-New\Yakult.Inventory.App\Yakult.Inventory.App.csproj]
C:\Users\russel.mercado\source\repos\Yakult-System-New\Yakult.Inventory.App\Pages\Request\EditRequestDialog.xaml.cs(81,13): error CS0103: The name 'CmbStatus' does not exist in the current context [C:\Users\russel.mercado\source\repos\Yakult-System-New\Yakult.Inventory.App\Yakult.Inventory.App.csproj]
C:\Users\russel.mercado\source\repos\Yakult-System-New\Yakult.Inventory.App\Pages\Set\ViewSetDetailPage.xaml.cs(275,17): error CS0103: The name 'TxtSetCode' does not exist in the current context [C:\Users\russel.mercado\source\repos\Yakult-System-New\Yakult.Inventory.App\Yakult.Inventory.App.csproj]
C:\Users\russel.mercado\source\repos\Yakult-System-New\Yakult.Inventory.App\Pages\Set\ViewSetDetailPage.xaml.cs(276,17): error CS0103: The name 'TxtCreatedBy' does not exist in the current context [C:\Users\russel.mercado\source\repos\Yakult-System-New\Yakult.Inventory.App\Yakult.Inventory.App.csproj]
C:\Users\russel.mercado\source\repos\Yakult-System-New\Yakult.Inventory.App\Pages\Set\ViewSetDetailPage.xaml.cs(277,17): error CS0103: The name 'DtpCreatedAt' does not exist in the current context [C:\Users\russel.mercado\source\repos\Yakult-System-New\Yakult.Inventory.App\Yakult.Inventory.App.csproj]
C:\Users\russel.mercado\source\repos\Yakult-System-New\Yakult.Inventory.App\Pages\Set\ViewSetDetailPage.xaml.cs(278,17): error CS0103: The name 'TxtDateRequested' does not exist in the current context [C:\Users\russel.mercado\source\repos\Yakult-System-New\Yakult.Inventory.App\Yakult.Inventory.App.csproj]
C:\Users\russel.mercado\source\repos\Yakult-System-New\Yakult.Inventory.App\Pages\Set\ViewSetDetailPage.xaml.cs(279,17): error CS0103: The name 'TxtRemarks' does not exist in the current context [C:\Users\russel.mercado\source\repos\Yakult-System-New\Yakult.Inventory.App\Yakult.Inventory.App.csproj]
C:\Users\russel.mercado\source\repos\Yakult-System-New\Yakult.Inventory.App\Pages\Set\ViewSetDetailPage.xaml.cs(281,17): error CS0103: The name 'TxtQRImage' does not exist in the current context [C:\Users\russel.mercado\source\repos\Yakult-System-New\Yakult.Inventory.App\Yakult.Inventory.App.csproj]
C:\Users\russel.mercado\source\repos\Yakult-System-New\Yakult.Inventory.App\Pages\Set\ViewSetDetailPage.xaml.cs(285,17): error CS0103: The name 'BtnViewQR' does not exist in the current context [C:\Users\russel.mercado\source\repos\Yakult-System-New\Yakult.Inventory.App\Yakult.Inventory.App.csproj]
C:\Users\russel.mercado\source\repos\Yakult-System-New\Yakult.Inventory.App\Pages\Set\ViewSetDetailPage.xaml.cs(287,17): error CS0103: The name 'TxtItemCount' does not exist in the current context [C:\Users\russel.mercado\source\repos\Yakult-System-New\Yakult.Inventory.App\Yakult.Inventory.App.csproj]
C:\Users\russel.mercado\source\repos\Yakult-System-New\Yakult.Inventory.App\Pages\Set\ViewSetDetailPage.xaml.cs(290,17): error CS0103: The name 'TxtSubtotal' does not exist in the current context [C:\Users\russel.mercado\source\repos\Yakult-System-New\Yakult.Inventory.App\Yakult.Inventory.App.csproj]
C:\Users\russel.mercado\source\repos\Yakult-System-New\Yakult.Inventory.App\Pages\Set\ViewSetDetailPage.xaml.cs(291,17): error CS0103: The name 'TxtVatAmount' does not exist in the current context [C:\Users\russel.mercado\source\repos\Yakult-System-New\Yakult.Inventory.App\Yakult.Inventory.App.csproj]
C:\Users\russel.mercado\source\repos\Yakult-System-New\Yakult.Inventory.App\Pages\Set\ViewSetDetailPage.xaml.cs(292,17): error CS0103: The name 'TxtDiscountAmount' does not exist in the current context [C:\Users\russel.mercado\source\repos\Yakult-System-New\Yakult.Inventory.App\Yakult.Inventory.App.csproj]
C:\Users\russel.mercado\source\repos\Yakult-System-New\Yakult.Inventory.App\Pages\Set\ViewSetDetailPage.xaml.cs(293,17): error CS0103: The name 'TxtWhtAmount' does not exist in the current context [C:\Users\russel.mercado\source\repos\Yakult-System-New\Yakult.Inventory.App\Yakult.Inventory.App.csproj]
C:\Users\russel.mercado\source\repos\Yakult-System-New\Yakult.Inventory.App\Pages\Set\ViewSetDetailPage.xaml.cs(294,17): error CS0103: The name 'TxtTotalAmountDue' does not exist in the current context [C:\Users\russel.mercado\source\repos\Yakult-System-New\Yakult.Inventory.App\Yakult.Inventory.App.csproj]
C:\Users\russel.mercado\source\repos\Yakult-System-New\Yakult.Inventory.App\Pages\Set\ViewSetDetailPage.xaml.cs(297,17): error CS0103: The name 'TitleText' does not exist in the current context [C:\Users\russel.mercado\source\repos\Yakult-System-New\Yakult.Inventory.App\Yakult.Inventory.App.csproj]
C:\Users\russel.mercado\source\repos\Yakult-System-New\Yakult.Inventory.App\Pages\Set\ViewSetDetailPage.xaml.cs(321,17): error CS0103: The name 'TxtComputerName' does not exist in the current context [C:\Users\russel.mercado\source\repos\Yakult-System-New\Yakult.Inventory.App\Yakult.Inventory.App.csproj]
C:\Users\russel.mercado\source\repos\Yakult-System-New\Yakult.Inventory.App\Pages\Set\ViewSetDetailPage.xaml.cs(322,17): error CS0103: The name 'TxtIPAddress' does not exist in the current context [C:\Users\russel.mercado\source\repos\Yakult-System-New\Yakult.Inventory.App\Yakult.Inventory.App.csproj]
C:\Users\russel.mercado\source\repos\Yakult-System-New\Yakult.Inventory.App\Pages\Set\ViewSetDetailPage.xaml.cs(323,17): error CS0103: The name 'BtnSaveHardwareInfo' does not exist in the current context [C:\Users\russel.mercado\source\repos\Yakult-System-New\Yakult.Inventory.App\Yakult.Inventory.App.csproj]
C:\Users\russel.mercado\source\repos\Yakult-System-New\Yakult.Inventory.App\Pages\Set\ViewSetDetailPage.xaml.cs(327,17): error CS0103: The name 'DgvRequests' does not exist in the current context [C:\Users\russel.mercado\source\repos\Yakult-System-New\Yakult.Inventory.App\Yakult.Inventory.App.csproj]
C:\Users\russel.mercado\source\repos\Yakult-System-New\Yakult.Inventory.App\Pages\Set\ViewSetDetailPage.xaml.cs(328,17): error CS0103: The name 'DgvRequests' does not exist in the current context [C:\Users\russel.mercado\source\repos\Yakult-System-New\Yakult.Inventory.App\Yakult.Inventory.App.csproj]
C:\Users\russel.mercado\source\repos\Yakult-System-New\Yakult.Inventory.App\Pages\Set\ViewSetDetailPage.xaml.cs(333,17): error CS0103: The name 'PnlNoRequestsNote' does not exist in the current context [C:\Users\russel.mercado\source\repos\Yakult-System-New\Yakult.Inventory.App\Yakult.Inventory.App.csproj]
C:\Users\russel.mercado\source\repos\Yakult-System-New\Yakult.Inventory.App\Pages\Set\ViewSetDetailPage.xaml.cs(353,25): error CS0103: The name 'TxtEmployeeNumber' does not exist in the current context [C:\Users\russel.mercado\source\repos\Yakult-System-New\Yakult.Inventory.App\Yakult.Inventory.App.csproj]
C:\Users\russel.mercado\source\repos\Yakult-System-New\Yakult.Inventory.App\Pages\Set\ViewSetDetailPage.xaml.cs(354,25): error CS0103: The name 'TxtCompany' does not exist in the current context [C:\Users\russel.mercado\source\repos\Yakult-System-New\Yakult.Inventory.App\Yakult.Inventory.App.csproj]
C:\Users\russel.mercado\source\repos\Yakult-System-New\Yakult.Inventory.App\Pages\Set\ViewSetDetailPage.xaml.cs(355,25): error CS0103: The name 'TxtBranch' does not exist in the current context [C:\Users\russel.mercado\source\repos\Yakult-System-New\Yakult.Inventory.App\Yakult.Inventory.App.csproj]
C:\Users\russel.mercado\source\repos\Yakult-System-New\Yakult.Inventory.App\Pages\Set\ViewSetDetailPage.xaml.cs(356,25): error CS0103: The name 'TxtDepartment' does not exist in the current context [C:\Users\russel.mercado\source\repos\Yakult-System-New\Yakult.Inventory.App\Yakult.Inventory.App.csproj]
C:\Users\russel.mercado\source\repos\Yakult-System-New\Yakult.Inventory.App\Pages\Set\ViewSetDetailPage.xaml.cs(370,25): error CS0103: The name 'TxtEmployeeNumber' does not exist in the current context [C:\Users\russel.mercado\source\repos\Yakult-System-New\Yakult.Inventory.App\Yakult.Inventory.App.csproj]
C:\Users\russel.mercado\source\repos\Yakult-System-New\Yakult.Inventory.App\Pages\Set\ViewSetDetailPage.xaml.cs(371,25): error CS0103: The name 'TxtCompany' does not exist in the current context [C:\Users\russel.mercado\source\repos\Yakult-System-New\Yakult.Inventory.App\Yakult.Inventory.App.csproj]
C:\Users\russel.mercado\source\repos\Yakult-System-New\Yakult.Inventory.App\Pages\Set\ViewSetDetailPage.xaml.cs(371,43): error CS0103: The name 'TxtBranch' does not exist in the current context [C:\Users\russel.mercado\source\repos\Yakult-System-New\Yakult.Inventory.App\Yakult.Inventory.App.csproj]
C:\Users\russel.mercado\source\repos\Yakult-System-New\Yakult.Inventory.App\Pages\Set\ViewSetDetailPage.xaml.cs(371,60): error CS0103: The name 'TxtDepartment' does not exist in the current context [C:\Users\russel.mercado\source\repos\Yakult-System-New\Yakult.Inventory.App\Yakult.Inventory.App.csproj]
C:\Users\russel.mercado\source\repos\Yakult-System-New\Yakult.Inventory.App\Pages\Set\ViewSetDetailPage.xaml.cs(377,21): error CS0103: The name 'TxtEmployeeNumber' does not exist in the current context [C:\Users\russel.mercado\source\repos\Yakult-System-New\Yakult.Inventory.App\Yakult.Inventory.App.csproj]
C:\Users\russel.mercado\source\repos\Yakult-System-New\Yakult.Inventory.App\Pages\Set\ViewSetDetailPage.xaml.cs(378,21): error CS0103: The name 'TxtCompany' does not exist in the current context [C:\Users\russel.mercado\source\repos\Yakult-System-New\Yakult.Inventory.App\Yakult.Inventory.App.csproj]
C:\Users\russel.mercado\source\repos\Yakult-System-New\Yakult.Inventory.App\Pages\Set\ViewSetDetailPage.xaml.cs(378,39): error CS0103: The name 'TxtBranch' does not exist in the current context [C:\Users\russel.mercado\source\repos\Yakult-System-New\Yakult.Inventory.App\Yakult.Inventory.App.csproj]
C:\Users\russel.mercado\source\repos\Yakult-System-New\Yakult.Inventory.App\Pages\Set\ViewSetDetailPage.xaml.cs(378,56): error CS0103: The name 'TxtDepartment' does not exist in the current context [C:\Users\russel.mercado\source\repos\Yakult-System-New\Yakult.Inventory.App\Yakult.Inventory.App.csproj]
C:\Users\russel.mercado\source\repos\Yakult-System-New\Yakult.Inventory.App\Pages\Set\ViewSetDetailPage.xaml.cs(388,17): error CS0103: The name 'BtnGenerateQR' does not exist in the current context [C:\Users\russel.mercado\source\repos\Yakult-System-New\Yakult.Inventory.App\Yakult.Inventory.App.csproj]
C:\Users\russel.mercado\source\repos\Yakult-System-New\Yakult.Inventory.App\Pages\Set\ViewSetDetailPage.xaml.cs(393,21): error CS0103: The name 'BtnDeploy' does not exist in the current context [C:\Users\russel.mercado\source\repos\Yakult-System-New\Yakult.Inventory.App\Yakult.Inventory.App.csproj]
C:\Users\russel.mercado\source\repos\Yakult-System-New\Yakult.Inventory.App\Pages\Set\ViewSetDetailPage.xaml.cs(394,21): error CS0103: The name 'BtnDeploy' does not exist in the current context [C:\Users\russel.mercado\source\repos\Yakult-System-New\Yakult.Inventory.App\Yakult.Inventory.App.csproj]
C:\Users\russel.mercado\source\repos\Yakult-System-New\Yakult.Inventory.App\Pages\Set\ViewSetDetailPage.xaml.cs(399,21): error CS0103: The name 'BtnDeploy' does not exist in the current context [C:\Users\russel.mercado\source\repos\Yakult-System-New\Yakult.Inventory.App\Yakult.Inventory.App.csproj]
C:\Users\russel.mercado\source\repos\Yakult-System-New\Yakult.Inventory.App\Pages\Set\ViewSetDetailPage.xaml.cs(400,21): error CS0103: The name 'BtnDeploy' does not exist in the current context [C:\Users\russel.mercado\source\repos\Yakult-System-New\Yakult.Inventory.App\Yakult.Inventory.App.csproj]
C:\Users\russel.mercado\source\repos\Yakult-System-New\Yakult.Inventory.App\Pages\Set\ViewSetDetailPage.xaml.cs(408,21): error CS0103: The name 'BtnRecordInvoice' does not exist in the current context [C:\Users\russel.mercado\source\repos\Yakult-System-New\Yakult.Inventory.App\Yakult.Inventory.App.csproj]
C:\Users\russel.mercado\source\repos\Yakult-System-New\Yakult.Inventory.App\Pages\Set\ViewSetDetailPage.xaml.cs(409,21): error CS0103: The name 'BtnViewInvoice' does not exist in the current context [C:\Users\russel.mercado\source\repos\Yakult-System-New\Yakult.Inventory.App\Yakult.Inventory.App.csproj]
C:\Users\russel.mercado\source\repos\Yakult-System-New\Yakult.Inventory.App\Pages\Set\ViewSetDetailPage.xaml.cs(413,21): error CS0103: The name 'BtnRecordInvoice' does not exist in the current context [C:\Users\russel.mercado\source\repos\Yakult-System-New\Yakult.Inventory.App\Yakult.Inventory.App.csproj]
C:\Users\russel.mercado\source\repos\Yakult-System-New\Yakult.Inventory.App\Pages\Set\ViewSetDetailPage.xaml.cs(414,21): error CS0103: The name 'BtnViewInvoice' does not exist in the current context [C:\Users\russel.mercado\source\repos\Yakult-System-New\Yakult.Inventory.App\Yakult.Inventory.App.csproj]
C:\Users\russel.mercado\source\repos\Yakult-System-New\Yakult.Inventory.App\Pages\Set\ViewSetDetailPage.xaml.cs(418,21): error CS0103: The name 'BtnRecordInvoice' does not exist in the current context [C:\Users\russel.mercado\source\repos\Yakult-System-New\Yakult.Inventory.App\Yakult.Inventory.App.csproj]
C:\Users\russel.mercado\source\repos\Yakult-System-New\Yakult.Inventory.App\Pages\Set\ViewSetDetailPage.xaml.cs(419,21): error CS0103: The name 'BtnViewInvoice' does not exist in the current context [C:\Users\russel.mercado\source\repos\Yakult-System-New\Yakult.Inventory.App\Yakult.Inventory.App.csproj]
C:\Users\russel.mercado\source\repos\Yakult-System-New\Yakult.Inventory.App\Pages\Set\ViewSetDetailPage.xaml.cs(436,13): error CS0103: The name 'HwSectionPanel' does not exist in the current context [C:\Users\russel.mercado\source\repos\Yakult-System-New\Yakult.Inventory.App\Yakult.Inventory.App.csproj]
C:\Users\russel.mercado\source\repos\Yakult-System-New\Yakult.Inventory.App\Pages\Set\ViewSetDetailPage.xaml.cs(442,13): error CS0103: The name 'ColComputerName' does not exist in the current context [C:\Users\russel.mercado\source\repos\Yakult-System-New\Yakult.Inventory.App\Yakult.Inventory.App.csproj]
C:\Users\russel.mercado\source\repos\Yakult-System-New\Yakult.Inventory.App\Pages\Set\ViewSetDetailPage.xaml.cs(443,13): error CS0103: The name 'ColIPAddress' does not exist in the current context [C:\Users\russel.mercado\source\repos\Yakult-System-New\Yakult.Inventory.App\Yakult.Inventory.App.csproj]
C:\Users\russel.mercado\source\repos\Yakult-System-New\Yakult.Inventory.App\Pages\Set\ViewSetDetailPage.xaml.cs(454,13): error CS0103: The name 'DgvRequests' does not exist in the current context [C:\Users\russel.mercado\source\repos\Yakult-System-New\Yakult.Inventory.App\Yakult.Inventory.App.csproj]
C:\Users\russel.mercado\source\repos\Yakult-System-New\Yakult.Inventory.App\Pages\Request\EditRequestDialog.xaml.cs(108,97): error CS0103: The name 'CmbEmployee' does not exist in the current context [C:\Users\russel.mercado\source\repos\Yakult-System-New\Yakult.Inventory.App\Yakult.Inventory.App.csproj]
C:\Users\russel.mercado\source\repos\Yakult-System-New\Yakult.Inventory.App\Pages\Request\EditRequestDialog.xaml.cs(108,110): error CS0103: The name 'BtnEditEmployee' does not exist in the current context [C:\Users\russel.mercado\source\repos\Yakult-System-New\Yakult.Inventory.App\Yakult.Inventory.App.csproj]
C:\Users\russel.mercado\source\repos\Yakult-System-New\Yakult.Inventory.App\Pages\Request\EditRequestDialog.xaml.cs(109,97): error CS0103: The name 'TxtQuantity' does not exist in the current context [C:\Users\russel.mercado\source\repos\Yakult-System-New\Yakult.Inventory.App\Yakult.Inventory.App.csproj]
C:\Users\russel.mercado\source\repos\Yakult-System-New\Yakult.Inventory.App\Pages\Request\EditRequestDialog.xaml.cs(109,110): error CS0103: The name 'BtnEditQuantity' does not exist in the current context [C:\Users\russel.mercado\source\repos\Yakult-System-New\Yakult.Inventory.App\Yakult.Inventory.App.csproj]
C:\Users\russel.mercado\source\repos\Yakult-System-New\Yakult.Inventory.App\Pages\Request\EditRequestDialog.xaml.cs(110,93): error CS0103: The name 'DtDateRequested' does not exist in the current context [C:\Users\russel.mercado\source\repos\Yakult-System-New\Yakult.Inventory.App\Yakult.Inventory.App.csproj]
C:\Users\russel.mercado\source\repos\Yakult-System-New\Yakult.Inventory.App\Pages\Request\EditRequestDialog.xaml.cs(110,110): error CS0103: The name 'BtnEditDate' does not exist in the current context [C:\Users\russel.mercado\source\repos\Yakult-System-New\Yakult.Inventory.App\Yakult.Inventory.App.csproj]
C:\Users\russel.mercado\source\repos\Yakult-System-New\Yakult.Inventory.App\Pages\Request\EditRequestDialog.xaml.cs(111,95): error CS0103: The name 'CmbStatus' does not exist in the current context [C:\Users\russel.mercado\source\repos\Yakult-System-New\Yakult.Inventory.App\Yakult.Inventory.App.csproj]
C:\Users\russel.mercado\source\repos\Yakult-System-New\Yakult.Inventory.App\Pages\Request\EditRequestDialog.xaml.cs(111,106): error CS0103: The name 'BtnEditStatus' does not exist in the current context [C:\Users\russel.mercado\source\repos\Yakult-System-New\Yakult.Inventory.App\Yakult.Inventory.App.csproj]
C:\Users\russel.mercado\source\repos\Yakult-System-New\Yakult.Inventory.App\Pages\Request\BatchAddRequestDialog.xaml.cs(165,17): error CS0103: The name 'BtnMaximizeGlyph' does not exist in the current context [C:\Users\russel.mercado\source\repos\Yakult-System-New\Yakult.Inventory.App\Yakult.Inventory.App.csproj]
C:\Users\russel.mercado\source\repos\Yakult-System-New\Yakult.Inventory.App\Pages\Request\BatchAddRequestDialog.xaml.cs(181,17): error CS0103: The name 'BtnMaximizeGlyph' does not exist in the current context [C:\Users\russel.mercado\source\repos\Yakult-System-New\Yakult.Inventory.App\Yakult.Inventory.App.csproj]
C:\Users\russel.mercado\source\repos\Yakult-System-New\Yakult.Inventory.App\Wpf\RepairPortal\NewTicketIntake\Views\NewRepairTicketDialog.xaml.cs(24,13): error CS0103: The name 'InitializeComponent' does not exist in the current context [C:\Users\russel.mercado\source\repos\Yakult-System-New\Yakult.Inventory.App\Yakult.Inventory.App.csproj]
C:\Users\russel.mercado\source\repos\Yakult-System-New\Yakult.Inventory.App\Pages\Set\ViewSetDetailPage.xaml.cs(469,38): error CS0103: The name 'TxtCompany' does not exist in the current context [C:\Users\russel.mercado\source\repos\Yakult-System-New\Yakult.Inventory.App\Yakult.Inventory.App.csproj]
C:\Users\russel.mercado\source\repos\Yakult-System-New\Yakult.Inventory.App\Pages\Set\ViewSetDetailPage.xaml.cs(469,73): error CS0103: The name 'TxtBranch' does not exist in the current context [C:\Users\russel.mercado\source\repos\Yakult-System-New\Yakult.Inventory.App\Yakult.Inventory.App.csproj]
C:\Users\russel.mercado\source\repos\Yakult-System-New\Yakult.Inventory.App\Pages\Set\ViewSetDetailPage.xaml.cs(469,107): error CS0103: The name 'TxtDepartment' does not exist in the current context [C:\Users\russel.mercado\source\repos\Yakult-System-New\Yakult.Inventory.App\Yakult.Inventory.App.csproj]
C:\Users\russel.mercado\source\repos\Yakult-System-New\Yakult.Inventory.App\Pages\Set\ViewSetDetailPage.xaml.cs(477,17): error CS0103: The name 'CmbEmployee' does not exist in the current context [C:\Users\russel.mercado\source\repos\Yakult-System-New\Yakult.Inventory.App\Yakult.Inventory.App.csproj]
C:\Users\russel.mercado\source\repos\Yakult-System-New\Yakult.Inventory.App\Pages\Set\ViewSetDetailPage.xaml.cs(478,17): error CS0103: The name 'CmbEmployee' does not exist in the current context [C:\Users\russel.mercado\source\repos\Yakult-System-New\Yakult.Inventory.App\Yakult.Inventory.App.csproj]
C:\Users\russel.mercado\source\repos\Yakult-System-New\Yakult.Inventory.App\Pages\Set\ViewSetDetailPage.xaml.cs(479,17): error CS0103: The name 'CmbEmployee' does not exist in the current context [C:\Users\russel.mercado\source\repos\Yakult-System-New\Yakult.Inventory.App\Yakult.Inventory.App.csproj]
C:\Users\russel.mercado\source\repos\Yakult-System-New\Yakult.Inventory.App\Pages\Set\ViewSetDetailPage.xaml.cs(482,17): error CS0103: The name 'CmbEmployee' does not exist in the current context [C:\Users\russel.mercado\source\repos\Yakult-System-New\Yakult.Inventory.App\Yakult.Inventory.App.csproj]
C:\Users\russel.mercado\source\repos\Yakult-System-New\Yakult.Inventory.App\Wpf\CartridgeManagement\Views\ViewCartridgesView.xaml.cs(15,13): error CS0103: The name 'InitializeComponent' does not exist in the current context [C:\Users\russel.mercado\source\repos\Yakult-System-New\Yakult.Inventory.App\Yakult.Inventory.App.csproj]
C:\Users\russel.mercado\source\repos\Yakult-System-New\Yakult.Inventory.App\Pages\Request\EditRequestDialog.xaml.cs(120,18): error CS0103: The name 'CmbItem' does not exist in the current context [C:\Users\russel.mercado\source\repos\Yakult-System-New\Yakult.Inventory.App\Yakult.Inventory.App.csproj]
C:\Users\russel.mercado\source\repos\Yakult-System-New\Yakult.Inventory.App\Pages\Request\EditRequestDialog.xaml.cs(138,29): error CS0103: The name 'CmbItem' does not exist in the current context [C:\Users\russel.mercado\source\repos\Yakult-System-New\Yakult.Inventory.App\Yakult.Inventory.App.csproj]
C:\Users\russel.mercado\source\repos\Yakult-System-New\Yakult.Inventory.App\Pages\Request\EditRequestDialog.xaml.cs(138,38): error CS0103: The name 'BtnEditItem' does not exist in the current context [C:\Users\russel.mercado\source\repos\Yakult-System-New\Yakult.Inventory.App\Yakult.Inventory.App.csproj]
C:\Users\russel.mercado\source\repos\Yakult-System-New\Yakult.Inventory.App\Pages\Request\EditRequestDialog.xaml.cs(139,13): error CS0103: The name 'CmbItemCategory' does not exist in the current context [C:\Users\russel.mercado\source\repos\Yakult-System-New\Yakult.Inventory.App\Yakult.Inventory.App.csproj]
C:\Users\russel.mercado\source\repos\Yakult-System-New\Yakult.Inventory.App\Pages\Request\EditRequestDialog.xaml.cs(139,41): error CS0103: The name 'CmbItem' does not exist in the current context [C:\Users\russel.mercado\source\repos\Yakult-System-New\Yakult.Inventory.App\Yakult.Inventory.App.csproj]
C:\Users\russel.mercado\source\repos\Yakult-System-New\Yakult.Inventory.App\Pages\Request\EditRequestDialog.xaml.cs(140,13): error CS0103: The name 'CmbItemCategory' does not exist in the current context [C:\Users\russel.mercado\source\repos\Yakult-System-New\Yakult.Inventory.App\Yakult.Inventory.App.csproj]
C:\Users\russel.mercado\source\repos\Yakult-System-New\Yakult.Inventory.App\Pages\Request\EditRequestDialog.xaml.cs(140,42): error CS0103: The name 'CmbItem' does not exist in the current context [C:\Users\russel.mercado\source\repos\Yakult-System-New\Yakult.Inventory.App\Yakult.Inventory.App.csproj]
C:\Users\russel.mercado\source\repos\Yakult-System-New\Yakult.Inventory.App\Pages\Request\EditRequestDialog.xaml.cs(146,17): error CS0103: The name 'CmbItemCategory' does not exist in the current context [C:\Users\russel.mercado\source\repos\Yakult-System-New\Yakult.Inventory.App\Yakult.Inventory.App.csproj]
C:\Users\russel.mercado\source\repos\Yakult-System-New\Yakult.Inventory.App\Pages\Request\EditRequestDialog.xaml.cs(155,17): error CS0103: The name 'CmbItem' does not exist in the current context [C:\Users\russel.mercado\source\repos\Yakult-System-New\Yakult.Inventory.App\Yakult.Inventory.App.csproj]
C:\Users\russel.mercado\source\repos\Yakult-System-New\Yakult.Inventory.App\Pages\Request\BatchAddRequestDialog.xaml.cs(201,39): error CS0103: The name 'CmbCompany' does not exist in the current context [C:\Users\russel.mercado\source\repos\Yakult-System-New\Yakult.Inventory.App\Yakult.Inventory.App.csproj]
C:\Users\russel.mercado\source\repos\Yakult-System-New\Yakult.Inventory.App\Pages\Request\BatchAddRequestDialog.xaml.cs(202,39): error CS0103: The name 'CmbDepartment' does not exist in the current context [C:\Users\russel.mercado\source\repos\Yakult-System-New\Yakult.Inventory.App\Yakult.Inventory.App.csproj]
C:\Users\russel.mercado\source\repos\Yakult-System-New\Yakult.Inventory.App\Pages\Request\BatchAddRequestDialog.xaml.cs(203,39): error CS0103: The name 'CmbBranch' does not exist in the current context [C:\Users\russel.mercado\source\repos\Yakult-System-New\Yakult.Inventory.App\Yakult.Inventory.App.csproj]
C:\Users\russel.mercado\source\repos\Yakult-System-New\Yakult.Inventory.App\Pages\Request\BatchAddRequestDialog.xaml.cs(205,17): error CS0103: The name 'PopupEmployee' does not exist in the current context [C:\Users\russel.mercado\source\repos\Yakult-System-New\Yakult.Inventory.App\Yakult.Inventory.App.csproj]
C:\Users\russel.mercado\source\repos\Yakult-System-New\Yakult.Inventory.App\Pages\Request\BatchAddRequestDialog.xaml.cs(205,55): error CS0103: The name 'GridEmployee' does not exist in the current context [C:\Users\russel.mercado\source\repos\Yakult-System-New\Yakult.Inventory.App\Yakult.Inventory.App.csproj]
C:\Users\russel.mercado\source\repos\Yakult-System-New\Yakult.Inventory.App\Pages\Request\BatchAddRequestDialog.xaml.cs(206,17): error CS0103: The name 'PopupEmployee' does not exist in the current context [C:\Users\russel.mercado\source\repos\Yakult-System-New\Yakult.Inventory.App\Yakult.Inventory.App.csproj]
C:\Users\russel.mercado\source\repos\Yakult-System-New\Yakult.Inventory.App\Pages\Request\EditRequestDialog.xaml.cs(164,18): error CS0103: The name 'TxtQuantity' does not exist in the current context [C:\Users\russel.mercado\source\repos\Yakult-System-New\Yakult.Inventory.App\Yakult.Inventory.App.csproj]
C:\Users\russel.mercado\source\repos\Yakult-System-New\Yakult.Inventory.App\Pages\Set\ViewSetDetailPage.xaml.cs(505,17): error CS0103: The name 'CmbReceivedBy' does not exist in the current context [C:\Users\russel.mercado\source\repos\Yakult-System-New\Yakult.Inventory.App\Yakult.Inventory.App.csproj]
C:\Users\russel.mercado\source\repos\Yakult-System-New\Yakult.Inventory.App\Pages\Set\ViewSetDetailPage.xaml.cs(506,17): error CS0103: The name 'CmbReceivedBy' does not exist in the current context [C:\Users\russel.mercado\source\repos\Yakult-System-New\Yakult.Inventory.App\Yakult.Inventory.App.csproj]
C:\Users\russel.mercado\source\repos\Yakult-System-New\Yakult.Inventory.App\Pages\Set\ViewSetDetailPage.xaml.cs(511,40): error CS0103: The name 'CmbReceivedBy' does not exist in the current context [C:\Users\russel.mercado\source\repos\Yakult-System-New\Yakult.Inventory.App\Yakult.Inventory.App.csproj]
C:\Users\russel.mercado\source\repos\Yakult-System-New\Yakult.Inventory.App\Wpf\CartridgeManagement\Views\ViewCartridgeModelsView.xaml.cs(24,13): error CS0103: The name 'InitializeComponent' does not exist in the current context [C:\Users\russel.mercado\source\repos\Yakult-System-New\Yakult.Inventory.App\Yakult.Inventory.App.csproj]
C:\Users\russel.mercado\source\repos\Yakult-System-New\Yakult.Inventory.App\Wpf\RepairPortal\NewTicketIntake\Views\NewRepairTicketDialog.xaml.cs(94,13): error CS0103: The name 'DateReceivedHost' does not exist in the current context [C:\Users\russel.mercado\source\repos\Yakult-System-New\Yakult.Inventory.App\Yakult.Inventory.App.csproj]
C:\Users\russel.mercado\source\repos\Yakult-System-New\Yakult.Inventory.App\Pages\Request\EditRequestDialog.xaml.cs(173,19): error CS0103: The name 'CmbItem' does not exist in the current context [C:\Users\russel.mercado\source\repos\Yakult-System-New\Yakult.Inventory.App\Yakult.Inventory.App.csproj]
C:\Users\russel.mercado\source\repos\Yakult-System-New\Yakult.Inventory.App\Pages\Request\EditRequestDialog.xaml.cs(175,17): error CS0103: The name 'TxtEntryType' does not exist in the current context [C:\Users\russel.mercado\source\repos\Yakult-System-New\Yakult.Inventory.App\Yakult.Inventory.App.csproj]
C:\Users\russel.mercado\source\repos\Yakult-System-New\Yakult.Inventory.App\Pages\Request\EditRequestDialog.xaml.cs(176,17): error CS0103: The name 'TxtEntryType' does not exist in the current context [C:\Users\russel.mercado\source\repos\Yakult-System-New\Yakult.Inventory.App\Yakult.Inventory.App.csproj]
C:\Users\russel.mercado\source\repos\Yakult-System-New\Yakult.Inventory.App\Pages\Request\EditRequestDialog.xaml.cs(180,31): error CS0103: The name 'TxtQuantity' does not exist in the current context [C:\Users\russel.mercado\source\repos\Yakult-System-New\Yakult.Inventory.App\Yakult.Inventory.App.csproj]
C:\Users\russel.mercado\source\repos\Yakult-System-New\Yakult.Inventory.App\Pages\Request\EditRequestDialog.xaml.cs(182,17): error CS0103: The name 'TxtEntryType' does not exist in the current context [C:\Users\russel.mercado\source\repos\Yakult-System-New\Yakult.Inventory.App\Yakult.Inventory.App.csproj]
C:\Users\russel.mercado\source\repos\Yakult-System-New\Yakult.Inventory.App\Pages\Request\EditRequestDialog.xaml.cs(183,17): error CS0103: The name 'TxtEntryType' does not exist in the current context [C:\Users\russel.mercado\source\repos\Yakult-System-New\Yakult.Inventory.App\Yakult.Inventory.App.csproj]
C:\Users\russel.mercado\source\repos\Yakult-System-New\Yakult.Inventory.App\Pages\Request\EditRequestDialog.xaml.cs(202,13): error CS0103: The name 'TxtEntryType' does not exist in the current context [C:\Users\russel.mercado\source\repos\Yakult-System-New\Yakult.Inventory.App\Yakult.Inventory.App.csproj]
C:\Users\russel.mercado\source\repos\Yakult-System-New\Yakult.Inventory.App\Pages\Request\EditRequestDialog.xaml.cs(208,17): error CS0103: The name 'TxtEntryType' does not exist in the current context [C:\Users\russel.mercado\source\repos\Yakult-System-New\Yakult.Inventory.App\Yakult.Inventory.App.csproj]
C:\Users\russel.mercado\source\repos\Yakult-System-New\Yakult.Inventory.App\Pages\Request\EditRequestDialog.xaml.cs(209,17): error CS0103: The name 'TxtEntryType' does not exist in the current context [C:\Users\russel.mercado\source\repos\Yakult-System-New\Yakult.Inventory.App\Yakult.Inventory.App.csproj]
C:\Users\russel.mercado\source\repos\Yakult-System-New\Yakult.Inventory.App\Pages\Request\EditRequestDialog.xaml.cs(214,17): error CS0103: The name 'TxtEntryType' does not exist in the current context [C:\Users\russel.mercado\source\repos\Yakult-System-New\Yakult.Inventory.App\Yakult.Inventory.App.csproj]
C:\Users\russel.mercado\source\repos\Yakult-System-New\Yakult.Inventory.App\Pages\Request\EditRequestDialog.xaml.cs(215,17): error CS0103: The name 'TxtEntryType' does not exist in the current context [C:\Users\russel.mercado\source\repos\Yakult-System-New\Yakult.Inventory.App\Yakult.Inventory.App.csproj]
C:\Users\russel.mercado\source\repos\Yakult-System-New\Yakult.Inventory.App\Pages\Request\EditRequestDialog.xaml.cs(221,17): error CS0103: The name 'CmbEmployee' does not exist in the current context [C:\Users\russel.mercado\source\repos\Yakult-System-New\Yakult.Inventory.App\Yakult.Inventory.App.csproj]
C:\Users\russel.mercado\source\repos\Yakult-System-New\Yakult.Inventory.App\Pages\Request\EditRequestDialog.xaml.cs(227,17): error CS0103: The name 'TxtEmployeeNumber' does not exist in the current context [C:\Users\russel.mercado\source\repos\Yakult-System-New\Yakult.Inventory.App\Yakult.Inventory.App.csproj]
C:\Users\russel.mercado\source\repos\Yakult-System-New\Yakult.Inventory.App\Pages\Request\EditRequestDialog.xaml.cs(228,17): error CS0103: The name 'TxtCompany' does not exist in the current context [C:\Users\russel.mercado\source\repos\Yakult-System-New\Yakult.Inventory.App\Yakult.Inventory.App.csproj]
C:\Users\russel.mercado\source\repos\Yakult-System-New\Yakult.Inventory.App\Pages\Request\EditRequestDialog.xaml.cs(229,17): error CS0103: The name 'TxtDepartment' does not exist in the current context [C:\Users\russel.mercado\source\repos\Yakult-System-New\Yakult.Inventory.App\Yakult.Inventory.App.csproj]
C:\Users\russel.mercado\source\repos\Yakult-System-New\Yakult.Inventory.App\Pages\Request\EditRequestDialog.xaml.cs(230,17): error CS0103: The name 'TxtBranch' does not exist in the current context [C:\Users\russel.mercado\source\repos\Yakult-System-New\Yakult.Inventory.App\Yakult.Inventory.App.csproj]
C:\Users\russel.mercado\source\repos\Yakult-System-New\Yakult.Inventory.App\Pages\Request\EditRequestDialog.xaml.cs(263,33): error CS0103: The name 'TxtEmployeeNumber' does not exist in the current context [C:\Users\russel.mercado\source\repos\Yakult-System-New\Yakult.Inventory.App\Yakult.Inventory.App.csproj]
C:\Users\russel.mercado\source\repos\Yakult-System-New\Yakult.Inventory.App\Pages\Request\EditRequestDialog.xaml.cs(264,33): error CS0103: The name 'TxtCompany' does not exist in the current context [C:\Users\russel.mercado\source\repos\Yakult-System-New\Yakult.Inventory.App\Yakult.Inventory.App.csproj]
C:\Users\russel.mercado\source\repos\Yakult-System-New\Yakult.Inventory.App\Pages\Request\EditRequestDialog.xaml.cs(265,33): error CS0103: The name 'TxtDepartment' does not exist in the current context [C:\Users\russel.mercado\source\repos\Yakult-System-New\Yakult.Inventory.App\Yakult.Inventory.App.csproj]
C:\Users\russel.mercado\source\repos\Yakult-System-New\Yakult.Inventory.App\Pages\Request\EditRequestDialog.xaml.cs(266,33): error CS0103: The name 'TxtBranch' does not exist in the current context [C:\Users\russel.mercado\source\repos\Yakult-System-New\Yakult.Inventory.App\Yakult.Inventory.App.csproj]
C:\Users\russel.mercado\source\repos\Yakult-System-New\Yakult.Inventory.App\Pages\Set\ViewSetDetailPage.xaml.cs(545,21): error CS0103: The name 'CmbCompanyEdit' does not exist in the current context [C:\Users\russel.mercado\source\repos\Yakult-System-New\Yakult.Inventory.App\Yakult.Inventory.App.csproj]
C:\Users\russel.mercado\source\repos\Yakult-System-New\Yakult.Inventory.App\Pages\Set\ViewSetDetailPage.xaml.cs(556,21): error CS0103: The name 'CmbDeptEdit' does not exist in the current context [C:\Users\russel.mercado\source\repos\Yakult-System-New\Yakult.Inventory.App\Yakult.Inventory.App.csproj]
C:\Users\russel.mercado\source\repos\Yakult-System-New\Yakult.Inventory.App\Pages\Set\ViewSetDetailPage.xaml.cs(567,21): error CS0103: The name 'CmbBranchEdit' does not exist in the current context [C:\Users\russel.mercado\source\repos\Yakult-System-New\Yakult.Inventory.App\Yakult.Inventory.App.csproj]
C:\Users\russel.mercado\source\repos\Yakult-System-New\Yakult.Inventory.App\Pages\Set\ViewSetDetailPage.xaml.cs(570,32): error CS0103: The name 'CmbCompanyEdit' does not exist in the current context [C:\Users\russel.mercado\source\repos\Yakult-System-New\Yakult.Inventory.App\Yakult.Inventory.App.csproj]
C:\Users\russel.mercado\source\repos\Yakult-System-New\Yakult.Inventory.App\Pages\Set\ViewSetDetailPage.xaml.cs(570,48): error CS0103: The name 'TxtCompany' does not exist in the current context [C:\Users\russel.mercado\source\repos\Yakult-System-New\Yakult.Inventory.App\Yakult.Inventory.App.csproj]
C:\Users\russel.mercado\source\repos\Yakult-System-New\Yakult.Inventory.App\Pages\Set\ViewSetDetailPage.xaml.cs(571,32): error CS0103: The name 'CmbDeptEdit' does not exist in the current context [C:\Users\russel.mercado\source\repos\Yakult-System-New\Yakult.Inventory.App\Yakult.Inventory.App.csproj]
C:\Users\russel.mercado\source\repos\Yakult-System-New\Yakult.Inventory.App\Pages\Set\ViewSetDetailPage.xaml.cs(571,48): error CS0103: The name 'TxtDepartment' does not exist in the current context [C:\Users\russel.mercado\source\repos\Yakult-System-New\Yakult.Inventory.App\Yakult.Inventory.App.csproj]
C:\Users\russel.mercado\source\repos\Yakult-System-New\Yakult.Inventory.App\Pages\Set\ViewSetDetailPage.xaml.cs(572,32): error CS0103: The name 'CmbBranchEdit' does not exist in the current context [C:\Users\russel.mercado\source\repos\Yakult-System-New\Yakult.Inventory.App\Yakult.Inventory.App.csproj]
C:\Users\russel.mercado\source\repos\Yakult-System-New\Yakult.Inventory.App\Pages\Set\ViewSetDetailPage.xaml.cs(572,48): error CS0103: The name 'TxtBranch' does not exist in the current context [C:\Users\russel.mercado\source\repos\Yakult-System-New\Yakult.Inventory.App\Yakult.Inventory.App.csproj]
C:\Users\russel.mercado\source\repos\Yakult-System-New\Yakult.Inventory.App\Wpf\CartridgeManagement\Views\AuthorizationMonitorView.xaml.cs(15,13): error CS0103: The name 'InitializeComponent' does not exist in the current context [C:\Users\russel.mercado\source\repos\Yakult-System-New\Yakult.Inventory.App\Yakult.Inventory.App.csproj]
C:\Users\russel.mercado\source\repos\Yakult-System-New\Yakult.Inventory.App\Wpf\CartridgeManagement\Views\EditCartridgeModelWindow.xaml.cs(17,13): error CS0103: The name 'InitializeComponent' does not exist in the current context [C:\Users\russel.mercado\source\repos\Yakult-System-New\Yakult.Inventory.App\Yakult.Inventory.App.csproj]
C:\Users\russel.mercado\source\repos\Yakult-System-New\Yakult.Inventory.App\Wpf\CartridgeManagement\Views\EditCartridgeModelWindow.xaml.cs(37,17): error CS0103: The name 'TxtModelNumber' does not exist in the current context [C:\Users\russel.mercado\source\repos\Yakult-System-New\Yakult.Inventory.App\Yakult.Inventory.App.csproj]
C:\Users\russel.mercado\source\repos\Yakult-System-New\Yakult.Inventory.App\Wpf\CartridgeManagement\Views\EditCartridgeModelWindow.xaml.cs(38,17): error CS0103: The name 'CboCategory' does not exist in the current context [C:\Users\russel.mercado\source\repos\Yakult-System-New\Yakult.Inventory.App\Yakult.Inventory.App.csproj]
C:\Users\russel.mercado\source\repos\Yakult-System-New\Yakult.Inventory.App\Wpf\CartridgeManagement\Views\EditCartridgeModelWindow.xaml.cs(39,17): error CS0103: The name 'ChkRequestable' does not exist in the current context [C:\Users\russel.mercado\source\repos\Yakult-System-New\Yakult.Inventory.App\Yakult.Inventory.App.csproj]
C:\Users\russel.mercado\source\repos\Yakult-System-New\Yakult.Inventory.App\Wpf\CartridgeManagement\Views\EditCartridgeModelWindow.xaml.cs(40,17): error CS0103: The name 'ChkRefillable' does not exist in the current context [C:\Users\russel.mercado\source\repos\Yakult-System-New\Yakult.Inventory.App\Yakult.Inventory.App.csproj]
C:\Users\russel.mercado\source\repos\Yakult-System-New\Yakult.Inventory.App\Wpf\CartridgeManagement\Views\EditCartridgeModelWindow.xaml.cs(41,17): error CS0103: The name 'ChkActive' does not exist in the current context [C:\Users\russel.mercado\source\repos\Yakult-System-New\Yakult.Inventory.App\Yakult.Inventory.App.csproj]
C:\Users\russel.mercado\source\repos\Yakult-System-New\Yakult.Inventory.App\Wpf\CartridgeManagement\Views\EditCartridgeModelWindow.xaml.cs(43,17): error CS0103: The name 'LoadingText' does not exist in the current context [C:\Users\russel.mercado\source\repos\Yakult-System-New\Yakult.Inventory.App\Yakult.Inventory.App.csproj]
C:\Users\russel.mercado\source\repos\Yakult-System-New\Yakult.Inventory.App\Wpf\CartridgeManagement\Views\EditCartridgeModelWindow.xaml.cs(44,17): error CS0103: The name 'FormPanel' does not exist in the current context [C:\Users\russel.mercado\source\repos\Yakult-System-New\Yakult.Inventory.App\Yakult.Inventory.App.csproj]
C:\Users\russel.mercado\source\repos\Yakult-System-New\Yakult.Inventory.App\Wpf\CartridgeManagement\Views\EditCartridgeModelWindow.xaml.cs(45,17): error CS0103: The name 'TxtModelNumber' does not exist in the current context [C:\Users\russel.mercado\source\repos\Yakult-System-New\Yakult.Inventory.App\Yakult.Inventory.App.csproj]
C:\Users\russel.mercado\source\repos\Yakult-System-New\Yakult.Inventory.App\Wpf\CartridgeManagement\Views\EditCartridgeModelWindow.xaml.cs(57,17): error CS0103: The name 'TxtCategoryWarning' does not exist in the current context [C:\Users\russel.mercado\source\repos\Yakult-System-New\Yakult.Inventory.App\Yakult.Inventory.App.csproj]
C:\Users\russel.mercado\source\repos\Yakult-System-New\Yakult.Inventory.App\Wpf\CartridgeManagement\Views\EditCartridgeModelWindow.xaml.cs(58,33): error CS0103: The name 'CboCategory' does not exist in the current context [C:\Users\russel.mercado\source\repos\Yakult-System-New\Yakult.Inventory.App\Yakult.Inventory.App.csproj]
C:\Users\russel.mercado\source\repos\Yakult-System-New\Yakult.Inventory.App\Wpf\CartridgeManagement\Views\EditCartridgeModelWindow.xaml.cs(59,13): error CS0103: The name 'TxtCategoryWarning' does not exist in the current context [C:\Users\russel.mercado\source\repos\Yakult-System-New\Yakult.Inventory.App\Yakult.Inventory.App.csproj]
C:\Users\russel.mercado\source\repos\Yakult-System-New\Yakult.Inventory.App\Wpf\CartridgeManagement\Views\EditCartridgeModelWindow.xaml.cs(60,13): error CS0103: The name 'ChkRefillable' does not exist in the current context [C:\Users\russel.mercado\source\repos\Yakult-System-New\Yakult.Inventory.App\Yakult.Inventory.App.csproj]
C:\Users\russel.mercado\source\repos\Yakult-System-New\Yakult.Inventory.App\Pages\Set\ViewSetDetailPage.xaml.cs(600,13): error CS0103: The name 'CmbEmployee' does not exist in the current context [C:\Users\russel.mercado\source\repos\Yakult-System-New\Yakult.Inventory.App\Yakult.Inventory.App.csproj]
C:\Users\russel.mercado\source\repos\Yakult-System-New\Yakult.Inventory.App\Pages\Set\ViewSetDetailPage.xaml.cs(601,13): error CS0103: The name 'LblDeptLevelTag' does not exist in the current context [C:\Users\russel.mercado\source\repos\Yakult-System-New\Yakult.Inventory.App\Yakult.Inventory.App.csproj]
C:\Users\russel.mercado\source\repos\Yakult-System-New\Yakult.Inventory.App\Pages\Set\ViewSetDetailPage.xaml.cs(602,13): error CS0103: The name 'BtnSwitchMode' does not exist in the current context [C:\Users\russel.mercado\source\repos\Yakult-System-New\Yakult.Inventory.App\Yakult.Inventory.App.csproj]
C:\Users\russel.mercado\source\repos\Yakult-System-New\Yakult.Inventory.App\Pages\Set\ViewSetDetailPage.xaml.cs(604,13): error CS0103: The name 'CmbCompanyEdit' does not exist in the current context [C:\Users\russel.mercado\source\repos\Yakult-System-New\Yakult.Inventory.App\Yakult.Inventory.App.csproj]
C:\Users\russel.mercado\source\repos\Yakult-System-New\Yakult.Inventory.App\Pages\Set\ViewSetDetailPage.xaml.cs(605,13): error CS0103: The name 'TxtCompany' does not exist in the current context [C:\Users\russel.mercado\source\repos\Yakult-System-New\Yakult.Inventory.App\Yakult.Inventory.App.csproj]
C:\Users\russel.mercado\source\repos\Yakult-System-New\Yakult.Inventory.App\Pages\Set\ViewSetDetailPage.xaml.cs(606,13): error CS0103: The name 'CmbDeptEdit' does not exist in the current context [C:\Users\russel.mercado\source\repos\Yakult-System-New\Yakult.Inventory.App\Yakult.Inventory.App.csproj]
C:\Users\russel.mercado\source\repos\Yakult-System-New\Yakult.Inventory.App\Pages\Set\ViewSetDetailPage.xaml.cs(607,13): error CS0103: The name 'TxtDepartment' does not exist in the current context [C:\Users\russel.mercado\source\repos\Yakult-System-New\Yakult.Inventory.App\Yakult.Inventory.App.csproj]
C:\Users\russel.mercado\source\repos\Yakult-System-New\Yakult.Inventory.App\Pages\Set\ViewSetDetailPage.xaml.cs(608,13): error CS0103: The name 'CmbBranchEdit' does not exist in the current context [C:\Users\russel.mercado\source\repos\Yakult-System-New\Yakult.Inventory.App\Yakult.Inventory.App.csproj]
C:\Users\russel.mercado\source\repos\Yakult-System-New\Yakult.Inventory.App\Pages\Set\ViewSetDetailPage.xaml.cs(609,13): error CS0103: The name 'TxtBranch' does not exist in the current context [C:\Users\russel.mercado\source\repos\Yakult-System-New\Yakult.Inventory.App\Yakult.Inventory.App.csproj]
C:\Users\russel.mercado\source\repos\Yakult-System-New\Yakult.Inventory.App\Pages\Set\ViewSetDetailPage.xaml.cs(611,13): error CS0103: The name 'TxtEmployeeNumber' does not exist in the current context [C:\Users\russel.mercado\source\repos\Yakult-System-New\Yakult.Inventory.App\Yakult.Inventory.App.csproj]
C:\Users\russel.mercado\source\repos\Yakult-System-New\Yakult.Inventory.App\Pages\Set\ViewSetDetailPage.xaml.cs(617,13): error CS0103: The name 'CmbEmployee' does not exist in the current context [C:\Users\russel.mercado\source\repos\Yakult-System-New\Yakult.Inventory.App\Yakult.Inventory.App.csproj]
C:\Users\russel.mercado\source\repos\Yakult-System-New\Yakult.Inventory.App\Pages\Set\ViewSetDetailPage.xaml.cs(618,13): error CS0103: The name 'LblDeptLevelTag' does not exist in the current context [C:\Users\russel.mercado\source\repos\Yakult-System-New\Yakult.Inventory.App\Yakult.Inventory.App.csproj]
C:\Users\russel.mercado\source\repos\Yakult-System-New\Yakult.Inventory.App\Pages\Set\ViewSetDetailPage.xaml.cs(619,13): error CS0103: The name 'BtnSwitchMode' does not exist in the current context [C:\Users\russel.mercado\source\repos\Yakult-System-New\Yakult.Inventory.App\Yakult.Inventory.App.csproj]
C:\Users\russel.mercado\source\repos\Yakult-System-New\Yakult.Inventory.App\Pages\Set\ViewSetDetailPage.xaml.cs(621,13): error CS0103: The name 'CmbCompanyEdit' does not exist in the current context [C:\Users\russel.mercado\source\repos\Yakult-System-New\Yakult.Inventory.App\Yakult.Inventory.App.csproj]
C:\Users\russel.mercado\source\repos\Yakult-System-New\Yakult.Inventory.App\Pages\Set\ViewSetDetailPage.xaml.cs(622,13): error CS0103: The name 'TxtCompany' does not exist in the current context [C:\Users\russel.mercado\source\repos\Yakult-System-New\Yakult.Inventory.App\Yakult.Inventory.App.csproj]
C:\Users\russel.mercado\source\repos\Yakult-System-New\Yakult.Inventory.App\Pages\Set\ViewSetDetailPage.xaml.cs(623,13): error CS0103: The name 'CmbDeptEdit' does not exist in the current context [C:\Users\russel.mercado\source\repos\Yakult-System-New\Yakult.Inventory.App\Yakult.Inventory.App.csproj]
C:\Users\russel.mercado\source\repos\Yakult-System-New\Yakult.Inventory.App\Pages\Set\ViewSetDetailPage.xaml.cs(624,13): error CS0103: The name 'TxtDepartment' does not exist in the current context [C:\Users\russel.mercado\source\repos\Yakult-System-New\Yakult.Inventory.App\Yakult.Inventory.App.csproj]
C:\Users\russel.mercado\source\repos\Yakult-System-New\Yakult.Inventory.App\Pages\Set\ViewSetDetailPage.xaml.cs(625,13): error CS0103: The name 'CmbBranchEdit' does not exist in the current context [C:\Users\russel.mercado\source\repos\Yakult-System-New\Yakult.Inventory.App\Yakult.Inventory.App.csproj]
C:\Users\russel.mercado\source\repos\Yakult-System-New\Yakult.Inventory.App\Pages\Set\ViewSetDetailPage.xaml.cs(626,13): error CS0103: The name 'TxtBranch' does not exist in the current context [C:\Users\russel.mercado\source\repos\Yakult-System-New\Yakult.Inventory.App\Yakult.Inventory.App.csproj]
C:\Users\russel.mercado\source\repos\Yakult-System-New\Yakult.Inventory.App\Wpf\CartridgeManagement\Views\EditCartridgeModelWindow.xaml.cs(65,43): error CS0103: The name 'TxtModelNumber' does not exist in the current context [C:\Users\russel.mercado\source\repos\Yakult-System-New\Yakult.Inventory.App\Yakult.Inventory.App.csproj]
C:\Users\russel.mercado\source\repos\Yakult-System-New\Yakult.Inventory.App\Wpf\CartridgeManagement\Views\EditCartridgeModelWindow.xaml.cs(69,17): error CS0103: The name 'TxtModelNumber' does not exist in the current context [C:\Users\russel.mercado\source\repos\Yakult-System-New\Yakult.Inventory.App\Yakult.Inventory.App.csproj]
C:\Users\russel.mercado\source\repos\Yakult-System-New\Yakult.Inventory.App\Wpf\CartridgeManagement\Views\EditCartridgeModelWindow.xaml.cs(73,34): error CS0103: The name 'TxtModelNumber' does not exist in the current context [C:\Users\russel.mercado\source\repos\Yakult-System-New\Yakult.Inventory.App\Yakult.Inventory.App.csproj]
C:\Users\russel.mercado\source\repos\Yakult-System-New\Yakult.Inventory.App\Wpf\CartridgeManagement\Views\EditCartridgeModelWindow.xaml.cs(74,40): error CS0103: The name 'CboCategory' does not exist in the current context [C:\Users\russel.mercado\source\repos\Yakult-System-New\Yakult.Inventory.App\Yakult.Inventory.App.csproj]
C:\Users\russel.mercado\source\repos\Yakult-System-New\Yakult.Inventory.App\Wpf\CartridgeManagement\Views\EditCartridgeModelWindow.xaml.cs(75,34): error CS0103: The name 'ChkRequestable' does not exist in the current context [C:\Users\russel.mercado\source\repos\Yakult-System-New\Yakult.Inventory.App\Yakult.Inventory.App.csproj]
C:\Users\russel.mercado\source\repos\Yakult-System-New\Yakult.Inventory.App\Wpf\CartridgeManagement\Views\EditCartridgeModelWindow.xaml.cs(76,29): error CS0103: The name 'ChkActive' does not exist in the current context [C:\Users\russel.mercado\source\repos\Yakult-System-New\Yakult.Inventory.App\Yakult.Inventory.App.csproj]
C:\Users\russel.mercado\source\repos\Yakult-System-New\Yakult.Inventory.App\Wpf\CartridgeManagement\Views\EditCartridgeModelWindow.xaml.cs(80,17): error CS0103: The name 'BtnSave' does not exist in the current context [C:\Users\russel.mercado\source\repos\Yakult-System-New\Yakult.Inventory.App\Yakult.Inventory.App.csproj]
C:\Users\russel.mercado\source\repos\Yakult-System-New\Yakult.Inventory.App\Wpf\CartridgeManagement\Views\EditCartridgeModelWindow.xaml.cs(81,17): error CS0103: The name 'BtnSave' does not exist in the current context [C:\Users\russel.mercado\source\repos\Yakult-System-New\Yakult.Inventory.App\Yakult.Inventory.App.csproj]
C:\Users\russel.mercado\source\repos\Yakult-System-New\Yakult.Inventory.App\Wpf\CartridgeManagement\Views\EditCartridgeModelWindow.xaml.cs(91,25): error CS0103: The name 'BtnSave' does not exist in the current context [C:\Users\russel.mercado\source\repos\Yakult-System-New\Yakult.Inventory.App\Yakult.Inventory.App.csproj]
C:\Users\russel.mercado\source\repos\Yakult-System-New\Yakult.Inventory.App\Wpf\CartridgeManagement\Views\EditCartridgeModelWindow.xaml.cs(92,25): error CS0103: The name 'BtnSave' does not exist in the current context [C:\Users\russel.mercado\source\repos\Yakult-System-New\Yakult.Inventory.App\Yakult.Inventory.App.csproj]
C:\Users\russel.mercado\source\repos\Yakult-System-New\Yakult.Inventory.App\Wpf\CartridgeManagement\Views\EditCartridgeModelWindow.xaml.cs(93,25): error CS0103: The name 'TxtModelNumber' does not exist in the current context [C:\Users\russel.mercado\source\repos\Yakult-System-New\Yakult.Inventory.App\Yakult.Inventory.App.csproj]
C:\Users\russel.mercado\source\repos\Yakult-System-New\Yakult.Inventory.App\Wpf\CartridgeManagement\Views\EditCartridgeModelWindow.xaml.cs(104,25): error CS0103: The name 'BtnSave' does not exist in the current context [C:\Users\russel.mercado\source\repos\Yakult-System-New\Yakult.Inventory.App\Yakult.Inventory.App.csproj]
C:\Users\russel.mercado\source\repos\Yakult-System-New\Yakult.Inventory.App\Wpf\CartridgeManagement\Views\EditCartridgeModelWindow.xaml.cs(105,25): error CS0103: The name 'BtnSave' does not exist in the current context [C:\Users\russel.mercado\source\repos\Yakult-System-New\Yakult.Inventory.App\Yakult.Inventory.App.csproj]
C:\Users\russel.mercado\source\repos\Yakult-System-New\Yakult.Inventory.App\Wpf\CartridgeManagement\Views\EditCartridgeModelWindow.xaml.cs(125,21): error CS0103: The name 'BtnSave' does not exist in the current context [C:\Users\russel.mercado\source\repos\Yakult-System-New\Yakult.Inventory.App\Yakult.Inventory.App.csproj]
C:\Users\russel.mercado\source\repos\Yakult-System-New\Yakult.Inventory.App\Wpf\CartridgeManagement\Views\EditCartridgeModelWindow.xaml.cs(126,21): error CS0103: The name 'BtnSave' does not exist in the current context [C:\Users\russel.mercado\source\repos\Yakult-System-New\Yakult.Inventory.App\Yakult.Inventory.App.csproj]
C:\Users\russel.mercado\source\repos\Yakult-System-New\Yakult.Inventory.App\Wpf\CartridgeManagement\Views\EditCartridgeModelWindow.xaml.cs(127,21): error CS0103: The name 'TxtModelNumber' does not exist in the current context [C:\Users\russel.mercado\source\repos\Yakult-System-New\Yakult.Inventory.App\Yakult.Inventory.App.csproj]
C:\Users\russel.mercado\source\repos\Yakult-System-New\Yakult.Inventory.App\Wpf\CartridgeManagement\Views\EditCartridgeModelWindow.xaml.cs(133,40): error CS0103: The name 'ChkRefillable' does not exist in the current context [C:\Users\russel.mercado\source\repos\Yakult-System-New\Yakult.Inventory.App\Yakult.Inventory.App.csproj]
C:\Users\russel.mercado\source\repos\Yakult-System-New\Yakult.Inventory.App\Wpf\CartridgeManagement\Views\EditCartridgeModelWindow.xaml.cs(144,17): error CS0103: The name 'BtnSave' does not exist in the current context [C:\Users\russel.mercado\source\repos\Yakult-System-New\Yakult.Inventory.App\Yakult.Inventory.App.csproj]
C:\Users\russel.mercado\source\repos\Yakult-System-New\Yakult.Inventory.App\Wpf\CartridgeManagement\Views\EditCartridgeModelWindow.xaml.cs(145,17): error CS0103: The name 'BtnSave' does not exist in the current context [C:\Users\russel.mercado\source\repos\Yakult-System-New\Yakult.Inventory.App\Yakult.Inventory.App.csproj]
C:\Users\russel.mercado\source\repos\Yakult-System-New\Yakult.Inventory.App\Pages\Set\ViewSetDetailPage.xaml.cs(653,35): error CS0103: The name 'CmbCompanyEdit' does not exist in the current context [C:\Users\russel.mercado\source\repos\Yakult-System-New\Yakult.Inventory.App\Yakult.Inventory.App.csproj]
C:\Users\russel.mercado\source\repos\Yakult-System-New\Yakult.Inventory.App\Pages\Set\ViewSetDetailPage.xaml.cs(661,38): error CS0103: The name 'CmbDeptEdit' does not exist in the current context [C:\Users\russel.mercado\source\repos\Yakult-System-New\Yakult.Inventory.App\Yakult.Inventory.App.csproj]
C:\Users\russel.mercado\source\repos\Yakult-System-New\Yakult.Inventory.App\Pages\Set\ViewSetDetailPage.xaml.cs(662,38): error CS0103: The name 'CmbBranchEdit' does not exist in the current context [C:\Users\russel.mercado\source\repos\Yakult-System-New\Yakult.Inventory.App\Yakult.Inventory.App.csproj]
C:\Users\russel.mercado\source\repos\Yakult-System-New\Yakult.Inventory.App\Pages\Set\ViewSetDetailPage.xaml.cs(678,21): error CS0103: The name 'BtnSaveTransfer' does not exist in the current context [C:\Users\russel.mercado\source\repos\Yakult-System-New\Yakult.Inventory.App\Yakult.Inventory.App.csproj]
C:\Users\russel.mercado\source\repos\Yakult-System-New\Yakult.Inventory.App\Pages\Set\ViewSetDetailPage.xaml.cs(679,21): error CS0103: The name 'BtnSaveTransfer' does not exist in the current context [C:\Users\russel.mercado\source\repos\Yakult-System-New\Yakult.Inventory.App\Yakult.Inventory.App.csproj]
C:\Users\russel.mercado\source\repos\Yakult-System-New\Yakult.Inventory.App\Pages\Set\ViewSetDetailPage.xaml.cs(693,44): error CS0103: The name 'CmbEmployee' does not exist in the current context [C:\Users\russel.mercado\source\repos\Yakult-System-New\Yakult.Inventory.App\Yakult.Inventory.App.csproj]
C:\Users\russel.mercado\source\repos\Yakult-System-New\Yakult.Inventory.App\Pages\Set\ViewSetDetailPage.xaml.cs(717,21): error CS0103: The name 'BtnSaveTransfer' does not exist in the current context [C:\Users\russel.mercado\source\repos\Yakult-System-New\Yakult.Inventory.App\Yakult.Inventory.App.csproj]
C:\Users\russel.mercado\source\repos\Yakult-System-New\Yakult.Inventory.App\Pages\Set\ViewSetDetailPage.xaml.cs(718,21): error CS0103: The name 'BtnSaveTransfer' does not exist in the current context [C:\Users\russel.mercado\source\repos\Yakult-System-New\Yakult.Inventory.App\Yakult.Inventory.App.csproj]
C:\Users\russel.mercado\source\repos\Yakult-System-New\Yakult.Inventory.App\Pages\Set\ViewSetDetailPage.xaml.cs(739,17): error CS0103: The name 'BtnSaveTransfer' does not exist in the current context [C:\Users\russel.mercado\source\repos\Yakult-System-New\Yakult.Inventory.App\Yakult.Inventory.App.csproj]
C:\Users\russel.mercado\source\repos\Yakult-System-New\Yakult.Inventory.App\Pages\Set\ViewSetDetailPage.xaml.cs(740,17): error CS0103: The name 'BtnSaveTransfer' does not exist in the current context [C:\Users\russel.mercado\source\repos\Yakult-System-New\Yakult.Inventory.App\Yakult.Inventory.App.csproj]
C:\Users\russel.mercado\source\repos\Yakult-System-New\Yakult.Inventory.App\Pages\Set\ViewSetDetailPage.xaml.cs(746,26): error CS0103: The name 'CmbReceivedBy' does not exist in the current context [C:\Users\russel.mercado\source\repos\Yakult-System-New\Yakult.Inventory.App\Yakult.Inventory.App.csproj]
C:\Users\russel.mercado\source\repos\Yakult-System-New\Yakult.Inventory.App\Pages\Set\ViewSetDetailPage.xaml.cs(776,17): error CS0103: The name 'BtnSaveHardwareInfo' does not exist in the current context [C:\Users\russel.mercado\source\repos\Yakult-System-New\Yakult.Inventory.App\Yakult.Inventory.App.csproj]
C:\Users\russel.mercado\source\repos\Yakult-System-New\Yakult.Inventory.App\Pages\Set\ViewSetDetailPage.xaml.cs(779,62): error CS0103: The name 'TxtComputerName' does not exist in the current context [C:\Users\russel.mercado\source\repos\Yakult-System-New\Yakult.Inventory.App\Yakult.Inventory.App.csproj]
C:\Users\russel.mercado\source\repos\Yakult-System-New\Yakult.Inventory.App\Pages\Set\ViewSetDetailPage.xaml.cs(780,62): error CS0103: The name 'TxtIPAddress' does not exist in the current context [C:\Users\russel.mercado\source\repos\Yakult-System-New\Yakult.Inventory.App\Yakult.Inventory.App.csproj]
C:\Users\russel.mercado\source\repos\Yakult-System-New\Yakult.Inventory.App\Pages\Set\ViewSetDetailPage.xaml.cs(796,17): error CS0103: The name 'BtnSaveHardwareInfo' does not exist in the current context [C:\Users\russel.mercado\source\repos\Yakult-System-New\Yakult.Inventory.App\Yakult.Inventory.App.csproj]
C:\Users\russel.mercado\source\repos\Yakult-System-New\Yakult.Inventory.App\Pages\Set\ViewSetDetailPage.xaml.cs(806,18): error CS0103: The name 'DtpCreatedAt' does not exist in the current context [C:\Users\russel.mercado\source\repos\Yakult-System-New\Yakult.Inventory.App\Yakult.Inventory.App.csproj]
C:\Users\russel.mercado\source\repos\Yakult-System-New\Yakult.Inventory.App\Pages\Set\ViewSetDetailPage.xaml.cs(815,17): error CS0103: The name 'BtnSaveCreatedAt' does not exist in the current context [C:\Users\russel.mercado\source\repos\Yakult-System-New\Yakult.Inventory.App\Yakult.Inventory.App.csproj]
C:\Users\russel.mercado\source\repos\Yakult-System-New\Yakult.Inventory.App\Pages\Set\ViewSetDetailPage.xaml.cs(818,67): error CS0103: The name 'DtpCreatedAt' does not exist in the current context [C:\Users\russel.mercado\source\repos\Yakult-System-New\Yakult.Inventory.App\Yakult.Inventory.App.csproj]
C:\Users\russel.mercado\source\repos\Yakult-System-New\Yakult.Inventory.App\Pages\Set\ViewSetDetailPage.xaml.cs(831,17): error CS0103: The name 'BtnSaveCreatedAt' does not exist in the current context [C:\Users\russel.mercado\source\repos\Yakult-System-New\Yakult.Inventory.App\Yakult.Inventory.App.csproj]
C:\Users\russel.mercado\source\repos\Yakult-System-New\Yakult.Inventory.App\Pages\Request\EditRequestDialog.xaml.cs(286,13): error CS0103: The name 'TxtQuantity' does not exist in the current context [C:\Users\russel.mercado\source\repos\Yakult-System-New\Yakult.Inventory.App\Yakult.Inventory.App.csproj]
C:\Users\russel.mercado\source\repos\Yakult-System-New\Yakult.Inventory.App\Pages\Request\EditRequestDialog.xaml.cs(287,13): error CS0103: The name 'TxtUnitPrice' does not exist in the current context [C:\Users\russel.mercado\source\repos\Yakult-System-New\Yakult.Inventory.App\Yakult.Inventory.App.csproj]
C:\Users\russel.mercado\source\repos\Yakult-System-New\Yakult.Inventory.App\Pages\Request\EditRequestDialog.xaml.cs(288,13): error CS0103: The name 'DtDateRequested' does not exist in the current context [C:\Users\russel.mercado\source\repos\Yakult-System-New\Yakult.Inventory.App\Yakult.Inventory.App.csproj]
C:\Users\russel.mercado\source\repos\Yakult-System-New\Yakult.Inventory.App\Pages\Request\EditRequestDialog.xaml.cs(289,13): error CS0103: The name 'TxtDescription' does not exist in the current context [C:\Users\russel.mercado\source\repos\Yakult-System-New\Yakult.Inventory.App\Yakult.Inventory.App.csproj]
C:\Users\russel.mercado\source\repos\Yakult-System-New\Yakult.Inventory.App\Pages\Request\EditRequestDialog.xaml.cs(290,13): error CS0103: The name 'TxtRemarks' does not exist in the current context [C:\Users\russel.mercado\source\repos\Yakult-System-New\Yakult.Inventory.App\Yakult.Inventory.App.csproj]
C:\Users\russel.mercado\source\repos\Yakult-System-New\Yakult.Inventory.App\Pages\Request\EditRequestDialog.xaml.cs(291,13): error CS0103: The name 'TxtEntryType' does not exist in the current context [C:\Users\russel.mercado\source\repos\Yakult-System-New\Yakult.Inventory.App\Yakult.Inventory.App.csproj]
C:\Users\russel.mercado\source\repos\Yakult-System-New\Yakult.Inventory.App\Pages\Request\EditRequestDialog.xaml.cs(294,13): error CS0103: The name 'TxtEntryType' does not exist in the current context [C:\Users\russel.mercado\source\repos\Yakult-System-New\Yakult.Inventory.App\Yakult.Inventory.App.csproj]
C:\Users\russel.mercado\source\repos\Yakult-System-New\Yakult.Inventory.App\Pages\Request\EditRequestDialog.xaml.cs(295,13): error CS0103: The name 'TxtEntryType' does not exist in the current context [C:\Users\russel.mercado\source\repos\Yakult-System-New\Yakult.Inventory.App\Yakult.Inventory.App.csproj]
C:\Users\russel.mercado\source\repos\Yakult-System-New\Yakult.Inventory.App\Pages\Request\EditRequestDialog.xaml.cs(299,37): error CS0103: The name 'CmbStatus' does not exist in the current context [C:\Users\russel.mercado\source\repos\Yakult-System-New\Yakult.Inventory.App\Yakult.Inventory.App.csproj]
C:\Users\russel.mercado\source\repos\Yakult-System-New\Yakult.Inventory.App\Pages\Request\EditRequestDialog.xaml.cs(301,39): error CS0103: The name 'CmbStatus' does not exist in the current context [C:\Users\russel.mercado\source\repos\Yakult-System-New\Yakult.Inventory.App\Yakult.Inventory.App.csproj]
C:\Users\russel.mercado\source\repos\Yakult-System-New\Yakult.Inventory.App\Pages\Request\EditRequestDialog.xaml.cs(303,25): error CS0103: The name 'CmbStatus' does not exist in the current context [C:\Users\russel.mercado\source\repos\Yakult-System-New\Yakult.Inventory.App\Yakult.Inventory.App.csproj]
C:\Users\russel.mercado\source\repos\Yakult-System-New\Yakult.Inventory.App\Pages\Request\EditRequestDialog.xaml.cs(309,33): error CS0103: The name 'CmbEmployee' does not exist in the current context [C:\Users\russel.mercado\source\repos\Yakult-System-New\Yakult.Inventory.App\Yakult.Inventory.App.csproj]
C:\Users\russel.mercado\source\repos\Yakult-System-New\Yakult.Inventory.App\Pages\Request\EditRequestDialog.xaml.cs(311,21): error CS0103: The name 'CmbEmployee' does not exist in the current context [C:\Users\russel.mercado\source\repos\Yakult-System-New\Yakult.Inventory.App\Yakult.Inventory.App.csproj]
C:\Users\russel.mercado\source\repos\Yakult-System-New\Yakult.Inventory.App\Pages\Request\EditRequestDialog.xaml.cs(313,21): error CS0103: The name 'CmbEmployee' does not exist in the current context [C:\Users\russel.mercado\source\repos\Yakult-System-New\Yakult.Inventory.App\Yakult.Inventory.App.csproj]
C:\Users\russel.mercado\source\repos\Yakult-System-New\Yakult.Inventory.App\Pages\Request\EditRequestDialog.xaml.cs(326,25): error CS0103: The name 'CmbItemCategory' does not exist in the current context [C:\Users\russel.mercado\source\repos\Yakult-System-New\Yakult.Inventory.App\Yakult.Inventory.App.csproj]
C:\Users\russel.mercado\source\repos\Yakult-System-New\Yakult.Inventory.App\Pages\Request\EditRequestDialog.xaml.cs(333,33): error CS0103: The name 'CmbItem' does not exist in the current context [C:\Users\russel.mercado\source\repos\Yakult-System-New\Yakult.Inventory.App\Yakult.Inventory.App.csproj]
C:\Users\russel.mercado\source\repos\Yakult-System-New\Yakult.Inventory.App\Pages\Request\EditRequestDialog.xaml.cs(335,21): error CS0103: The name 'CmbItem' does not exist in the current context [C:\Users\russel.mercado\source\repos\Yakult-System-New\Yakult.Inventory.App\Yakult.Inventory.App.csproj]
C:\Users\russel.mercado\source\repos\Yakult-System-New\Yakult.Inventory.App\Pages\Request\EditRequestDialog.xaml.cs(337,21): error CS0103: The name 'CmbItem' does not exist in the current context [C:\Users\russel.mercado\source\repos\Yakult-System-New\Yakult.Inventory.App\Yakult.Inventory.App.csproj]
C:\Users\russel.mercado\source\repos\Yakult-System-New\Yakult.Inventory.App\Pages\Set\ViewSetDetailPage.xaml.cs(840,17): error CS0103: The name 'BtnSaveRemarks' does not exist in the current context [C:\Users\russel.mercado\source\repos\Yakult-System-New\Yakult.Inventory.App\Yakult.Inventory.App.csproj]
C:\Users\russel.mercado\source\repos\Yakult-System-New\Yakult.Inventory.App\Pages\Set\ViewSetDetailPage.xaml.cs(843,65): error CS0103: The name 'TxtRemarks' does not exist in the current context [C:\Users\russel.mercado\source\repos\Yakult-System-New\Yakult.Inventory.App\Yakult.Inventory.App.csproj]
C:\Users\russel.mercado\source\repos\Yakult-System-New\Yakult.Inventory.App\Pages\Set\ViewSetDetailPage.xaml.cs(856,17): error CS0103: The name 'BtnSaveRemarks' does not exist in the current context [C:\Users\russel.mercado\source\repos\Yakult-System-New\Yakult.Inventory.App\Yakult.Inventory.App.csproj]
C:\Users\russel.mercado\source\repos\Yakult-System-New\Yakult.Inventory.App\Wpf\RequestPortal\NotificationBellControl.xaml.cs(28,18): error CS1061: 'NotificationBellControl' does not contain a definition for 'BadgeBorder' and no accessible extension method 'BadgeBorder' accepting a first argument of type 'NotificationBellControl' could be found (are you missing a using directive or an assembly reference?) [C:\Users\russel.mercado\source\repos\Yakult-System-New\Yakult.Inventory.App\Yakult.Inventory.App.csproj]
C:\Users\russel.mercado\source\repos\Yakult-System-New\Yakult.Inventory.App\Wpf\RequestPortal\NotificationBellControl.xaml.cs(29,18): error CS1061: 'NotificationBellControl' does not contain a definition for 'BadgeText' and no accessible extension method 'BadgeText' accepting a first argument of type 'NotificationBellControl' could be found (are you missing a using directive or an assembly reference?) [C:\Users\russel.mercado\source\repos\Yakult-System-New\Yakult.Inventory.App\Yakult.Inventory.App.csproj]
C:\Users\russel.mercado\source\repos\Yakult-System-New\Yakult.Inventory.App\Pages\Set\ViewSetDetailPage.xaml.cs(872,103): error CS0103: The name 'TxtSetCode' does not exist in the current context [C:\Users\russel.mercado\source\repos\Yakult-System-New\Yakult.Inventory.App\Yakult.Inventory.App.csproj]
C:\Users\russel.mercado\source\repos\Yakult-System-New\Yakult.Inventory.App\Wpf\RequestPortal\NotificationBellControl.xaml.cs(49,18): error CS1061: 'NotificationBellControl' does not contain a definition for 'SilentLine' and no accessible extension method 'SilentLine' accepting a first argument of type 'NotificationBellControl' could be found (are you missing a using directive or an assembly reference?) [C:\Users\russel.mercado\source\repos\Yakult-System-New\Yakult.Inventory.App\Yakult.Inventory.App.csproj]
C:\Users\russel.mercado\source\repos\Yakult-System-New\Yakult.Inventory.App\Wpf\RequestPortal\NotificationBellControl.xaml.cs(57,13): error CS0103: The name 'InitializeComponent' does not exist in the current context [C:\Users\russel.mercado\source\repos\Yakult-System-New\Yakult.Inventory.App\Yakult.Inventory.App.csproj]
C:\Users\russel.mercado\source\repos\Yakult-System-New\Yakult.Inventory.App\Pages\Request\EditRequestDialog.xaml.cs(352,13): error CS0103: The name 'LblReqIdValue' does not exist in the current context [C:\Users\russel.mercado\source\repos\Yakult-System-New\Yakult.Inventory.App\Yakult.Inventory.App.csproj]
C:\Users\russel.mercado\source\repos\Yakult-System-New\Yakult.Inventory.App\Pages\Request\EditRequestDialog.xaml.cs(356,13): error CS0103: The name 'LblModelSerialValue' does not exist in the current context [C:\Users\russel.mercado\source\repos\Yakult-System-New\Yakult.Inventory.App\Yakult.Inventory.App.csproj]
C:\Users\russel.mercado\source\repos\Yakult-System-New\Yakult.Inventory.App\Pages\Request\EditRequestDialog.xaml.cs(358,13): error CS0103: The name 'LblConditionValue' does not exist in the current context [C:\Users\russel.mercado\source\repos\Yakult-System-New\Yakult.Inventory.App\Yakult.Inventory.App.csproj]
C:\Users\russel.mercado\source\repos\Yakult-System-New\Yakult.Inventory.App\Pages\Request\EditRequestDialog.xaml.cs(360,13): error CS0103: The name 'LblSetValue' does not exist in the current context [C:\Users\russel.mercado\source\repos\Yakult-System-New\Yakult.Inventory.App\Yakult.Inventory.App.csproj]
C:\Users\russel.mercado\source\repos\Yakult-System-New\Yakult.Inventory.App\Pages\Request\EditRequestDialog.xaml.cs(364,13): error CS0103: The name 'LblSourceValue' does not exist in the current context [C:\Users\russel.mercado\source\repos\Yakult-System-New\Yakult.Inventory.App\Yakult.Inventory.App.csproj]
C:\Users\russel.mercado\source\repos\Yakult-System-New\Yakult.Inventory.App\Pages\Request\EditRequestDialog.xaml.cs(366,13): error CS0103: The name 'LblReceivedByValue' does not exist in the current context [C:\Users\russel.mercado\source\repos\Yakult-System-New\Yakult.Inventory.App\Yakult.Inventory.App.csproj]
C:\Users\russel.mercado\source\repos\Yakult-System-New\Yakult.Inventory.App\Pages\Request\EditRequestDialog.xaml.cs(368,13): error CS0103: The name 'LblCreatedValue' does not exist in the current context [C:\Users\russel.mercado\source\repos\Yakult-System-New\Yakult.Inventory.App\Yakult.Inventory.App.csproj]
C:\Users\russel.mercado\source\repos\Yakult-System-New\Yakult.Inventory.App\Pages\Request\EditRequestDialog.xaml.cs(370,13): error CS0103: The name 'LblSubmissionValue' does not exist in the current context [C:\Users\russel.mercado\source\repos\Yakult-System-New\Yakult.Inventory.App\Yakult.Inventory.App.csproj]
C:\Users\russel.mercado\source\repos\Yakult-System-New\Yakult.Inventory.App\Pages\Set\ViewSetDetailPage.xaml.cs(887,17): error CS0103: The name 'BtnGenerateQR' does not exist in the current context [C:\Users\russel.mercado\source\repos\Yakult-System-New\Yakult.Inventory.App\Yakult.Inventory.App.csproj]
C:\Users\russel.mercado\source\repos\Yakult-System-New\Yakult.Inventory.App\Pages\Set\ViewSetDetailPage.xaml.cs(888,17): error CS0103: The name 'BtnGenerateQR' does not exist in the current context [C:\Users\russel.mercado\source\repos\Yakult-System-New\Yakult.Inventory.App\Yakult.Inventory.App.csproj]
C:\Users\russel.mercado\source\repos\Yakult-System-New\Yakult.Inventory.App\Pages\Set\ViewSetDetailPage.xaml.cs(944,17): error CS0103: The name 'BtnGenerateQR' does not exist in the current context [C:\Users\russel.mercado\source\repos\Yakult-System-New\Yakult.Inventory.App\Yakult.Inventory.App.csproj]
C:\Users\russel.mercado\source\repos\Yakult-System-New\Yakult.Inventory.App\Pages\Set\ViewSetDetailPage.xaml.cs(945,17): error CS0103: The name 'BtnGenerateQR' does not exist in the current context [C:\Users\russel.mercado\source\repos\Yakult-System-New\Yakult.Inventory.App\Yakult.Inventory.App.csproj]
C:\Users\russel.mercado\source\repos\Yakult-System-New\Yakult.Inventory.App\Wpf\RequestPortal\RequestHistory\Views\RequestHistoryView.xaml.cs(19,13): error CS0103: The name 'InitializeComponent' does not exist in the current context [C:\Users\russel.mercado\source\repos\Yakult-System-New\Yakult.Inventory.App\Yakult.Inventory.App.csproj]
C:\Users\russel.mercado\source\repos\Yakult-System-New\Yakult.Inventory.App\Pages\Vendor\EditVendorDialog.xaml.cs(221,13): error CS0103: The name 'TxtVendorId' does not exist in the current context [C:\Users\russel.mercado\source\repos\Yakult-System-New\Yakult.Inventory.App\Yakult.Inventory.App.csproj]
C:\Users\russel.mercado\source\repos\Yakult-System-New\Yakult.Inventory.App\Pages\Vendor\EditVendorDialog.xaml.cs(222,13): error CS0103: The name 'TxtVendorName' does not exist in the current context [C:\Users\russel.mercado\source\repos\Yakult-System-New\Yakult.Inventory.App\Yakult.Inventory.App.csproj]
C:\Users\russel.mercado\source\repos\Yakult-System-New\Yakult.Inventory.App\Pages\Vendor\EditVendorDialog.xaml.cs(223,13): error CS0103: The name 'TxtAddress' does not exist in the current context [C:\Users\russel.mercado\source\repos\Yakult-System-New\Yakult.Inventory.App\Yakult.Inventory.App.csproj]
C:\Users\russel.mercado\source\repos\Yakult-System-New\Yakult.Inventory.App\Pages\Vendor\EditVendorDialog.xaml.cs(224,13): error CS0103: The name 'TxtTIN' does not exist in the current context [C:\Users\russel.mercado\source\repos\Yakult-System-New\Yakult.Inventory.App\Yakult.Inventory.App.csproj]
C:\Users\russel.mercado\source\repos\Yakult-System-New\Yakult.Inventory.App\Pages\Vendor\EditVendorDialog.xaml.cs(225,13): error CS0103: The name 'ChkActive' does not exist in the current context [C:\Users\russel.mercado\source\repos\Yakult-System-New\Yakult.Inventory.App\Yakult.Inventory.App.csproj]
C:\Users\russel.mercado\source\repos\Yakult-System-New\Yakult.Inventory.App\Pages\Vendor\EditVendorDialog.xaml.cs(226,13): error CS0103: The name 'ChkIsArchived' does not exist in the current context [C:\Users\russel.mercado\source\repos\Yakult-System-New\Yakult.Inventory.App\Yakult.Inventory.App.csproj]
C:\Users\russel.mercado\source\repos\Yakult-System-New\Yakult.Inventory.App\Pages\Vendor\EditVendorDialog.xaml.cs(227,13): error CS0103: The name 'ChkIsRefiller' does not exist in the current context [C:\Users\russel.mercado\source\repos\Yakult-System-New\Yakult.Inventory.App\Yakult.Inventory.App.csproj]
C:\Users\russel.mercado\source\repos\Yakult-System-New\Yakult.Inventory.App\Pages\Vendor\EditVendorDialog.xaml.cs(228,13): error CS0103: The name 'ChkIsDisposer' does not exist in the current context [C:\Users\russel.mercado\source\repos\Yakult-System-New\Yakult.Inventory.App\Yakult.Inventory.App.csproj]
C:\Users\russel.mercado\source\repos\Yakult-System-New\Yakult.Inventory.App\Pages\Vendor\EditVendorDialog.xaml.cs(229,13): error CS0103: The name 'ChkIsBuyer' does not exist in the current context [C:\Users\russel.mercado\source\repos\Yakult-System-New\Yakult.Inventory.App\Yakult.Inventory.App.csproj]
C:\Users\russel.mercado\source\repos\Yakult-System-New\Yakult.Inventory.App\Pages\Vendor\EditVendorDialog.xaml.cs(230,13): error CS0103: The name 'TxtCreatedDate' does not exist in the current context [C:\Users\russel.mercado\source\repos\Yakult-System-New\Yakult.Inventory.App\Yakult.Inventory.App.csproj]
C:\Users\russel.mercado\source\repos\Yakult-System-New\Yakult.Inventory.App\Wpf\RequestPortal\RequestHistory\Views\RequestHistoryView.xaml.cs(35,67): error CS0103: The name 'HistoryHeaderBar' does not exist in the current context [C:\Users\russel.mercado\source\repos\Yakult-System-New\Yakult.Inventory.App\Yakult.Inventory.App.csproj]
C:\Users\russel.mercado\source\repos\Yakult-System-New\Yakult.Inventory.App\Wpf\RequestPortal\RequestHistory\Views\RequestHistoryView.xaml.cs(36,67): error CS0103: The name 'HistoryGrid' does not exist in the current context [C:\Users\russel.mercado\source\repos\Yakult-System-New\Yakult.Inventory.App\Yakult.Inventory.App.csproj]
C:\Users\russel.mercado\source\repos\Yakult-System-New\Yakult.Inventory.App\Pages\Request\EditRequestDialog.xaml.cs(377,13): error CS0103: The name 'CmbEmployee' does not exist in the current context [C:\Users\russel.mercado\source\repos\Yakult-System-New\Yakult.Inventory.App\Yakult.Inventory.App.csproj]
C:\Users\russel.mercado\source\repos\Yakult-System-New\Yakult.Inventory.App\Pages\Request\EditRequestDialog.xaml.cs(394,29): error CS0103: The name 'CmbEmployee' does not exist in the current context [C:\Users\russel.mercado\source\repos\Yakult-System-New\Yakult.Inventory.App\Yakult.Inventory.App.csproj]
C:\Users\russel.mercado\source\repos\Yakult-System-New\Yakult.Inventory.App\Pages\Set\ViewSetDetailPage.xaml.cs(954,17): error CS0103: The name 'BtnGeneratePDF' does not exist in the current context [C:\Users\russel.mercado\source\repos\Yakult-System-New\Yakult.Inventory.App\Yakult.Inventory.App.csproj]
C:\Users\russel.mercado\source\repos\Yakult-System-New\Yakult.Inventory.App\Pages\Set\ViewSetDetailPage.xaml.cs(955,17): error CS0103: The name 'BtnGeneratePDF' does not exist in the current context [C:\Users\russel.mercado\source\repos\Yakult-System-New\Yakult.Inventory.App\Yakult.Inventory.App.csproj]
C:\Users\russel.mercado\source\repos\Yakult-System-New\Yakult.Inventory.App\Pages\Set\ViewSetDetailPage.xaml.cs(1013,17): error CS0103: The name 'BtnGeneratePDF' does not exist in the current context [C:\Users\russel.mercado\source\repos\Yakult-System-New\Yakult.Inventory.App\Yakult.Inventory.App.csproj]
C:\Users\russel.mercado\source\repos\Yakult-System-New\Yakult.Inventory.App\Pages\Set\ViewSetDetailPage.xaml.cs(1014,17): error CS0103: The name 'BtnGeneratePDF' does not exist in the current context [C:\Users\russel.mercado\source\repos\Yakult-System-New\Yakult.Inventory.App\Yakult.Inventory.App.csproj]
C:\Users\russel.mercado\source\repos\Yakult-System-New\Yakult.Inventory.App\Pages\Request\EditRequestDialog.xaml.cs(414,13): error CS0103: The name 'CmbItemCategory' does not exist in the current context [C:\Users\russel.mercado\source\repos\Yakult-System-New\Yakult.Inventory.App\Yakult.Inventory.App.csproj]
C:\Users\russel.mercado\source\repos\Yakult-System-New\Yakult.Inventory.App\Pages\Request\EditRequestDialog.xaml.cs(437,29): error CS0103: The name 'CmbItemCategory' does not exist in the current context [C:\Users\russel.mercado\source\repos\Yakult-System-New\Yakult.Inventory.App\Yakult.Inventory.App.csproj]
C:\Users\russel.mercado\source\repos\Yakult-System-New\Yakult.Inventory.App\Pages\Set\ViewSetDetailPage.xaml.cs(1041,60): error CS0103: The name 'TxtSetCode' does not exist in the current context [C:\Users\russel.mercado\source\repos\Yakult-System-New\Yakult.Inventory.App\Yakult.Inventory.App.csproj]
C:\Users\russel.mercado\source\repos\Yakult-System-New\Yakult.Inventory.App\Pages\Set\ViewSetDetailPage.xaml.cs(1042,44): error CS0103: The name 'TxtSetCode' does not exist in the current context [C:\Users\russel.mercado\source\repos\Yakult-System-New\Yakult.Inventory.App\Yakult.Inventory.App.csproj]
C:\Users\russel.mercado\source\repos\Yakult-System-New\Yakult.Inventory.App\Pages\Vendor\EditVendorDialog.xaml.cs(236,17): error CS0103: The name 'ChkIsArchived' does not exist in the current context [C:\Users\russel.mercado\source\repos\Yakult-System-New\Yakult.Inventory.App\Yakult.Inventory.App.csproj]
C:\Users\russel.mercado\source\repos\Yakult-System-New\Yakult.Inventory.App\Pages\Vendor\EditVendorDialog.xaml.cs(238,17): error CS0103: The name 'ChkActive' does not exist in the current context [C:\Users\russel.mercado\source\repos\Yakult-System-New\Yakult.Inventory.App\Yakult.Inventory.App.csproj]
C:\Users\russel.mercado\source\repos\Yakult-System-New\Yakult.Inventory.App\Wpf\Asset\Views\AssetPageView.xaml.cs(18,13): error CS0103: The name 'InitializeComponent' does not exist in the current context [C:\Users\russel.mercado\source\repos\Yakult-System-New\Yakult.Inventory.App\Yakult.Inventory.App.csproj]
C:\Users\russel.mercado\source\repos\Yakult-System-New\Yakult.Inventory.App\Pages\Request\EditRequestDialog.xaml.cs(500,55): error CS0103: The name 'CmbItem' does not exist in the current context [C:\Users\russel.mercado\source\repos\Yakult-System-New\Yakult.Inventory.App\Yakult.Inventory.App.csproj]
C:\Users\russel.mercado\source\repos\Yakult-System-New\Yakult.Inventory.App\Pages\Request\EditRequestDialog.xaml.cs(502,13): error CS0103: The name 'CmbItem' does not exist in the current context [C:\Users\russel.mercado\source\repos\Yakult-System-New\Yakult.Inventory.App\Yakult.Inventory.App.csproj]
C:\Users\russel.mercado\source\repos\Yakult-System-New\Yakult.Inventory.App\Pages\Request\EditRequestDialog.xaml.cs(504,28): error CS0103: The name 'CmbItemCategory' does not exist in the current context [C:\Users\russel.mercado\source\repos\Yakult-System-New\Yakult.Inventory.App\Yakult.Inventory.App.csproj]
C:\Users\russel.mercado\source\repos\Yakult-System-New\Yakult.Inventory.App\Pages\Request\EditRequestDialog.xaml.cs(510,17): error CS0103: The name 'CmbItem' does not exist in the current context [C:\Users\russel.mercado\source\repos\Yakult-System-New\Yakult.Inventory.App\Yakult.Inventory.App.csproj]
C:\Users\russel.mercado\source\repos\Yakult-System-New\Yakult.Inventory.App\Pages\Request\EditRequestDialog.xaml.cs(514,37): error CS0103: The name 'CmbItem' does not exist in the current context [C:\Users\russel.mercado\source\repos\Yakult-System-New\Yakult.Inventory.App\Yakult.Inventory.App.csproj]
C:\Users\russel.mercado\source\repos\Yakult-System-New\Yakult.Inventory.App\Pages\Request\EditRequestDialog.xaml.cs(516,25): error CS0103: The name 'CmbItem' does not exist in the current context [C:\Users\russel.mercado\source\repos\Yakult-System-New\Yakult.Inventory.App\Yakult.Inventory.App.csproj]
C:\Users\russel.mercado\source\repos\Yakult-System-New\Yakult.Inventory.App\Pages\Request\EditRequestDialog.xaml.cs(518,25): error CS0103: The name 'CmbItem' does not exist in the current context [C:\Users\russel.mercado\source\repos\Yakult-System-New\Yakult.Inventory.App\Yakult.Inventory.App.csproj]
C:\Users\russel.mercado\source\repos\Yakult-System-New\Yakult.Inventory.App\Pages\Request\EditRequestDialog.xaml.cs(524,13): error CS0103: The name 'CmbItem' does not exist in the current context [C:\Users\russel.mercado\source\repos\Yakult-System-New\Yakult.Inventory.App\Yakult.Inventory.App.csproj]
C:\Users\russel.mercado\source\repos\Yakult-System-New\Yakult.Inventory.App\Pages\Request\EditRequestDialog.xaml.cs(525,13): error CS0103: The name 'CmbItem' does not exist in the current context [C:\Users\russel.mercado\source\repos\Yakult-System-New\Yakult.Inventory.App\Yakult.Inventory.App.csproj]
C:\Users\russel.mercado\source\repos\Yakult-System-New\Yakult.Inventory.App\Wpf\RequestPortal\RequestHistory\Views\RequestHistoryView.xaml.cs(37,68): error CS0103: The name 'HistoryColumnHeaderZone' does not exist in the current context [C:\Users\russel.mercado\source\repos\Yakult-System-New\Yakult.Inventory.App\Yakult.Inventory.App.csproj]
C:\Users\russel.mercado\source\repos\Yakult-System-New\Yakult.Inventory.App\Wpf\RequestPortal\RequestHistory\Views\RequestHistoryView.xaml.cs(38,67): error CS0103: The name 'HistoryDemoRowsZone' does not exist in the current context [C:\Users\russel.mercado\source\repos\Yakult-System-New\Yakult.Inventory.App\Yakult.Inventory.App.csproj]
C:\Users\russel.mercado\source\repos\Yakult-System-New\Yakult.Inventory.App\Wpf\RequestPortal\RequestHistory\Views\RequestHistoryView.xaml.cs(39,67): error CS0103: The name 'HistoryStatusZone' does not exist in the current context [C:\Users\russel.mercado\source\repos\Yakult-System-New\Yakult.Inventory.App\Yakult.Inventory.App.csproj]
C:\Users\russel.mercado\source\repos\Yakult-System-New\Yakult.Inventory.App\Wpf\RequestPortal\RequestHistory\Views\RequestHistoryView.xaml.cs(40,67): error CS0103: The name 'PaginationBar' does not exist in the current context [C:\Users\russel.mercado\source\repos\Yakult-System-New\Yakult.Inventory.App\Yakult.Inventory.App.csproj]
C:\Users\russel.mercado\source\repos\Yakult-System-New\Yakult.Inventory.App\Wpf\Asset\Views\AssetPageView.xaml.cs(58,13): error CS0103: The name 'AssetsGrid' does not exist in the current context [C:\Users\russel.mercado\source\repos\Yakult-System-New\Yakult.Inventory.App\Yakult.Inventory.App.csproj]
C:\Users\russel.mercado\source\repos\Yakult-System-New\Yakult.Inventory.App\Pages\Set\ViewSetDetailPage.xaml.cs(1079,39): error CS0103: The name 'TxtSubtotal' does not exist in the current context [C:\Users\russel.mercado\source\repos\Yakult-System-New\Yakult.Inventory.App\Yakult.Inventory.App.csproj]
C:\Users\russel.mercado\source\repos\Yakult-System-New\Yakult.Inventory.App\Pages\Set\ViewSetDetailPage.xaml.cs(1085,39): error CS0103: The name 'TxtVatPercent' does not exist in the current context [C:\Users\russel.mercado\source\repos\Yakult-System-New\Yakult.Inventory.App\Yakult.Inventory.App.csproj]
C:\Users\russel.mercado\source\repos\Yakult-System-New\Yakult.Inventory.App\Pages\Set\ViewSetDetailPage.xaml.cs(1091,39): error CS0103: The name 'TxtDiscountPercent' does not exist in the current context [C:\Users\russel.mercado\source\repos\Yakult-System-New\Yakult.Inventory.App\Yakult.Inventory.App.csproj]
C:\Users\russel.mercado\source\repos\Yakult-System-New\Yakult.Inventory.App\Pages\Set\ViewSetDetailPage.xaml.cs(1092,39): error CS0103: The name 'TxtWhtPercent' does not exist in the current context [C:\Users\russel.mercado\source\repos\Yakult-System-New\Yakult.Inventory.App\Yakult.Inventory.App.csproj]
C:\Users\russel.mercado\source\repos\Yakult-System-New\Yakult.Inventory.App\Pages\Set\ViewSetDetailPage.xaml.cs(1112,17): error CS0103: The name 'TxtVatAmount' does not exist in the current context [C:\Users\russel.mercado\source\repos\Yakult-System-New\Yakult.Inventory.App\Yakult.Inventory.App.csproj]
C:\Users\russel.mercado\source\repos\Yakult-System-New\Yakult.Inventory.App\Pages\Set\ViewSetDetailPage.xaml.cs(1113,17): error CS0103: The name 'TxtDiscountAmount' does not exist in the current context [C:\Users\russel.mercado\source\repos\Yakult-System-New\Yakult.Inventory.App\Yakult.Inventory.App.csproj]
C:\Users\russel.mercado\source\repos\Yakult-System-New\Yakult.Inventory.App\Pages\Set\ViewSetDetailPage.xaml.cs(1114,17): error CS0103: The name 'TxtWhtAmount' does not exist in the current context [C:\Users\russel.mercado\source\repos\Yakult-System-New\Yakult.Inventory.App\Yakult.Inventory.App.csproj]
C:\Users\russel.mercado\source\repos\Yakult-System-New\Yakult.Inventory.App\Pages\Set\ViewSetDetailPage.xaml.cs(1115,17): error CS0103: The name 'TxtTotalAmountDue' does not exist in the current context [C:\Users\russel.mercado\source\repos\Yakult-System-New\Yakult.Inventory.App\Yakult.Inventory.App.csproj]
C:\Users\russel.mercado\source\repos\Yakult-System-New\Yakult.Inventory.App\Pages\Set\ViewSetDetailPage.xaml.cs(1118,17): error CS0103: The name 'BtnCalculate' does not exist in the current context [C:\Users\russel.mercado\source\repos\Yakult-System-New\Yakult.Inventory.App\Yakult.Inventory.App.csproj]
C:\Users\russel.mercado\source\repos\Yakult-System-New\Yakult.Inventory.App\Pages\Set\ViewSetDetailPage.xaml.cs(1119,17): error CS0103: The name 'BtnCalculate' does not exist in the current context [C:\Users\russel.mercado\source\repos\Yakult-System-New\Yakult.Inventory.App\Yakult.Inventory.App.csproj]
C:\Users\russel.mercado\source\repos\Yakult-System-New\Yakult.Inventory.App\Pages\Set\ViewSetDetailPage.xaml.cs(1150,17): error CS0103: The name 'BtnCalculate' does not exist in the current context [C:\Users\russel.mercado\source\repos\Yakult-System-New\Yakult.Inventory.App\Yakult.Inventory.App.csproj]
C:\Users\russel.mercado\source\repos\Yakult-System-New\Yakult.Inventory.App\Pages\Set\ViewSetDetailPage.xaml.cs(1151,17): error CS0103: The name 'BtnCalculate' does not exist in the current context [C:\Users\russel.mercado\source\repos\Yakult-System-New\Yakult.Inventory.App\Yakult.Inventory.App.csproj]
C:\Users\russel.mercado\source\repos\Yakult-System-New\Yakult.Inventory.App\Pages\Request\EditRequestDialog.xaml.cs(564,21): error CS0103: The name 'BtnDelete' does not exist in the current context [C:\Users\russel.mercado\source\repos\Yakult-System-New\Yakult.Inventory.App\Yakult.Inventory.App.csproj]
C:\Users\russel.mercado\source\repos\Yakult-System-New\Yakult.Inventory.App\Pages\Request\EditRequestDialog.xaml.cs(565,21): error CS0103: The name 'BtnDelete' does not exist in the current context [C:\Users\russel.mercado\source\repos\Yakult-System-New\Yakult.Inventory.App\Yakult.Inventory.App.csproj]
C:\Users\russel.mercado\source\repos\Yakult-System-New\Yakult.Inventory.App\Pages\Request\EditRequestDialog.xaml.cs(587,21): error CS0103: The name 'BtnDelete' does not exist in the current context [C:\Users\russel.mercado\source\repos\Yakult-System-New\Yakult.Inventory.App\Yakult.Inventory.App.csproj]
C:\Users\russel.mercado\source\repos\Yakult-System-New\Yakult.Inventory.App\Pages\Request\EditRequestDialog.xaml.cs(588,21): error CS0103: The name 'BtnDelete' does not exist in the current context [C:\Users\russel.mercado\source\repos\Yakult-System-New\Yakult.Inventory.App\Yakult.Inventory.App.csproj]
C:\Users\russel.mercado\source\repos\Yakult-System-New\Yakult.Inventory.App\Pages\Vendor\EditVendorDialog.xaml.cs(250,47): error CS0103: The name 'TxtVendorName' does not exist in the current context [C:\Users\russel.mercado\source\repos\Yakult-System-New\Yakult.Inventory.App\Yakult.Inventory.App.csproj]
C:\Users\russel.mercado\source\repos\Yakult-System-New\Yakult.Inventory.App\Pages\Vendor\EditVendorDialog.xaml.cs(254,21): error CS0103: The name 'TxtVendorName' does not exist in the current context [C:\Users\russel.mercado\source\repos\Yakult-System-New\Yakult.Inventory.App\Yakult.Inventory.App.csproj]
C:\Users\russel.mercado\source\repos\Yakult-System-New\Yakult.Inventory.App\Pages\Vendor\EditVendorDialog.xaml.cs(259,17): error CS0103: The name 'BtnSave' does not exist in the current context [C:\Users\russel.mercado\source\repos\Yakult-System-New\Yakult.Inventory.App\Yakult.Inventory.App.csproj]
C:\Users\russel.mercado\source\repos\Yakult-System-New\Yakult.Inventory.App\Pages\Vendor\EditVendorDialog.xaml.cs(260,17): error CS0103: The name 'BtnCancel' does not exist in the current context [C:\Users\russel.mercado\source\repos\Yakult-System-New\Yakult.Inventory.App\Yakult.Inventory.App.csproj]
C:\Users\russel.mercado\source\repos\Yakult-System-New\Yakult.Inventory.App\Pages\Vendor\EditVendorDialog.xaml.cs(261,17): error CS0103: The name 'BtnSave' does not exist in the current context [C:\Users\russel.mercado\source\repos\Yakult-System-New\Yakult.Inventory.App\Yakult.Inventory.App.csproj]
C:\Users\russel.mercado\source\repos\Yakult-System-New\Yakult.Inventory.App\Pages\Vendor\EditVendorDialog.xaml.cs(265,46): error CS0103: The name 'ChkIsArchived' does not exist in the current context [C:\Users\russel.mercado\source\repos\Yakult-System-New\Yakult.Inventory.App\Yakult.Inventory.App.csproj]
C:\Users\russel.mercado\source\repos\Yakult-System-New\Yakult.Inventory.App\Pages\Vendor\EditVendorDialog.xaml.cs(277,37): error CS0103: The name 'ChkIsArchived' does not exist in the current context [C:\Users\russel.mercado\source\repos\Yakult-System-New\Yakult.Inventory.App\Yakult.Inventory.App.csproj]
C:\Users\russel.mercado\source\repos\Yakult-System-New\Yakult.Inventory.App\Pages\Vendor\EditVendorDialog.xaml.cs(320,34): error CS0103: The name 'TxtVendorName' does not exist in the current context [C:\Users\russel.mercado\source\repos\Yakult-System-New\Yakult.Inventory.App\Yakult.Inventory.App.csproj]
C:\Users\russel.mercado\source\repos\Yakult-System-New\Yakult.Inventory.App\Pages\Vendor\EditVendorDialog.xaml.cs(321,57): error CS0103: The name 'TxtAddress' does not exist in the current context [C:\Users\russel.mercado\source\repos\Yakult-System-New\Yakult.Inventory.App\Yakult.Inventory.App.csproj]
C:\Users\russel.mercado\source\repos\Yakult-System-New\Yakult.Inventory.App\Pages\Vendor\EditVendorDialog.xaml.cs(321,83): error CS0103: The name 'TxtAddress' does not exist in the current context [C:\Users\russel.mercado\source\repos\Yakult-System-New\Yakult.Inventory.App\Yakult.Inventory.App.csproj]
C:\Users\russel.mercado\source\repos\Yakult-System-New\Yakult.Inventory.App\Pages\Vendor\EditVendorDialog.xaml.cs(322,53): error CS0103: The name 'TxtTIN' does not exist in the current context [C:\Users\russel.mercado\source\repos\Yakult-System-New\Yakult.Inventory.App\Yakult.Inventory.App.csproj]
C:\Users\russel.mercado\source\repos\Yakult-System-New\Yakult.Inventory.App\Pages\Vendor\EditVendorDialog.xaml.cs(322,75): error CS0103: The name 'TxtTIN' does not exist in the current context [C:\Users\russel.mercado\source\repos\Yakult-System-New\Yakult.Inventory.App\Yakult.Inventory.App.csproj]
C:\Users\russel.mercado\source\repos\Yakult-System-New\Yakult.Inventory.App\Pages\Vendor\EditVendorDialog.xaml.cs(323,34): error CS0103: The name 'ChkActive' does not exist in the current context [C:\Users\russel.mercado\source\repos\Yakult-System-New\Yakult.Inventory.App\Yakult.Inventory.App.csproj]
C:\Users\russel.mercado\source\repos\Yakult-System-New\Yakult.Inventory.App\Pages\Vendor\EditVendorDialog.xaml.cs(324,34): error CS0103: The name 'ChkIsArchived' does not exist in the current context [C:\Users\russel.mercado\source\repos\Yakult-System-New\Yakult.Inventory.App\Yakult.Inventory.App.csproj]
C:\Users\russel.mercado\source\repos\Yakult-System-New\Yakult.Inventory.App\Pages\Vendor\EditVendorDialog.xaml.cs(325,34): error CS0103: The name 'ChkIsRefiller' does not exist in the current context [C:\Users\russel.mercado\source\repos\Yakult-System-New\Yakult.Inventory.App\Yakult.Inventory.App.csproj]
C:\Users\russel.mercado\source\repos\Yakult-System-New\Yakult.Inventory.App\Pages\Vendor\EditVendorDialog.xaml.cs(326,34): error CS0103: The name 'ChkIsDisposer' does not exist in the current context [C:\Users\russel.mercado\source\repos\Yakult-System-New\Yakult.Inventory.App\Yakult.Inventory.App.csproj]
C:\Users\russel.mercado\source\repos\Yakult-System-New\Yakult.Inventory.App\Pages\Vendor\EditVendorDialog.xaml.cs(327,34): error CS0103: The name 'ChkIsBuyer' does not exist in the current context [C:\Users\russel.mercado\source\repos\Yakult-System-New\Yakult.Inventory.App\Yakult.Inventory.App.csproj]
C:\Users\russel.mercado\source\repos\Yakult-System-New\Yakult.Inventory.App\Pages\Vendor\EditVendorDialog.xaml.cs(337,69): error CS0103: The name 'ChkIsArchived' does not exist in the current context [C:\Users\russel.mercado\source\repos\Yakult-System-New\Yakult.Inventory.App\Yakult.Inventory.App.csproj]
C:\Users\russel.mercado\source\repos\Yakult-System-New\Yakult.Inventory.App\Pages\Vendor\EditVendorDialog.xaml.cs(351,21): error CS0103: The name 'BtnSave' does not exist in the current context [C:\Users\russel.mercado\source\repos\Yakult-System-New\Yakult.Inventory.App\Yakult.Inventory.App.csproj]
C:\Users\russel.mercado\source\repos\Yakult-System-New\Yakult.Inventory.App\Pages\Vendor\EditVendorDialog.xaml.cs(352,21): error CS0103: The name 'BtnCancel' does not exist in the current context [C:\Users\russel.mercado\source\repos\Yakult-System-New\Yakult.Inventory.App\Yakult.Inventory.App.csproj]
C:\Users\russel.mercado\source\repos\Yakult-System-New\Yakult.Inventory.App\Pages\Vendor\EditVendorDialog.xaml.cs(353,21): error CS0103: The name 'BtnSave' does not exist in the current context [C:\Users\russel.mercado\source\repos\Yakult-System-New\Yakult.Inventory.App\Yakult.Inventory.App.csproj]
C:\Users\russel.mercado\source\repos\Yakult-System-New\Yakult.Inventory.App\Pages\Vendor\EditVendorDialog.xaml.cs(359,17): error CS0103: The name 'BtnSave' does not exist in the current context [C:\Users\russel.mercado\source\repos\Yakult-System-New\Yakult.Inventory.App\Yakult.Inventory.App.csproj]
C:\Users\russel.mercado\source\repos\Yakult-System-New\Yakult.Inventory.App\Pages\Vendor\EditVendorDialog.xaml.cs(360,17): error CS0103: The name 'BtnCancel' does not exist in the current context [C:\Users\russel.mercado\source\repos\Yakult-System-New\Yakult.Inventory.App\Yakult.Inventory.App.csproj]
C:\Users\russel.mercado\source\repos\Yakult-System-New\Yakult.Inventory.App\Pages\Vendor\EditVendorDialog.xaml.cs(361,17): error CS0103: The name 'BtnSave' does not exist in the current context [C:\Users\russel.mercado\source\repos\Yakult-System-New\Yakult.Inventory.App\Yakult.Inventory.App.csproj]
C:\Users\russel.mercado\source\repos\Yakult-System-New\Yakult.Inventory.App\Wpf\Asset\Views\AssetPageView.xaml.cs(85,13): error CS0103: The name 'AssetsGrid' does not exist in the current context [C:\Users\russel.mercado\source\repos\Yakult-System-New\Yakult.Inventory.App\Yakult.Inventory.App.csproj]
C:\Users\russel.mercado\source\repos\Yakult-System-New\Yakult.Inventory.App\Pages\Set\ViewSetDetailPage.xaml.cs(1176,28): error CS0103: The name 'DgvRequests' does not exist in the current context [C:\Users\russel.mercado\source\repos\Yakult-System-New\Yakult.Inventory.App\Yakult.Inventory.App.csproj]
C:\Users\russel.mercado\source\repos\Yakult-System-New\Yakult.Inventory.App\Wpf\Asset\Views\AssetPageView.xaml.cs(96,55): error CS0103: The name 'AssetsGrid' does not exist in the current context [C:\Users\russel.mercado\source\repos\Yakult-System-New\Yakult.Inventory.App\Yakult.Inventory.App.csproj]
C:\Users\russel.mercado\source\repos\Yakult-System-New\Yakult.Inventory.App\Wpf\Asset\Views\AssetPageView.xaml.cs(97,73): error CS0103: The name 'AssetsGrid' does not exist in the current context [C:\Users\russel.mercado\source\repos\Yakult-System-New\Yakult.Inventory.App\Yakult.Inventory.App.csproj]
C:\Users\russel.mercado\source\repos\Yakult-System-New\Yakult.Inventory.App\Wpf\Asset\Views\AssetPageView.xaml.cs(116,33): error CS0103: The name 'AssetsGrid' does not exist in the current context [C:\Users\russel.mercado\source\repos\Yakult-System-New\Yakult.Inventory.App\Yakult.Inventory.App.csproj]
C:\Users\russel.mercado\source\repos\Yakult-System-New\Yakult.Inventory.App\Pages\Set\ViewSetDetailPage.xaml.cs(1237,17): error CS0103: The name 'BtnDeploy' does not exist in the current context [C:\Users\russel.mercado\source\repos\Yakult-System-New\Yakult.Inventory.App\Yakult.Inventory.App.csproj]
C:\Users\russel.mercado\source\repos\Yakult-System-New\Yakult.Inventory.App\Pages\Set\ViewSetDetailPage.xaml.cs(1238,17): error CS0103: The name 'BtnDeploy' does not exist in the current context [C:\Users\russel.mercado\source\repos\Yakult-System-New\Yakult.Inventory.App\Yakult.Inventory.App.csproj]
C:\Users\russel.mercado\source\repos\Yakult-System-New\Yakult.Inventory.App\Pages\Set\ViewSetDetailPage.xaml.cs(1247,17): error CS0103: The name 'BtnDeploy' does not exist in the current context [C:\Users\russel.mercado\source\repos\Yakult-System-New\Yakult.Inventory.App\Yakult.Inventory.App.csproj]
C:\Users\russel.mercado\source\repos\Yakult-System-New\Yakult.Inventory.App\Pages\Set\ViewSetDetailPage.xaml.cs(1248,17): error CS0103: The name 'BtnDeploy' does not exist in the current context [C:\Users\russel.mercado\source\repos\Yakult-System-New\Yakult.Inventory.App\Yakult.Inventory.App.csproj]
C:\Users\russel.mercado\source\repos\Yakult-System-New\Yakult.Inventory.App\Pages\Set\ViewSetDetailPage.xaml.cs(1255,17): error CS0103: The name 'BtnDeploy' does not exist in the current context [C:\Users\russel.mercado\source\repos\Yakult-System-New\Yakult.Inventory.App\Yakult.Inventory.App.csproj]
C:\Users\russel.mercado\source\repos\Yakult-System-New\Yakult.Inventory.App\Pages\Set\ViewSetDetailPage.xaml.cs(1256,17): error CS0103: The name 'BtnDeploy' does not exist in the current context [C:\Users\russel.mercado\source\repos\Yakult-System-New\Yakult.Inventory.App\Yakult.Inventory.App.csproj]
C:\Users\russel.mercado\source\repos\Yakult-System-New\Yakult.Inventory.App\Wpf\RepairPortal\TimeInOut\Views\TimeInGateOverlay.xaml.cs(16,13): error CS0103: The name 'InitializeComponent' does not exist in the current context [C:\Users\russel.mercado\source\repos\Yakult-System-New\Yakult.Inventory.App\Yakult.Inventory.App.csproj]
C:\Users\russel.mercado\source\repos\Yakult-System-New\Yakult.Inventory.App\Pages\Set\ViewSetDetailPage.xaml.cs(1324,17): error CS0103: The name 'BtnDeploy' does not exist in the current context [C:\Users\russel.mercado\source\repos\Yakult-System-New\Yakult.Inventory.App\Yakult.Inventory.App.csproj]
C:\Users\russel.mercado\source\repos\Yakult-System-New\Yakult.Inventory.App\Pages\Set\ViewSetDetailPage.xaml.cs(1325,17): error CS0103: The name 'BtnDeploy' does not exist in the current context [C:\Users\russel.mercado\source\repos\Yakult-System-New\Yakult.Inventory.App\Yakult.Inventory.App.csproj]
C:\Users\russel.mercado\source\repos\Yakult-System-New\Yakult.Inventory.App\Pages\Set\ViewSetDetailPage.xaml.cs(1329,17): error CS0103: The name 'BtnDeploy' does not exist in the current context [C:\Users\russel.mercado\source\repos\Yakult-System-New\Yakult.Inventory.App\Yakult.Inventory.App.csproj]
C:\Users\russel.mercado\source\repos\Yakult-System-New\Yakult.Inventory.App\Pages\Set\ViewSetDetailPage.xaml.cs(1330,17): error CS0103: The name 'BtnDeploy' does not exist in the current context [C:\Users\russel.mercado\source\repos\Yakult-System-New\Yakult.Inventory.App\Yakult.Inventory.App.csproj]
C:\Users\russel.mercado\source\repos\Yakult-System-New\Yakult.Inventory.App\Wpf\RepairPortal\Reports\Views\RepairReportAttachmentPickerDialog.xaml.cs(43,13): error CS0103: The name 'InitializeComponent' does not exist in the current context [C:\Users\russel.mercado\source\repos\Yakult-System-New\Yakult.Inventory.App\Yakult.Inventory.App.csproj]
C:\Users\russel.mercado\source\repos\Yakult-System-New\Yakult.Inventory.App\Wpf\RepairPortal\Reports\Views\RepairReportAttachmentPickerDialog.xaml.cs(46,13): error CS0103: The name 'AttachmentsGrid' does not exist in the current context [C:\Users\russel.mercado\source\repos\Yakult-System-New\Yakult.Inventory.App\Yakult.Inventory.App.csproj]
C:\Users\russel.mercado\source\repos\Yakult-System-New\Yakult.Inventory.App\Wpf\RepairPortal\Reports\Views\RepairReportAttachmentPickerDialog.xaml.cs(52,13): error CS0103: The name 'TicketColumn' does not exist in the current context [C:\Users\russel.mercado\source\repos\Yakult-System-New\Yakult.Inventory.App\Yakult.Inventory.App.csproj]
C:\Users\russel.mercado\source\repos\Yakult-System-New\Yakult.Inventory.App\Wpf\RepairPortal\Reports\Views\RepairReportAttachmentPickerDialog.xaml.cs(89,13): error CS0103: The name 'TxtCount' does not exist in the current context [C:\Users\russel.mercado\source\repos\Yakult-System-New\Yakult.Inventory.App\Yakult.Inventory.App.csproj]
C:\Users\russel.mercado\source\repos\Yakult-System-New\Yakult.Inventory.App\Wpf\RepairPortal\Reports\Views\RepairSignatoryPickerWindow.xaml.cs(57,13): error CS0103: The name 'InitializeComponent' does not exist in the current context [C:\Users\russel.mercado\source\repos\Yakult-System-New\Yakult.Inventory.App\Yakult.Inventory.App.csproj]
C:\Users\russel.mercado\source\repos\Yakult-System-New\Yakult.Inventory.App\Pages\Request\BatchAddRequestDialog.xaml.cs(401,13): error CS0103: The name 'CmbCompany' does not exist in the current context [C:\Users\russel.mercado\source\repos\Yakult-System-New\Yakult.Inventory.App\Yakult.Inventory.App.csproj]
C:\Users\russel.mercado\source\repos\Yakult-System-New\Yakult.Inventory.App\Pages\Request\BatchAddRequestDialog.xaml.cs(402,13): error CS0103: The name 'CmbCompany' does not exist in the current context [C:\Users\russel.mercado\source\repos\Yakult-System-New\Yakult.Inventory.App\Yakult.Inventory.App.csproj]
C:\Users\russel.mercado\source\repos\Yakult-System-New\Yakult.Inventory.App\Pages\Request\BatchAddRequestDialog.xaml.cs(403,13): error CS0103: The name 'CmbCompany' does not exist in the current context [C:\Users\russel.mercado\source\repos\Yakult-System-New\Yakult.Inventory.App\Yakult.Inventory.App.csproj]
C:\Users\russel.mercado\source\repos\Yakult-System-New\Yakult.Inventory.App\Pages\Request\BatchAddRequestDialog.xaml.cs(405,13): error CS0103: The name 'CmbDepartment' does not exist in the current context [C:\Users\russel.mercado\source\repos\Yakult-System-New\Yakult.Inventory.App\Yakult.Inventory.App.csproj]
C:\Users\russel.mercado\source\repos\Yakult-System-New\Yakult.Inventory.App\Pages\Request\BatchAddRequestDialog.xaml.cs(406,13): error CS0103: The name 'CmbDepartment' does not exist in the current context [C:\Users\russel.mercado\source\repos\Yakult-System-New\Yakult.Inventory.App\Yakult.Inventory.App.csproj]
C:\Users\russel.mercado\source\repos\Yakult-System-New\Yakult.Inventory.App\Pages\Request\BatchAddRequestDialog.xaml.cs(407,13): error CS0103: The name 'CmbDepartment' does not exist in the current context [C:\Users\russel.mercado\source\repos\Yakult-System-New\Yakult.Inventory.App\Yakult.Inventory.App.csproj]
C:\Users\russel.mercado\source\repos\Yakult-System-New\Yakult.Inventory.App\Pages\Request\BatchAddRequestDialog.xaml.cs(409,13): error CS0103: The name 'CmbBranch' does not exist in the current context [C:\Users\russel.mercado\source\repos\Yakult-System-New\Yakult.Inventory.App\Yakult.Inventory.App.csproj]
C:\Users\russel.mercado\source\repos\Yakult-System-New\Yakult.Inventory.App\Pages\Request\BatchAddRequestDialog.xaml.cs(410,13): error CS0103: The name 'CmbBranch' does not exist in the current context [C:\Users\russel.mercado\source\repos\Yakult-System-New\Yakult.Inventory.App\Yakult.Inventory.App.csproj]
C:\Users\russel.mercado\source\repos\Yakult-System-New\Yakult.Inventory.App\Pages\Request\BatchAddRequestDialog.xaml.cs(411,13): error CS0103: The name 'CmbBranch' does not exist in the current context [C:\Users\russel.mercado\source\repos\Yakult-System-New\Yakult.Inventory.App\Yakult.Inventory.App.csproj]
C:\Users\russel.mercado\source\repos\Yakult-System-New\Yakult.Inventory.App\Pages\Request\EditRequestDialog.xaml.cs(604,23): error CS0103: The name 'CmbCompanyEdit' does not exist in the current context [C:\Users\russel.mercado\source\repos\Yakult-System-New\Yakult.Inventory.App\Yakult.Inventory.App.csproj]
C:\Users\russel.mercado\source\repos\Yakult-System-New\Yakult.Inventory.App\Pages\Request\EditRequestDialog.xaml.cs(611,21): error CS0103: The name 'CmbDeptEdit' does not exist in the current context [C:\Users\russel.mercado\source\repos\Yakult-System-New\Yakult.Inventory.App\Yakult.Inventory.App.csproj]
C:\Users\russel.mercado\source\repos\Yakult-System-New\Yakult.Inventory.App\Pages\Request\EditRequestDialog.xaml.cs(613,21): error CS0103: The name 'CmbBranchEdit' does not exist in the current context [C:\Users\russel.mercado\source\repos\Yakult-System-New\Yakult.Inventory.App\Yakult.Inventory.App.csproj]
C:\Users\russel.mercado\source\repos\Yakult-System-New\Yakult.Inventory.App\Pages\Request\EditRequestDialog.xaml.cs(618,27): error CS0103: The name 'CmbEmployee' does not exist in the current context [C:\Users\russel.mercado\source\repos\Yakult-System-New\Yakult.Inventory.App\Yakult.Inventory.App.csproj]
C:\Users\russel.mercado\source\repos\Yakult-System-New\Yakult.Inventory.App\Pages\Request\EditRequestDialog.xaml.cs(627,19): error CS0103: The name 'CmbItem' does not exist in the current context [C:\Users\russel.mercado\source\repos\Yakult-System-New\Yakult.Inventory.App\Yakult.Inventory.App.csproj]
C:\Users\russel.mercado\source\repos\Yakult-System-New\Yakult.Inventory.App\Pages\Request\EditRequestDialog.xaml.cs(633,31): error CS0103: The name 'TxtQuantity' does not exist in the current context [C:\Users\russel.mercado\source\repos\Yakult-System-New\Yakult.Inventory.App\Yakult.Inventory.App.csproj]
C:\Users\russel.mercado\source\repos\Yakult-System-New\Yakult.Inventory.App\Pages\Request\EditRequestDialog.xaml.cs(645,17): error CS0103: The name 'CmbStatus' does not exist in the current context [C:\Users\russel.mercado\source\repos\Yakult-System-New\Yakult.Inventory.App\Yakult.Inventory.App.csproj]
C:\Users\russel.mercado\source\repos\Yakult-System-New\Yakult.Inventory.App\Pages\Request\EditRequestDialog.xaml.cs(654,34): error CS0103: The name 'CmbItem' does not exist in the current context [C:\Users\russel.mercado\source\repos\Yakult-System-New\Yakult.Inventory.App\Yakult.Inventory.App.csproj]
C:\Users\russel.mercado\source\repos\Yakult-System-New\Yakult.Inventory.App\Pages\Request\EditRequestDialog.xaml.cs(655,39): error CS0103: The name 'TxtQuantity' does not exist in the current context [C:\Users\russel.mercado\source\repos\Yakult-System-New\Yakult.Inventory.App\Yakult.Inventory.App.csproj]
C:\Users\russel.mercado\source\repos\Yakult-System-New\Yakult.Inventory.App\Pages\Request\EditRequestDialog.xaml.cs(656,37): error CS0103: The name 'CmbStatus' does not exist in the current context [C:\Users\russel.mercado\source\repos\Yakult-System-New\Yakult.Inventory.App\Yakult.Inventory.App.csproj]
C:\Users\russel.mercado\source\repos\Yakult-System-New\Yakult.Inventory.App\Pages\Request\EditRequestDialog.xaml.cs(691,35): error CS0103: The name 'TxtUnitPrice' does not exist in the current context [C:\Users\russel.mercado\source\repos\Yakult-System-New\Yakult.Inventory.App\Yakult.Inventory.App.csproj]
C:\Users\russel.mercado\source\repos\Yakult-System-New\Yakult.Inventory.App\Pages\Request\EditRequestDialog.xaml.cs(704,41): error CS0103: The name 'CmbCompanyEdit' does not exist in the current context [C:\Users\russel.mercado\source\repos\Yakult-System-New\Yakult.Inventory.App\Yakult.Inventory.App.csproj]
C:\Users\russel.mercado\source\repos\Yakult-System-New\Yakult.Inventory.App\Pages\Request\EditRequestDialog.xaml.cs(705,66): error CS0103: The name 'CmbDeptEdit' does not exist in the current context [C:\Users\russel.mercado\source\repos\Yakult-System-New\Yakult.Inventory.App\Yakult.Inventory.App.csproj]
C:\Users\russel.mercado\source\repos\Yakult-System-New\Yakult.Inventory.App\Pages\Request\EditRequestDialog.xaml.cs(706,64): error CS0103: The name 'CmbBranchEdit' does not exist in the current context [C:\Users\russel.mercado\source\repos\Yakult-System-New\Yakult.Inventory.App\Yakult.Inventory.App.csproj]
C:\Users\russel.mercado\source\repos\Yakult-System-New\Yakult.Inventory.App\Pages\Request\EditRequestDialog.xaml.cs(728,38): error CS0103: The name 'DtDateRequested' does not exist in the current context [C:\Users\russel.mercado\source\repos\Yakult-System-New\Yakult.Inventory.App\Yakult.Inventory.App.csproj]
C:\Users\russel.mercado\source\repos\Yakult-System-New\Yakult.Inventory.App\Pages\Request\EditRequestDialog.xaml.cs(729,36): error CS0103: The name 'TxtDescription' does not exist in the current context [C:\Users\russel.mercado\source\repos\Yakult-System-New\Yakult.Inventory.App\Yakult.Inventory.App.csproj]
C:\Users\russel.mercado\source\repos\Yakult-System-New\Yakult.Inventory.App\Pages\Request\EditRequestDialog.xaml.cs(730,32): error CS0103: The name 'TxtRemarks' does not exist in the current context [C:\Users\russel.mercado\source\repos\Yakult-System-New\Yakult.Inventory.App\Yakult.Inventory.App.csproj]
C:\Users\russel.mercado\source\repos\Yakult-System-New\Yakult.Inventory.App\Pages\Request\BatchAddRequestDialog.xaml.cs(466,13): error CS0103: The name 'BtnRemoveRow' does not exist in the current context [C:\Users\russel.mercado\source\repos\Yakult-System-New\Yakult.Inventory.App\Yakult.Inventory.App.csproj]
C:\Users\russel.mercado\source\repos\Yakult-System-New\Yakult.Inventory.App\Pages\Request\BatchAddRequestDialog.xaml.cs(483,39): error CS0103: The name 'PopupEmployee' does not exist in the current context [C:\Users\russel.mercado\source\repos\Yakult-System-New\Yakult.Inventory.App\Yakult.Inventory.App.csproj]
C:\Users\russel.mercado\source\repos\Yakult-System-New\Yakult.Inventory.App\Pages\Request\BatchAddRequestDialog.xaml.cs(485,13): error CS0103: The name 'LstEmployeeSearch' does not exist in the current context [C:\Users\russel.mercado\source\repos\Yakult-System-New\Yakult.Inventory.App\Yakult.Inventory.App.csproj]
C:\Users\russel.mercado\source\repos\Yakult-System-New\Yakult.Inventory.App\Pages\Request\BatchAddRequestDialog.xaml.cs(487,17): error CS0103: The name 'LstEmployeeSearch' does not exist in the current context [C:\Users\russel.mercado\source\repos\Yakult-System-New\Yakult.Inventory.App\Yakult.Inventory.App.csproj]
C:\Users\russel.mercado\source\repos\Yakult-System-New\Yakult.Inventory.App\Pages\Request\BatchAddRequestDialog.xaml.cs(489,13): error CS0103: The name 'PopupEmployee' does not exist in the current context [C:\Users\russel.mercado\source\repos\Yakult-System-New\Yakult.Inventory.App\Yakult.Inventory.App.csproj]
C:\Users\russel.mercado\source\repos\Yakult-System-New\Yakult.Inventory.App\Pages\Request\BatchAddRequestDialog.xaml.cs(489,37): error CS0103: The name 'TxtEmployee' does not exist in the current context [C:\Users\russel.mercado\source\repos\Yakult-System-New\Yakult.Inventory.App\Yakult.Inventory.App.csproj]
C:\Users\russel.mercado\source\repos\Yakult-System-New\Yakult.Inventory.App\Pages\Request\BatchAddRequestDialog.xaml.cs(490,13): error CS0103: The name 'PopupEmployee' does not exist in the current context [C:\Users\russel.mercado\source\repos\Yakult-System-New\Yakult.Inventory.App\Yakult.Inventory.App.csproj]
C:\Users\russel.mercado\source\repos\Yakult-System-New\Yakult.Inventory.App\Pages\Request\BatchAddRequestDialog.xaml.cs(492,17): error CS0103: The name 'LstEmployeeSearch' does not exist in the current context [C:\Users\russel.mercado\source\repos\Yakult-System-New\Yakult.Inventory.App\Yakult.Inventory.App.csproj]
C:\Users\russel.mercado\source\repos\Yakult-System-New\Yakult.Inventory.App\Pages\Request\BatchAddRequestDialog.xaml.cs(493,17): error CS0103: The name 'LstEmployeeSearch' does not exist in the current context [C:\Users\russel.mercado\source\repos\Yakult-System-New\Yakult.Inventory.App\Yakult.Inventory.App.csproj]
C:\Users\russel.mercado\source\repos\Yakult-System-New\Yakult.Inventory.App\Wpf\Vendor\Views\VendorPageView.xaml.cs(18,13): error CS0103: The name 'InitializeComponent' does not exist in the current context [C:\Users\russel.mercado\source\repos\Yakult-System-New\Yakult.Inventory.App\Yakult.Inventory.App.csproj]
C:\Users\russel.mercado\source\repos\Yakult-System-New\Yakult.Inventory.App\Pages\Request\BatchAddRequestDialog.xaml.cs(501,31): error CS0103: The name 'TxtEmployee' does not exist in the current context [C:\Users\russel.mercado\source\repos\Yakult-System-New\Yakult.Inventory.App\Yakult.Inventory.App.csproj]
C:\Users\russel.mercado\source\repos\Yakult-System-New\Yakult.Inventory.App\Pages\Request\BatchAddRequestDialog.xaml.cs(506,13): error CS0103: The name 'BtnClearEmployee' does not exist in the current context [C:\Users\russel.mercado\source\repos\Yakult-System-New\Yakult.Inventory.App\Yakult.Inventory.App.csproj]
C:\Users\russel.mercado\source\repos\Yakult-System-New\Yakult.Inventory.App\Pages\Request\BatchAddRequestDialog.xaml.cs(506,64): error CS0103: The name 'TxtEmployee' does not exist in the current context [C:\Users\russel.mercado\source\repos\Yakult-System-New\Yakult.Inventory.App\Yakult.Inventory.App.csproj]
C:\Users\russel.mercado\source\repos\Yakult-System-New\Yakult.Inventory.App\Pages\Request\BatchAddRequestDialog.xaml.cs(514,13): error CS0103: The name 'TxtEmployee' does not exist in the current context [C:\Users\russel.mercado\source\repos\Yakult-System-New\Yakult.Inventory.App\Yakult.Inventory.App.csproj]
C:\Users\russel.mercado\source\repos\Yakult-System-New\Yakult.Inventory.App\Pages\Request\BatchAddRequestDialog.xaml.cs(518,13): error CS0103: The name 'PopupEmployee' does not exist in the current context [C:\Users\russel.mercado\source\repos\Yakult-System-New\Yakult.Inventory.App\Yakult.Inventory.App.csproj]
C:\Users\russel.mercado\source\repos\Yakult-System-New\Yakult.Inventory.App\Pages\Request\BatchAddRequestDialog.xaml.cs(519,13): error CS0103: The name 'TxtEmployee' does not exist in the current context [C:\Users\russel.mercado\source\repos\Yakult-System-New\Yakult.Inventory.App\Yakult.Inventory.App.csproj]
C:\Users\russel.mercado\source\repos\Yakult-System-New\Yakult.Inventory.App\Pages\Request\BatchAddRequestDialog.xaml.cs(521,13): error CS0103: The name 'TxtEmployee' does not exist in the current context [C:\Users\russel.mercado\source\repos\Yakult-System-New\Yakult.Inventory.App\Yakult.Inventory.App.csproj]
C:\Users\russel.mercado\source\repos\Yakult-System-New\Yakult.Inventory.App\Pages\Request\BatchAddRequestDialog.xaml.cs(528,71): error CS0103: The name 'TxtEmployee' does not exist in the current context [C:\Users\russel.mercado\source\repos\Yakult-System-New\Yakult.Inventory.App\Yakult.Inventory.App.csproj]
C:\Users\russel.mercado\source\repos\Yakult-System-New\Yakult.Inventory.App\Wpf\Vendor\Views\VendorPageView.xaml.cs(58,13): error CS0103: The name 'VendorsGrid' does not exist in the current context [C:\Users\russel.mercado\source\repos\Yakult-System-New\Yakult.Inventory.App\Yakult.Inventory.App.csproj]
C:\Users\russel.mercado\source\repos\Yakult-System-New\Yakult.Inventory.App\Pages\Request\BatchAddRequestDialog.xaml.cs(534,17): error CS0103: The name 'TxtEmployee' does not exist in the current context [C:\Users\russel.mercado\source\repos\Yakult-System-New\Yakult.Inventory.App\Yakult.Inventory.App.csproj]
C:\Users\russel.mercado\source\repos\Yakult-System-New\Yakult.Inventory.App\Pages\Request\BatchAddRequestDialog.xaml.cs(534,43): error CS0103: The name 'PopupEmployee' does not exist in the current context [C:\Users\russel.mercado\source\repos\Yakult-System-New\Yakult.Inventory.App\Yakult.Inventory.App.csproj]
C:\Users\russel.mercado\source\repos\Yakult-System-New\Yakult.Inventory.App\Pages\Request\BatchAddRequestDialog.xaml.cs(535,75): error CS0103: The name 'TxtEmployee' does not exist in the current context [C:\Users\russel.mercado\source\repos\Yakult-System-New\Yakult.Inventory.App\Yakult.Inventory.App.csproj]
C:\Users\russel.mercado\source\repos\Yakult-System-New\Yakult.Inventory.App\Pages\Request\EditRequestDialog.xaml.cs(770,13): error CS0103: The name 'CmbCompanyEdit' does not exist in the current context [C:\Users\russel.mercado\source\repos\Yakult-System-New\Yakult.Inventory.App\Yakult.Inventory.App.csproj]
C:\Users\russel.mercado\source\repos\Yakult-System-New\Yakult.Inventory.App\Pages\Request\EditRequestDialog.xaml.cs(770,43): error CS0103: The name 'CmbDeptEdit' does not exist in the current context [C:\Users\russel.mercado\source\repos\Yakult-System-New\Yakult.Inventory.App\Yakult.Inventory.App.csproj]
C:\Users\russel.mercado\source\repos\Yakult-System-New\Yakult.Inventory.App\Pages\Request\EditRequestDialog.xaml.cs(770,70): error CS0103: The name 'CmbBranchEdit' does not exist in the current context [C:\Users\russel.mercado\source\repos\Yakult-System-New\Yakult.Inventory.App\Yakult.Inventory.App.csproj]
C:\Users\russel.mercado\source\repos\Yakult-System-New\Yakult.Inventory.App\Pages\Request\EditRequestDialog.xaml.cs(787,29): error CS0103: The name 'CmbCompanyEdit' does not exist in the current context [C:\Users\russel.mercado\source\repos\Yakult-System-New\Yakult.Inventory.App\Yakult.Inventory.App.csproj]
C:\Users\russel.mercado\source\repos\Yakult-System-New\Yakult.Inventory.App\Pages\Request\EditRequestDialog.xaml.cs(790,21): error CS0103: The name 'CmbDeptEdit' does not exist in the current context [C:\Users\russel.mercado\source\repos\Yakult-System-New\Yakult.Inventory.App\Yakult.Inventory.App.csproj]
C:\Users\russel.mercado\source\repos\Yakult-System-New\Yakult.Inventory.App\Pages\Request\EditRequestDialog.xaml.cs(798,29): error CS0103: The name 'CmbDeptEdit' does not exist in the current context [C:\Users\russel.mercado\source\repos\Yakult-System-New\Yakult.Inventory.App\Yakult.Inventory.App.csproj]
C:\Users\russel.mercado\source\repos\Yakult-System-New\Yakult.Inventory.App\Pages\Request\EditRequestDialog.xaml.cs(801,21): error CS0103: The name 'CmbBranchEdit' does not exist in the current context [C:\Users\russel.mercado\source\repos\Yakult-System-New\Yakult.Inventory.App\Yakult.Inventory.App.csproj]
C:\Users\russel.mercado\source\repos\Yakult-System-New\Yakult.Inventory.App\Pages\Request\EditRequestDialog.xaml.cs(809,29): error CS0103: The name 'CmbBranchEdit' does not exist in the current context [C:\Users\russel.mercado\source\repos\Yakult-System-New\Yakult.Inventory.App\Yakult.Inventory.App.csproj]
C:\Users\russel.mercado\source\repos\Yakult-System-New\Yakult.Inventory.App\Pages\Request\EditRequestDialog.xaml.cs(823,38): error CS0103: The name 'CmbCompanyEdit' does not exist in the current context [C:\Users\russel.mercado\source\repos\Yakult-System-New\Yakult.Inventory.App\Yakult.Inventory.App.csproj]
C:\Users\russel.mercado\source\repos\Yakult-System-New\Yakult.Inventory.App\Pages\Request\EditRequestDialog.xaml.cs(824,84): error CS0103: The name 'CmbCompanyEdit' does not exist in the current context [C:\Users\russel.mercado\source\repos\Yakult-System-New\Yakult.Inventory.App\Yakult.Inventory.App.csproj]
C:\Users\russel.mercado\source\repos\Yakult-System-New\Yakult.Inventory.App\Pages\Request\EditRequestDialog.xaml.cs(826,38): error CS0103: The name 'CmbDeptEdit' does not exist in the current context [C:\Users\russel.mercado\source\repos\Yakult-System-New\Yakult.Inventory.App\Yakult.Inventory.App.csproj]
C:\Users\russel.mercado\source\repos\Yakult-System-New\Yakult.Inventory.App\Pages\Request\EditRequestDialog.xaml.cs(827,85): error CS0103: The name 'CmbDeptEdit' does not exist in the current context [C:\Users\russel.mercado\source\repos\Yakult-System-New\Yakult.Inventory.App\Yakult.Inventory.App.csproj]
C:\Users\russel.mercado\source\repos\Yakult-System-New\Yakult.Inventory.App\Pages\Request\EditRequestDialog.xaml.cs(829,38): error CS0103: The name 'CmbBranchEdit' does not exist in the current context [C:\Users\russel.mercado\source\repos\Yakult-System-New\Yakult.Inventory.App\Yakult.Inventory.App.csproj]
C:\Users\russel.mercado\source\repos\Yakult-System-New\Yakult.Inventory.App\Pages\Request\EditRequestDialog.xaml.cs(830,87): error CS0103: The name 'CmbBranchEdit' does not exist in the current context [C:\Users\russel.mercado\source\repos\Yakult-System-New\Yakult.Inventory.App\Yakult.Inventory.App.csproj]
C:\Users\russel.mercado\source\repos\Yakult-System-New\Yakult.Inventory.App\Pages\Request\BatchAddRequestDialog.xaml.cs(543,18): error CS0103: The name 'PopupEmployee' does not exist in the current context [C:\Users\russel.mercado\source\repos\Yakult-System-New\Yakult.Inventory.App\Yakult.Inventory.App.csproj]
C:\Users\russel.mercado\source\repos\Yakult-System-New\Yakult.Inventory.App\Pages\Request\BatchAddRequestDialog.xaml.cs(548,21): error CS0103: The name 'LstEmployeeSearch' does not exist in the current context [C:\Users\russel.mercado\source\repos\Yakult-System-New\Yakult.Inventory.App\Yakult.Inventory.App.csproj]
C:\Users\russel.mercado\source\repos\Yakult-System-New\Yakult.Inventory.App\Pages\Request\BatchAddRequestDialog.xaml.cs(549,34): error CS0103: The name 'LstEmployeeSearch' does not exist in the current context [C:\Users\russel.mercado\source\repos\Yakult-System-New\Yakult.Inventory.App\Yakult.Inventory.App.csproj]
C:\Users\russel.mercado\source\repos\Yakult-System-New\Yakult.Inventory.App\Pages\Request\BatchAddRequestDialog.xaml.cs(549,71): error CS0103: The name 'LstEmployeeSearch' does not exist in the current context [C:\Users\russel.mercado\source\repos\Yakult-System-New\Yakult.Inventory.App\Yakult.Inventory.App.csproj]
C:\Users\russel.mercado\source\repos\Yakult-System-New\Yakult.Inventory.App\Pages\Request\BatchAddRequestDialog.xaml.cs(550,21): error CS0103: The name 'LstEmployeeSearch' does not exist in the current context [C:\Users\russel.mercado\source\repos\Yakult-System-New\Yakult.Inventory.App\Yakult.Inventory.App.csproj]
C:\Users\russel.mercado\source\repos\Yakult-System-New\Yakult.Inventory.App\Pages\Request\BatchAddRequestDialog.xaml.cs(550,54): error CS0103: The name 'LstEmployeeSearch' does not exist in the current context [C:\Users\russel.mercado\source\repos\Yakult-System-New\Yakult.Inventory.App\Yakult.Inventory.App.csproj]
C:\Users\russel.mercado\source\repos\Yakult-System-New\Yakult.Inventory.App\Pages\Request\BatchAddRequestDialog.xaml.cs(555,25): error CS0103: The name 'LstEmployeeSearch' does not exist in the current context [C:\Users\russel.mercado\source\repos\Yakult-System-New\Yakult.Inventory.App\Yakult.Inventory.App.csproj]
C:\Users\russel.mercado\source\repos\Yakult-System-New\Yakult.Inventory.App\Pages\Request\BatchAddRequestDialog.xaml.cs(556,25): error CS0103: The name 'LstEmployeeSearch' does not exist in the current context [C:\Users\russel.mercado\source\repos\Yakult-System-New\Yakult.Inventory.App\Yakult.Inventory.App.csproj]
C:\Users\russel.mercado\source\repos\Yakult-System-New\Yakult.Inventory.App\Pages\Request\BatchAddRequestDialog.xaml.cs(557,21): error CS0103: The name 'LstEmployeeSearch' does not exist in the current context [C:\Users\russel.mercado\source\repos\Yakult-System-New\Yakult.Inventory.App\Yakult.Inventory.App.csproj]
C:\Users\russel.mercado\source\repos\Yakult-System-New\Yakult.Inventory.App\Pages\Request\BatchAddRequestDialog.xaml.cs(557,54): error CS0103: The name 'LstEmployeeSearch' does not exist in the current context [C:\Users\russel.mercado\source\repos\Yakult-System-New\Yakult.Inventory.App\Yakult.Inventory.App.csproj]
C:\Users\russel.mercado\source\repos\Yakult-System-New\Yakult.Inventory.App\Pages\Request\BatchAddRequestDialog.xaml.cs(562,36): error CS0103: The name 'LstEmployeeSearch' does not exist in the current context [C:\Users\russel.mercado\source\repos\Yakult-System-New\Yakult.Inventory.App\Yakult.Inventory.App.csproj]
C:\Users\russel.mercado\source\repos\Yakult-System-New\Yakult.Inventory.App\Pages\Request\BatchAddRequestDialog.xaml.cs(567,21): error CS0103: The name 'PopupEmployee' does not exist in the current context [C:\Users\russel.mercado\source\repos\Yakult-System-New\Yakult.Inventory.App\Yakult.Inventory.App.csproj]
C:\Users\russel.mercado\source\repos\Yakult-System-New\Yakult.Inventory.App\Pages\Request\BatchAddRequestDialog.xaml.cs(575,28): error CS0103: The name 'LstEmployeeSearch' does not exist in the current context [C:\Users\russel.mercado\source\repos\Yakult-System-New\Yakult.Inventory.App\Yakult.Inventory.App.csproj]
C:\Users\russel.mercado\source\repos\Yakult-System-New\Yakult.Inventory.App\Pages\Request\BatchAddRequestDialog.xaml.cs(582,13): error CS0103: The name 'TxtEmployee' does not exist in the current context [C:\Users\russel.mercado\source\repos\Yakult-System-New\Yakult.Inventory.App\Yakult.Inventory.App.csproj]
C:\Users\russel.mercado\source\repos\Yakult-System-New\Yakult.Inventory.App\Pages\Request\BatchAddRequestDialog.xaml.cs(585,13): error CS0103: The name 'PopupEmployee' does not exist in the current context [C:\Users\russel.mercado\source\repos\Yakult-System-New\Yakult.Inventory.App\Yakult.Inventory.App.csproj]
C:\Users\russel.mercado\source\repos\Yakult-System-New\Yakult.Inventory.App\Pages\Request\BatchAddRequestDialog.xaml.cs(587,13): error CS0103: The name 'DgvRequests' does not exist in the current context [C:\Users\russel.mercado\source\repos\Yakult-System-New\Yakult.Inventory.App\Yakult.Inventory.App.csproj]
C:\Users\russel.mercado\source\repos\Yakult-System-New\Yakult.Inventory.App\Wpf\Vendor\Views\VendorPageView.xaml.cs(85,13): error CS0103: The name 'VendorsGrid' does not exist in the current context [C:\Users\russel.mercado\source\repos\Yakult-System-New\Yakult.Inventory.App\Yakult.Inventory.App.csproj]
C:\Users\russel.mercado\source\repos\Yakult-System-New\Yakult.Inventory.App\Pages\Request\BatchAddRequestDialog.xaml.cs(593,26): error CS0103: The name 'ChkNoEmployee' does not exist in the current context [C:\Users\russel.mercado\source\repos\Yakult-System-New\Yakult.Inventory.App\Yakult.Inventory.App.csproj]
C:\Users\russel.mercado\source\repos\Yakult-System-New\Yakult.Inventory.App\Pages\Request\BatchAddRequestDialog.xaml.cs(594,13): error CS0103: The name 'PnlEmployee' does not exist in the current context [C:\Users\russel.mercado\source\repos\Yakult-System-New\Yakult.Inventory.App\Yakult.Inventory.App.csproj]
C:\Users\russel.mercado\source\repos\Yakult-System-New\Yakult.Inventory.App\Pages\Request\BatchAddRequestDialog.xaml.cs(595,13): error CS0103: The name 'LblOrgRowPrefix' does not exist in the current context [C:\Users\russel.mercado\source\repos\Yakult-System-New\Yakult.Inventory.App\Yakult.Inventory.App.csproj]
C:\Users\russel.mercado\source\repos\Yakult-System-New\Yakult.Inventory.App\Pages\Request\BatchAddRequestDialog.xaml.cs(596,13): error CS0103: The name 'TxtInfoBanner' does not exist in the current context [C:\Users\russel.mercado\source\repos\Yakult-System-New\Yakult.Inventory.App\Yakult.Inventory.App.csproj]
C:\Users\russel.mercado\source\repos\Yakult-System-New\Yakult.Inventory.App\Pages\Request\BatchAddRequestDialog.xaml.cs(603,27): error CS0103: The name 'CmbCompany' does not exist in the current context [C:\Users\russel.mercado\source\repos\Yakult-System-New\Yakult.Inventory.App\Yakult.Inventory.App.csproj]
C:\Users\russel.mercado\source\repos\Yakult-System-New\Yakult.Inventory.App\Pages\Request\EditRequestDialog.xaml.cs(836,13): error CS0103: The name 'CmbEmployee' does not exist in the current context [C:\Users\russel.mercado\source\repos\Yakult-System-New\Yakult.Inventory.App\Yakult.Inventory.App.csproj]
C:\Users\russel.mercado\source\repos\Yakult-System-New\Yakult.Inventory.App\Pages\Request\EditRequestDialog.xaml.cs(837,13): error CS0103: The name 'BtnEditEmployee' does not exist in the current context [C:\Users\russel.mercado\source\repos\Yakult-System-New\Yakult.Inventory.App\Yakult.Inventory.App.csproj]
C:\Users\russel.mercado\source\repos\Yakult-System-New\Yakult.Inventory.App\Pages\Request\EditRequestDialog.xaml.cs(838,13): error CS0103: The name 'LblDeptLevelTag' does not exist in the current context [C:\Users\russel.mercado\source\repos\Yakult-System-New\Yakult.Inventory.App\Yakult.Inventory.App.csproj]
C:\Users\russel.mercado\source\repos\Yakult-System-New\Yakult.Inventory.App\Pages\Request\EditRequestDialog.xaml.cs(839,13): error CS0103: The name 'LblEmployeeNumber' does not exist in the current context [C:\Users\russel.mercado\source\repos\Yakult-System-New\Yakult.Inventory.App\Yakult.Inventory.App.csproj]
C:\Users\russel.mercado\source\repos\Yakult-System-New\Yakult.Inventory.App\Pages\Request\EditRequestDialog.xaml.cs(840,13): error CS0103: The name 'TxtEmployeeNumber' does not exist in the current context [C:\Users\russel.mercado\source\repos\Yakult-System-New\Yakult.Inventory.App\Yakult.Inventory.App.csproj]
C:\Users\russel.mercado\source\repos\Yakult-System-New\Yakult.Inventory.App\Pages\Request\EditRequestDialog.xaml.cs(841,13): error CS0103: The name 'TxtCompany' does not exist in the current context [C:\Users\russel.mercado\source\repos\Yakult-System-New\Yakult.Inventory.App\Yakult.Inventory.App.csproj]
C:\Users\russel.mercado\source\repos\Yakult-System-New\Yakult.Inventory.App\Pages\Request\EditRequestDialog.xaml.cs(841,62): error CS0103: The name 'CmbCompanyEdit' does not exist in the current context [C:\Users\russel.mercado\source\repos\Yakult-System-New\Yakult.Inventory.App\Yakult.Inventory.App.csproj]
C:\Users\russel.mercado\source\repos\Yakult-System-New\Yakult.Inventory.App\Pages\Request\EditRequestDialog.xaml.cs(842,13): error CS0103: The name 'TxtDepartment' does not exist in the current context [C:\Users\russel.mercado\source\repos\Yakult-System-New\Yakult.Inventory.App\Yakult.Inventory.App.csproj]
C:\Users\russel.mercado\source\repos\Yakult-System-New\Yakult.Inventory.App\Pages\Request\EditRequestDialog.xaml.cs(842,62): error CS0103: The name 'CmbDeptEdit' does not exist in the current context [C:\Users\russel.mercado\source\repos\Yakult-System-New\Yakult.Inventory.App\Yakult.Inventory.App.csproj]
C:\Users\russel.mercado\source\repos\Yakult-System-New\Yakult.Inventory.App\Pages\Request\EditRequestDialog.xaml.cs(843,13): error CS0103: The name 'TxtBranch' does not exist in the current context [C:\Users\russel.mercado\source\repos\Yakult-System-New\Yakult.Inventory.App\Yakult.Inventory.App.csproj]
C:\Users\russel.mercado\source\repos\Yakult-System-New\Yakult.Inventory.App\Pages\Request\EditRequestDialog.xaml.cs(843,62): error CS0103: The name 'CmbBranchEdit' does not exist in the current context [C:\Users\russel.mercado\source\repos\Yakult-System-New\Yakult.Inventory.App\Yakult.Inventory.App.csproj]
C:\Users\russel.mercado\source\repos\Yakult-System-New\Yakult.Inventory.App\Pages\Request\EditRequestDialog.xaml.cs(844,13): error CS0103: The name 'LblEmployee' does not exist in the current context [C:\Users\russel.mercado\source\repos\Yakult-System-New\Yakult.Inventory.App\Yakult.Inventory.App.csproj]
C:\Users\russel.mercado\source\repos\Yakult-System-New\Yakult.Inventory.App\Pages\Request\EditRequestDialog.xaml.cs(845,13): error CS0103: The name 'LblCompany' does not exist in the current context [C:\Users\russel.mercado\source\repos\Yakult-System-New\Yakult.Inventory.App\Yakult.Inventory.App.csproj]
C:\Users\russel.mercado\source\repos\Yakult-System-New\Yakult.Inventory.App\Pages\Request\EditRequestDialog.xaml.cs(846,13): error CS0103: The name 'BtnSwitchMode' does not exist in the current context [C:\Users\russel.mercado\source\repos\Yakult-System-New\Yakult.Inventory.App\Yakult.Inventory.App.csproj]
C:\Users\russel.mercado\source\repos\Yakult-System-New\Yakult.Inventory.App\Pages\Request\EditRequestDialog.xaml.cs(847,13): error CS0103: The name 'BtnSwitchMode' does not exist in the current context [C:\Users\russel.mercado\source\repos\Yakult-System-New\Yakult.Inventory.App\Yakult.Inventory.App.csproj]
C:\Users\russel.mercado\source\repos\Yakult-System-New\Yakult.Inventory.App\Pages\Request\EditRequestDialog.xaml.cs(848,13): error CS0103: The name 'BtnSwitchMode' does not exist in the current context [C:\Users\russel.mercado\source\repos\Yakult-System-New\Yakult.Inventory.App\Yakult.Inventory.App.csproj]
C:\Users\russel.mercado\source\repos\Yakult-System-New\Yakult.Inventory.App\Pages\Request\EditRequestDialog.xaml.cs(849,13): error CS0103: The name 'BtnSwitchMode' does not exist in the current context [C:\Users\russel.mercado\source\repos\Yakult-System-New\Yakult.Inventory.App\Yakult.Inventory.App.csproj]
C:\Users\russel.mercado\source\repos\Yakult-System-New\Yakult.Inventory.App\Wpf\Vendor\Views\VendorPageView.xaml.cs(96,55): error CS0103: The name 'VendorsGrid' does not exist in the current context [C:\Users\russel.mercado\source\repos\Yakult-System-New\Yakult.Inventory.App\Yakult.Inventory.App.csproj]
C:\Users\russel.mercado\source\repos\Yakult-System-New\Yakult.Inventory.App\Wpf\Vendor\Views\VendorPageView.xaml.cs(97,73): error CS0103: The name 'VendorsGrid' does not exist in the current context [C:\Users\russel.mercado\source\repos\Yakult-System-New\Yakult.Inventory.App\Yakult.Inventory.App.csproj]
C:\Users\russel.mercado\source\repos\Yakult-System-New\Yakult.Inventory.App\Wpf\Category\Views\CategoryPageView.xaml.cs(24,13): error CS0103: The name 'InitializeComponent' does not exist in the current context [C:\Users\russel.mercado\source\repos\Yakult-System-New\Yakult.Inventory.App\Yakult.Inventory.App.csproj]
C:\Users\russel.mercado\source\repos\Yakult-System-New\Yakult.Inventory.App\Pages\Request\BatchAddRequestDialog.xaml.cs(612,24): error CS0103: The name 'CmbCompany' does not exist in the current context [C:\Users\russel.mercado\source\repos\Yakult-System-New\Yakult.Inventory.App\Yakult.Inventory.App.csproj]
C:\Users\russel.mercado\source\repos\Yakult-System-New\Yakult.Inventory.App\Pages\Request\BatchAddRequestDialog.xaml.cs(613,17): error CS0103: The name 'CmbCompany' does not exist in the current context [C:\Users\russel.mercado\source\repos\Yakult-System-New\Yakult.Inventory.App\Yakult.Inventory.App.csproj]
C:\Users\russel.mercado\source\repos\Yakult-System-New\Yakult.Inventory.App\Pages\Request\BatchAddRequestDialog.xaml.cs(614,17): error CS0103: The name 'CmbCompany' does not exist in the current context [C:\Users\russel.mercado\source\repos\Yakult-System-New\Yakult.Inventory.App\Yakult.Inventory.App.csproj]
C:\Users\russel.mercado\source\repos\Yakult-System-New\Yakult.Inventory.App\Pages\Request\BatchAddRequestDialog.xaml.cs(621,29): error CS0103: The name 'CmbCompany' does not exist in the current context [C:\Users\russel.mercado\source\repos\Yakult-System-New\Yakult.Inventory.App\Yakult.Inventory.App.csproj]
C:\Users\russel.mercado\source\repos\Yakult-System-New\Yakult.Inventory.App\Pages\Request\BatchAddRequestDialog.xaml.cs(622,29): error CS0103: The name 'CmbDepartment' does not exist in the current context [C:\Users\russel.mercado\source\repos\Yakult-System-New\Yakult.Inventory.App\Yakult.Inventory.App.csproj]
C:\Users\russel.mercado\source\repos\Yakult-System-New\Yakult.Inventory.App\Pages\Request\BatchAddRequestDialog.xaml.cs(623,29): error CS0103: The name 'CmbBranch' does not exist in the current context [C:\Users\russel.mercado\source\repos\Yakult-System-New\Yakult.Inventory.App\Yakult.Inventory.App.csproj]
C:\Users\russel.mercado\source\repos\Yakult-System-New\Yakult.Inventory.App\Pages\Request\BatchAddRequestDialog.xaml.cs(626,21): error CS0103: The name 'PopupEmployee' does not exist in the current context [C:\Users\russel.mercado\source\repos\Yakult-System-New\Yakult.Inventory.App\Yakult.Inventory.App.csproj]
C:\Users\russel.mercado\source\repos\Yakult-System-New\Yakult.Inventory.App\Pages\Request\BatchAddRequestDialog.xaml.cs(626,45): error CS0103: The name 'ChkNoEmployee' does not exist in the current context [C:\Users\russel.mercado\source\repos\Yakult-System-New\Yakult.Inventory.App\Yakult.Inventory.App.csproj]
C:\Users\russel.mercado\source\repos\Yakult-System-New\Yakult.Inventory.App\Pages\Request\BatchAddRequestDialog.xaml.cs(627,39): error CS0103: The name 'TxtEmployee' does not exist in the current context [C:\Users\russel.mercado\source\repos\Yakult-System-New\Yakult.Inventory.App\Yakult.Inventory.App.csproj]
C:\Users\russel.mercado\source\repos\Yakult-System-New\Yakult.Inventory.App\Wpf\Vendor\Views\VendorPageView.xaml.cs(116,33): error CS0103: The name 'VendorsGrid' does not exist in the current context [C:\Users\russel.mercado\source\repos\Yakult-System-New\Yakult.Inventory.App\Yakult.Inventory.App.csproj]
C:\Users\russel.mercado\source\repos\Yakult-System-New\Yakult.Inventory.App\Pages\Request\BatchAddRequestDialog.xaml.cs(639,29): error CS0103: The name 'CmbDepartment' does not exist in the current context [C:\Users\russel.mercado\source\repos\Yakult-System-New\Yakult.Inventory.App\Yakult.Inventory.App.csproj]
C:\Users\russel.mercado\source\repos\Yakult-System-New\Yakult.Inventory.App\Pages\Request\BatchAddRequestDialog.xaml.cs(640,29): error CS0103: The name 'CmbBranch' does not exist in the current context [C:\Users\russel.mercado\source\repos\Yakult-System-New\Yakult.Inventory.App\Yakult.Inventory.App.csproj]
C:\Users\russel.mercado\source\repos\Yakult-System-New\Yakult.Inventory.App\Pages\Request\BatchAddRequestDialog.xaml.cs(649,28): error CS0103: The name 'CmbCompany' does not exist in the current context [C:\Users\russel.mercado\source\repos\Yakult-System-New\Yakult.Inventory.App\Yakult.Inventory.App.csproj]
C:\Users\russel.mercado\source\repos\Yakult-System-New\Yakult.Inventory.App\Pages\Request\BatchAddRequestDialog.xaml.cs(650,28): error CS0103: The name 'CmbDepartment' does not exist in the current context [C:\Users\russel.mercado\source\repos\Yakult-System-New\Yakult.Inventory.App\Yakult.Inventory.App.csproj]
C:\Users\russel.mercado\source\repos\Yakult-System-New\Yakult.Inventory.App\Pages\Request\BatchAddRequestDialog.xaml.cs(651,28): error CS0103: The name 'CmbBranch' does not exist in the current context [C:\Users\russel.mercado\source\repos\Yakult-System-New\Yakult.Inventory.App\Yakult.Inventory.App.csproj]
C:\Users\russel.mercado\source\repos\Yakult-System-New\Yakult.Inventory.App\Pages\Request\EditRequestDialog.xaml.cs(855,13): error CS0103: The name 'CmbEmployee' does not exist in the current context [C:\Users\russel.mercado\source\repos\Yakult-System-New\Yakult.Inventory.App\Yakult.Inventory.App.csproj]
C:\Users\russel.mercado\source\repos\Yakult-System-New\Yakult.Inventory.App\Pages\Request\EditRequestDialog.xaml.cs(856,13): error CS0103: The name 'BtnEditEmployee' does not exist in the current context [C:\Users\russel.mercado\source\repos\Yakult-System-New\Yakult.Inventory.App\Yakult.Inventory.App.csproj]
C:\Users\russel.mercado\source\repos\Yakult-System-New\Yakult.Inventory.App\Pages\Request\EditRequestDialog.xaml.cs(857,13): error CS0103: The name 'LblDeptLevelTag' does not exist in the current context [C:\Users\russel.mercado\source\repos\Yakult-System-New\Yakult.Inventory.App\Yakult.Inventory.App.csproj]
C:\Users\russel.mercado\source\repos\Yakult-System-New\Yakult.Inventory.App\Pages\Request\EditRequestDialog.xaml.cs(858,13): error CS0103: The name 'LblEmployeeNumber' does not exist in the current context [C:\Users\russel.mercado\source\repos\Yakult-System-New\Yakult.Inventory.App\Yakult.Inventory.App.csproj]
C:\Users\russel.mercado\source\repos\Yakult-System-New\Yakult.Inventory.App\Pages\Request\EditRequestDialog.xaml.cs(859,13): error CS0103: The name 'TxtEmployeeNumber' does not exist in the current context [C:\Users\russel.mercado\source\repos\Yakult-System-New\Yakult.Inventory.App\Yakult.Inventory.App.csproj]
C:\Users\russel.mercado\source\repos\Yakult-System-New\Yakult.Inventory.App\Pages\Request\EditRequestDialog.xaml.cs(860,13): error CS0103: The name 'TxtCompany' does not exist in the current context [C:\Users\russel.mercado\source\repos\Yakult-System-New\Yakult.Inventory.App\Yakult.Inventory.App.csproj]
C:\Users\russel.mercado\source\repos\Yakult-System-New\Yakult.Inventory.App\Pages\Request\EditRequestDialog.xaml.cs(860,60): error CS0103: The name 'CmbCompanyEdit' does not exist in the current context [C:\Users\russel.mercado\source\repos\Yakult-System-New\Yakult.Inventory.App\Yakult.Inventory.App.csproj]
C:\Users\russel.mercado\source\repos\Yakult-System-New\Yakult.Inventory.App\Pages\Request\EditRequestDialog.xaml.cs(861,13): error CS0103: The name 'TxtDepartment' does not exist in the current context [C:\Users\russel.mercado\source\repos\Yakult-System-New\Yakult.Inventory.App\Yakult.Inventory.App.csproj]
C:\Users\russel.mercado\source\repos\Yakult-System-New\Yakult.Inventory.App\Pages\Request\EditRequestDialog.xaml.cs(861,60): error CS0103: The name 'CmbDeptEdit' does not exist in the current context [C:\Users\russel.mercado\source\repos\Yakult-System-New\Yakult.Inventory.App\Yakult.Inventory.App.csproj]
C:\Users\russel.mercado\source\repos\Yakult-System-New\Yakult.Inventory.App\Pages\Request\EditRequestDialog.xaml.cs(862,13): error CS0103: The name 'TxtBranch' does not exist in the current context [C:\Users\russel.mercado\source\repos\Yakult-System-New\Yakult.Inventory.App\Yakult.Inventory.App.csproj]
C:\Users\russel.mercado\source\repos\Yakult-System-New\Yakult.Inventory.App\Pages\Request\EditRequestDialog.xaml.cs(862,60): error CS0103: The name 'CmbBranchEdit' does not exist in the current context [C:\Users\russel.mercado\source\repos\Yakult-System-New\Yakult.Inventory.App\Yakult.Inventory.App.csproj]
C:\Users\russel.mercado\source\repos\Yakult-System-New\Yakult.Inventory.App\Pages\Request\EditRequestDialog.xaml.cs(863,13): error CS0103: The name 'LblEmployee' does not exist in the current context [C:\Users\russel.mercado\source\repos\Yakult-System-New\Yakult.Inventory.App\Yakult.Inventory.App.csproj]
C:\Users\russel.mercado\source\repos\Yakult-System-New\Yakult.Inventory.App\Pages\Request\EditRequestDialog.xaml.cs(864,13): error CS0103: The name 'LblCompany' does not exist in the current context [C:\Users\russel.mercado\source\repos\Yakult-System-New\Yakult.Inventory.App\Yakult.Inventory.App.csproj]
C:\Users\russel.mercado\source\repos\Yakult-System-New\Yakult.Inventory.App\Pages\Request\EditRequestDialog.xaml.cs(865,13): error CS0103: The name 'BtnSwitchMode' does not exist in the current context [C:\Users\russel.mercado\source\repos\Yakult-System-New\Yakult.Inventory.App\Yakult.Inventory.App.csproj]
C:\Users\russel.mercado\source\repos\Yakult-System-New\Yakult.Inventory.App\Pages\Request\EditRequestDialog.xaml.cs(866,13): error CS0103: The name 'BtnSwitchMode' does not exist in the current context [C:\Users\russel.mercado\source\repos\Yakult-System-New\Yakult.Inventory.App\Yakult.Inventory.App.csproj]
C:\Users\russel.mercado\source\repos\Yakult-System-New\Yakult.Inventory.App\Pages\Request\EditRequestDialog.xaml.cs(867,13): error CS0103: The name 'BtnSwitchMode' does not exist in the current context [C:\Users\russel.mercado\source\repos\Yakult-System-New\Yakult.Inventory.App\Yakult.Inventory.App.csproj]
C:\Users\russel.mercado\source\repos\Yakult-System-New\Yakult.Inventory.App\Pages\Request\EditRequestDialog.xaml.cs(868,13): error CS0103: The name 'BtnSwitchMode' does not exist in the current context [C:\Users\russel.mercado\source\repos\Yakult-System-New\Yakult.Inventory.App\Yakult.Inventory.App.csproj]
C:\Users\russel.mercado\source\repos\Yakult-System-New\Yakult.Inventory.App\Pages\Request\EditRequestDialog.xaml.cs(870,17): error CS0103: The name 'CmbEmployee' does not exist in the current context [C:\Users\russel.mercado\source\repos\Yakult-System-New\Yakult.Inventory.App\Yakult.Inventory.App.csproj]
C:\Users\russel.mercado\source\repos\Yakult-System-New\Yakult.Inventory.App\Pages\Request\EditRequestDialog.xaml.cs(871,33): error CS0103: The name 'CmbEmployee' does not exist in the current context [C:\Users\russel.mercado\source\repos\Yakult-System-New\Yakult.Inventory.App\Yakult.Inventory.App.csproj]
C:\Users\russel.mercado\source\repos\Yakult-System-New\Yakult.Inventory.App\Pages\Request\EditRequestDialog.xaml.cs(871,46): error CS0103: The name 'BtnEditEmployee' does not exist in the current context [C:\Users\russel.mercado\source\repos\Yakult-System-New\Yakult.Inventory.App\Yakult.Inventory.App.csproj]
C:\Users\russel.mercado\source\repos\Yakult-System-New\Yakult.Inventory.App\Pages\Request\EditRequestDialog.xaml.cs(873,17): error CS0103: The name 'CmbEmployee' does not exist in the current context [C:\Users\russel.mercado\source\repos\Yakult-System-New\Yakult.Inventory.App\Yakult.Inventory.App.csproj]
C:\Users\russel.mercado\source\repos\Yakult-System-New\Yakult.Inventory.App\Pages\Request\EditRequestDialog.xaml.cs(877,17): error CS0103: The name 'TxtCompany' does not exist in the current context [C:\Users\russel.mercado\source\repos\Yakult-System-New\Yakult.Inventory.App\Yakult.Inventory.App.csproj]
C:\Users\russel.mercado\source\repos\Yakult-System-New\Yakult.Inventory.App\Pages\Request\EditRequestDialog.xaml.cs(877,37): error CS0103: The name 'TxtDepartment' does not exist in the current context [C:\Users\russel.mercado\source\repos\Yakult-System-New\Yakult.Inventory.App\Yakult.Inventory.App.csproj]
C:\Users\russel.mercado\source\repos\Yakult-System-New\Yakult.Inventory.App\Pages\Request\EditRequestDialog.xaml.cs(878,17): error CS0103: The name 'TxtBranch' does not exist in the current context [C:\Users\russel.mercado\source\repos\Yakult-System-New\Yakult.Inventory.App\Yakult.Inventory.App.csproj]
C:\Users\russel.mercado\source\repos\Yakult-System-New\Yakult.Inventory.App\Pages\Request\EditRequestDialog.xaml.cs(878,36): error CS0103: The name 'TxtEmployeeNumber' does not exist in the current context [C:\Users\russel.mercado\source\repos\Yakult-System-New\Yakult.Inventory.App\Yakult.Inventory.App.csproj]
C:\Users\russel.mercado\source\repos\Yakult-System-New\Yakult.Inventory.App\Wpf\RepairPortal\Reports\Views\RepairReportsListWindow.xaml.cs(15,13): error CS0103: The name 'InitializeComponent' does not exist in the current context [C:\Users\russel.mercado\source\repos\Yakult-System-New\Yakult.Inventory.App\Yakult.Inventory.App.csproj]
C:\Users\russel.mercado\source\repos\Yakult-System-New\Yakult.Inventory.App\Wpf\RepairPortal\Reports\Views\RepairReportsListWindow.xaml.cs(55,27): error CS0103: The name 'SelectAllCheckBox' does not exist in the current context [C:\Users\russel.mercado\source\repos\Yakult-System-New\Yakult.Inventory.App\Yakult.Inventory.App.csproj]
C:\Users\russel.mercado\source\repos\Yakult-System-New\Yakult.Inventory.App\Pages\Request\BatchAddRequestDialog.xaml.cs(682,46): error CS0103: The name 'ChkNoEmployee' does not exist in the current context [C:\Users\russel.mercado\source\repos\Yakult-System-New\Yakult.Inventory.App\Yakult.Inventory.App.csproj]
C:\Users\russel.mercado\source\repos\Yakult-System-New\Yakult.Inventory.App\Pages\Request\BatchAddRequestDialog.xaml.cs(683,61): error CS0103: The name 'CmbDepartment' does not exist in the current context [C:\Users\russel.mercado\source\repos\Yakult-System-New\Yakult.Inventory.App\Yakult.Inventory.App.csproj]
C:\Users\russel.mercado\source\repos\Yakult-System-New\Yakult.Inventory.App\Pages\Request\BatchAddRequestDialog.xaml.cs(684,63): error CS0103: The name 'CmbBranch' does not exist in the current context [C:\Users\russel.mercado\source\repos\Yakult-System-New\Yakult.Inventory.App\Yakult.Inventory.App.csproj]
C:\Users\russel.mercado\source\repos\Yakult-System-New\Yakult.Inventory.App\Pages\Request\BatchAddRequestDialog.xaml.cs(718,17): error CS0103: The name 'CmbDepartment' does not exist in the current context [C:\Users\russel.mercado\source\repos\Yakult-System-New\Yakult.Inventory.App\Yakult.Inventory.App.csproj]
C:\Users\russel.mercado\source\repos\Yakult-System-New\Yakult.Inventory.App\Pages\Request\BatchAddRequestDialog.xaml.cs(719,31): error CS0103: The name 'CmbDepartment' does not exist in the current context [C:\Users\russel.mercado\source\repos\Yakult-System-New\Yakult.Inventory.App\Yakult.Inventory.App.csproj]
C:\Users\russel.mercado\source\repos\Yakult-System-New\Yakult.Inventory.App\Pages\Request\BatchAddRequestDialog.xaml.cs(723,17): error CS0103: The name 'CmbDepartment' does not exist in the current context [C:\Users\russel.mercado\source\repos\Yakult-System-New\Yakult.Inventory.App\Yakult.Inventory.App.csproj]
C:\Users\russel.mercado\source\repos\Yakult-System-New\Yakult.Inventory.App\Pages\Request\BatchAddRequestDialog.xaml.cs(724,59): error CS0103: The name 'CmbDepartment' does not exist in the current context [C:\Users\russel.mercado\source\repos\Yakult-System-New\Yakult.Inventory.App\Yakult.Inventory.App.csproj]
C:\Users\russel.mercado\source\repos\Yakult-System-New\Yakult.Inventory.App\Pages\Request\BatchAddRequestDialog.xaml.cs(729,17): error CS0103: The name 'CmbBranch' does not exist in the current context [C:\Users\russel.mercado\source\repos\Yakult-System-New\Yakult.Inventory.App\Yakult.Inventory.App.csproj]
C:\Users\russel.mercado\source\repos\Yakult-System-New\Yakult.Inventory.App\Pages\Request\BatchAddRequestDialog.xaml.cs(730,31): error CS0103: The name 'CmbBranch' does not exist in the current context [C:\Users\russel.mercado\source\repos\Yakult-System-New\Yakult.Inventory.App\Yakult.Inventory.App.csproj]
C:\Users\russel.mercado\source\repos\Yakult-System-New\Yakult.Inventory.App\Pages\Request\BatchAddRequestDialog.xaml.cs(734,17): error CS0103: The name 'CmbBranch' does not exist in the current context [C:\Users\russel.mercado\source\repos\Yakult-System-New\Yakult.Inventory.App\Yakult.Inventory.App.csproj]
C:\Users\russel.mercado\source\repos\Yakult-System-New\Yakult.Inventory.App\Pages\Request\BatchAddRequestDialog.xaml.cs(735,56): error CS0103: The name 'CmbBranch' does not exist in the current context [C:\Users\russel.mercado\source\repos\Yakult-System-New\Yakult.Inventory.App\Yakult.Inventory.App.csproj]
C:\Users\russel.mercado\source\repos\Yakult-System-New\Yakult.Inventory.App\Pages\Request\BatchAddRequestDialog.xaml.cs(739,17): error CS0103: The name 'PopupEmployee' does not exist in the current context [C:\Users\russel.mercado\source\repos\Yakult-System-New\Yakult.Inventory.App\Yakult.Inventory.App.csproj]
C:\Users\russel.mercado\source\repos\Yakult-System-New\Yakult.Inventory.App\Pages\Request\BatchAddRequestDialog.xaml.cs(739,41): error CS0103: The name 'ChkNoEmployee' does not exist in the current context [C:\Users\russel.mercado\source\repos\Yakult-System-New\Yakult.Inventory.App\Yakult.Inventory.App.csproj]
C:\Users\russel.mercado\source\repos\Yakult-System-New\Yakult.Inventory.App\Pages\Request\BatchAddRequestDialog.xaml.cs(740,35): error CS0103: The name 'TxtEmployee' does not exist in the current context [C:\Users\russel.mercado\source\repos\Yakult-System-New\Yakult.Inventory.App\Yakult.Inventory.App.csproj]
C:\Users\russel.mercado\source\repos\Yakult-System-New\Yakult.Inventory.App\Pages\Request\BatchAddRequestDialog.xaml.cs(761,13): error CS0103: The name 'CmbBranch' does not exist in the current context [C:\Users\russel.mercado\source\repos\Yakult-System-New\Yakult.Inventory.App\Yakult.Inventory.App.csproj]
C:\Users\russel.mercado\source\repos\Yakult-System-New\Yakult.Inventory.App\Pages\Request\BatchAddRequestDialog.xaml.cs(762,52): error CS0103: The name 'CmbBranch' does not exist in the current context [C:\Users\russel.mercado\source\repos\Yakult-System-New\Yakult.Inventory.App\Yakult.Inventory.App.csproj]
C:\Users\russel.mercado\source\repos\Yakult-System-New\Yakult.Inventory.App\Pages\Request\BatchAddRequestDialog.xaml.cs(765,17): error CS0103: The name 'PopupEmployee' does not exist in the current context [C:\Users\russel.mercado\source\repos\Yakult-System-New\Yakult.Inventory.App\Yakult.Inventory.App.csproj]
C:\Users\russel.mercado\source\repos\Yakult-System-New\Yakult.Inventory.App\Pages\Request\BatchAddRequestDialog.xaml.cs(765,41): error CS0103: The name 'ChkNoEmployee' does not exist in the current context [C:\Users\russel.mercado\source\repos\Yakult-System-New\Yakult.Inventory.App\Yakult.Inventory.App.csproj]
C:\Users\russel.mercado\source\repos\Yakult-System-New\Yakult.Inventory.App\Pages\Request\BatchAddRequestDialog.xaml.cs(766,35): error CS0103: The name 'TxtEmployee' does not exist in the current context [C:\Users\russel.mercado\source\repos\Yakult-System-New\Yakult.Inventory.App\Yakult.Inventory.App.csproj]
C:\Users\russel.mercado\source\repos\Yakult-System-New\Yakult.Inventory.App\Wpf\Category\Views\CategoryPageView.xaml.cs(82,13): error CS0103: The name 'CategoriesGrid' does not exist in the current context [C:\Users\russel.mercado\source\repos\Yakult-System-New\Yakult.Inventory.App\Yakult.Inventory.App.csproj]
C:\Users\russel.mercado\source\repos\Yakult-System-New\Yakult.Inventory.App\Pages\Request\BatchAddRequestDialog.xaml.cs(786,29): error CS0103: The name 'CmbCompany' does not exist in the current context [C:\Users\russel.mercado\source\repos\Yakult-System-New\Yakult.Inventory.App\Yakult.Inventory.App.csproj]
C:\Users\russel.mercado\source\repos\Yakult-System-New\Yakult.Inventory.App\Pages\Request\BatchAddRequestDialog.xaml.cs(787,29): error CS0103: The name 'CmbDepartment' does not exist in the current context [C:\Users\russel.mercado\source\repos\Yakult-System-New\Yakult.Inventory.App\Yakult.Inventory.App.csproj]
C:\Users\russel.mercado\source\repos\Yakult-System-New\Yakult.Inventory.App\Wpf\Category\Views\CategoryPageView.xaml.cs(109,13): error CS0103: The name 'CategoriesGrid' does not exist in the current context [C:\Users\russel.mercado\source\repos\Yakult-System-New\Yakult.Inventory.App\Yakult.Inventory.App.csproj]
C:\Users\russel.mercado\source\repos\Yakult-System-New\Yakult.Inventory.App\Pages\Request\BatchAddRequestDialog.xaml.cs(810,48): error CS0103: The name 'CmbDepartment' does not exist in the current context [C:\Users\russel.mercado\source\repos\Yakult-System-New\Yakult.Inventory.App\Yakult.Inventory.App.csproj]
C:\Users\russel.mercado\source\repos\Yakult-System-New\Yakult.Inventory.App\Pages\Request\BatchAddRequestDialog.xaml.cs(811,48): error CS0103: The name 'CmbBranch' does not exist in the current context [C:\Users\russel.mercado\source\repos\Yakult-System-New\Yakult.Inventory.App\Yakult.Inventory.App.csproj]
C:\Users\russel.mercado\source\repos\Yakult-System-New\Yakult.Inventory.App\Pages\Request\BatchAddRequestDialog.xaml.cs(852,13): error CS0103: The name 'DgvRequests' does not exist in the current context [C:\Users\russel.mercado\source\repos\Yakult-System-New\Yakult.Inventory.App\Yakult.Inventory.App.csproj]
C:\Users\russel.mercado\source\repos\Yakult-System-New\Yakult.Inventory.App\Wpf\Category\Views\CategoryPageView.xaml.cs(133,55): error CS0103: The name 'CategoriesGrid' does not exist in the current context [C:\Users\russel.mercado\source\repos\Yakult-System-New\Yakult.Inventory.App\Yakult.Inventory.App.csproj]
C:\Users\russel.mercado\source\repos\Yakult-System-New\Yakult.Inventory.App\Wpf\Category\Views\CategoryPageView.xaml.cs(134,73): error CS0103: The name 'CategoriesGrid' does not exist in the current context [C:\Users\russel.mercado\source\repos\Yakult-System-New\Yakult.Inventory.App\Yakult.Inventory.App.csproj]
C:\Users\russel.mercado\source\repos\Yakult-System-New\Yakult.Inventory.App\Wpf\Category\Views\CategoryPageView.xaml.cs(150,33): error CS0103: The name 'CategoriesGrid' does not exist in the current context [C:\Users\russel.mercado\source\repos\Yakult-System-New\Yakult.Inventory.App\Yakult.Inventory.App.csproj]
C:\Users\russel.mercado\source\repos\Yakult-System-New\Yakult.Inventory.App\Pages\Request\BatchAddRequestDialog.xaml.cs(882,31): error CS0103: The name 'CmbCompany' does not exist in the current context [C:\Users\russel.mercado\source\repos\Yakult-System-New\Yakult.Inventory.App\Yakult.Inventory.App.csproj]
C:\Users\russel.mercado\source\repos\Yakult-System-New\Yakult.Inventory.App\Pages\Request\BatchAddRequestDialog.xaml.cs(883,31): error CS0103: The name 'CmbDepartment' does not exist in the current context [C:\Users\russel.mercado\source\repos\Yakult-System-New\Yakult.Inventory.App\Yakult.Inventory.App.csproj]
C:\Users\russel.mercado\source\repos\Yakult-System-New\Yakult.Inventory.App\Pages\Request\BatchAddRequestDialog.xaml.cs(914,17): error CS0103: The name 'DgvRequests' does not exist in the current context [C:\Users\russel.mercado\source\repos\Yakult-System-New\Yakult.Inventory.App\Yakult.Inventory.App.csproj]
C:\Users\russel.mercado\source\repos\Yakult-System-New\Yakult.Inventory.App\Pages\Request\BatchAddRequestDialog.xaml.cs(920,22): error CS0103: The name 'DgvRequests' does not exist in the current context [C:\Users\russel.mercado\source\repos\Yakult-System-New\Yakult.Inventory.App\Yakult.Inventory.App.csproj]
C:\Users\russel.mercado\source\repos\Yakult-System-New\Yakult.Inventory.App\Wpf\Branch\Views\BranchPageView.xaml.cs(24,13): error CS0103: The name 'InitializeComponent' does not exist in the current context [C:\Users\russel.mercado\source\repos\Yakult-System-New\Yakult.Inventory.App\Yakult.Inventory.App.csproj]
C:\Users\russel.mercado\source\repos\Yakult-System-New\Yakult.Inventory.App\Wpf\Branch\Views\BranchPageView.xaml.cs(37,37): error CS0103: The name 'BranchesGrid' does not exist in the current context [C:\Users\russel.mercado\source\repos\Yakult-System-New\Yakult.Inventory.App\Yakult.Inventory.App.csproj]
C:\Users\russel.mercado\source\repos\Yakult-System-New\Yakult.Inventory.App\Pages\Request\BatchAddRequestDialog.xaml.cs(932,24): error CS0103: The name 'ColItem' does not exist in the current context [C:\Users\russel.mercado\source\repos\Yakult-System-New\Yakult.Inventory.App\Yakult.Inventory.App.csproj]
C:\Users\russel.mercado\source\repos\Yakult-System-New\Yakult.Inventory.App\Wpf\Branch\Views\BranchPageView.xaml.cs(68,13): error CS0103: The name 'BranchesGrid' does not exist in the current context [C:\Users\russel.mercado\source\repos\Yakult-System-New\Yakult.Inventory.App\Yakult.Inventory.App.csproj]
C:\Users\russel.mercado\source\repos\Yakult-System-New\Yakult.Inventory.App\Wpf\Department\Views\DepartmentPageView.xaml.cs(21,13): error CS0103: The name 'InitializeComponent' does not exist in the current context [C:\Users\russel.mercado\source\repos\Yakult-System-New\Yakult.Inventory.App\Yakult.Inventory.App.csproj]
C:\Users\russel.mercado\source\repos\Yakult-System-New\Yakult.Inventory.App\Wpf\Department\Views\DepartmentPageView.xaml.cs(34,37): error CS0103: The name 'DepartmentsGrid' does not exist in the current context [C:\Users\russel.mercado\source\repos\Yakult-System-New\Yakult.Inventory.App\Yakult.Inventory.App.csproj]
C:\Users\russel.mercado\source\repos\Yakult-System-New\Yakult.Inventory.App\Wpf\Branch\Views\BranchPageView.xaml.cs(95,13): error CS0103: The name 'BranchesGrid' does not exist in the current context [C:\Users\russel.mercado\source\repos\Yakult-System-New\Yakult.Inventory.App\Yakult.Inventory.App.csproj]
C:\Users\russel.mercado\source\repos\Yakult-System-New\Yakult.Inventory.App\Wpf\Branch\Views\BranchPageView.xaml.cs(119,55): error CS0103: The name 'BranchesGrid' does not exist in the current context [C:\Users\russel.mercado\source\repos\Yakult-System-New\Yakult.Inventory.App\Yakult.Inventory.App.csproj]
C:\Users\russel.mercado\source\repos\Yakult-System-New\Yakult.Inventory.App\Wpf\Branch\Views\BranchPageView.xaml.cs(120,73): error CS0103: The name 'BranchesGrid' does not exist in the current context [C:\Users\russel.mercado\source\repos\Yakult-System-New\Yakult.Inventory.App\Yakult.Inventory.App.csproj]
C:\Users\russel.mercado\source\repos\Yakult-System-New\Yakult.Inventory.App\Wpf\Branch\Views\BranchPageView.xaml.cs(136,33): error CS0103: The name 'BranchesGrid' does not exist in the current context [C:\Users\russel.mercado\source\repos\Yakult-System-New\Yakult.Inventory.App\Yakult.Inventory.App.csproj]
C:\Users\russel.mercado\source\repos\Yakult-System-New\Yakult.Inventory.App\Wpf\RepairPortal\Attendance\Views\RepairAttendanceHistoryWindow.xaml.cs(14,13): error CS0103: The name 'InitializeComponent' does not exist in the current context [C:\Users\russel.mercado\source\repos\Yakult-System-New\Yakult.Inventory.App\Yakult.Inventory.App.csproj]
C:\Users\russel.mercado\source\repos\Yakult-System-New\Yakult.Inventory.App\Pages\Request\BatchAddRequestDialog.xaml.cs(1004,17): error CS0103: The name 'TxtDescription' does not exist in the current context [C:\Users\russel.mercado\source\repos\Yakult-System-New\Yakult.Inventory.App\Yakult.Inventory.App.csproj]
C:\Users\russel.mercado\source\repos\Yakult-System-New\Yakult.Inventory.App\Pages\Request\BatchAddRequestDialog.xaml.cs(1005,17): error CS0103: The name 'TxtRemarks' does not exist in the current context [C:\Users\russel.mercado\source\repos\Yakult-System-New\Yakult.Inventory.App\Yakult.Inventory.App.csproj]
C:\Users\russel.mercado\source\repos\Yakult-System-New\Yakult.Inventory.App\Pages\Request\BatchAddRequestDialog.xaml.cs(1006,17): error CS0103: The name 'TxtRemarks' does not exist in the current context [C:\Users\russel.mercado\source\repos\Yakult-System-New\Yakult.Inventory.App\Yakult.Inventory.App.csproj]
C:\Users\russel.mercado\source\repos\Yakult-System-New\Yakult.Inventory.App\Pages\Request\BatchAddRequestDialog.xaml.cs(1014,17): error CS0103: The name 'DgvRequests' does not exist in the current context [C:\Users\russel.mercado\source\repos\Yakult-System-New\Yakult.Inventory.App\Yakult.Inventory.App.csproj]
C:\Users\russel.mercado\source\repos\Yakult-System-New\Yakult.Inventory.App\Pages\Request\BatchAddRequestDialog.xaml.cs(1015,30): error CS0103: The name 'TxtRemarks' does not exist in the current context [C:\Users\russel.mercado\source\repos\Yakult-System-New\Yakult.Inventory.App\Yakult.Inventory.App.csproj]
C:\Users\russel.mercado\source\repos\Yakult-System-New\Yakult.Inventory.App\Wpf\RepairPortal\Kanban\Views\RepairTicketKanbanView.xaml.cs(20,13): error CS0103: The name 'InitializeComponent' does not exist in the current context [C:\Users\russel.mercado\source\repos\Yakult-System-New\Yakult.Inventory.App\Yakult.Inventory.App.csproj]
C:\Users\russel.mercado\source\repos\Yakult-System-New\Yakult.Inventory.App\Wpf\RepairPortal\Kanban\Views\RepairTicketKanbanView.xaml.cs(28,24): error CS0103: The name 'WaitingItems' does not exist in the current context [C:\Users\russel.mercado\source\repos\Yakult-System-New\Yakult.Inventory.App\Yakult.Inventory.App.csproj]
C:\Users\russel.mercado\source\repos\Yakult-System-New\Yakult.Inventory.App\Wpf\RepairPortal\Kanban\Views\RepairTicketKanbanView.xaml.cs(29,24): error CS0103: The name 'DiagnosingItems' does not exist in the current context [C:\Users\russel.mercado\source\repos\Yakult-System-New\Yakult.Inventory.App\Yakult.Inventory.App.csproj]
C:\Users\russel.mercado\source\repos\Yakult-System-New\Yakult.Inventory.App\Wpf\RepairPortal\Kanban\Views\RepairTicketKanbanView.xaml.cs(30,24): error CS0103: The name 'RepairingItems' does not exist in the current context [C:\Users\russel.mercado\source\repos\Yakult-System-New\Yakult.Inventory.App\Yakult.Inventory.App.csproj]
C:\Users\russel.mercado\source\repos\Yakult-System-New\Yakult.Inventory.App\Wpf\RepairPortal\Kanban\Views\RepairTicketKanbanView.xaml.cs(31,24): error CS0103: The name 'TestingItems' does not exist in the current context [C:\Users\russel.mercado\source\repos\Yakult-System-New\Yakult.Inventory.App\Yakult.Inventory.App.csproj]
C:\Users\russel.mercado\source\repos\Yakult-System-New\Yakult.Inventory.App\Wpf\RepairPortal\Kanban\Views\RepairTicketKanbanView.xaml.cs(32,24): error CS0103: The name 'CompletedItems' does not exist in the current context [C:\Users\russel.mercado\source\repos\Yakult-System-New\Yakult.Inventory.App\Yakult.Inventory.App.csproj]
C:\Users\russel.mercado\source\repos\Yakult-System-New\Yakult.Inventory.App\Wpf\RepairPortal\Kanban\Views\RepairTicketKanbanView.xaml.cs(33,24): error CS0103: The name 'UnrepairableItems' does not exist in the current context [C:\Users\russel.mercado\source\repos\Yakult-System-New\Yakult.Inventory.App\Yakult.Inventory.App.csproj]
C:\Users\russel.mercado\source\repos\Yakult-System-New\Yakult.Inventory.App\Wpf\RepairPortal\Table\Views\RepairTicketTableView.xaml.cs(35,13): error CS0103: The name 'InitializeComponent' does not exist in the current context [C:\Users\russel.mercado\source\repos\Yakult-System-New\Yakult.Inventory.App\Yakult.Inventory.App.csproj]
C:\Users\russel.mercado\source\repos\Yakult-System-New\Yakult.Inventory.App\Wpf\RepairPortal\Table\Views\RepairTicketTableView.xaml.cs(36,13): error CS0103: The name 'TicketsGrid' does not exist in the current context [C:\Users\russel.mercado\source\repos\Yakult-System-New\Yakult.Inventory.App\Yakult.Inventory.App.csproj]
C:\Users\russel.mercado\source\repos\Yakult-System-New\Yakult.Inventory.App\Wpf\RepairPortal\Table\Views\RepairTicketTableView.xaml.cs(42,13): error CS0103: The name 'PagingBar' does not exist in the current context [C:\Users\russel.mercado\source\repos\Yakult-System-New\Yakult.Inventory.App\Yakult.Inventory.App.csproj]
C:\Users\russel.mercado\source\repos\Yakult-System-New\Yakult.Inventory.App\Wpf\RepairPortal\Table\Views\RepairTicketTableView.xaml.cs(43,13): error CS0103: The name 'PagingBar' does not exist in the current context [C:\Users\russel.mercado\source\repos\Yakult-System-New\Yakult.Inventory.App\Yakult.Inventory.App.csproj]
C:\Users\russel.mercado\source\repos\Yakult-System-New\Yakult.Inventory.App\Wpf\RepairPortal\Table\Views\RepairTicketTableView.xaml.cs(44,13): error CS0103: The name 'PagingBar' does not exist in the current context [C:\Users\russel.mercado\source\repos\Yakult-System-New\Yakult.Inventory.App\Yakult.Inventory.App.csproj]
C:\Users\russel.mercado\source\repos\Yakult-System-New\Yakult.Inventory.App\Wpf\RepairPortal\Table\Views\RepairTicketTableView.xaml.cs(45,13): error CS0103: The name 'PagingBar' does not exist in the current context [C:\Users\russel.mercado\source\repos\Yakult-System-New\Yakult.Inventory.App\Yakult.Inventory.App.csproj]
C:\Users\russel.mercado\source\repos\Yakult-System-New\Yakult.Inventory.App\Wpf\RepairPortal\Table\Views\RepairTicketTableView.xaml.cs(49,13): error CS0103: The name 'TicketsGrid' does not exist in the current context [C:\Users\russel.mercado\source\repos\Yakult-System-New\Yakult.Inventory.App\Yakult.Inventory.App.csproj]
C:\Users\russel.mercado\source\repos\Yakult-System-New\Yakult.Inventory.App\Wpf\Notifications\NotificationSettingsWindow.xaml.cs(26,13): error CS0103: The name 'InitializeComponent' does not exist in the current context [C:\Users\russel.mercado\source\repos\Yakult-System-New\Yakult.Inventory.App\Yakult.Inventory.App.csproj]
C:\Users\russel.mercado\source\repos\Yakult-System-New\Yakult.Inventory.App\Wpf\Notifications\NotificationSettingsWindow.xaml.cs(31,13): error CS0103: The name 'toggleSwitch' does not exist in the current context [C:\Users\russel.mercado\source\repos\Yakult-System-New\Yakult.Inventory.App\Yakult.Inventory.App.csproj]
C:\Users\russel.mercado\source\repos\Yakult-System-New\Yakult.Inventory.App\Wpf\Notifications\NotificationSettingsWindow.xaml.cs(32,13): error CS0103: The name 'toggleSwitch' does not exist in the current context [C:\Users\russel.mercado\source\repos\Yakult-System-New\Yakult.Inventory.App\Yakult.Inventory.App.csproj]
C:\Users\russel.mercado\source\repos\Yakult-System-New\Yakult.Inventory.App\Wpf\Notifications\NotificationSettingsWindow.xaml.cs(35,13): error CS0103: The name 'toggleSwitch' does not exist in the current context [C:\Users\russel.mercado\source\repos\Yakult-System-New\Yakult.Inventory.App\Yakult.Inventory.App.csproj]
C:\Users\russel.mercado\source\repos\Yakult-System-New\Yakult.Inventory.App\Wpf\Notifications\NotificationSettingsWindow.xaml.cs(41,31): error CS0103: The name 'toggleSwitch' does not exist in the current context [C:\Users\russel.mercado\source\repos\Yakult-System-New\Yakult.Inventory.App\Yakult.Inventory.App.csproj]
C:\Users\russel.mercado\source\repos\Yakult-System-New\Yakult.Inventory.App\Wpf\Notifications\NotificationSettingsWindow.xaml.cs(46,13): error CS0103: The name 'lblToggleState' does not exist in the current context [C:\Users\russel.mercado\source\repos\Yakult-System-New\Yakult.Inventory.App\Yakult.Inventory.App.csproj]
C:\Users\russel.mercado\source\repos\Yakult-System-New\Yakult.Inventory.App\Wpf\Notifications\NotificationSettingsWindow.xaml.cs(47,13): error CS0103: The name 'lblToggleState' does not exist in the current context [C:\Users\russel.mercado\source\repos\Yakult-System-New\Yakult.Inventory.App\Yakult.Inventory.App.csproj]
C:\Users\russel.mercado\source\repos\Yakult-System-New\Yakult.Inventory.App\Wpf\Notifications\NotificationSettingsWindow.xaml.cs(54,28): error CS0103: The name 'toggleSwitch' does not exist in the current context [C:\Users\russel.mercado\source\repos\Yakult-System-New\Yakult.Inventory.App\Yakult.Inventory.App.csproj]
C:\Users\russel.mercado\source\repos\Yakult-System-New\Yakult.Inventory.App\Wpf\RepairPortal\Table\Views\RepairTicketTableView.xaml.cs(159,13): error CS0103: The name 'PagingBar' does not exist in the current context [C:\Users\russel.mercado\source\repos\Yakult-System-New\Yakult.Inventory.App\Yakult.Inventory.App.csproj]
C:\Users\russel.mercado\source\repos\Yakult-System-New\Yakult.Inventory.App\Wpf\RepairPortal\Table\Views\RepairTicketTableView.xaml.cs(168,17): error CS0103: The name 'SelectAllCheckBox' does not exist in the current context [C:\Users\russel.mercado\source\repos\Yakult-System-New\Yakult.Inventory.App\Yakult.Inventory.App.csproj]
C:\Users\russel.mercado\source\repos\Yakult-System-New\Yakult.Inventory.App\Wpf\RepairPortal\Table\Views\RepairTicketTableView.xaml.cs(168,54): error CS0103: The name 'SelectAllCheckBox' does not exist in the current context [C:\Users\russel.mercado\source\repos\Yakult-System-New\Yakult.Inventory.App\Yakult.Inventory.App.csproj]
C:\Users\russel.mercado\source\repos\Yakult-System-New\Yakult.Inventory.App\Wpf\Notifications\NotificationSettingsWindow.xaml.cs(68,17): error CS0103: The name 'toggleSwitch' does not exist in the current context [C:\Users\russel.mercado\source\repos\Yakult-System-New\Yakult.Inventory.App\Yakult.Inventory.App.csproj]
C:\Users\russel.mercado\source\repos\Yakult-System-New\Yakult.Inventory.App\Wpf\Notifications\NotificationSettingsWindow.xaml.cs(94,13): error CS0103: The name 'lblStatus' does not exist in the current context [C:\Users\russel.mercado\source\repos\Yakult-System-New\Yakult.Inventory.App\Yakult.Inventory.App.csproj]
C:\Users\russel.mercado\source\repos\Yakult-System-New\Yakult.Inventory.App\Wpf\Notifications\NotificationSettingsWindow.xaml.cs(95,13): error CS0103: The name 'lblStatus' does not exist in the current context [C:\Users\russel.mercado\source\repos\Yakult-System-New\Yakult.Inventory.App\Yakult.Inventory.App.csproj]
C:\Users\russel.mercado\source\repos\Yakult-System-New\Yakult.Inventory.App\Wpf\RepairPortal\Table\Views\RepairTicketTableView.xaml.cs(185,27): error CS0103: The name 'SelectAllCheckBox' does not exist in the current context [C:\Users\russel.mercado\source\repos\Yakult-System-New\Yakult.Inventory.App\Yakult.Inventory.App.csproj]
C:\Users\russel.mercado\source\repos\Yakult-System-New\Yakult.Inventory.App\Pages\Request\BatchAddRequestDialog.xaml.cs(1070,13): error CS0103: The name 'DgvRequests' does not exist in the current context [C:\Users\russel.mercado\source\repos\Yakult-System-New\Yakult.Inventory.App\Yakult.Inventory.App.csproj]
C:\Users\russel.mercado\source\repos\Yakult-System-New\Yakult.Inventory.App\Pages\Request\BatchAddRequestDialog.xaml.cs(1071,13): error CS0103: The name 'DgvRequests' does not exist in the current context [C:\Users\russel.mercado\source\repos\Yakult-System-New\Yakult.Inventory.App\Yakult.Inventory.App.csproj]
C:\Users\russel.mercado\source\repos\Yakult-System-New\Yakult.Inventory.App\Pages\Request\BatchAddRequestDialog.xaml.cs(1078,26): error CS0103: The name 'ChkNoEmployee' does not exist in the current context [C:\Users\russel.mercado\source\repos\Yakult-System-New\Yakult.Inventory.App\Yakult.Inventory.App.csproj]
C:\Users\russel.mercado\source\repos\Yakult-System-New\Yakult.Inventory.App\Pages\Request\BatchAddRequestDialog.xaml.cs(1082,34): error CS0103: The name 'CmbCompany' does not exist in the current context [C:\Users\russel.mercado\source\repos\Yakult-System-New\Yakult.Inventory.App\Yakult.Inventory.App.csproj]
C:\Users\russel.mercado\source\repos\Yakult-System-New\Yakult.Inventory.App\Pages\Request\BatchAddRequestDialog.xaml.cs(1085,21): error CS0103: The name 'CmbCompany' does not exist in the current context [C:\Users\russel.mercado\source\repos\Yakult-System-New\Yakult.Inventory.App\Yakult.Inventory.App.csproj]
C:\Users\russel.mercado\source\repos\Yakult-System-New\Yakult.Inventory.App\Pages\Request\BatchAddRequestDialog.xaml.cs(1093,31): error CS0103: The name 'CmbDepartment' does not exist in the current context [C:\Users\russel.mercado\source\repos\Yakult-System-New\Yakult.Inventory.App\Yakult.Inventory.App.csproj]
C:\Users\russel.mercado\source\repos\Yakult-System-New\Yakult.Inventory.App\Pages\Request\BatchAddRequestDialog.xaml.cs(1096,33): error CS0103: The name 'CmbBranch' does not exist in the current context [C:\Users\russel.mercado\source\repos\Yakult-System-New\Yakult.Inventory.App\Yakult.Inventory.App.csproj]
C:\Users\russel.mercado\source\repos\Yakult-System-New\Yakult.Inventory.App\Pages\Request\BatchAddRequestDialog.xaml.cs(1105,33): error CS0103: The name 'TxtEmployee' does not exist in the current context [C:\Users\russel.mercado\source\repos\Yakult-System-New\Yakult.Inventory.App\Yakult.Inventory.App.csproj]
C:\Users\russel.mercado\source\repos\Yakult-System-New\Yakult.Inventory.App\Pages\Request\BatchAddRequestDialog.xaml.cs(1107,56): error CS8175: Cannot use ref local 'typed' inside an anonymous method, lambda expression, or query expression [C:\Users\russel.mercado\source\repos\Yakult-System-New\Yakult.Inventory.App\Yakult.Inventory.App.csproj]
C:\Users\russel.mercado\source\repos\Yakult-System-New\Yakult.Inventory.App\Pages\Request\BatchAddRequestDialog.xaml.cs(1111,21): error CS0103: The name 'TxtEmployee' does not exist in the current context [C:\Users\russel.mercado\source\repos\Yakult-System-New\Yakult.Inventory.App\Yakult.Inventory.App.csproj]
C:\Users\russel.mercado\source\repos\Yakult-System-New\Yakult.Inventory.App\Pages\Request\BatchAddRequestDialog.xaml.cs(1114,21): error CS0103: The name 'TxtEmployee' does not exist in the current context [C:\Users\russel.mercado\source\repos\Yakult-System-New\Yakult.Inventory.App\Yakult.Inventory.App.csproj]
C:\Users\russel.mercado\source\repos\Yakult-System-New\Yakult.Inventory.App\Pages\Request\BatchAddRequestDialog.xaml.cs(1117,17): error CS0103: The name 'TxtEmployee' does not exist in the current context [C:\Users\russel.mercado\source\repos\Yakult-System-New\Yakult.Inventory.App\Yakult.Inventory.App.csproj]
C:\Users\russel.mercado\source\repos\Yakult-System-New\Yakult.Inventory.App\Pages\Software\SoftwareServiceSetDialog.cs(32,13): error CS0103: The name 'InitializeComponent' does not exist in the current context [C:\Users\russel.mercado\source\repos\Yakult-System-New\Yakult.Inventory.App\Yakult.Inventory.App.csproj]
C:\Users\russel.mercado\source\repos\Yakult-System-New\Yakult.Inventory.App\Wpf\RepairPortal\Table\Views\RepairTicketSelectionReviewDialog.xaml.cs(26,13): error CS0103: The name 'InitializeComponent' does not exist in the current context [C:\Users\russel.mercado\source\repos\Yakult-System-New\Yakult.Inventory.App\Yakult.Inventory.App.csproj]
C:\Users\russel.mercado\source\repos\Yakult-System-New\Yakult.Inventory.App\Wpf\RepairPortal\Table\Views\RepairTicketSelectionReviewDialog.xaml.cs(30,13): error CS0103: The name 'TicketsGrid' does not exist in the current context [C:\Users\russel.mercado\source\repos\Yakult-System-New\Yakult.Inventory.App\Yakult.Inventory.App.csproj]
C:\Users\russel.mercado\source\repos\Yakult-System-New\Yakult.Inventory.App\Wpf\RequestPortal\AssistedRequest\Views\AssistedRequestView.xaml.cs(12,85): error CS0103: The name 'tourAssistedBanner' does not exist in the current context [C:\Users\russel.mercado\source\repos\Yakult-System-New\Yakult.Inventory.App\Yakult.Inventory.App.csproj]
C:\Users\russel.mercado\source\repos\Yakult-System-New\Yakult.Inventory.App\Wpf\RequestPortal\AssistedRequest\Views\AssistedRequestView.xaml.cs(13,85): error CS0103: The name 'tourTargetEmployeeCard' does not exist in the current context [C:\Users\russel.mercado\source\repos\Yakult-System-New\Yakult.Inventory.App\Yakult.Inventory.App.csproj]
C:\Users\russel.mercado\source\repos\Yakult-System-New\Yakult.Inventory.App\Wpf\RequestPortal\AssistedRequest\Views\AssistedRequestView.xaml.cs(14,85): error CS0103: The name 'tourEmpFilterRow' does not exist in the current context [C:\Users\russel.mercado\source\repos\Yakult-System-New\Yakult.Inventory.App\Yakult.Inventory.App.csproj]
C:\Users\russel.mercado\source\repos\Yakult-System-New\Yakult.Inventory.App\Wpf\RequestPortal\AssistedRequest\Views\AssistedRequestView.xaml.cs(15,85): error CS0103: The name 'tourCartridgeSelectionCard' does not exist in the current context [C:\Users\russel.mercado\source\repos\Yakult-System-New\Yakult.Inventory.App\Yakult.Inventory.App.csproj]
C:\Users\russel.mercado\source\repos\Yakult-System-New\Yakult.Inventory.App\Wpf\RequestPortal\AssistedRequest\Views\AssistedRequestView.xaml.cs(16,85): error CS0103: The name 'tourRequestItemsCard' does not exist in the current context [C:\Users\russel.mercado\source\repos\Yakult-System-New\Yakult.Inventory.App\Yakult.Inventory.App.csproj]
C:\Users\russel.mercado\source\repos\Yakult-System-New\Yakult.Inventory.App\Wpf\RequestPortal\AssistedRequest\Views\AssistedRequestView.xaml.cs(17,85): error CS0103: The name 'tourDestinationCard' does not exist in the current context [C:\Users\russel.mercado\source\repos\Yakult-System-New\Yakult.Inventory.App\Yakult.Inventory.App.csproj]
C:\Users\russel.mercado\source\repos\Yakult-System-New\Yakult.Inventory.App\Wpf\RequestPortal\AssistedRequest\Views\AssistedRequestView.xaml.cs(18,85): error CS0103: The name 'tourRbFilterRow' does not exist in the current context [C:\Users\russel.mercado\source\repos\Yakult-System-New\Yakult.Inventory.App\Yakult.Inventory.App.csproj]
C:\Users\russel.mercado\source\repos\Yakult-System-New\Yakult.Inventory.App\Wpf\RequestPortal\AssistedRequest\Views\AssistedRequestView.xaml.cs(19,85): error CS0103: The name 'tourManualAuthCard' does not exist in the current context [C:\Users\russel.mercado\source\repos\Yakult-System-New\Yakult.Inventory.App\Yakult.Inventory.App.csproj]
C:\Users\russel.mercado\source\repos\Yakult-System-New\Yakult.Inventory.App\Wpf\RequestPortal\AssistedRequest\Views\AssistedRequestView.xaml.cs(20,85): error CS0103: The name 'tourAuthorizedByRow' does not exist in the current context [C:\Users\russel.mercado\source\repos\Yakult-System-New\Yakult.Inventory.App\Yakult.Inventory.App.csproj]
C:\Users\russel.mercado\source\repos\Yakult-System-New\Yakult.Inventory.App\Wpf\RequestPortal\AssistedRequest\Views\AssistedRequestView.xaml.cs(21,85): error CS0103: The name 'tourDecisionRow' does not exist in the current context [C:\Users\russel.mercado\source\repos\Yakult-System-New\Yakult.Inventory.App\Yakult.Inventory.App.csproj]
C:\Users\russel.mercado\source\repos\Yakult-System-New\Yakult.Inventory.App\Wpf\RequestPortal\AssistedRequest\Views\AssistedRequestView.xaml.cs(22,85): error CS0103: The name 'tourAuthRemarksRow' does not exist in the current context [C:\Users\russel.mercado\source\repos\Yakult-System-New\Yakult.Inventory.App\Yakult.Inventory.App.csproj]
C:\Users\russel.mercado\source\repos\Yakult-System-New\Yakult.Inventory.App\Wpf\RequestPortal\AssistedRequest\Views\AssistedRequestView.xaml.cs(23,85): error CS0103: The name 'tourActionBar' does not exist in the current context [C:\Users\russel.mercado\source\repos\Yakult-System-New\Yakult.Inventory.App\Yakult.Inventory.App.csproj]
C:\Users\russel.mercado\source\repos\Yakult-System-New\Yakult.Inventory.App\Wpf\RequestPortal\AssistedRequest\Views\AssistedRequestView.xaml.cs(29,13): error CS0103: The name 'InitializeComponent' does not exist in the current context [C:\Users\russel.mercado\source\repos\Yakult-System-New\Yakult.Inventory.App\Yakult.Inventory.App.csproj]
C:\Users\russel.mercado\source\repos\Yakult-System-New\Yakult.Inventory.App\Wpf\RequestPortal\AssistedRequest\Views\AssistedRequestView.xaml.cs(42,21): error CS0103: The name 'tourScrollViewer' does not exist in the current context [C:\Users\russel.mercado\source\repos\Yakult-System-New\Yakult.Inventory.App\Yakult.Inventory.App.csproj]
C:\Users\russel.mercado\source\repos\Yakult-System-New\Yakult.Inventory.App\Wpf\RepairPortal\Table\Views\RepairTicketSelectionReviewDialog.xaml.cs(88,13): error CS0103: The name 'MaximizeGlyph' does not exist in the current context [C:\Users\russel.mercado\source\repos\Yakult-System-New\Yakult.Inventory.App\Yakult.Inventory.App.csproj]
C:\Users\russel.mercado\source\repos\Yakult-System-New\Yakult.Inventory.App\Wpf\RepairPortal\Table\Views\RepairTicketSelectionReviewDialog.xaml.cs(89,13): error CS0103: The name 'MaximizeGlyph' does not exist in the current context [C:\Users\russel.mercado\source\repos\Yakult-System-New\Yakult.Inventory.App\Yakult.Inventory.App.csproj]
C:\Users\russel.mercado\source\repos\Yakult-System-New\Yakult.Inventory.App\Wpf\RepairPortal\Table\Views\RepairTicketSelectionReviewDialog.xaml.cs(132,17): error CS0103: The name 'SelectAllCheckBox' does not exist in the current context [C:\Users\russel.mercado\source\repos\Yakult-System-New\Yakult.Inventory.App\Yakult.Inventory.App.csproj]
C:\Users\russel.mercado\source\repos\Yakult-System-New\Yakult.Inventory.App\Wpf\RepairPortal\Table\Views\RepairTicketSelectionReviewDialog.xaml.cs(132,54): error CS0103: The name 'SelectAllCheckBox' does not exist in the current context [C:\Users\russel.mercado\source\repos\Yakult-System-New\Yakult.Inventory.App\Yakult.Inventory.App.csproj]
C:\Users\russel.mercado\source\repos\Yakult-System-New\Yakult.Inventory.App\Wpf\RepairPortal\Table\Views\RepairTicketSelectionReviewDialog.xaml.cs(138,27): error CS0103: The name 'SelectAllCheckBox' does not exist in the current context [C:\Users\russel.mercado\source\repos\Yakult-System-New\Yakult.Inventory.App\Yakult.Inventory.App.csproj]
C:\Users\russel.mercado\source\repos\Yakult-System-New\Yakult.Inventory.App\Wpf\RepairPortal\Table\Views\RepairTicketSelectionReviewDialog.xaml.cs(144,13): error CS0103: The name 'TxtCount' does not exist in the current context [C:\Users\russel.mercado\source\repos\Yakult-System-New\Yakult.Inventory.App\Yakult.Inventory.App.csproj]
C:\Users\russel.mercado\source\repos\Yakult-System-New\Yakult.Inventory.App\Wpf\RepairPortal\Table\Views\RepairTicketSelectionReviewDialog.xaml.cs(147,13): error CS0103: The name 'TxtEmptyState' does not exist in the current context [C:\Users\russel.mercado\source\repos\Yakult-System-New\Yakult.Inventory.App\Yakult.Inventory.App.csproj]
C:\Users\russel.mercado\source\repos\Yakult-System-New\Yakult.Inventory.App\Wpf\RepairPortal\Table\Views\RepairTicketSelectionReviewDialog.xaml.cs(148,13): error CS0103: The name 'BtnRemoveAll' does not exist in the current context [C:\Users\russel.mercado\source\repos\Yakult-System-New\Yakult.Inventory.App\Yakult.Inventory.App.csproj]
C:\Users\russel.mercado\source\repos\Yakult-System-New\Yakult.Inventory.App\Wpf\RepairPortal\Gallery\Views\RepairTicketGalleryView.xaml.cs(50,13): error CS0103: The name 'InitializeComponent' does not exist in the current context [C:\Users\russel.mercado\source\repos\Yakult-System-New\Yakult.Inventory.App\Yakult.Inventory.App.csproj]
C:\Users\russel.mercado\source\repos\Yakult-System-New\Yakult.Inventory.App\Wpf\RepairPortal\Gallery\Views\RepairTicketGalleryView.xaml.cs(51,13): error CS0103: The name 'TicketsItemsControl' does not exist in the current context [C:\Users\russel.mercado\source\repos\Yakult-System-New\Yakult.Inventory.App\Yakult.Inventory.App.csproj]
C:\Users\russel.mercado\source\repos\Yakult-System-New\Yakult.Inventory.App\Wpf\RepairPortal\Gallery\Views\RepairTicketGalleryView.xaml.cs(57,13): error CS0103: The name 'PagingBar' does not exist in the current context [C:\Users\russel.mercado\source\repos\Yakult-System-New\Yakult.Inventory.App\Yakult.Inventory.App.csproj]
C:\Users\russel.mercado\source\repos\Yakult-System-New\Yakult.Inventory.App\Wpf\RepairPortal\Gallery\Views\RepairTicketGalleryView.xaml.cs(58,13): error CS0103: The name 'PagingBar' does not exist in the current context [C:\Users\russel.mercado\source\repos\Yakult-System-New\Yakult.Inventory.App\Yakult.Inventory.App.csproj]
C:\Users\russel.mercado\source\repos\Yakult-System-New\Yakult.Inventory.App\Wpf\RepairPortal\Gallery\Views\RepairTicketGalleryView.xaml.cs(59,13): error CS0103: The name 'PagingBar' does not exist in the current context [C:\Users\russel.mercado\source\repos\Yakult-System-New\Yakult.Inventory.App\Yakult.Inventory.App.csproj]
C:\Users\russel.mercado\source\repos\Yakult-System-New\Yakult.Inventory.App\Wpf\RepairPortal\Gallery\Views\RepairTicketGalleryView.xaml.cs(60,13): error CS0103: The name 'PagingBar' does not exist in the current context [C:\Users\russel.mercado\source\repos\Yakult-System-New\Yakult.Inventory.App\Yakult.Inventory.App.csproj]
C:\Users\russel.mercado\source\repos\Yakult-System-New\Yakult.Inventory.App\Wpf\RepairPortal\Gallery\Views\RepairTicketGalleryView.xaml.cs(65,50): error CS0103: The name 'GalleryScrollViewer' does not exist in the current context [C:\Users\russel.mercado\source\repos\Yakult-System-New\Yakult.Inventory.App\Yakult.Inventory.App.csproj]
C:\Users\russel.mercado\source\repos\Yakult-System-New\Yakult.Inventory.App\Wpf\RepairPortal\Gallery\Views\RepairTicketGalleryView.xaml.cs(118,13): error CS0103: The name 'PagingBar' does not exist in the current context [C:\Users\russel.mercado\source\repos\Yakult-System-New\Yakult.Inventory.App\Yakult.Inventory.App.csproj]
C:\Users\russel.mercado\source\repos\Yakult-System-New\Yakult.Inventory.App\Wpf\RepairPortal\Gallery\Views\RepairTicketGalleryView.xaml.cs(148,59): error CS0103: The name 'TicketsItemsControl' does not exist in the current context [C:\Users\russel.mercado\source\repos\Yakult-System-New\Yakult.Inventory.App\Yakult.Inventory.App.csproj]
C:\Users\russel.mercado\source\repos\Yakult-System-New\Yakult.Inventory.App\Pages\Software\SoftwareServiceSetDialog.cs(68,13): error CS0103: The name 'ItemsGrid' does not exist in the current context [C:\Users\russel.mercado\source\repos\Yakult-System-New\Yakult.Inventory.App\Yakult.Inventory.App.csproj]
C:\Users\russel.mercado\source\repos\Yakult-System-New\Yakult.Inventory.App\Pages\Software\SoftwareServiceSetDialog.cs(71,28): error CS0103: The name 'DtpDocumentDate' does not exist in the current context [C:\Users\russel.mercado\source\repos\Yakult-System-New\Yakult.Inventory.App\Yakult.Inventory.App.csproj]
C:\Users\russel.mercado\source\repos\Yakult-System-New\Yakult.Inventory.App\Pages\Software\SoftwareServiceSetDialog.cs(72,28): error CS0103: The name 'DtpStartDate' does not exist in the current context [C:\Users\russel.mercado\source\repos\Yakult-System-New\Yakult.Inventory.App\Yakult.Inventory.App.csproj]
C:\Users\russel.mercado\source\repos\Yakult-System-New\Yakult.Inventory.App\Pages\Software\SoftwareServiceSetDialog.cs(73,28): error CS0103: The name 'DtpEndDate' does not exist in the current context [C:\Users\russel.mercado\source\repos\Yakult-System-New\Yakult.Inventory.App\Yakult.Inventory.App.csproj]
C:\Users\russel.mercado\source\repos\Yakult-System-New\Yakult.Inventory.App\Pages\Software\SoftwareServiceSetDialog.cs(75,13): error CS0103: The name 'DtpDocumentDate' does not exist in the current context [C:\Users\russel.mercado\source\repos\Yakult-System-New\Yakult.Inventory.App\Yakult.Inventory.App.csproj]
C:\Users\russel.mercado\source\repos\Yakult-System-New\Yakult.Inventory.App\Pages\Software\SoftwareServiceSetDialog.cs(76,13): error CS0103: The name 'DtpStartDate' does not exist in the current context [C:\Users\russel.mercado\source\repos\Yakult-System-New\Yakult.Inventory.App\Yakult.Inventory.App.csproj]
C:\Users\russel.mercado\source\repos\Yakult-System-New\Yakult.Inventory.App\Pages\Software\SoftwareServiceSetDialog.cs(77,13): error CS0103: The name 'DtpEndDate' does not exist in the current context [C:\Users\russel.mercado\source\repos\Yakult-System-New\Yakult.Inventory.App\Yakult.Inventory.App.csproj]
C:\Users\russel.mercado\source\repos\Yakult-System-New\Yakult.Inventory.App\Pages\Software\SoftwareServiceSetDialog.cs(78,13): error CS0103: The name 'ChkHasContractPeriod' does not exist in the current context [C:\Users\russel.mercado\source\repos\Yakult-System-New\Yakult.Inventory.App\Yakult.Inventory.App.csproj]
C:\Users\russel.mercado\source\repos\Yakult-System-New\Yakult.Inventory.App\Wpf\Department\Views\DepartmentPageView.xaml.cs(72,13): error CS0103: The name 'DepartmentsGrid' does not exist in the current context [C:\Users\russel.mercado\source\repos\Yakult-System-New\Yakult.Inventory.App\Yakult.Inventory.App.csproj]
C:\Users\russel.mercado\source\repos\Yakult-System-New\Yakult.Inventory.App\Wpf\Department\Views\DepartmentPageView.xaml.cs(99,13): error CS0103: The name 'DepartmentsGrid' does not exist in the current context [C:\Users\russel.mercado\source\repos\Yakult-System-New\Yakult.Inventory.App\Yakult.Inventory.App.csproj]
C:\Users\russel.mercado\source\repos\Yakult-System-New\Yakult.Inventory.App\Wpf\Toast\YakultToastDisplayPart.xaml.cs(23,13): error CS0103: The name 'InitializeComponent' does not exist in the current context [C:\Users\russel.mercado\source\repos\Yakult-System-New\Yakult.Inventory.App\Yakult.Inventory.App.csproj]
C:\Users\russel.mercado\source\repos\Yakult-System-New\Yakult.Inventory.App\Wpf\Toast\YakultToastDisplayPart.xaml.cs(26,13): error CS0103: The name 'TitleBlock' does not exist in the current context [C:\Users\russel.mercado\source\repos\Yakult-System-New\Yakult.Inventory.App\Yakult.Inventory.App.csproj]
C:\Users\russel.mercado\source\repos\Yakult-System-New\Yakult.Inventory.App\Wpf\Toast\YakultToastDisplayPart.xaml.cs(27,13): error CS0103: The name 'MessageBlock' does not exist in the current context [C:\Users\russel.mercado\source\repos\Yakult-System-New\Yakult.Inventory.App\Yakult.Inventory.App.csproj]
C:\Users\russel.mercado\source\repos\Yakult-System-New\Yakult.Inventory.App\Wpf\Toast\YakultToastDisplayPart.xaml.cs(31,13): error CS0103: The name 'CloseButton' does not exist in the current context [C:\Users\russel.mercado\source\repos\Yakult-System-New\Yakult.Inventory.App\Yakult.Inventory.App.csproj]
C:\Users\russel.mercado\source\repos\Yakult-System-New\Yakult.Inventory.App\Wpf\Toast\YakultToastDisplayPart.xaml.cs(55,13): error CS0103: The name 'IconCircle' does not exist in the current context [C:\Users\russel.mercado\source\repos\Yakult-System-New\Yakult.Inventory.App\Yakult.Inventory.App.csproj]
C:\Users\russel.mercado\source\repos\Yakult-System-New\Yakult.Inventory.App\Wpf\Toast\YakultToastDisplayPart.xaml.cs(56,13): error CS0103: The name 'IconGlyph' does not exist in the current context [C:\Users\russel.mercado\source\repos\Yakult-System-New\Yakult.Inventory.App\Yakult.Inventory.App.csproj]
C:\Users\russel.mercado\source\repos\Yakult-System-New\Yakult.Inventory.App\Wpf\Toast\YakultToastDisplayPart.xaml.cs(57,13): error CS0103: The name 'IconGlyph' does not exist in the current context [C:\Users\russel.mercado\source\repos\Yakult-System-New\Yakult.Inventory.App\Yakult.Inventory.App.csproj]
C:\Users\russel.mercado\source\repos\Yakult-System-New\Yakult.Inventory.App\Pages\Software\SoftwareServiceSetDialog.cs(136,17): error CS0103: The name 'BtnMaximizeGlyph' does not exist in the current context [C:\Users\russel.mercado\source\repos\Yakult-System-New\Yakult.Inventory.App\Yakult.Inventory.App.csproj]
C:\Users\russel.mercado\source\repos\Yakult-System-New\Yakult.Inventory.App\Pages\Software\SoftwareServiceSetDialog.cs(142,17): error CS0103: The name 'BtnMaximizeGlyph' does not exist in the current context [C:\Users\russel.mercado\source\repos\Yakult-System-New\Yakult.Inventory.App\Yakult.Inventory.App.csproj]
C:\Users\russel.mercado\source\repos\Yakult-System-New\Yakult.Inventory.App\Wpf\Department\Views\DepartmentPageView.xaml.cs(123,55): error CS0103: The name 'DepartmentsGrid' does not exist in the current context [C:\Users\russel.mercado\source\repos\Yakult-System-New\Yakult.Inventory.App\Yakult.Inventory.App.csproj]
C:\Users\russel.mercado\source\repos\Yakult-System-New\Yakult.Inventory.App\Wpf\Department\Views\DepartmentPageView.xaml.cs(124,73): error CS0103: The name 'DepartmentsGrid' does not exist in the current context [C:\Users\russel.mercado\source\repos\Yakult-System-New\Yakult.Inventory.App\Yakult.Inventory.App.csproj]
C:\Users\russel.mercado\source\repos\Yakult-System-New\Yakult.Inventory.App\Wpf\RepairPortal\Shell\Views\RepairPortalShellWindow.xaml.cs(25,13): error CS0103: The name 'InitializeComponent' does not exist in the current context [C:\Users\russel.mercado\source\repos\Yakult-System-New\Yakult.Inventory.App\Yakult.Inventory.App.csproj]
C:\Users\russel.mercado\source\repos\Yakult-System-New\Yakult.Inventory.App\Wpf\RepairPortal\Shell\Views\RepairPortalShellWindow.xaml.cs(45,13): error CS0103: The name 'NotificationBell' does not exist in the current context [C:\Users\russel.mercado\source\repos\Yakult-System-New\Yakult.Inventory.App\Yakult.Inventory.App.csproj]
C:\Users\russel.mercado\source\repos\Yakult-System-New\Yakult.Inventory.App\Wpf\RepairPortal\Shell\Views\RepairPortalShellWindow.xaml.cs(76,17): error CS0103: The name 'NotificationBell' does not exist in the current context [C:\Users\russel.mercado\source\repos\Yakult-System-New\Yakult.Inventory.App\Yakult.Inventory.App.csproj]
C:\Users\russel.mercado\source\repos\Yakult-System-New\Yakult.Inventory.App\Wpf\Department\Views\DepartmentPageView.xaml.cs(140,33): error CS0103: The name 'DepartmentsGrid' does not exist in the current context [C:\Users\russel.mercado\source\repos\Yakult-System-New\Yakult.Inventory.App\Yakult.Inventory.App.csproj]
C:\Users\russel.mercado\source\repos\Yakult-System-New\Yakult.Inventory.App\Wpf\Company\Views\CompanyPageView.xaml.cs(21,13): error CS0103: The name 'InitializeComponent' does not exist in the current context [C:\Users\russel.mercado\source\repos\Yakult-System-New\Yakult.Inventory.App\Yakult.Inventory.App.csproj]
C:\Users\russel.mercado\source\repos\Yakult-System-New\Yakult.Inventory.App\Pages\Software\SoftwareServiceSetDialog.cs(158,17): error CS0103: The name 'CmbCompany' does not exist in the current context [C:\Users\russel.mercado\source\repos\Yakult-System-New\Yakult.Inventory.App\Yakult.Inventory.App.csproj]
C:\Users\russel.mercado\source\repos\Yakult-System-New\Yakult.Inventory.App\Pages\Software\SoftwareServiceSetDialog.cs(159,17): error CS0103: The name 'CmbCompany' does not exist in the current context [C:\Users\russel.mercado\source\repos\Yakult-System-New\Yakult.Inventory.App\Yakult.Inventory.App.csproj]
C:\Users\russel.mercado\source\repos\Yakult-System-New\Yakult.Inventory.App\Pages\Software\SoftwareServiceSetDialog.cs(161,21): error CS0103: The name 'CmbCompany' does not exist in the current context [C:\Users\russel.mercado\source\repos\Yakult-System-New\Yakult.Inventory.App\Yakult.Inventory.App.csproj]
C:\Users\russel.mercado\source\repos\Yakult-System-New\Yakult.Inventory.App\Pages\Software\SoftwareServiceSetDialog.cs(163,21): error CS0103: The name 'CmbCompany' does not exist in the current context [C:\Users\russel.mercado\source\repos\Yakult-System-New\Yakult.Inventory.App\Yakult.Inventory.App.csproj]
C:\Users\russel.mercado\source\repos\Yakult-System-New\Yakult.Inventory.App\Pages\Software\SoftwareServiceSetDialog.cs(164,21): error CS0103: The name 'CmbCompany' does not exist in the current context [C:\Users\russel.mercado\source\repos\Yakult-System-New\Yakult.Inventory.App\Yakult.Inventory.App.csproj]
C:\Users\russel.mercado\source\repos\Yakult-System-New\Yakult.Inventory.App\Wpf\RepairPortal\Shell\Views\RepairPortalShellWindow.xaml.cs(89,13): error CS0103: The name 'NotificationBell' does not exist in the current context [C:\Users\russel.mercado\source\repos\Yakult-System-New\Yakult.Inventory.App\Yakult.Inventory.App.csproj]
C:\Users\russel.mercado\source\repos\Yakult-System-New\Yakult.Inventory.App\Wpf\Employee\Views\EmployeePageView.xaml.cs(24,13): error CS0103: The name 'InitializeComponent' does not exist in the current context [C:\Users\russel.mercado\source\repos\Yakult-System-New\Yakult.Inventory.App\Yakult.Inventory.App.csproj]
C:\Users\russel.mercado\source\repos\Yakult-System-New\Yakult.Inventory.App\Pages\Software\SoftwareServiceSetDialog.cs(179,17): error CS0103: The name 'CmbDistributor' does not exist in the current context [C:\Users\russel.mercado\source\repos\Yakult-System-New\Yakult.Inventory.App\Yakult.Inventory.App.csproj]
C:\Users\russel.mercado\source\repos\Yakult-System-New\Yakult.Inventory.App\Pages\Software\SoftwareServiceSetDialog.cs(180,17): error CS0103: The name 'CmbDistributor' does not exist in the current context [C:\Users\russel.mercado\source\repos\Yakult-System-New\Yakult.Inventory.App\Yakult.Inventory.App.csproj]
C:\Users\russel.mercado\source\repos\Yakult-System-New\Yakult.Inventory.App\Pages\Software\SoftwareServiceSetDialog.cs(182,21): error CS0103: The name 'CmbDistributor' does not exist in the current context [C:\Users\russel.mercado\source\repos\Yakult-System-New\Yakult.Inventory.App\Yakult.Inventory.App.csproj]
C:\Users\russel.mercado\source\repos\Yakult-System-New\Yakult.Inventory.App\Pages\Software\SoftwareServiceSetDialog.cs(184,21): error CS0103: The name 'CmbDistributor' does not exist in the current context [C:\Users\russel.mercado\source\repos\Yakult-System-New\Yakult.Inventory.App\Yakult.Inventory.App.csproj]
C:\Users\russel.mercado\source\repos\Yakult-System-New\Yakult.Inventory.App\Pages\Software\SoftwareServiceSetDialog.cs(185,21): error CS0103: The name 'CmbDistributor' does not exist in the current context [C:\Users\russel.mercado\source\repos\Yakult-System-New\Yakult.Inventory.App\Yakult.Inventory.App.csproj]
C:\Users\russel.mercado\source\repos\Yakult-System-New\Yakult.Inventory.App\Wpf\RepairPortal\Shell\Views\RepairPortalShellWindow.xaml.cs(127,28): error CS0103: The name 'SidebarPanel' does not exist in the current context [C:\Users\russel.mercado\source\repos\Yakult-System-New\Yakult.Inventory.App\Yakult.Inventory.App.csproj]
C:\Users\russel.mercado\source\repos\Yakult-System-New\Yakult.Inventory.App\Pages\Software\SoftwareServiceSetDialog.cs(197,28): error CS0103: The name 'ChkHasContractPeriod' does not exist in the current context [C:\Users\russel.mercado\source\repos\Yakult-System-New\Yakult.Inventory.App\Yakult.Inventory.App.csproj]
C:\Users\russel.mercado\source\repos\Yakult-System-New\Yakult.Inventory.App\Pages\Software\SoftwareServiceSetDialog.cs(198,13): error CS0103: The name 'DtpStartDate' does not exist in the current context [C:\Users\russel.mercado\source\repos\Yakult-System-New\Yakult.Inventory.App\Yakult.Inventory.App.csproj]
C:\Users\russel.mercado\source\repos\Yakult-System-New\Yakult.Inventory.App\Pages\Software\SoftwareServiceSetDialog.cs(199,13): error CS0103: The name 'DtpEndDate' does not exist in the current context [C:\Users\russel.mercado\source\repos\Yakult-System-New\Yakult.Inventory.App\Yakult.Inventory.App.csproj]
C:\Users\russel.mercado\source\repos\Yakult-System-New\Yakult.Inventory.App\Wpf\RepairPortal\Shell\Views\RepairPortalShellWindow.xaml.cs(138,13): error CS0103: The name 'SidebarPanel' does not exist in the current context [C:\Users\russel.mercado\source\repos\Yakult-System-New\Yakult.Inventory.App\Yakult.Inventory.App.csproj]
C:\Users\russel.mercado\source\repos\Yakult-System-New\Yakult.Inventory.App\Wpf\RepairPortal\Shell\Views\RepairPortalShellWindow.xaml.cs(139,13): error CS0103: The name 'SidebarClickOutside' does not exist in the current context [C:\Users\russel.mercado\source\repos\Yakult-System-New\Yakult.Inventory.App\Yakult.Inventory.App.csproj]
C:\Users\russel.mercado\source\repos\Yakult-System-New\Yakult.Inventory.App\Pages\Software\SoftwareServiceSetDialog.cs(205,13): error CS0103: The name 'BtnRemoveItem' does not exist in the current context [C:\Users\russel.mercado\source\repos\Yakult-System-New\Yakult.Inventory.App\Yakult.Inventory.App.csproj]
C:\Users\russel.mercado\source\repos\Yakult-System-New\Yakult.Inventory.App\Pages\Software\SoftwareServiceSetDialog.cs(205,39): error CS0103: The name 'ItemsGrid' does not exist in the current context [C:\Users\russel.mercado\source\repos\Yakult-System-New\Yakult.Inventory.App\Yakult.Inventory.App.csproj]
C:\Users\russel.mercado\source\repos\Yakult-System-New\Yakult.Inventory.App\Wpf\Company\Views\CompanyPageView.xaml.cs(86,13): error CS0103: The name 'CompaniesGrid' does not exist in the current context [C:\Users\russel.mercado\source\repos\Yakult-System-New\Yakult.Inventory.App\Yakult.Inventory.App.csproj]
C:\Users\russel.mercado\source\repos\Yakult-System-New\Yakult.Inventory.App\Wpf\Employee\Views\EmployeePageView.xaml.cs(78,13): error CS0103: The name 'EmployeesGrid' does not exist in the current context [C:\Users\russel.mercado\source\repos\Yakult-System-New\Yakult.Inventory.App\Yakult.Inventory.App.csproj]
C:\Users\russel.mercado\source\repos\Yakult-System-New\Yakult.Inventory.App\Wpf\Company\Views\CompanyPageView.xaml.cs(115,13): error CS0103: The name 'CompaniesGrid' does not exist in the current context [C:\Users\russel.mercado\source\repos\Yakult-System-New\Yakult.Inventory.App\Yakult.Inventory.App.csproj]
C:\Users\russel.mercado\source\repos\Yakult-System-New\Yakult.Inventory.App\Wpf\Employee\Views\EmployeePageView.xaml.cs(106,13): error CS0103: The name 'EmployeesGrid' does not exist in the current context [C:\Users\russel.mercado\source\repos\Yakult-System-New\Yakult.Inventory.App\Yakult.Inventory.App.csproj]
C:\Users\russel.mercado\source\repos\Yakult-System-New\Yakult.Inventory.App\Wpf\Company\Views\CompanyPageView.xaml.cs(140,55): error CS0103: The name 'CompaniesGrid' does not exist in the current context [C:\Users\russel.mercado\source\repos\Yakult-System-New\Yakult.Inventory.App\Yakult.Inventory.App.csproj]
C:\Users\russel.mercado\source\repos\Yakult-System-New\Yakult.Inventory.App\Wpf\Company\Views\CompanyPageView.xaml.cs(141,73): error CS0103: The name 'CompaniesGrid' does not exist in the current context [C:\Users\russel.mercado\source\repos\Yakult-System-New\Yakult.Inventory.App\Yakult.Inventory.App.csproj]
C:\Users\russel.mercado\source\repos\Yakult-System-New\Yakult.Inventory.App\Wpf\Employee\Views\EmployeePageView.xaml.cs(124,55): error CS0103: The name 'EmployeesGrid' does not exist in the current context [C:\Users\russel.mercado\source\repos\Yakult-System-New\Yakult.Inventory.App\Yakult.Inventory.App.csproj]
C:\Users\russel.mercado\source\repos\Yakult-System-New\Yakult.Inventory.App\Wpf\Employee\Views\EmployeePageView.xaml.cs(125,73): error CS0103: The name 'EmployeesGrid' does not exist in the current context [C:\Users\russel.mercado\source\repos\Yakult-System-New\Yakult.Inventory.App\Yakult.Inventory.App.csproj]
C:\Users\russel.mercado\source\repos\Yakult-System-New\Yakult.Inventory.App\Wpf\Company\Views\CompanyPageView.xaml.cs(157,33): error CS0103: The name 'CompaniesGrid' does not exist in the current context [C:\Users\russel.mercado\source\repos\Yakult-System-New\Yakult.Inventory.App\Yakult.Inventory.App.csproj]
C:\Users\russel.mercado\source\repos\Yakult-System-New\Yakult.Inventory.App\Wpf\Employee\Views\EmployeePageView.xaml.cs(141,33): error CS0103: The name 'EmployeesGrid' does not exist in the current context [C:\Users\russel.mercado\source\repos\Yakult-System-New\Yakult.Inventory.App\Yakult.Inventory.App.csproj]
C:\Users\russel.mercado\source\repos\Yakult-System-New\Yakult.Inventory.App\Pages\Software\SoftwareServiceSetDialog.cs(261,17): error CS0103: The name 'ItemsGrid' does not exist in the current context [C:\Users\russel.mercado\source\repos\Yakult-System-New\Yakult.Inventory.App\Yakult.Inventory.App.csproj]
C:\Users\russel.mercado\source\repos\Yakult-System-New\Yakult.Inventory.App\Pages\Software\SoftwareServiceSetDialog.cs(262,17): error CS0103: The name 'ItemsGrid' does not exist in the current context [C:\Users\russel.mercado\source\repos\Yakult-System-New\Yakult.Inventory.App\Yakult.Inventory.App.csproj]
C:\Users\russel.mercado\source\repos\Yakult-System-New\Yakult.Inventory.App\Pages\Software\SoftwareServiceSetDialog.cs(286,17): error CS0103: The name 'ItemsGrid' does not exist in the current context [C:\Users\russel.mercado\source\repos\Yakult-System-New\Yakult.Inventory.App\Yakult.Inventory.App.csproj]
C:\Users\russel.mercado\source\repos\Yakult-System-New\Yakult.Inventory.App\Wpf\Export\RenewalsGrouped\Views\RenewalsGroupedExportView.xaml.cs(24,13): error CS0103: The name 'InitializeComponent' does not exist in the current context [C:\Users\russel.mercado\source\repos\Yakult-System-New\Yakult.Inventory.App\Yakult.Inventory.App.csproj]
C:\Users\russel.mercado\source\repos\Yakult-System-New\Yakult.Inventory.App\Wpf\Invoice\Views\NonLicensedInvoiceView.xaml.cs(15,13): error CS0103: The name 'InitializeComponent' does not exist in the current context [C:\Users\russel.mercado\source\repos\Yakult-System-New\Yakult.Inventory.App\Yakult.Inventory.App.csproj]
C:\Users\russel.mercado\source\repos\Yakult-System-New\Yakult.Inventory.App\Wpf\Invoice\Views\NonLicensedInvoiceView.xaml.cs(41,23): error CS0103: The name 'ResultsGrid' does not exist in the current context [C:\Users\russel.mercado\source\repos\Yakult-System-New\Yakult.Inventory.App\Yakult.Inventory.App.csproj]
C:\Users\russel.mercado\source\repos\Yakult-System-New\Yakult.Inventory.App\Wpf\Export\RenewalsGrouped\Views\RenewalsGroupedExportView.xaml.cs(70,33): error CS0103: The name 'GroupsGrid' does not exist in the current context [C:\Users\russel.mercado\source\repos\Yakult-System-New\Yakult.Inventory.App\Yakult.Inventory.App.csproj]
C:\Users\russel.mercado\source\repos\Yakult-System-New\Yakult.Inventory.App\Wpf\InvoicePreparation\Views\InvoicePreparationDetailWindow.xaml.cs(17,13): error CS0103: The name 'InitializeComponent' does not exist in the current context [C:\Users\russel.mercado\source\repos\Yakult-System-New\Yakult.Inventory.App\Yakult.Inventory.App.csproj]
C:\Users\russel.mercado\source\repos\Yakult-System-New\Yakult.Inventory.App\Wpf\Invoice\Views\InvoiceLicenseReviewView.xaml.cs(25,13): error CS0103: The name 'InitializeComponent' does not exist in the current context [C:\Users\russel.mercado\source\repos\Yakult-System-New\Yakult.Inventory.App\Yakult.Inventory.App.csproj]
C:\Users\russel.mercado\source\repos\Yakult-System-New\Yakult.Inventory.App\Pages\Software\SoftwareServiceSetDialog.cs(304,17): error CS0103: The name 'TxtDocumentNumber' does not exist in the current context [C:\Users\russel.mercado\source\repos\Yakult-System-New\Yakult.Inventory.App\Yakult.Inventory.App.csproj]
C:\Users\russel.mercado\source\repos\Yakult-System-New\Yakult.Inventory.App\Pages\Software\SoftwareServiceSetDialog.cs(305,17): error CS0103: The name 'TxtReferenceNumber' does not exist in the current context [C:\Users\russel.mercado\source\repos\Yakult-System-New\Yakult.Inventory.App\Yakult.Inventory.App.csproj]
C:\Users\russel.mercado\source\repos\Yakult-System-New\Yakult.Inventory.App\Pages\Software\SoftwareServiceSetDialog.cs(308,21): error CS0103: The name 'DtpDocumentDate' does not exist in the current context [C:\Users\russel.mercado\source\repos\Yakult-System-New\Yakult.Inventory.App\Yakult.Inventory.App.csproj]
C:\Users\russel.mercado\source\repos\Yakult-System-New\Yakult.Inventory.App\Pages\Software\SoftwareServiceSetDialog.cs(311,21): error CS0103: The name 'DtpStartDate' does not exist in the current context [C:\Users\russel.mercado\source\repos\Yakult-System-New\Yakult.Inventory.App\Yakult.Inventory.App.csproj]
C:\Users\russel.mercado\source\repos\Yakult-System-New\Yakult.Inventory.App\Pages\Software\SoftwareServiceSetDialog.cs(314,21): error CS0103: The name 'DtpEndDate' does not exist in the current context [C:\Users\russel.mercado\source\repos\Yakult-System-New\Yakult.Inventory.App\Yakult.Inventory.App.csproj]
C:\Users\russel.mercado\source\repos\Yakult-System-New\Yakult.Inventory.App\Pages\Software\SoftwareServiceSetDialog.cs(316,17): error CS0103: The name 'ChkHasContractPeriod' does not exist in the current context [C:\Users\russel.mercado\source\repos\Yakult-System-New\Yakult.Inventory.App\Yakult.Inventory.App.csproj]
C:\Users\russel.mercado\source\repos\Yakult-System-New\Yakult.Inventory.App\Pages\Software\SoftwareServiceSetDialog.cs(320,41): error CS0103: The name 'CmbCompany' does not exist in the current context [C:\Users\russel.mercado\source\repos\Yakult-System-New\Yakult.Inventory.App\Yakult.Inventory.App.csproj]
C:\Users\russel.mercado\source\repos\Yakult-System-New\Yakult.Inventory.App\Pages\Software\SoftwareServiceSetDialog.cs(322,29): error CS0103: The name 'CmbCompany' does not exist in the current context [C:\Users\russel.mercado\source\repos\Yakult-System-New\Yakult.Inventory.App\Yakult.Inventory.App.csproj]
C:\Users\russel.mercado\source\repos\Yakult-System-New\Yakult.Inventory.App\Pages\Software\SoftwareServiceSetDialog.cs(324,29): error CS0103: The name 'CmbCompany' does not exist in the current context [C:\Users\russel.mercado\source\repos\Yakult-System-New\Yakult.Inventory.App\Yakult.Inventory.App.csproj]
C:\Users\russel.mercado\source\repos\Yakult-System-New\Yakult.Inventory.App\Pages\Software\SoftwareServiceSetDialog.cs(332,41): error CS0103: The name 'CmbDistributor' does not exist in the current context [C:\Users\russel.mercado\source\repos\Yakult-System-New\Yakult.Inventory.App\Yakult.Inventory.App.csproj]
C:\Users\russel.mercado\source\repos\Yakult-System-New\Yakult.Inventory.App\Pages\Software\SoftwareServiceSetDialog.cs(334,29): error CS0103: The name 'CmbDistributor' does not exist in the current context [C:\Users\russel.mercado\source\repos\Yakult-System-New\Yakult.Inventory.App\Yakult.Inventory.App.csproj]
C:\Users\russel.mercado\source\repos\Yakult-System-New\Yakult.Inventory.App\Pages\Software\SoftwareServiceSetDialog.cs(336,29): error CS0103: The name 'CmbDistributor' does not exist in the current context [C:\Users\russel.mercado\source\repos\Yakult-System-New\Yakult.Inventory.App\Yakult.Inventory.App.csproj]
C:\Users\russel.mercado\source\repos\Yakult-System-New\Yakult.Inventory.App\Pages\Software\SoftwareServiceSetDialog.cs(344,41): error CS0103: The name 'CmbStatus' does not exist in the current context [C:\Users\russel.mercado\source\repos\Yakult-System-New\Yakult.Inventory.App\Yakult.Inventory.App.csproj]
C:\Users\russel.mercado\source\repos\Yakult-System-New\Yakult.Inventory.App\Pages\Software\SoftwareServiceSetDialog.cs(346,29): error CS0103: The name 'CmbStatus' does not exist in the current context [C:\Users\russel.mercado\source\repos\Yakult-System-New\Yakult.Inventory.App\Yakult.Inventory.App.csproj]
C:\Users\russel.mercado\source\repos\Yakult-System-New\Yakult.Inventory.App\Pages\Software\SoftwareServiceSetDialog.cs(349,29): error CS0103: The name 'CmbStatus' does not exist in the current context [C:\Users\russel.mercado\source\repos\Yakult-System-New\Yakult.Inventory.App\Yakult.Inventory.App.csproj]
C:\Users\russel.mercado\source\repos\Yakult-System-New\Yakult.Inventory.App\Pages\Software\SoftwareServiceSetDialog.cs(354,21): error CS0103: The name 'CmbStatus' does not exist in the current context [C:\Users\russel.mercado\source\repos\Yakult-System-New\Yakult.Inventory.App\Yakult.Inventory.App.csproj]
C:\Users\russel.mercado\source\repos\Yakult-System-New\Yakult.Inventory.App\Wpf\Invoice\Views\InvoiceLicenseReviewView.xaml.cs(84,23): error CS0103: The name 'ReviewGrid' does not exist in the current context [C:\Users\russel.mercado\source\repos\Yakult-System-New\Yakult.Inventory.App\Yakult.Inventory.App.csproj]
C:\Users\russel.mercado\source\repos\Yakult-System-New\Yakult.Inventory.App\Wpf\Invoice\Views\InvoiceLicenseReviewView.xaml.cs(95,24): error CS0103: The name 'ReviewGrid' does not exist in the current context [C:\Users\russel.mercado\source\repos\Yakult-System-New\Yakult.Inventory.App\Yakult.Inventory.App.csproj]
C:\Users\russel.mercado\source\repos\Yakult-System-New\Yakult.Inventory.App\Wpf\InvoicePreparation\Views\InvoicePreparationListView.xaml.cs(19,13): error CS0103: The name 'InitializeComponent' does not exist in the current context [C:\Users\russel.mercado\source\repos\Yakult-System-New\Yakult.Inventory.App\Yakult.Inventory.App.csproj]
C:\Users\russel.mercado\source\repos\Yakult-System-New\Yakult.Inventory.App\Wpf\Invoice\Views\InvoiceLicenseReviewView.xaml.cs(106,24): error CS0103: The name 'ReviewGrid' does not exist in the current context [C:\Users\russel.mercado\source\repos\Yakult-System-New\Yakult.Inventory.App\Yakult.Inventory.App.csproj]
C:\Users\russel.mercado\source\repos\Yakult-System-New\Yakult.Inventory.App\Pages\Software\SoftwareServiceSetDialog.cs(392,39): error CS0103: The name 'ChkHasContractPeriod' does not exist in the current context [C:\Users\russel.mercado\source\repos\Yakult-System-New\Yakult.Inventory.App\Yakult.Inventory.App.csproj]
C:\Users\russel.mercado\source\repos\Yakult-System-New\Yakult.Inventory.App\Pages\Software\SoftwareServiceSetDialog.cs(393,23): error CS0103: The name 'DtpStartDate' does not exist in the current context [C:\Users\russel.mercado\source\repos\Yakult-System-New\Yakult.Inventory.App\Yakult.Inventory.App.csproj]
C:\Users\russel.mercado\source\repos\Yakult-System-New\Yakult.Inventory.App\Pages\Software\SoftwareServiceSetDialog.cs(395,37): error CS0103: The name 'ChkHasContractPeriod' does not exist in the current context [C:\Users\russel.mercado\source\repos\Yakult-System-New\Yakult.Inventory.App\Yakult.Inventory.App.csproj]
C:\Users\russel.mercado\source\repos\Yakult-System-New\Yakult.Inventory.App\Pages\Software\SoftwareServiceSetDialog.cs(396,23): error CS0103: The name 'DtpEndDate' does not exist in the current context [C:\Users\russel.mercado\source\repos\Yakult-System-New\Yakult.Inventory.App\Yakult.Inventory.App.csproj]
C:\Users\russel.mercado\source\repos\Yakult-System-New\Yakult.Inventory.App\Pages\Software\SoftwareServiceSetDialog.cs(399,38): error CS0103: The name 'CmbStatus' does not exist in the current context [C:\Users\russel.mercado\source\repos\Yakult-System-New\Yakult.Inventory.App\Yakult.Inventory.App.csproj]
C:\Users\russel.mercado\source\repos\Yakult-System-New\Yakult.Inventory.App\Pages\Software\SoftwareServiceSetDialog.cs(400,24): error CS0103: The name 'CmbStatus' does not exist in the current context [C:\Users\russel.mercado\source\repos\Yakult-System-New\Yakult.Inventory.App\Yakult.Inventory.App.csproj]
C:\Users\russel.mercado\source\repos\Yakult-System-New\Yakult.Inventory.App\Pages\Software\SoftwareServiceSetDialog.cs(405,38): error CS0103: The name 'TxtDocumentNumber' does not exist in the current context [C:\Users\russel.mercado\source\repos\Yakult-System-New\Yakult.Inventory.App\Yakult.Inventory.App.csproj]
C:\Users\russel.mercado\source\repos\Yakult-System-New\Yakult.Inventory.App\Pages\Software\SoftwareServiceSetDialog.cs(406,39): error CS0103: The name 'TxtReferenceNumber' does not exist in the current context [C:\Users\russel.mercado\source\repos\Yakult-System-New\Yakult.Inventory.App\Yakult.Inventory.App.csproj]
C:\Users\russel.mercado\source\repos\Yakult-System-New\Yakult.Inventory.App\Pages\Software\SoftwareServiceSetDialog.cs(407,36): error CS0103: The name 'DtpDocumentDate' does not exist in the current context [C:\Users\russel.mercado\source\repos\Yakult-System-New\Yakult.Inventory.App\Yakult.Inventory.App.csproj]
C:\Users\russel.mercado\source\repos\Yakult-System-New\Yakult.Inventory.App\Pages\Software\SoftwareServiceSetDialog.cs(464,17): error CS0103: The name 'CmbCompany' does not exist in the current context [C:\Users\russel.mercado\source\repos\Yakult-System-New\Yakult.Inventory.App\Yakult.Inventory.App.csproj]
C:\Users\russel.mercado\source\repos\Yakult-System-New\Yakult.Inventory.App\Pages\Software\SoftwareServiceSetDialog.cs(471,17): error CS0103: The name 'CmbDistributor' does not exist in the current context [C:\Users\russel.mercado\source\repos\Yakult-System-New\Yakult.Inventory.App\Yakult.Inventory.App.csproj]
C:\Users\russel.mercado\source\repos\Yakult-System-New\Yakult.Inventory.App\Wpf\Invoice\Views\InvoiceLicenseReviewView.xaml.cs(126,17): error CS0103: The name 'ReviewGrid' does not exist in the current context [C:\Users\russel.mercado\source\repos\Yakult-System-New\Yakult.Inventory.App\Yakult.Inventory.App.csproj]
C:\Users\russel.mercado\source\repos\Yakult-System-New\Yakult.Inventory.App\Wpf\Invoice\Views\InvoiceLicenseReviewView.xaml.cs(136,24): error CS0103: The name 'ReviewGrid' does not exist in the current context [C:\Users\russel.mercado\source\repos\Yakult-System-New\Yakult.Inventory.App\Yakult.Inventory.App.csproj]
C:\Users\russel.mercado\source\repos\Yakult-System-New\Yakult.Inventory.App\Wpf\Invoice\Views\InvoiceLicenseReviewView.xaml.cs(140,33): error CS0103: The name 'ReviewGrid' does not exist in the current context [C:\Users\russel.mercado\source\repos\Yakult-System-New\Yakult.Inventory.App\Yakult.Inventory.App.csproj]
C:\Users\russel.mercado\source\repos\Yakult-System-New\Yakult.Inventory.App\Wpf\Portal\ConsumableManagementPortalShell.xaml.cs(49,13): error CS0103: The name 'InitializeComponent' does not exist in the current context [C:\Users\russel.mercado\source\repos\Yakult-System-New\Yakult.Inventory.App\Yakult.Inventory.App.csproj]
C:\Users\russel.mercado\source\repos\Yakult-System-New\Yakult.Inventory.App\Wpf\Portal\ConsumableManagementPortalShell.xaml.cs(53,13): error CS0103: The name 'ContentHost' does not exist in the current context [C:\Users\russel.mercado\source\repos\Yakult-System-New\Yakult.Inventory.App\Yakult.Inventory.App.csproj]
C:\Users\russel.mercado\source\repos\Yakult-System-New\Yakult.Inventory.App\Pages\Software\SoftwareItemPickerDialog.cs(52,13): error CS0103: The name 'InitializeComponent' does not exist in the current context [C:\Users\russel.mercado\source\repos\Yakult-System-New\Yakult.Inventory.App\Yakult.Inventory.App.csproj]
C:\Users\russel.mercado\source\repos\Yakult-System-New\Yakult.Inventory.App\Pages\Software\SoftwareItemPickerDialog.cs(55,17): error CS0103: The name 'CmbPageSize' does not exist in the current context [C:\Users\russel.mercado\source\repos\Yakult-System-New\Yakult.Inventory.App\Yakult.Inventory.App.csproj]
C:\Users\russel.mercado\source\repos\Yakult-System-New\Yakult.Inventory.App\Wpf\Portal\ConsumableManagementPortalShell.xaml.cs(125,13): error CS0103: The name 'ContentHost' does not exist in the current context [C:\Users\russel.mercado\source\repos\Yakult-System-New\Yakult.Inventory.App\Yakult.Inventory.App.csproj]
C:\Users\russel.mercado\source\repos\Yakult-System-New\Yakult.Inventory.App\Wpf\Portal\ConsumableManagementPortalShell.xaml.cs(131,13): error CS0103: The name 'HeaderRow' does not exist in the current context [C:\Users\russel.mercado\source\repos\Yakult-System-New\Yakult.Inventory.App\Yakult.Inventory.App.csproj]
C:\Users\russel.mercado\source\repos\Yakult-System-New\Yakult.Inventory.App\Wpf\Portal\ConsumableManagementPortalShell.xaml.cs(132,13): error CS0103: The name 'HeaderBorder' does not exist in the current context [C:\Users\russel.mercado\source\repos\Yakult-System-New\Yakult.Inventory.App\Yakult.Inventory.App.csproj]
C:\Users\russel.mercado\source\repos\Yakult-System-New\Yakult.Inventory.App\Wpf\Portal\ConsumableManagementPortalShell.xaml.cs(156,13): error CS0103: The name 'ContentHost' does not exist in the current context [C:\Users\russel.mercado\source\repos\Yakult-System-New\Yakult.Inventory.App\Yakult.Inventory.App.csproj]
C:\Users\russel.mercado\source\repos\Yakult-System-New\Yakult.Inventory.App\Wpf\Portal\ConsumableManagementPortalShell.xaml.cs(157,13): error CS0103: The name 'BackBtnText' does not exist in the current context [C:\Users\russel.mercado\source\repos\Yakult-System-New\Yakult.Inventory.App\Yakult.Inventory.App.csproj]
C:\Users\russel.mercado\source\repos\Yakult-System-New\Yakult.Inventory.App\Wpf\Portal\ConsumableManagementPortalShell.xaml.cs(158,13): error CS0103: The name 'HeaderRow' does not exist in the current context [C:\Users\russel.mercado\source\repos\Yakult-System-New\Yakult.Inventory.App\Yakult.Inventory.App.csproj]
C:\Users\russel.mercado\source\repos\Yakult-System-New\Yakult.Inventory.App\Wpf\Portal\ConsumableManagementPortalShell.xaml.cs(159,13): error CS0103: The name 'HeaderBorder' does not exist in the current context [C:\Users\russel.mercado\source\repos\Yakult-System-New\Yakult.Inventory.App\Yakult.Inventory.App.csproj]
C:\Users\russel.mercado\source\repos\Yakult-System-New\Yakult.Inventory.App\Wpf\Portal\ConsumableManagementPortalShell.xaml.cs(202,13): error CS0103: The name 'ContentHost' does not exist in the current context [C:\Users\russel.mercado\source\repos\Yakult-System-New\Yakult.Inventory.App\Yakult.Inventory.App.csproj]
C:\Users\russel.mercado\source\repos\Yakult-System-New\Yakult.Inventory.App\Wpf\Portal\ConsumableManagementPortalShell.xaml.cs(205,13): error CS0103: The name 'HeaderRow' does not exist in the current context [C:\Users\russel.mercado\source\repos\Yakult-System-New\Yakult.Inventory.App\Yakult.Inventory.App.csproj]
C:\Users\russel.mercado\source\repos\Yakult-System-New\Yakult.Inventory.App\Wpf\Portal\ConsumableManagementPortalShell.xaml.cs(206,13): error CS0103: The name 'HeaderBorder' does not exist in the current context [C:\Users\russel.mercado\source\repos\Yakult-System-New\Yakult.Inventory.App\Yakult.Inventory.App.csproj]
C:\Users\russel.mercado\source\repos\Yakult-System-New\Yakult.Inventory.App\Wpf\Invoice\Views\InvoiceLicenseReviewView.xaml.cs(172,13): error CS0103: The name 'NonLicensedDropPanel' does not exist in the current context [C:\Users\russel.mercado\source\repos\Yakult-System-New\Yakult.Inventory.App\Yakult.Inventory.App.csproj]
C:\Users\russel.mercado\source\repos\Yakult-System-New\Yakult.Inventory.App\Wpf\Invoice\Views\InvoiceLicenseReviewView.xaml.cs(179,13): error CS0103: The name 'LicensedDropPanel' does not exist in the current context [C:\Users\russel.mercado\source\repos\Yakult-System-New\Yakult.Inventory.App\Yakult.Inventory.App.csproj]
C:\Users\russel.mercado\source\repos\Yakult-System-New\Yakult.Inventory.App\Wpf\Request\Views\RequestPageView.xaml.cs(30,13): error CS0103: The name 'InitializeComponent' does not exist in the current context [C:\Users\russel.mercado\source\repos\Yakult-System-New\Yakult.Inventory.App\Yakult.Inventory.App.csproj]
C:\Users\russel.mercado\source\repos\Yakult-System-New\Yakult.Inventory.App\Pages\Software\SoftwareItemPickerDialog.cs(131,17): error CS0103: The name 'BtnMaximizeGlyph' does not exist in the current context [C:\Users\russel.mercado\source\repos\Yakult-System-New\Yakult.Inventory.App\Yakult.Inventory.App.csproj]
C:\Users\russel.mercado\source\repos\Yakult-System-New\Yakult.Inventory.App\Pages\Software\SoftwareItemPickerDialog.cs(137,17): error CS0103: The name 'BtnMaximizeGlyph' does not exist in the current context [C:\Users\russel.mercado\source\repos\Yakult-System-New\Yakult.Inventory.App\Yakult.Inventory.App.csproj]
C:\Users\russel.mercado\source\repos\Yakult-System-New\Yakult.Inventory.App\Wpf\Invoice\Views\InvoicePageView.xaml.cs(24,13): error CS0103: The name 'InitializeComponent' does not exist in the current context [C:\Users\russel.mercado\source\repos\Yakult-System-New\Yakult.Inventory.App\Yakult.Inventory.App.csproj]
C:\Users\russel.mercado\source\repos\Yakult-System-New\Yakult.Inventory.App\Pages\Software\SoftwareItemPickerDialog.cs(164,13): error CS0103: The name 'TxtSearchName' does not exist in the current context [C:\Users\russel.mercado\source\repos\Yakult-System-New\Yakult.Inventory.App\Yakult.Inventory.App.csproj]
C:\Users\russel.mercado\source\repos\Yakult-System-New\Yakult.Inventory.App\Pages\Software\SoftwareItemPickerDialog.cs(165,13): error CS0103: The name 'TxtSearchCategory' does not exist in the current context [C:\Users\russel.mercado\source\repos\Yakult-System-New\Yakult.Inventory.App\Yakult.Inventory.App.csproj]
C:\Users\russel.mercado\source\repos\Yakult-System-New\Yakult.Inventory.App\Pages\Software\SoftwareItemPickerDialog.cs(166,13): error CS0103: The name 'TxtSearchSerial' does not exist in the current context [C:\Users\russel.mercado\source\repos\Yakult-System-New\Yakult.Inventory.App\Yakult.Inventory.App.csproj]
C:\Users\russel.mercado\source\repos\Yakult-System-New\Yakult.Inventory.App\Pages\Software\SoftwareItemPickerDialog.cs(167,13): error CS0103: The name 'ChkShowInactive' does not exist in the current context [C:\Users\russel.mercado\source\repos\Yakult-System-New\Yakult.Inventory.App\Yakult.Inventory.App.csproj]
C:\Users\russel.mercado\source\repos\Yakult-System-New\Yakult.Inventory.App\Wpf\Invoice\Views\InvoicePageView.xaml.cs(98,55): error CS0103: The name 'InvoicesGrid' does not exist in the current context [C:\Users\russel.mercado\source\repos\Yakult-System-New\Yakult.Inventory.App\Yakult.Inventory.App.csproj]
C:\Users\russel.mercado\source\repos\Yakult-System-New\Yakult.Inventory.App\Wpf\Invoice\Views\InvoicePageView.xaml.cs(99,73): error CS0103: The name 'InvoicesGrid' does not exist in the current context [C:\Users\russel.mercado\source\repos\Yakult-System-New\Yakult.Inventory.App\Yakult.Inventory.App.csproj]
C:\Users\russel.mercado\source\repos\Yakult-System-New\Yakult.Inventory.App\Wpf\Request\Views\RequestPageView.xaml.cs(153,55): error CS0103: The name 'RequestsGrid' does not exist in the current context [C:\Users\russel.mercado\source\repos\Yakult-System-New\Yakult.Inventory.App\Yakult.Inventory.App.csproj]
C:\Users\russel.mercado\source\repos\Yakult-System-New\Yakult.Inventory.App\Wpf\Request\Views\RequestPageView.xaml.cs(154,73): error CS0103: The name 'RequestsGrid' does not exist in the current context [C:\Users\russel.mercado\source\repos\Yakult-System-New\Yakult.Inventory.App\Yakult.Inventory.App.csproj]
C:\Users\russel.mercado\source\repos\Yakult-System-New\Yakult.Inventory.App\Wpf\Invoice\Views\InvoicePageView.xaml.cs(111,33): error CS0103: The name 'InvoicesGrid' does not exist in the current context [C:\Users\russel.mercado\source\repos\Yakult-System-New\Yakult.Inventory.App\Yakult.Inventory.App.csproj]
C:\Users\russel.mercado\source\repos\Yakult-System-New\Yakult.Inventory.App\Wpf\Request\Views\RequestPageView.xaml.cs(166,33): error CS0103: The name 'RequestsGrid' does not exist in the current context [C:\Users\russel.mercado\source\repos\Yakult-System-New\Yakult.Inventory.App\Yakult.Inventory.App.csproj]
C:\Users\russel.mercado\source\repos\Yakult-System-New\Yakult.Inventory.App\Wpf\Request\Views\RequestPageView.xaml.cs(172,84): error CS0103: The name 'MoreActionsDropdownToggle' does not exist in the current context [C:\Users\russel.mercado\source\repos\Yakult-System-New\Yakult.Inventory.App\Yakult.Inventory.App.csproj]
C:\Users\russel.mercado\source\repos\Yakult-System-New\Yakult.Inventory.App\Wpf\Set\RequisitionForm\Dialogs\PrintRequisitionDialog.xaml.cs(28,13): error CS0103: The name 'InitializeComponent' does not exist in the current context [C:\Users\russel.mercado\source\repos\Yakult-System-New\Yakult.Inventory.App\Yakult.Inventory.App.csproj]
C:\Users\russel.mercado\source\repos\Yakult-System-New\Yakult.Inventory.App\Wpf\Set\RequisitionForm\Dialogs\PrintRequisitionDialog.xaml.cs(69,13): error CS0103: The name '_previewBox' does not exist in the current context [C:\Users\russel.mercado\source\repos\Yakult-System-New\Yakult.Inventory.App\Yakult.Inventory.App.csproj]
C:\Users\russel.mercado\source\repos\Yakult-System-New\Yakult.Inventory.App\Wpf\Set\RequisitionForm\Dialogs\PrintRequisitionDialog.xaml.cs(70,13): error CS0103: The name '_previewBox' does not exist in the current context [C:\Users\russel.mercado\source\repos\Yakult-System-New\Yakult.Inventory.App\Yakult.Inventory.App.csproj]
C:\Users\russel.mercado\source\repos\Yakult-System-New\Yakult.Inventory.App\Wpf\Set\RequisitionForm\Dialogs\PrintRequisitionDialog.xaml.cs(71,13): error CS0103: The name '_pageHost' does not exist in the current context [C:\Users\russel.mercado\source\repos\Yakult-System-New\Yakult.Inventory.App\Yakult.Inventory.App.csproj]
C:\Users\russel.mercado\source\repos\Yakult-System-New\Yakult.Inventory.App\Wpf\Set\RequisitionForm\Dialogs\PrepareRequisitionDialog.xaml.cs(23,13): error CS0103: The name 'InitializeComponent' does not exist in the current context [C:\Users\russel.mercado\source\repos\Yakult-System-New\Yakult.Inventory.App\Yakult.Inventory.App.csproj]
C:\Users\russel.mercado\source\repos\Yakult-System-New\Yakult.Inventory.App\Wpf\Set\RequisitionForm\Dialogs\PrepareRequisitionDialog.xaml.cs(28,17): error CS0103: The name '_preparedByCombo' does not exist in the current context [C:\Users\russel.mercado\source\repos\Yakult-System-New\Yakult.Inventory.App\Yakult.Inventory.App.csproj]
C:\Users\russel.mercado\source\repos\Yakult-System-New\Yakult.Inventory.App\Wpf\Set\RequisitionForm\Dialogs\PrepareRequisitionDialog.xaml.cs(30,17): error CS0103: The name '_notedByCombo' does not exist in the current context [C:\Users\russel.mercado\source\repos\Yakult-System-New\Yakult.Inventory.App\Yakult.Inventory.App.csproj]
C:\Users\russel.mercado\source\repos\Yakult-System-New\Yakult.Inventory.App\Wpf\Set\RequisitionForm\Dialogs\PrepareRequisitionDialog.xaml.cs(32,17): error CS0103: The name '_approvedByCombo' does not exist in the current context [C:\Users\russel.mercado\source\repos\Yakult-System-New\Yakult.Inventory.App\Yakult.Inventory.App.csproj]
C:\Users\russel.mercado\source\repos\Yakult-System-New\Yakult.Inventory.App\Wpf\Set\RequisitionForm\Dialogs\PrepareRequisitionDialog.xaml.cs(34,17): error CS0103: The name '_receivedByCombo' does not exist in the current context [C:\Users\russel.mercado\source\repos\Yakult-System-New\Yakult.Inventory.App\Yakult.Inventory.App.csproj]
C:\Users\russel.mercado\source\repos\Yakult-System-New\Yakult.Inventory.App\Wpf\Set\RequisitionForm\Dialogs\PrepareRequisitionDialog.xaml.cs(36,17): error CS0103: The name '_receivedByCombo' does not exist in the current context [C:\Users\russel.mercado\source\repos\Yakult-System-New\Yakult.Inventory.App\Yakult.Inventory.App.csproj]
C:\Users\russel.mercado\source\repos\Yakult-System-New\Yakult.Inventory.App\Wpf\Set\RequisitionForm\Dialogs\PrepareRequisitionDialog.xaml.cs(43,17): error CS0103: The name '_preparedByCombo' does not exist in the current context [C:\Users\russel.mercado\source\repos\Yakult-System-New\Yakult.Inventory.App\Yakult.Inventory.App.csproj]
C:\Users\russel.mercado\source\repos\Yakult-System-New\Yakult.Inventory.App\Wpf\Set\RequisitionForm\Dialogs\PrepareRequisitionDialog.xaml.cs(44,17): error CS0103: The name '_notedByCombo' does not exist in the current context [C:\Users\russel.mercado\source\repos\Yakult-System-New\Yakult.Inventory.App\Yakult.Inventory.App.csproj]
C:\Users\russel.mercado\source\repos\Yakult-System-New\Yakult.Inventory.App\Wpf\Set\RequisitionForm\Dialogs\PrepareRequisitionDialog.xaml.cs(45,17): error CS0103: The name '_approvedByCombo' does not exist in the current context [C:\Users\russel.mercado\source\repos\Yakult-System-New\Yakult.Inventory.App\Yakult.Inventory.App.csproj]
C:\Users\russel.mercado\source\repos\Yakult-System-New\Yakult.Inventory.App\Wpf\Set\RequisitionForm\Dialogs\PrepareRequisitionDialog.xaml.cs(46,17): error CS0103: The name '_receivedByCombo' does not exist in the current context [C:\Users\russel.mercado\source\repos\Yakult-System-New\Yakult.Inventory.App\Yakult.Inventory.App.csproj]
C:\Users\russel.mercado\source\repos\Yakult-System-New\Yakult.Inventory.App\Wpf\RepairPortal\Notifications\RepairNotificationBell.xaml.cs(18,13): error CS0103: The name 'InitializeComponent' does not exist in the current context [C:\Users\russel.mercado\source\repos\Yakult-System-New\Yakult.Inventory.App\Yakult.Inventory.App.csproj]
C:\Users\russel.mercado\source\repos\Yakult-System-New\Yakult.Inventory.App\Wpf\Set\RequisitionForm\Views\RequisitionFormPrintView.xaml.cs(24,13): error CS0103: The name 'InitializeComponent' does not exist in the current context [C:\Users\russel.mercado\source\repos\Yakult-System-New\Yakult.Inventory.App\Yakult.Inventory.App.csproj]
C:\Users\russel.mercado\source\repos\Yakult-System-New\Yakult.Inventory.App\Wpf\RequestPortal\NewRequest\Views\NewRequestView.xaml.cs(13,13): error CS0103: The name 'InitializeComponent' does not exist in the current context [C:\Users\russel.mercado\source\repos\Yakult-System-New\Yakult.Inventory.App\Yakult.Inventory.App.csproj]
C:\Users\russel.mercado\source\repos\Yakult-System-New\Yakult.Inventory.App\Wpf\RequestPortal\NewRequest\Views\NewRequestView.xaml.cs(26,21): error CS0103: The name 'FormScrollViewer' does not exist in the current context [C:\Users\russel.mercado\source\repos\Yakult-System-New\Yakult.Inventory.App\Yakult.Inventory.App.csproj]
C:\Users\russel.mercado\source\repos\Yakult-System-New\Yakult.Inventory.App\Wpf\RequestPortal\NewRequest\Views\NewRequestView.xaml.cs(33,68): error CS0103: The name 'RequestDetailsCard' does not exist in the current context [C:\Users\russel.mercado\source\repos\Yakult-System-New\Yakult.Inventory.App\Yakult.Inventory.App.csproj]
C:\Users\russel.mercado\source\repos\Yakult-System-New\Yakult.Inventory.App\Wpf\RequestPortal\NewRequest\Views\NewRequestView.xaml.cs(35,61): error CS0103: The name 'DeptEmployeeSelectorPanel' does not exist in the current context [C:\Users\russel.mercado\source\repos\Yakult-System-New\Yakult.Inventory.App\Yakult.Inventory.App.csproj]
C:\Users\russel.mercado\source\repos\Yakult-System-New\Yakult.Inventory.App\Wpf\RequestPortal\NewRequest\Views\NewRequestView.xaml.cs(35,89): error CS0103: The name 'RequesterIdentityPanel' does not exist in the current context [C:\Users\russel.mercado\source\repos\Yakult-System-New\Yakult.Inventory.App\Yakult.Inventory.App.csproj]
C:\Users\russel.mercado\source\repos\Yakult-System-New\Yakult.Inventory.App\Wpf\RequestPortal\NewRequest\Views\NewRequestView.xaml.cs(36,72): error CS0103: The name 'CartridgeSelectionCard' does not exist in the current context [C:\Users\russel.mercado\source\repos\Yakult-System-New\Yakult.Inventory.App\Yakult.Inventory.App.csproj]
C:\Users\russel.mercado\source\repos\Yakult-System-New\Yakult.Inventory.App\Wpf\RequestPortal\NewRequest\Views\NewRequestView.xaml.cs(37,72): error CS0103: The name 'CartridgeSelectionHeader' does not exist in the current context [C:\Users\russel.mercado\source\repos\Yakult-System-New\Yakult.Inventory.App\Yakult.Inventory.App.csproj]
C:\Users\russel.mercado\source\repos\Yakult-System-New\Yakult.Inventory.App\Wpf\RequestPortal\NewRequest\Views\NewRequestView.xaml.cs(38,72): error CS0103: The name 'CartridgeModelCombo' does not exist in the current context [C:\Users\russel.mercado\source\repos\Yakult-System-New\Yakult.Inventory.App\Yakult.Inventory.App.csproj]
C:\Users\russel.mercado\source\repos\Yakult-System-New\Yakult.Inventory.App\Wpf\RequestPortal\NewRequest\Views\NewRequestView.xaml.cs(39,72): error CS0103: The name 'QtySpinnerBorder' does not exist in the current context [C:\Users\russel.mercado\source\repos\Yakult-System-New\Yakult.Inventory.App\Yakult.Inventory.App.csproj]
C:\Users\russel.mercado\source\repos\Yakult-System-New\Yakult.Inventory.App\Wpf\RequestPortal\NewRequest\Views\NewRequestView.xaml.cs(40,72): error CS0103: The name 'ReturnedEmptyLabel' does not exist in the current context [C:\Users\russel.mercado\source\repos\Yakult-System-New\Yakult.Inventory.App\Yakult.Inventory.App.csproj]
C:\Users\russel.mercado\source\repos\Yakult-System-New\Yakult.Inventory.App\Wpf\RequestPortal\NewRequest\Views\NewRequestView.xaml.cs(41,72): error CS0103: The name 'ReturnedEmptyRow' does not exist in the current context [C:\Users\russel.mercado\source\repos\Yakult-System-New\Yakult.Inventory.App\Yakult.Inventory.App.csproj]
C:\Users\russel.mercado\source\repos\Yakult-System-New\Yakult.Inventory.App\Wpf\RequestPortal\NewRequest\Views\NewRequestView.xaml.cs(42,72): error CS0103: The name 'AddToRequestButton' does not exist in the current context [C:\Users\russel.mercado\source\repos\Yakult-System-New\Yakult.Inventory.App\Yakult.Inventory.App.csproj]
C:\Users\russel.mercado\source\repos\Yakult-System-New\Yakult.Inventory.App\Wpf\RequestPortal\NewRequest\Views\NewRequestView.xaml.cs(43,72): error CS0103: The name 'RequestItemsCard' does not exist in the current context [C:\Users\russel.mercado\source\repos\Yakult-System-New\Yakult.Inventory.App\Yakult.Inventory.App.csproj]
C:\Users\russel.mercado\source\repos\Yakult-System-New\Yakult.Inventory.App\Wpf\RequestPortal\NewRequest\Views\NewRequestView.xaml.cs(44,72): error CS0103: The name 'RequestItemsHeader' does not exist in the current context [C:\Users\russel.mercado\source\repos\Yakult-System-New\Yakult.Inventory.App\Yakult.Inventory.App.csproj]
C:\Users\russel.mercado\source\repos\Yakult-System-New\Yakult.Inventory.App\Wpf\RequestPortal\NewRequest\Views\NewRequestView.xaml.cs(45,72): error CS0103: The name 'FulfillmentCard' does not exist in the current context [C:\Users\russel.mercado\source\repos\Yakult-System-New\Yakult.Inventory.App\Yakult.Inventory.App.csproj]
C:\Users\russel.mercado\source\repos\Yakult-System-New\Yakult.Inventory.App\Wpf\RequestPortal\NewRequest\Views\NewRequestView.xaml.cs(46,72): error CS0103: The name 'FulfillmentHeader' does not exist in the current context [C:\Users\russel.mercado\source\repos\Yakult-System-New\Yakult.Inventory.App\Yakult.Inventory.App.csproj]
C:\Users\russel.mercado\source\repos\Yakult-System-New\Yakult.Inventory.App\Wpf\RequestPortal\NewRequest\Views\NewRequestView.xaml.cs(47,72): error CS0103: The name 'ActionBar' does not exist in the current context [C:\Users\russel.mercado\source\repos\Yakult-System-New\Yakult.Inventory.App\Yakult.Inventory.App.csproj]
C:\Users\russel.mercado\source\repos\Yakult-System-New\Yakult.Inventory.App\Wpf\Invoice\Views\InvoicePageView.xaml.cs(153,33): error CS0103: The name 'InvoicesGrid' does not exist in the current context [C:\Users\russel.mercado\source\repos\Yakult-System-New\Yakult.Inventory.App\Yakult.Inventory.App.csproj]
C:\Users\russel.mercado\source\repos\Yakult-System-New\Yakult.Inventory.App\Wpf\Invoice\Views\InvoicePageView.xaml.cs(154,64): error CS0103: The name 'InvoicesGrid' does not exist in the current context [C:\Users\russel.mercado\source\repos\Yakult-System-New\Yakult.Inventory.App\Yakult.Inventory.App.csproj]
C:\Users\russel.mercado\source\repos\Yakult-System-New\Yakult.Inventory.App\Pages\Software\SoftwareItemPickerDialog.cs(232,25): error CS0103: The name 'ChkShowInactive' does not exist in the current context [C:\Users\russel.mercado\source\repos\Yakult-System-New\Yakult.Inventory.App\Yakult.Inventory.App.csproj]
C:\Users\russel.mercado\source\repos\Yakult-System-New\Yakult.Inventory.App\Pages\Software\SoftwareItemPickerDialog.cs(248,52): error CS0103: The name 'TxtSearchName' does not exist in the current context [C:\Users\russel.mercado\source\repos\Yakult-System-New\Yakult.Inventory.App\Yakult.Inventory.App.csproj]
C:\Users\russel.mercado\source\repos\Yakult-System-New\Yakult.Inventory.App\Pages\Software\SoftwareItemPickerDialog.cs(251,52): error CS0103: The name 'TxtSearchCategory' does not exist in the current context [C:\Users\russel.mercado\source\repos\Yakult-System-New\Yakult.Inventory.App\Yakult.Inventory.App.csproj]
C:\Users\russel.mercado\source\repos\Yakult-System-New\Yakult.Inventory.App\Pages\Software\SoftwareItemPickerDialog.cs(254,52): error CS0103: The name 'TxtSearchSerial' does not exist in the current context [C:\Users\russel.mercado\source\repos\Yakult-System-New\Yakult.Inventory.App\Yakult.Inventory.App.csproj]
C:\Users\russel.mercado\source\repos\Yakult-System-New\Yakult.Inventory.App\Pages\Software\SoftwareItemPickerDialog.cs(303,56): error CS0103: The name 'TxtSearchName' does not exist in the current context [C:\Users\russel.mercado\source\repos\Yakult-System-New\Yakult.Inventory.App\Yakult.Inventory.App.csproj]
C:\Users\russel.mercado\source\repos\Yakult-System-New\Yakult.Inventory.App\Pages\Software\SoftwareItemPickerDialog.cs(304,70): error CS0103: The name 'TxtSearchName' does not exist in the current context [C:\Users\russel.mercado\source\repos\Yakult-System-New\Yakult.Inventory.App\Yakult.Inventory.App.csproj]
C:\Users\russel.mercado\source\repos\Yakult-System-New\Yakult.Inventory.App\Pages\Software\SoftwareItemPickerDialog.cs(306,56): error CS0103: The name 'TxtSearchCategory' does not exist in the current context [C:\Users\russel.mercado\source\repos\Yakult-System-New\Yakult.Inventory.App\Yakult.Inventory.App.csproj]
C:\Users\russel.mercado\source\repos\Yakult-System-New\Yakult.Inventory.App\Pages\Software\SoftwareItemPickerDialog.cs(307,74): error CS0103: The name 'TxtSearchCategory' does not exist in the current context [C:\Users\russel.mercado\source\repos\Yakult-System-New\Yakult.Inventory.App\Yakult.Inventory.App.csproj]
C:\Users\russel.mercado\source\repos\Yakult-System-New\Yakult.Inventory.App\Pages\Software\SoftwareItemPickerDialog.cs(309,56): error CS0103: The name 'TxtSearchSerial' does not exist in the current context [C:\Users\russel.mercado\source\repos\Yakult-System-New\Yakult.Inventory.App\Yakult.Inventory.App.csproj]
C:\Users\russel.mercado\source\repos\Yakult-System-New\Yakult.Inventory.App\Pages\Software\SoftwareItemPickerDialog.cs(310,72): error CS0103: The name 'TxtSearchSerial' does not exist in the current context [C:\Users\russel.mercado\source\repos\Yakult-System-New\Yakult.Inventory.App\Yakult.Inventory.App.csproj]
C:\Users\russel.mercado\source\repos\Yakult-System-New\Yakult.Inventory.App\Pages\Software\SoftwareItemPickerDialog.cs(391,13): error CS0103: The name 'TxtSelectionHint' does not exist in the current context [C:\Users\russel.mercado\source\repos\Yakult-System-New\Yakult.Inventory.App\Yakult.Inventory.App.csproj]
C:\Users\russel.mercado\source\repos\Yakult-System-New\Yakult.Inventory.App\Pages\Software\SoftwareItemPickerDialog.cs(395,13): error CS0103: The name 'TxtSelectedCount' does not exist in the current context [C:\Users\russel.mercado\source\repos\Yakult-System-New\Yakult.Inventory.App\Yakult.Inventory.App.csproj]
C:\Users\russel.mercado\source\repos\Yakult-System-New\Yakult.Inventory.App\Pages\Software\SoftwareItemPickerDialog.cs(396,13): error CS0103: The name 'BdrSelectedCount' does not exist in the current context [C:\Users\russel.mercado\source\repos\Yakult-System-New\Yakult.Inventory.App\Yakult.Inventory.App.csproj]
C:\Users\russel.mercado\source\repos\Yakult-System-New\Yakult.Inventory.App\Wpf\EDocs\Views\EDocsPrintPreviewDialog.xaml.cs(24,13): error CS0103: The name 'InitializeComponent' does not exist in the current context [C:\Users\russel.mercado\source\repos\Yakult-System-New\Yakult.Inventory.App\Yakult.Inventory.App.csproj]
C:\Users\russel.mercado\source\repos\Yakult-System-New\Yakult.Inventory.App\Wpf\EDocs\Views\EDocsPrintPreviewDialog.xaml.cs(27,13): error CS0103: The name 'TitleText' does not exist in the current context [C:\Users\russel.mercado\source\repos\Yakult-System-New\Yakult.Inventory.App\Yakult.Inventory.App.csproj]
C:\Users\russel.mercado\source\repos\Yakult-System-New\Yakult.Inventory.App\Wpf\EDocs\Views\EDocsPrintPreviewDialog.xaml.cs(28,13): error CS0103: The name 'SubtitleText' does not exist in the current context [C:\Users\russel.mercado\source\repos\Yakult-System-New\Yakult.Inventory.App\Yakult.Inventory.App.csproj]
C:\Users\russel.mercado\source\repos\Yakult-System-New\Yakult.Inventory.App\Wpf\EDocs\Views\EDocsPrintPreviewDialog.xaml.cs(29,13): error CS0103: The name 'PreviewHost' does not exist in the current context [C:\Users\russel.mercado\source\repos\Yakult-System-New\Yakult.Inventory.App\Yakult.Inventory.App.csproj]
C:\Users\russel.mercado\source\repos\Yakult-System-New\Yakult.Inventory.App\Wpf\EDocs\Views\EDocsPrintPreviewDialog.xaml.cs(32,17): error CS0103: The name 'PageSizeLegal' does not exist in the current context [C:\Users\russel.mercado\source\repos\Yakult-System-New\Yakult.Inventory.App\Yakult.Inventory.App.csproj]
C:\Users\russel.mercado\source\repos\Yakult-System-New\Yakult.Inventory.App\Wpf\EDocs\Views\EDocsPrintPreviewDialog.xaml.cs(34,17): error CS0103: The name 'PageSizeA4' does not exist in the current context [C:\Users\russel.mercado\source\repos\Yakult-System-New\Yakult.Inventory.App\Yakult.Inventory.App.csproj]
C:\Users\russel.mercado\source\repos\Yakult-System-New\Yakult.Inventory.App\Wpf\EDocs\Views\EDocsPrintPreviewDialog.xaml.cs(36,17): error CS0103: The name 'PageSizeLetter' does not exist in the current context [C:\Users\russel.mercado\source\repos\Yakult-System-New\Yakult.Inventory.App\Yakult.Inventory.App.csproj]
C:\Users\russel.mercado\source\repos\Yakult-System-New\Yakult.Inventory.App\Wpf\EDocs\Views\EDocsPrintPreviewDialog.xaml.cs(37,13): error CS0103: The name 'Copies1' does not exist in the current context [C:\Users\russel.mercado\source\repos\Yakult-System-New\Yakult.Inventory.App\Yakult.Inventory.App.csproj]
C:\Users\russel.mercado\source\repos\Yakult-System-New\Yakult.Inventory.App\Wpf\EDocs\Views\EDocsPrintPreviewDialog.xaml.cs(47,21): error CS0103: The name 'PageSizeLetter' does not exist in the current context [C:\Users\russel.mercado\source\repos\Yakult-System-New\Yakult.Inventory.App\Yakult.Inventory.App.csproj]
C:\Users\russel.mercado\source\repos\Yakult-System-New\Yakult.Inventory.App\Wpf\EDocs\Views\EDocsPrintPreviewDialog.xaml.cs(48,21): error CS0103: The name 'PageSizeLegal' does not exist in the current context [C:\Users\russel.mercado\source\repos\Yakult-System-New\Yakult.Inventory.App\Yakult.Inventory.App.csproj]
C:\Users\russel.mercado\source\repos\Yakult-System-New\Yakult.Inventory.App\Wpf\EDocs\Views\EDocsPrintPreviewDialog.xaml.cs(49,21): error CS0103: The name 'PageSizeA4' does not exist in the current context [C:\Users\russel.mercado\source\repos\Yakult-System-New\Yakult.Inventory.App\Yakult.Inventory.App.csproj]
C:\Users\russel.mercado\source\repos\Yakult-System-New\Yakult.Inventory.App\Wpf\EDocs\Views\EDocsPrintPreviewDialog.xaml.cs(54,38): error CS0103: The name 'Copies2' does not exist in the current context [C:\Users\russel.mercado\source\repos\Yakult-System-New\Yakult.Inventory.App\Yakult.Inventory.App.csproj]
C:\Users\russel.mercado\source\repos\Yakult-System-New\Yakult.Inventory.App\Pages\Software\SoftwareItemPickerDialog.cs(411,13): error CS0103: The name 'ItemsGrid' does not exist in the current context [C:\Users\russel.mercado\source\repos\Yakult-System-New\Yakult.Inventory.App\Yakult.Inventory.App.csproj]
C:\Users\russel.mercado\source\repos\Yakult-System-New\Yakult.Inventory.App\Pages\Software\SoftwareItemPickerDialog.cs(412,13): error CS0103: The name 'TxtPageInfo' does not exist in the current context [C:\Users\russel.mercado\source\repos\Yakult-System-New\Yakult.Inventory.App\Yakult.Inventory.App.csproj]
C:\Users\russel.mercado\source\repos\Yakult-System-New\Yakult.Inventory.App\Pages\Software\SoftwareItemPickerDialog.cs(413,13): error CS0103: The name 'BtnPrevPage' does not exist in the current context [C:\Users\russel.mercado\source\repos\Yakult-System-New\Yakult.Inventory.App\Yakult.Inventory.App.csproj]
C:\Users\russel.mercado\source\repos\Yakult-System-New\Yakult.Inventory.App\Pages\Software\SoftwareItemPickerDialog.cs(414,13): error CS0103: The name 'BtnNextPage' does not exist in the current context [C:\Users\russel.mercado\source\repos\Yakult-System-New\Yakult.Inventory.App\Yakult.Inventory.App.csproj]
C:\Users\russel.mercado\source\repos\Yakult-System-New\Yakult.Inventory.App\Wpf\Export\Sets\Views\SetsExportView.xaml.cs(25,13): error CS0103: The name 'InitializeComponent' does not exist in the current context [C:\Users\russel.mercado\source\repos\Yakult-System-New\Yakult.Inventory.App\Yakult.Inventory.App.csproj]
C:\Users\russel.mercado\source\repos\Yakult-System-New\Yakult.Inventory.App\Wpf\EDocs\Views\EDocsDashboardView.xaml.cs(11,13): error CS0103: The name 'InitializeComponent' does not exist in the current context [C:\Users\russel.mercado\source\repos\Yakult-System-New\Yakult.Inventory.App\Yakult.Inventory.App.csproj]
C:\Users\russel.mercado\source\repos\Yakult-System-New\Yakult.Inventory.App\Pages\Software\SoftwareItemPickerDialog.cs(432,17): error CS0103: The name 'CmbPageSize' does not exist in the current context [C:\Users\russel.mercado\source\repos\Yakult-System-New\Yakult.Inventory.App\Yakult.Inventory.App.csproj]
C:\Users\russel.mercado\source\repos\Yakult-System-New\Yakult.Inventory.App\Wpf\Export\Sets\Views\SetsExportView.xaml.cs(64,33): error CS0103: The name 'SetsGrid' does not exist in the current context [C:\Users\russel.mercado\source\repos\Yakult-System-New\Yakult.Inventory.App\Yakult.Inventory.App.csproj]
C:\Users\russel.mercado\source\repos\Yakult-System-New\Yakult.Inventory.App\Wpf\EDocs\Gatepass\Views\GatepassPrintView.xaml.cs(29,13): error CS0103: The name 'InitializeComponent' does not exist in the current context [C:\Users\russel.mercado\source\repos\Yakult-System-New\Yakult.Inventory.App\Yakult.Inventory.App.csproj]
C:\Users\russel.mercado\source\repos\Yakult-System-New\Yakult.Inventory.App\Wpf\EDocs\Gatepass\Views\GatepassPrintView.xaml.cs(36,13): error CS0103: The name 'PagesHost' does not exist in the current context [C:\Users\russel.mercado\source\repos\Yakult-System-New\Yakult.Inventory.App\Yakult.Inventory.App.csproj]
C:\Users\russel.mercado\source\repos\Yakult-System-New\Yakult.Inventory.App\Wpf\EDocs\Gatepass\Views\GatepassPrintView.xaml.cs(52,17): error CS0103: The name 'PagesHost' does not exist in the current context [C:\Users\russel.mercado\source\repos\Yakult-System-New\Yakult.Inventory.App\Yakult.Inventory.App.csproj]
C:\Users\russel.mercado\source\repos\Yakult-System-New\Yakult.Inventory.App\Wpf\Set\Views\SetPageView.xaml.cs(18,13): error CS0103: The name 'InitializeComponent' does not exist in the current context [C:\Users\russel.mercado\source\repos\Yakult-System-New\Yakult.Inventory.App\Yakult.Inventory.App.csproj]
C:\Users\russel.mercado\source\repos\Yakult-System-New\Yakult.Inventory.App\Wpf\Set\Views\SetPageView.xaml.cs(32,44): error CS0103: The name 'SetsGrid' does not exist in the current context [C:\Users\russel.mercado\source\repos\Yakult-System-New\Yakult.Inventory.App\Yakult.Inventory.App.csproj]
C:\Users\russel.mercado\source\repos\Yakult-System-New\Yakult.Inventory.App\Pages\Software\SoftwareItemPickerDialog.cs(451,28): error CS0103: The name 'ItemsGrid' does not exist in the current context [C:\Users\russel.mercado\source\repos\Yakult-System-New\Yakult.Inventory.App\Yakult.Inventory.App.csproj]
C:\Users\russel.mercado\source\repos\Yakult-System-New\Yakult.Inventory.App\Wpf\Export\Invoice\Views\InvoiceExportView.xaml.cs(21,13): error CS0103: The name 'InitializeComponent' does not exist in the current context [C:\Users\russel.mercado\source\repos\Yakult-System-New\Yakult.Inventory.App\Yakult.Inventory.App.csproj]
C:\Users\russel.mercado\source\repos\Yakult-System-New\Yakult.Inventory.App\Wpf\Export\Invoice\Views\InvoiceExportView.xaml.cs(61,33): error CS0103: The name 'InvoicesGrid' does not exist in the current context [C:\Users\russel.mercado\source\repos\Yakult-System-New\Yakult.Inventory.App\Yakult.Inventory.App.csproj]
C:\Users\russel.mercado\source\repos\Yakult-System-New\Yakult.Inventory.App\Wpf\Set\Views\SetPageView.xaml.cs(107,55): error CS0103: The name 'SetsGrid' does not exist in the current context [C:\Users\russel.mercado\source\repos\Yakult-System-New\Yakult.Inventory.App\Yakult.Inventory.App.csproj]
C:\Users\russel.mercado\source\repos\Yakult-System-New\Yakult.Inventory.App\Wpf\Set\Views\SetPageView.xaml.cs(108,73): error CS0103: The name 'SetsGrid' does not exist in the current context [C:\Users\russel.mercado\source\repos\Yakult-System-New\Yakult.Inventory.App\Yakult.Inventory.App.csproj]
C:\Users\russel.mercado\source\repos\Yakult-System-New\Yakult.Inventory.App\Wpf\Set\Views\SetPageView.xaml.cs(120,33): error CS0103: The name 'SetsGrid' does not exist in the current context [C:\Users\russel.mercado\source\repos\Yakult-System-New\Yakult.Inventory.App\Yakult.Inventory.App.csproj]
C:\Users\russel.mercado\source\repos\Yakult-System-New\Yakult.Inventory.App\Wpf\EDocs\Transmittal\Views\TransmittalPrintView.xaml.cs(46,13): error CS0103: The name 'InitializeComponent' does not exist in the current context [C:\Users\russel.mercado\source\repos\Yakult-System-New\Yakult.Inventory.App\Yakult.Inventory.App.csproj]
C:\Users\russel.mercado\source\repos\Yakult-System-New\Yakult.Inventory.App\Pages\Software\SelectedItemsReviewDialog.cs(29,13): error CS0103: The name 'InitializeComponent' does not exist in the current context [C:\Users\russel.mercado\source\repos\Yakult-System-New\Yakult.Inventory.App\Yakult.Inventory.App.csproj]
C:\Users\russel.mercado\source\repos\Yakult-System-New\Yakult.Inventory.App\Pages\Software\SelectedItemsReviewDialog.cs(32,13): error CS0103: The name 'ItemsGrid' does not exist in the current context [C:\Users\russel.mercado\source\repos\Yakult-System-New\Yakult.Inventory.App\Yakult.Inventory.App.csproj]
C:\Users\russel.mercado\source\repos\Yakult-System-New\Yakult.Inventory.App\Wpf\EDocs\Transmittal\Views\TransmittalPrintView.xaml.cs(55,13): error CS0103: The name 'PagesHost' does not exist in the current context [C:\Users\russel.mercado\source\repos\Yakult-System-New\Yakult.Inventory.App\Yakult.Inventory.App.csproj]
C:\Users\russel.mercado\source\repos\Yakult-System-New\Yakult.Inventory.App\Wpf\EDocs\Transmittal\Views\TransmittalPrintView.xaml.cs(62,17): error CS0103: The name 'PagesHost' does not exist in the current context [C:\Users\russel.mercado\source\repos\Yakult-System-New\Yakult.Inventory.App\Yakult.Inventory.App.csproj]
C:\Users\russel.mercado\source\repos\Yakult-System-New\Yakult.Inventory.App\Wpf\RequestSetSearch\Views\RequestSetSearchView.xaml.cs(21,13): error CS0103: The name 'InitializeComponent' does not exist in the current context [C:\Users\russel.mercado\source\repos\Yakult-System-New\Yakult.Inventory.App\Yakult.Inventory.App.csproj]
C:\Users\russel.mercado\source\repos\Yakult-System-New\Yakult.Inventory.App\Wpf\RequestSetSearch\Views\RequestSetSearchView.xaml.cs(33,13): error CS0103: The name 'CenterSearchBox' does not exist in the current context [C:\Users\russel.mercado\source\repos\Yakult-System-New\Yakult.Inventory.App\Yakult.Inventory.App.csproj]
C:\Users\russel.mercado\source\repos\Yakult-System-New\Yakult.Inventory.App\Wpf\RequestSetSearch\Views\RequestSetSearchView.xaml.cs(47,17): error CS0103: The name 'LogoImage' does not exist in the current context [C:\Users\russel.mercado\source\repos\Yakult-System-New\Yakult.Inventory.App\Yakult.Inventory.App.csproj]
C:\Users\russel.mercado\source\repos\Yakult-System-New\Yakult.Inventory.App\Wpf\RequestSetSearch\Views\RequestSetSearchView.xaml.cs(62,13): error CS0103: The name 'CenterSearchBox' does not exist in the current context [C:\Users\russel.mercado\source\repos\Yakult-System-New\Yakult.Inventory.App\Yakult.Inventory.App.csproj]
C:\Users\russel.mercado\source\repos\Yakult-System-New\Yakult.Inventory.App\Pages\Software\SelectedItemsReviewDialog.cs(89,13): error CS0103: The name 'TxtCount' does not exist in the current context [C:\Users\russel.mercado\source\repos\Yakult-System-New\Yakult.Inventory.App\Yakult.Inventory.App.csproj]
C:\Users\russel.mercado\source\repos\Yakult-System-New\Yakult.Inventory.App\Pages\Software\SelectedItemsReviewDialog.cs(92,13): error CS0103: The name 'TxtEmptyState' does not exist in the current context [C:\Users\russel.mercado\source\repos\Yakult-System-New\Yakult.Inventory.App\Yakult.Inventory.App.csproj]
C:\Users\russel.mercado\source\repos\Yakult-System-New\Yakult.Inventory.App\Pages\Software\SelectedItemsReviewDialog.cs(93,13): error CS0103: The name 'BtnRemoveAll' does not exist in the current context [C:\Users\russel.mercado\source\repos\Yakult-System-New\Yakult.Inventory.App\Yakult.Inventory.App.csproj]
C:\Users\russel.mercado\source\repos\Yakult-System-New\Yakult.Inventory.App\Wpf\Export\Renewal\Views\RenewalExportView.xaml.cs(24,13): error CS0103: The name 'InitializeComponent' does not exist in the current context [C:\Users\russel.mercado\source\repos\Yakult-System-New\Yakult.Inventory.App\Yakult.Inventory.App.csproj]
C:\Users\russel.mercado\source\repos\Yakult-System-New\Yakult.Inventory.App\Wpf\Export\Renewal\Views\RenewalExportView.xaml.cs(71,33): error CS0103: The name 'RenewalsGrid' does not exist in the current context [C:\Users\russel.mercado\source\repos\Yakult-System-New\Yakult.Inventory.App\Yakult.Inventory.App.csproj]
C:\Users\russel.mercado\source\repos\Yakult-System-New\Yakult.Inventory.App\Wpf\Renewal\ChainReceipts\Views\ChainReceiptsWindow.xaml.cs(15,13): error CS0103: The name 'InitializeComponent' does not exist in the current context [C:\Users\russel.mercado\source\repos\Yakult-System-New\Yakult.Inventory.App\Yakult.Inventory.App.csproj]
C:\Users\russel.mercado\source\repos\Yakult-System-New\Yakult.Inventory.App\Wpf\ItemMovementAudit\Views\ItemMovementAuditPageView.xaml.cs(19,13): error CS0103: The name 'InitializeComponent' does not exist in the current context [C:\Users\russel.mercado\source\repos\Yakult-System-New\Yakult.Inventory.App\Yakult.Inventory.App.csproj]
C:\Users\russel.mercado\source\repos\Yakult-System-New\Yakult.Inventory.App\Wpf\ItemMovementAudit\Views\ItemMovementAuditPageView.xaml.cs(40,55): error CS0103: The name 'ItemsGrid' does not exist in the current context [C:\Users\russel.mercado\source\repos\Yakult-System-New\Yakult.Inventory.App\Yakult.Inventory.App.csproj]
C:\Users\russel.mercado\source\repos\Yakult-System-New\Yakult.Inventory.App\Wpf\ItemMovementAudit\Views\ItemMovementAuditPageView.xaml.cs(41,73): error CS0103: The name 'ItemsGrid' does not exist in the current context [C:\Users\russel.mercado\source\repos\Yakult-System-New\Yakult.Inventory.App\Yakult.Inventory.App.csproj]
C:\Users\russel.mercado\source\repos\Yakult-System-New\Yakult.Inventory.App\Wpf\ItemMovementAudit\Views\ItemMovementAuditPageView.xaml.cs(57,33): error CS0103: The name 'ItemsGrid' does not exist in the current context [C:\Users\russel.mercado\source\repos\Yakult-System-New\Yakult.Inventory.App\Yakult.Inventory.App.csproj]
C:\Users\russel.mercado\source\repos\Yakult-System-New\Yakult.Inventory.App\Wpf\Renewal\ViewRenewals\Views\RenewalPageView.xaml.cs(24,13): error CS0103: The name 'InitializeComponent' does not exist in the current context [C:\Users\russel.mercado\source\repos\Yakult-System-New\Yakult.Inventory.App\Yakult.Inventory.App.csproj]
C:\Users\russel.mercado\source\repos\Yakult-System-New\Yakult.Inventory.App\Wpf\ItemMovementAudit\Views\ItemMovementAuditPageView.xaml.cs(75,17): error CS0103: The name 'ItemsGrid' does not exist in the current context [C:\Users\russel.mercado\source\repos\Yakult-System-New\Yakult.Inventory.App\Yakult.Inventory.App.csproj]
C:\Users\russel.mercado\source\repos\Yakult-System-New\Yakult.Inventory.App\Wpf\Renewal\ViewRenewals\Views\RenewalPageView.xaml.cs(67,79): error CS0103: The name 'ExportDropdownToggle' does not exist in the current context [C:\Users\russel.mercado\source\repos\Yakult-System-New\Yakult.Inventory.App\Yakult.Inventory.App.csproj]
C:\Users\russel.mercado\source\repos\Yakult-System-New\Yakult.Inventory.App\Wpf\Renewal\ViewRenewals\Views\RenewalPageView.xaml.cs(165,55): error CS0103: The name 'RenewalsGrid' does not exist in the current context [C:\Users\russel.mercado\source\repos\Yakult-System-New\Yakult.Inventory.App\Yakult.Inventory.App.csproj]
C:\Users\russel.mercado\source\repos\Yakult-System-New\Yakult.Inventory.App\Wpf\Renewal\ViewRenewals\Views\RenewalPageView.xaml.cs(166,73): error CS0103: The name 'RenewalsGrid' does not exist in the current context [C:\Users\russel.mercado\source\repos\Yakult-System-New\Yakult.Inventory.App\Yakult.Inventory.App.csproj]
C:\Users\russel.mercado\source\repos\Yakult-System-New\Yakult.Inventory.App\Wpf\Renewal\ViewRenewals\Views\RenewalPageView.xaml.cs(178,33): error CS0103: The name 'RenewalsGrid' does not exist in the current context [C:\Users\russel.mercado\source\repos\Yakult-System-New\Yakult.Inventory.App\Yakult.Inventory.App.csproj]
C:\Users\russel.mercado\source\repos\Yakult-System-New\Yakult.Inventory.App\Wpf\Renewal\ViewRenewals\Views\RenewalPageView.xaml.cs(220,33): error CS0103: The name 'RenewalsGrid' does not exist in the current context [C:\Users\russel.mercado\source\repos\Yakult-System-New\Yakult.Inventory.App\Yakult.Inventory.App.csproj]
C:\Users\russel.mercado\source\repos\Yakult-System-New\Yakult.Inventory.App\Wpf\Renewal\ViewRenewals\Views\RenewalPageView.xaml.cs(221,26): error CS0103: The name 'RenewalsGrid' does not exist in the current context [C:\Users\russel.mercado\source\repos\Yakult-System-New\Yakult.Inventory.App\Yakult.Inventory.App.csproj]
C:\Users\russel.mercado\source\repos\Yakult-System-New\Yakult.Inventory.App\Wpf\Renewal\RenewalGroups\Views\RenewalHistoryWindow.xaml.cs(18,13): error CS0103: The name 'InitializeComponent' does not exist in the current context [C:\Users\russel.mercado\source\repos\Yakult-System-New\Yakult.Inventory.App\Yakult.Inventory.App.csproj]
C:\Users\russel.mercado\source\repos\Yakult-System-New\Yakult.Inventory.App\Wpf\Renewal\RenewalWorkspace\Views\RenewalWorkspaceWindow.xaml.cs(17,13): error CS0103: The name 'InitializeComponent' does not exist in the current context [C:\Users\russel.mercado\source\repos\Yakult-System-New\Yakult.Inventory.App\Yakult.Inventory.App.csproj]
C:\Users\russel.mercado\source\repos\Yakult-System-New\Yakult.Inventory.App\Wpf\Renewal\LinkRenewal\Views\LinkRenewalWindow.xaml.cs(17,13): error CS0103: The name 'InitializeComponent' does not exist in the current context [C:\Users\russel.mercado\source\repos\Yakult-System-New\Yakult.Inventory.App\Yakult.Inventory.App.csproj]
C:\Users\russel.mercado\source\repos\Yakult-System-New\Yakult.Inventory.App\Wpf\Renewal\RenewalWorkspace\Views\RenewalWorkspaceWindow.xaml.cs(24,13): error CS0103: The name 'InitializeComponent' does not exist in the current context [C:\Users\russel.mercado\source\repos\Yakult-System-New\Yakult.Inventory.App\Yakult.Inventory.App.csproj]
C:\Users\russel.mercado\source\repos\Yakult-System-New\Yakult.Inventory.App\Wpf\Renewal\RenewalGroups\Views\RenewalGroupPageView.xaml.cs(24,13): error CS0103: The name 'InitializeComponent' does not exist in the current context [C:\Users\russel.mercado\source\repos\Yakult-System-New\Yakult.Inventory.App\Yakult.Inventory.App.csproj]
C:\Users\russel.mercado\source\repos\Yakult-System-New\Yakult.Inventory.App\Wpf\RepairedItems\Views\RepairedItemsPageView.xaml.cs(20,13): error CS0103: The name 'InitializeComponent' does not exist in the current context [C:\Users\russel.mercado\source\repos\Yakult-System-New\Yakult.Inventory.App\Yakult.Inventory.App.csproj]
C:\Users\russel.mercado\source\repos\Yakult-System-New\Yakult.Inventory.App\Wpf\RepairedItems\Views\RepairedItemsPageView.xaml.cs(45,55): error CS0103: The name 'ItemsGrid' does not exist in the current context [C:\Users\russel.mercado\source\repos\Yakult-System-New\Yakult.Inventory.App\Yakult.Inventory.App.csproj]
C:\Users\russel.mercado\source\repos\Yakult-System-New\Yakult.Inventory.App\Wpf\RepairedItems\Views\RepairedItemsPageView.xaml.cs(57,33): error CS0103: The name 'ItemsGrid' does not exist in the current context [C:\Users\russel.mercado\source\repos\Yakult-System-New\Yakult.Inventory.App\Yakult.Inventory.App.csproj]
C:\Users\russel.mercado\source\repos\Yakult-System-New\Yakult.Inventory.App\Wpf\Renewal\RenewItems\Views\RenewItemsWindow.xaml.cs(29,13): error CS0103: The name 'InitializeComponent' does not exist in the current context [C:\Users\russel.mercado\source\repos\Yakult-System-New\Yakult.Inventory.App\Yakult.Inventory.App.csproj]
C:\Users\russel.mercado\source\repos\Yakult-System-New\Yakult.Inventory.App\Wpf\Renewal\RenewalDetail\Views\RenewalDetailWindow.xaml.cs(12,13): error CS0103: The name 'InitializeComponent' does not exist in the current context [C:\Users\russel.mercado\source\repos\Yakult-System-New\Yakult.Inventory.App\Yakult.Inventory.App.csproj]
C:\Users\russel.mercado\source\repos\Yakult-System-New\Yakult.Inventory.App\Wpf\Inventory\Views\InventoryPageView.xaml.cs(21,13): error CS0103: The name 'InitializeComponent' does not exist in the current context [C:\Users\russel.mercado\source\repos\Yakult-System-New\Yakult.Inventory.App\Yakult.Inventory.App.csproj]
C:\Users\russel.mercado\source\repos\Yakult-System-New\Yakult.Inventory.App\Wpf\Inventory\Views\InventoryPageView.xaml.cs(49,36): error CS0103: The name 'CategoryStockGrid' does not exist in the current context [C:\Users\russel.mercado\source\repos\Yakult-System-New\Yakult.Inventory.App\Yakult.Inventory.App.csproj]
C:\Users\russel.mercado\source\repos\Yakult-System-New\Yakult.Inventory.App\Wpf\Inventory\Views\InventoryPageView.xaml.cs(50,36): error CS0103: The name 'HardwareGrid' does not exist in the current context [C:\Users\russel.mercado\source\repos\Yakult-System-New\Yakult.Inventory.App\Yakult.Inventory.App.csproj]
C:\Users\russel.mercado\source\repos\Yakult-System-New\Yakult.Inventory.App\Wpf\Inventory\Views\InventoryPageView.xaml.cs(51,36): error CS0103: The name 'SoftwareLicenseGrid' does not exist in the current context [C:\Users\russel.mercado\source\repos\Yakult-System-New\Yakult.Inventory.App\Yakult.Inventory.App.csproj]
C:\Users\russel.mercado\source\repos\Yakult-System-New\Yakult.Inventory.App\Wpf\Inventory\Views\InventoryPageView.xaml.cs(52,36): error CS0103: The name 'ServicesGrid' does not exist in the current context [C:\Users\russel.mercado\source\repos\Yakult-System-New\Yakult.Inventory.App\Yakult.Inventory.App.csproj]
C:\Users\russel.mercado\source\repos\Yakult-System-New\Yakult.Inventory.App\Wpf\Inventory\Views\InventoryPageView.xaml.cs(53,37): error CS0103: The name 'InventoryGrid' does not exist in the current context [C:\Users\russel.mercado\source\repos\Yakult-System-New\Yakult.Inventory.App\Yakult.Inventory.App.csproj]
C:\Users\russel.mercado\source\repos\Yakult-System-New\Yakult.Inventory.App\Wpf\Inventory\Views\InventoryPageView.xaml.cs(86,35): error CS0103: The name 'InventoryGrid' does not exist in the current context [C:\Users\russel.mercado\source\repos\Yakult-System-New\Yakult.Inventory.App\Yakult.Inventory.App.csproj]
C:\Users\russel.mercado\source\repos\Yakult-System-New\Yakult.Inventory.App\Wpf\Inventory\Views\InventoryPageView.xaml.cs(88,13): error CS0103: The name 'InventoryGrid' does not exist in the current context [C:\Users\russel.mercado\source\repos\Yakult-System-New\Yakult.Inventory.App\Yakult.Inventory.App.csproj]
C:\Users\russel.mercado\source\repos\Yakult-System-New\Yakult.Inventory.App\Wpf\RequestManagement\Views\FulfillRequestDialog.xaml.cs(20,13): error CS0103: The name 'InitializeComponent' does not exist in the current context [C:\Users\russel.mercado\source\repos\Yakult-System-New\Yakult.Inventory.App\Yakult.Inventory.App.csproj]
C:\Users\russel.mercado\source\repos\Yakult-System-New\Yakult.Inventory.App\Wpf\RequestManagement\Views\FulfillRequestDialog.xaml.cs(22,13): error CS0103: The name 'StatesPanel' does not exist in the current context [C:\Users\russel.mercado\source\repos\Yakult-System-New\Yakult.Inventory.App\Yakult.Inventory.App.csproj]
C:\Users\russel.mercado\source\repos\Yakult-System-New\Yakult.Inventory.App\Wpf\RequestManagement\Views\FulfillRequestDialog.xaml.cs(27,17): error CS0103: The name 'TitleText' does not exist in the current context [C:\Users\russel.mercado\source\repos\Yakult-System-New\Yakult.Inventory.App\Yakult.Inventory.App.csproj]
C:\Users\russel.mercado\source\repos\Yakult-System-New\Yakult.Inventory.App\Wpf\RequestManagement\Views\FulfillRequestDialog.xaml.cs(31,17): error CS0103: The name 'SubtitleText' does not exist in the current context [C:\Users\russel.mercado\source\repos\Yakult-System-New\Yakult.Inventory.App\Yakult.Inventory.App.csproj]
C:\Users\russel.mercado\source\repos\Yakult-System-New\Yakult.Inventory.App\Wpf\RequestManagement\Views\UnfulfilledRequestsView.xaml.cs(20,13): error CS0103: The name 'InitializeComponent' does not exist in the current context [C:\Users\russel.mercado\source\repos\Yakult-System-New\Yakult.Inventory.App\Yakult.Inventory.App.csproj]
C:\Users\russel.mercado\source\repos\Yakult-System-New\Yakult.Inventory.App\Wpf\RequestManagement\Views\UnfulfilledRequestsView.xaml.cs(25,13): error CS0103: The name 'FilterByBox' does not exist in the current context [C:\Users\russel.mercado\source\repos\Yakult-System-New\Yakult.Inventory.App\Yakult.Inventory.App.csproj]
C:\Users\russel.mercado\source\repos\Yakult-System-New\Yakult.Inventory.App\Wpf\RequestManagement\Views\UnfulfilledRequestsView.xaml.cs(30,13): error CS0103: The name 'FilterByBox' does not exist in the current context [C:\Users\russel.mercado\source\repos\Yakult-System-New\Yakult.Inventory.App\Yakult.Inventory.App.csproj]
C:\Users\russel.mercado\source\repos\Yakult-System-New\Yakult.Inventory.App\Wpf\RequestManagement\Views\UnfulfilledRequestsView.xaml.cs(32,13): error CS0103: The name 'SortByBox' does not exist in the current context [C:\Users\russel.mercado\source\repos\Yakult-System-New\Yakult.Inventory.App\Yakult.Inventory.App.csproj]
C:\Users\russel.mercado\source\repos\Yakult-System-New\Yakult.Inventory.App\Wpf\RequestManagement\Views\UnfulfilledRequestsView.xaml.cs(37,13): error CS0103: The name 'SortByBox' does not exist in the current context [C:\Users\russel.mercado\source\repos\Yakult-System-New\Yakult.Inventory.App\Yakult.Inventory.App.csproj]
C:\Users\russel.mercado\source\repos\Yakult-System-New\Yakult.Inventory.App\Wpf\RequestManagement\Views\UnfulfilledRequestsView.xaml.cs(41,17): error CS0103: The name 'FilterByBox' does not exist in the current context [C:\Users\russel.mercado\source\repos\Yakult-System-New\Yakult.Inventory.App\Yakult.Inventory.App.csproj]
C:\Users\russel.mercado\source\repos\Yakult-System-New\Yakult.Inventory.App\Wpf\RequestManagement\Views\UnfulfilledRequestsView.xaml.cs(42,17): error CS0103: The name 'SortByBox' does not exist in the current context [C:\Users\russel.mercado\source\repos\Yakult-System-New\Yakult.Inventory.App\Yakult.Inventory.App.csproj]
C:\Users\russel.mercado\source\repos\Yakult-System-New\Yakult.Inventory.App\Wpf\ConsumableManagement\Views\EditConsumableModelWindow.xaml.cs(16,13): error CS0103: The name 'InitializeComponent' does not exist in the current context [C:\Users\russel.mercado\source\repos\Yakult-System-New\Yakult.Inventory.App\Yakult.Inventory.App.csproj]
C:\Users\russel.mercado\source\repos\Yakult-System-New\Yakult.Inventory.App\Wpf\ConsumableManagement\Views\EditConsumableModelWindow.xaml.cs(36,17): error CS0103: The name 'TxtModelNumber' does not exist in the current context [C:\Users\russel.mercado\source\repos\Yakult-System-New\Yakult.Inventory.App\Yakult.Inventory.App.csproj]
C:\Users\russel.mercado\source\repos\Yakult-System-New\Yakult.Inventory.App\Wpf\ConsumableManagement\Views\EditConsumableModelWindow.xaml.cs(38,17): error CS0103: The name 'ChkRequestable' does not exist in the current context [C:\Users\russel.mercado\source\repos\Yakult-System-New\Yakult.Inventory.App\Yakult.Inventory.App.csproj]
C:\Users\russel.mercado\source\repos\Yakult-System-New\Yakult.Inventory.App\Wpf\ConsumableManagement\Views\EditConsumableModelWindow.xaml.cs(39,17): error CS0103: The name 'ChkActive' does not exist in the current context [C:\Users\russel.mercado\source\repos\Yakult-System-New\Yakult.Inventory.App\Yakult.Inventory.App.csproj]
C:\Users\russel.mercado\source\repos\Yakult-System-New\Yakult.Inventory.App\Wpf\ConsumableManagement\Views\EditConsumableModelWindow.xaml.cs(41,17): error CS0103: The name 'LoadingText' does not exist in the current context [C:\Users\russel.mercado\source\repos\Yakult-System-New\Yakult.Inventory.App\Yakult.Inventory.App.csproj]
C:\Users\russel.mercado\source\repos\Yakult-System-New\Yakult.Inventory.App\Wpf\ConsumableManagement\Views\EditConsumableModelWindow.xaml.cs(42,17): error CS0103: The name 'FormPanel' does not exist in the current context [C:\Users\russel.mercado\source\repos\Yakult-System-New\Yakult.Inventory.App\Yakult.Inventory.App.csproj]
C:\Users\russel.mercado\source\repos\Yakult-System-New\Yakult.Inventory.App\Wpf\ConsumableManagement\Views\EditConsumableModelWindow.xaml.cs(43,17): error CS0103: The name 'TxtModelNumber' does not exist in the current context [C:\Users\russel.mercado\source\repos\Yakult-System-New\Yakult.Inventory.App\Yakult.Inventory.App.csproj]
C:\Users\russel.mercado\source\repos\Yakult-System-New\Yakult.Inventory.App\Wpf\ConsumableManagement\Views\EditConsumableModelWindow.xaml.cs(55,43): error CS0103: The name 'CmbCategory' does not exist in the current context [C:\Users\russel.mercado\source\repos\Yakult-System-New\Yakult.Inventory.App\Yakult.Inventory.App.csproj]
C:\Users\russel.mercado\source\repos\Yakult-System-New\Yakult.Inventory.App\Wpf\ConsumableManagement\Views\EditConsumableModelWindow.xaml.cs(59,21): error CS0103: The name 'CmbCategory' does not exist in the current context [C:\Users\russel.mercado\source\repos\Yakult-System-New\Yakult.Inventory.App\Yakult.Inventory.App.csproj]
C:\Users\russel.mercado\source\repos\Yakult-System-New\Yakult.Inventory.App\Wpf\ConsumableManagement\Views\EditConsumableModelWindow.xaml.cs(63,13): error CS0103: The name 'CmbCategory' does not exist in the current context [C:\Users\russel.mercado\source\repos\Yakult-System-New\Yakult.Inventory.App\Yakult.Inventory.App.csproj]
C:\Users\russel.mercado\source\repos\Yakult-System-New\Yakult.Inventory.App\Wpf\RequestManagement\Views\PartiallyFulfilledRequestsView.xaml.cs(20,13): error CS0103: The name 'InitializeComponent' does not exist in the current context [C:\Users\russel.mercado\source\repos\Yakult-System-New\Yakult.Inventory.App\Yakult.Inventory.App.csproj]
C:\Users\russel.mercado\source\repos\Yakult-System-New\Yakult.Inventory.App\Wpf\RequestManagement\Views\PartiallyFulfilledRequestsView.xaml.cs(25,13): error CS0103: The name 'FilterByBox' does not exist in the current context [C:\Users\russel.mercado\source\repos\Yakult-System-New\Yakult.Inventory.App\Yakult.Inventory.App.csproj]
C:\Users\russel.mercado\source\repos\Yakult-System-New\Yakult.Inventory.App\Wpf\RequestManagement\Views\PartiallyFulfilledRequestsView.xaml.cs(30,13): error CS0103: The name 'FilterByBox' does not exist in the current context [C:\Users\russel.mercado\source\repos\Yakult-System-New\Yakult.Inventory.App\Yakult.Inventory.App.csproj]
C:\Users\russel.mercado\source\repos\Yakult-System-New\Yakult.Inventory.App\Wpf\RequestManagement\Views\PartiallyFulfilledRequestsView.xaml.cs(32,13): error CS0103: The name 'SortByBox' does not exist in the current context [C:\Users\russel.mercado\source\repos\Yakult-System-New\Yakult.Inventory.App\Yakult.Inventory.App.csproj]
C:\Users\russel.mercado\source\repos\Yakult-System-New\Yakult.Inventory.App\Wpf\RequestManagement\Views\PartiallyFulfilledRequestsView.xaml.cs(37,13): error CS0103: The name 'SortByBox' does not exist in the current context [C:\Users\russel.mercado\source\repos\Yakult-System-New\Yakult.Inventory.App\Yakult.Inventory.App.csproj]
C:\Users\russel.mercado\source\repos\Yakult-System-New\Yakult.Inventory.App\Wpf\RequestManagement\Views\PartiallyFulfilledRequestsView.xaml.cs(41,17): error CS0103: The name 'FilterByBox' does not exist in the current context [C:\Users\russel.mercado\source\repos\Yakult-System-New\Yakult.Inventory.App\Yakult.Inventory.App.csproj]
C:\Users\russel.mercado\source\repos\Yakult-System-New\Yakult.Inventory.App\Wpf\RequestManagement\Views\PartiallyFulfilledRequestsView.xaml.cs(42,17): error CS0103: The name 'SortByBox' does not exist in the current context [C:\Users\russel.mercado\source\repos\Yakult-System-New\Yakult.Inventory.App\Yakult.Inventory.App.csproj]
C:\Users\russel.mercado\source\repos\Yakult-System-New\Yakult.Inventory.App\Wpf\ConsumableManagement\Views\EditConsumableModelWindow.xaml.cs(68,43): error CS0103: The name 'TxtModelNumber' does not exist in the current context [C:\Users\russel.mercado\source\repos\Yakult-System-New\Yakult.Inventory.App\Yakult.Inventory.App.csproj]
C:\Users\russel.mercado\source\repos\Yakult-System-New\Yakult.Inventory.App\Wpf\ConsumableManagement\Views\EditConsumableModelWindow.xaml.cs(72,17): error CS0103: The name 'TxtModelNumber' does not exist in the current context [C:\Users\russel.mercado\source\repos\Yakult-System-New\Yakult.Inventory.App\Yakult.Inventory.App.csproj]
C:\Users\russel.mercado\source\repos\Yakult-System-New\Yakult.Inventory.App\Wpf\ConsumableManagement\Views\EditConsumableModelWindow.xaml.cs(76,32): error CS0103: The name 'CmbCategory' does not exist in the current context [C:\Users\russel.mercado\source\repos\Yakult-System-New\Yakult.Inventory.App\Yakult.Inventory.App.csproj]
C:\Users\russel.mercado\source\repos\Yakult-System-New\Yakult.Inventory.App\Wpf\ConsumableManagement\Views\EditConsumableModelWindow.xaml.cs(80,17): error CS0103: The name 'BtnSave' does not exist in the current context [C:\Users\russel.mercado\source\repos\Yakult-System-New\Yakult.Inventory.App\Yakult.Inventory.App.csproj]
C:\Users\russel.mercado\source\repos\Yakult-System-New\Yakult.Inventory.App\Wpf\ConsumableManagement\Views\EditConsumableModelWindow.xaml.cs(81,17): error CS0103: The name 'BtnSave' does not exist in the current context [C:\Users\russel.mercado\source\repos\Yakult-System-New\Yakult.Inventory.App\Yakult.Inventory.App.csproj]
C:\Users\russel.mercado\source\repos\Yakult-System-New\Yakult.Inventory.App\Wpf\ConsumableManagement\Views\EditConsumableModelWindow.xaml.cs(85,72): error CS0103: The name 'TxtModelNumber' does not exist in the current context [C:\Users\russel.mercado\source\repos\Yakult-System-New\Yakult.Inventory.App\Yakult.Inventory.App.csproj]
C:\Users\russel.mercado\source\repos\Yakult-System-New\Yakult.Inventory.App\Wpf\ConsumableManagement\Views\EditConsumableModelWindow.xaml.cs(88,55): error CS0103: The name 'TxtModelNumber' does not exist in the current context [C:\Users\russel.mercado\source\repos\Yakult-System-New\Yakult.Inventory.App\Yakult.Inventory.App.csproj]
C:\Users\russel.mercado\source\repos\Yakult-System-New\Yakult.Inventory.App\Wpf\ConsumableManagement\Views\EditConsumableModelWindow.xaml.cs(90,21): error CS0103: The name 'BtnSave' does not exist in the current context [C:\Users\russel.mercado\source\repos\Yakult-System-New\Yakult.Inventory.App\Yakult.Inventory.App.csproj]
C:\Users\russel.mercado\source\repos\Yakult-System-New\Yakult.Inventory.App\Wpf\ConsumableManagement\Views\EditConsumableModelWindow.xaml.cs(91,21): error CS0103: The name 'BtnSave' does not exist in the current context [C:\Users\russel.mercado\source\repos\Yakult-System-New\Yakult.Inventory.App\Yakult.Inventory.App.csproj]
C:\Users\russel.mercado\source\repos\Yakult-System-New\Yakult.Inventory.App\Wpf\ConsumableManagement\Views\EditConsumableModelWindow.xaml.cs(92,21): error CS0103: The name 'TxtModelNumber' does not exist in the current context [C:\Users\russel.mercado\source\repos\Yakult-System-New\Yakult.Inventory.App\Yakult.Inventory.App.csproj]
C:\Users\russel.mercado\source\repos\Yakult-System-New\Yakult.Inventory.App\Wpf\ConsumableManagement\Views\EditConsumableModelWindow.xaml.cs(96,38): error CS0103: The name 'TxtModelNumber' does not exist in the current context [C:\Users\russel.mercado\source\repos\Yakult-System-New\Yakult.Inventory.App\Yakult.Inventory.App.csproj]
C:\Users\russel.mercado\source\repos\Yakult-System-New\Yakult.Inventory.App\Wpf\ConsumableManagement\Views\EditConsumableModelWindow.xaml.cs(98,40): error CS0103: The name 'ChkRequestable' does not exist in the current context [C:\Users\russel.mercado\source\repos\Yakult-System-New\Yakult.Inventory.App\Yakult.Inventory.App.csproj]
C:\Users\russel.mercado\source\repos\Yakult-System-New\Yakult.Inventory.App\Wpf\ConsumableManagement\Views\EditConsumableModelWindow.xaml.cs(99,35): error CS0103: The name 'ChkActive' does not exist in the current context [C:\Users\russel.mercado\source\repos\Yakult-System-New\Yakult.Inventory.App\Yakult.Inventory.App.csproj]
C:\Users\russel.mercado\source\repos\Yakult-System-New\Yakult.Inventory.App\Wpf\ConsumableManagement\Views\EditConsumableModelWindow.xaml.cs(109,17): error CS0103: The name 'BtnSave' does not exist in the current context [C:\Users\russel.mercado\source\repos\Yakult-System-New\Yakult.Inventory.App\Yakult.Inventory.App.csproj]
C:\Users\russel.mercado\source\repos\Yakult-System-New\Yakult.Inventory.App\Wpf\ConsumableManagement\Views\EditConsumableModelWindow.xaml.cs(110,17): error CS0103: The name 'BtnSave' does not exist in the current context [C:\Users\russel.mercado\source\repos\Yakult-System-New\Yakult.Inventory.App\Yakult.Inventory.App.csproj]
C:\Users\russel.mercado\source\repos\Yakult-System-New\Yakult.Inventory.App\Wpf\ConsumableManagement\Views\ViewConsumableModelsView.xaml.cs(26,13): error CS0103: The name 'InitializeComponent' does not exist in the current context [C:\Users\russel.mercado\source\repos\Yakult-System-New\Yakult.Inventory.App\Yakult.Inventory.App.csproj]
C:\Users\russel.mercado\source\repos\Yakult-System-New\Yakult.Inventory.App\Wpf\ConsumableManagement\Views\ConsumableStockMonitorView.xaml.cs(19,13): error CS0103: The name 'InitializeComponent' does not exist in the current context [C:\Users\russel.mercado\source\repos\Yakult-System-New\Yakult.Inventory.App\Yakult.Inventory.App.csproj]
C:\Users\russel.mercado\source\repos\Yakult-System-New\Yakult.Inventory.App\Pages\Invoice\ViewInvoiceDetailPage.xaml.cs(65,13): error CS0103: The name 'InitializeComponent' does not exist in the current context [C:\Users\russel.mercado\source\repos\Yakult-System-New\Yakult.Inventory.App\Yakult.Inventory.App.csproj]
C:\Users\russel.mercado\source\repos\Yakult-System-New\Yakult.Inventory.App\Wpf\ConsumableManagement\Views\ViewConsumableModelsView.xaml.cs(105,33): error CS0103: The name 'MainGrid' does not exist in the current context [C:\Users\russel.mercado\source\repos\Yakult-System-New\Yakult.Inventory.App\Yakult.Inventory.App.csproj]
C:\Users\russel.mercado\source\repos\Yakult-System-New\Yakult.Inventory.App\Pages\Branch\EditBranchDialog.xaml.cs(37,13): error CS0103: The name 'InitializeComponent' does not exist in the current context [C:\Users\russel.mercado\source\repos\Yakult-System-New\Yakult.Inventory.App\Yakult.Inventory.App.csproj]
C:\Users\russel.mercado\source\repos\Yakult-System-New\Yakult.Inventory.App\Pages\Branch\EditBranchDialog.xaml.cs(116,13): error CS0103: The name 'BtnMaximizeGlyph' does not exist in the current context [C:\Users\russel.mercado\source\repos\Yakult-System-New\Yakult.Inventory.App\Yakult.Inventory.App.csproj]
C:\Users\russel.mercado\source\repos\Yakult-System-New\Yakult.Inventory.App\Pages\Invoice\ViewInvoiceDetailPage.xaml.cs(248,36): error CS0103: The name 'CmbCompany' does not exist in the current context [C:\Users\russel.mercado\source\repos\Yakult-System-New\Yakult.Inventory.App\Yakult.Inventory.App.csproj]
C:\Users\russel.mercado\source\repos\Yakult-System-New\Yakult.Inventory.App\Pages\Invoice\ViewInvoiceDetailPage.xaml.cs(251,36): error CS0103: The name 'CmbDistributor' does not exist in the current context [C:\Users\russel.mercado\source\repos\Yakult-System-New\Yakult.Inventory.App\Yakult.Inventory.App.csproj]
C:\Users\russel.mercado\source\repos\Yakult-System-New\Yakult.Inventory.App\Pages\Invoice\ViewInvoiceDetailPage.xaml.cs(257,36): error CS0103: The name 'CmbSiteCompany' does not exist in the current context [C:\Users\russel.mercado\source\repos\Yakult-System-New\Yakult.Inventory.App\Yakult.Inventory.App.csproj]
C:\Users\russel.mercado\source\repos\Yakult-System-New\Yakult.Inventory.App\Pages\Invoice\ViewInvoiceDetailPage.xaml.cs(258,36): error CS0103: The name 'CmbSiteBranch' does not exist in the current context [C:\Users\russel.mercado\source\repos\Yakult-System-New\Yakult.Inventory.App\Yakult.Inventory.App.csproj]
C:\Users\russel.mercado\source\repos\Yakult-System-New\Yakult.Inventory.App\Pages\Invoice\ViewInvoiceDetailPage.xaml.cs(259,36): error CS0103: The name 'CmbSiteDepartment' does not exist in the current context [C:\Users\russel.mercado\source\repos\Yakult-System-New\Yakult.Inventory.App\Yakult.Inventory.App.csproj]
C:\Users\russel.mercado\source\repos\Yakult-System-New\Yakult.Inventory.App\Pages\Invoice\ViewInvoiceDetailPage.xaml.cs(262,36): error CS0103: The name 'CmbRequestedBy' does not exist in the current context [C:\Users\russel.mercado\source\repos\Yakult-System-New\Yakult.Inventory.App\Yakult.Inventory.App.csproj]
C:\Users\russel.mercado\source\repos\Yakult-System-New\Yakult.Inventory.App\Pages\Invoice\ViewInvoiceDetailPage.xaml.cs(326,49): error CS0103: The name 'CmbSiteCompany' does not exist in the current context [C:\Users\russel.mercado\source\repos\Yakult-System-New\Yakult.Inventory.App\Yakult.Inventory.App.csproj]
C:\Users\russel.mercado\source\repos\Yakult-System-New\Yakult.Inventory.App\Pages\Invoice\ViewInvoiceDetailPage.xaml.cs(327,48): error CS0103: The name 'CmbSiteBranch' does not exist in the current context [C:\Users\russel.mercado\source\repos\Yakult-System-New\Yakult.Inventory.App\Yakult.Inventory.App.csproj]
C:\Users\russel.mercado\source\repos\Yakult-System-New\Yakult.Inventory.App\Pages\Invoice\ViewInvoiceDetailPage.xaml.cs(328,46): error CS0103: The name 'CmbSiteDepartment' does not exist in the current context [C:\Users\russel.mercado\source\repos\Yakult-System-New\Yakult.Inventory.App\Yakult.Inventory.App.csproj]
C:\Users\russel.mercado\source\repos\Yakult-System-New\Yakult.Inventory.App\Pages\Invoice\ViewInvoiceDetailPage.xaml.cs(334,13): error CS0103: The name 'TxtSite' does not exist in the current context [C:\Users\russel.mercado\source\repos\Yakult-System-New\Yakult.Inventory.App\Yakult.Inventory.App.csproj]
C:\Users\russel.mercado\source\repos\Yakult-System-New\Yakult.Inventory.App\Pages\Branch\EditBranchDialog.xaml.cs(265,17): error CS0103: The name 'CmbCompany' does not exist in the current context [C:\Users\russel.mercado\source\repos\Yakult-System-New\Yakult.Inventory.App\Yakult.Inventory.App.csproj]
C:\Users\russel.mercado\source\repos\Yakult-System-New\Yakult.Inventory.App\Pages\Branch\EditBranchDialog.xaml.cs(266,17): error CS0103: The name 'CmbDepartment' does not exist in the current context [C:\Users\russel.mercado\source\repos\Yakult-System-New\Yakult.Inventory.App\Yakult.Inventory.App.csproj]
C:\Users\russel.mercado\source\repos\Yakult-System-New\Yakult.Inventory.App\Pages\Branch\EditBranchDialog.xaml.cs(277,13): error CS0103: The name 'TxtBranchId' does not exist in the current context [C:\Users\russel.mercado\source\repos\Yakult-System-New\Yakult.Inventory.App\Yakult.Inventory.App.csproj]
C:\Users\russel.mercado\source\repos\Yakult-System-New\Yakult.Inventory.App\Pages\Branch\EditBranchDialog.xaml.cs(278,13): error CS0103: The name 'TxtName' does not exist in the current context [C:\Users\russel.mercado\source\repos\Yakult-System-New\Yakult.Inventory.App\Yakult.Inventory.App.csproj]
C:\Users\russel.mercado\source\repos\Yakult-System-New\Yakult.Inventory.App\Pages\Branch\EditBranchDialog.xaml.cs(279,13): error CS0103: The name 'TxtDescription' does not exist in the current context [C:\Users\russel.mercado\source\repos\Yakult-System-New\Yakult.Inventory.App\Yakult.Inventory.App.csproj]
C:\Users\russel.mercado\source\repos\Yakult-System-New\Yakult.Inventory.App\Pages\Branch\EditBranchDialog.xaml.cs(287,21): error CS0103: The name 'CmbCompany' does not exist in the current context [C:\Users\russel.mercado\source\repos\Yakult-System-New\Yakult.Inventory.App\Yakult.Inventory.App.csproj]
C:\Users\russel.mercado\source\repos\Yakult-System-New\Yakult.Inventory.App\Pages\Branch\EditBranchDialog.xaml.cs(288,21): error CS0103: The name 'LblCompanyWarning' does not exist in the current context [C:\Users\russel.mercado\source\repos\Yakult-System-New\Yakult.Inventory.App\Yakult.Inventory.App.csproj]
C:\Users\russel.mercado\source\repos\Yakult-System-New\Yakult.Inventory.App\Pages\Branch\EditBranchDialog.xaml.cs(293,17): error CS0103: The name 'CmbCompany' does not exist in the current context [C:\Users\russel.mercado\source\repos\Yakult-System-New\Yakult.Inventory.App\Yakult.Inventory.App.csproj]
C:\Users\russel.mercado\source\repos\Yakult-System-New\Yakult.Inventory.App\Pages\Branch\EditBranchDialog.xaml.cs(294,17): error CS0103: The name 'LblCompanyWarning' does not exist in the current context [C:\Users\russel.mercado\source\repos\Yakult-System-New\Yakult.Inventory.App\Yakult.Inventory.App.csproj]
C:\Users\russel.mercado\source\repos\Yakult-System-New\Yakult.Inventory.App\Pages\Branch\EditBranchDialog.xaml.cs(303,21): error CS0103: The name 'CmbDepartment' does not exist in the current context [C:\Users\russel.mercado\source\repos\Yakult-System-New\Yakult.Inventory.App\Yakult.Inventory.App.csproj]
C:\Users\russel.mercado\source\repos\Yakult-System-New\Yakult.Inventory.App\Pages\Branch\EditBranchDialog.xaml.cs(304,21): error CS0103: The name 'LblDepartmentWarning' does not exist in the current context [C:\Users\russel.mercado\source\repos\Yakult-System-New\Yakult.Inventory.App\Yakult.Inventory.App.csproj]
C:\Users\russel.mercado\source\repos\Yakult-System-New\Yakult.Inventory.App\Pages\Branch\EditBranchDialog.xaml.cs(309,17): error CS0103: The name 'CmbDepartment' does not exist in the current context [C:\Users\russel.mercado\source\repos\Yakult-System-New\Yakult.Inventory.App\Yakult.Inventory.App.csproj]
C:\Users\russel.mercado\source\repos\Yakult-System-New\Yakult.Inventory.App\Pages\Branch\EditBranchDialog.xaml.cs(310,17): error CS0103: The name 'LblDepartmentWarning' does not exist in the current context [C:\Users\russel.mercado\source\repos\Yakult-System-New\Yakult.Inventory.App\Yakult.Inventory.App.csproj]
C:\Users\russel.mercado\source\repos\Yakult-System-New\Yakult.Inventory.App\Pages\Branch\EditBranchDialog.xaml.cs(314,13): error CS0103: The name 'ChkIsFactory' does not exist in the current context [C:\Users\russel.mercado\source\repos\Yakult-System-New\Yakult.Inventory.App\Yakult.Inventory.App.csproj]
C:\Users\russel.mercado\source\repos\Yakult-System-New\Yakult.Inventory.App\Pages\Branch\EditBranchDialog.xaml.cs(315,13): error CS0103: The name 'ChkIsDepot' does not exist in the current context [C:\Users\russel.mercado\source\repos\Yakult-System-New\Yakult.Inventory.App\Yakult.Inventory.App.csproj]
C:\Users\russel.mercado\source\repos\Yakult-System-New\Yakult.Inventory.App\Pages\Branch\EditBranchDialog.xaml.cs(316,13): error CS0103: The name 'ChkIsCenter' does not exist in the current context [C:\Users\russel.mercado\source\repos\Yakult-System-New\Yakult.Inventory.App\Yakult.Inventory.App.csproj]
C:\Users\russel.mercado\source\repos\Yakult-System-New\Yakult.Inventory.App\Pages\Branch\EditBranchDialog.xaml.cs(317,13): error CS0103: The name 'ChkIsDistributor' does not exist in the current context [C:\Users\russel.mercado\source\repos\Yakult-System-New\Yakult.Inventory.App\Yakult.Inventory.App.csproj]
C:\Users\russel.mercado\source\repos\Yakult-System-New\Yakult.Inventory.App\Pages\Branch\EditBranchDialog.xaml.cs(318,13): error CS0103: The name 'ChkActive' does not exist in the current context [C:\Users\russel.mercado\source\repos\Yakult-System-New\Yakult.Inventory.App\Yakult.Inventory.App.csproj]
C:\Users\russel.mercado\source\repos\Yakult-System-New\Yakult.Inventory.App\Pages\Branch\EditBranchDialog.xaml.cs(319,13): error CS0103: The name 'ChkIsArchived' does not exist in the current context [C:\Users\russel.mercado\source\repos\Yakult-System-New\Yakult.Inventory.App\Yakult.Inventory.App.csproj]
C:\Users\russel.mercado\source\repos\Yakult-System-New\Yakult.Inventory.App\Pages\Branch\EditBranchDialog.xaml.cs(324,17): error CS0103: The name 'CmbCompany' does not exist in the current context [C:\Users\russel.mercado\source\repos\Yakult-System-New\Yakult.Inventory.App\Yakult.Inventory.App.csproj]
C:\Users\russel.mercado\source\repos\Yakult-System-New\Yakult.Inventory.App\Pages\Branch\EditBranchDialog.xaml.cs(326,17): error CS0103: The name 'LblCompanyWarning' does not exist in the current context [C:\Users\russel.mercado\source\repos\Yakult-System-New\Yakult.Inventory.App\Yakult.Inventory.App.csproj]
C:\Users\russel.mercado\source\repos\Yakult-System-New\Yakult.Inventory.App\Pages\Branch\EditBranchDialog.xaml.cs(332,17): error CS0103: The name 'LblCompanyWarning' does not exist in the current context [C:\Users\russel.mercado\source\repos\Yakult-System-New\Yakult.Inventory.App\Yakult.Inventory.App.csproj]
C:\Users\russel.mercado\source\repos\Yakult-System-New\Yakult.Inventory.App\Pages\Branch\EditBranchDialog.xaml.cs(338,17): error CS0103: The name 'CmbDepartment' does not exist in the current context [C:\Users\russel.mercado\source\repos\Yakult-System-New\Yakult.Inventory.App\Yakult.Inventory.App.csproj]
C:\Users\russel.mercado\source\repos\Yakult-System-New\Yakult.Inventory.App\Pages\Branch\EditBranchDialog.xaml.cs(340,17): error CS0103: The name 'LblDepartmentWarning' does not exist in the current context [C:\Users\russel.mercado\source\repos\Yakult-System-New\Yakult.Inventory.App\Yakult.Inventory.App.csproj]
C:\Users\russel.mercado\source\repos\Yakult-System-New\Yakult.Inventory.App\Pages\Branch\EditBranchDialog.xaml.cs(346,17): error CS0103: The name 'LblDepartmentWarning' does not exist in the current context [C:\Users\russel.mercado\source\repos\Yakult-System-New\Yakult.Inventory.App\Yakult.Inventory.App.csproj]
C:\Users\russel.mercado\source\repos\Yakult-System-New\Yakult.Inventory.App\Pages\Branch\EditBranchDialog.xaml.cs(353,17): error CS0103: The name 'ChkIsArchived' does not exist in the current context [C:\Users\russel.mercado\source\repos\Yakult-System-New\Yakult.Inventory.App\Yakult.Inventory.App.csproj]
C:\Users\russel.mercado\source\repos\Yakult-System-New\Yakult.Inventory.App\Pages\Branch\EditBranchDialog.xaml.cs(355,17): error CS0103: The name 'ChkActive' does not exist in the current context [C:\Users\russel.mercado\source\repos\Yakult-System-New\Yakult.Inventory.App\Yakult.Inventory.App.csproj]
C:\Users\russel.mercado\source\repos\Yakult-System-New\Yakult.Inventory.App\Pages\Branch\EditBranchDialog.xaml.cs(365,43): error CS0103: The name 'TxtName' does not exist in the current context [C:\Users\russel.mercado\source\repos\Yakult-System-New\Yakult.Inventory.App\Yakult.Inventory.App.csproj]
C:\Users\russel.mercado\source\repos\Yakult-System-New\Yakult.Inventory.App\Pages\Branch\EditBranchDialog.xaml.cs(369,17): error CS0103: The name 'TxtName' does not exist in the current context [C:\Users\russel.mercado\source\repos\Yakult-System-New\Yakult.Inventory.App\Yakult.Inventory.App.csproj]
C:\Users\russel.mercado\source\repos\Yakult-System-New\Yakult.Inventory.App\Pages\Branch\EditBranchDialog.xaml.cs(374,42): error CS0103: The name 'ChkIsArchived' does not exist in the current context [C:\Users\russel.mercado\source\repos\Yakult-System-New\Yakult.Inventory.App\Yakult.Inventory.App.csproj]
C:\Users\russel.mercado\source\repos\Yakult-System-New\Yakult.Inventory.App\Pages\Branch\EditBranchDialog.xaml.cs(388,37): error CS0103: The name 'ChkIsArchived' does not exist in the current context [C:\Users\russel.mercado\source\repos\Yakult-System-New\Yakult.Inventory.App\Yakult.Inventory.App.csproj]
C:\Users\russel.mercado\source\repos\Yakult-System-New\Yakult.Inventory.App\Pages\Branch\EditBranchDialog.xaml.cs(418,56): error CS0103: The name 'ChkIsArchived' does not exist in the current context [C:\Users\russel.mercado\source\repos\Yakult-System-New\Yakult.Inventory.App\Yakult.Inventory.App.csproj]
C:\Users\russel.mercado\source\repos\Yakult-System-New\Yakult.Inventory.App\Pages\Branch\EditBranchDialog.xaml.cs(439,17): error CS0103: The name 'BtnSave' does not exist in the current context [C:\Users\russel.mercado\source\repos\Yakult-System-New\Yakult.Inventory.App\Yakult.Inventory.App.csproj]
C:\Users\russel.mercado\source\repos\Yakult-System-New\Yakult.Inventory.App\Pages\Branch\EditBranchDialog.xaml.cs(440,17): error CS0103: The name 'BtnCancel' does not exist in the current context [C:\Users\russel.mercado\source\repos\Yakult-System-New\Yakult.Inventory.App\Yakult.Inventory.App.csproj]
C:\Users\russel.mercado\source\repos\Yakult-System-New\Yakult.Inventory.App\Pages\Branch\EditBranchDialog.xaml.cs(444,32): error CS0103: The name 'TxtName' does not exist in the current context [C:\Users\russel.mercado\source\repos\Yakult-System-New\Yakult.Inventory.App\Yakult.Inventory.App.csproj]
C:\Users\russel.mercado\source\repos\Yakult-System-New\Yakult.Inventory.App\Pages\Branch\EditBranchDialog.xaml.cs(445,65): error CS0103: The name 'TxtDescription' does not exist in the current context [C:\Users\russel.mercado\source\repos\Yakult-System-New\Yakult.Inventory.App\Yakult.Inventory.App.csproj]
C:\Users\russel.mercado\source\repos\Yakult-System-New\Yakult.Inventory.App\Pages\Branch\EditBranchDialog.xaml.cs(445,95): error CS0103: The name 'TxtDescription' does not exist in the current context [C:\Users\russel.mercado\source\repos\Yakult-System-New\Yakult.Inventory.App\Yakult.Inventory.App.csproj]
C:\Users\russel.mercado\source\repos\Yakult-System-New\Yakult.Inventory.App\Pages\Branch\EditBranchDialog.xaml.cs(447,39): error CS0103: The name 'CmbCompany' does not exist in the current context [C:\Users\russel.mercado\source\repos\Yakult-System-New\Yakult.Inventory.App\Yakult.Inventory.App.csproj]
C:\Users\russel.mercado\source\repos\Yakult-System-New\Yakult.Inventory.App\Pages\Branch\EditBranchDialog.xaml.cs(451,42): error CS0103: The name 'CmbDepartment' does not exist in the current context [C:\Users\russel.mercado\source\repos\Yakult-System-New\Yakult.Inventory.App\Yakult.Inventory.App.csproj]
C:\Users\russel.mercado\source\repos\Yakult-System-New\Yakult.Inventory.App\Pages\Branch\EditBranchDialog.xaml.cs(455,37): error CS0103: The name 'ChkIsFactory' does not exist in the current context [C:\Users\russel.mercado\source\repos\Yakult-System-New\Yakult.Inventory.App\Yakult.Inventory.App.csproj]
C:\Users\russel.mercado\source\repos\Yakult-System-New\Yakult.Inventory.App\Pages\Branch\EditBranchDialog.xaml.cs(456,35): error CS0103: The name 'ChkIsDepot' does not exist in the current context [C:\Users\russel.mercado\source\repos\Yakult-System-New\Yakult.Inventory.App\Yakult.Inventory.App.csproj]
C:\Users\russel.mercado\source\repos\Yakult-System-New\Yakult.Inventory.App\Pages\Branch\EditBranchDialog.xaml.cs(457,36): error CS0103: The name 'ChkIsCenter' does not exist in the current context [C:\Users\russel.mercado\source\repos\Yakult-System-New\Yakult.Inventory.App\Yakult.Inventory.App.csproj]
C:\Users\russel.mercado\source\repos\Yakult-System-New\Yakult.Inventory.App\Pages\Branch\EditBranchDialog.xaml.cs(458,41): error CS0103: The name 'ChkIsDistributor' does not exist in the current context [C:\Users\russel.mercado\source\repos\Yakult-System-New\Yakult.Inventory.App\Yakult.Inventory.App.csproj]
C:\Users\russel.mercado\source\repos\Yakult-System-New\Yakult.Inventory.App\Pages\Branch\EditBranchDialog.xaml.cs(459,34): error CS0103: The name 'ChkActive' does not exist in the current context [C:\Users\russel.mercado\source\repos\Yakult-System-New\Yakult.Inventory.App\Yakult.Inventory.App.csproj]
C:\Users\russel.mercado\source\repos\Yakult-System-New\Yakult.Inventory.App\Pages\Branch\EditBranchDialog.xaml.cs(460,38): error CS0103: The name 'ChkIsArchived' does not exist in the current context [C:\Users\russel.mercado\source\repos\Yakult-System-New\Yakult.Inventory.App\Yakult.Inventory.App.csproj]
C:\Users\russel.mercado\source\repos\Yakult-System-New\Yakult.Inventory.App\Pages\Branch\EditBranchDialog.xaml.cs(489,17): error CS0103: The name 'BtnSave' does not exist in the current context [C:\Users\russel.mercado\source\repos\Yakult-System-New\Yakult.Inventory.App\Yakult.Inventory.App.csproj]
C:\Users\russel.mercado\source\repos\Yakult-System-New\Yakult.Inventory.App\Pages\Branch\EditBranchDialog.xaml.cs(490,17): error CS0103: The name 'BtnCancel' does not exist in the current context [C:\Users\russel.mercado\source\repos\Yakult-System-New\Yakult.Inventory.App\Yakult.Inventory.App.csproj]
C:\Users\russel.mercado\source\repos\Yakult-System-New\Yakult.Inventory.App\Pages\Invoice\ViewInvoiceDetailPage.xaml.cs(341,13): error CS0103: The name 'LblCreatedBy' does not exist in the current context [C:\Users\russel.mercado\source\repos\Yakult-System-New\Yakult.Inventory.App\Yakult.Inventory.App.csproj]
C:\Users\russel.mercado\source\repos\Yakult-System-New\Yakult.Inventory.App\Pages\Invoice\ViewInvoiceDetailPage.xaml.cs(344,13): error CS0103: The name 'TxtSetCode' does not exist in the current context [C:\Users\russel.mercado\source\repos\Yakult-System-New\Yakult.Inventory.App\Yakult.Inventory.App.csproj]
C:\Users\russel.mercado\source\repos\Yakult-System-New\Yakult.Inventory.App\Pages\Invoice\ViewInvoiceDetailPage.xaml.cs(347,17): error CS0103: The name 'DtpDate' does not exist in the current context [C:\Users\russel.mercado\source\repos\Yakult-System-New\Yakult.Inventory.App\Yakult.Inventory.App.csproj]
C:\Users\russel.mercado\source\repos\Yakult-System-New\Yakult.Inventory.App\Pages\Invoice\ViewInvoiceDetailPage.xaml.cs(350,17): error CS0103: The name 'CmbCompany' does not exist in the current context [C:\Users\russel.mercado\source\repos\Yakult-System-New\Yakult.Inventory.App\Yakult.Inventory.App.csproj]
C:\Users\russel.mercado\source\repos\Yakult-System-New\Yakult.Inventory.App\Pages\Invoice\ViewInvoiceDetailPage.xaml.cs(353,17): error CS0103: The name 'CmbDistributor' does not exist in the current context [C:\Users\russel.mercado\source\repos\Yakult-System-New\Yakult.Inventory.App\Yakult.Inventory.App.csproj]
C:\Users\russel.mercado\source\repos\Yakult-System-New\Yakult.Inventory.App\Pages\Invoice\ViewInvoiceDetailPage.xaml.cs(355,17): error CS0103: The name 'CmbDistributor' does not exist in the current context [C:\Users\russel.mercado\source\repos\Yakult-System-New\Yakult.Inventory.App\Yakult.Inventory.App.csproj]
C:\Users\russel.mercado\source\repos\Yakult-System-New\Yakult.Inventory.App\Pages\Invoice\ViewInvoiceDetailPage.xaml.cs(357,13): error CS0103: The name 'TxtDocumentNumber' does not exist in the current context [C:\Users\russel.mercado\source\repos\Yakult-System-New\Yakult.Inventory.App\Yakult.Inventory.App.csproj]
C:\Users\russel.mercado\source\repos\Yakult-System-New\Yakult.Inventory.App\Pages\Invoice\ViewInvoiceDetailPage.xaml.cs(361,17): error CS0103: The name 'CmbStatus' does not exist in the current context [C:\Users\russel.mercado\source\repos\Yakult-System-New\Yakult.Inventory.App\Yakult.Inventory.App.csproj]
C:\Users\russel.mercado\source\repos\Yakult-System-New\Yakult.Inventory.App\Pages\Invoice\ViewInvoiceDetailPage.xaml.cs(363,17): error CS0103: The name 'CmbStatus' does not exist in the current context [C:\Users\russel.mercado\source\repos\Yakult-System-New\Yakult.Inventory.App\Yakult.Inventory.App.csproj]
C:\Users\russel.mercado\source\repos\Yakult-System-New\Yakult.Inventory.App\Pages\Invoice\ViewInvoiceDetailPage.xaml.cs(365,17): error CS0103: The name 'CmbStatus' does not exist in the current context [C:\Users\russel.mercado\source\repos\Yakult-System-New\Yakult.Inventory.App\Yakult.Inventory.App.csproj]
C:\Users\russel.mercado\source\repos\Yakult-System-New\Yakult.Inventory.App\Pages\Invoice\ViewInvoiceDetailPage.xaml.cs(367,13): error CS0103: The name 'TxtReferenceNumber' does not exist in the current context [C:\Users\russel.mercado\source\repos\Yakult-System-New\Yakult.Inventory.App\Yakult.Inventory.App.csproj]
C:\Users\russel.mercado\source\repos\Yakult-System-New\Yakult.Inventory.App\Pages\Invoice\ViewInvoiceDetailPage.xaml.cs(368,13): error CS0103: The name 'TxtSite' does not exist in the current context [C:\Users\russel.mercado\source\repos\Yakult-System-New\Yakult.Inventory.App\Yakult.Inventory.App.csproj]
C:\Users\russel.mercado\source\repos\Yakult-System-New\Yakult.Inventory.App\Pages\Invoice\ViewInvoiceDetailPage.xaml.cs(373,17): error CS0103: The name 'CmbRequestedBy' does not exist in the current context [C:\Users\russel.mercado\source\repos\Yakult-System-New\Yakult.Inventory.App\Yakult.Inventory.App.csproj]
C:\Users\russel.mercado\source\repos\Yakult-System-New\Yakult.Inventory.App\Pages\Invoice\ViewInvoiceDetailPage.xaml.cs(375,17): error CS0103: The name 'CmbRequestedBy' does not exist in the current context [C:\Users\russel.mercado\source\repos\Yakult-System-New\Yakult.Inventory.App\Yakult.Inventory.App.csproj]
C:\Users\russel.mercado\source\repos\Yakult-System-New\Yakult.Inventory.App\Pages\Invoice\ViewInvoiceDetailPage.xaml.cs(382,13): error CS0103: The name 'TxtRemarks' does not exist in the current context [C:\Users\russel.mercado\source\repos\Yakult-System-New\Yakult.Inventory.App\Yakult.Inventory.App.csproj]
C:\Users\russel.mercado\source\repos\Yakult-System-New\Yakult.Inventory.App\Pages\Invoice\ViewInvoiceDetailPage.xaml.cs(388,21): error CS0103: The name 'CmbSiteCompany' does not exist in the current context [C:\Users\russel.mercado\source\repos\Yakult-System-New\Yakult.Inventory.App\Yakult.Inventory.App.csproj]
C:\Users\russel.mercado\source\repos\Yakult-System-New\Yakult.Inventory.App\Pages\Invoice\ViewInvoiceDetailPage.xaml.cs(390,21): error CS0103: The name 'CmbSiteCompany' does not exist in the current context [C:\Users\russel.mercado\source\repos\Yakult-System-New\Yakult.Inventory.App\Yakult.Inventory.App.csproj]
C:\Users\russel.mercado\source\repos\Yakult-System-New\Yakult.Inventory.App\Pages\Invoice\ViewInvoiceDetailPage.xaml.cs(393,21): error CS0103: The name 'CmbSiteBranch' does not exist in the current context [C:\Users\russel.mercado\source\repos\Yakult-System-New\Yakult.Inventory.App\Yakult.Inventory.App.csproj]
C:\Users\russel.mercado\source\repos\Yakult-System-New\Yakult.Inventory.App\Pages\Invoice\ViewInvoiceDetailPage.xaml.cs(395,21): error CS0103: The name 'CmbSiteBranch' does not exist in the current context [C:\Users\russel.mercado\source\repos\Yakult-System-New\Yakult.Inventory.App\Yakult.Inventory.App.csproj]
C:\Users\russel.mercado\source\repos\Yakult-System-New\Yakult.Inventory.App\Pages\Invoice\ViewInvoiceDetailPage.xaml.cs(398,21): error CS0103: The name 'CmbSiteDepartment' does not exist in the current context [C:\Users\russel.mercado\source\repos\Yakult-System-New\Yakult.Inventory.App\Yakult.Inventory.App.csproj]
C:\Users\russel.mercado\source\repos\Yakult-System-New\Yakult.Inventory.App\Pages\Invoice\ViewInvoiceDetailPage.xaml.cs(400,21): error CS0103: The name 'CmbSiteDepartment' does not exist in the current context [C:\Users\russel.mercado\source\repos\Yakult-System-New\Yakult.Inventory.App\Yakult.Inventory.App.csproj]
C:\Users\russel.mercado\source\repos\Yakult-System-New\Yakult.Inventory.App\Pages\Invoice\ViewInvoiceDetailPage.xaml.cs(407,43): error CS0103: The name 'TxtSite' does not exist in the current context [C:\Users\russel.mercado\source\repos\Yakult-System-New\Yakult.Inventory.App\Yakult.Inventory.App.csproj]
C:\Users\russel.mercado\source\repos\Yakult-System-New\Yakult.Inventory.App\Pages\Invoice\ViewInvoiceDetailPage.xaml.cs(413,17): error CS0103: The name 'DtpStartDate' does not exist in the current context [C:\Users\russel.mercado\source\repos\Yakult-System-New\Yakult.Inventory.App\Yakult.Inventory.App.csproj]
C:\Users\russel.mercado\source\repos\Yakult-System-New\Yakult.Inventory.App\Pages\Invoice\ViewInvoiceDetailPage.xaml.cs(418,17): error CS0103: The name 'DtpStartDate' does not exist in the current context [C:\Users\russel.mercado\source\repos\Yakult-System-New\Yakult.Inventory.App\Yakult.Inventory.App.csproj]
C:\Users\russel.mercado\source\repos\Yakult-System-New\Yakult.Inventory.App\Pages\Invoice\ViewInvoiceDetailPage.xaml.cs(424,17): error CS0103: The name 'DtpEndDate' does not exist in the current context [C:\Users\russel.mercado\source\repos\Yakult-System-New\Yakult.Inventory.App\Yakult.Inventory.App.csproj]
C:\Users\russel.mercado\source\repos\Yakult-System-New\Yakult.Inventory.App\Pages\Invoice\ViewInvoiceDetailPage.xaml.cs(429,17): error CS0103: The name 'DtpEndDate' does not exist in the current context [C:\Users\russel.mercado\source\repos\Yakult-System-New\Yakult.Inventory.App\Yakult.Inventory.App.csproj]
C:\Users\russel.mercado\source\repos\Yakult-System-New\Yakult.Inventory.App\Pages\Invoice\ViewInvoiceDetailPage.xaml.cs(432,13): error CS0103: The name 'TxtSubtotal' does not exist in the current context [C:\Users\russel.mercado\source\repos\Yakult-System-New\Yakult.Inventory.App\Yakult.Inventory.App.csproj]
C:\Users\russel.mercado\source\repos\Yakult-System-New\Yakult.Inventory.App\Pages\Invoice\ViewInvoiceDetailPage.xaml.cs(450,13): error CS0103: The name 'TxtVatAmount' does not exist in the current context [C:\Users\russel.mercado\source\repos\Yakult-System-New\Yakult.Inventory.App\Yakult.Inventory.App.csproj]
C:\Users\russel.mercado\source\repos\Yakult-System-New\Yakult.Inventory.App\Pages\Invoice\ViewInvoiceDetailPage.xaml.cs(451,13): error CS0103: The name 'TxtWhtAmount' does not exist in the current context [C:\Users\russel.mercado\source\repos\Yakult-System-New\Yakult.Inventory.App\Yakult.Inventory.App.csproj]
C:\Users\russel.mercado\source\repos\Yakult-System-New\Yakult.Inventory.App\Pages\Invoice\ViewInvoiceDetailPage.xaml.cs(452,13): error CS0103: The name 'TxtDiscountAmount' does not exist in the current context [C:\Users\russel.mercado\source\repos\Yakult-System-New\Yakult.Inventory.App\Yakult.Inventory.App.csproj]
C:\Users\russel.mercado\source\repos\Yakult-System-New\Yakult.Inventory.App\Pages\Invoice\ViewInvoiceDetailPage.xaml.cs(454,13): error CS0103: The name 'TxtTotalAmountDue' does not exist in the current context [C:\Users\russel.mercado\source\repos\Yakult-System-New\Yakult.Inventory.App\Yakult.Inventory.App.csproj]
C:\Users\russel.mercado\source\repos\Yakult-System-New\Yakult.Inventory.App\Pages\Invoice\ViewInvoiceDetailPage.xaml.cs(466,17): error CS0103: The name 'TxtDaysLeft' does not exist in the current context [C:\Users\russel.mercado\source\repos\Yakult-System-New\Yakult.Inventory.App\Yakult.Inventory.App.csproj]
C:\Users\russel.mercado\source\repos\Yakult-System-New\Yakult.Inventory.App\Pages\Invoice\ViewInvoiceDetailPage.xaml.cs(467,17): error CS0103: The name 'TxtDaysLeft' does not exist in the current context [C:\Users\russel.mercado\source\repos\Yakult-System-New\Yakult.Inventory.App\Yakult.Inventory.App.csproj]
C:\Users\russel.mercado\source\repos\Yakult-System-New\Yakult.Inventory.App\Pages\Invoice\ViewInvoiceDetailPage.xaml.cs(469,17): error CS0103: The name 'LblExpiryWarning' does not exist in the current context [C:\Users\russel.mercado\source\repos\Yakult-System-New\Yakult.Inventory.App\Yakult.Inventory.App.csproj]
C:\Users\russel.mercado\source\repos\Yakult-System-New\Yakult.Inventory.App\Pages\Invoice\ViewInvoiceDetailPage.xaml.cs(481,17): error CS0103: The name 'LblExpiryWarning' does not exist in the current context [C:\Users\russel.mercado\source\repos\Yakult-System-New\Yakult.Inventory.App\Yakult.Inventory.App.csproj]
C:\Users\russel.mercado\source\repos\Yakult-System-New\Yakult.Inventory.App\Pages\Invoice\ViewInvoiceDetailPage.xaml.cs(482,17): error CS0103: The name 'LblExpiryWarning' does not exist in the current context [C:\Users\russel.mercado\source\repos\Yakult-System-New\Yakult.Inventory.App\Yakult.Inventory.App.csproj]
C:\Users\russel.mercado\source\repos\Yakult-System-New\Yakult.Inventory.App\Pages\Invoice\ViewInvoiceDetailPage.xaml.cs(531,17): error CS0103: The name 'DgvItems' does not exist in the current context [C:\Users\russel.mercado\source\repos\Yakult-System-New\Yakult.Inventory.App\Yakult.Inventory.App.csproj]
C:\Users\russel.mercado\source\repos\Yakult-System-New\Yakult.Inventory.App\Pages\Invoice\ViewInvoiceDetailPage.xaml.cs(533,17): error CS0103: The name 'TxtItemCount' does not exist in the current context [C:\Users\russel.mercado\source\repos\Yakult-System-New\Yakult.Inventory.App\Yakult.Inventory.App.csproj]
C:\Users\russel.mercado\source\repos\Yakult-System-New\Yakult.Inventory.App\Pages\Invoice\BatchAddInvoiceItemsDialog.xaml.cs(48,13): error CS0103: The name 'InitializeComponent' does not exist in the current context [C:\Users\russel.mercado\source\repos\Yakult-System-New\Yakult.Inventory.App\Yakult.Inventory.App.csproj]
C:\Users\russel.mercado\source\repos\Yakult-System-New\Yakult.Inventory.App\Pages\Invoice\BatchAddInvoiceItemsDialog.xaml.cs(53,13): error CS0103: The name 'CmbSubType' does not exist in the current context [C:\Users\russel.mercado\source\repos\Yakult-System-New\Yakult.Inventory.App\Yakult.Inventory.App.csproj]
C:\Users\russel.mercado\source\repos\Yakult-System-New\Yakult.Inventory.App\Pages\Invoice\BatchAddInvoiceItemsDialog.xaml.cs(55,17): error CS0103: The name 'CmbSubType' does not exist in the current context [C:\Users\russel.mercado\source\repos\Yakult-System-New\Yakult.Inventory.App\Yakult.Inventory.App.csproj]
C:\Users\russel.mercado\source\repos\Yakult-System-New\Yakult.Inventory.App\Pages\Invoice\BatchAddInvoiceItemsDialog.xaml.cs(56,13): error CS0103: The name 'CmbSubType' does not exist in the current context [C:\Users\russel.mercado\source\repos\Yakult-System-New\Yakult.Inventory.App\Yakult.Inventory.App.csproj]
C:\Users\russel.mercado\source\repos\Yakult-System-New\Yakult.Inventory.App\Pages\Invoice\BatchAddInvoiceItemsDialog.xaml.cs(58,13): error CS0103: The name 'DtpStart' does not exist in the current context [C:\Users\russel.mercado\source\repos\Yakult-System-New\Yakult.Inventory.App\Yakult.Inventory.App.csproj]
C:\Users\russel.mercado\source\repos\Yakult-System-New\Yakult.Inventory.App\Pages\Invoice\BatchAddInvoiceItemsDialog.xaml.cs(59,13): error CS0103: The name 'DtpEnd' does not exist in the current context [C:\Users\russel.mercado\source\repos\Yakult-System-New\Yakult.Inventory.App\Yakult.Inventory.App.csproj]
C:\Users\russel.mercado\source\repos\Yakult-System-New\Yakult.Inventory.App\Pages\Invoice\ConvertToParentTagGroupDialog.xaml.cs(41,13): error CS0103: The name 'InitializeComponent' does not exist in the current context [C:\Users\russel.mercado\source\repos\Yakult-System-New\Yakult.Inventory.App\Yakult.Inventory.App.csproj]
C:\Users\russel.mercado\source\repos\Yakult-System-New\Yakult.Inventory.App\Pages\Invoice\ConvertToSubTypeGroupDialog.xaml.cs(45,13): error CS0103: The name 'InitializeComponent' does not exist in the current context [C:\Users\russel.mercado\source\repos\Yakult-System-New\Yakult.Inventory.App\Yakult.Inventory.App.csproj]
C:\Users\russel.mercado\source\repos\Yakult-System-New\Yakult.Inventory.App\Pages\Invoice\ConvertToSubTypeGroupDialog.xaml.cs(52,17): error CS0103: The name 'CmbSubType' does not exist in the current context [C:\Users\russel.mercado\source\repos\Yakult-System-New\Yakult.Inventory.App\Yakult.Inventory.App.csproj]
C:\Users\russel.mercado\source\repos\Yakult-System-New\Yakult.Inventory.App\Pages\Invoice\ConvertToSubTypeGroupDialog.xaml.cs(54,13): error CS0103: The name 'DtpStart' does not exist in the current context [C:\Users\russel.mercado\source\repos\Yakult-System-New\Yakult.Inventory.App\Yakult.Inventory.App.csproj]
C:\Users\russel.mercado\source\repos\Yakult-System-New\Yakult.Inventory.App\Pages\Invoice\ConvertToSubTypeGroupDialog.xaml.cs(55,13): error CS0103: The name 'DtpEnd' does not exist in the current context [C:\Users\russel.mercado\source\repos\Yakult-System-New\Yakult.Inventory.App\Yakult.Inventory.App.csproj]
C:\Users\russel.mercado\source\repos\Yakult-System-New\Yakult.Inventory.App\Pages\Invoice\ConvertToParentTagGroupDialog.xaml.cs(110,17): error CS0103: The name 'Grid' does not exist in the current context [C:\Users\russel.mercado\source\repos\Yakult-System-New\Yakult.Inventory.App\Yakult.Inventory.App.csproj]
C:\Users\russel.mercado\source\repos\Yakult-System-New\Yakult.Inventory.App\Pages\Invoice\ConvertToParentTagGroupDialog.xaml.cs(111,17): error CS0103: The name 'ChkSelectAll' does not exist in the current context [C:\Users\russel.mercado\source\repos\Yakult-System-New\Yakult.Inventory.App\Yakult.Inventory.App.csproj]
C:\Users\russel.mercado\source\repos\Yakult-System-New\Yakult.Inventory.App\Pages\Invoice\ConvertToParentTagGroupDialog.xaml.cs(113,17): error CS0103: The name 'TxtStatus' does not exist in the current context [C:\Users\russel.mercado\source\repos\Yakult-System-New\Yakult.Inventory.App\Yakult.Inventory.App.csproj]
C:\Users\russel.mercado\source\repos\Yakult-System-New\Yakult.Inventory.App\Pages\Invoice\ConvertToParentTagGroupDialog.xaml.cs(116,17): error CS0103: The name 'CmbParentTag' does not exist in the current context [C:\Users\russel.mercado\source\repos\Yakult-System-New\Yakult.Inventory.App\Yakult.Inventory.App.csproj]
C:\Users\russel.mercado\source\repos\Yakult-System-New\Yakult.Inventory.App\Pages\Invoice\ConvertToParentTagGroupDialog.xaml.cs(128,14): error CS0103: The name 'Grid' does not exist in the current context [C:\Users\russel.mercado\source\repos\Yakult-System-New\Yakult.Inventory.App\Yakult.Inventory.App.csproj]
C:\Users\russel.mercado\source\repos\Yakult-System-New\Yakult.Inventory.App\Pages\Invoice\ConvertToParentTagGroupDialog.xaml.cs(133,13): error CS0103: The name 'TxtSelectedCount' does not exist in the current context [C:\Users\russel.mercado\source\repos\Yakult-System-New\Yakult.Inventory.App\Yakult.Inventory.App.csproj]
C:\Users\russel.mercado\source\repos\Yakult-System-New\Yakult.Inventory.App\Pages\Invoice\ConvertToParentTagGroupDialog.xaml.cs(138,26): error CS0103: The name 'ChkSelectAll' does not exist in the current context [C:\Users\russel.mercado\source\repos\Yakult-System-New\Yakult.Inventory.App\Yakult.Inventory.App.csproj]
C:\Users\russel.mercado\source\repos\Yakult-System-New\Yakult.Inventory.App\Pages\Invoice\ConvertToParentTagGroupDialog.xaml.cs(146,25): error CS0103: The name 'CmbParentTag' does not exist in the current context [C:\Users\russel.mercado\source\repos\Yakult-System-New\Yakult.Inventory.App\Yakult.Inventory.App.csproj]
C:\Users\russel.mercado\source\repos\Yakult-System-New\Yakult.Inventory.App\Pages\Invoice\ConvertToParentTagGroupDialog.xaml.cs(164,13): error CS0103: The name 'BtnAddToGroup' does not exist in the current context [C:\Users\russel.mercado\source\repos\Yakult-System-New\Yakult.Inventory.App\Yakult.Inventory.App.csproj]
C:\Users\russel.mercado\source\repos\Yakult-System-New\Yakult.Inventory.App\Pages\Invoice\ConvertToParentTagGroupDialog.xaml.cs(184,17): error CS0103: The name 'BtnAddToGroup' does not exist in the current context [C:\Users\russel.mercado\source\repos\Yakult-System-New\Yakult.Inventory.App\Yakult.Inventory.App.csproj]
C:\Users\russel.mercado\source\repos\Yakult-System-New\Yakult.Inventory.App\Pages\Invoice\ConvertToSubTypeGroupDialog.xaml.cs(133,17): error CS0103: The name 'Grid' does not exist in the current context [C:\Users\russel.mercado\source\repos\Yakult-System-New\Yakult.Inventory.App\Yakult.Inventory.App.csproj]
C:\Users\russel.mercado\source\repos\Yakult-System-New\Yakult.Inventory.App\Pages\Invoice\ConvertToSubTypeGroupDialog.xaml.cs(134,17): error CS0103: The name 'ChkSelectAll' does not exist in the current context [C:\Users\russel.mercado\source\repos\Yakult-System-New\Yakult.Inventory.App\Yakult.Inventory.App.csproj]
C:\Users\russel.mercado\source\repos\Yakult-System-New\Yakult.Inventory.App\Pages\Invoice\ConvertToSubTypeGroupDialog.xaml.cs(137,17): error CS0103: The name 'TxtStatus' does not exist in the current context [C:\Users\russel.mercado\source\repos\Yakult-System-New\Yakult.Inventory.App\Yakult.Inventory.App.csproj]
C:\Users\russel.mercado\source\repos\Yakult-System-New\Yakult.Inventory.App\Pages\Invoice\ConvertToSubTypeGroupDialog.xaml.cs(181,14): error CS0103: The name 'Grid' does not exist in the current context [C:\Users\russel.mercado\source\repos\Yakult-System-New\Yakult.Inventory.App\Yakult.Inventory.App.csproj]
C:\Users\russel.mercado\source\repos\Yakult-System-New\Yakult.Inventory.App\Pages\Invoice\ConvertToSubTypeGroupDialog.xaml.cs(186,13): error CS0103: The name 'TxtSelectedCount' does not exist in the current context [C:\Users\russel.mercado\source\repos\Yakult-System-New\Yakult.Inventory.App\Yakult.Inventory.App.csproj]
C:\Users\russel.mercado\source\repos\Yakult-System-New\Yakult.Inventory.App\Pages\Invoice\ConvertToSubTypeGroupDialog.xaml.cs(191,26): error CS0103: The name 'ChkSelectAll' does not exist in the current context [C:\Users\russel.mercado\source\repos\Yakult-System-New\Yakult.Inventory.App\Yakult.Inventory.App.csproj]
C:\Users\russel.mercado\source\repos\Yakult-System-New\Yakult.Inventory.App\Pages\Invoice\ConvertToSubTypeGroupDialog.xaml.cs(199,27): error CS0103: The name 'CmbSubType' does not exist in the current context [C:\Users\russel.mercado\source\repos\Yakult-System-New\Yakult.Inventory.App\Yakult.Inventory.App.csproj]
C:\Users\russel.mercado\source\repos\Yakult-System-New\Yakult.Inventory.App\Pages\Invoice\ConvertToSubTypeGroupDialog.xaml.cs(200,13): error CS0103: The name 'LblReferenceCode' does not exist in the current context [C:\Users\russel.mercado\source\repos\Yakult-System-New\Yakult.Inventory.App\Yakult.Inventory.App.csproj]
C:\Users\russel.mercado\source\repos\Yakult-System-New\Yakult.Inventory.App\Pages\Invoice\ConvertToSubTypeGroupDialog.xaml.cs(206,27): error CS0103: The name 'CmbSubType' does not exist in the current context [C:\Users\russel.mercado\source\repos\Yakult-System-New\Yakult.Inventory.App\Yakult.Inventory.App.csproj]
C:\Users\russel.mercado\source\repos\Yakult-System-New\Yakult.Inventory.App\Pages\Invoice\ConvertToSubTypeGroupDialog.xaml.cs(209,13): error CS0103: The name 'CmbExistingGroup' does not exist in the current context [C:\Users\russel.mercado\source\repos\Yakult-System-New\Yakult.Inventory.App\Yakult.Inventory.App.csproj]
C:\Users\russel.mercado\source\repos\Yakult-System-New\Yakult.Inventory.App\Pages\Invoice\ConvertToSubTypeGroupDialog.xaml.cs(210,13): error CS0103: The name 'CmbExistingGroup' does not exist in the current context [C:\Users\russel.mercado\source\repos\Yakult-System-New\Yakult.Inventory.App\Yakult.Inventory.App.csproj]
C:\Users\russel.mercado\source\repos\Yakult-System-New\Yakult.Inventory.App\Pages\Invoice\ConvertToSubTypeGroupDialog.xaml.cs(214,21): error CS0103: The name 'CmbExistingGroup' does not exist in the current context [C:\Users\russel.mercado\source\repos\Yakult-System-New\Yakult.Inventory.App\Yakult.Inventory.App.csproj]
C:\Users\russel.mercado\source\repos\Yakult-System-New\Yakult.Inventory.App\Pages\Invoice\ConvertToSubTypeGroupDialog.xaml.cs(216,13): error CS0103: The name 'CmbExistingGroup' does not exist in the current context [C:\Users\russel.mercado\source\repos\Yakult-System-New\Yakult.Inventory.App\Yakult.Inventory.App.csproj]
C:\Users\russel.mercado\source\repos\Yakult-System-New\Yakult.Inventory.App\Pages\Invoice\ConvertToSubTypeGroupDialog.xaml.cs(217,13): error CS0103: The name 'CmbExistingGroup' does not exist in the current context [C:\Users\russel.mercado\source\repos\Yakult-System-New\Yakult.Inventory.App\Yakult.Inventory.App.csproj]
C:\Users\russel.mercado\source\repos\Yakult-System-New\Yakult.Inventory.App\Pages\Invoice\ConvertToSubTypeGroupDialog.xaml.cs(228,17): error CS0103: The name 'CmbExistingGroup' does not exist in the current context [C:\Users\russel.mercado\source\repos\Yakult-System-New\Yakult.Inventory.App\Yakult.Inventory.App.csproj]
C:\Users\russel.mercado\source\repos\Yakult-System-New\Yakult.Inventory.App\Pages\Invoice\ConvertToSubTypeGroupDialog.xaml.cs(230,17): error CS0103: The name 'TxtReferenceCode' does not exist in the current context [C:\Users\russel.mercado\source\repos\Yakult-System-New\Yakult.Inventory.App\Yakult.Inventory.App.csproj]
C:\Users\russel.mercado\source\repos\Yakult-System-New\Yakult.Inventory.App\Pages\Invoice\ConvertToSubTypeGroupDialog.xaml.cs(231,17): error CS0103: The name 'DtpStart' does not exist in the current context [C:\Users\russel.mercado\source\repos\Yakult-System-New\Yakult.Inventory.App\Yakult.Inventory.App.csproj]
C:\Users\russel.mercado\source\repos\Yakult-System-New\Yakult.Inventory.App\Pages\Invoice\ConvertToSubTypeGroupDialog.xaml.cs(232,17): error CS0103: The name 'DtpEnd' does not exist in the current context [C:\Users\russel.mercado\source\repos\Yakult-System-New\Yakult.Inventory.App\Yakult.Inventory.App.csproj]
C:\Users\russel.mercado\source\repos\Yakult-System-New\Yakult.Inventory.App\Pages\Invoice\ConvertToSubTypeGroupDialog.xaml.cs(233,17): error CS0103: The name 'TxtReferenceCode' does not exist in the current context [C:\Users\russel.mercado\source\repos\Yakult-System-New\Yakult.Inventory.App\Yakult.Inventory.App.csproj]
C:\Users\russel.mercado\source\repos\Yakult-System-New\Yakult.Inventory.App\Pages\Invoice\ConvertToSubTypeGroupDialog.xaml.cs(234,17): error CS0103: The name 'DtpStart' does not exist in the current context [C:\Users\russel.mercado\source\repos\Yakult-System-New\Yakult.Inventory.App\Yakult.Inventory.App.csproj]
C:\Users\russel.mercado\source\repos\Yakult-System-New\Yakult.Inventory.App\Pages\Invoice\ConvertToSubTypeGroupDialog.xaml.cs(235,17): error CS0103: The name 'DtpEnd' does not exist in the current context [C:\Users\russel.mercado\source\repos\Yakult-System-New\Yakult.Inventory.App\Yakult.Inventory.App.csproj]
C:\Users\russel.mercado\source\repos\Yakult-System-New\Yakult.Inventory.App\Pages\Invoice\ConvertToSubTypeGroupDialog.xaml.cs(239,17): error CS0103: The name 'TxtReferenceCode' does not exist in the current context [C:\Users\russel.mercado\source\repos\Yakult-System-New\Yakult.Inventory.App\Yakult.Inventory.App.csproj]
C:\Users\russel.mercado\source\repos\Yakult-System-New\Yakult.Inventory.App\Pages\Invoice\ConvertToSubTypeGroupDialog.xaml.cs(240,17): error CS0103: The name 'DtpStart' does not exist in the current context [C:\Users\russel.mercado\source\repos\Yakult-System-New\Yakult.Inventory.App\Yakult.Inventory.App.csproj]
C:\Users\russel.mercado\source\repos\Yakult-System-New\Yakult.Inventory.App\Pages\Invoice\ConvertToSubTypeGroupDialog.xaml.cs(241,17): error CS0103: The name 'DtpEnd' does not exist in the current context [C:\Users\russel.mercado\source\repos\Yakult-System-New\Yakult.Inventory.App\Yakult.Inventory.App.csproj]
C:\Users\russel.mercado\source\repos\Yakult-System-New\Yakult.Inventory.App\Pages\Invoice\ConvertToSubTypeGroupDialog.xaml.cs(242,17): error CS0103: The name 'TxtReferenceCode' does not exist in the current context [C:\Users\russel.mercado\source\repos\Yakult-System-New\Yakult.Inventory.App\Yakult.Inventory.App.csproj]
C:\Users\russel.mercado\source\repos\Yakult-System-New\Yakult.Inventory.App\Pages\Invoice\ConvertToSubTypeGroupDialog.xaml.cs(243,17): error CS0103: The name 'DtpStart' does not exist in the current context [C:\Users\russel.mercado\source\repos\Yakult-System-New\Yakult.Inventory.App\Yakult.Inventory.App.csproj]
C:\Users\russel.mercado\source\repos\Yakult-System-New\Yakult.Inventory.App\Pages\Invoice\ConvertToSubTypeGroupDialog.xaml.cs(244,17): error CS0103: The name 'DtpEnd' does not exist in the current context [C:\Users\russel.mercado\source\repos\Yakult-System-New\Yakult.Inventory.App\Yakult.Inventory.App.csproj]
C:\Users\russel.mercado\source\repos\Yakult-System-New\Yakult.Inventory.App\Pages\Invoice\ConvertToSubTypeGroupDialog.xaml.cs(250,27): error CS0103: The name 'CmbSubType' does not exist in the current context [C:\Users\russel.mercado\source\repos\Yakult-System-New\Yakult.Inventory.App\Yakult.Inventory.App.csproj]
C:\Users\russel.mercado\source\repos\Yakult-System-New\Yakult.Inventory.App\Pages\Invoice\ConvertToSubTypeGroupDialog.xaml.cs(267,59): error CS0103: The name 'TxtReferenceCode' does not exist in the current context [C:\Users\russel.mercado\source\repos\Yakult-System-New\Yakult.Inventory.App\Yakult.Inventory.App.csproj]
C:\Users\russel.mercado\source\repos\Yakult-System-New\Yakult.Inventory.App\Pages\Invoice\ConvertToSubTypeGroupDialog.xaml.cs(267,91): error CS0103: The name 'TxtReferenceCode' does not exist in the current context [C:\Users\russel.mercado\source\repos\Yakult-System-New\Yakult.Inventory.App\Yakult.Inventory.App.csproj]
C:\Users\russel.mercado\source\repos\Yakult-System-New\Yakult.Inventory.App\Pages\Invoice\ConvertToSubTypeGroupDialog.xaml.cs(268,29): error CS0103: The name 'DtpStart' does not exist in the current context [C:\Users\russel.mercado\source\repos\Yakult-System-New\Yakult.Inventory.App\Yakult.Inventory.App.csproj]
C:\Users\russel.mercado\source\repos\Yakult-System-New\Yakult.Inventory.App\Pages\Invoice\ConvertToSubTypeGroupDialog.xaml.cs(269,27): error CS0103: The name 'DtpEnd' does not exist in the current context [C:\Users\russel.mercado\source\repos\Yakult-System-New\Yakult.Inventory.App\Yakult.Inventory.App.csproj]
C:\Users\russel.mercado\source\repos\Yakult-System-New\Yakult.Inventory.App\Pages\Invoice\ConvertToSubTypeGroupDialog.xaml.cs(271,13): error CS0103: The name 'BtnAddToGroup' does not exist in the current context [C:\Users\russel.mercado\source\repos\Yakult-System-New\Yakult.Inventory.App\Yakult.Inventory.App.csproj]
C:\Users\russel.mercado\source\repos\Yakult-System-New\Yakult.Inventory.App\Pages\Invoice\ConvertToSubTypeGroupDialog.xaml.cs(291,17): error CS0103: The name 'BtnAddToGroup' does not exist in the current context [C:\Users\russel.mercado\source\repos\Yakult-System-New\Yakult.Inventory.App\Yakult.Inventory.App.csproj]
C:\Users\russel.mercado\source\repos\Yakult-System-New\Yakult.Inventory.App\Pages\Invoice\ViewInvoiceDetailPage.xaml.cs(695,13): error CS0103: The name 'GroupSummaryPanel' does not exist in the current context [C:\Users\russel.mercado\source\repos\Yakult-System-New\Yakult.Inventory.App\Yakult.Inventory.App.csproj]
C:\Users\russel.mercado\source\repos\Yakult-System-New\Yakult.Inventory.App\Pages\Invoice\ViewInvoiceDetailPage.xaml.cs(697,13): error CS0103: The name 'GroupSummaryPanel' does not exist in the current context [C:\Users\russel.mercado\source\repos\Yakult-System-New\Yakult.Inventory.App\Yakult.Inventory.App.csproj]
C:\Users\russel.mercado\source\repos\Yakult-System-New\Yakult.Inventory.App\Pages\Invoice\ViewInvoiceDetailPage.xaml.cs(699,30): error CS0103: The name 'TxtVatAmount' does not exist in the current context [C:\Users\russel.mercado\source\repos\Yakult-System-New\Yakult.Inventory.App\Yakult.Inventory.App.csproj]
C:\Users\russel.mercado\source\repos\Yakult-System-New\Yakult.Inventory.App\Pages\Invoice\ViewInvoiceDetailPage.xaml.cs(700,30): error CS0103: The name 'TxtWhtAmount' does not exist in the current context [C:\Users\russel.mercado\source\repos\Yakult-System-New\Yakult.Inventory.App\Yakult.Inventory.App.csproj]
C:\Users\russel.mercado\source\repos\Yakult-System-New\Yakult.Inventory.App\Pages\Invoice\ViewInvoiceDetailPage.xaml.cs(701,30): error CS0103: The name 'TxtDiscountAmount' does not exist in the current context [C:\Users\russel.mercado\source\repos\Yakult-System-New\Yakult.Inventory.App\Yakult.Inventory.App.csproj]
C:\Users\russel.mercado\source\repos\Yakult-System-New\Yakult.Inventory.App\Pages\Invoice\ViewInvoiceDetailPage.xaml.cs(840,17): error CS0103: The name 'GroupSummaryPanel' does not exist in the current context [C:\Users\russel.mercado\source\repos\Yakult-System-New\Yakult.Inventory.App\Yakult.Inventory.App.csproj]
C:\Users\russel.mercado\source\repos\Yakult-System-New\Yakult.Inventory.App\Pages\Invoice\ViewInvoiceDetailPage.xaml.cs(913,13): error CS0103: The name 'TxtSubtotal' does not exist in the current context [C:\Users\russel.mercado\source\repos\Yakult-System-New\Yakult.Inventory.App\Yakult.Inventory.App.csproj]
C:\Users\russel.mercado\source\repos\Yakult-System-New\Yakult.Inventory.App\Pages\Invoice\ViewInvoiceDetailPage.xaml.cs(1209,13): error CS0103: The name 'DgvItems' does not exist in the current context [C:\Users\russel.mercado\source\repos\Yakult-System-New\Yakult.Inventory.App\Yakult.Inventory.App.csproj]
C:\Users\russel.mercado\source\repos\Yakult-System-New\Yakult.Inventory.App\Pages\Invoice\ViewInvoiceDetailPage.xaml.cs(1240,13): error CS0103: The name 'DgvItems' does not exist in the current context [C:\Users\russel.mercado\source\repos\Yakult-System-New\Yakult.Inventory.App\Yakult.Inventory.App.csproj]
C:\Users\russel.mercado\source\repos\Yakult-System-New\Yakult.Inventory.App\Pages\Invoice\ViewInvoiceDetailPage.xaml.cs(1245,17): error CS0103: The name 'DgvItems' does not exist in the current context [C:\Users\russel.mercado\source\repos\Yakult-System-New\Yakult.Inventory.App\Yakult.Inventory.App.csproj]
C:\Users\russel.mercado\source\repos\Yakult-System-New\Yakult.Inventory.App\Pages\Invoice\ViewInvoiceDetailPage.xaml.cs(1264,13): error CS0103: The name 'DgvItems' does not exist in the current context [C:\Users\russel.mercado\source\repos\Yakult-System-New\Yakult.Inventory.App\Yakult.Inventory.App.csproj]
C:\Users\russel.mercado\source\repos\Yakult-System-New\Yakult.Inventory.App\Pages\Invoice\ViewInvoiceDetailPage.xaml.cs(1265,13): error CS0103: The name 'DgvItems' does not exist in the current context [C:\Users\russel.mercado\source\repos\Yakult-System-New\Yakult.Inventory.App\Yakult.Inventory.App.csproj]
C:\Users\russel.mercado\source\repos\Yakult-System-New\Yakult.Inventory.App\Pages\Invoice\DeleteInvoiceLineDialog.xaml.cs(28,13): error CS0103: The name 'InitializeComponent' does not exist in the current context [C:\Users\russel.mercado\source\repos\Yakult-System-New\Yakult.Inventory.App\Yakult.Inventory.App.csproj]
C:\Users\russel.mercado\source\repos\Yakult-System-New\Yakult.Inventory.App\Pages\Invoice\DeleteInvoiceLineDialog.xaml.cs(32,17): error CS0103: The name 'TxtTitle' does not exist in the current context [C:\Users\russel.mercado\source\repos\Yakult-System-New\Yakult.Inventory.App\Yakult.Inventory.App.csproj]
C:\Users\russel.mercado\source\repos\Yakult-System-New\Yakult.Inventory.App\Pages\Invoice\DeleteInvoiceLineDialog.xaml.cs(33,17): error CS0103: The name 'TxtNote' does not exist in the current context [C:\Users\russel.mercado\source\repos\Yakult-System-New\Yakult.Inventory.App\Yakult.Inventory.App.csproj]
C:\Users\russel.mercado\source\repos\Yakult-System-New\Yakult.Inventory.App\Pages\Invoice\DeleteInvoiceLineDialog.xaml.cs(35,17): error CS0103: The name 'BtnDeleteGroup' does not exist in the current context [C:\Users\russel.mercado\source\repos\Yakult-System-New\Yakult.Inventory.App\Yakult.Inventory.App.csproj]
C:\Users\russel.mercado\source\repos\Yakult-System-New\Yakult.Inventory.App\Pages\Invoice\DeleteInvoiceLineDialog.xaml.cs(39,17): error CS0103: The name 'TxtTitle' does not exist in the current context [C:\Users\russel.mercado\source\repos\Yakult-System-New\Yakult.Inventory.App\Yakult.Inventory.App.csproj]
C:\Users\russel.mercado\source\repos\Yakult-System-New\Yakult.Inventory.App\Pages\Invoice\DeleteInvoiceLineDialog.xaml.cs(40,17): error CS0103: The name 'TxtNote' does not exist in the current context [C:\Users\russel.mercado\source\repos\Yakult-System-New\Yakult.Inventory.App\Yakult.Inventory.App.csproj]
C:\Users\russel.mercado\source\repos\Yakult-System-New\Yakult.Inventory.App\Pages\Invoice\DeleteInvoiceLineDialog.xaml.cs(41,17): error CS0103: The name 'BtnDeleteRow' does not exist in the current context [C:\Users\russel.mercado\source\repos\Yakult-System-New\Yakult.Inventory.App\Yakult.Inventory.App.csproj]
C:\Users\russel.mercado\source\repos\Yakult-System-New\Yakult.Inventory.App\Pages\Invoice\BatchAddInvoiceItemsDialog.xaml.cs(208,22): error CS0103: The name 'TxtSearch' does not exist in the current context [C:\Users\russel.mercado\source\repos\Yakult-System-New\Yakult.Inventory.App\Yakult.Inventory.App.csproj]
C:\Users\russel.mercado\source\repos\Yakult-System-New\Yakult.Inventory.App\Pages\Invoice\BatchAddInvoiceItemsDialog.xaml.cs(209,28): error CS0103: The name 'CmbCategory' does not exist in the current context [C:\Users\russel.mercado\source\repos\Yakult-System-New\Yakult.Inventory.App\Yakult.Inventory.App.csproj]
C:\Users\russel.mercado\source\repos\Yakult-System-New\Yakult.Inventory.App\Pages\Invoice\BatchAddInvoiceItemsDialog.xaml.cs(214,44): error CS1503: Argument 1: cannot convert from 'System.ReadOnlySpan<char>' to 'string' [C:\Users\russel.mercado\source\repos\Yakult-System-New\Yakult.Inventory.App\Yakult.Inventory.App.csproj]
C:\Users\russel.mercado\source\repos\Yakult-System-New\Yakult.Inventory.App\Pages\Invoice\BatchAddInvoiceItemsDialog.xaml.cs(217,63): error CS8175: Cannot use ref local 'q' inside an anonymous method, lambda expression, or query expression [C:\Users\russel.mercado\source\repos\Yakult-System-New\Yakult.Inventory.App\Yakult.Inventory.App.csproj]
C:\Users\russel.mercado\source\repos\Yakult-System-New\Yakult.Inventory.App\Pages\Invoice\BatchAddInvoiceItemsDialog.xaml.cs(218,69): error CS8175: Cannot use ref local 'q' inside an anonymous method, lambda expression, or query expression [C:\Users\russel.mercado\source\repos\Yakult-System-New\Yakult.Inventory.App\Yakult.Inventory.App.csproj]
C:\Users\russel.mercado\source\repos\Yakult-System-New\Yakult.Inventory.App\Pages\Invoice\BatchAddInvoiceItemsDialog.xaml.cs(219,71): error CS8175: Cannot use ref local 'q' inside an anonymous method, lambda expression, or query expression [C:\Users\russel.mercado\source\repos\Yakult-System-New\Yakult.Inventory.App\Yakult.Inventory.App.csproj]
C:\Users\russel.mercado\source\repos\Yakult-System-New\Yakult.Inventory.App\Pages\Invoice\BatchAddInvoiceItemsDialog.xaml.cs(225,13): error CS0103: The name 'Grid' does not exist in the current context [C:\Users\russel.mercado\source\repos\Yakult-System-New\Yakult.Inventory.App\Yakult.Inventory.App.csproj]
C:\Users\russel.mercado\source\repos\Yakult-System-New\Yakult.Inventory.App\Pages\Invoice\ViewInvoiceDetailPage.xaml.cs(1452,33): error CS0103: The name 'DgvItems' does not exist in the current context [C:\Users\russel.mercado\source\repos\Yakult-System-New\Yakult.Inventory.App\Yakult.Inventory.App.csproj]
C:\Users\russel.mercado\source\repos\Yakult-System-New\Yakult.Inventory.App\Repositories\SetRepository.cs(2164,26): warning CS0219: The variable 'getServerTimeSql' is assigned but its value is never used [C:\Users\russel.mercado\source\repos\Yakult-System-New\Yakult.Inventory.App\Yakult.Inventory.App.csproj]
C:\Users\russel.mercado\source\repos\Yakult-System-New\Yakult.Inventory.App\Pages\Invoice\BatchAddInvoiceItemsDialog.xaml.cs(230,17): error CS0103: The name 'CmbCategory' does not exist in the current context [C:\Users\russel.mercado\source\repos\Yakult-System-New\Yakult.Inventory.App\Yakult.Inventory.App.csproj]
C:\Users\russel.mercado\source\repos\Yakult-System-New\Yakult.Inventory.App\Pages\Invoice\BatchAddInvoiceItemsDialog.xaml.cs(233,13): error CS0103: The name 'CmbCategory' does not exist in the current context [C:\Users\russel.mercado\source\repos\Yakult-System-New\Yakult.Inventory.App\Yakult.Inventory.App.csproj]
C:\Users\russel.mercado\source\repos\Yakult-System-New\Yakult.Inventory.App\Pages\Invoice\BatchAddInvoiceItemsDialog.xaml.cs(234,13): error CS0103: The name 'CmbCategory' does not exist in the current context [C:\Users\russel.mercado\source\repos\Yakult-System-New\Yakult.Inventory.App\Yakult.Inventory.App.csproj]
C:\Users\russel.mercado\source\repos\Yakult-System-New\Yakult.Inventory.App\Pages\Invoice\BatchAddInvoiceItemsDialog.xaml.cs(244,17): error CS0103: The name 'CmbCategory' does not exist in the current context [C:\Users\russel.mercado\source\repos\Yakult-System-New\Yakult.Inventory.App\Yakult.Inventory.App.csproj]
C:\Users\russel.mercado\source\repos\Yakult-System-New\Yakult.Inventory.App\Pages\Invoice\BatchAddInvoiceItemsDialog.xaml.cs(246,13): error CS0103: The name 'CmbCategory' does not exist in the current context [C:\Users\russel.mercado\source\repos\Yakult-System-New\Yakult.Inventory.App\Yakult.Inventory.App.csproj]
C:\Users\russel.mercado\source\repos\Yakult-System-New\Yakult.Inventory.App\Pages\Invoice\BatchAddInvoiceItemsDialog.xaml.cs(252,13): error CS0103: The name 'TxtSelectedCount' does not exist in the current context [C:\Users\russel.mercado\source\repos\Yakult-System-New\Yakult.Inventory.App\Yakult.Inventory.App.csproj]
C:\Users\russel.mercado\source\repos\Yakult-System-New\Yakult.Inventory.App\Pages\Invoice\ViewInvoiceDetailPage.xaml.cs(1533,13): error CS0103: The name 'TxtSubtotal' does not exist in the current context [C:\Users\russel.mercado\source\repos\Yakult-System-New\Yakult.Inventory.App\Yakult.Inventory.App.csproj]
C:\Users\russel.mercado\source\repos\Yakult-System-New\Yakult.Inventory.App\Pages\Invoice\BatchAddInvoiceItemsDialog.xaml.cs(292,27): error CS0103: The name 'CmbSubType' does not exist in the current context [C:\Users\russel.mercado\source\repos\Yakult-System-New\Yakult.Inventory.App\Yakult.Inventory.App.csproj]
C:\Users\russel.mercado\source\repos\Yakult-System-New\Yakult.Inventory.App\Pages\Invoice\BatchAddInvoiceItemsDialog.xaml.cs(295,13): error CS0103: The name 'LblReferenceCode' does not exist in the current context [C:\Users\russel.mercado\source\repos\Yakult-System-New\Yakult.Inventory.App\Yakult.Inventory.App.csproj]
C:\Users\russel.mercado\source\repos\Yakult-System-New\Yakult.Inventory.App\Pages\Invoice\BatchAddInvoiceItemsDialog.xaml.cs(298,13): error CS0103: The name 'CmbExistingGroup' does not exist in the current context [C:\Users\russel.mercado\source\repos\Yakult-System-New\Yakult.Inventory.App\Yakult.Inventory.App.csproj]
C:\Users\russel.mercado\source\repos\Yakult-System-New\Yakult.Inventory.App\Pages\Invoice\BatchAddInvoiceItemsDialog.xaml.cs(299,13): error CS0103: The name 'CmbExistingGroup' does not exist in the current context [C:\Users\russel.mercado\source\repos\Yakult-System-New\Yakult.Inventory.App\Yakult.Inventory.App.csproj]
C:\Users\russel.mercado\source\repos\Yakult-System-New\Yakult.Inventory.App\Pages\Invoice\BatchAddInvoiceItemsDialog.xaml.cs(303,21): error CS0103: The name 'CmbExistingGroup' does not exist in the current context [C:\Users\russel.mercado\source\repos\Yakult-System-New\Yakult.Inventory.App\Yakult.Inventory.App.csproj]
C:\Users\russel.mercado\source\repos\Yakult-System-New\Yakult.Inventory.App\Pages\Invoice\BatchAddInvoiceItemsDialog.xaml.cs(305,13): error CS0103: The name 'CmbExistingGroup' does not exist in the current context [C:\Users\russel.mercado\source\repos\Yakult-System-New\Yakult.Inventory.App\Yakult.Inventory.App.csproj]
C:\Users\russel.mercado\source\repos\Yakult-System-New\Yakult.Inventory.App\Pages\Invoice\BatchAddInvoiceItemsDialog.xaml.cs(306,13): error CS0103: The name 'CmbExistingGroup' does not exist in the current context [C:\Users\russel.mercado\source\repos\Yakult-System-New\Yakult.Inventory.App\Yakult.Inventory.App.csproj]
C:\Users\russel.mercado\source\repos\Yakult-System-New\Yakult.Inventory.App\Pages\Invoice\BatchAddInvoiceItemsDialog.xaml.cs(309,13): error CS0103: The name 'TxtReferenceCode' does not exist in the current context [C:\Users\russel.mercado\source\repos\Yakult-System-New\Yakult.Inventory.App\Yakult.Inventory.App.csproj]
C:\Users\russel.mercado\source\repos\Yakult-System-New\Yakult.Inventory.App\Pages\Invoice\BatchAddInvoiceItemsDialog.xaml.cs(310,13): error CS0103: The name 'TxtReferenceCode' does not exist in the current context [C:\Users\russel.mercado\source\repos\Yakult-System-New\Yakult.Inventory.App\Yakult.Inventory.App.csproj]
C:\Users\russel.mercado\source\repos\Yakult-System-New\Yakult.Inventory.App\Pages\Invoice\BatchAddInvoiceItemsDialog.xaml.cs(311,13): error CS0103: The name 'DtpStart' does not exist in the current context [C:\Users\russel.mercado\source\repos\Yakult-System-New\Yakult.Inventory.App\Yakult.Inventory.App.csproj]
C:\Users\russel.mercado\source\repos\Yakult-System-New\Yakult.Inventory.App\Pages\Invoice\BatchAddInvoiceItemsDialog.xaml.cs(312,13): error CS0103: The name 'DtpEnd' does not exist in the current context [C:\Users\russel.mercado\source\repos\Yakult-System-New\Yakult.Inventory.App\Yakult.Inventory.App.csproj]
C:\Users\russel.mercado\source\repos\Yakult-System-New\Yakult.Inventory.App\Pages\Invoice\BatchAddInvoiceItemsDialog.xaml.cs(313,13): error CS0103: The name 'DtpStart' does not exist in the current context [C:\Users\russel.mercado\source\repos\Yakult-System-New\Yakult.Inventory.App\Yakult.Inventory.App.csproj]
C:\Users\russel.mercado\source\repos\Yakult-System-New\Yakult.Inventory.App\Pages\Invoice\BatchAddInvoiceItemsDialog.xaml.cs(314,13): error CS0103: The name 'DtpEnd' does not exist in the current context [C:\Users\russel.mercado\source\repos\Yakult-System-New\Yakult.Inventory.App\Yakult.Inventory.App.csproj]
C:\Users\russel.mercado\source\repos\Yakult-System-New\Yakult.Inventory.App\Pages\Invoice\BatchAddInvoiceItemsDialog.xaml.cs(325,17): error CS0103: The name 'CmbExistingGroup' does not exist in the current context [C:\Users\russel.mercado\source\repos\Yakult-System-New\Yakult.Inventory.App\Yakult.Inventory.App.csproj]
C:\Users\russel.mercado\source\repos\Yakult-System-New\Yakult.Inventory.App\Pages\Invoice\BatchAddInvoiceItemsDialog.xaml.cs(327,17): error CS0103: The name 'TxtReferenceCode' does not exist in the current context [C:\Users\russel.mercado\source\repos\Yakult-System-New\Yakult.Inventory.App\Yakult.Inventory.App.csproj]
C:\Users\russel.mercado\source\repos\Yakult-System-New\Yakult.Inventory.App\Pages\Invoice\BatchAddInvoiceItemsDialog.xaml.cs(328,17): error CS0103: The name 'DtpStart' does not exist in the current context [C:\Users\russel.mercado\source\repos\Yakult-System-New\Yakult.Inventory.App\Yakult.Inventory.App.csproj]
C:\Users\russel.mercado\source\repos\Yakult-System-New\Yakult.Inventory.App\Pages\Invoice\BatchAddInvoiceItemsDialog.xaml.cs(329,17): error CS0103: The name 'DtpEnd' does not exist in the current context [C:\Users\russel.mercado\source\repos\Yakult-System-New\Yakult.Inventory.App\Yakult.Inventory.App.csproj]
C:\Users\russel.mercado\source\repos\Yakult-System-New\Yakult.Inventory.App\Pages\Invoice\BatchAddInvoiceItemsDialog.xaml.cs(330,17): error CS0103: The name 'TxtReferenceCode' does not exist in the current context [C:\Users\russel.mercado\source\repos\Yakult-System-New\Yakult.Inventory.App\Yakult.Inventory.App.csproj]
C:\Users\russel.mercado\source\repos\Yakult-System-New\Yakult.Inventory.App\Pages\Invoice\BatchAddInvoiceItemsDialog.xaml.cs(331,17): error CS0103: The name 'DtpStart' does not exist in the current context [C:\Users\russel.mercado\source\repos\Yakult-System-New\Yakult.Inventory.App\Yakult.Inventory.App.csproj]
C:\Users\russel.mercado\source\repos\Yakult-System-New\Yakult.Inventory.App\Pages\Invoice\BatchAddInvoiceItemsDialog.xaml.cs(332,17): error CS0103: The name 'DtpEnd' does not exist in the current context [C:\Users\russel.mercado\source\repos\Yakult-System-New\Yakult.Inventory.App\Yakult.Inventory.App.csproj]
C:\Users\russel.mercado\source\repos\Yakult-System-New\Yakult.Inventory.App\Pages\Invoice\BatchAddInvoiceItemsDialog.xaml.cs(336,17): error CS0103: The name 'TxtReferenceCode' does not exist in the current context [C:\Users\russel.mercado\source\repos\Yakult-System-New\Yakult.Inventory.App\Yakult.Inventory.App.csproj]
C:\Users\russel.mercado\source\repos\Yakult-System-New\Yakult.Inventory.App\Pages\Invoice\BatchAddInvoiceItemsDialog.xaml.cs(337,17): error CS0103: The name 'DtpStart' does not exist in the current context [C:\Users\russel.mercado\source\repos\Yakult-System-New\Yakult.Inventory.App\Yakult.Inventory.App.csproj]
C:\Users\russel.mercado\source\repos\Yakult-System-New\Yakult.Inventory.App\Pages\Invoice\BatchAddInvoiceItemsDialog.xaml.cs(338,17): error CS0103: The name 'DtpEnd' does not exist in the current context [C:\Users\russel.mercado\source\repos\Yakult-System-New\Yakult.Inventory.App\Yakult.Inventory.App.csproj]
C:\Users\russel.mercado\source\repos\Yakult-System-New\Yakult.Inventory.App\Pages\Invoice\BatchAddInvoiceItemsDialog.xaml.cs(339,17): error CS0103: The name 'TxtReferenceCode' does not exist in the current context [C:\Users\russel.mercado\source\repos\Yakult-System-New\Yakult.Inventory.App\Yakult.Inventory.App.csproj]
C:\Users\russel.mercado\source\repos\Yakult-System-New\Yakult.Inventory.App\Pages\Invoice\BatchAddInvoiceItemsDialog.xaml.cs(340,17): error CS0103: The name 'DtpStart' does not exist in the current context [C:\Users\russel.mercado\source\repos\Yakult-System-New\Yakult.Inventory.App\Yakult.Inventory.App.csproj]
C:\Users\russel.mercado\source\repos\Yakult-System-New\Yakult.Inventory.App\Pages\Invoice\BatchAddInvoiceItemsDialog.xaml.cs(341,17): error CS0103: The name 'DtpEnd' does not exist in the current context [C:\Users\russel.mercado\source\repos\Yakult-System-New\Yakult.Inventory.App\Yakult.Inventory.App.csproj]
C:\Users\russel.mercado\source\repos\Yakult-System-New\Yakult.Inventory.App\Pages\Invoice\ViewInvoiceDetailPage.xaml.cs(1625,13): error CS0103: The name 'DtpDate' does not exist in the current context [C:\Users\russel.mercado\source\repos\Yakult-System-New\Yakult.Inventory.App\Yakult.Inventory.App.csproj]
C:\Users\russel.mercado\source\repos\Yakult-System-New\Yakult.Inventory.App\Pages\Invoice\ViewInvoiceDetailPage.xaml.cs(1626,13): error CS0103: The name 'CmbCompany' does not exist in the current context [C:\Users\russel.mercado\source\repos\Yakult-System-New\Yakult.Inventory.App\Yakult.Inventory.App.csproj]
C:\Users\russel.mercado\source\repos\Yakult-System-New\Yakult.Inventory.App\Pages\Invoice\ViewInvoiceDetailPage.xaml.cs(1627,13): error CS0103: The name 'CmbDistributor' does not exist in the current context [C:\Users\russel.mercado\source\repos\Yakult-System-New\Yakult.Inventory.App\Yakult.Inventory.App.csproj]
C:\Users\russel.mercado\source\repos\Yakult-System-New\Yakult.Inventory.App\Pages\Invoice\ViewInvoiceDetailPage.xaml.cs(1628,13): error CS0103: The name 'TxtDocumentNumber' does not exist in the current context [C:\Users\russel.mercado\source\repos\Yakult-System-New\Yakult.Inventory.App\Yakult.Inventory.App.csproj]
C:\Users\russel.mercado\source\repos\Yakult-System-New\Yakult.Inventory.App\Pages\Invoice\ViewInvoiceDetailPage.xaml.cs(1629,13): error CS0103: The name 'CmbStatus' does not exist in the current context [C:\Users\russel.mercado\source\repos\Yakult-System-New\Yakult.Inventory.App\Yakult.Inventory.App.csproj]
C:\Users\russel.mercado\source\repos\Yakult-System-New\Yakult.Inventory.App\Pages\Invoice\ViewInvoiceDetailPage.xaml.cs(1630,13): error CS0103: The name 'TxtReferenceNumber' does not exist in the current context [C:\Users\russel.mercado\source\repos\Yakult-System-New\Yakult.Inventory.App\Yakult.Inventory.App.csproj]
C:\Users\russel.mercado\source\repos\Yakult-System-New\Yakult.Inventory.App\Pages\Invoice\ViewInvoiceDetailPage.xaml.cs(1631,13): error CS0103: The name 'TxtSite' does not exist in the current context [C:\Users\russel.mercado\source\repos\Yakult-System-New\Yakult.Inventory.App\Yakult.Inventory.App.csproj]
C:\Users\russel.mercado\source\repos\Yakult-System-New\Yakult.Inventory.App\Pages\Invoice\ViewInvoiceDetailPage.xaml.cs(1632,13): error CS0103: The name 'CmbSiteCompany' does not exist in the current context [C:\Users\russel.mercado\source\repos\Yakult-System-New\Yakult.Inventory.App\Yakult.Inventory.App.csproj]
C:\Users\russel.mercado\source\repos\Yakult-System-New\Yakult.Inventory.App\Pages\Invoice\ViewInvoiceDetailPage.xaml.cs(1633,13): error CS0103: The name 'CmbSiteBranch' does not exist in the current context [C:\Users\russel.mercado\source\repos\Yakult-System-New\Yakult.Inventory.App\Yakult.Inventory.App.csproj]
C:\Users\russel.mercado\source\repos\Yakult-System-New\Yakult.Inventory.App\Pages\Invoice\ViewInvoiceDetailPage.xaml.cs(1634,13): error CS0103: The name 'CmbSiteDepartment' does not exist in the current context [C:\Users\russel.mercado\source\repos\Yakult-System-New\Yakult.Inventory.App\Yakult.Inventory.App.csproj]
C:\Users\russel.mercado\source\repos\Yakult-System-New\Yakult.Inventory.App\Pages\Invoice\ViewInvoiceDetailPage.xaml.cs(1635,13): error CS0103: The name 'DtpStartDate' does not exist in the current context [C:\Users\russel.mercado\source\repos\Yakult-System-New\Yakult.Inventory.App\Yakult.Inventory.App.csproj]
C:\Users\russel.mercado\source\repos\Yakult-System-New\Yakult.Inventory.App\Pages\Invoice\ViewInvoiceDetailPage.xaml.cs(1636,13): error CS0103: The name 'DtpEndDate' does not exist in the current context [C:\Users\russel.mercado\source\repos\Yakult-System-New\Yakult.Inventory.App\Yakult.Inventory.App.csproj]
C:\Users\russel.mercado\source\repos\Yakult-System-New\Yakult.Inventory.App\Pages\Invoice\ViewInvoiceDetailPage.xaml.cs(1637,13): error CS0103: The name 'ChkOverrideLineItemDates' does not exist in the current context [C:\Users\russel.mercado\source\repos\Yakult-System-New\Yakult.Inventory.App\Yakult.Inventory.App.csproj]
C:\Users\russel.mercado\source\repos\Yakult-System-New\Yakult.Inventory.App\Pages\Invoice\ViewInvoiceDetailPage.xaml.cs(1638,13): error CS0103: The name 'TxtSubtotal' does not exist in the current context [C:\Users\russel.mercado\source\repos\Yakult-System-New\Yakult.Inventory.App\Yakult.Inventory.App.csproj]
C:\Users\russel.mercado\source\repos\Yakult-System-New\Yakult.Inventory.App\Pages\Invoice\ViewInvoiceDetailPage.xaml.cs(1639,13): error CS0103: The name 'TxtVatAmount' does not exist in the current context [C:\Users\russel.mercado\source\repos\Yakult-System-New\Yakult.Inventory.App\Yakult.Inventory.App.csproj]
C:\Users\russel.mercado\source\repos\Yakult-System-New\Yakult.Inventory.App\Pages\Invoice\ViewInvoiceDetailPage.xaml.cs(1640,13): error CS0103: The name 'TxtWhtAmount' does not exist in the current context [C:\Users\russel.mercado\source\repos\Yakult-System-New\Yakult.Inventory.App\Yakult.Inventory.App.csproj]
C:\Users\russel.mercado\source\repos\Yakult-System-New\Yakult.Inventory.App\Pages\Invoice\ViewInvoiceDetailPage.xaml.cs(1641,13): error CS0103: The name 'TxtDiscountAmount' does not exist in the current context [C:\Users\russel.mercado\source\repos\Yakult-System-New\Yakult.Inventory.App\Yakult.Inventory.App.csproj]
C:\Users\russel.mercado\source\repos\Yakult-System-New\Yakult.Inventory.App\Pages\Invoice\ViewInvoiceDetailPage.xaml.cs(1642,13): error CS0103: The name 'TxtTotalAmountDue' does not exist in the current context [C:\Users\russel.mercado\source\repos\Yakult-System-New\Yakult.Inventory.App\Yakult.Inventory.App.csproj]
C:\Users\russel.mercado\source\repos\Yakult-System-New\Yakult.Inventory.App\Pages\Invoice\ViewInvoiceDetailPage.xaml.cs(1643,13): error CS0103: The name 'TxtRemarks' does not exist in the current context [C:\Users\russel.mercado\source\repos\Yakult-System-New\Yakult.Inventory.App\Yakult.Inventory.App.csproj]
C:\Users\russel.mercado\source\repos\Yakult-System-New\Yakult.Inventory.App\Pages\Invoice\ViewInvoiceDetailPage.xaml.cs(1645,13): error CS0103: The name 'BtnEdit' does not exist in the current context [C:\Users\russel.mercado\source\repos\Yakult-System-New\Yakult.Inventory.App\Yakult.Inventory.App.csproj]
C:\Users\russel.mercado\source\repos\Yakult-System-New\Yakult.Inventory.App\Pages\Invoice\ViewInvoiceDetailPage.xaml.cs(1646,13): error CS0103: The name 'BtnBulkAddItems' does not exist in the current context [C:\Users\russel.mercado\source\repos\Yakult-System-New\Yakult.Inventory.App\Yakult.Inventory.App.csproj]
C:\Users\russel.mercado\source\repos\Yakult-System-New\Yakult.Inventory.App\Pages\Invoice\ViewInvoiceDetailPage.xaml.cs(1647,13): error CS0103: The name 'BtnConvertToSubType' does not exist in the current context [C:\Users\russel.mercado\source\repos\Yakult-System-New\Yakult.Inventory.App\Yakult.Inventory.App.csproj]
C:\Users\russel.mercado\source\repos\Yakult-System-New\Yakult.Inventory.App\Pages\Invoice\ViewInvoiceDetailPage.xaml.cs(1648,13): error CS0103: The name 'BtnConvertToParentTag' does not exist in the current context [C:\Users\russel.mercado\source\repos\Yakult-System-New\Yakult.Inventory.App\Yakult.Inventory.App.csproj]
C:\Users\russel.mercado\source\repos\Yakult-System-New\Yakult.Inventory.App\Pages\Invoice\ViewInvoiceDetailPage.xaml.cs(1649,13): error CS0103: The name 'BtnDeleteRow' does not exist in the current context [C:\Users\russel.mercado\source\repos\Yakult-System-New\Yakult.Inventory.App\Yakult.Inventory.App.csproj]
C:\Users\russel.mercado\source\repos\Yakult-System-New\Yakult.Inventory.App\Pages\Invoice\ViewInvoiceDetailPage.xaml.cs(1650,13): error CS0103: The name 'BtnSave' does not exist in the current context [C:\Users\russel.mercado\source\repos\Yakult-System-New\Yakult.Inventory.App\Yakult.Inventory.App.csproj]
C:\Users\russel.mercado\source\repos\Yakult-System-New\Yakult.Inventory.App\Pages\Invoice\ViewInvoiceDetailPage.xaml.cs(1651,13): error CS0103: The name 'BtnCancel' does not exist in the current context [C:\Users\russel.mercado\source\repos\Yakult-System-New\Yakult.Inventory.App\Yakult.Inventory.App.csproj]
C:\Users\russel.mercado\source\repos\Yakult-System-New\Yakult.Inventory.App\Pages\Invoice\ViewInvoiceDetailPage.xaml.cs(1652,13): error CS0103: The name 'BtnSaveFinancials' does not exist in the current context [C:\Users\russel.mercado\source\repos\Yakult-System-New\Yakult.Inventory.App\Yakult.Inventory.App.csproj]
C:\Users\russel.mercado\source\repos\Yakult-System-New\Yakult.Inventory.App\Pages\Invoice\BatchAddInvoiceItemsDialog.xaml.cs(372,27): error CS0103: The name 'CmbSubType' does not exist in the current context [C:\Users\russel.mercado\source\repos\Yakult-System-New\Yakult.Inventory.App\Yakult.Inventory.App.csproj]
C:\Users\russel.mercado\source\repos\Yakult-System-New\Yakult.Inventory.App\Pages\Invoice\BatchAddInvoiceItemsDialog.xaml.cs(376,59): error CS0103: The name 'TxtReferenceCode' does not exist in the current context [C:\Users\russel.mercado\source\repos\Yakult-System-New\Yakult.Inventory.App\Yakult.Inventory.App.csproj]
C:\Users\russel.mercado\source\repos\Yakult-System-New\Yakult.Inventory.App\Pages\Invoice\BatchAddInvoiceItemsDialog.xaml.cs(376,91): error CS0103: The name 'TxtReferenceCode' does not exist in the current context [C:\Users\russel.mercado\source\repos\Yakult-System-New\Yakult.Inventory.App\Yakult.Inventory.App.csproj]
C:\Users\russel.mercado\source\repos\Yakult-System-New\Yakult.Inventory.App\Pages\Invoice\BatchAddInvoiceItemsDialog.xaml.cs(377,29): error CS0103: The name 'DtpStart' does not exist in the current context [C:\Users\russel.mercado\source\repos\Yakult-System-New\Yakult.Inventory.App\Yakult.Inventory.App.csproj]
C:\Users\russel.mercado\source\repos\Yakult-System-New\Yakult.Inventory.App\Pages\Invoice\BatchAddInvoiceItemsDialog.xaml.cs(378,27): error CS0103: The name 'DtpEnd' does not exist in the current context [C:\Users\russel.mercado\source\repos\Yakult-System-New\Yakult.Inventory.App\Yakult.Inventory.App.csproj]
C:\Users\russel.mercado\source\repos\Yakult-System-New\Yakult.Inventory.App\Pages\Employee\EmployeeDialog.xaml.cs(48,13): error CS0103: The name 'InitializeComponent' does not exist in the current context [C:\Users\russel.mercado\source\repos\Yakult-System-New\Yakult.Inventory.App\Yakult.Inventory.App.csproj]
C:\Users\russel.mercado\source\repos\Yakult-System-New\Yakult.Inventory.App\Pages\Employee\EmployeeDialog.xaml.cs(63,41): error CS0103: The name 'CmbCompany' does not exist in the current context [C:\Users\russel.mercado\source\repos\Yakult-System-New\Yakult.Inventory.App\Yakult.Inventory.App.csproj]
C:\Users\russel.mercado\source\repos\Yakult-System-New\Yakult.Inventory.App\Pages\Employee\EmployeeDialog.xaml.cs(63,53): error CS0103: The name 'CmbDepartment' does not exist in the current context [C:\Users\russel.mercado\source\repos\Yakult-System-New\Yakult.Inventory.App\Yakult.Inventory.App.csproj]
C:\Users\russel.mercado\source\repos\Yakult-System-New\Yakult.Inventory.App\Pages\Employee\EmployeeDialog.xaml.cs(64,41): error CS0103: The name 'CmbDepartment' does not exist in the current context [C:\Users\russel.mercado\source\repos\Yakult-System-New\Yakult.Inventory.App\Yakult.Inventory.App.csproj]
C:\Users\russel.mercado\source\repos\Yakult-System-New\Yakult.Inventory.App\Pages\Employee\EmployeeDialog.xaml.cs(64,56): error CS0103: The name 'CmbBranch' does not exist in the current context [C:\Users\russel.mercado\source\repos\Yakult-System-New\Yakult.Inventory.App\Yakult.Inventory.App.csproj]
C:\Users\russel.mercado\source\repos\Yakult-System-New\Yakult.Inventory.App\Pages\Employee\EmployeeDialog.xaml.cs(65,41): error CS0103: The name 'CmbBranch' does not exist in the current context [C:\Users\russel.mercado\source\repos\Yakult-System-New\Yakult.Inventory.App\Yakult.Inventory.App.csproj]
C:\Users\russel.mercado\source\repos\Yakult-System-New\Yakult.Inventory.App\Pages\Employee\EmployeeDialog.xaml.cs(65,52): error CS0103: The name 'CmbPosition' does not exist in the current context [C:\Users\russel.mercado\source\repos\Yakult-System-New\Yakult.Inventory.App\Yakult.Inventory.App.csproj]
C:\Users\russel.mercado\source\repos\Yakult-System-New\Yakult.Inventory.App\Pages\Employee\EmployeeDialog.xaml.cs(66,41): error CS0103: The name 'CmbPosition' does not exist in the current context [C:\Users\russel.mercado\source\repos\Yakult-System-New\Yakult.Inventory.App\Yakult.Inventory.App.csproj]
C:\Users\russel.mercado\source\repos\Yakult-System-New\Yakult.Inventory.App\Pages\Employee\EmployeeDialog.xaml.cs(72,13): error CS0103: The name 'CmbPosition' does not exist in the current context [C:\Users\russel.mercado\source\repos\Yakult-System-New\Yakult.Inventory.App\Yakult.Inventory.App.csproj]
C:\Users\russel.mercado\source\repos\Yakult-System-New\Yakult.Inventory.App\Pages\Employee\EmployeeDialog.xaml.cs(90,17): error CS0103: The name 'TxtCreatedBy' does not exist in the current context [C:\Users\russel.mercado\source\repos\Yakult-System-New\Yakult.Inventory.App\Yakult.Inventory.App.csproj]
C:\Users\russel.mercado\source\repos\Yakult-System-New\Yakult.Inventory.App\Pages\Employee\EmployeeDialog.xaml.cs(91,17): error CS0103: The name 'DpCreated' does not exist in the current context [C:\Users\russel.mercado\source\repos\Yakult-System-New\Yakult.Inventory.App\Yakult.Inventory.App.csproj]
C:\Users\russel.mercado\source\repos\Yakult-System-New\Yakult.Inventory.App\Pages\Employee\EmployeeDialog.xaml.cs(98,13): error CS0103: The name 'HeaderTitle' does not exist in the current context [C:\Users\russel.mercado\source\repos\Yakult-System-New\Yakult.Inventory.App\Yakult.Inventory.App.csproj]
C:\Users\russel.mercado\source\repos\Yakult-System-New\Yakult.Inventory.App\Pages\Employee\EmployeeDialog.xaml.cs(99,13): error CS0103: The name 'InfoBanner' does not exist in the current context [C:\Users\russel.mercado\source\repos\Yakult-System-New\Yakult.Inventory.App\Yakult.Inventory.App.csproj]
C:\Users\russel.mercado\source\repos\Yakult-System-New\Yakult.Inventory.App\Pages\Employee\EmployeeDialog.xaml.cs(104,13): error CS0103: The name 'SectionStatus' does not exist in the current context [C:\Users\russel.mercado\source\repos\Yakult-System-New\Yakult.Inventory.App\Yakult.Inventory.App.csproj]
C:\Users\russel.mercado\source\repos\Yakult-System-New\Yakult.Inventory.App\Pages\Employee\EmployeeDialog.xaml.cs(181,13): error CS0103: The name 'BtnMaximizeGlyph' does not exist in the current context [C:\Users\russel.mercado\source\repos\Yakult-System-New\Yakult.Inventory.App\Yakult.Inventory.App.csproj]
C:\Users\russel.mercado\source\repos\Yakult-System-New\Yakult.Inventory.App\Pages\Invoice\ViewInvoiceDetailPage.xaml.cs(1860,19): error CS0103: The name 'DgvItems' does not exist in the current context [C:\Users\russel.mercado\source\repos\Yakult-System-New\Yakult.Inventory.App\Yakult.Inventory.App.csproj]
C:\Users\russel.mercado\source\repos\Yakult-System-New\Yakult.Inventory.App\Pages\Invoice\ViewInvoiceDetailPage.xaml.cs(2050,35): error CS0103: The name 'CmbCompany' does not exist in the current context [C:\Users\russel.mercado\source\repos\Yakult-System-New\Yakult.Inventory.App\Yakult.Inventory.App.csproj]
C:\Users\russel.mercado\source\repos\Yakult-System-New\Yakult.Inventory.App\Pages\Invoice\ViewInvoiceDetailPage.xaml.cs(2050,71): error CS0103: The name 'CmbCompany' does not exist in the current context [C:\Users\russel.mercado\source\repos\Yakult-System-New\Yakult.Inventory.App\Yakult.Inventory.App.csproj]
C:\Users\russel.mercado\source\repos\Yakult-System-New\Yakult.Inventory.App\Pages\Invoice\ViewInvoiceDetailPage.xaml.cs(2051,45): error CS0103: The name 'CmbCompany' does not exist in the current context [C:\Users\russel.mercado\source\repos\Yakult-System-New\Yakult.Inventory.App\Yakult.Inventory.App.csproj]
C:\Users\russel.mercado\source\repos\Yakult-System-New\Yakult.Inventory.App\Pages\Invoice\ViewInvoiceDetailPage.xaml.cs(2053,39): error CS0103: The name 'CmbDistributor' does not exist in the current context [C:\Users\russel.mercado\source\repos\Yakult-System-New\Yakult.Inventory.App\Yakult.Inventory.App.csproj]
C:\Users\russel.mercado\source\repos\Yakult-System-New\Yakult.Inventory.App\Pages\Invoice\ViewInvoiceDetailPage.xaml.cs(2053,79): error CS0103: The name 'CmbDistributor' does not exist in the current context [C:\Users\russel.mercado\source\repos\Yakult-System-New\Yakult.Inventory.App\Yakult.Inventory.App.csproj]
C:\Users\russel.mercado\source\repos\Yakult-System-New\Yakult.Inventory.App\Pages\Invoice\ViewInvoiceDetailPage.xaml.cs(2054,45): error CS0103: The name 'CmbDistributor' does not exist in the current context [C:\Users\russel.mercado\source\repos\Yakult-System-New\Yakult.Inventory.App\Yakult.Inventory.App.csproj]
C:\Users\russel.mercado\source\repos\Yakult-System-New\Yakult.Inventory.App\Pages\Invoice\ViewInvoiceDetailPage.xaml.cs(2056,41): error CS0103: The name 'CmbSiteBranch' does not exist in the current context [C:\Users\russel.mercado\source\repos\Yakult-System-New\Yakult.Inventory.App\Yakult.Inventory.App.csproj]
C:\Users\russel.mercado\source\repos\Yakult-System-New\Yakult.Inventory.App\Pages\Invoice\ViewInvoiceDetailPage.xaml.cs(2056,80): error CS0103: The name 'CmbSiteBranch' does not exist in the current context [C:\Users\russel.mercado\source\repos\Yakult-System-New\Yakult.Inventory.App\Yakult.Inventory.App.csproj]
C:\Users\russel.mercado\source\repos\Yakult-System-New\Yakult.Inventory.App\Pages\Invoice\ViewInvoiceDetailPage.xaml.cs(2057,45): error CS0103: The name 'CmbSiteBranch' does not exist in the current context [C:\Users\russel.mercado\source\repos\Yakult-System-New\Yakult.Inventory.App\Yakult.Inventory.App.csproj]
C:\Users\russel.mercado\source\repos\Yakult-System-New\Yakult.Inventory.App\Pages\Invoice\ViewInvoiceDetailPage.xaml.cs(2059,45): error CS0103: The name 'CmbSiteDepartment' does not exist in the current context [C:\Users\russel.mercado\source\repos\Yakult-System-New\Yakult.Inventory.App\Yakult.Inventory.App.csproj]
C:\Users\russel.mercado\source\repos\Yakult-System-New\Yakult.Inventory.App\Pages\Invoice\ViewInvoiceDetailPage.xaml.cs(2059,88): error CS0103: The name 'CmbSiteDepartment' does not exist in the current context [C:\Users\russel.mercado\source\repos\Yakult-System-New\Yakult.Inventory.App\Yakult.Inventory.App.csproj]
C:\Users\russel.mercado\source\repos\Yakult-System-New\Yakult.Inventory.App\Pages\Invoice\ViewInvoiceDetailPage.xaml.cs(2060,45): error CS0103: The name 'CmbSiteDepartment' does not exist in the current context [C:\Users\russel.mercado\source\repos\Yakult-System-New\Yakult.Inventory.App\Yakult.Inventory.App.csproj]
C:\Users\russel.mercado\source\repos\Yakult-System-New\Yakult.Inventory.App\Pages\Invoice\ViewInvoiceDetailPage.xaml.cs(2062,47): error CS0103: The name 'CmbRequestedBy' does not exist in the current context [C:\Users\russel.mercado\source\repos\Yakult-System-New\Yakult.Inventory.App\Yakult.Inventory.App.csproj]
C:\Users\russel.mercado\source\repos\Yakult-System-New\Yakult.Inventory.App\Pages\Invoice\ViewInvoiceDetailPage.xaml.cs(2062,87): error CS0103: The name 'CmbRequestedBy' does not exist in the current context [C:\Users\russel.mercado\source\repos\Yakult-System-New\Yakult.Inventory.App\Yakult.Inventory.App.csproj]
C:\Users\russel.mercado\source\repos\Yakult-System-New\Yakult.Inventory.App\Pages\Invoice\ViewInvoiceDetailPage.xaml.cs(2063,45): error CS0103: The name 'CmbRequestedBy' does not exist in the current context [C:\Users\russel.mercado\source\repos\Yakult-System-New\Yakult.Inventory.App\Yakult.Inventory.App.csproj]
C:\Users\russel.mercado\source\repos\Yakult-System-New\Yakult.Inventory.App\Pages\Invoice\ViewInvoiceDetailPage.xaml.cs(2079,33): error CS0103: The name 'CmbStatus' does not exist in the current context [C:\Users\russel.mercado\source\repos\Yakult-System-New\Yakult.Inventory.App\Yakult.Inventory.App.csproj]
C:\Users\russel.mercado\source\repos\Yakult-System-New\Yakult.Inventory.App\Pages\Invoice\ViewInvoiceDetailPage.xaml.cs(2079,72): error CS0103: The name 'CmbStatus' does not exist in the current context [C:\Users\russel.mercado\source\repos\Yakult-System-New\Yakult.Inventory.App\Yakult.Inventory.App.csproj]
C:\Users\russel.mercado\source\repos\Yakult-System-New\Yakult.Inventory.App\Pages\Invoice\ViewInvoiceDetailPage.xaml.cs(2081,39): error CS0103: The name 'DtpStartDate' does not exist in the current context [C:\Users\russel.mercado\source\repos\Yakult-System-New\Yakult.Inventory.App\Yakult.Inventory.App.csproj]
C:\Users\russel.mercado\source\repos\Yakult-System-New\Yakult.Inventory.App\Pages\Invoice\ViewInvoiceDetailPage.xaml.cs(2082,37): error CS0103: The name 'DtpEndDate' does not exist in the current context [C:\Users\russel.mercado\source\repos\Yakult-System-New\Yakult.Inventory.App\Yakult.Inventory.App.csproj]
C:\Users\russel.mercado\source\repos\Yakult-System-New\Yakult.Inventory.App\Pages\Invoice\ViewInvoiceDetailPage.xaml.cs(2084,39): error CS0103: The name 'TxtSubtotal' does not exist in the current context [C:\Users\russel.mercado\source\repos\Yakult-System-New\Yakult.Inventory.App\Yakult.Inventory.App.csproj]
C:\Users\russel.mercado\source\repos\Yakult-System-New\Yakult.Inventory.App\Pages\Invoice\ViewInvoiceDetailPage.xaml.cs(2088,21): error CS0103: The name 'TxtSubtotal' does not exist in the current context [C:\Users\russel.mercado\source\repos\Yakult-System-New\Yakult.Inventory.App\Yakult.Inventory.App.csproj]
C:\Users\russel.mercado\source\repos\Yakult-System-New\Yakult.Inventory.App\Pages\Invoice\ViewInvoiceDetailPage.xaml.cs(2102,21): error CS0103: The name 'TxtDocumentNumber' does not exist in the current context [C:\Users\russel.mercado\source\repos\Yakult-System-New\Yakult.Inventory.App\Yakult.Inventory.App.csproj]
C:\Users\russel.mercado\source\repos\Yakult-System-New\Yakult.Inventory.App\Pages\Invoice\ViewInvoiceDetailPage.xaml.cs(2103,21): error CS0103: The name 'TxtReferenceNumber' does not exist in the current context [C:\Users\russel.mercado\source\repos\Yakult-System-New\Yakult.Inventory.App\Yakult.Inventory.App.csproj]
C:\Users\russel.mercado\source\repos\Yakult-System-New\Yakult.Inventory.App\Pages\Invoice\ViewInvoiceDetailPage.xaml.cs(2104,21): error CS0103: The name 'TxtSite' does not exist in the current context [C:\Users\russel.mercado\source\repos\Yakult-System-New\Yakult.Inventory.App\Yakult.Inventory.App.csproj]
C:\Users\russel.mercado\source\repos\Yakult-System-New\Yakult.Inventory.App\Pages\Invoice\ViewInvoiceDetailPage.xaml.cs(2116,21): error CS0103: The name 'TxtRemarks' does not exist in the current context [C:\Users\russel.mercado\source\repos\Yakult-System-New\Yakult.Inventory.App\Yakult.Inventory.App.csproj]
C:\Users\russel.mercado\source\repos\Yakult-System-New\Yakult.Inventory.App\Pages\Invoice\ViewInvoiceDetailPage.xaml.cs(2154,25): error CS0103: The name 'ChkOverrideLineItemDates' does not exist in the current context [C:\Users\russel.mercado\source\repos\Yakult-System-New\Yakult.Inventory.App\Yakult.Inventory.App.csproj]
C:\Users\russel.mercado\source\repos\Yakult-System-New\Yakult.Inventory.App\Pages\Invoice\ViewInvoiceDetailPage.xaml.cs(2222,43): error CS0103: The name 'TxtDocumentNumber' does not exist in the current context [C:\Users\russel.mercado\source\repos\Yakult-System-New\Yakult.Inventory.App\Yakult.Inventory.App.csproj]
C:\Users\russel.mercado\source\repos\Yakult-System-New\Yakult.Inventory.App\Pages\Invoice\ViewInvoiceDetailPage.xaml.cs(2226,17): error CS0103: The name 'TxtDocumentNumber' does not exist in the current context [C:\Users\russel.mercado\source\repos\Yakult-System-New\Yakult.Inventory.App\Yakult.Inventory.App.csproj]
C:\Users\russel.mercado\source\repos\Yakult-System-New\Yakult.Inventory.App\Pages\Invoice\ViewInvoiceDetailPage.xaml.cs(2230,35): error CS0103: The name 'TxtSubtotal' does not exist in the current context [C:\Users\russel.mercado\source\repos\Yakult-System-New\Yakult.Inventory.App\Yakult.Inventory.App.csproj]
C:\Users\russel.mercado\source\repos\Yakult-System-New\Yakult.Inventory.App\Pages\Invoice\ViewInvoiceDetailPage.xaml.cs(2234,17): error CS0103: The name 'TxtSubtotal' does not exist in the current context [C:\Users\russel.mercado\source\repos\Yakult-System-New\Yakult.Inventory.App\Yakult.Inventory.App.csproj]
C:\Users\russel.mercado\source\repos\Yakult-System-New\Yakult.Inventory.App\Pages\Invoice\ViewInvoiceDetailPage.xaml.cs(2238,35): error CS0103: The name 'TxtVatAmount' does not exist in the current context [C:\Users\russel.mercado\source\repos\Yakult-System-New\Yakult.Inventory.App\Yakult.Inventory.App.csproj]
C:\Users\russel.mercado\source\repos\Yakult-System-New\Yakult.Inventory.App\Pages\Invoice\ViewInvoiceDetailPage.xaml.cs(2242,17): error CS0103: The name 'TxtVatAmount' does not exist in the current context [C:\Users\russel.mercado\source\repos\Yakult-System-New\Yakult.Inventory.App\Yakult.Inventory.App.csproj]
C:\Users\russel.mercado\source\repos\Yakult-System-New\Yakult.Inventory.App\Pages\Invoice\ViewInvoiceDetailPage.xaml.cs(2246,35): error CS0103: The name 'TxtTotalAmountDue' does not exist in the current context [C:\Users\russel.mercado\source\repos\Yakult-System-New\Yakult.Inventory.App\Yakult.Inventory.App.csproj]
C:\Users\russel.mercado\source\repos\Yakult-System-New\Yakult.Inventory.App\Pages\Invoice\ViewInvoiceDetailPage.xaml.cs(2250,17): error CS0103: The name 'TxtTotalAmountDue' does not exist in the current context [C:\Users\russel.mercado\source\repos\Yakult-System-New\Yakult.Inventory.App\Yakult.Inventory.App.csproj]
C:\Users\russel.mercado\source\repos\Yakult-System-New\Yakult.Inventory.App\Pages\Invoice\ViewInvoiceDetailPage.xaml.cs(2275,17): error CS0103: The name 'TxtTotalAmountDue' does not exist in the current context [C:\Users\russel.mercado\source\repos\Yakult-System-New\Yakult.Inventory.App\Yakult.Inventory.App.csproj]
C:\Users\russel.mercado\source\repos\Yakult-System-New\Yakult.Inventory.App\Pages\Request-Portal\RequesterPortalForm.cs(2663,18): warning CS0219: The variable 'suppress' is assigned but its value is never used [C:\Users\russel.mercado\source\repos\Yakult-System-New\Yakult.Inventory.App\Yakult.Inventory.App.csproj]
C:\Users\russel.mercado\source\repos\Yakult-System-New\Yakult.Inventory.App\Pages\Invoice\ViewInvoiceDetailPage.xaml.cs(2301,35): error CS0103: The name 'TxtSubtotal' does not exist in the current context [C:\Users\russel.mercado\source\repos\Yakult-System-New\Yakult.Inventory.App\Yakult.Inventory.App.csproj]
C:\Users\russel.mercado\source\repos\Yakult-System-New\Yakult.Inventory.App\Pages\Invoice\ViewInvoiceDetailPage.xaml.cs(2307,35): error CS0103: The name 'TxtVatAmount' does not exist in the current context [C:\Users\russel.mercado\source\repos\Yakult-System-New\Yakult.Inventory.App\Yakult.Inventory.App.csproj]
C:\Users\russel.mercado\source\repos\Yakult-System-New\Yakult.Inventory.App\Pages\Invoice\ViewInvoiceDetailPage.xaml.cs(2313,35): error CS0103: The name 'TxtDiscountAmount' does not exist in the current context [C:\Users\russel.mercado\source\repos\Yakult-System-New\Yakult.Inventory.App\Yakult.Inventory.App.csproj]
C:\Users\russel.mercado\source\repos\Yakult-System-New\Yakult.Inventory.App\Pages\Invoice\ViewInvoiceDetailPage.xaml.cs(2316,35): error CS0103: The name 'TxtWhtAmount' does not exist in the current context [C:\Users\russel.mercado\source\repos\Yakult-System-New\Yakult.Inventory.App\Yakult.Inventory.App.csproj]
C:\Users\russel.mercado\source\repos\Yakult-System-New\Yakult.Inventory.App\Pages\Employee\EmployeeDialog.xaml.cs(459,13): error CS0103: The name 'CmbCompany' does not exist in the current context [C:\Users\russel.mercado\source\repos\Yakult-System-New\Yakult.Inventory.App\Yakult.Inventory.App.csproj]
C:\Users\russel.mercado\source\repos\Yakult-System-New\Yakult.Inventory.App\Pages\Employee\EmployeeDialog.xaml.cs(462,13): error CS0103: The name 'CmbCompany' does not exist in the current context [C:\Users\russel.mercado\source\repos\Yakult-System-New\Yakult.Inventory.App\Yakult.Inventory.App.csproj]
C:\Users\russel.mercado\source\repos\Yakult-System-New\Yakult.Inventory.App\Pages\Employee\EmployeeDialog.xaml.cs(503,33): error CS0103: The name 'CmbCompany' does not exist in the current context [C:\Users\russel.mercado\source\repos\Yakult-System-New\Yakult.Inventory.App\Yakult.Inventory.App.csproj]
C:\Users\russel.mercado\source\repos\Yakult-System-New\Yakult.Inventory.App\Pages\Employee\EmployeeDialog.xaml.cs(509,21): error CS0103: The name 'CmbCompany' does not exist in the current context [C:\Users\russel.mercado\source\repos\Yakult-System-New\Yakult.Inventory.App\Yakult.Inventory.App.csproj]
C:\Users\russel.mercado\source\repos\Yakult-System-New\Yakult.Inventory.App\Pages\Employee\EmployeeDialog.xaml.cs(510,21): error CS0103: The name 'CmbCompany' does not exist in the current context [C:\Users\russel.mercado\source\repos\Yakult-System-New\Yakult.Inventory.App\Yakult.Inventory.App.csproj]
C:\Users\russel.mercado\source\repos\Yakult-System-New\Yakult.Inventory.App\Pages\Employee\EmployeeDialog.xaml.cs(512,17): error CS0103: The name 'CmbCompany' does not exist in the current context [C:\Users\russel.mercado\source\repos\Yakult-System-New\Yakult.Inventory.App\Yakult.Inventory.App.csproj]
C:\Users\russel.mercado\source\repos\Yakult-System-New\Yakult.Inventory.App\Pages\Employee\EmployeeDialog.xaml.cs(512,34): error CS0103: The name 'CmbCompany' does not exist in the current context [C:\Users\russel.mercado\source\repos\Yakult-System-New\Yakult.Inventory.App\Yakult.Inventory.App.csproj]
C:\Users\russel.mercado\source\repos\Yakult-System-New\Yakult.Inventory.App\Pages\Employee\EmployeeDialog.xaml.cs(523,13): error CS0103: The name 'CmbTitle' does not exist in the current context [C:\Users\russel.mercado\source\repos\Yakult-System-New\Yakult.Inventory.App\Yakult.Inventory.App.csproj]
C:\Users\russel.mercado\source\repos\Yakult-System-New\Yakult.Inventory.App\Pages\Employee\EmployeeDialog.xaml.cs(524,13): error CS0103: The name 'CmbTitle' does not exist in the current context [C:\Users\russel.mercado\source\repos\Yakult-System-New\Yakult.Inventory.App\Yakult.Inventory.App.csproj]
C:\Users\russel.mercado\source\repos\Yakult-System-New\Yakult.Inventory.App\Pages\Employee\EmployeeDialog.xaml.cs(539,29): error CS0103: The name 'CmbTitle' does not exist in the current context [C:\Users\russel.mercado\source\repos\Yakult-System-New\Yakult.Inventory.App\Yakult.Inventory.App.csproj]
C:\Users\russel.mercado\source\repos\Yakult-System-New\Yakult.Inventory.App\Pages\Employee\EmployeeDialog.xaml.cs(548,17): error CS0103: The name 'CmbTitle' does not exist in the current context [C:\Users\russel.mercado\source\repos\Yakult-System-New\Yakult.Inventory.App\Yakult.Inventory.App.csproj]
C:\Users\russel.mercado\source\repos\Yakult-System-New\Yakult.Inventory.App\Pages\Employee\EmployeeDialog.xaml.cs(559,13): error CS0103: The name 'CmbPosition' does not exist in the current context [C:\Users\russel.mercado\source\repos\Yakult-System-New\Yakult.Inventory.App\Yakult.Inventory.App.csproj]
C:\Users\russel.mercado\source\repos\Yakult-System-New\Yakult.Inventory.App\Pages\Employee\EmployeeDialog.xaml.cs(562,13): error CS0103: The name 'CmbPosition' does not exist in the current context [C:\Users\russel.mercado\source\repos\Yakult-System-New\Yakult.Inventory.App\Yakult.Inventory.App.csproj]
C:\Users\russel.mercado\source\repos\Yakult-System-New\Yakult.Inventory.App\Pages\Employee\EmployeeDialog.xaml.cs(582,29): error CS0103: The name 'CmbPosition' does not exist in the current context [C:\Users\russel.mercado\source\repos\Yakult-System-New\Yakult.Inventory.App\Yakult.Inventory.App.csproj]
C:\Users\russel.mercado\source\repos\Yakult-System-New\Yakult.Inventory.App\Pages\Employee\EmployeeDialog.xaml.cs(587,21): error CS0103: The name 'CmbPosition' does not exist in the current context [C:\Users\russel.mercado\source\repos\Yakult-System-New\Yakult.Inventory.App\Yakult.Inventory.App.csproj]
C:\Users\russel.mercado\source\repos\Yakult-System-New\Yakult.Inventory.App\Pages\Employee\EmployeeDialog.xaml.cs(588,21): error CS0103: The name 'CmbPosition' does not exist in the current context [C:\Users\russel.mercado\source\repos\Yakult-System-New\Yakult.Inventory.App\Yakult.Inventory.App.csproj]
C:\Users\russel.mercado\source\repos\Yakult-System-New\Yakult.Inventory.App\Pages\Employee\EmployeeDialog.xaml.cs(590,17): error CS0103: The name 'CmbPosition' does not exist in the current context [C:\Users\russel.mercado\source\repos\Yakult-System-New\Yakult.Inventory.App\Yakult.Inventory.App.csproj]
C:\Users\russel.mercado\source\repos\Yakult-System-New\Yakult.Inventory.App\Pages\Employee\EmployeeDialog.xaml.cs(590,35): error CS0103: The name 'CmbPosition' does not exist in the current context [C:\Users\russel.mercado\source\repos\Yakult-System-New\Yakult.Inventory.App\Yakult.Inventory.App.csproj]
C:\Users\russel.mercado\source\repos\Yakult-System-New\Yakult.Inventory.App\Pages\Employee\EmployeeDialog.xaml.cs(601,13): error CS0103: The name 'CmbDepartment' does not exist in the current context [C:\Users\russel.mercado\source\repos\Yakult-System-New\Yakult.Inventory.App\Yakult.Inventory.App.csproj]
C:\Users\russel.mercado\source\repos\Yakult-System-New\Yakult.Inventory.App\Pages\Employee\EmployeeDialog.xaml.cs(604,13): error CS0103: The name 'CmbDepartment' does not exist in the current context [C:\Users\russel.mercado\source\repos\Yakult-System-New\Yakult.Inventory.App\Yakult.Inventory.App.csproj]
C:\Users\russel.mercado\source\repos\Yakult-System-New\Yakult.Inventory.App\Pages\Employee\EmployeeDialog.xaml.cs(644,33): error CS0103: The name 'CmbDepartment' does not exist in the current context [C:\Users\russel.mercado\source\repos\Yakult-System-New\Yakult.Inventory.App\Yakult.Inventory.App.csproj]
C:\Users\russel.mercado\source\repos\Yakult-System-New\Yakult.Inventory.App\Pages\Employee\EmployeeDialog.xaml.cs(650,21): error CS0103: The name 'CmbDepartment' does not exist in the current context [C:\Users\russel.mercado\source\repos\Yakult-System-New\Yakult.Inventory.App\Yakult.Inventory.App.csproj]
C:\Users\russel.mercado\source\repos\Yakult-System-New\Yakult.Inventory.App\Pages\Employee\EmployeeDialog.xaml.cs(651,21): error CS0103: The name 'CmbDepartment' does not exist in the current context [C:\Users\russel.mercado\source\repos\Yakult-System-New\Yakult.Inventory.App\Yakult.Inventory.App.csproj]
C:\Users\russel.mercado\source\repos\Yakult-System-New\Yakult.Inventory.App\Pages\Employee\EmployeeDialog.xaml.cs(653,17): error CS0103: The name 'CmbDepartment' does not exist in the current context [C:\Users\russel.mercado\source\repos\Yakult-System-New\Yakult.Inventory.App\Yakult.Inventory.App.csproj]
C:\Users\russel.mercado\source\repos\Yakult-System-New\Yakult.Inventory.App\Pages\Employee\EmployeeDialog.xaml.cs(653,37): error CS0103: The name 'CmbDepartment' does not exist in the current context [C:\Users\russel.mercado\source\repos\Yakult-System-New\Yakult.Inventory.App\Yakult.Inventory.App.csproj]
C:\Users\russel.mercado\source\repos\Yakult-System-New\Yakult.Inventory.App\Pages\Employee\EmployeeDialog.xaml.cs(664,13): error CS0103: The name 'CmbBranch' does not exist in the current context [C:\Users\russel.mercado\source\repos\Yakult-System-New\Yakult.Inventory.App\Yakult.Inventory.App.csproj]
C:\Users\russel.mercado\source\repos\Yakult-System-New\Yakult.Inventory.App\Pages\Employee\EmployeeDialog.xaml.cs(667,13): error CS0103: The name 'CmbBranch' does not exist in the current context [C:\Users\russel.mercado\source\repos\Yakult-System-New\Yakult.Inventory.App\Yakult.Inventory.App.csproj]
C:\Users\russel.mercado\source\repos\Yakult-System-New\Yakult.Inventory.App\Pages\Employee\EmployeeDialog.xaml.cs(706,33): error CS0103: The name 'CmbBranch' does not exist in the current context [C:\Users\russel.mercado\source\repos\Yakult-System-New\Yakult.Inventory.App\Yakult.Inventory.App.csproj]
C:\Users\russel.mercado\source\repos\Yakult-System-New\Yakult.Inventory.App\Pages\Employee\EmployeeDialog.xaml.cs(712,21): error CS0103: The name 'CmbBranch' does not exist in the current context [C:\Users\russel.mercado\source\repos\Yakult-System-New\Yakult.Inventory.App\Yakult.Inventory.App.csproj]
C:\Users\russel.mercado\source\repos\Yakult-System-New\Yakult.Inventory.App\Pages\Employee\EmployeeDialog.xaml.cs(713,21): error CS0103: The name 'CmbBranch' does not exist in the current context [C:\Users\russel.mercado\source\repos\Yakult-System-New\Yakult.Inventory.App\Yakult.Inventory.App.csproj]
C:\Users\russel.mercado\source\repos\Yakult-System-New\Yakult.Inventory.App\Pages\Employee\EmployeeDialog.xaml.cs(715,17): error CS0103: The name 'CmbBranch' does not exist in the current context [C:\Users\russel.mercado\source\repos\Yakult-System-New\Yakult.Inventory.App\Yakult.Inventory.App.csproj]
C:\Users\russel.mercado\source\repos\Yakult-System-New\Yakult.Inventory.App\Pages\Employee\EmployeeDialog.xaml.cs(715,33): error CS0103: The name 'CmbBranch' does not exist in the current context [C:\Users\russel.mercado\source\repos\Yakult-System-New\Yakult.Inventory.App\Yakult.Inventory.App.csproj]
C:\Users\russel.mercado\source\repos\Yakult-System-New\Yakult.Inventory.App\Pages\Employee\EmployeeDialog.xaml.cs(730,24): error CS0103: The name 'CmbCompany' does not exist in the current context [C:\Users\russel.mercado\source\repos\Yakult-System-New\Yakult.Inventory.App\Yakult.Inventory.App.csproj]
C:\Users\russel.mercado\source\repos\Yakult-System-New\Yakult.Inventory.App\Pages\Employee\EmployeeDialog.xaml.cs(731,13): error CS0103: The name 'LblCompanyWarning' does not exist in the current context [C:\Users\russel.mercado\source\repos\Yakult-System-New\Yakult.Inventory.App\Yakult.Inventory.App.csproj]
C:\Users\russel.mercado\source\repos\Yakult-System-New\Yakult.Inventory.App\Pages\Employee\EmployeeDialog.xaml.cs(737,24): error CS0103: The name 'CmbDepartment' does not exist in the current context [C:\Users\russel.mercado\source\repos\Yakult-System-New\Yakult.Inventory.App\Yakult.Inventory.App.csproj]
C:\Users\russel.mercado\source\repos\Yakult-System-New\Yakult.Inventory.App\Pages\Employee\EmployeeDialog.xaml.cs(738,13): error CS0103: The name 'LblDepartmentWarning' does not exist in the current context [C:\Users\russel.mercado\source\repos\Yakult-System-New\Yakult.Inventory.App\Yakult.Inventory.App.csproj]
C:\Users\russel.mercado\source\repos\Yakult-System-New\Yakult.Inventory.App\Pages\Employee\EmployeeDialog.xaml.cs(744,24): error CS0103: The name 'CmbBranch' does not exist in the current context [C:\Users\russel.mercado\source\repos\Yakult-System-New\Yakult.Inventory.App\Yakult.Inventory.App.csproj]
C:\Users\russel.mercado\source\repos\Yakult-System-New\Yakult.Inventory.App\Pages\Employee\EmployeeDialog.xaml.cs(745,13): error CS0103: The name 'LblBranchWarning' does not exist in the current context [C:\Users\russel.mercado\source\repos\Yakult-System-New\Yakult.Inventory.App\Yakult.Inventory.App.csproj]
C:\Users\russel.mercado\source\repos\Yakult-System-New\Yakult.Inventory.App\Pages\Employee\EmployeeDialog.xaml.cs(755,13): error CS0103: The name 'TxtName' does not exist in the current context [C:\Users\russel.mercado\source\repos\Yakult-System-New\Yakult.Inventory.App\Yakult.Inventory.App.csproj]
C:\Users\russel.mercado\source\repos\Yakult-System-New\Yakult.Inventory.App\Pages\Employee\EmployeeDialog.xaml.cs(756,13): error CS0103: The name 'TxtEmployeeNumber' does not exist in the current context [C:\Users\russel.mercado\source\repos\Yakult-System-New\Yakult.Inventory.App\Yakult.Inventory.App.csproj]
C:\Users\russel.mercado\source\repos\Yakult-System-New\Yakult.Inventory.App\Pages\Employee\EmployeeDialog.xaml.cs(762,26): error CS0103: The name 'CmbPosition' does not exist in the current context [C:\Users\russel.mercado\source\repos\Yakult-System-New\Yakult.Inventory.App\Yakult.Inventory.App.csproj]
C:\Users\russel.mercado\source\repos\Yakult-System-New\Yakult.Inventory.App\Pages\Employee\EmployeeDialog.xaml.cs(764,13): error CS0103: The name 'TxtDescription' does not exist in the current context [C:\Users\russel.mercado\source\repos\Yakult-System-New\Yakult.Inventory.App\Yakult.Inventory.App.csproj]
C:\Users\russel.mercado\source\repos\Yakult-System-New\Yakult.Inventory.App\Pages\Employee\EmployeeDialog.xaml.cs(765,13): error CS0103: The name 'DpCreated' does not exist in the current context [C:\Users\russel.mercado\source\repos\Yakult-System-New\Yakult.Inventory.App\Yakult.Inventory.App.csproj]
C:\Users\russel.mercado\source\repos\Yakult-System-New\Yakult.Inventory.App\Pages\Employee\EmployeeDialog.xaml.cs(766,13): error CS0103: The name 'TxtCreatedBy' does not exist in the current context [C:\Users\russel.mercado\source\repos\Yakult-System-New\Yakult.Inventory.App\Yakult.Inventory.App.csproj]
C:\Users\russel.mercado\source\repos\Yakult-System-New\Yakult.Inventory.App\Pages\Employee\EmployeeDialog.xaml.cs(771,37): error CS0103: The name 'CmbTitle' does not exist in the current context [C:\Users\russel.mercado\source\repos\Yakult-System-New\Yakult.Inventory.App\Yakult.Inventory.App.csproj]
C:\Users\russel.mercado\source\repos\Yakult-System-New\Yakult.Inventory.App\Pages\Employee\EmployeeDialog.xaml.cs(773,25): error CS0103: The name 'CmbTitle' does not exist in the current context [C:\Users\russel.mercado\source\repos\Yakult-System-New\Yakult.Inventory.App\Yakult.Inventory.App.csproj]
C:\Users\russel.mercado\source\repos\Yakult-System-New\Yakult.Inventory.App\Pages\Employee\EmployeeDialog.xaml.cs(775,25): error CS0103: The name 'CmbTitle' does not exist in the current context [C:\Users\russel.mercado\source\repos\Yakult-System-New\Yakult.Inventory.App\Yakult.Inventory.App.csproj]
C:\Users\russel.mercado\source\repos\Yakult-System-New\Yakult.Inventory.App\Pages\Employee\EmployeeDialog.xaml.cs(790,37): error CS0103: The name 'CmbCompany' does not exist in the current context [C:\Users\russel.mercado\source\repos\Yakult-System-New\Yakult.Inventory.App\Yakult.Inventory.App.csproj]
C:\Users\russel.mercado\source\repos\Yakult-System-New\Yakult.Inventory.App\Pages\Employee\EmployeeDialog.xaml.cs(792,25): error CS0103: The name 'CmbCompany' does not exist in the current context [C:\Users\russel.mercado\source\repos\Yakult-System-New\Yakult.Inventory.App\Yakult.Inventory.App.csproj]
C:\Users\russel.mercado\source\repos\Yakult-System-New\Yakult.Inventory.App\Pages\Employee\EmployeeDialog.xaml.cs(794,25): error CS0103: The name 'CmbCompany' does not exist in the current context [C:\Users\russel.mercado\source\repos\Yakult-System-New\Yakult.Inventory.App\Yakult.Inventory.App.csproj]
C:\Users\russel.mercado\source\repos\Yakult-System-New\Yakult.Inventory.App\Pages\Employee\EmployeeDialog.xaml.cs(800,37): error CS0103: The name 'CmbDepartment' does not exist in the current context [C:\Users\russel.mercado\source\repos\Yakult-System-New\Yakult.Inventory.App\Yakult.Inventory.App.csproj]
C:\Users\russel.mercado\source\repos\Yakult-System-New\Yakult.Inventory.App\Pages\Employee\EmployeeDialog.xaml.cs(802,25): error CS0103: The name 'CmbDepartment' does not exist in the current context [C:\Users\russel.mercado\source\repos\Yakult-System-New\Yakult.Inventory.App\Yakult.Inventory.App.csproj]
C:\Users\russel.mercado\source\repos\Yakult-System-New\Yakult.Inventory.App\Pages\Employee\EmployeeDialog.xaml.cs(804,25): error CS0103: The name 'CmbDepartment' does not exist in the current context [C:\Users\russel.mercado\source\repos\Yakult-System-New\Yakult.Inventory.App\Yakult.Inventory.App.csproj]
C:\Users\russel.mercado\source\repos\Yakult-System-New\Yakult.Inventory.App\Pages\Employee\EmployeeDialog.xaml.cs(810,37): error CS0103: The name 'CmbBranch' does not exist in the current context [C:\Users\russel.mercado\source\repos\Yakult-System-New\Yakult.Inventory.App\Yakult.Inventory.App.csproj]
C:\Users\russel.mercado\source\repos\Yakult-System-New\Yakult.Inventory.App\Pages\Employee\EmployeeDialog.xaml.cs(812,25): error CS0103: The name 'CmbBranch' does not exist in the current context [C:\Users\russel.mercado\source\repos\Yakult-System-New\Yakult.Inventory.App\Yakult.Inventory.App.csproj]
C:\Users\russel.mercado\source\repos\Yakult-System-New\Yakult.Inventory.App\Pages\Employee\EmployeeDialog.xaml.cs(814,25): error CS0103: The name 'CmbBranch' does not exist in the current context [C:\Users\russel.mercado\source\repos\Yakult-System-New\Yakult.Inventory.App\Yakult.Inventory.App.csproj]
C:\Users\russel.mercado\source\repos\Yakult-System-New\Yakult.Inventory.App\Pages\Employee\EmployeeDialog.xaml.cs(826,41): error CS0103: The name 'CmbCompany' does not exist in the current context [C:\Users\russel.mercado\source\repos\Yakult-System-New\Yakult.Inventory.App\Yakult.Inventory.App.csproj]
C:\Users\russel.mercado\source\repos\Yakult-System-New\Yakult.Inventory.App\Pages\Employee\EmployeeDialog.xaml.cs(827,44): error CS0103: The name 'CmbDepartment' does not exist in the current context [C:\Users\russel.mercado\source\repos\Yakult-System-New\Yakult.Inventory.App\Yakult.Inventory.App.csproj]
C:\Users\russel.mercado\source\repos\Yakult-System-New\Yakult.Inventory.App\Pages\Employee\EmployeeDialog.xaml.cs(828,40): error CS0103: The name 'CmbBranch' does not exist in the current context [C:\Users\russel.mercado\source\repos\Yakult-System-New\Yakult.Inventory.App\Yakult.Inventory.App.csproj]
C:\Users\russel.mercado\source\repos\Yakult-System-New\Yakult.Inventory.App\Pages\Employee\EmployeeDialog.xaml.cs(831,13): error CS0103: The name 'ChkIsArchived' does not exist in the current context [C:\Users\russel.mercado\source\repos\Yakult-System-New\Yakult.Inventory.App\Yakult.Inventory.App.csproj]
C:\Users\russel.mercado\source\repos\Yakult-System-New\Yakult.Inventory.App\Pages\Employee\EmployeeDialog.xaml.cs(840,43): error CS0103: The name 'TxtName' does not exist in the current context [C:\Users\russel.mercado\source\repos\Yakult-System-New\Yakult.Inventory.App\Yakult.Inventory.App.csproj]
C:\Users\russel.mercado\source\repos\Yakult-System-New\Yakult.Inventory.App\Pages\Employee\EmployeeDialog.xaml.cs(844,17): error CS0103: The name 'TxtName' does not exist in the current context [C:\Users\russel.mercado\source\repos\Yakult-System-New\Yakult.Inventory.App\Yakult.Inventory.App.csproj]
C:\Users\russel.mercado\source\repos\Yakult-System-New\Yakult.Inventory.App\Pages\Employee\EmployeeDialog.xaml.cs(849,19): error CS0103: The name 'CmbCompany' does not exist in the current context [C:\Users\russel.mercado\source\repos\Yakult-System-New\Yakult.Inventory.App\Yakult.Inventory.App.csproj]
C:\Users\russel.mercado\source\repos\Yakult-System-New\Yakult.Inventory.App\Pages\Employee\EmployeeDialog.xaml.cs(853,17): error CS0103: The name 'CmbCompany' does not exist in the current context [C:\Users\russel.mercado\source\repos\Yakult-System-New\Yakult.Inventory.App\Yakult.Inventory.App.csproj]
C:\Users\russel.mercado\source\repos\Yakult-System-New\Yakult.Inventory.App\Pages\Employee\EmployeeDialog.xaml.cs(858,28): error CS0103: The name 'CmbDepartment' does not exist in the current context [C:\Users\russel.mercado\source\repos\Yakult-System-New\Yakult.Inventory.App\Yakult.Inventory.App.csproj]
C:\Users\russel.mercado\source\repos\Yakult-System-New\Yakult.Inventory.App\Pages\Employee\EmployeeDialog.xaml.cs(861,19): error CS0103: The name 'CmbBranch' does not exist in the current context [C:\Users\russel.mercado\source\repos\Yakult-System-New\Yakult.Inventory.App\Yakult.Inventory.App.csproj]
C:\Users\russel.mercado\source\repos\Yakult-System-New\Yakult.Inventory.App\Pages\Employee\EmployeeDialog.xaml.cs(865,17): error CS0103: The name 'CmbBranch' does not exist in the current context [C:\Users\russel.mercado\source\repos\Yakult-System-New\Yakult.Inventory.App\Yakult.Inventory.App.csproj]
C:\Users\russel.mercado\source\repos\Yakult-System-New\Yakult.Inventory.App\Pages\Employee\EmployeeDialog.xaml.cs(872,46): error CS0103: The name 'ChkIsArchived' does not exist in the current context [C:\Users\russel.mercado\source\repos\Yakult-System-New\Yakult.Inventory.App\Yakult.Inventory.App.csproj]
C:\Users\russel.mercado\source\repos\Yakult-System-New\Yakult.Inventory.App\Pages\Employee\EmployeeDialog.xaml.cs(885,41): error CS0103: The name 'ChkIsArchived' does not exist in the current context [C:\Users\russel.mercado\source\repos\Yakult-System-New\Yakult.Inventory.App\Yakult.Inventory.App.csproj]
C:\Users\russel.mercado\source\repos\Yakult-System-New\Yakult.Inventory.App\Pages\Employee\EmployeeDialog.xaml.cs(956,24): error CS0103: The name 'TxtName' does not exist in the current context [C:\Users\russel.mercado\source\repos\Yakult-System-New\Yakult.Inventory.App\Yakult.Inventory.App.csproj]
C:\Users\russel.mercado\source\repos\Yakult-System-New\Yakult.Inventory.App\Pages\Employee\EmployeeDialog.xaml.cs(957,60): error CS0103: The name 'TxtEmployeeNumber' does not exist in the current context [C:\Users\russel.mercado\source\repos\Yakult-System-New\Yakult.Inventory.App\Yakult.Inventory.App.csproj]
C:\Users\russel.mercado\source\repos\Yakult-System-New\Yakult.Inventory.App\Pages\Employee\EmployeeDialog.xaml.cs(957,93): error CS0103: The name 'TxtEmployeeNumber' does not exist in the current context [C:\Users\russel.mercado\source\repos\Yakult-System-New\Yakult.Inventory.App\Yakult.Inventory.App.csproj]
C:\Users\russel.mercado\source\repos\Yakult-System-New\Yakult.Inventory.App\Pages\Employee\EmployeeDialog.xaml.cs(958,28): error CS0103: The name 'CmbPosition' does not exist in the current context [C:\Users\russel.mercado\source\repos\Yakult-System-New\Yakult.Inventory.App\Yakult.Inventory.App.csproj]
C:\Users\russel.mercado\source\repos\Yakult-System-New\Yakult.Inventory.App\Pages\Employee\EmployeeDialog.xaml.cs(959,31): error CS0103: The name 'TxtDescription' does not exist in the current context [C:\Users\russel.mercado\source\repos\Yakult-System-New\Yakult.Inventory.App\Yakult.Inventory.App.csproj]
C:\Users\russel.mercado\source\repos\Yakult-System-New\Yakult.Inventory.App\Pages\Employee\EmployeeDialog.xaml.cs(960,31): error CS0103: The name 'DpCreated' does not exist in the current context [C:\Users\russel.mercado\source\repos\Yakult-System-New\Yakult.Inventory.App\Yakult.Inventory.App.csproj]
C:\Users\russel.mercado\source\repos\Yakult-System-New\Yakult.Inventory.App\Pages\Employee\EmployeeDialog.xaml.cs(966,28): error CS0103: The name 'CmbTitle' does not exist in the current context [C:\Users\russel.mercado\source\repos\Yakult-System-New\Yakult.Inventory.App\Yakult.Inventory.App.csproj]
C:\Users\russel.mercado\source\repos\Yakult-System-New\Yakult.Inventory.App\Pages\Employee\EmployeeDialog.xaml.cs(967,45): error CS0103: The name 'ChkIsArchived' does not exist in the current context [C:\Users\russel.mercado\source\repos\Yakult-System-New\Yakult.Inventory.App\Yakult.Inventory.App.csproj]
C:\Users\russel.mercado\source\repos\Yakult-System-New\Yakult.Inventory.App\Pages\Employee\EmployeeDialog.xaml.cs(1028,32): error CS0103: The name 'CmbPosition' does not exist in the current context [C:\Users\russel.mercado\source\repos\Yakult-System-New\Yakult.Inventory.App\Yakult.Inventory.App.csproj]
C:\Users\russel.mercado\source\repos\Yakult-System-New\Yakult.Inventory.App\Pages\Employee\EmployeeDialog.xaml.cs(1036,43): error CS0103: The name 'CmbPosition' does not exist in the current context [C:\Users\russel.mercado\source\repos\Yakult-System-New\Yakult.Inventory.App\Yakult.Inventory.App.csproj]
C:\Users\russel.mercado\source\repos\Yakult-System-New\Yakult.Inventory.App\Pages\Employee\EmployeeDialog.xaml.cs(1037,45): error CS0103: The name 'CmbPosition' does not exist in the current context [C:\Users\russel.mercado\source\repos\Yakult-System-New\Yakult.Inventory.App\Yakult.Inventory.App.csproj]
C:\Users\russel.mercado\source\repos\Yakult-System-New\Yakult.Inventory.App\Pages\Employee\EmployeeDialog.xaml.cs(1038,47): error CS0103: The name 'CmbPosition' does not exist in the current context [C:\Users\russel.mercado\source\repos\Yakult-System-New\Yakult.Inventory.App\Yakult.Inventory.App.csproj]
C:\Users\russel.mercado\source\repos\Yakult-System-New\Yakult.Inventory.App\Pages\Employee\EmployeeDialog.xaml.cs(1039,31): error CS0103: The name 'CmbPosition' does not exist in the current context [C:\Users\russel.mercado\source\repos\Yakult-System-New\Yakult.Inventory.App\Yakult.Inventory.App.csproj]
C:\Users\russel.mercado\source\repos\Yakult-System-New\Yakult.Inventory.App\Pages\Employee\EmployeeDialog.xaml.cs(1045,35): error CS0103: The name 'CmbPosition' does not exist in the current context [C:\Users\russel.mercado\source\repos\Yakult-System-New\Yakult.Inventory.App\Yakult.Inventory.App.csproj]
C:\Users\russel.mercado\source\repos\Yakult-System-New\Yakult.Inventory.App\Pages\Employee\EmployeeDialog.xaml.cs(1047,17): error CS0103: The name 'CmbPosition' does not exist in the current context [C:\Users\russel.mercado\source\repos\Yakult-System-New\Yakult.Inventory.App\Yakult.Inventory.App.csproj]
C:\Users\russel.mercado\source\repos\Yakult-System-New\Yakult.Inventory.App\Pages\Employee\EmployeeDialog.xaml.cs(1049,17): error CS0103: The name 'CmbPosition' does not exist in the current context [C:\Users\russel.mercado\source\repos\Yakult-System-New\Yakult.Inventory.App\Yakult.Inventory.App.csproj]
C:\Users\russel.mercado\source\repos\Yakult-System-New\Yakult.Inventory.App\Pages\Employee\EmployeeDialog.xaml.cs(1049,45): error CS0103: The name 'CmbPosition' does not exist in the current context [C:\Users\russel.mercado\source\repos\Yakult-System-New\Yakult.Inventory.App\Yakult.Inventory.App.csproj]
C:\Users\russel.mercado\source\repos\Yakult-System-New\Yakult.Inventory.App\Pages\Category\EditCategoryDialog.xaml.cs(24,39): error CS0103: The name 'TxtName' does not exist in the current context [C:\Users\russel.mercado\source\repos\Yakult-System-New\Yakult.Inventory.App\Yakult.Inventory.App.csproj]
C:\Users\russel.mercado\source\repos\Yakult-System-New\Yakult.Inventory.App\Pages\Category\EditCategoryDialog.xaml.cs(28,13): error CS0103: The name 'InitializeComponent' does not exist in the current context [C:\Users\russel.mercado\source\repos\Yakult-System-New\Yakult.Inventory.App\Yakult.Inventory.App.csproj]
C:\Users\russel.mercado\source\repos\Yakult-System-New\Yakult.Inventory.App\Pages\Category\EditCategoryDialog.xaml.cs(30,13): error CS0103: The name 'TxtName' does not exist in the current context [C:\Users\russel.mercado\source\repos\Yakult-System-New\Yakult.Inventory.App\Yakult.Inventory.App.csproj]
C:\Users\russel.mercado\source\repos\Yakult-System-New\Yakult.Inventory.App\Pages\Category\EditCategoryDialog.xaml.cs(32,13): error CS0103: The name 'DgActiveItems' does not exist in the current context [C:\Users\russel.mercado\source\repos\Yakult-System-New\Yakult.Inventory.App\Yakult.Inventory.App.csproj]
C:\Users\russel.mercado\source\repos\Yakult-System-New\Yakult.Inventory.App\Pages\Category\EditCategoryDialog.xaml.cs(33,13): error CS0103: The name 'DgInactiveItems' does not exist in the current context [C:\Users\russel.mercado\source\repos\Yakult-System-New\Yakult.Inventory.App\Yakult.Inventory.App.csproj]
C:\Users\russel.mercado\source\repos\Yakult-System-New\Yakult.Inventory.App\Pages\Category\EditCategoryDialog.xaml.cs(37,17): error CS0103: The name 'DgActiveItems' does not exist in the current context [C:\Users\russel.mercado\source\repos\Yakult-System-New\Yakult.Inventory.App\Yakult.Inventory.App.csproj]
C:\Users\russel.mercado\source\repos\Yakult-System-New\Yakult.Inventory.App\Pages\Category\EditCategoryDialog.xaml.cs(38,17): error CS0103: The name 'LblNoActiveItems' does not exist in the current context [C:\Users\russel.mercado\source\repos\Yakult-System-New\Yakult.Inventory.App\Yakult.Inventory.App.csproj]
C:\Users\russel.mercado\source\repos\Yakult-System-New\Yakult.Inventory.App\Pages\Category\EditCategoryDialog.xaml.cs(43,17): error CS0103: The name 'DgInactiveItems' does not exist in the current context [C:\Users\russel.mercado\source\repos\Yakult-System-New\Yakult.Inventory.App\Yakult.Inventory.App.csproj]
C:\Users\russel.mercado\source\repos\Yakult-System-New\Yakult.Inventory.App\Pages\Category\EditCategoryDialog.xaml.cs(44,17): error CS0103: The name 'LblNoInactiveItems' does not exist in the current context [C:\Users\russel.mercado\source\repos\Yakult-System-New\Yakult.Inventory.App\Yakult.Inventory.App.csproj]
C:\Users\russel.mercado\source\repos\Yakult-System-New\Yakult.Inventory.App\Pages\Department\DepartmentDialog.xaml.cs(36,13): error CS0103: The name 'InitializeComponent' does not exist in the current context [C:\Users\russel.mercado\source\repos\Yakult-System-New\Yakult.Inventory.App\Yakult.Inventory.App.csproj]
C:\Users\russel.mercado\source\repos\Yakult-System-New\Yakult.Inventory.App\Pages\Department\DepartmentDialog.xaml.cs(55,17): error CS0103: The name 'TxtCreatedBy' does not exist in the current context [C:\Users\russel.mercado\source\repos\Yakult-System-New\Yakult.Inventory.App\Yakult.Inventory.App.csproj]
C:\Users\russel.mercado\source\repos\Yakult-System-New\Yakult.Inventory.App\Pages\Department\DepartmentDialog.xaml.cs(56,17): error CS0103: The name 'TxtDateCreated' does not exist in the current context [C:\Users\russel.mercado\source\repos\Yakult-System-New\Yakult.Inventory.App\Yakult.Inventory.App.csproj]
C:\Users\russel.mercado\source\repos\Yakult-System-New\Yakult.Inventory.App\Pages\Department\DepartmentDialog.xaml.cs(63,13): error CS0103: The name 'HeaderTitle' does not exist in the current context [C:\Users\russel.mercado\source\repos\Yakult-System-New\Yakult.Inventory.App\Yakult.Inventory.App.csproj]
C:\Users\russel.mercado\source\repos\Yakult-System-New\Yakult.Inventory.App\Pages\Department\DepartmentDialog.xaml.cs(64,13): error CS0103: The name 'InfoBanner' does not exist in the current context [C:\Users\russel.mercado\source\repos\Yakult-System-New\Yakult.Inventory.App\Yakult.Inventory.App.csproj]
C:\Users\russel.mercado\source\repos\Yakult-System-New\Yakult.Inventory.App\Pages\Department\DepartmentDialog.xaml.cs(69,13): error CS0103: The name 'SectionStatus' does not exist in the current context [C:\Users\russel.mercado\source\repos\Yakult-System-New\Yakult.Inventory.App\Yakult.Inventory.App.csproj]
C:\Users\russel.mercado\source\repos\Yakult-System-New\Yakult.Inventory.App\Pages\Department\DepartmentDialog.xaml.cs(146,13): error CS0103: The name 'BtnMaximizeGlyph' does not exist in the current context [C:\Users\russel.mercado\source\repos\Yakult-System-New\Yakult.Inventory.App\Yakult.Inventory.App.csproj]
C:\Users\russel.mercado\source\repos\Yakult-System-New\Yakult.Inventory.App\Pages\Department\DepartmentDialog.xaml.cs(257,17): error CS0103: The name 'ChkIsArchived' does not exist in the current context [C:\Users\russel.mercado\source\repos\Yakult-System-New\Yakult.Inventory.App\Yakult.Inventory.App.csproj]
C:\Users\russel.mercado\source\repos\Yakult-System-New\Yakult.Inventory.App\Pages\Department\DepartmentDialog.xaml.cs(259,17): error CS0103: The name 'ChkActive' does not exist in the current context [C:\Users\russel.mercado\source\repos\Yakult-System-New\Yakult.Inventory.App\Yakult.Inventory.App.csproj]
C:\Users\russel.mercado\source\repos\Yakult-System-New\Yakult.Inventory.App\Pages\Category\EditCategoryDialog.xaml.cs(121,13): error CS0103: The name 'BtnMaximizeGlyph' does not exist in the current context [C:\Users\russel.mercado\source\repos\Yakult-System-New\Yakult.Inventory.App\Yakult.Inventory.App.csproj]
C:\Users\russel.mercado\source\repos\Yakult-System-New\Yakult.Inventory.App\Pages\Department\DepartmentDialog.xaml.cs(270,13): error CS0103: The name 'TxtDeptName' does not exist in the current context [C:\Users\russel.mercado\source\repos\Yakult-System-New\Yakult.Inventory.App\Yakult.Inventory.App.csproj]
C:\Users\russel.mercado\source\repos\Yakult-System-New\Yakult.Inventory.App\Pages\Department\DepartmentDialog.xaml.cs(271,13): error CS0103: The name 'TxtDeptDesc' does not exist in the current context [C:\Users\russel.mercado\source\repos\Yakult-System-New\Yakult.Inventory.App\Yakult.Inventory.App.csproj]
C:\Users\russel.mercado\source\repos\Yakult-System-New\Yakult.Inventory.App\Pages\Department\DepartmentDialog.xaml.cs(272,13): error CS0103: The name 'TxtDateCreated' does not exist in the current context [C:\Users\russel.mercado\source\repos\Yakult-System-New\Yakult.Inventory.App\Yakult.Inventory.App.csproj]
C:\Users\russel.mercado\source\repos\Yakult-System-New\Yakult.Inventory.App\Pages\Department\DepartmentDialog.xaml.cs(273,13): error CS0103: The name 'TxtCreatedBy' does not exist in the current context [C:\Users\russel.mercado\source\repos\Yakult-System-New\Yakult.Inventory.App\Yakult.Inventory.App.csproj]
C:\Users\russel.mercado\source\repos\Yakult-System-New\Yakult.Inventory.App\Pages\Department\DepartmentDialog.xaml.cs(275,13): error CS0103: The name 'ChkActive' does not exist in the current context [C:\Users\russel.mercado\source\repos\Yakult-System-New\Yakult.Inventory.App\Yakult.Inventory.App.csproj]
C:\Users\russel.mercado\source\repos\Yakult-System-New\Yakult.Inventory.App\Pages\Department\DepartmentDialog.xaml.cs(276,13): error CS0103: The name 'ChkIsArchived' does not exist in the current context [C:\Users\russel.mercado\source\repos\Yakult-System-New\Yakult.Inventory.App\Yakult.Inventory.App.csproj]
C:\Users\russel.mercado\source\repos\Yakult-System-New\Yakult.Inventory.App\Pages\Department\DepartmentDialog.xaml.cs(285,43): error CS0103: The name 'TxtDeptName' does not exist in the current context [C:\Users\russel.mercado\source\repos\Yakult-System-New\Yakult.Inventory.App\Yakult.Inventory.App.csproj]
C:\Users\russel.mercado\source\repos\Yakult-System-New\Yakult.Inventory.App\Pages\Department\DepartmentDialog.xaml.cs(289,17): error CS0103: The name 'TxtDeptName' does not exist in the current context [C:\Users\russel.mercado\source\repos\Yakult-System-New\Yakult.Inventory.App\Yakult.Inventory.App.csproj]
C:\Users\russel.mercado\source\repos\Yakult-System-New\Yakult.Inventory.App\Pages\Department\DepartmentDialog.xaml.cs(296,46): error CS0103: The name 'ChkIsArchived' does not exist in the current context [C:\Users\russel.mercado\source\repos\Yakult-System-New\Yakult.Inventory.App\Yakult.Inventory.App.csproj]
C:\Users\russel.mercado\source\repos\Yakult-System-New\Yakult.Inventory.App\Pages\Department\DepartmentDialog.xaml.cs(309,41): error CS0103: The name 'ChkIsArchived' does not exist in the current context [C:\Users\russel.mercado\source\repos\Yakult-System-New\Yakult.Inventory.App\Yakult.Inventory.App.csproj]
C:\Users\russel.mercado\source\repos\Yakult-System-New\Yakult.Inventory.App\Pages\Department\DepartmentDialog.xaml.cs(368,24): error CS0103: The name 'TxtDeptName' does not exist in the current context [C:\Users\russel.mercado\source\repos\Yakult-System-New\Yakult.Inventory.App\Yakult.Inventory.App.csproj]
C:\Users\russel.mercado\source\repos\Yakult-System-New\Yakult.Inventory.App\Pages\Department\DepartmentDialog.xaml.cs(369,31): error CS0103: The name 'TxtDeptDesc' does not exist in the current context [C:\Users\russel.mercado\source\repos\Yakult-System-New\Yakult.Inventory.App\Yakult.Inventory.App.csproj]
C:\Users\russel.mercado\source\repos\Yakult-System-New\Yakult.Inventory.App\Pages\Department\DepartmentDialog.xaml.cs(373,41): error CS0103: The name 'ChkActive' does not exist in the current context [C:\Users\russel.mercado\source\repos\Yakult-System-New\Yakult.Inventory.App\Yakult.Inventory.App.csproj]
C:\Users\russel.mercado\source\repos\Yakult-System-New\Yakult.Inventory.App\Pages\Department\DepartmentDialog.xaml.cs(373,72): error CS0103: The name 'ChkActive' does not exist in the current context [C:\Users\russel.mercado\source\repos\Yakult-System-New\Yakult.Inventory.App\Yakult.Inventory.App.csproj]
C:\Users\russel.mercado\source\repos\Yakult-System-New\Yakult.Inventory.App\Pages\Department\DepartmentDialog.xaml.cs(374,45): error CS0103: The name 'ChkIsArchived' does not exist in the current context [C:\Users\russel.mercado\source\repos\Yakult-System-New\Yakult.Inventory.App\Yakult.Inventory.App.csproj]
C:\Users\russel.mercado\source\repos\Yakult-System-New\Yakult.Inventory.App\Pages\Department\DepartmentDialog.xaml.cs(374,81): error CS0103: The name 'ChkIsArchived' does not exist in the current context [C:\Users\russel.mercado\source\repos\Yakult-System-New\Yakult.Inventory.App\Yakult.Inventory.App.csproj]
C:\Users\russel.mercado\source\repos\Yakult-System-New\Yakult.Inventory.App\Pages\Category\EditCategoryDialog.xaml.cs(232,43): error CS0103: The name 'TxtName' does not exist in the current context [C:\Users\russel.mercado\source\repos\Yakult-System-New\Yakult.Inventory.App\Yakult.Inventory.App.csproj]
C:\Users\russel.mercado\source\repos\Yakult-System-New\Yakult.Inventory.App\Pages\Company\CompanyDialog.xaml.cs(34,13): error CS0103: The name 'InitializeComponent' does not exist in the current context [C:\Users\russel.mercado\source\repos\Yakult-System-New\Yakult.Inventory.App\Yakult.Inventory.App.csproj]
C:\Users\russel.mercado\source\repos\Yakult-System-New\Yakult.Inventory.App\Pages\Company\CompanyDialog.xaml.cs(53,17): error CS0103: The name 'TxtCreatedBy' does not exist in the current context [C:\Users\russel.mercado\source\repos\Yakult-System-New\Yakult.Inventory.App\Yakult.Inventory.App.csproj]
C:\Users\russel.mercado\source\repos\Yakult-System-New\Yakult.Inventory.App\Pages\Company\CompanyDialog.xaml.cs(54,17): error CS0103: The name 'DpCreated' does not exist in the current context [C:\Users\russel.mercado\source\repos\Yakult-System-New\Yakult.Inventory.App\Yakult.Inventory.App.csproj]
C:\Users\russel.mercado\source\repos\Yakult-System-New\Yakult.Inventory.App\Pages\Company\CompanyDialog.xaml.cs(61,13): error CS0103: The name 'HeaderTitle' does not exist in the current context [C:\Users\russel.mercado\source\repos\Yakult-System-New\Yakult.Inventory.App\Yakult.Inventory.App.csproj]
C:\Users\russel.mercado\source\repos\Yakult-System-New\Yakult.Inventory.App\Pages\Company\CompanyDialog.xaml.cs(62,13): error CS0103: The name 'InfoBanner' does not exist in the current context [C:\Users\russel.mercado\source\repos\Yakult-System-New\Yakult.Inventory.App\Yakult.Inventory.App.csproj]
C:\Users\russel.mercado\source\repos\Yakult-System-New\Yakult.Inventory.App\Pages\Company\CompanyDialog.xaml.cs(67,13): error CS0103: The name 'SectionStatus' does not exist in the current context [C:\Users\russel.mercado\source\repos\Yakult-System-New\Yakult.Inventory.App\Yakult.Inventory.App.csproj]
C:\Users\russel.mercado\source\repos\Yakult-System-New\Yakult.Inventory.App\Pages\Company\CompanyDialog.xaml.cs(71,13): error CS0103: The name 'SectionDepartments' does not exist in the current context [C:\Users\russel.mercado\source\repos\Yakult-System-New\Yakult.Inventory.App\Yakult.Inventory.App.csproj]
C:\Users\russel.mercado\source\repos\Yakult-System-New\Yakult.Inventory.App\Pages\Company\CompanyDialog.xaml.cs(72,13): error CS0103: The name 'SectionBranches' does not exist in the current context [C:\Users\russel.mercado\source\repos\Yakult-System-New\Yakult.Inventory.App\Yakult.Inventory.App.csproj]
C:\Users\russel.mercado\source\repos\Yakult-System-New\Yakult.Inventory.App\Pages\Company\CompanyDialog.xaml.cs(149,13): error CS0103: The name 'BtnMaximizeGlyph' does not exist in the current context [C:\Users\russel.mercado\source\repos\Yakult-System-New\Yakult.Inventory.App\Yakult.Inventory.App.csproj]
C:\Users\russel.mercado\source\repos\Yakult-System-New\Yakult.Inventory.App\Pages\Company\CompanyDialog.xaml.cs(260,17): error CS0103: The name 'ChkIsArchived' does not exist in the current context [C:\Users\russel.mercado\source\repos\Yakult-System-New\Yakult.Inventory.App\Yakult.Inventory.App.csproj]
C:\Users\russel.mercado\source\repos\Yakult-System-New\Yakult.Inventory.App\Pages\Company\CompanyDialog.xaml.cs(262,17): error CS0103: The name 'ChkActive' does not exist in the current context [C:\Users\russel.mercado\source\repos\Yakult-System-New\Yakult.Inventory.App\Yakult.Inventory.App.csproj]
C:\Users\russel.mercado\source\repos\Yakult-System-New\Yakult.Inventory.App\Pages\Company\CompanyDialog.xaml.cs(271,30): error CS0103: The name 'ChkAddDepartments' does not exist in the current context [C:\Users\russel.mercado\source\repos\Yakult-System-New\Yakult.Inventory.App\Yakult.Inventory.App.csproj]
C:\Users\russel.mercado\source\repos\Yakult-System-New\Yakult.Inventory.App\Pages\Company\CompanyDialog.xaml.cs(272,13): error CS0103: The name 'PnlDepartmentRows' does not exist in the current context [C:\Users\russel.mercado\source\repos\Yakult-System-New\Yakult.Inventory.App\Yakult.Inventory.App.csproj]
C:\Users\russel.mercado\source\repos\Yakult-System-New\Yakult.Inventory.App\Pages\Company\CompanyDialog.xaml.cs(273,13): error CS0103: The name 'BtnAddDept' does not exist in the current context [C:\Users\russel.mercado\source\repos\Yakult-System-New\Yakult.Inventory.App\Yakult.Inventory.App.csproj]
C:\Users\russel.mercado\source\repos\Yakult-System-New\Yakult.Inventory.App\Pages\Company\CompanyDialog.xaml.cs(275,30): error CS0103: The name 'PnlDepartmentRows' does not exist in the current context [C:\Users\russel.mercado\source\repos\Yakult-System-New\Yakult.Inventory.App\Yakult.Inventory.App.csproj]
C:\Users\russel.mercado\source\repos\Yakult-System-New\Yakult.Inventory.App\Pages\Company\CompanyDialog.xaml.cs(289,46): error CS0103: The name 'PnlDepartmentRows' does not exist in the current context [C:\Users\russel.mercado\source\repos\Yakult-System-New\Yakult.Inventory.App\Yakult.Inventory.App.csproj]
C:\Users\russel.mercado\source\repos\Yakult-System-New\Yakult.Inventory.App\Pages\Company\CompanyDialog.xaml.cs(290,13): error CS0103: The name 'PnlDepartmentRows' does not exist in the current context [C:\Users\russel.mercado\source\repos\Yakult-System-New\Yakult.Inventory.App\Yakult.Inventory.App.csproj]
C:\Users\russel.mercado\source\repos\Yakult-System-New\Yakult.Inventory.App\Pages\Company\CompanyDialog.xaml.cs(298,30): error CS0103: The name 'ChkAddBranches' does not exist in the current context [C:\Users\russel.mercado\source\repos\Yakult-System-New\Yakult.Inventory.App\Yakult.Inventory.App.csproj]
C:\Users\russel.mercado\source\repos\Yakult-System-New\Yakult.Inventory.App\Pages\Company\CompanyDialog.xaml.cs(299,13): error CS0103: The name 'PnlBranchRows' does not exist in the current context [C:\Users\russel.mercado\source\repos\Yakult-System-New\Yakult.Inventory.App\Yakult.Inventory.App.csproj]
C:\Users\russel.mercado\source\repos\Yakult-System-New\Yakult.Inventory.App\Pages\Company\CompanyDialog.xaml.cs(300,13): error CS0103: The name 'BtnAddBranch' does not exist in the current context [C:\Users\russel.mercado\source\repos\Yakult-System-New\Yakult.Inventory.App\Yakult.Inventory.App.csproj]
C:\Users\russel.mercado\source\repos\Yakult-System-New\Yakult.Inventory.App\Pages\Company\CompanyDialog.xaml.cs(302,30): error CS0103: The name 'PnlBranchRows' does not exist in the current context [C:\Users\russel.mercado\source\repos\Yakult-System-New\Yakult.Inventory.App\Yakult.Inventory.App.csproj]
C:\Users\russel.mercado\source\repos\Yakult-System-New\Yakult.Inventory.App\Pages\Company\CompanyDialog.xaml.cs(316,46): error CS0103: The name 'PnlBranchRows' does not exist in the current context [C:\Users\russel.mercado\source\repos\Yakult-System-New\Yakult.Inventory.App\Yakult.Inventory.App.csproj]
C:\Users\russel.mercado\source\repos\Yakult-System-New\Yakult.Inventory.App\Pages\Company\CompanyDialog.xaml.cs(317,13): error CS0103: The name 'PnlBranchRows' does not exist in the current context [C:\Users\russel.mercado\source\repos\Yakult-System-New\Yakult.Inventory.App\Yakult.Inventory.App.csproj]
C:\Users\russel.mercado\source\repos\Yakult-System-New\Yakult.Inventory.App\Pages\Company\CompanyDialog.xaml.cs(327,13): error CS0103: The name 'TxtCompanyName' does not exist in the current context [C:\Users\russel.mercado\source\repos\Yakult-System-New\Yakult.Inventory.App\Yakult.Inventory.App.csproj]
C:\Users\russel.mercado\source\repos\Yakult-System-New\Yakult.Inventory.App\Pages\Company\CompanyDialog.xaml.cs(328,13): error CS0103: The name 'TxtCompanyDesc' does not exist in the current context [C:\Users\russel.mercado\source\repos\Yakult-System-New\Yakult.Inventory.App\Yakult.Inventory.App.csproj]
C:\Users\russel.mercado\source\repos\Yakult-System-New\Yakult.Inventory.App\Pages\Company\CompanyDialog.xaml.cs(329,13): error CS0103: The name 'DpCreated' does not exist in the current context [C:\Users\russel.mercado\source\repos\Yakult-System-New\Yakult.Inventory.App\Yakult.Inventory.App.csproj]
C:\Users\russel.mercado\source\repos\Yakult-System-New\Yakult.Inventory.App\Pages\Company\CompanyDialog.xaml.cs(330,13): error CS0103: The name 'TxtCreatedBy' does not exist in the current context [C:\Users\russel.mercado\source\repos\Yakult-System-New\Yakult.Inventory.App\Yakult.Inventory.App.csproj]
C:\Users\russel.mercado\source\repos\Yakult-System-New\Yakult.Inventory.App\Pages\Company\CompanyDialog.xaml.cs(332,13): error CS0103: The name 'ChkActive' does not exist in the current context [C:\Users\russel.mercado\source\repos\Yakult-System-New\Yakult.Inventory.App\Yakult.Inventory.App.csproj]
C:\Users\russel.mercado\source\repos\Yakult-System-New\Yakult.Inventory.App\Pages\Company\CompanyDialog.xaml.cs(333,13): error CS0103: The name 'ChkIsArchived' does not exist in the current context [C:\Users\russel.mercado\source\repos\Yakult-System-New\Yakult.Inventory.App\Yakult.Inventory.App.csproj]
C:\Users\russel.mercado\source\repos\Yakult-System-New\Yakult.Inventory.App\Pages\Company\CompanyDialog.xaml.cs(339,17): error CS0103: The name 'ChkAddDepartments' does not exist in the current context [C:\Users\russel.mercado\source\repos\Yakult-System-New\Yakult.Inventory.App\Yakult.Inventory.App.csproj]
C:\Users\russel.mercado\source\repos\Yakult-System-New\Yakult.Inventory.App\Pages\Company\CompanyDialog.xaml.cs(340,17): error CS0103: The name 'PnlDepartmentRows' does not exist in the current context [C:\Users\russel.mercado\source\repos\Yakult-System-New\Yakult.Inventory.App\Yakult.Inventory.App.csproj]
C:\Users\russel.mercado\source\repos\Yakult-System-New\Yakult.Inventory.App\Pages\Company\CompanyDialog.xaml.cs(350,17): error CS0103: The name 'ChkAddBranches' does not exist in the current context [C:\Users\russel.mercado\source\repos\Yakult-System-New\Yakult.Inventory.App\Yakult.Inventory.App.csproj]
C:\Users\russel.mercado\source\repos\Yakult-System-New\Yakult.Inventory.App\Pages\Company\CompanyDialog.xaml.cs(351,17): error CS0103: The name 'PnlBranchRows' does not exist in the current context [C:\Users\russel.mercado\source\repos\Yakult-System-New\Yakult.Inventory.App\Yakult.Inventory.App.csproj]
C:\Users\russel.mercado\source\repos\Yakult-System-New\Yakult.Inventory.App\Pages\Item\BatchAddItemDialog.xaml.cs(65,13): error CS0103: The name 'InitializeComponent' does not exist in the current context [C:\Users\russel.mercado\source\repos\Yakult-System-New\Yakult.Inventory.App\Yakult.Inventory.App.csproj]
C:\Users\russel.mercado\source\repos\Yakult-System-New\Yakult.Inventory.App\Pages\Item\BatchAddItemDialog.xaml.cs(80,13): error CS0103: The name 'CmbItemType' does not exist in the current context [C:\Users\russel.mercado\source\repos\Yakult-System-New\Yakult.Inventory.App\Yakult.Inventory.App.csproj]
C:\Users\russel.mercado\source\repos\Yakult-System-New\Yakult.Inventory.App\Pages\Item\BatchAddItemDialog.xaml.cs(81,13): error CS0103: The name 'CmbItemType' does not exist in the current context [C:\Users\russel.mercado\source\repos\Yakult-System-New\Yakult.Inventory.App\Yakult.Inventory.App.csproj]
C:\Users\russel.mercado\source\repos\Yakult-System-New\Yakult.Inventory.App\Pages\Item\BatchAddItemDialog.xaml.cs(82,13): error CS0103: The name 'CmbItemType' does not exist in the current context [C:\Users\russel.mercado\source\repos\Yakult-System-New\Yakult.Inventory.App\Yakult.Inventory.App.csproj]
C:\Users\russel.mercado\source\repos\Yakult-System-New\Yakult.Inventory.App\Pages\Item\BatchAddItemDialog.xaml.cs(84,13): error CS0103: The name 'CmbSubType' does not exist in the current context [C:\Users\russel.mercado\source\repos\Yakult-System-New\Yakult.Inventory.App\Yakult.Inventory.App.csproj]
C:\Users\russel.mercado\source\repos\Yakult-System-New\Yakult.Inventory.App\Pages\Item\BatchAddItemDialog.xaml.cs(86,17): error CS0103: The name 'CmbSubType' does not exist in the current context [C:\Users\russel.mercado\source\repos\Yakult-System-New\Yakult.Inventory.App\Yakult.Inventory.App.csproj]
C:\Users\russel.mercado\source\repos\Yakult-System-New\Yakult.Inventory.App\Pages\Item\BatchAddItemDialog.xaml.cs(87,13): error CS0103: The name 'CmbSubType' does not exist in the current context [C:\Users\russel.mercado\source\repos\Yakult-System-New\Yakult.Inventory.App\Yakult.Inventory.App.csproj]
C:\Users\russel.mercado\source\repos\Yakult-System-New\Yakult.Inventory.App\Pages\Item\BatchAddItemDialog.xaml.cs(89,13): error CS0103: The name 'CmbCartridgeOrigin' does not exist in the current context [C:\Users\russel.mercado\source\repos\Yakult-System-New\Yakult.Inventory.App\Yakult.Inventory.App.csproj]
C:\Users\russel.mercado\source\repos\Yakult-System-New\Yakult.Inventory.App\Pages\Item\BatchAddItemDialog.xaml.cs(90,13): error CS0103: The name 'CmbCartridgeOrigin' does not exist in the current context [C:\Users\russel.mercado\source\repos\Yakult-System-New\Yakult.Inventory.App\Yakult.Inventory.App.csproj]
C:\Users\russel.mercado\source\repos\Yakult-System-New\Yakult.Inventory.App\Pages\Item\BatchAddItemDialog.xaml.cs(99,13): error CS0103: The name 'CmbItemType' does not exist in the current context [C:\Users\russel.mercado\source\repos\Yakult-System-New\Yakult.Inventory.App\Yakult.Inventory.App.csproj]
C:\Users\russel.mercado\source\repos\Yakult-System-New\Yakult.Inventory.App\Pages\Item\BatchAddItemDialog.xaml.cs(102,17): error CS0103: The name 'ChkIsBorrowable' does not exist in the current context [C:\Users\russel.mercado\source\repos\Yakult-System-New\Yakult.Inventory.App\Yakult.Inventory.App.csproj]
C:\Users\russel.mercado\source\repos\Yakult-System-New\Yakult.Inventory.App\Pages\Item\CartridgeCsvImportDialog.xaml.cs(27,13): error CS0103: The name 'InitializeComponent' does not exist in the current context [C:\Users\russel.mercado\source\repos\Yakult-System-New\Yakult.Inventory.App\Yakult.Inventory.App.csproj]
C:\Users\russel.mercado\source\repos\Yakult-System-New\Yakult.Inventory.App\Pages\Item\RepairHistoryDialog.xaml.cs(33,13): error CS0103: The name 'InitializeComponent' does not exist in the current context [C:\Users\russel.mercado\source\repos\Yakult-System-New\Yakult.Inventory.App\Yakult.Inventory.App.csproj]
C:\Users\russel.mercado\source\repos\Yakult-System-New\Yakult.Inventory.App\Pages\Item\RepairHistoryDialog.xaml.cs(34,13): error CS0103: The name 'HistoryGrid' does not exist in the current context [C:\Users\russel.mercado\source\repos\Yakult-System-New\Yakult.Inventory.App\Yakult.Inventory.App.csproj]
C:\Users\russel.mercado\source\repos\Yakult-System-New\Yakult.Inventory.App\Pages\Item\CartridgeCsvImportDialog.xaml.cs(92,17): error CS0103: The name 'TxtCsvPath' does not exist in the current context [C:\Users\russel.mercado\source\repos\Yakult-System-New\Yakult.Inventory.App\Yakult.Inventory.App.csproj]
C:\Users\russel.mercado\source\repos\Yakult-System-New\Yakult.Inventory.App\Pages\Item\CartridgeCsvImportDialog.xaml.cs(93,17): error CS0103: The name 'BtnLoadPreview' does not exist in the current context [C:\Users\russel.mercado\source\repos\Yakult-System-New\Yakult.Inventory.App\Yakult.Inventory.App.csproj]
C:\Users\russel.mercado\source\repos\Yakult-System-New\Yakult.Inventory.App\Pages\Item\CartridgeCsvImportDialog.xaml.cs(94,17): error CS0103: The name 'BtnImport' does not exist in the current context [C:\Users\russel.mercado\source\repos\Yakult-System-New\Yakult.Inventory.App\Yakult.Inventory.App.csproj]
C:\Users\russel.mercado\source\repos\Yakult-System-New\Yakult.Inventory.App\Pages\Item\CartridgeCsvImportDialog.xaml.cs(95,17): error CS0103: The name 'PreviewGrid' does not exist in the current context [C:\Users\russel.mercado\source\repos\Yakult-System-New\Yakult.Inventory.App\Yakult.Inventory.App.csproj]
C:\Users\russel.mercado\source\repos\Yakult-System-New\Yakult.Inventory.App\Pages\Item\CartridgeCsvImportDialog.xaml.cs(96,17): error CS0103: The name 'LblEmptyState' does not exist in the current context [C:\Users\russel.mercado\source\repos\Yakult-System-New\Yakult.Inventory.App\Yakult.Inventory.App.csproj]
C:\Users\russel.mercado\source\repos\Yakult-System-New\Yakult.Inventory.App\Pages\Item\CartridgeCsvImportDialog.xaml.cs(97,17): error CS0103: The name 'BannerDupes' does not exist in the current context [C:\Users\russel.mercado\source\repos\Yakult-System-New\Yakult.Inventory.App\Yakult.Inventory.App.csproj]
C:\Users\russel.mercado\source\repos\Yakult-System-New\Yakult.Inventory.App\Pages\Item\CartridgeCsvImportDialog.xaml.cs(98,17): error CS0103: The name 'LblStatus' does not exist in the current context [C:\Users\russel.mercado\source\repos\Yakult-System-New\Yakult.Inventory.App\Yakult.Inventory.App.csproj]
C:\Users\russel.mercado\source\repos\Yakult-System-New\Yakult.Inventory.App\Pages\Company\CompanyDialog.xaml.cs(365,43): error CS0103: The name 'TxtCompanyName' does not exist in the current context [C:\Users\russel.mercado\source\repos\Yakult-System-New\Yakult.Inventory.App\Yakult.Inventory.App.csproj]
C:\Users\russel.mercado\source\repos\Yakult-System-New\Yakult.Inventory.App\Pages\Company\CompanyDialog.xaml.cs(369,17): error CS0103: The name 'TxtCompanyName' does not exist in the current context [C:\Users\russel.mercado\source\repos\Yakult-System-New\Yakult.Inventory.App\Yakult.Inventory.App.csproj]
C:\Users\russel.mercado\source\repos\Yakult-System-New\Yakult.Inventory.App\Pages\Company\CompanyDialog.xaml.cs(376,45): error CS0103: The name 'ChkIsArchived' does not exist in the current context [C:\Users\russel.mercado\source\repos\Yakult-System-New\Yakult.Inventory.App\Yakult.Inventory.App.csproj]
C:\Users\russel.mercado\source\repos\Yakult-System-New\Yakult.Inventory.App\Pages\Company\CompanyDialog.xaml.cs(389,41): error CS0103: The name 'ChkIsArchived' does not exist in the current context [C:\Users\russel.mercado\source\repos\Yakult-System-New\Yakult.Inventory.App\Yakult.Inventory.App.csproj]
C:\Users\russel.mercado\source\repos\Yakult-System-New\Yakult.Inventory.App\Pages\Company\CompanyDialog.xaml.cs(437,31): error CS0103: The name 'DpCreated' does not exist in the current context [C:\Users\russel.mercado\source\repos\Yakult-System-New\Yakult.Inventory.App\Yakult.Inventory.App.csproj]
C:\Users\russel.mercado\source\repos\Yakult-System-New\Yakult.Inventory.App\Pages\Company\CompanyDialog.xaml.cs(444,24): error CS0103: The name 'TxtCompanyName' does not exist in the current context [C:\Users\russel.mercado\source\repos\Yakult-System-New\Yakult.Inventory.App\Yakult.Inventory.App.csproj]
C:\Users\russel.mercado\source\repos\Yakult-System-New\Yakult.Inventory.App\Pages\Company\CompanyDialog.xaml.cs(445,31): error CS0103: The name 'TxtCompanyDesc' does not exist in the current context [C:\Users\russel.mercado\source\repos\Yakult-System-New\Yakult.Inventory.App\Yakult.Inventory.App.csproj]
C:\Users\russel.mercado\source\repos\Yakult-System-New\Yakult.Inventory.App\Pages\Company\CompanyDialog.xaml.cs(449,41): error CS0103: The name 'ChkActive' does not exist in the current context [C:\Users\russel.mercado\source\repos\Yakult-System-New\Yakult.Inventory.App\Yakult.Inventory.App.csproj]
C:\Users\russel.mercado\source\repos\Yakult-System-New\Yakult.Inventory.App\Pages\Company\CompanyDialog.xaml.cs(449,72): error CS0103: The name 'ChkActive' does not exist in the current context [C:\Users\russel.mercado\source\repos\Yakult-System-New\Yakult.Inventory.App\Yakult.Inventory.App.csproj]
C:\Users\russel.mercado\source\repos\Yakult-System-New\Yakult.Inventory.App\Pages\Company\CompanyDialog.xaml.cs(450,45): error CS0103: The name 'ChkIsArchived' does not exist in the current context [C:\Users\russel.mercado\source\repos\Yakult-System-New\Yakult.Inventory.App\Yakult.Inventory.App.csproj]
C:\Users\russel.mercado\source\repos\Yakult-System-New\Yakult.Inventory.App\Pages\Company\CompanyDialog.xaml.cs(450,81): error CS0103: The name 'ChkIsArchived' does not exist in the current context [C:\Users\russel.mercado\source\repos\Yakult-System-New\Yakult.Inventory.App\Yakult.Inventory.App.csproj]
C:\Users\russel.mercado\source\repos\Yakult-System-New\Yakult.Inventory.App\Pages\Company\CompanyDialog.xaml.cs(456,17): error CS0103: The name 'ChkAddDepartments' does not exist in the current context [C:\Users\russel.mercado\source\repos\Yakult-System-New\Yakult.Inventory.App\Yakult.Inventory.App.csproj]
C:\Users\russel.mercado\source\repos\Yakult-System-New\Yakult.Inventory.App\Pages\Company\CompanyDialog.xaml.cs(458,45): error CS0103: The name 'PnlDepartmentRows' does not exist in the current context [C:\Users\russel.mercado\source\repos\Yakult-System-New\Yakult.Inventory.App\Yakult.Inventory.App.csproj]
C:\Users\russel.mercado\source\repos\Yakult-System-New\Yakult.Inventory.App\Pages\Company\CompanyDialog.xaml.cs(472,17): error CS0103: The name 'ChkAddBranches' does not exist in the current context [C:\Users\russel.mercado\source\repos\Yakult-System-New\Yakult.Inventory.App\Yakult.Inventory.App.csproj]
C:\Users\russel.mercado\source\repos\Yakult-System-New\Yakult.Inventory.App\Pages\Company\CompanyDialog.xaml.cs(474,42): error CS0103: The name 'PnlBranchRows' does not exist in the current context [C:\Users\russel.mercado\source\repos\Yakult-System-New\Yakult.Inventory.App\Yakult.Inventory.App.csproj]
C:\Users\russel.mercado\source\repos\Yakult-System-New\Yakult.Inventory.App\Pages\Item\RepairHistoryDialog.xaml.cs(55,17): error CS0103: The name 'TxtSubtitle' does not exist in the current context [C:\Users\russel.mercado\source\repos\Yakult-System-New\Yakult.Inventory.App\Yakult.Inventory.App.csproj]
C:\Users\russel.mercado\source\repos\Yakult-System-New\Yakult.Inventory.App\Pages\Item\RepairHistoryDialog.xaml.cs(56,23): error CS0103: The name 'TxtSearch' does not exist in the current context [C:\Users\russel.mercado\source\repos\Yakult-System-New\Yakult.Inventory.App\Yakult.Inventory.App.csproj]
C:\Users\russel.mercado\source\repos\Yakult-System-New\Yakult.Inventory.App\Pages\Item\SerialNumbersDialog.xaml.cs(22,13): error CS0103: The name 'InitializeComponent' does not exist in the current context [C:\Users\russel.mercado\source\repos\Yakult-System-New\Yakult.Inventory.App\Yakult.Inventory.App.csproj]
C:\Users\russel.mercado\source\repos\Yakult-System-New\Yakult.Inventory.App\Pages\Item\SerialNumbersDialog.xaml.cs(24,13): error CS0103: The name 'LblItemName' does not exist in the current context [C:\Users\russel.mercado\source\repos\Yakult-System-New\Yakult.Inventory.App\Yakult.Inventory.App.csproj]
C:\Users\russel.mercado\source\repos\Yakult-System-New\Yakult.Inventory.App\Pages\Item\SerialNumbersDialog.xaml.cs(25,13): error CS0103: The name 'TxtSerials' does not exist in the current context [C:\Users\russel.mercado\source\repos\Yakult-System-New\Yakult.Inventory.App\Yakult.Inventory.App.csproj]
C:\Users\russel.mercado\source\repos\Yakult-System-New\Yakult.Inventory.App\Pages\Item\SerialNumbersDialog.xaml.cs(26,13): error CS0103: The name 'TxtSerials' does not exist in the current context [C:\Users\russel.mercado\source\repos\Yakult-System-New\Yakult.Inventory.App\Yakult.Inventory.App.csproj]
C:\Users\russel.mercado\source\repos\Yakult-System-New\Yakult.Inventory.App\Pages\Item\SerialNumbersDialog.xaml.cs(28,50): error CS0103: The name 'TxtSerials' does not exist in the current context [C:\Users\russel.mercado\source\repos\Yakult-System-New\Yakult.Inventory.App\Yakult.Inventory.App.csproj]
C:\Users\russel.mercado\source\repos\Yakult-System-New\Yakult.Inventory.App\Pages\Item\SerialNumbersDialog.xaml.cs(28,70): error CS0103: The name 'TxtSerials' does not exist in the current context [C:\Users\russel.mercado\source\repos\Yakult-System-New\Yakult.Inventory.App\Yakult.Inventory.App.csproj]
C:\Users\russel.mercado\source\repos\Yakult-System-New\Yakult.Inventory.App\Pages\Item\SerialNumbersDialog.xaml.cs(28,94): error CS0103: The name 'TxtSerials' does not exist in the current context [C:\Users\russel.mercado\source\repos\Yakult-System-New\Yakult.Inventory.App\Yakult.Inventory.App.csproj]
C:\Users\russel.mercado\source\repos\Yakult-System-New\Yakult.Inventory.App\Pages\Item\InvoiceBuilderDialog.xaml.cs(175,13): error CS0103: The name 'InitializeComponent' does not exist in the current context [C:\Users\russel.mercado\source\repos\Yakult-System-New\Yakult.Inventory.App\Yakult.Inventory.App.csproj]
C:\Users\russel.mercado\source\repos\Yakult-System-New\Yakult.Inventory.App\Pages\Item\InvoiceBuilderDialog.xaml.cs(178,13): error CS0103: The name 'TabsHost' does not exist in the current context [C:\Users\russel.mercado\source\repos\Yakult-System-New\Yakult.Inventory.App\Yakult.Inventory.App.csproj]
C:\Users\russel.mercado\source\repos\Yakult-System-New\Yakult.Inventory.App\Pages\Item\InvoiceBuilderDialog.xaml.cs(216,13): error CS0103: The name 'GroupEditorRoot' does not exist in the current context [C:\Users\russel.mercado\source\repos\Yakult-System-New\Yakult.Inventory.App\Yakult.Inventory.App.csproj]
C:\Users\russel.mercado\source\repos\Yakult-System-New\Yakult.Inventory.App\Pages\Item\BatchAddItemDialog.xaml.cs(114,13): error CS0103: The name 'TxtItemName' does not exist in the current context [C:\Users\russel.mercado\source\repos\Yakult-System-New\Yakult.Inventory.App\Yakult.Inventory.App.csproj]
C:\Users\russel.mercado\source\repos\Yakult-System-New\Yakult.Inventory.App\Pages\Item\BatchAddItemDialog.xaml.cs(115,13): error CS0103: The name 'TxtDescription' does not exist in the current context [C:\Users\russel.mercado\source\repos\Yakult-System-New\Yakult.Inventory.App\Yakult.Inventory.App.csproj]
C:\Users\russel.mercado\source\repos\Yakult-System-New\Yakult.Inventory.App\Pages\Item\BatchAddItemDialog.xaml.cs(116,13): error CS0103: The name 'TxtModelNumber' does not exist in the current context [C:\Users\russel.mercado\source\repos\Yakult-System-New\Yakult.Inventory.App\Yakult.Inventory.App.csproj]
C:\Users\russel.mercado\source\repos\Yakult-System-New\Yakult.Inventory.App\Pages\Item\BatchAddItemDialog.xaml.cs(118,33): error CS0103: The name 'CmbCategory' does not exist in the current context [C:\Users\russel.mercado\source\repos\Yakult-System-New\Yakult.Inventory.App\Yakult.Inventory.App.csproj]
C:\Users\russel.mercado\source\repos\Yakult-System-New\Yakult.Inventory.App\Pages\Item\BatchAddItemDialog.xaml.cs(120,21): error CS0103: The name 'CmbCategory' does not exist in the current context [C:\Users\russel.mercado\source\repos\Yakult-System-New\Yakult.Inventory.App\Yakult.Inventory.App.csproj]
C:\Users\russel.mercado\source\repos\Yakult-System-New\Yakult.Inventory.App\Pages\Item\BatchAddItemDialog.xaml.cs(122,19): error CS0103: The name 'CmbCategory' does not exist in the current context [C:\Users\russel.mercado\source\repos\Yakult-System-New\Yakult.Inventory.App\Yakult.Inventory.App.csproj]
C:\Users\russel.mercado\source\repos\Yakult-System-New\Yakult.Inventory.App\Pages\Item\BatchAddItemDialog.xaml.cs(125,33): error CS0103: The name 'CmbSubType' does not exist in the current context [C:\Users\russel.mercado\source\repos\Yakult-System-New\Yakult.Inventory.App\Yakult.Inventory.App.csproj]
C:\Users\russel.mercado\source\repos\Yakult-System-New\Yakult.Inventory.App\Pages\Item\BatchAddItemDialog.xaml.cs(127,35): error CS0103: The name 'CmbSubType' does not exist in the current context [C:\Users\russel.mercado\source\repos\Yakult-System-New\Yakult.Inventory.App\Yakult.Inventory.App.csproj]
C:\Users\russel.mercado\source\repos\Yakult-System-New\Yakult.Inventory.App\Pages\Item\BatchAddItemDialog.xaml.cs(128,19): error CS0103: The name 'CmbSubType' does not exist in the current context [C:\Users\russel.mercado\source\repos\Yakult-System-New\Yakult.Inventory.App\Yakult.Inventory.App.csproj]
C:\Users\russel.mercado\source\repos\Yakult-System-New\Yakult.Inventory.App\Pages\Item\BatchAddItemDialog.xaml.cs(131,33): error CS0103: The name 'CmbItemType' does not exist in the current context [C:\Users\russel.mercado\source\repos\Yakult-System-New\Yakult.Inventory.App\Yakult.Inventory.App.csproj]
C:\Users\russel.mercado\source\repos\Yakult-System-New\Yakult.Inventory.App\Pages\Item\BatchAddItemDialog.xaml.cs(133,35): error CS0103: The name 'CmbItemType' does not exist in the current context [C:\Users\russel.mercado\source\repos\Yakult-System-New\Yakult.Inventory.App\Yakult.Inventory.App.csproj]
C:\Users\russel.mercado\source\repos\Yakult-System-New\Yakult.Inventory.App\Pages\Item\BatchAddItemDialog.xaml.cs(134,19): error CS0103: The name 'CmbItemType' does not exist in the current context [C:\Users\russel.mercado\source\repos\Yakult-System-New\Yakult.Inventory.App\Yakult.Inventory.App.csproj]
C:\Users\russel.mercado\source\repos\Yakult-System-New\Yakult.Inventory.App\Pages\Item\BatchAddItemDialog.xaml.cs(140,17): error CS0103: The name 'CmbCartridgeOrigin' does not exist in the current context [C:\Users\russel.mercado\source\repos\Yakult-System-New\Yakult.Inventory.App\Yakult.Inventory.App.csproj]
C:\Users\russel.mercado\source\repos\Yakult-System-New\Yakult.Inventory.App\Pages\Item\BatchAddItemDialog.xaml.cs(148,13): error CS0103: The name 'CmbUnitOfMeasure' does not exist in the current context [C:\Users\russel.mercado\source\repos\Yakult-System-New\Yakult.Inventory.App\Yakult.Inventory.App.csproj]
C:\Users\russel.mercado\source\repos\Yakult-System-New\Yakult.Inventory.App\Pages\Item\BatchAddItemDialog.xaml.cs(149,13): error CS0103: The name 'TxtAmount' does not exist in the current context [C:\Users\russel.mercado\source\repos\Yakult-System-New\Yakult.Inventory.App\Yakult.Inventory.App.csproj]
C:\Users\russel.mercado\source\repos\Yakult-System-New\Yakult.Inventory.App\Pages\Item\BatchAddItemDialog.xaml.cs(151,33): error CS0103: The name 'CmbCondition' does not exist in the current context [C:\Users\russel.mercado\source\repos\Yakult-System-New\Yakult.Inventory.App\Yakult.Inventory.App.csproj]
C:\Users\russel.mercado\source\repos\Yakult-System-New\Yakult.Inventory.App\Pages\Item\BatchAddItemDialog.xaml.cs(153,21): error CS0103: The name 'CmbCondition' does not exist in the current context [C:\Users\russel.mercado\source\repos\Yakult-System-New\Yakult.Inventory.App\Yakult.Inventory.App.csproj]
C:\Users\russel.mercado\source\repos\Yakult-System-New\Yakult.Inventory.App\Pages\Item\BatchAddItemDialog.xaml.cs(154,19): error CS0103: The name 'CmbCondition' does not exist in the current context [C:\Users\russel.mercado\source\repos\Yakult-System-New\Yakult.Inventory.App\Yakult.Inventory.App.csproj]
C:\Users\russel.mercado\source\repos\Yakult-System-New\Yakult.Inventory.App\Pages\Item\BatchAddItemDialog.xaml.cs(160,13): error CS0103: The name 'TxtRemarks' does not exist in the current context [C:\Users\russel.mercado\source\repos\Yakult-System-New\Yakult.Inventory.App\Yakult.Inventory.App.csproj]
C:\Users\russel.mercado\source\repos\Yakult-System-New\Yakult.Inventory.App\Pages\Item\BatchAddItemDialog.xaml.cs(161,13): error CS0103: The name 'TxtLicenseNumber' does not exist in the current context [C:\Users\russel.mercado\source\repos\Yakult-System-New\Yakult.Inventory.App\Yakult.Inventory.App.csproj]
C:\Users\russel.mercado\source\repos\Yakult-System-New\Yakult.Inventory.App\Pages\Item\BatchAddItemDialog.xaml.cs(162,13): error CS0103: The name 'TxtPartNumber' does not exist in the current context [C:\Users\russel.mercado\source\repos\Yakult-System-New\Yakult.Inventory.App\Yakult.Inventory.App.csproj]
C:\Users\russel.mercado\source\repos\Yakult-System-New\Yakult.Inventory.App\Pages\Item\BatchAddItemDialog.xaml.cs(163,13): error CS0103: The name 'TxtWarrantyYears' does not exist in the current context [C:\Users\russel.mercado\source\repos\Yakult-System-New\Yakult.Inventory.App\Yakult.Inventory.App.csproj]
C:\Users\russel.mercado\source\repos\Yakult-System-New\Yakult.Inventory.App\Pages\Item\BatchAddItemDialog.xaml.cs(166,17): error CS0103: The name 'ChkWarrantyStart' does not exist in the current context [C:\Users\russel.mercado\source\repos\Yakult-System-New\Yakult.Inventory.App\Yakult.Inventory.App.csproj]
C:\Users\russel.mercado\source\repos\Yakult-System-New\Yakult.Inventory.App\Pages\Item\BatchAddItemDialog.xaml.cs(167,17): error CS0103: The name 'DpWarrantyStart' does not exist in the current context [C:\Users\russel.mercado\source\repos\Yakult-System-New\Yakult.Inventory.App\Yakult.Inventory.App.csproj]
C:\Users\russel.mercado\source\repos\Yakult-System-New\Yakult.Inventory.App\Pages\Item\BatchAddItemDialog.xaml.cs(171,17): error CS0103: The name 'ChkWarrantyEnd' does not exist in the current context [C:\Users\russel.mercado\source\repos\Yakult-System-New\Yakult.Inventory.App\Yakult.Inventory.App.csproj]
C:\Users\russel.mercado\source\repos\Yakult-System-New\Yakult.Inventory.App\Pages\Item\BatchAddItemDialog.xaml.cs(172,17): error CS0103: The name 'DpWarrantyEnd' does not exist in the current context [C:\Users\russel.mercado\source\repos\Yakult-System-New\Yakult.Inventory.App\Yakult.Inventory.App.csproj]
C:\Users\russel.mercado\source\repos\Yakult-System-New\Yakult.Inventory.App\Pages\Item\BatchAddItemDialog.xaml.cs(174,13): error CS0103: The name 'ChkIsTrackedAsset' does not exist in the current context [C:\Users\russel.mercado\source\repos\Yakult-System-New\Yakult.Inventory.App\Yakult.Inventory.App.csproj]
C:\Users\russel.mercado\source\repos\Yakult-System-New\Yakult.Inventory.App\Pages\Item\BatchAddItemDialog.xaml.cs(175,13): error CS0103: The name 'ChkIsBorrowable' does not exist in the current context [C:\Users\russel.mercado\source\repos\Yakult-System-New\Yakult.Inventory.App\Yakult.Inventory.App.csproj]
C:\Users\russel.mercado\source\repos\Yakult-System-New\Yakult.Inventory.App\Pages\Item\BatchAddItemDialog.xaml.cs(179,17): error CS0103: The name 'ChkDatePurchased' does not exist in the current context [C:\Users\russel.mercado\source\repos\Yakult-System-New\Yakult.Inventory.App\Yakult.Inventory.App.csproj]
C:\Users\russel.mercado\source\repos\Yakult-System-New\Yakult.Inventory.App\Pages\Item\BatchAddItemDialog.xaml.cs(180,17): error CS0103: The name 'DpDatePurchased' does not exist in the current context [C:\Users\russel.mercado\source\repos\Yakult-System-New\Yakult.Inventory.App\Yakult.Inventory.App.csproj]
C:\Users\russel.mercado\source\repos\Yakult-System-New\Yakult.Inventory.App\Pages\Item\BatchAddItemDialog.xaml.cs(183,42): error CS0103: The name 'DpStartDate' does not exist in the current context [C:\Users\russel.mercado\source\repos\Yakult-System-New\Yakult.Inventory.App\Yakult.Inventory.App.csproj]
C:\Users\russel.mercado\source\repos\Yakult-System-New\Yakult.Inventory.App\Pages\Item\BatchAddItemDialog.xaml.cs(186,17): error CS0103: The name 'DpEndDate' does not exist in the current context [C:\Users\russel.mercado\source\repos\Yakult-System-New\Yakult.Inventory.App\Yakult.Inventory.App.csproj]
C:\Users\russel.mercado\source\repos\Yakult-System-New\Yakult.Inventory.App\Pages\Item\BatchAddItemDialog.xaml.cs(187,17): error CS0103: The name 'ChkServiceContractDates' does not exist in the current context [C:\Users\russel.mercado\source\repos\Yakult-System-New\Yakult.Inventory.App\Yakult.Inventory.App.csproj]
C:\Users\russel.mercado\source\repos\Yakult-System-New\Yakult.Inventory.App\Pages\Item\SerialNumbersDialog.xaml.cs(33,20): error CS0103: The name 'TxtSerials' does not exist in the current context [C:\Users\russel.mercado\source\repos\Yakult-System-New\Yakult.Inventory.App\Yakult.Inventory.App.csproj]
C:\Users\russel.mercado\source\repos\Yakult-System-New\Yakult.Inventory.App\Pages\Item\SerialNumbersDialog.xaml.cs(44,13): error CS0103: The name 'LblCount' does not exist in the current context [C:\Users\russel.mercado\source\repos\Yakult-System-New\Yakult.Inventory.App\Yakult.Inventory.App.csproj]
C:\Users\russel.mercado\source\repos\Yakult-System-New\Yakult.Inventory.App\Pages\Item\InvoiceBuilderDialog.xaml.cs(223,13): error CS0103: The name 'LblSummaryDocNumber' does not exist in the current context [C:\Users\russel.mercado\source\repos\Yakult-System-New\Yakult.Inventory.App\Yakult.Inventory.App.csproj]
C:\Users\russel.mercado\source\repos\Yakult-System-New\Yakult.Inventory.App\Pages\Item\InvoiceBuilderDialog.xaml.cs(228,13): error CS0103: The name 'LblSummaryCompany' does not exist in the current context [C:\Users\russel.mercado\source\repos\Yakult-System-New\Yakult.Inventory.App\Yakult.Inventory.App.csproj]
C:\Users\russel.mercado\source\repos\Yakult-System-New\Yakult.Inventory.App\Pages\Item\InvoiceBuilderDialog.xaml.cs(230,13): error CS0103: The name 'LblSummaryDate' does not exist in the current context [C:\Users\russel.mercado\source\repos\Yakult-System-New\Yakult.Inventory.App\Yakult.Inventory.App.csproj]
C:\Users\russel.mercado\source\repos\Yakult-System-New\Yakult.Inventory.App\Pages\Item\InvoiceHeaderDialog.xaml.cs(33,13): error CS0103: The name 'InitializeComponent' does not exist in the current context [C:\Users\russel.mercado\source\repos\Yakult-System-New\Yakult.Inventory.App\Yakult.Inventory.App.csproj]
C:\Users\russel.mercado\source\repos\Yakult-System-New\Yakult.Inventory.App\Pages\Item\InvoiceHeaderDialog.xaml.cs(35,50): error CS0103: The name 'CmbCompany' does not exist in the current context [C:\Users\russel.mercado\source\repos\Yakult-System-New\Yakult.Inventory.App\Yakult.Inventory.App.csproj]
C:\Users\russel.mercado\source\repos\Yakult-System-New\Yakult.Inventory.App\Pages\Item\InvoiceHeaderDialog.xaml.cs(35,78): error CS0103: The name 'CmbSiteCompany' does not exist in the current context [C:\Users\russel.mercado\source\repos\Yakult-System-New\Yakult.Inventory.App\Yakult.Inventory.App.csproj]
C:\Users\russel.mercado\source\repos\Yakult-System-New\Yakult.Inventory.App\Pages\Item\InvoiceHeaderDialog.xaml.cs(36,52): error CS0103: The name 'CmbDistributor' does not exist in the current context [C:\Users\russel.mercado\source\repos\Yakult-System-New\Yakult.Inventory.App\Yakult.Inventory.App.csproj]
C:\Users\russel.mercado\source\repos\Yakult-System-New\Yakult.Inventory.App\Pages\Item\InvoiceHeaderDialog.xaml.cs(37,47): error CS0103: The name 'CmbSiteBranch' does not exist in the current context [C:\Users\russel.mercado\source\repos\Yakult-System-New\Yakult.Inventory.App\Yakult.Inventory.App.csproj]
C:\Users\russel.mercado\source\repos\Yakult-System-New\Yakult.Inventory.App\Pages\Item\InvoiceHeaderDialog.xaml.cs(38,51): error CS0103: The name 'CmbSiteDepartment' does not exist in the current context [C:\Users\russel.mercado\source\repos\Yakult-System-New\Yakult.Inventory.App\Yakult.Inventory.App.csproj]
C:\Users\russel.mercado\source\repos\Yakult-System-New\Yakult.Inventory.App\Pages\Item\InvoiceHeaderDialog.xaml.cs(40,13): error CS0103: The name 'TxtDocumentNumber' does not exist in the current context [C:\Users\russel.mercado\source\repos\Yakult-System-New\Yakult.Inventory.App\Yakult.Inventory.App.csproj]
C:\Users\russel.mercado\source\repos\Yakult-System-New\Yakult.Inventory.App\Pages\Item\InvoiceHeaderDialog.xaml.cs(41,13): error CS0103: The name 'TxtReferenceNumber' does not exist in the current context [C:\Users\russel.mercado\source\repos\Yakult-System-New\Yakult.Inventory.App\Yakult.Inventory.App.csproj]
C:\Users\russel.mercado\source\repos\Yakult-System-New\Yakult.Inventory.App\Pages\Item\InvoiceHeaderDialog.xaml.cs(42,13): error CS0103: The name 'DpDocumentDate' does not exist in the current context [C:\Users\russel.mercado\source\repos\Yakult-System-New\Yakult.Inventory.App\Yakult.Inventory.App.csproj]
C:\Users\russel.mercado\source\repos\Yakult-System-New\Yakult.Inventory.App\Pages\Item\InvoiceHeaderDialog.xaml.cs(43,13): error CS0103: The name 'CmbCompany' does not exist in the current context [C:\Users\russel.mercado\source\repos\Yakult-System-New\Yakult.Inventory.App\Yakult.Inventory.App.csproj]
C:\Users\russel.mercado\source\repos\Yakult-System-New\Yakult.Inventory.App\Pages\Item\InvoiceHeaderDialog.xaml.cs(44,13): error CS0103: The name 'CmbDistributor' does not exist in the current context [C:\Users\russel.mercado\source\repos\Yakult-System-New\Yakult.Inventory.App\Yakult.Inventory.App.csproj]
C:\Users\russel.mercado\source\repos\Yakult-System-New\Yakult.Inventory.App\Pages\Item\InvoiceHeaderDialog.xaml.cs(45,13): error CS0103: The name 'CmbSiteCompany' does not exist in the current context [C:\Users\russel.mercado\source\repos\Yakult-System-New\Yakult.Inventory.App\Yakult.Inventory.App.csproj]
C:\Users\russel.mercado\source\repos\Yakult-System-New\Yakult.Inventory.App\Pages\Item\InvoiceHeaderDialog.xaml.cs(46,13): error CS0103: The name 'CmbSiteBranch' does not exist in the current context [C:\Users\russel.mercado\source\repos\Yakult-System-New\Yakult.Inventory.App\Yakult.Inventory.App.csproj]
C:\Users\russel.mercado\source\repos\Yakult-System-New\Yakult.Inventory.App\Pages\Item\InvoiceHeaderDialog.xaml.cs(47,13): error CS0103: The name 'CmbSiteDepartment' does not exist in the current context [C:\Users\russel.mercado\source\repos\Yakult-System-New\Yakult.Inventory.App\Yakult.Inventory.App.csproj]
C:\Users\russel.mercado\source\repos\Yakult-System-New\Yakult.Inventory.App\Pages\Item\InvoiceHeaderDialog.xaml.cs(48,13): error CS0103: The name 'DpStartDate' does not exist in the current context [C:\Users\russel.mercado\source\repos\Yakult-System-New\Yakult.Inventory.App\Yakult.Inventory.App.csproj]
C:\Users\russel.mercado\source\repos\Yakult-System-New\Yakult.Inventory.App\Pages\Item\InvoiceHeaderDialog.xaml.cs(49,13): error CS0103: The name 'DpEndDate' does not exist in the current context [C:\Users\russel.mercado\source\repos\Yakult-System-New\Yakult.Inventory.App\Yakult.Inventory.App.csproj]
C:\Users\russel.mercado\source\repos\Yakult-System-New\Yakult.Inventory.App\Pages\Item\RepairHistoryDialog.xaml.cs(92,54): error CS0103: The name 'TxtSubtitle' does not exist in the current context [C:\Users\russel.mercado\source\repos\Yakult-System-New\Yakult.Inventory.App\Yakult.Inventory.App.csproj]
C:\Users\russel.mercado\source\repos\Yakult-System-New\Yakult.Inventory.App\Pages\Item\SerialNumbersDialog.xaml.cs(59,13): error CS0103: The name 'TxtSerials' does not exist in the current context [C:\Users\russel.mercado\source\repos\Yakult-System-New\Yakult.Inventory.App\Yakult.Inventory.App.csproj]
C:\Users\russel.mercado\source\repos\Yakult-System-New\Yakult.Inventory.App\Pages\Item\SerialNumbersDialog.xaml.cs(60,13): error CS0103: The name 'TxtSerials' does not exist in the current context [C:\Users\russel.mercado\source\repos\Yakult-System-New\Yakult.Inventory.App\Yakult.Inventory.App.csproj]
C:\Users\russel.mercado\source\repos\Yakult-System-New\Yakult.Inventory.App\Pages\Item\InvoiceHeaderDialog.xaml.cs(64,13): error CS0103: The name 'LblReceiptSet' does not exist in the current context [C:\Users\russel.mercado\source\repos\Yakult-System-New\Yakult.Inventory.App\Yakult.Inventory.App.csproj]
C:\Users\russel.mercado\source\repos\Yakult-System-New\Yakult.Inventory.App\Pages\Item\InvoiceHeaderDialog.xaml.cs(67,13): error CS0103: The name 'BtnRemoveReceiptSet' does not exist in the current context [C:\Users\russel.mercado\source\repos\Yakult-System-New\Yakult.Inventory.App\Yakult.Inventory.App.csproj]
C:\Users\russel.mercado\source\repos\Yakult-System-New\Yakult.Inventory.App\Pages\Item\InvoiceHeaderDialog.xaml.cs(68,13): error CS0103: The name 'BtnViewReceiptSet' does not exist in the current context [C:\Users\russel.mercado\source\repos\Yakult-System-New\Yakult.Inventory.App\Yakult.Inventory.App.csproj]
C:\Users\russel.mercado\source\repos\Yakult-System-New\Yakult.Inventory.App\Pages\Item\InvoiceHeaderDialog.xaml.cs(69,13): error CS0103: The name 'BtnLinkReceiptSet' does not exist in the current context [C:\Users\russel.mercado\source\repos\Yakult-System-New\Yakult.Inventory.App\Yakult.Inventory.App.csproj]
C:\Users\russel.mercado\source\repos\Yakult-System-New\Yakult.Inventory.App\Pages\Item\BatchAddItemDialog.xaml.cs(246,13): error CS0103: The name 'BtnMaximizeGlyph' does not exist in the current context [C:\Users\russel.mercado\source\repos\Yakult-System-New\Yakult.Inventory.App\Yakult.Inventory.App.csproj]
C:\Users\russel.mercado\source\repos\Yakult-System-New\Yakult.Inventory.App\Pages\Item\CartridgeCsvImportDialog.xaml.cs(109,24): error CS0103: The name 'TxtCsvPath' does not exist in the current context [C:\Users\russel.mercado\source\repos\Yakult-System-New\Yakult.Inventory.App\Yakult.Inventory.App.csproj]
C:\Users\russel.mercado\source\repos\Yakult-System-New\Yakult.Inventory.App\Pages\Item\CartridgeCsvImportDialog.xaml.cs(116,13): error CS0103: The name 'BtnLoadPreview' does not exist in the current context [C:\Users\russel.mercado\source\repos\Yakult-System-New\Yakult.Inventory.App\Yakult.Inventory.App.csproj]
C:\Users\russel.mercado\source\repos\Yakult-System-New\Yakult.Inventory.App\Pages\Item\CartridgeCsvImportDialog.xaml.cs(117,13): error CS0103: The name 'BtnImport' does not exist in the current context [C:\Users\russel.mercado\source\repos\Yakult-System-New\Yakult.Inventory.App\Yakult.Inventory.App.csproj]
C:\Users\russel.mercado\source\repos\Yakult-System-New\Yakult.Inventory.App\Pages\Item\CartridgeCsvImportDialog.xaml.cs(118,13): error CS0103: The name 'LblStatus' does not exist in the current context [C:\Users\russel.mercado\source\repos\Yakult-System-New\Yakult.Inventory.App\Yakult.Inventory.App.csproj]
C:\Users\russel.mercado\source\repos\Yakult-System-New\Yakult.Inventory.App\Pages\Item\CartridgeCsvImportDialog.xaml.cs(119,13): error CS0103: The name 'LblEmptyState' does not exist in the current context [C:\Users\russel.mercado\source\repos\Yakult-System-New\Yakult.Inventory.App\Yakult.Inventory.App.csproj]
C:\Users\russel.mercado\source\repos\Yakult-System-New\Yakult.Inventory.App\Pages\Item\CartridgeCsvImportDialog.xaml.cs(120,13): error CS0103: The name 'PreviewGrid' does not exist in the current context [C:\Users\russel.mercado\source\repos\Yakult-System-New\Yakult.Inventory.App\Yakult.Inventory.App.csproj]
C:\Users\russel.mercado\source\repos\Yakult-System-New\Yakult.Inventory.App\Pages\Item\CartridgeCsvImportDialog.xaml.cs(152,17): error CS0103: The name 'PreviewGrid' does not exist in the current context [C:\Users\russel.mercado\source\repos\Yakult-System-New\Yakult.Inventory.App\Yakult.Inventory.App.csproj]
C:\Users\russel.mercado\source\repos\Yakult-System-New\Yakult.Inventory.App\Pages\Item\CartridgeCsvImportDialog.xaml.cs(153,17): error CS0103: The name 'PreviewGrid' does not exist in the current context [C:\Users\russel.mercado\source\repos\Yakult-System-New\Yakult.Inventory.App\Yakult.Inventory.App.csproj]
C:\Users\russel.mercado\source\repos\Yakult-System-New\Yakult.Inventory.App\Pages\Item\CartridgeCsvImportDialog.xaml.cs(154,17): error CS0103: The name 'LblEmptyState' does not exist in the current context [C:\Users\russel.mercado\source\repos\Yakult-System-New\Yakult.Inventory.App\Yakult.Inventory.App.csproj]
C:\Users\russel.mercado\source\repos\Yakult-System-New\Yakult.Inventory.App\Pages\Item\CartridgeCsvImportDialog.xaml.cs(159,17): error CS0103: The name 'LblStatus' does not exist in the current context [C:\Users\russel.mercado\source\repos\Yakult-System-New\Yakult.Inventory.App\Yakult.Inventory.App.csproj]
C:\Users\russel.mercado\source\repos\Yakult-System-New\Yakult.Inventory.App\Pages\Item\CartridgeCsvImportDialog.xaml.cs(169,21): error CS0103: The name 'LblDupeNotice' does not exist in the current context [C:\Users\russel.mercado\source\repos\Yakult-System-New\Yakult.Inventory.App\Yakult.Inventory.App.csproj]
C:\Users\russel.mercado\source\repos\Yakult-System-New\Yakult.Inventory.App\Pages\Item\CartridgeCsvImportDialog.xaml.cs(170,21): error CS0103: The name 'BannerDupes' does not exist in the current context [C:\Users\russel.mercado\source\repos\Yakult-System-New\Yakult.Inventory.App\Yakult.Inventory.App.csproj]
C:\Users\russel.mercado\source\repos\Yakult-System-New\Yakult.Inventory.App\Pages\Item\CartridgeCsvImportDialog.xaml.cs(174,21): error CS0103: The name 'BannerDupes' does not exist in the current context [C:\Users\russel.mercado\source\repos\Yakult-System-New\Yakult.Inventory.App\Yakult.Inventory.App.csproj]
C:\Users\russel.mercado\source\repos\Yakult-System-New\Yakult.Inventory.App\Pages\Item\CartridgeCsvImportDialog.xaml.cs(177,17): error CS0103: The name 'BtnImport' does not exist in the current context [C:\Users\russel.mercado\source\repos\Yakult-System-New\Yakult.Inventory.App\Yakult.Inventory.App.csproj]
C:\Users\russel.mercado\source\repos\Yakult-System-New\Yakult.Inventory.App\Pages\Item\CartridgeCsvImportDialog.xaml.cs(181,17): error CS0103: The name 'LblStatus' does not exist in the current context [C:\Users\russel.mercado\source\repos\Yakult-System-New\Yakult.Inventory.App\Yakult.Inventory.App.csproj]
C:\Users\russel.mercado\source\repos\Yakult-System-New\Yakult.Inventory.App\Pages\Item\CartridgeCsvImportDialog.xaml.cs(185,17): error CS0103: The name 'BtnLoadPreview' does not exist in the current context [C:\Users\russel.mercado\source\repos\Yakult-System-New\Yakult.Inventory.App\Yakult.Inventory.App.csproj]
C:\Users\russel.mercado\source\repos\Yakult-System-New\Yakult.Inventory.App\Pages\Item\BatchAddItemDialog.xaml.cs(342,17): error CS0103: The name 'CmbCategory' does not exist in the current context [C:\Users\russel.mercado\source\repos\Yakult-System-New\Yakult.Inventory.App\Yakult.Inventory.App.csproj]
C:\Users\russel.mercado\source\repos\Yakult-System-New\Yakult.Inventory.App\Pages\Item\BatchAddItemDialog.xaml.cs(354,29): error CS0103: The name 'CmbCategory' does not exist in the current context [C:\Users\russel.mercado\source\repos\Yakult-System-New\Yakult.Inventory.App\Yakult.Inventory.App.csproj]
C:\Users\russel.mercado\source\repos\Yakult-System-New\Yakult.Inventory.App\Pages\Item\InvoiceBuilderDialog.xaml.cs(350,17): error CS0103: The name 'TxtMaximizeIcon' does not exist in the current context [C:\Users\russel.mercado\source\repos\Yakult-System-New\Yakult.Inventory.App\Yakult.Inventory.App.csproj]
C:\Users\russel.mercado\source\repos\Yakult-System-New\Yakult.Inventory.App\Pages\Item\InvoiceBuilderDialog.xaml.cs(352,13): error CS0103: The name 'TxtMaximizeIcon' does not exist in the current context [C:\Users\russel.mercado\source\repos\Yakult-System-New\Yakult.Inventory.App\Yakult.Inventory.App.csproj]
C:\Users\russel.mercado\source\repos\Yakult-System-New\Yakult.Inventory.App\Pages\Item\InvoiceBuilderDialog.xaml.cs(353,13): error CS0103: The name 'TxtMaximizeIcon' does not exist in the current context [C:\Users\russel.mercado\source\repos\Yakult-System-New\Yakult.Inventory.App\Yakult.Inventory.App.csproj]
C:\Users\russel.mercado\source\repos\Yakult-System-New\Yakult.Inventory.App\Pages\Item\BatchAddItemDialog.xaml.cs(370,17): error CS0103: The name 'CmbCondition' does not exist in the current context [C:\Users\russel.mercado\source\repos\Yakult-System-New\Yakult.Inventory.App\Yakult.Inventory.App.csproj]
C:\Users\russel.mercado\source\repos\Yakult-System-New\Yakult.Inventory.App\Pages\Item\BatchAddItemDialog.xaml.cs(379,29): error CS0103: The name 'CmbCondition' does not exist in the current context [C:\Users\russel.mercado\source\repos\Yakult-System-New\Yakult.Inventory.App\Yakult.Inventory.App.csproj]
C:\Users\russel.mercado\source\repos\Yakult-System-New\Yakult.Inventory.App\Pages\Item\BatchAddItemDialog.xaml.cs(384,37): error CS0103: The name 'CmbCondition' does not exist in the current context [C:\Users\russel.mercado\source\repos\Yakult-System-New\Yakult.Inventory.App\Yakult.Inventory.App.csproj]
C:\Users\russel.mercado\source\repos\Yakult-System-New\Yakult.Inventory.App\Pages\Item\BatchAddItemDialog.xaml.cs(386,25): error CS0103: The name 'CmbCondition' does not exist in the current context [C:\Users\russel.mercado\source\repos\Yakult-System-New\Yakult.Inventory.App\Yakult.Inventory.App.csproj]
C:\Users\russel.mercado\source\repos\Yakult-System-New\Yakult.Inventory.App\Pages\Item\BatchAddItemDialog.xaml.cs(388,23): error CS0103: The name 'CmbCondition' does not exist in the current context [C:\Users\russel.mercado\source\repos\Yakult-System-New\Yakult.Inventory.App\Yakult.Inventory.App.csproj]
C:\Users\russel.mercado\source\repos\Yakult-System-New\Yakult.Inventory.App\Pages\Item\BatchAddItemDialog.xaml.cs(390,21): error CS0103: The name 'CmbCondition' does not exist in the current context [C:\Users\russel.mercado\source\repos\Yakult-System-New\Yakult.Inventory.App\Yakult.Inventory.App.csproj]
C:\Users\russel.mercado\source\repos\Yakult-System-New\Yakult.Inventory.App\Pages\Item\BatchAddItemDialog.xaml.cs(390,55): error CS0103: The name 'CmbCondition' does not exist in the current context [C:\Users\russel.mercado\source\repos\Yakult-System-New\Yakult.Inventory.App\Yakult.Inventory.App.csproj]
C:\Users\russel.mercado\source\repos\Yakult-System-New\Yakult.Inventory.App\Pages\Item\BatchAddItemDialog.xaml.cs(391,21): error CS0103: The name 'CmbCondition' does not exist in the current context [C:\Users\russel.mercado\source\repos\Yakult-System-New\Yakult.Inventory.App\Yakult.Inventory.App.csproj]
C:\Users\russel.mercado\source\repos\Yakult-System-New\Yakult.Inventory.App\Pages\Item\RepairHistoryDialog.xaml.cs(139,22): error CS0103: The name 'TxtSearch' does not exist in the current context [C:\Users\russel.mercado\source\repos\Yakult-System-New\Yakult.Inventory.App\Yakult.Inventory.App.csproj]
C:\Users\russel.mercado\source\repos\Yakult-System-New\Yakult.Inventory.App\Pages\Item\RepairHistoryDialog.xaml.cs(140,30): error CS0103: The name 'CmbAction' does not exist in the current context [C:\Users\russel.mercado\source\repos\Yakult-System-New\Yakult.Inventory.App\Yakult.Inventory.App.csproj]
C:\Users\russel.mercado\source\repos\Yakult-System-New\Yakult.Inventory.App\Pages\Item\RepairHistoryDialog.xaml.cs(144,44): error CS1503: Argument 1: cannot convert from 'System.ReadOnlySpan<char>' to 'string' [C:\Users\russel.mercado\source\repos\Yakult-System-New\Yakult.Inventory.App\Yakult.Inventory.App.csproj]
C:\Users\russel.mercado\source\repos\Yakult-System-New\Yakult.Inventory.App\Pages\Item\RepairHistoryDialog.xaml.cs(146,53): error CS8175: Cannot use ref local 'q' inside an anonymous method, lambda expression, or query expression [C:\Users\russel.mercado\source\repos\Yakult-System-New\Yakult.Inventory.App\Yakult.Inventory.App.csproj]
C:\Users\russel.mercado\source\repos\Yakult-System-New\Yakult.Inventory.App\Pages\Item\RepairHistoryDialog.xaml.cs(147,55): error CS8175: Cannot use ref local 'q' inside an anonymous method, lambda expression, or query expression [C:\Users\russel.mercado\source\repos\Yakult-System-New\Yakult.Inventory.App\Yakult.Inventory.App.csproj]
C:\Users\russel.mercado\source\repos\Yakult-System-New\Yakult.Inventory.App\Pages\Item\RepairHistoryDialog.xaml.cs(148,49): error CS8175: Cannot use ref local 'q' inside an anonymous method, lambda expression, or query expression [C:\Users\russel.mercado\source\repos\Yakult-System-New\Yakult.Inventory.App\Yakult.Inventory.App.csproj]
C:\Users\russel.mercado\source\repos\Yakult-System-New\Yakult.Inventory.App\Pages\Item\RepairHistoryDialog.xaml.cs(149,50): error CS8175: Cannot use ref local 'q' inside an anonymous method, lambda expression, or query expression [C:\Users\russel.mercado\source\repos\Yakult-System-New\Yakult.Inventory.App\Yakult.Inventory.App.csproj]
C:\Users\russel.mercado\source\repos\Yakult-System-New\Yakult.Inventory.App\Pages\Item\RepairHistoryDialog.xaml.cs(150,56): error CS8175: Cannot use ref local 'q' inside an anonymous method, lambda expression, or query expression [C:\Users\russel.mercado\source\repos\Yakult-System-New\Yakult.Inventory.App\Yakult.Inventory.App.csproj]
C:\Users\russel.mercado\source\repos\Yakult-System-New\Yakult.Inventory.App\Pages\Item\RepairHistoryDialog.xaml.cs(151,58): error CS8175: Cannot use ref local 'q' inside an anonymous method, lambda expression, or query expression [C:\Users\russel.mercado\source\repos\Yakult-System-New\Yakult.Inventory.App\Yakult.Inventory.App.csproj]
C:\Users\russel.mercado\source\repos\Yakult-System-New\Yakult.Inventory.App\Pages\Item\RepairHistoryDialog.xaml.cs(152,57): error CS8175: Cannot use ref local 'q' inside an anonymous method, lambda expression, or query expression [C:\Users\russel.mercado\source\repos\Yakult-System-New\Yakult.Inventory.App\Yakult.Inventory.App.csproj]
C:\Users\russel.mercado\source\repos\Yakult-System-New\Yakult.Inventory.App\Pages\Item\RepairHistoryDialog.xaml.cs(153,52): error CS8175: Cannot use ref local 'q' inside an anonymous method, lambda expression, or query expression [C:\Users\russel.mercado\source\repos\Yakult-System-New\Yakult.Inventory.App\Yakult.Inventory.App.csproj]
C:\Users\russel.mercado\source\repos\Yakult-System-New\Yakult.Inventory.App\Pages\Item\RepairHistoryDialog.xaml.cs(159,13): error CS0103: The name 'TxtEmpty' does not exist in the current context [C:\Users\russel.mercado\source\repos\Yakult-System-New\Yakult.Inventory.App\Yakult.Inventory.App.csproj]
C:\Users\russel.mercado\source\repos\Yakult-System-New\Yakult.Inventory.App\Pages\Item\RepairHistoryDialog.xaml.cs(160,33): error CS0103: The name 'HistoryGrid' does not exist in the current context [C:\Users\russel.mercado\source\repos\Yakult-System-New\Yakult.Inventory.App\Yakult.Inventory.App.csproj]
C:\Users\russel.mercado\source\repos\Yakult-System-New\Yakult.Inventory.App\Pages\Item\InvoiceHeaderDialog.xaml.cs(148,17): error CS0103: The name 'LblCompanyDistributorHint' does not exist in the current context [C:\Users\russel.mercado\source\repos\Yakult-System-New\Yakult.Inventory.App\Yakult.Inventory.App.csproj]
C:\Users\russel.mercado\source\repos\Yakult-System-New\Yakult.Inventory.App\Pages\Item\InvoiceHeaderDialog.xaml.cs(150,55): error CS0103: The name 'CmbCompany' does not exist in the current context [C:\Users\russel.mercado\source\repos\Yakult-System-New\Yakult.Inventory.App\Yakult.Inventory.App.csproj]
C:\Users\russel.mercado\source\repos\Yakult-System-New\Yakult.Inventory.App\Pages\Item\InvoiceHeaderDialog.xaml.cs(150,102): error CS0103: The name 'CmbDistributor' does not exist in the current context [C:\Users\russel.mercado\source\repos\Yakult-System-New\Yakult.Inventory.App\Yakult.Inventory.App.csproj]
C:\Users\russel.mercado\source\repos\Yakult-System-New\Yakult.Inventory.App\Pages\Item\InvoiceHeaderDialog.xaml.cs(151,13): error CS0103: The name 'LblCompanyDistributorHint' does not exist in the current context [C:\Users\russel.mercado\source\repos\Yakult-System-New\Yakult.Inventory.App\Yakult.Inventory.App.csproj]
C:\Users\russel.mercado\source\repos\Yakult-System-New\Yakult.Inventory.App\Pages\Item\InvoiceHeaderDialog.xaml.cs(154,13): error CS0103: The name 'LblCompanyDistributorHint' does not exist in the current context [C:\Users\russel.mercado\source\repos\Yakult-System-New\Yakult.Inventory.App\Yakult.Inventory.App.csproj]
C:\Users\russel.mercado\source\repos\Yakult-System-New\Yakult.Inventory.App\Pages\Item\BatchAddItemDialog.xaml.cs(404,17): error CS0103: The name 'CmbVendor' does not exist in the current context [C:\Users\russel.mercado\source\repos\Yakult-System-New\Yakult.Inventory.App\Yakult.Inventory.App.csproj]
C:\Users\russel.mercado\source\repos\Yakult-System-New\Yakult.Inventory.App\Pages\Item\BatchAddItemDialog.xaml.cs(405,17): error CS0103: The name 'CmbVendor' does not exist in the current context [C:\Users\russel.mercado\source\repos\Yakult-System-New\Yakult.Inventory.App\Yakult.Inventory.App.csproj]
C:\Users\russel.mercado\source\repos\Yakult-System-New\Yakult.Inventory.App\Pages\Item\BatchAddItemDialog.xaml.cs(420,29): error CS0103: The name 'CmbVendor' does not exist in the current context [C:\Users\russel.mercado\source\repos\Yakult-System-New\Yakult.Inventory.App\Yakult.Inventory.App.csproj]
C:\Users\russel.mercado\source\repos\Yakult-System-New\Yakult.Inventory.App\Pages\Item\BatchAddItemDialog.xaml.cs(424,21): error CS0103: The name 'CmbVendor' does not exist in the current context [C:\Users\russel.mercado\source\repos\Yakult-System-New\Yakult.Inventory.App\Yakult.Inventory.App.csproj]
C:\Users\russel.mercado\source\repos\Yakult-System-New\Yakult.Inventory.App\Pages\Item\BatchAddItemDialog.xaml.cs(424,48): error CS0103: The name 'CmbVendor' does not exist in the current context [C:\Users\russel.mercado\source\repos\Yakult-System-New\Yakult.Inventory.App\Yakult.Inventory.App.csproj]
C:\Users\russel.mercado\source\repos\Yakult-System-New\Yakult.Inventory.App\Pages\Item\InvoiceHeaderDialog.xaml.cs(161,34): error CS0103: The name 'TxtDocumentNumber' does not exist in the current context [C:\Users\russel.mercado\source\repos\Yakult-System-New\Yakult.Inventory.App\Yakult.Inventory.App.csproj]
C:\Users\russel.mercado\source\repos\Yakult-System-New\Yakult.Inventory.App\Pages\Item\InvoiceHeaderDialog.xaml.cs(162,35): error CS0103: The name 'TxtReferenceNumber' does not exist in the current context [C:\Users\russel.mercado\source\repos\Yakult-System-New\Yakult.Inventory.App\Yakult.Inventory.App.csproj]
C:\Users\russel.mercado\source\repos\Yakult-System-New\Yakult.Inventory.App\Pages\Item\InvoiceHeaderDialog.xaml.cs(163,32): error CS0103: The name 'DpDocumentDate' does not exist in the current context [C:\Users\russel.mercado\source\repos\Yakult-System-New\Yakult.Inventory.App\Yakult.Inventory.App.csproj]
C:\Users\russel.mercado\source\repos\Yakult-System-New\Yakult.Inventory.App\Pages\Item\InvoiceHeaderDialog.xaml.cs(164,27): error CS0103: The name 'CmbCompany' does not exist in the current context [C:\Users\russel.mercado\source\repos\Yakult-System-New\Yakult.Inventory.App\Yakult.Inventory.App.csproj]
C:\Users\russel.mercado\source\repos\Yakult-System-New\Yakult.Inventory.App\Pages\Item\InvoiceHeaderDialog.xaml.cs(165,31): error CS0103: The name 'CmbDistributor' does not exist in the current context [C:\Users\russel.mercado\source\repos\Yakult-System-New\Yakult.Inventory.App\Yakult.Inventory.App.csproj]
C:\Users\russel.mercado\source\repos\Yakult-System-New\Yakult.Inventory.App\Pages\Item\InvoiceHeaderDialog.xaml.cs(166,31): error CS0103: The name 'CmbSiteCompany' does not exist in the current context [C:\Users\russel.mercado\source\repos\Yakult-System-New\Yakult.Inventory.App\Yakult.Inventory.App.csproj]
C:\Users\russel.mercado\source\repos\Yakult-System-New\Yakult.Inventory.App\Pages\Item\InvoiceHeaderDialog.xaml.cs(167,30): error CS0103: The name 'CmbSiteBranch' does not exist in the current context [C:\Users\russel.mercado\source\repos\Yakult-System-New\Yakult.Inventory.App\Yakult.Inventory.App.csproj]
C:\Users\russel.mercado\source\repos\Yakult-System-New\Yakult.Inventory.App\Pages\Item\InvoiceHeaderDialog.xaml.cs(168,34): error CS0103: The name 'CmbSiteDepartment' does not exist in the current context [C:\Users\russel.mercado\source\repos\Yakult-System-New\Yakult.Inventory.App\Yakult.Inventory.App.csproj]
C:\Users\russel.mercado\source\repos\Yakult-System-New\Yakult.Inventory.App\Pages\Item\InvoiceHeaderDialog.xaml.cs(169,29): error CS0103: The name 'DpStartDate' does not exist in the current context [C:\Users\russel.mercado\source\repos\Yakult-System-New\Yakult.Inventory.App\Yakult.Inventory.App.csproj]
C:\Users\russel.mercado\source\repos\Yakult-System-New\Yakult.Inventory.App\Pages\Item\InvoiceHeaderDialog.xaml.cs(170,27): error CS0103: The name 'DpEndDate' does not exist in the current context [C:\Users\russel.mercado\source\repos\Yakult-System-New\Yakult.Inventory.App\Yakult.Inventory.App.csproj]
C:\Users\russel.mercado\source\repos\Yakult-System-New\Yakult.Inventory.App\Pages\Item\RepairHistoryDialog.xaml.cs(167,13): error CS0103: The name 'LblTotal' does not exist in the current context [C:\Users\russel.mercado\source\repos\Yakult-System-New\Yakult.Inventory.App\Yakult.Inventory.App.csproj]
C:\Users\russel.mercado\source\repos\Yakult-System-New\Yakult.Inventory.App\Pages\Item\RepairHistoryDialog.xaml.cs(168,13): error CS0103: The name 'LblRepaired' does not exist in the current context [C:\Users\russel.mercado\source\repos\Yakult-System-New\Yakult.Inventory.App\Yakult.Inventory.App.csproj]
C:\Users\russel.mercado\source\repos\Yakult-System-New\Yakult.Inventory.App\Pages\Item\RepairHistoryDialog.xaml.cs(169,13): error CS0103: The name 'LblUnrepaired' does not exist in the current context [C:\Users\russel.mercado\source\repos\Yakult-System-New\Yakult.Inventory.App\Yakult.Inventory.App.csproj]
C:\Users\russel.mercado\source\repos\Yakult-System-New\Yakult.Inventory.App\Pages\Item\RepairHistoryDialog.xaml.cs(170,13): error CS0103: The name 'LblSpare' does not exist in the current context [C:\Users\russel.mercado\source\repos\Yakult-System-New\Yakult.Inventory.App\Yakult.Inventory.App.csproj]
C:\Users\russel.mercado\source\repos\Yakult-System-New\Yakult.Inventory.App\Pages\Item\RepairHistoryDialog.xaml.cs(172,13): error CS0103: The name 'LblLast' does not exist in the current context [C:\Users\russel.mercado\source\repos\Yakult-System-New\Yakult.Inventory.App\Yakult.Inventory.App.csproj]
C:\Users\russel.mercado\source\repos\Yakult-System-New\Yakult.Inventory.App\Pages\Item\BatchAddItemDialog.xaml.cs(437,17): error CS0103: The name 'CmbCartridgeModel' does not exist in the current context [C:\Users\russel.mercado\source\repos\Yakult-System-New\Yakult.Inventory.App\Yakult.Inventory.App.csproj]
C:\Users\russel.mercado\source\repos\Yakult-System-New\Yakult.Inventory.App\Pages\Item\BatchAddItemDialog.xaml.cs(438,17): error CS0103: The name 'CmbCartridgeModel' does not exist in the current context [C:\Users\russel.mercado\source\repos\Yakult-System-New\Yakult.Inventory.App\Yakult.Inventory.App.csproj]
C:\Users\russel.mercado\source\repos\Yakult-System-New\Yakult.Inventory.App\Pages\Item\BatchAddItemDialog.xaml.cs(439,17): error CS0103: The name 'CmbCartridgeModel' does not exist in the current context [C:\Users\russel.mercado\source\repos\Yakult-System-New\Yakult.Inventory.App\Yakult.Inventory.App.csproj]
C:\Users\russel.mercado\source\repos\Yakult-System-New\Yakult.Inventory.App\Pages\Item\BatchAddItemDialog.xaml.cs(450,21): error CS0103: The name 'CmbCartridgeModel' does not exist in the current context [C:\Users\russel.mercado\source\repos\Yakult-System-New\Yakult.Inventory.App\Yakult.Inventory.App.csproj]
C:\Users\russel.mercado\source\repos\Yakult-System-New\Yakult.Inventory.App\Pages\Item\BatchAddItemDialog.xaml.cs(460,41): error CS0103: The name 'CmbCartridgeModel' does not exist in the current context [C:\Users\russel.mercado\source\repos\Yakult-System-New\Yakult.Inventory.App\Yakult.Inventory.App.csproj]
C:\Users\russel.mercado\source\repos\Yakult-System-New\Yakult.Inventory.App\Pages\Item\BatchAddItemDialog.xaml.cs(462,29): error CS0103: The name 'CmbCartridgeModel' does not exist in the current context [C:\Users\russel.mercado\source\repos\Yakult-System-New\Yakult.Inventory.App\Yakult.Inventory.App.csproj]
C:\Users\russel.mercado\source\repos\Yakult-System-New\Yakult.Inventory.App\Pages\Item\BatchAddItemDialog.xaml.cs(464,27): error CS0103: The name 'CmbCartridgeModel' does not exist in the current context [C:\Users\russel.mercado\source\repos\Yakult-System-New\Yakult.Inventory.App\Yakult.Inventory.App.csproj]
C:\Users\russel.mercado\source\repos\Yakult-System-New\Yakult.Inventory.App\Pages\Item\BatchAddItemDialog.xaml.cs(468,21): error CS0103: The name 'CmbCartridgeModel' does not exist in the current context [C:\Users\russel.mercado\source\repos\Yakult-System-New\Yakult.Inventory.App\Yakult.Inventory.App.csproj]
C:\Users\russel.mercado\source\repos\Yakult-System-New\Yakult.Inventory.App\Pages\Item\BatchAddItemDialog.xaml.cs(468,60): error CS0103: The name 'CmbCartridgeModel' does not exist in the current context [C:\Users\russel.mercado\source\repos\Yakult-System-New\Yakult.Inventory.App\Yakult.Inventory.App.csproj]
C:\Users\russel.mercado\source\repos\Yakult-System-New\Yakult.Inventory.App\Pages\Item\BatchAddItemDialog.xaml.cs(469,21): error CS0103: The name 'CmbCartridgeModel' does not exist in the current context [C:\Users\russel.mercado\source\repos\Yakult-System-New\Yakult.Inventory.App\Yakult.Inventory.App.csproj]
C:\Users\russel.mercado\source\repos\Yakult-System-New\Yakult.Inventory.App\Pages\Item\BatchAddItemDialog.xaml.cs(474,17): error CS0103: The name 'CmbCartridgeModel' does not exist in the current context [C:\Users\russel.mercado\source\repos\Yakult-System-New\Yakult.Inventory.App\Yakult.Inventory.App.csproj]
C:\Users\russel.mercado\source\repos\Yakult-System-New\Yakult.Inventory.App\Pages\Item\BatchAddItemDialog.xaml.cs(478,17): error CS0103: The name 'CmbCartridgeModel' does not exist in the current context [C:\Users\russel.mercado\source\repos\Yakult-System-New\Yakult.Inventory.App\Yakult.Inventory.App.csproj]
C:\Users\russel.mercado\source\repos\Yakult-System-New\Yakult.Inventory.App\Pages\Item\InvoiceBuilderDialog.xaml.cs(431,17): error CS0103: The name 'LblStatus' does not exist in the current context [C:\Users\russel.mercado\source\repos\Yakult-System-New\Yakult.Inventory.App\Yakult.Inventory.App.csproj]
C:\Users\russel.mercado\source\repos\Yakult-System-New\Yakult.Inventory.App\Pages\Item\RepairHistoryDialog.xaml.cs(179,17): error CS0103: The name 'TxtCreated' does not exist in the current context [C:\Users\russel.mercado\source\repos\Yakult-System-New\Yakult.Inventory.App\Yakult.Inventory.App.csproj]
C:\Users\russel.mercado\source\repos\Yakult-System-New\Yakult.Inventory.App\Pages\Item\RepairHistoryDialog.xaml.cs(179,39): error CS0103: The name 'TxtAction' does not exist in the current context [C:\Users\russel.mercado\source\repos\Yakult-System-New\Yakult.Inventory.App\Yakult.Inventory.App.csproj]
C:\Users\russel.mercado\source\repos\Yakult-System-New\Yakult.Inventory.App\Pages\Item\RepairHistoryDialog.xaml.cs(179,60): error CS0103: The name 'TxtCondition' does not exist in the current context [C:\Users\russel.mercado\source\repos\Yakult-System-New\Yakult.Inventory.App\Yakult.Inventory.App.csproj]
C:\Users\russel.mercado\source\repos\Yakult-System-New\Yakult.Inventory.App\Pages\Item\RepairHistoryDialog.xaml.cs(179,84): error CS0103: The name 'TxtProcessedBy' does not exist in the current context [C:\Users\russel.mercado\source\repos\Yakult-System-New\Yakult.Inventory.App\Yakult.Inventory.App.csproj]
C:\Users\russel.mercado\source\repos\Yakult-System-New\Yakult.Inventory.App\Pages\Item\RepairHistoryDialog.xaml.cs(179,110): error CS0103: The name 'TxtRef' does not exist in the current context [C:\Users\russel.mercado\source\repos\Yakult-System-New\Yakult.Inventory.App\Yakult.Inventory.App.csproj]
C:\Users\russel.mercado\source\repos\Yakult-System-New\Yakult.Inventory.App\Pages\Item\RepairHistoryDialog.xaml.cs(179,128): error CS0103: The name 'TxtFrom' does not exist in the current context [C:\Users\russel.mercado\source\repos\Yakult-System-New\Yakult.Inventory.App\Yakult.Inventory.App.csproj]
C:\Users\russel.mercado\source\repos\Yakult-System-New\Yakult.Inventory.App\Pages\Item\RepairHistoryDialog.xaml.cs(179,147): error CS0103: The name 'TxtTo' does not exist in the current context [C:\Users\russel.mercado\source\repos\Yakult-System-New\Yakult.Inventory.App\Yakult.Inventory.App.csproj]
C:\Users\russel.mercado\source\repos\Yakult-System-New\Yakult.Inventory.App\Pages\Item\RepairHistoryDialog.xaml.cs(179,164): error CS0103: The name 'TxtIds' does not exist in the current context [C:\Users\russel.mercado\source\repos\Yakult-System-New\Yakult.Inventory.App\Yakult.Inventory.App.csproj]
C:\Users\russel.mercado\source\repos\Yakult-System-New\Yakult.Inventory.App\Pages\Item\RepairHistoryDialog.xaml.cs(179,182): error CS0103: The name 'TxtRemark' does not exist in the current context [C:\Users\russel.mercado\source\repos\Yakult-System-New\Yakult.Inventory.App\Yakult.Inventory.App.csproj]
C:\Users\russel.mercado\source\repos\Yakult-System-New\Yakult.Inventory.App\Pages\Item\RepairHistoryDialog.xaml.cs(182,13): error CS0103: The name 'TxtCreated' does not exist in the current context [C:\Users\russel.mercado\source\repos\Yakult-System-New\Yakult.Inventory.App\Yakult.Inventory.App.csproj]
C:\Users\russel.mercado\source\repos\Yakult-System-New\Yakult.Inventory.App\Pages\Item\RepairHistoryDialog.xaml.cs(183,13): error CS0103: The name 'TxtAction' does not exist in the current context [C:\Users\russel.mercado\source\repos\Yakult-System-New\Yakult.Inventory.App\Yakult.Inventory.App.csproj]
C:\Users\russel.mercado\source\repos\Yakult-System-New\Yakult.Inventory.App\Pages\Item\RepairHistoryDialog.xaml.cs(184,13): error CS0103: The name 'TxtCondition' does not exist in the current context [C:\Users\russel.mercado\source\repos\Yakult-System-New\Yakult.Inventory.App\Yakult.Inventory.App.csproj]
C:\Users\russel.mercado\source\repos\Yakult-System-New\Yakult.Inventory.App\Pages\Item\RepairHistoryDialog.xaml.cs(185,13): error CS0103: The name 'TxtProcessedBy' does not exist in the current context [C:\Users\russel.mercado\source\repos\Yakult-System-New\Yakult.Inventory.App\Yakult.Inventory.App.csproj]
C:\Users\russel.mercado\source\repos\Yakult-System-New\Yakult.Inventory.App\Pages\Item\RepairHistoryDialog.xaml.cs(186,13): error CS0103: The name 'TxtRef' does not exist in the current context [C:\Users\russel.mercado\source\repos\Yakult-System-New\Yakult.Inventory.App\Yakult.Inventory.App.csproj]
C:\Users\russel.mercado\source\repos\Yakult-System-New\Yakult.Inventory.App\Pages\Item\RepairHistoryDialog.xaml.cs(187,13): error CS0103: The name 'TxtFrom' does not exist in the current context [C:\Users\russel.mercado\source\repos\Yakult-System-New\Yakult.Inventory.App\Yakult.Inventory.App.csproj]
C:\Users\russel.mercado\source\repos\Yakult-System-New\Yakult.Inventory.App\Pages\Item\RepairHistoryDialog.xaml.cs(188,13): error CS0103: The name 'TxtTo' does not exist in the current context [C:\Users\russel.mercado\source\repos\Yakult-System-New\Yakult.Inventory.App\Yakult.Inventory.App.csproj]
C:\Users\russel.mercado\source\repos\Yakult-System-New\Yakult.Inventory.App\Pages\Item\RepairHistoryDialog.xaml.cs(189,13): error CS0103: The name 'TxtIds' does not exist in the current context [C:\Users\russel.mercado\source\repos\Yakult-System-New\Yakult.Inventory.App\Yakult.Inventory.App.csproj]
C:\Users\russel.mercado\source\repos\Yakult-System-New\Yakult.Inventory.App\Pages\Item\RepairHistoryDialog.xaml.cs(190,13): error CS0103: The name 'TxtRemark' does not exist in the current context [C:\Users\russel.mercado\source\repos\Yakult-System-New\Yakult.Inventory.App\Yakult.Inventory.App.csproj]
C:\Users\russel.mercado\source\repos\Yakult-System-New\Yakult.Inventory.App\Pages\Item\RepairHistoryDialog.xaml.cs(197,71): error CS0103: The name 'TxtSearch' does not exist in the current context [C:\Users\russel.mercado\source\repos\Yakult-System-New\Yakult.Inventory.App\Yakult.Inventory.App.csproj]
C:\Users\russel.mercado\source\repos\Yakult-System-New\Yakult.Inventory.App\Pages\Item\RepairHistoryDialog.xaml.cs(197,92): error CS0103: The name 'CmbAction' does not exist in the current context [C:\Users\russel.mercado\source\repos\Yakult-System-New\Yakult.Inventory.App\Yakult.Inventory.App.csproj]
C:\Users\russel.mercado\source\repos\Yakult-System-New\Yakult.Inventory.App\Pages\Item\BatchAddItemDialog.xaml.cs(500,17): error CS0103: The name 'CmbConsumableModel' does not exist in the current context [C:\Users\russel.mercado\source\repos\Yakult-System-New\Yakult.Inventory.App\Yakult.Inventory.App.csproj]
C:\Users\russel.mercado\source\repos\Yakult-System-New\Yakult.Inventory.App\Pages\Item\BatchAddItemDialog.xaml.cs(501,17): error CS0103: The name 'CmbConsumableModel' does not exist in the current context [C:\Users\russel.mercado\source\repos\Yakult-System-New\Yakult.Inventory.App\Yakult.Inventory.App.csproj]
C:\Users\russel.mercado\source\repos\Yakult-System-New\Yakult.Inventory.App\Pages\Item\BatchAddItemDialog.xaml.cs(502,17): error CS0103: The name 'CmbConsumableModel' does not exist in the current context [C:\Users\russel.mercado\source\repos\Yakult-System-New\Yakult.Inventory.App\Yakult.Inventory.App.csproj]
C:\Users\russel.mercado\source\repos\Yakult-System-New\Yakult.Inventory.App\Pages\Item\BatchAddItemDialog.xaml.cs(508,64): error CS0103: The name 'CmbCategory' does not exist in the current context [C:\Users\russel.mercado\source\repos\Yakult-System-New\Yakult.Inventory.App\Yakult.Inventory.App.csproj]
C:\Users\russel.mercado\source\repos\Yakult-System-New\Yakult.Inventory.App\Pages\Item\BatchAddItemDialog.xaml.cs(513,21): error CS0103: The name 'CmbConsumableModel' does not exist in the current context [C:\Users\russel.mercado\source\repos\Yakult-System-New\Yakult.Inventory.App\Yakult.Inventory.App.csproj]
C:\Users\russel.mercado\source\repos\Yakult-System-New\Yakult.Inventory.App\Pages\Item\BatchAddItemDialog.xaml.cs(521,41): error CS0103: The name 'CmbConsumableModel' does not exist in the current context [C:\Users\russel.mercado\source\repos\Yakult-System-New\Yakult.Inventory.App\Yakult.Inventory.App.csproj]
C:\Users\russel.mercado\source\repos\Yakult-System-New\Yakult.Inventory.App\Pages\Item\BatchAddItemDialog.xaml.cs(523,29): error CS0103: The name 'CmbConsumableModel' does not exist in the current context [C:\Users\russel.mercado\source\repos\Yakult-System-New\Yakult.Inventory.App\Yakult.Inventory.App.csproj]
C:\Users\russel.mercado\source\repos\Yakult-System-New\Yakult.Inventory.App\Pages\Item\BatchAddItemDialog.xaml.cs(525,27): error CS0103: The name 'CmbConsumableModel' does not exist in the current context [C:\Users\russel.mercado\source\repos\Yakult-System-New\Yakult.Inventory.App\Yakult.Inventory.App.csproj]
C:\Users\russel.mercado\source\repos\Yakult-System-New\Yakult.Inventory.App\Pages\Item\BatchAddItemDialog.xaml.cs(529,21): error CS0103: The name 'CmbConsumableModel' does not exist in the current context [C:\Users\russel.mercado\source\repos\Yakult-System-New\Yakult.Inventory.App\Yakult.Inventory.App.csproj]
C:\Users\russel.mercado\source\repos\Yakult-System-New\Yakult.Inventory.App\Pages\Item\BatchAddItemDialog.xaml.cs(529,61): error CS0103: The name 'CmbConsumableModel' does not exist in the current context [C:\Users\russel.mercado\source\repos\Yakult-System-New\Yakult.Inventory.App\Yakult.Inventory.App.csproj]
C:\Users\russel.mercado\source\repos\Yakult-System-New\Yakult.Inventory.App\Pages\Item\BatchAddItemDialog.xaml.cs(530,21): error CS0103: The name 'CmbConsumableModel' does not exist in the current context [C:\Users\russel.mercado\source\repos\Yakult-System-New\Yakult.Inventory.App\Yakult.Inventory.App.csproj]
C:\Users\russel.mercado\source\repos\Yakult-System-New\Yakult.Inventory.App\Pages\Item\BatchAddItemDialog.xaml.cs(532,17): error CS0103: The name 'CmbConsumableModel' does not exist in the current context [C:\Users\russel.mercado\source\repos\Yakult-System-New\Yakult.Inventory.App\Yakult.Inventory.App.csproj]
C:\Users\russel.mercado\source\repos\Yakult-System-New\Yakult.Inventory.App\Pages\Item\BatchAddItemDialog.xaml.cs(536,17): error CS0103: The name 'CmbConsumableModel' does not exist in the current context [C:\Users\russel.mercado\source\repos\Yakult-System-New\Yakult.Inventory.App\Yakult.Inventory.App.csproj]
C:\Users\russel.mercado\source\repos\Yakult-System-New\Yakult.Inventory.App\Pages\Item\RepairHistoryDialog.xaml.cs(200,23): error CS0103: The name 'HistoryGrid' does not exist in the current context [C:\Users\russel.mercado\source\repos\Yakult-System-New\Yakult.Inventory.App\Yakult.Inventory.App.csproj]
C:\Users\russel.mercado\source\repos\Yakult-System-New\Yakult.Inventory.App\Pages\Item\RepairHistoryDialog.xaml.cs(205,23): error CS0103: The name 'HistoryGrid' does not exist in the current context [C:\Users\russel.mercado\source\repos\Yakult-System-New\Yakult.Inventory.App\Yakult.Inventory.App.csproj]
C:\Users\russel.mercado\source\repos\Yakult-System-New\Yakult.Inventory.App\Pages\Item\BatchAddItemDialog.xaml.cs(544,33): error CS0103: The name 'CmbVendor' does not exist in the current context [C:\Users\russel.mercado\source\repos\Yakult-System-New\Yakult.Inventory.App\Yakult.Inventory.App.csproj]
C:\Users\russel.mercado\source\repos\Yakult-System-New\Yakult.Inventory.App\Pages\Item\BatchAddItemDialog.xaml.cs(546,21): error CS0103: The name 'CmbVendor' does not exist in the current context [C:\Users\russel.mercado\source\repos\Yakult-System-New\Yakult.Inventory.App\Yakult.Inventory.App.csproj]
C:\Users\russel.mercado\source\repos\Yakult-System-New\Yakult.Inventory.App\Pages\Item\BatchAddItemDialog.xaml.cs(547,19): error CS0103: The name 'CmbVendor' does not exist in the current context [C:\Users\russel.mercado\source\repos\Yakult-System-New\Yakult.Inventory.App\Yakult.Inventory.App.csproj]
C:\Users\russel.mercado\source\repos\Yakult-System-New\Yakult.Inventory.App\Pages\Item\RepairHistoryDialog.xaml.cs(211,107): error CS0103: The name 'TxtRemark' does not exist in the current context [C:\Users\russel.mercado\source\repos\Yakult-System-New\Yakult.Inventory.App\Yakult.Inventory.App.csproj]
C:\Users\russel.mercado\source\repos\Yakult-System-New\Yakult.Inventory.App\Pages\Item\RepairHistoryDialog.xaml.cs(211,163): error CS0103: The name 'TxtRemark' does not exist in the current context [C:\Users\russel.mercado\source\repos\Yakult-System-New\Yakult.Inventory.App\Yakult.Inventory.App.csproj]
C:\Users\russel.mercado\source\repos\Yakult-System-New\Yakult.Inventory.App\Pages\Item\RepairHistoryDialog.xaml.cs(214,63): error CS0103: The name 'TxtCreated' does not exist in the current context [C:\Users\russel.mercado\source\repos\Yakult-System-New\Yakult.Inventory.App\Yakult.Inventory.App.csproj]
C:\Users\russel.mercado\source\repos\Yakult-System-New\Yakult.Inventory.App\Pages\Item\RepairHistoryDialog.xaml.cs(214,92): error CS0103: The name 'TxtAction' does not exist in the current context [C:\Users\russel.mercado\source\repos\Yakult-System-New\Yakult.Inventory.App\Yakult.Inventory.App.csproj]
C:\Users\russel.mercado\source\repos\Yakult-System-New\Yakult.Inventory.App\Pages\Item\RepairHistoryDialog.xaml.cs(214,123): error CS0103: The name 'TxtCondition' does not exist in the current context [C:\Users\russel.mercado\source\repos\Yakult-System-New\Yakult.Inventory.App\Yakult.Inventory.App.csproj]
C:\Users\russel.mercado\source\repos\Yakult-System-New\Yakult.Inventory.App\Pages\Item\RepairHistoryDialog.xaml.cs(214,160): error CS0103: The name 'TxtProcessedBy' does not exist in the current context [C:\Users\russel.mercado\source\repos\Yakult-System-New\Yakult.Inventory.App\Yakult.Inventory.App.csproj]
C:\Users\russel.mercado\source\repos\Yakult-System-New\Yakult.Inventory.App\Pages\Item\RepairHistoryDialog.xaml.cs(214,190): error CS0103: The name 'TxtRef' does not exist in the current context [C:\Users\russel.mercado\source\repos\Yakult-System-New\Yakult.Inventory.App\Yakult.Inventory.App.csproj]
C:\Users\russel.mercado\source\repos\Yakult-System-New\Yakult.Inventory.App\Pages\Item\RepairHistoryDialog.xaml.cs(214,213): error CS0103: The name 'TxtFrom' does not exist in the current context [C:\Users\russel.mercado\source\repos\Yakult-System-New\Yakult.Inventory.App\Yakult.Inventory.App.csproj]
C:\Users\russel.mercado\source\repos\Yakult-System-New\Yakult.Inventory.App\Pages\Item\RepairHistoryDialog.xaml.cs(214,235): error CS0103: The name 'TxtTo' does not exist in the current context [C:\Users\russel.mercado\source\repos\Yakult-System-New\Yakult.Inventory.App\Yakult.Inventory.App.csproj]
C:\Users\russel.mercado\source\repos\Yakult-System-New\Yakult.Inventory.App\Pages\Item\RepairHistoryDialog.xaml.cs(214,256): error CS0103: The name 'TxtIds' does not exist in the current context [C:\Users\russel.mercado\source\repos\Yakult-System-New\Yakult.Inventory.App\Yakult.Inventory.App.csproj]
C:\Users\russel.mercado\source\repos\Yakult-System-New\Yakult.Inventory.App\Pages\Item\RepairHistoryDialog.xaml.cs(214,288): error CS0103: The name 'TxtRemark' does not exist in the current context [C:\Users\russel.mercado\source\repos\Yakult-System-New\Yakult.Inventory.App\Yakult.Inventory.App.csproj]
C:\Users\russel.mercado\source\repos\Yakult-System-New\Yakult.Inventory.App\Pages\Item\InvoiceCsvImportDialog.xaml.cs(100,13): error CS0103: The name 'InitializeComponent' does not exist in the current context [C:\Users\russel.mercado\source\repos\Yakult-System-New\Yakult.Inventory.App\Yakult.Inventory.App.csproj]
C:\Users\russel.mercado\source\repos\Yakult-System-New\Yakult.Inventory.App\Pages\Item\CartridgeCsvImportDialog.xaml.cs(426,13): error CS0103: The name 'BtnImport' does not exist in the current context [C:\Users\russel.mercado\source\repos\Yakult-System-New\Yakult.Inventory.App\Yakult.Inventory.App.csproj]
C:\Users\russel.mercado\source\repos\Yakult-System-New\Yakult.Inventory.App\Pages\Item\CartridgeCsvImportDialog.xaml.cs(427,13): error CS0103: The name 'BtnLoadPreview' does not exist in the current context [C:\Users\russel.mercado\source\repos\Yakult-System-New\Yakult.Inventory.App\Yakult.Inventory.App.csproj]
C:\Users\russel.mercado\source\repos\Yakult-System-New\Yakult.Inventory.App\Pages\Item\CartridgeCsvImportDialog.xaml.cs(428,13): error CS0103: The name 'LblStatus' does not exist in the current context [C:\Users\russel.mercado\source\repos\Yakult-System-New\Yakult.Inventory.App\Yakult.Inventory.App.csproj]
C:\Users\russel.mercado\source\repos\Yakult-System-New\Yakult.Inventory.App\Pages\Item\CartridgeCsvImportDialog.xaml.cs(455,17): error CS0103: The name 'LblStatus' does not exist in the current context [C:\Users\russel.mercado\source\repos\Yakult-System-New\Yakult.Inventory.App\Yakult.Inventory.App.csproj]
C:\Users\russel.mercado\source\repos\Yakult-System-New\Yakult.Inventory.App\Pages\Item\CartridgeCsvImportDialog.xaml.cs(456,17): error CS0103: The name 'BtnImport' does not exist in the current context [C:\Users\russel.mercado\source\repos\Yakult-System-New\Yakult.Inventory.App\Yakult.Inventory.App.csproj]
C:\Users\russel.mercado\source\repos\Yakult-System-New\Yakult.Inventory.App\Pages\Item\CartridgeCsvImportDialog.xaml.cs(457,17): error CS0103: The name 'BtnLoadPreview' does not exist in the current context [C:\Users\russel.mercado\source\repos\Yakult-System-New\Yakult.Inventory.App\Yakult.Inventory.App.csproj]
C:\Users\russel.mercado\source\repos\Yakult-System-New\Yakult.Inventory.App\Pages\Item\BatchAddItemDialog.xaml.cs(583,32): error CS0103: The name 'CmbItemType' does not exist in the current context [C:\Users\russel.mercado\source\repos\Yakult-System-New\Yakult.Inventory.App\Yakult.Inventory.App.csproj]
C:\Users\russel.mercado\source\repos\Yakult-System-New\Yakult.Inventory.App\Pages\Item\BatchAddItemDialog.xaml.cs(588,13): error CS0103: The name 'RowServiceDateToggle' does not exist in the current context [C:\Users\russel.mercado\source\repos\Yakult-System-New\Yakult.Inventory.App\Yakult.Inventory.App.csproj]
C:\Users\russel.mercado\source\repos\Yakult-System-New\Yakult.Inventory.App\Pages\Item\BatchAddItemDialog.xaml.cs(589,30): error CS0103: The name 'ChkServiceContractDates' does not exist in the current context [C:\Users\russel.mercado\source\repos\Yakult-System-New\Yakult.Inventory.App\Yakult.Inventory.App.csproj]
C:\Users\russel.mercado\source\repos\Yakult-System-New\Yakult.Inventory.App\Pages\Item\BatchAddItemDialog.xaml.cs(594,17): error CS0103: The name 'ChkIsTrackedAsset' does not exist in the current context [C:\Users\russel.mercado\source\repos\Yakult-System-New\Yakult.Inventory.App\Yakult.Inventory.App.csproj]
C:\Users\russel.mercado\source\repos\Yakult-System-New\Yakult.Inventory.App\Pages\Item\BatchAddItemDialog.xaml.cs(595,17): error CS0103: The name 'ChkIsTrackedAsset' does not exist in the current context [C:\Users\russel.mercado\source\repos\Yakult-System-New\Yakult.Inventory.App\Yakult.Inventory.App.csproj]
C:\Users\russel.mercado\source\repos\Yakult-System-New\Yakult.Inventory.App\Pages\Item\BatchAddItemDialog.xaml.cs(599,17): error CS0103: The name 'ChkIsTrackedAsset' does not exist in the current context [C:\Users\russel.mercado\source\repos\Yakult-System-New\Yakult.Inventory.App\Yakult.Inventory.App.csproj]
C:\Users\russel.mercado\source\repos\Yakult-System-New\Yakult.Inventory.App\Pages\Item\BatchAddItemDialog.xaml.cs(600,17): error CS0103: The name 'ChkIsTrackedAsset' does not exist in the current context [C:\Users\russel.mercado\source\repos\Yakult-System-New\Yakult.Inventory.App\Yakult.Inventory.App.csproj]
C:\Users\russel.mercado\source\repos\Yakult-System-New\Yakult.Inventory.App\Pages\Item\BatchAddItemDialog.xaml.cs(610,17): error CS0103: The name 'RowWarrantyYears' does not exist in the current context [C:\Users\russel.mercado\source\repos\Yakult-System-New\Yakult.Inventory.App\Yakult.Inventory.App.csproj]
C:\Users\russel.mercado\source\repos\Yakult-System-New\Yakult.Inventory.App\Pages\Item\BatchAddItemDialog.xaml.cs(611,17): error CS0103: The name 'RowWarrantyStart' does not exist in the current context [C:\Users\russel.mercado\source\repos\Yakult-System-New\Yakult.Inventory.App\Yakult.Inventory.App.csproj]
C:\Users\russel.mercado\source\repos\Yakult-System-New\Yakult.Inventory.App\Pages\Item\BatchAddItemDialog.xaml.cs(612,17): error CS0103: The name 'RowWarrantyEnd' does not exist in the current context [C:\Users\russel.mercado\source\repos\Yakult-System-New\Yakult.Inventory.App\Yakult.Inventory.App.csproj]
C:\Users\russel.mercado\source\repos\Yakult-System-New\Yakult.Inventory.App\Pages\Item\BatchAddItemDialog.xaml.cs(613,17): error CS0103: The name 'RowWarrantyInfoBand' does not exist in the current context [C:\Users\russel.mercado\source\repos\Yakult-System-New\Yakult.Inventory.App\Yakult.Inventory.App.csproj]
C:\Users\russel.mercado\source\repos\Yakult-System-New\Yakult.Inventory.App\Pages\Item\BatchAddItemDialog.xaml.cs(618,17): error CS0103: The name 'RowWarrantyYears' does not exist in the current context [C:\Users\russel.mercado\source\repos\Yakult-System-New\Yakult.Inventory.App\Yakult.Inventory.App.csproj]
C:\Users\russel.mercado\source\repos\Yakult-System-New\Yakult.Inventory.App\Pages\Item\BatchAddItemDialog.xaml.cs(619,17): error CS0103: The name 'RowWarrantyStart' does not exist in the current context [C:\Users\russel.mercado\source\repos\Yakult-System-New\Yakult.Inventory.App\Yakult.Inventory.App.csproj]
C:\Users\russel.mercado\source\repos\Yakult-System-New\Yakult.Inventory.App\Pages\Item\BatchAddItemDialog.xaml.cs(620,17): error CS0103: The name 'RowWarrantyEnd' does not exist in the current context [C:\Users\russel.mercado\source\repos\Yakult-System-New\Yakult.Inventory.App\Yakult.Inventory.App.csproj]
C:\Users\russel.mercado\source\repos\Yakult-System-New\Yakult.Inventory.App\Pages\Item\BatchAddItemDialog.xaml.cs(621,17): error CS0103: The name 'RowWarrantyInfoBand' does not exist in the current context [C:\Users\russel.mercado\source\repos\Yakult-System-New\Yakult.Inventory.App\Yakult.Inventory.App.csproj]
C:\Users\russel.mercado\source\repos\Yakult-System-New\Yakult.Inventory.App\Pages\Item\BatchAddItemDialog.xaml.cs(628,17): error CS0103: The name 'CmbUnitOfMeasure' does not exist in the current context [C:\Users\russel.mercado\source\repos\Yakult-System-New\Yakult.Inventory.App\Yakult.Inventory.App.csproj]
C:\Users\russel.mercado\source\repos\Yakult-System-New\Yakult.Inventory.App\Pages\Item\BatchAddItemDialog.xaml.cs(632,25): error CS0103: The name 'CmbUnitOfMeasure' does not exist in the current context [C:\Users\russel.mercado\source\repos\Yakult-System-New\Yakult.Inventory.App\Yakult.Inventory.App.csproj]
C:\Users\russel.mercado\source\repos\Yakult-System-New\Yakult.Inventory.App\Pages\Item\BatchAddItemDialog.xaml.cs(636,21): error CS0103: The name 'CmbUnitOfMeasure' does not exist in the current context [C:\Users\russel.mercado\source\repos\Yakult-System-New\Yakult.Inventory.App\Yakult.Inventory.App.csproj]
C:\Users\russel.mercado\source\repos\Yakult-System-New\Yakult.Inventory.App\Pages\Item\BatchAddItemDialog.xaml.cs(641,25): error CS0103: The name 'CmbUnitOfMeasure' does not exist in the current context [C:\Users\russel.mercado\source\repos\Yakult-System-New\Yakult.Inventory.App\Yakult.Inventory.App.csproj]
C:\Users\russel.mercado\source\repos\Yakult-System-New\Yakult.Inventory.App\Pages\Item\BatchAddItemDialog.xaml.cs(646,17): error CS0103: The name 'CmbUnitOfMeasure' does not exist in the current context [C:\Users\russel.mercado\source\repos\Yakult-System-New\Yakult.Inventory.App\Yakult.Inventory.App.csproj]
C:\Users\russel.mercado\source\repos\Yakult-System-New\Yakult.Inventory.App\Pages\Item\BatchAddItemDialog.xaml.cs(647,17): error CS0103: The name 'CmbUnitOfMeasure' does not exist in the current context [C:\Users\russel.mercado\source\repos\Yakult-System-New\Yakult.Inventory.App\Yakult.Inventory.App.csproj]
C:\Users\russel.mercado\source\repos\Yakult-System-New\Yakult.Inventory.App\Pages\Item\InvoiceBuilderDialog.xaml.cs(592,17): error CS0103: The name 'LblStatus' does not exist in the current context [C:\Users\russel.mercado\source\repos\Yakult-System-New\Yakult.Inventory.App\Yakult.Inventory.App.csproj]
C:\Users\russel.mercado\source\repos\Yakult-System-New\Yakult.Inventory.App\Pages\Item\InvoiceBuilderDialog.xaml.cs(608,13): error CS0103: The name 'LblStatus' does not exist in the current context [C:\Users\russel.mercado\source\repos\Yakult-System-New\Yakult.Inventory.App\Yakult.Inventory.App.csproj]
C:\Users\russel.mercado\source\repos\Yakult-System-New\Yakult.Inventory.App\Pages\Item\BatchAddItemDialog.xaml.cs(667,32): error CS0103: The name 'CmbItemType' does not exist in the current context [C:\Users\russel.mercado\source\repos\Yakult-System-New\Yakult.Inventory.App\Yakult.Inventory.App.csproj]
C:\Users\russel.mercado\source\repos\Yakult-System-New\Yakult.Inventory.App\Pages\Item\BatchAddItemDialog.xaml.cs(672,81): error CS0103: The name 'ChkServiceContractDates' does not exist in the current context [C:\Users\russel.mercado\source\repos\Yakult-System-New\Yakult.Inventory.App\Yakult.Inventory.App.csproj]
C:\Users\russel.mercado\source\repos\Yakult-System-New\Yakult.Inventory.App\Pages\Item\BatchAddItemDialog.xaml.cs(673,13): error CS0103: The name 'RowContractDates' does not exist in the current context [C:\Users\russel.mercado\source\repos\Yakult-System-New\Yakult.Inventory.App\Yakult.Inventory.App.csproj]
C:\Users\russel.mercado\source\repos\Yakult-System-New\Yakult.Inventory.App\Pages\Item\BatchAddItemDialog.xaml.cs(676,13): error CS0103: The name 'RowLicenseNumber' does not exist in the current context [C:\Users\russel.mercado\source\repos\Yakult-System-New\Yakult.Inventory.App\Yakult.Inventory.App.csproj]
C:\Users\russel.mercado\source\repos\Yakult-System-New\Yakult.Inventory.App\Pages\Item\InvoiceBuilderDialog.xaml.cs(618,17): error CS0103: The name 'LblStatus' does not exist in the current context [C:\Users\russel.mercado\source\repos\Yakult-System-New\Yakult.Inventory.App\Yakult.Inventory.App.csproj]
C:\Users\russel.mercado\source\repos\Yakult-System-New\Yakult.Inventory.App\Pages\Item\BatchAddItemDialog.xaml.cs(683,23): error CS0103: The name 'CmbCategory' does not exist in the current context [C:\Users\russel.mercado\source\repos\Yakult-System-New\Yakult.Inventory.App\Yakult.Inventory.App.csproj]
C:\Users\russel.mercado\source\repos\Yakult-System-New\Yakult.Inventory.App\Pages\Item\BatchAddItemDialog.xaml.cs(687,13): error CS0103: The name 'RowCartridgeModel' does not exist in the current context [C:\Users\russel.mercado\source\repos\Yakult-System-New\Yakult.Inventory.App\Yakult.Inventory.App.csproj]
C:\Users\russel.mercado\source\repos\Yakult-System-New\Yakult.Inventory.App\Pages\Item\BatchAddItemDialog.xaml.cs(688,13): error CS0103: The name 'RowCartridgeOrigin' does not exist in the current context [C:\Users\russel.mercado\source\repos\Yakult-System-New\Yakult.Inventory.App\Yakult.Inventory.App.csproj]
C:\Users\russel.mercado\source\repos\Yakult-System-New\Yakult.Inventory.App\Pages\Item\BatchAddItemDialog.xaml.cs(690,32): error CS0103: The name 'CmbCartridgeOrigin' does not exist in the current context [C:\Users\russel.mercado\source\repos\Yakult-System-New\Yakult.Inventory.App\Yakult.Inventory.App.csproj]
C:\Users\russel.mercado\source\repos\Yakult-System-New\Yakult.Inventory.App\Pages\Item\BatchAddItemDialog.xaml.cs(691,17): error CS0103: The name 'CmbCartridgeOrigin' does not exist in the current context [C:\Users\russel.mercado\source\repos\Yakult-System-New\Yakult.Inventory.App\Yakult.Inventory.App.csproj]
C:\Users\russel.mercado\source\repos\Yakult-System-New\Yakult.Inventory.App\Pages\Item\BatchAddItemDialog.xaml.cs(696,32): error CS0103: The name 'CmbCartridgeModel' does not exist in the current context [C:\Users\russel.mercado\source\repos\Yakult-System-New\Yakult.Inventory.App\Yakult.Inventory.App.csproj]
C:\Users\russel.mercado\source\repos\Yakult-System-New\Yakult.Inventory.App\Pages\Item\BatchAddItemDialog.xaml.cs(700,13): error CS0103: The name 'RowConsumableModel' does not exist in the current context [C:\Users\russel.mercado\source\repos\Yakult-System-New\Yakult.Inventory.App\Yakult.Inventory.App.csproj]
C:\Users\russel.mercado\source\repos\Yakult-System-New\Yakult.Inventory.App\Pages\Item\BatchAddItemDialog.xaml.cs(714,13): error CS0103: The name 'RowQuantity' does not exist in the current context [C:\Users\russel.mercado\source\repos\Yakult-System-New\Yakult.Inventory.App\Yakult.Inventory.App.csproj]
C:\Users\russel.mercado\source\repos\Yakult-System-New\Yakult.Inventory.App\Pages\Item\BatchAddItemDialog.xaml.cs(715,13): error CS0103: The name 'RowSerialNumbersEntry' does not exist in the current context [C:\Users\russel.mercado\source\repos\Yakult-System-New\Yakult.Inventory.App\Yakult.Inventory.App.csproj]
C:\Users\russel.mercado\source\repos\Yakult-System-New\Yakult.Inventory.App\Pages\Item\BatchAddItemDialog.xaml.cs(716,13): error CS0103: The name 'RowPreviewSection' does not exist in the current context [C:\Users\russel.mercado\source\repos\Yakult-System-New\Yakult.Inventory.App\Yakult.Inventory.App.csproj]
C:\Users\russel.mercado\source\repos\Yakult-System-New\Yakult.Inventory.App\Pages\Item\BatchAddItemDialog.xaml.cs(717,13): error CS0103: The name 'RowCellPhoneEntries' does not exist in the current context [C:\Users\russel.mercado\source\repos\Yakult-System-New\Yakult.Inventory.App\Yakult.Inventory.App.csproj]
C:\Users\russel.mercado\source\repos\Yakult-System-New\Yakult.Inventory.App\Pages\Item\BatchAddItemDialog.xaml.cs(758,33): error CS0103: The name 'DgvCellPhones' does not exist in the current context [C:\Users\russel.mercado\source\repos\Yakult-System-New\Yakult.Inventory.App\Yakult.Inventory.App.csproj]
C:\Users\russel.mercado\source\repos\Yakult-System-New\Yakult.Inventory.App\Pages\Item\BatchAddItemDialog.xaml.cs(761,13): error CS0103: The name 'DgvCellPhones' does not exist in the current context [C:\Users\russel.mercado\source\repos\Yakult-System-New\Yakult.Inventory.App\Yakult.Inventory.App.csproj]
C:\Users\russel.mercado\source\repos\Yakult-System-New\Yakult.Inventory.App\Pages\Item\BatchAddItemDialog.xaml.cs(762,13): error CS0103: The name 'DgvCellPhones' does not exist in the current context [C:\Users\russel.mercado\source\repos\Yakult-System-New\Yakult.Inventory.App\Yakult.Inventory.App.csproj]
C:\Users\russel.mercado\source\repos\Yakult-System-New\Yakult.Inventory.App\Pages\Item\BatchAddItemDialog.xaml.cs(801,13): error CS0103: The name 'DgvCellPhones' does not exist in the current context [C:\Users\russel.mercado\source\repos\Yakult-System-New\Yakult.Inventory.App\Yakult.Inventory.App.csproj]
C:\Users\russel.mercado\source\repos\Yakult-System-New\Yakult.Inventory.App\Pages\Item\BatchAddItemDialog.xaml.cs(806,13): error CS0103: The name 'TxtCellPhonePageInfo' does not exist in the current context [C:\Users\russel.mercado\source\repos\Yakult-System-New\Yakult.Inventory.App\Yakult.Inventory.App.csproj]
C:\Users\russel.mercado\source\repos\Yakult-System-New\Yakult.Inventory.App\Pages\Item\BatchAddItemDialog.xaml.cs(807,13): error CS0103: The name 'BtnCellPhonePrevPage' does not exist in the current context [C:\Users\russel.mercado\source\repos\Yakult-System-New\Yakult.Inventory.App\Yakult.Inventory.App.csproj]
C:\Users\russel.mercado\source\repos\Yakult-System-New\Yakult.Inventory.App\Pages\Item\BatchAddItemDialog.xaml.cs(808,13): error CS0103: The name 'BtnCellPhoneNextPage' does not exist in the current context [C:\Users\russel.mercado\source\repos\Yakult-System-New\Yakult.Inventory.App\Yakult.Inventory.App.csproj]
C:\Users\russel.mercado\source\repos\Yakult-System-New\Yakult.Inventory.App\Pages\Item\InvoiceBuilderDialog.xaml.cs(816,13): error CS0103: The name 'LblModelWarning' does not exist in the current context [C:\Users\russel.mercado\source\repos\Yakult-System-New\Yakult.Inventory.App\Yakult.Inventory.App.csproj]
C:\Users\russel.mercado\source\repos\Yakult-System-New\Yakult.Inventory.App\Pages\Item\InvoiceBuilderDialog.xaml.cs(817,13): error CS0103: The name 'BannerModelWarning' does not exist in the current context [C:\Users\russel.mercado\source\repos\Yakult-System-New\Yakult.Inventory.App\Yakult.Inventory.App.csproj]
C:\Users\russel.mercado\source\repos\Yakult-System-New\Yakult.Inventory.App\Pages\Item\InvoiceCsvImportDialog.xaml.cs(375,17): error CS0103: The name 'TxtCsvPath' does not exist in the current context [C:\Users\russel.mercado\source\repos\Yakult-System-New\Yakult.Inventory.App\Yakult.Inventory.App.csproj]
C:\Users\russel.mercado\source\repos\Yakult-System-New\Yakult.Inventory.App\Pages\Item\InvoiceCsvImportDialog.xaml.cs(376,17): error CS0103: The name 'BtnLoadPreview' does not exist in the current context [C:\Users\russel.mercado\source\repos\Yakult-System-New\Yakult.Inventory.App\Yakult.Inventory.App.csproj]
C:\Users\russel.mercado\source\repos\Yakult-System-New\Yakult.Inventory.App\Pages\Item\InvoiceCsvImportDialog.xaml.cs(377,17): error CS0103: The name 'BtnImport' does not exist in the current context [C:\Users\russel.mercado\source\repos\Yakult-System-New\Yakult.Inventory.App\Yakult.Inventory.App.csproj]
C:\Users\russel.mercado\source\repos\Yakult-System-New\Yakult.Inventory.App\Pages\Item\InvoiceCsvImportDialog.xaml.cs(378,17): error CS0103: The name 'PreviewGrid' does not exist in the current context [C:\Users\russel.mercado\source\repos\Yakult-System-New\Yakult.Inventory.App\Yakult.Inventory.App.csproj]
C:\Users\russel.mercado\source\repos\Yakult-System-New\Yakult.Inventory.App\Pages\Item\InvoiceCsvImportDialog.xaml.cs(379,17): error CS0103: The name 'LblEmptyState' does not exist in the current context [C:\Users\russel.mercado\source\repos\Yakult-System-New\Yakult.Inventory.App\Yakult.Inventory.App.csproj]
C:\Users\russel.mercado\source\repos\Yakult-System-New\Yakult.Inventory.App\Pages\Item\InvoiceCsvImportDialog.xaml.cs(380,17): error CS0103: The name 'BannerWarn' does not exist in the current context [C:\Users\russel.mercado\source\repos\Yakult-System-New\Yakult.Inventory.App\Yakult.Inventory.App.csproj]
C:\Users\russel.mercado\source\repos\Yakult-System-New\Yakult.Inventory.App\Pages\Item\InvoiceCsvImportDialog.xaml.cs(381,17): error CS0103: The name 'LblStatus' does not exist in the current context [C:\Users\russel.mercado\source\repos\Yakult-System-New\Yakult.Inventory.App\Yakult.Inventory.App.csproj]
C:\Users\russel.mercado\source\repos\Yakult-System-New\Yakult.Inventory.App\Pages\Item\InvoiceBuilderDialog.xaml.cs(821,13): error CS0103: The name 'BannerModelWarning' does not exist in the current context [C:\Users\russel.mercado\source\repos\Yakult-System-New\Yakult.Inventory.App\Yakult.Inventory.App.csproj]
C:\Users\russel.mercado\source\repos\Yakult-System-New\Yakult.Inventory.App\Pages\Item\BatchAddItemDialog.xaml.cs(850,13): error CS0103: The name 'DgvCellPhones' does not exist in the current context [C:\Users\russel.mercado\source\repos\Yakult-System-New\Yakult.Inventory.App\Yakult.Inventory.App.csproj]
C:\Users\russel.mercado\source\repos\Yakult-System-New\Yakult.Inventory.App\Pages\Item\BatchAddItemDialog.xaml.cs(851,13): error CS0103: The name 'DgvCellPhones' does not exist in the current context [C:\Users\russel.mercado\source\repos\Yakult-System-New\Yakult.Inventory.App\Yakult.Inventory.App.csproj]
C:\Users\russel.mercado\source\repos\Yakult-System-New\Yakult.Inventory.App\Pages\Item\BatchAddItemDialog.xaml.cs(854,13): error CS0103: The name 'DgvCellPhones' does not exist in the current context [C:\Users\russel.mercado\source\repos\Yakult-System-New\Yakult.Inventory.App\Yakult.Inventory.App.csproj]
C:\Users\russel.mercado\source\repos\Yakult-System-New\Yakult.Inventory.App\Pages\Item\BatchAddItemDialog.xaml.cs(855,13): error CS0103: The name 'DgvCellPhones' does not exist in the current context [C:\Users\russel.mercado\source\repos\Yakult-System-New\Yakult.Inventory.App\Yakult.Inventory.App.csproj]
C:\Users\russel.mercado\source\repos\Yakult-System-New\Yakult.Inventory.App\Pages\Item\BatchAddItemDialog.xaml.cs(856,13): error CS0103: The name 'DgvCellPhones' does not exist in the current context [C:\Users\russel.mercado\source\repos\Yakult-System-New\Yakult.Inventory.App\Yakult.Inventory.App.csproj]
C:\Users\russel.mercado\source\repos\Yakult-System-New\Yakult.Inventory.App\Pages\Item\EditItemDialog.xaml.cs(35,13): error CS0103: The name 'InitializeComponent' does not exist in the current context [C:\Users\russel.mercado\source\repos\Yakult-System-New\Yakult.Inventory.App\Yakult.Inventory.App.csproj]
C:\Users\russel.mercado\source\repos\Yakult-System-New\Yakult.Inventory.App\Pages\Item\EditItemDialog.xaml.cs(37,13): error CS0103: The name 'CmbItemType' does not exist in the current context [C:\Users\russel.mercado\source\repos\Yakult-System-New\Yakult.Inventory.App\Yakult.Inventory.App.csproj]
C:\Users\russel.mercado\source\repos\Yakult-System-New\Yakult.Inventory.App\Pages\Item\EditItemDialog.xaml.cs(38,13): error CS0103: The name 'CmbItemType' does not exist in the current context [C:\Users\russel.mercado\source\repos\Yakult-System-New\Yakult.Inventory.App\Yakult.Inventory.App.csproj]
C:\Users\russel.mercado\source\repos\Yakult-System-New\Yakult.Inventory.App\Pages\Item\EditItemDialog.xaml.cs(39,13): error CS0103: The name 'CmbItemType' does not exist in the current context [C:\Users\russel.mercado\source\repos\Yakult-System-New\Yakult.Inventory.App\Yakult.Inventory.App.csproj]
C:\Users\russel.mercado\source\repos\Yakult-System-New\Yakult.Inventory.App\Pages\Item\EditItemDialog.xaml.cs(41,13): error CS0103: The name 'CmbSubType' does not exist in the current context [C:\Users\russel.mercado\source\repos\Yakult-System-New\Yakult.Inventory.App\Yakult.Inventory.App.csproj]
C:\Users\russel.mercado\source\repos\Yakult-System-New\Yakult.Inventory.App\Pages\Item\EditItemDialog.xaml.cs(43,17): error CS0103: The name 'CmbSubType' does not exist in the current context [C:\Users\russel.mercado\source\repos\Yakult-System-New\Yakult.Inventory.App\Yakult.Inventory.App.csproj]
C:\Users\russel.mercado\source\repos\Yakult-System-New\Yakult.Inventory.App\Pages\Item\EditItemDialog.xaml.cs(45,13): error CS0103: The name 'CmbCartridgeOrigin' does not exist in the current context [C:\Users\russel.mercado\source\repos\Yakult-System-New\Yakult.Inventory.App\Yakult.Inventory.App.csproj]
C:\Users\russel.mercado\source\repos\Yakult-System-New\Yakult.Inventory.App\Pages\Item\EditItemDialog.xaml.cs(46,13): error CS0103: The name 'CmbCartridgeOrigin' does not exist in the current context [C:\Users\russel.mercado\source\repos\Yakult-System-New\Yakult.Inventory.App\Yakult.Inventory.App.csproj]
C:\Users\russel.mercado\source\repos\Yakult-System-New\Yakult.Inventory.App\Pages\Item\EditItemDialog.xaml.cs(48,13): error CS0103: The name 'CmbAcquisitionType' does not exist in the current context [C:\Users\russel.mercado\source\repos\Yakult-System-New\Yakult.Inventory.App\Yakult.Inventory.App.csproj]
C:\Users\russel.mercado\source\repos\Yakult-System-New\Yakult.Inventory.App\Pages\Item\EditItemDialog.xaml.cs(49,13): error CS0103: The name 'CmbAcquisitionType' does not exist in the current context [C:\Users\russel.mercado\source\repos\Yakult-System-New\Yakult.Inventory.App\Yakult.Inventory.App.csproj]
C:\Users\russel.mercado\source\repos\Yakult-System-New\Yakult.Inventory.App\Pages\Item\EditItemDialog.xaml.cs(50,13): error CS0103: The name 'CmbAcquisitionType' does not exist in the current context [C:\Users\russel.mercado\source\repos\Yakult-System-New\Yakult.Inventory.App\Yakult.Inventory.App.csproj]
C:\Users\russel.mercado\source\repos\Yakult-System-New\Yakult.Inventory.App\Pages\Item\EditItemDialog.xaml.cs(51,13): error CS0103: The name 'CmbAcquisitionType' does not exist in the current context [C:\Users\russel.mercado\source\repos\Yakult-System-New\Yakult.Inventory.App\Yakult.Inventory.App.csproj]
C:\Users\russel.mercado\source\repos\Yakult-System-New\Yakult.Inventory.App\Pages\Item\EditItemDialog.xaml.cs(52,13): error CS0103: The name 'CmbAcquisitionType' does not exist in the current context [C:\Users\russel.mercado\source\repos\Yakult-System-New\Yakult.Inventory.App\Yakult.Inventory.App.csproj]
C:\Users\russel.mercado\source\repos\Yakult-System-New\Yakult.Inventory.App\Pages\Item\EditItemDialog.xaml.cs(54,13): error CS0103: The name 'CmbUnitOfMeasure' does not exist in the current context [C:\Users\russel.mercado\source\repos\Yakult-System-New\Yakult.Inventory.App\Yakult.Inventory.App.csproj]
C:\Users\russel.mercado\source\repos\Yakult-System-New\Yakult.Inventory.App\Pages\Item\EditItemDialog.xaml.cs(55,13): error CS0103: The name 'CmbUnitOfMeasure' does not exist in the current context [C:\Users\russel.mercado\source\repos\Yakult-System-New\Yakult.Inventory.App\Yakult.Inventory.App.csproj]
C:\Users\russel.mercado\source\repos\Yakult-System-New\Yakult.Inventory.App\Pages\Item\EditItemDialog.xaml.cs(56,13): error CS0103: The name 'CmbUnitOfMeasure' does not exist in the current context [C:\Users\russel.mercado\source\repos\Yakult-System-New\Yakult.Inventory.App\Yakult.Inventory.App.csproj]
C:\Users\russel.mercado\source\repos\Yakult-System-New\Yakult.Inventory.App\Pages\Item\EditItemDialog.xaml.cs(57,13): error CS0103: The name 'CmbUnitOfMeasure' does not exist in the current context [C:\Users\russel.mercado\source\repos\Yakult-System-New\Yakult.Inventory.App\Yakult.Inventory.App.csproj]
C:\Users\russel.mercado\source\repos\Yakult-System-New\Yakult.Inventory.App\Pages\Item\EditItemDialog.xaml.cs(58,13): error CS0103: The name 'CmbUnitOfMeasure' does not exist in the current context [C:\Users\russel.mercado\source\repos\Yakult-System-New\Yakult.Inventory.App\Yakult.Inventory.App.csproj]
C:\Users\russel.mercado\source\repos\Yakult-System-New\Yakult.Inventory.App\Pages\Item\BatchAddItemDialog.xaml.cs(872,13): error CS0103: The name 'DgvCellPhones' does not exist in the current context [C:\Users\russel.mercado\source\repos\Yakult-System-New\Yakult.Inventory.App\Yakult.Inventory.App.csproj]
C:\Users\russel.mercado\source\repos\Yakult-System-New\Yakult.Inventory.App\Pages\Item\BatchAddItemDialog.xaml.cs(873,13): error CS0103: The name 'DgvCellPhones' does not exist in the current context [C:\Users\russel.mercado\source\repos\Yakult-System-New\Yakult.Inventory.App\Yakult.Inventory.App.csproj]
C:\Users\russel.mercado\source\repos\Yakult-System-New\Yakult.Inventory.App\Pages\Item\BatchAddItemDialog.xaml.cs(877,35): error CS0103: The name 'DgvCellPhones' does not exist in the current context [C:\Users\russel.mercado\source\repos\Yakult-System-New\Yakult.Inventory.App\Yakult.Inventory.App.csproj]
C:\Users\russel.mercado\source\repos\Yakult-System-New\Yakult.Inventory.App\Pages\Item\BatchAddItemDialog.xaml.cs(890,33): error CS0103: The name 'DgvCellPhones' does not exist in the current context [C:\Users\russel.mercado\source\repos\Yakult-System-New\Yakult.Inventory.App\Yakult.Inventory.App.csproj]
C:\Users\russel.mercado\source\repos\Yakult-System-New\Yakult.Inventory.App\Pages\Item\BatchAddItemDialog.xaml.cs(894,61): error CS0103: The name 'DgvCellPhones' does not exist in the current context [C:\Users\russel.mercado\source\repos\Yakult-System-New\Yakult.Inventory.App\Yakult.Inventory.App.csproj]
C:\Users\russel.mercado\source\repos\Yakult-System-New\Yakult.Inventory.App\Pages\Item\BatchAddItemDialog.xaml.cs(896,22): error CS0103: The name 'DgvCellPhones' does not exist in the current context [C:\Users\russel.mercado\source\repos\Yakult-System-New\Yakult.Inventory.App\Yakult.Inventory.App.csproj]
C:\Users\russel.mercado\source\repos\Yakult-System-New\Yakult.Inventory.App\Pages\Item\BatchAddItemDialog.xaml.cs(896,66): error CS0103: The name 'DgvCellPhones' does not exist in the current context [C:\Users\russel.mercado\source\repos\Yakult-System-New\Yakult.Inventory.App\Yakult.Inventory.App.csproj]
C:\Users\russel.mercado\source\repos\Yakult-System-New\Yakult.Inventory.App\Pages\Item\BatchAddItemDialog.xaml.cs(898,32): error CS0103: The name 'DgvCellPhones' does not exist in the current context [C:\Users\russel.mercado\source\repos\Yakult-System-New\Yakult.Inventory.App\Yakult.Inventory.App.csproj]
C:\Users\russel.mercado\source\repos\Yakult-System-New\Yakult.Inventory.App\Pages\Item\BatchAddItemDialog.xaml.cs(899,38): error CS0103: The name 'DgvCellPhones' does not exist in the current context [C:\Users\russel.mercado\source\repos\Yakult-System-New\Yakult.Inventory.App\Yakult.Inventory.App.csproj]
C:\Users\russel.mercado\source\repos\Yakult-System-New\Yakult.Inventory.App\Pages\Item\BatchAddItemDialog.xaml.cs(899,66): error CS0103: The name 'DgvCellPhones' does not exist in the current context [C:\Users\russel.mercado\source\repos\Yakult-System-New\Yakult.Inventory.App\Yakult.Inventory.App.csproj]
C:\Users\russel.mercado\source\repos\Yakult-System-New\Yakult.Inventory.App\Pages\Item\BatchAddItemDialog.xaml.cs(939,33): error CS0103: The name 'DgvCellPhones' does not exist in the current context [C:\Users\russel.mercado\source\repos\Yakult-System-New\Yakult.Inventory.App\Yakult.Inventory.App.csproj]
C:\Users\russel.mercado\source\repos\Yakult-System-New\Yakult.Inventory.App\Pages\Item\BatchAddItemDialog.xaml.cs(942,13): error CS0103: The name 'DgvCellPhones' does not exist in the current context [C:\Users\russel.mercado\source\repos\Yakult-System-New\Yakult.Inventory.App\Yakult.Inventory.App.csproj]
C:\Users\russel.mercado\source\repos\Yakult-System-New\Yakult.Inventory.App\Pages\Item\BatchAddItemDialog.xaml.cs(943,13): error CS0103: The name 'DgvCellPhones' does not exist in the current context [C:\Users\russel.mercado\source\repos\Yakult-System-New\Yakult.Inventory.App\Yakult.Inventory.App.csproj]
C:\Users\russel.mercado\source\repos\Yakult-System-New\Yakult.Inventory.App\Pages\Item\SellDisposeDialog.xaml.cs(24,34): error CS0103: The name 'TxtQty' does not exist in the current context [C:\Users\russel.mercado\source\repos\Yakult-System-New\Yakult.Inventory.App\Yakult.Inventory.App.csproj]
C:\Users\russel.mercado\source\repos\Yakult-System-New\Yakult.Inventory.App\Pages\Item\SellDisposeDialog.xaml.cs(28,40): error CS0103: The name 'TxtRecipient' does not exist in the current context [C:\Users\russel.mercado\source\repos\Yakult-System-New\Yakult.Inventory.App\Yakult.Inventory.App.csproj]
C:\Users\russel.mercado\source\repos\Yakult-System-New\Yakult.Inventory.App\Pages\Item\EditItemDialog.xaml.cs(152,13): error CS0103: The name 'BtnMaximizeGlyph' does not exist in the current context [C:\Users\russel.mercado\source\repos\Yakult-System-New\Yakult.Inventory.App\Yakult.Inventory.App.csproj]
C:\Users\russel.mercado\source\repos\Yakult-System-New\Yakult.Inventory.App\Pages\Item\SellDisposeDialog.xaml.cs(34,38): error CS0103: The name 'TxtAmount' does not exist in the current context [C:\Users\russel.mercado\source\repos\Yakult-System-New\Yakult.Inventory.App\Yakult.Inventory.App.csproj]
C:\Users\russel.mercado\source\repos\Yakult-System-New\Yakult.Inventory.App\Pages\Item\SellDisposeDialog.xaml.cs(38,60): error CS0103: The name 'TxtRemarks' does not exist in the current context [C:\Users\russel.mercado\source\repos\Yakult-System-New\Yakult.Inventory.App\Yakult.Inventory.App.csproj]
C:\Users\russel.mercado\source\repos\Yakult-System-New\Yakult.Inventory.App\Pages\Item\SellDisposeDialog.xaml.cs(38,87): error CS0103: The name 'TxtRemarks' does not exist in the current context [C:\Users\russel.mercado\source\repos\Yakult-System-New\Yakult.Inventory.App\Yakult.Inventory.App.csproj]
C:\Users\russel.mercado\source\repos\Yakult-System-New\Yakult.Inventory.App\Pages\Item\BatchAddItemDialog.xaml.cs(977,23): error CS0103: The name 'CmbCategory' does not exist in the current context [C:\Users\russel.mercado\source\repos\Yakult-System-New\Yakult.Inventory.App\Yakult.Inventory.App.csproj]
C:\Users\russel.mercado\source\repos\Yakult-System-New\Yakult.Inventory.App\Pages\Item\BatchAddItemDialog.xaml.cs(982,29): error CS0103: The name 'CmbCartridgeModel' does not exist in the current context [C:\Users\russel.mercado\source\repos\Yakult-System-New\Yakult.Inventory.App\Yakult.Inventory.App.csproj]
C:\Users\russel.mercado\source\repos\Yakult-System-New\Yakult.Inventory.App\Pages\Item\BatchAddItemDialog.xaml.cs(988,31): error CS0103: The name 'TxtModelNumber' does not exist in the current context [C:\Users\russel.mercado\source\repos\Yakult-System-New\Yakult.Inventory.App\Yakult.Inventory.App.csproj]
C:\Users\russel.mercado\source\repos\Yakult-System-New\Yakult.Inventory.App\Pages\Item\BatchAddItemDialog.xaml.cs(992,27): error CS0103: The name 'TxtModelNumber' does not exist in the current context [C:\Users\russel.mercado\source\repos\Yakult-System-New\Yakult.Inventory.App\Yakult.Inventory.App.csproj]
C:\Users\russel.mercado\source\repos\Yakult-System-New\Yakult.Inventory.App\Pages\Item\BatchAddItemDialog.xaml.cs(999,37): error CS0103: The name 'CmbVendor' does not exist in the current context [C:\Users\russel.mercado\source\repos\Yakult-System-New\Yakult.Inventory.App\Yakult.Inventory.App.csproj]
C:\Users\russel.mercado\source\repos\Yakult-System-New\Yakult.Inventory.App\Pages\Item\BatchAddItemDialog.xaml.cs(1018,23): error CS0103: The name 'CmbCategory' does not exist in the current context [C:\Users\russel.mercado\source\repos\Yakult-System-New\Yakult.Inventory.App\Yakult.Inventory.App.csproj]
C:\Users\russel.mercado\source\repos\Yakult-System-New\Yakult.Inventory.App\Pages\Item\BatchAddItemDialog.xaml.cs(1023,25): error CS0103: The name 'TxtModelNumber' does not exist in the current context [C:\Users\russel.mercado\source\repos\Yakult-System-New\Yakult.Inventory.App\Yakult.Inventory.App.csproj]
C:\Users\russel.mercado\source\repos\Yakult-System-New\Yakult.Inventory.App\Pages\Item\BatchAddItemDialog.xaml.cs(1026,33): error CS0103: The name 'CmbCartridgeModel' does not exist in the current context [C:\Users\russel.mercado\source\repos\Yakult-System-New\Yakult.Inventory.App\Yakult.Inventory.App.csproj]
C:\Users\russel.mercado\source\repos\Yakult-System-New\Yakult.Inventory.App\Pages\Item\BatchAddItemDialog.xaml.cs(1028,21): error CS0103: The name 'CmbCartridgeModel' does not exist in the current context [C:\Users\russel.mercado\source\repos\Yakult-System-New\Yakult.Inventory.App\Yakult.Inventory.App.csproj]
C:\Users\russel.mercado\source\repos\Yakult-System-New\Yakult.Inventory.App\Pages\Item\BatchAddItemDialog.xaml.cs(1032,25): error CS0103: The name 'CmbCartridgeModel' does not exist in the current context [C:\Users\russel.mercado\source\repos\Yakult-System-New\Yakult.Inventory.App\Yakult.Inventory.App.csproj]
C:\Users\russel.mercado\source\repos\Yakult-System-New\Yakult.Inventory.App\Pages\Item\BatchAddItemDialog.xaml.cs(1033,25): error CS0103: The name 'CmbCartridgeModel' does not exist in the current context [C:\Users\russel.mercado\source\repos\Yakult-System-New\Yakult.Inventory.App\Yakult.Inventory.App.csproj]
C:\Users\russel.mercado\source\repos\Yakult-System-New\Yakult.Inventory.App\Pages\Item\BatchAddItemDialog.xaml.cs(1038,17): error CS0103: The name 'CmbCartridgeModel' does not exist in the current context [C:\Users\russel.mercado\source\repos\Yakult-System-New\Yakult.Inventory.App\Yakult.Inventory.App.csproj]
C:\Users\russel.mercado\source\repos\Yakult-System-New\Yakult.Inventory.App\Pages\Item\BatchAddItemDialog.xaml.cs(1038,54): error CS0103: The name 'CmbCartridgeModel' does not exist in the current context [C:\Users\russel.mercado\source\repos\Yakult-System-New\Yakult.Inventory.App\Yakult.Inventory.App.csproj]
C:\Users\russel.mercado\source\repos\Yakult-System-New\Yakult.Inventory.App\Pages\Item\BatchAddItemDialog.xaml.cs(1039,17): error CS0103: The name 'CmbCartridgeModel' does not exist in the current context [C:\Users\russel.mercado\source\repos\Yakult-System-New\Yakult.Inventory.App\Yakult.Inventory.App.csproj]
C:\Users\russel.mercado\source\repos\Yakult-System-New\Yakult.Inventory.App\Pages\Item\SellDisposeDialog.xaml.cs(48,13): error CS0103: The name 'InitializeComponent' does not exist in the current context [C:\Users\russel.mercado\source\repos\Yakult-System-New\Yakult.Inventory.App\Yakult.Inventory.App.csproj]
C:\Users\russel.mercado\source\repos\Yakult-System-New\Yakult.Inventory.App\Pages\Item\EditItemDialog.xaml.cs(263,17): error CS0103: The name 'CmbCategory' does not exist in the current context [C:\Users\russel.mercado\source\repos\Yakult-System-New\Yakult.Inventory.App\Yakult.Inventory.App.csproj]
C:\Users\russel.mercado\source\repos\Yakult-System-New\Yakult.Inventory.App\Pages\Item\EditItemDialog.xaml.cs(280,29): error CS0103: The name 'CmbCategory' does not exist in the current context [C:\Users\russel.mercado\source\repos\Yakult-System-New\Yakult.Inventory.App\Yakult.Inventory.App.csproj]
C:\Users\russel.mercado\source\repos\Yakult-System-New\Yakult.Inventory.App\Pages\Item\InvoiceBuilderDialog.xaml.cs(998,28): error CS0103: The name 'LinesGrid' does not exist in the current context [C:\Users\russel.mercado\source\repos\Yakult-System-New\Yakult.Inventory.App\Yakult.Inventory.App.csproj]
C:\Users\russel.mercado\source\repos\Yakult-System-New\Yakult.Inventory.App\Pages\Item\BatchAddItemDialog.xaml.cs(1056,17): error CS0103: The name 'ChkWarrantyStart' does not exist in the current context [C:\Users\russel.mercado\source\repos\Yakult-System-New\Yakult.Inventory.App\Yakult.Inventory.App.csproj]
C:\Users\russel.mercado\source\repos\Yakult-System-New\Yakult.Inventory.App\Pages\Item\BatchAddItemDialog.xaml.cs(1056,55): error CS0103: The name 'ChkWarrantyEnd' does not exist in the current context [C:\Users\russel.mercado\source\repos\Yakult-System-New\Yakult.Inventory.App\Yakult.Inventory.App.csproj]
C:\Users\russel.mercado\source\repos\Yakult-System-New\Yakult.Inventory.App\Pages\Item\BatchAddItemDialog.xaml.cs(1057,17): error CS0103: The name 'DpWarrantyStart' does not exist in the current context [C:\Users\russel.mercado\source\repos\Yakult-System-New\Yakult.Inventory.App\Yakult.Inventory.App.csproj]
C:\Users\russel.mercado\source\repos\Yakult-System-New\Yakult.Inventory.App\Pages\Item\BatchAddItemDialog.xaml.cs(1057,57): error CS0103: The name 'DpWarrantyEnd' does not exist in the current context [C:\Users\russel.mercado\source\repos\Yakult-System-New\Yakult.Inventory.App\Yakult.Inventory.App.csproj]
C:\Users\russel.mercado\source\repos\Yakult-System-New\Yakult.Inventory.App\Pages\Item\BatchAddItemDialog.xaml.cs(1059,25): error CS0103: The name 'DpWarrantyStart' does not exist in the current context [C:\Users\russel.mercado\source\repos\Yakult-System-New\Yakult.Inventory.App\Yakult.Inventory.App.csproj]
C:\Users\russel.mercado\source\repos\Yakult-System-New\Yakult.Inventory.App\Pages\Item\BatchAddItemDialog.xaml.cs(1060,23): error CS0103: The name 'DpWarrantyEnd' does not exist in the current context [C:\Users\russel.mercado\source\repos\Yakult-System-New\Yakult.Inventory.App\Yakult.Inventory.App.csproj]
C:\Users\russel.mercado\source\repos\Yakult-System-New\Yakult.Inventory.App\Pages\Item\BatchAddItemDialog.xaml.cs(1068,13): error CS0103: The name 'TxtWarrantyYears' does not exist in the current context [C:\Users\russel.mercado\source\repos\Yakult-System-New\Yakult.Inventory.App\Yakult.Inventory.App.csproj]
C:\Users\russel.mercado\source\repos\Yakult-System-New\Yakult.Inventory.App\Pages\Item\EditItemDialog.xaml.cs(300,17): error CS0103: The name 'CmbCondition' does not exist in the current context [C:\Users\russel.mercado\source\repos\Yakult-System-New\Yakult.Inventory.App\Yakult.Inventory.App.csproj]
C:\Users\russel.mercado\source\repos\Yakult-System-New\Yakult.Inventory.App\Pages\Item\EditItemDialog.xaml.cs(316,29): error CS0103: The name 'CmbCondition' does not exist in the current context [C:\Users\russel.mercado\source\repos\Yakult-System-New\Yakult.Inventory.App\Yakult.Inventory.App.csproj]
C:\Users\russel.mercado\source\repos\Yakult-System-New\Yakult.Inventory.App\Pages\Item\EditItemDialog.xaml.cs(325,37): error CS0103: The name 'CmbCondition' does not exist in the current context [C:\Users\russel.mercado\source\repos\Yakult-System-New\Yakult.Inventory.App\Yakult.Inventory.App.csproj]
C:\Users\russel.mercado\source\repos\Yakult-System-New\Yakult.Inventory.App\Pages\Item\EditItemDialog.xaml.cs(327,25): error CS0103: The name 'CmbCondition' does not exist in the current context [C:\Users\russel.mercado\source\repos\Yakult-System-New\Yakult.Inventory.App\Yakult.Inventory.App.csproj]
C:\Users\russel.mercado\source\repos\Yakult-System-New\Yakult.Inventory.App\Pages\Item\EditItemDialog.xaml.cs(330,25): error CS0103: The name 'CmbCondition' does not exist in the current context [C:\Users\russel.mercado\source\repos\Yakult-System-New\Yakult.Inventory.App\Yakult.Inventory.App.csproj]
C:\Users\russel.mercado\source\repos\Yakult-System-New\Yakult.Inventory.App\Pages\Item\EditItemDialog.xaml.cs(335,21): error CS0103: The name 'CmbCondition' does not exist in the current context [C:\Users\russel.mercado\source\repos\Yakult-System-New\Yakult.Inventory.App\Yakult.Inventory.App.csproj]
C:\Users\russel.mercado\source\repos\Yakult-System-New\Yakult.Inventory.App\Pages\Item\EditItemDialog.xaml.cs(335,55): error CS0103: The name 'CmbCondition' does not exist in the current context [C:\Users\russel.mercado\source\repos\Yakult-System-New\Yakult.Inventory.App\Yakult.Inventory.App.csproj]
C:\Users\russel.mercado\source\repos\Yakult-System-New\Yakult.Inventory.App\Pages\Item\EditItemDialog.xaml.cs(336,21): error CS0103: The name 'CmbCondition' does not exist in the current context [C:\Users\russel.mercado\source\repos\Yakult-System-New\Yakult.Inventory.App\Yakult.Inventory.App.csproj]
C:\Users\russel.mercado\source\repos\Yakult-System-New\Yakult.Inventory.App\Pages\Item\BatchAddItemDialog.xaml.cs(1073,32): error CS0103: The name 'CmbItemType' does not exist in the current context [C:\Users\russel.mercado\source\repos\Yakult-System-New\Yakult.Inventory.App\Yakult.Inventory.App.csproj]
C:\Users\russel.mercado\source\repos\Yakult-System-New\Yakult.Inventory.App\Pages\Item\BatchAddItemDialog.xaml.cs(1078,18): error CS0103: The name 'DpStartDate' does not exist in the current context [C:\Users\russel.mercado\source\repos\Yakult-System-New\Yakult.Inventory.App\Yakult.Inventory.App.csproj]
C:\Users\russel.mercado\source\repos\Yakult-System-New\Yakult.Inventory.App\Pages\Item\BatchAddItemDialog.xaml.cs(1078,56): error CS0103: The name 'DpEndDate' does not exist in the current context [C:\Users\russel.mercado\source\repos\Yakult-System-New\Yakult.Inventory.App\Yakult.Inventory.App.csproj]
C:\Users\russel.mercado\source\repos\Yakult-System-New\Yakult.Inventory.App\Pages\Item\BatchAddItemDialog.xaml.cs(1080,17): error CS0103: The name 'RowWarrantyInfoBand' does not exist in the current context [C:\Users\russel.mercado\source\repos\Yakult-System-New\Yakult.Inventory.App\Yakult.Inventory.App.csproj]
C:\Users\russel.mercado\source\repos\Yakult-System-New\Yakult.Inventory.App\Pages\Item\BatchAddItemDialog.xaml.cs(1084,13): error CS0103: The name 'RowWarrantyInfoBand' does not exist in the current context [C:\Users\russel.mercado\source\repos\Yakult-System-New\Yakult.Inventory.App\Yakult.Inventory.App.csproj]
C:\Users\russel.mercado\source\repos\Yakult-System-New\Yakult.Inventory.App\Pages\Item\BatchAddItemDialog.xaml.cs(1085,29): error CS0103: The name 'DpStartDate' does not exist in the current context [C:\Users\russel.mercado\source\repos\Yakult-System-New\Yakult.Inventory.App\Yakult.Inventory.App.csproj]
C:\Users\russel.mercado\source\repos\Yakult-System-New\Yakult.Inventory.App\Pages\Item\BatchAddItemDialog.xaml.cs(1086,29): error CS0103: The name 'DpEndDate' does not exist in the current context [C:\Users\russel.mercado\source\repos\Yakult-System-New\Yakult.Inventory.App\Yakult.Inventory.App.csproj]
C:\Users\russel.mercado\source\repos\Yakult-System-New\Yakult.Inventory.App\Pages\Item\BatchAddItemDialog.xaml.cs(1090,17): error CS0103: The name 'LblWarrantyInfo' does not exist in the current context [C:\Users\russel.mercado\source\repos\Yakult-System-New\Yakult.Inventory.App\Yakult.Inventory.App.csproj]
C:\Users\russel.mercado\source\repos\Yakult-System-New\Yakult.Inventory.App\Pages\Item\BatchAddItemDialog.xaml.cs(1091,17): error CS0103: The name 'LblWarrantyInfo' does not exist in the current context [C:\Users\russel.mercado\source\repos\Yakult-System-New\Yakult.Inventory.App\Yakult.Inventory.App.csproj]
C:\Users\russel.mercado\source\repos\Yakult-System-New\Yakult.Inventory.App\Pages\Item\BatchAddItemDialog.xaml.cs(1103,13): error CS0103: The name 'LblWarrantyInfo' does not exist in the current context [C:\Users\russel.mercado\source\repos\Yakult-System-New\Yakult.Inventory.App\Yakult.Inventory.App.csproj]
C:\Users\russel.mercado\source\repos\Yakult-System-New\Yakult.Inventory.App\Pages\Item\BatchAddItemDialog.xaml.cs(1104,13): error CS0103: The name 'LblWarrantyInfo' does not exist in the current context [C:\Users\russel.mercado\source\repos\Yakult-System-New\Yakult.Inventory.App\Yakult.Inventory.App.csproj]
C:\Users\russel.mercado\source\repos\Yakult-System-New\Yakult.Inventory.App\Pages\Item\EditItemDialog.xaml.cs(349,17): error CS0103: The name 'CmbVendor' does not exist in the current context [C:\Users\russel.mercado\source\repos\Yakult-System-New\Yakult.Inventory.App\Yakult.Inventory.App.csproj]
C:\Users\russel.mercado\source\repos\Yakult-System-New\Yakult.Inventory.App\Pages\Item\EditItemDialog.xaml.cs(351,17): error CS0103: The name 'CmbVendor' does not exist in the current context [C:\Users\russel.mercado\source\repos\Yakult-System-New\Yakult.Inventory.App\Yakult.Inventory.App.csproj]
C:\Users\russel.mercado\source\repos\Yakult-System-New\Yakult.Inventory.App\Pages\Item\EditItemDialog.xaml.cs(373,29): error CS0103: The name 'CmbVendor' does not exist in the current context [C:\Users\russel.mercado\source\repos\Yakult-System-New\Yakult.Inventory.App\Yakult.Inventory.App.csproj]
C:\Users\russel.mercado\source\repos\Yakult-System-New\Yakult.Inventory.App\Pages\Item\EditItemDialog.xaml.cs(382,21): error CS0103: The name 'CmbVendor' does not exist in the current context [C:\Users\russel.mercado\source\repos\Yakult-System-New\Yakult.Inventory.App\Yakult.Inventory.App.csproj]
C:\Users\russel.mercado\source\repos\Yakult-System-New\Yakult.Inventory.App\Pages\Item\EditItemDialog.xaml.cs(383,21): error CS0103: The name 'CmbVendor' does not exist in the current context [C:\Users\russel.mercado\source\repos\Yakult-System-New\Yakult.Inventory.App\Yakult.Inventory.App.csproj]
C:\Users\russel.mercado\source\repos\Yakult-System-New\Yakult.Inventory.App\Pages\Item\BatchAddItemDialog.xaml.cs(1116,37): error CS0103: The name 'CmbCategory' does not exist in the current context [C:\Users\russel.mercado\source\repos\Yakult-System-New\Yakult.Inventory.App\Yakult.Inventory.App.csproj]
C:\Users\russel.mercado\source\repos\Yakult-System-New\Yakult.Inventory.App\Pages\Item\BatchAddItemDialog.xaml.cs(1118,25): error CS0103: The name 'CmbCategory' does not exist in the current context [C:\Users\russel.mercado\source\repos\Yakult-System-New\Yakult.Inventory.App\Yakult.Inventory.App.csproj]
C:\Users\russel.mercado\source\repos\Yakult-System-New\Yakult.Inventory.App\Pages\Item\BatchAddItemDialog.xaml.cs(1119,23): error CS0103: The name 'CmbCategory' does not exist in the current context [C:\Users\russel.mercado\source\repos\Yakult-System-New\Yakult.Inventory.App\Yakult.Inventory.App.csproj]
C:\Users\russel.mercado\source\repos\Yakult-System-New\Yakult.Inventory.App\Pages\Item\BatchAddItemDialog.xaml.cs(1132,41): error CS0103: The name 'CmbVendor' does not exist in the current context [C:\Users\russel.mercado\source\repos\Yakult-System-New\Yakult.Inventory.App\Yakult.Inventory.App.csproj]
C:\Users\russel.mercado\source\repos\Yakult-System-New\Yakult.Inventory.App\Pages\Item\BatchAddItemDialog.xaml.cs(1134,29): error CS0103: The name 'CmbVendor' does not exist in the current context [C:\Users\russel.mercado\source\repos\Yakult-System-New\Yakult.Inventory.App\Yakult.Inventory.App.csproj]
C:\Users\russel.mercado\source\repos\Yakult-System-New\Yakult.Inventory.App\Pages\Item\BatchAddItemDialog.xaml.cs(1135,27): error CS0103: The name 'CmbVendor' does not exist in the current context [C:\Users\russel.mercado\source\repos\Yakult-System-New\Yakult.Inventory.App\Yakult.Inventory.App.csproj]
C:\Users\russel.mercado\source\repos\Yakult-System-New\Yakult.Inventory.App\Pages\Item\EditItemDialog.xaml.cs(396,17): error CS0103: The name 'CmbCartridgeModel' does not exist in the current context [C:\Users\russel.mercado\source\repos\Yakult-System-New\Yakult.Inventory.App\Yakult.Inventory.App.csproj]
C:\Users\russel.mercado\source\repos\Yakult-System-New\Yakult.Inventory.App\Pages\Item\EditItemDialog.xaml.cs(397,17): error CS0103: The name 'CmbCartridgeModel' does not exist in the current context [C:\Users\russel.mercado\source\repos\Yakult-System-New\Yakult.Inventory.App\Yakult.Inventory.App.csproj]
C:\Users\russel.mercado\source\repos\Yakult-System-New\Yakult.Inventory.App\Pages\Item\EditItemDialog.xaml.cs(399,17): error CS0103: The name 'CmbCartridgeModel' does not exist in the current context [C:\Users\russel.mercado\source\repos\Yakult-System-New\Yakult.Inventory.App\Yakult.Inventory.App.csproj]
C:\Users\russel.mercado\source\repos\Yakult-System-New\Yakult.Inventory.App\Pages\Item\EditItemDialog.xaml.cs(412,21): error CS0103: The name 'CmbCartridgeModel' does not exist in the current context [C:\Users\russel.mercado\source\repos\Yakult-System-New\Yakult.Inventory.App\Yakult.Inventory.App.csproj]
C:\Users\russel.mercado\source\repos\Yakult-System-New\Yakult.Inventory.App\Pages\Item\EditItemDialog.xaml.cs(423,41): error CS0103: The name 'CmbCartridgeModel' does not exist in the current context [C:\Users\russel.mercado\source\repos\Yakult-System-New\Yakult.Inventory.App\Yakult.Inventory.App.csproj]
C:\Users\russel.mercado\source\repos\Yakult-System-New\Yakult.Inventory.App\Pages\Item\EditItemDialog.xaml.cs(425,29): error CS0103: The name 'CmbCartridgeModel' does not exist in the current context [C:\Users\russel.mercado\source\repos\Yakult-System-New\Yakult.Inventory.App\Yakult.Inventory.App.csproj]
C:\Users\russel.mercado\source\repos\Yakult-System-New\Yakult.Inventory.App\Pages\Item\EditItemDialog.xaml.cs(428,29): error CS0103: The name 'CmbCartridgeModel' does not exist in the current context [C:\Users\russel.mercado\source\repos\Yakult-System-New\Yakult.Inventory.App\Yakult.Inventory.App.csproj]
C:\Users\russel.mercado\source\repos\Yakult-System-New\Yakult.Inventory.App\Pages\Item\EditItemDialog.xaml.cs(435,41): error CS0103: The name 'CmbCartridgeModel' does not exist in the current context [C:\Users\russel.mercado\source\repos\Yakult-System-New\Yakult.Inventory.App\Yakult.Inventory.App.csproj]
C:\Users\russel.mercado\source\repos\Yakult-System-New\Yakult.Inventory.App\Pages\Item\EditItemDialog.xaml.cs(437,29): error CS0103: The name 'CmbCartridgeModel' does not exist in the current context [C:\Users\russel.mercado\source\repos\Yakult-System-New\Yakult.Inventory.App\Yakult.Inventory.App.csproj]
C:\Users\russel.mercado\source\repos\Yakult-System-New\Yakult.Inventory.App\Pages\Item\EditItemDialog.xaml.cs(441,29): error CS0103: The name 'CmbCartridgeModel' does not exist in the current context [C:\Users\russel.mercado\source\repos\Yakult-System-New\Yakult.Inventory.App\Yakult.Inventory.App.csproj]
C:\Users\russel.mercado\source\repos\Yakult-System-New\Yakult.Inventory.App\Pages\Item\EditItemDialog.xaml.cs(447,21): error CS0103: The name 'CmbCartridgeModel' does not exist in the current context [C:\Users\russel.mercado\source\repos\Yakult-System-New\Yakult.Inventory.App\Yakult.Inventory.App.csproj]
C:\Users\russel.mercado\source\repos\Yakult-System-New\Yakult.Inventory.App\Pages\Item\EditItemDialog.xaml.cs(447,60): error CS0103: The name 'CmbCartridgeModel' does not exist in the current context [C:\Users\russel.mercado\source\repos\Yakult-System-New\Yakult.Inventory.App\Yakult.Inventory.App.csproj]
C:\Users\russel.mercado\source\repos\Yakult-System-New\Yakult.Inventory.App\Pages\Item\EditItemDialog.xaml.cs(448,21): error CS0103: The name 'CmbCartridgeModel' does not exist in the current context [C:\Users\russel.mercado\source\repos\Yakult-System-New\Yakult.Inventory.App\Yakult.Inventory.App.csproj]
C:\Users\russel.mercado\source\repos\Yakult-System-New\Yakult.Inventory.App\Pages\Item\EditItemDialog.xaml.cs(450,17): error CS0103: The name 'CmbCartridgeModel' does not exist in the current context [C:\Users\russel.mercado\source\repos\Yakult-System-New\Yakult.Inventory.App\Yakult.Inventory.App.csproj]
C:\Users\russel.mercado\source\repos\Yakult-System-New\Yakult.Inventory.App\Pages\Item\EditItemDialog.xaml.cs(454,17): error CS0103: The name 'CmbCartridgeModel' does not exist in the current context [C:\Users\russel.mercado\source\repos\Yakult-System-New\Yakult.Inventory.App\Yakult.Inventory.App.csproj]
C:\Users\russel.mercado\source\repos\Yakult-System-New\Yakult.Inventory.App\Pages\Item\SellDisposeDialog.xaml.cs(68,17): error CS0103: The name 'TxtTitle' does not exist in the current context [C:\Users\russel.mercado\source\repos\Yakult-System-New\Yakult.Inventory.App\Yakult.Inventory.App.csproj]
C:\Users\russel.mercado\source\repos\Yakult-System-New\Yakult.Inventory.App\Pages\Item\SellDisposeDialog.xaml.cs(69,17): error CS0103: The name 'TxtSubtitle' does not exist in the current context [C:\Users\russel.mercado\source\repos\Yakult-System-New\Yakult.Inventory.App\Yakult.Inventory.App.csproj]
C:\Users\russel.mercado\source\repos\Yakult-System-New\Yakult.Inventory.App\Pages\Item\SellDisposeDialog.xaml.cs(70,17): error CS0103: The name 'TxtOkLabel' does not exist in the current context [C:\Users\russel.mercado\source\repos\Yakult-System-New\Yakult.Inventory.App\Yakult.Inventory.App.csproj]
C:\Users\russel.mercado\source\repos\Yakult-System-New\Yakult.Inventory.App\Pages\Item\SellDisposeDialog.xaml.cs(72,17): error CS0103: The name 'HeaderBar' does not exist in the current context [C:\Users\russel.mercado\source\repos\Yakult-System-New\Yakult.Inventory.App\Yakult.Inventory.App.csproj]
C:\Users\russel.mercado\source\repos\Yakult-System-New\Yakult.Inventory.App\Pages\Item\SellDisposeDialog.xaml.cs(73,17): error CS0103: The name 'BtnOk' does not exist in the current context [C:\Users\russel.mercado\source\repos\Yakult-System-New\Yakult.Inventory.App\Yakult.Inventory.App.csproj]
C:\Users\russel.mercado\source\repos\Yakult-System-New\Yakult.Inventory.App\Pages\Item\SellDisposeDialog.xaml.cs(74,17): error CS0103: The name 'CountBadge' does not exist in the current context [C:\Users\russel.mercado\source\repos\Yakult-System-New\Yakult.Inventory.App\Yakult.Inventory.App.csproj]
C:\Users\russel.mercado\source\repos\Yakult-System-New\Yakult.Inventory.App\Pages\Item\SellDisposeDialog.xaml.cs(75,17): error CS0103: The name 'TxtWarning' does not exist in the current context [C:\Users\russel.mercado\source\repos\Yakult-System-New\Yakult.Inventory.App\Yakult.Inventory.App.csproj]
C:\Users\russel.mercado\source\repos\Yakult-System-New\Yakult.Inventory.App\Pages\Item\SellDisposeDialog.xaml.cs(79,17): error CS0103: The name 'AmountPanel' does not exist in the current context [C:\Users\russel.mercado\source\repos\Yakult-System-New\Yakult.Inventory.App\Yakult.Inventory.App.csproj]
C:\Users\russel.mercado\source\repos\Yakult-System-New\Yakult.Inventory.App\Pages\Item\SellDisposeDialog.xaml.cs(80,17): error CS0103: The name 'AmountPanel' does not exist in the current context [C:\Users\russel.mercado\source\repos\Yakult-System-New\Yakult.Inventory.App\Yakult.Inventory.App.csproj]
C:\Users\russel.mercado\source\repos\Yakult-System-New\Yakult.Inventory.App\Pages\Item\SellDisposeDialog.xaml.cs(85,21): error CS0103: The name 'BulkBanner' does not exist in the current context [C:\Users\russel.mercado\source\repos\Yakult-System-New\Yakult.Inventory.App\Yakult.Inventory.App.csproj]
C:\Users\russel.mercado\source\repos\Yakult-System-New\Yakult.Inventory.App\Pages\Item\SellDisposeDialog.xaml.cs(86,21): error CS0103: The name 'TxtBulkBanner' does not exist in the current context [C:\Users\russel.mercado\source\repos\Yakult-System-New\Yakult.Inventory.App\Yakult.Inventory.App.csproj]
C:\Users\russel.mercado\source\repos\Yakult-System-New\Yakult.Inventory.App\Pages\Item\SellDisposeDialog.xaml.cs(87,21): error CS0103: The name 'TxtSubtitle' does not exist in the current context [C:\Users\russel.mercado\source\repos\Yakult-System-New\Yakult.Inventory.App\Yakult.Inventory.App.csproj]
C:\Users\russel.mercado\source\repos\Yakult-System-New\Yakult.Inventory.App\Pages\Item\SellDisposeDialog.xaml.cs(88,21): error CS0103: The name 'TxtSelectedHeader' does not exist in the current context [C:\Users\russel.mercado\source\repos\Yakult-System-New\Yakult.Inventory.App\Yakult.Inventory.App.csproj]
C:\Users\russel.mercado\source\repos\Yakult-System-New\Yakult.Inventory.App\Pages\Item\SellDisposeDialog.xaml.cs(89,21): error CS0103: The name 'TxtSelectedCount' does not exist in the current context [C:\Users\russel.mercado\source\repos\Yakult-System-New\Yakult.Inventory.App\Yakult.Inventory.App.csproj]
C:\Users\russel.mercado\source\repos\Yakult-System-New\Yakult.Inventory.App\Pages\Item\SellDisposeDialog.xaml.cs(90,21): error CS0103: The name 'TxtMoreHint' does not exist in the current context [C:\Users\russel.mercado\source\repos\Yakult-System-New\Yakult.Inventory.App\Yakult.Inventory.App.csproj]
C:\Users\russel.mercado\source\repos\Yakult-System-New\Yakult.Inventory.App\Pages\Item\SellDisposeDialog.xaml.cs(94,21): error CS0103: The name 'BulkBanner' does not exist in the current context [C:\Users\russel.mercado\source\repos\Yakult-System-New\Yakult.Inventory.App\Yakult.Inventory.App.csproj]
C:\Users\russel.mercado\source\repos\Yakult-System-New\Yakult.Inventory.App\Pages\Item\SellDisposeDialog.xaml.cs(97,21): error CS0103: The name 'TxtSubtitle' does not exist in the current context [C:\Users\russel.mercado\source\repos\Yakult-System-New\Yakult.Inventory.App\Yakult.Inventory.App.csproj]
C:\Users\russel.mercado\source\repos\Yakult-System-New\Yakult.Inventory.App\Pages\Item\SellDisposeDialog.xaml.cs(98,21): error CS0103: The name 'TxtSelectedHeader' does not exist in the current context [C:\Users\russel.mercado\source\repos\Yakult-System-New\Yakult.Inventory.App\Yakult.Inventory.App.csproj]
C:\Users\russel.mercado\source\repos\Yakult-System-New\Yakult.Inventory.App\Pages\Item\SellDisposeDialog.xaml.cs(99,21): error CS0103: The name 'TxtSelectedCount' does not exist in the current context [C:\Users\russel.mercado\source\repos\Yakult-System-New\Yakult.Inventory.App\Yakult.Inventory.App.csproj]
C:\Users\russel.mercado\source\repos\Yakult-System-New\Yakult.Inventory.App\Pages\Item\SellDisposeDialog.xaml.cs(100,21): error CS0103: The name 'TxtMoreHint' does not exist in the current context [C:\Users\russel.mercado\source\repos\Yakult-System-New\Yakult.Inventory.App\Yakult.Inventory.App.csproj]
C:\Users\russel.mercado\source\repos\Yakult-System-New\Yakult.Inventory.App\Pages\Item\SellDisposeDialog.xaml.cs(105,21): error CS0103: The name 'SelectedItemsGrid' does not exist in the current context [C:\Users\russel.mercado\source\repos\Yakult-System-New\Yakult.Inventory.App\Yakult.Inventory.App.csproj]
C:\Users\russel.mercado\source\repos\Yakult-System-New\Yakult.Inventory.App\Pages\Item\SellDisposeDialog.xaml.cs(106,21): error CS0103: The name 'SelectedItemsGrid' does not exist in the current context [C:\Users\russel.mercado\source\repos\Yakult-System-New\Yakult.Inventory.App\Yakult.Inventory.App.csproj]
C:\Users\russel.mercado\source\repos\Yakult-System-New\Yakult.Inventory.App\Pages\Item\SellDisposeDialog.xaml.cs(112,17): error CS0103: The name 'TxtQty' does not exist in the current context [C:\Users\russel.mercado\source\repos\Yakult-System-New\Yakult.Inventory.App\Yakult.Inventory.App.csproj]
C:\Users\russel.mercado\source\repos\Yakult-System-New\Yakult.Inventory.App\Pages\Item\BatchAddItemDialog.xaml.cs(1184,29): error CS0103: The name 'TxtModelNumber' does not exist in the current context [C:\Users\russel.mercado\source\repos\Yakult-System-New\Yakult.Inventory.App\Yakult.Inventory.App.csproj]
C:\Users\russel.mercado\source\repos\Yakult-System-New\Yakult.Inventory.App\Pages\Item\EditItemDialog.xaml.cs(499,17): error CS0103: The name 'CmbConsumableModel' does not exist in the current context [C:\Users\russel.mercado\source\repos\Yakult-System-New\Yakult.Inventory.App\Yakult.Inventory.App.csproj]
C:\Users\russel.mercado\source\repos\Yakult-System-New\Yakult.Inventory.App\Pages\Item\EditItemDialog.xaml.cs(500,17): error CS0103: The name 'CmbConsumableModel' does not exist in the current context [C:\Users\russel.mercado\source\repos\Yakult-System-New\Yakult.Inventory.App\Yakult.Inventory.App.csproj]
C:\Users\russel.mercado\source\repos\Yakult-System-New\Yakult.Inventory.App\Pages\Item\EditItemDialog.xaml.cs(502,17): error CS0103: The name 'CmbConsumableModel' does not exist in the current context [C:\Users\russel.mercado\source\repos\Yakult-System-New\Yakult.Inventory.App\Yakult.Inventory.App.csproj]
C:\Users\russel.mercado\source\repos\Yakult-System-New\Yakult.Inventory.App\Pages\Item\EditItemDialog.xaml.cs(508,64): error CS0103: The name 'CmbCategory' does not exist in the current context [C:\Users\russel.mercado\source\repos\Yakult-System-New\Yakult.Inventory.App\Yakult.Inventory.App.csproj]
C:\Users\russel.mercado\source\repos\Yakult-System-New\Yakult.Inventory.App\Pages\Item\EditItemDialog.xaml.cs(515,21): error CS0103: The name 'CmbConsumableModel' does not exist in the current context [C:\Users\russel.mercado\source\repos\Yakult-System-New\Yakult.Inventory.App\Yakult.Inventory.App.csproj]
C:\Users\russel.mercado\source\repos\Yakult-System-New\Yakult.Inventory.App\Pages\Item\EditItemDialog.xaml.cs(524,41): error CS0103: The name 'CmbConsumableModel' does not exist in the current context [C:\Users\russel.mercado\source\repos\Yakult-System-New\Yakult.Inventory.App\Yakult.Inventory.App.csproj]
C:\Users\russel.mercado\source\repos\Yakult-System-New\Yakult.Inventory.App\Pages\Item\EditItemDialog.xaml.cs(526,29): error CS0103: The name 'CmbConsumableModel' does not exist in the current context [C:\Users\russel.mercado\source\repos\Yakult-System-New\Yakult.Inventory.App\Yakult.Inventory.App.csproj]
C:\Users\russel.mercado\source\repos\Yakult-System-New\Yakult.Inventory.App\Pages\Item\EditItemDialog.xaml.cs(529,29): error CS0103: The name 'CmbConsumableModel' does not exist in the current context [C:\Users\russel.mercado\source\repos\Yakult-System-New\Yakult.Inventory.App\Yakult.Inventory.App.csproj]
C:\Users\russel.mercado\source\repos\Yakult-System-New\Yakult.Inventory.App\Pages\Item\EditItemDialog.xaml.cs(536,41): error CS0103: The name 'CmbConsumableModel' does not exist in the current context [C:\Users\russel.mercado\source\repos\Yakult-System-New\Yakult.Inventory.App\Yakult.Inventory.App.csproj]
C:\Users\russel.mercado\source\repos\Yakult-System-New\Yakult.Inventory.App\Pages\Item\EditItemDialog.xaml.cs(538,29): error CS0103: The name 'CmbConsumableModel' does not exist in the current context [C:\Users\russel.mercado\source\repos\Yakult-System-New\Yakult.Inventory.App\Yakult.Inventory.App.csproj]
C:\Users\russel.mercado\source\repos\Yakult-System-New\Yakult.Inventory.App\Pages\Item\EditItemDialog.xaml.cs(542,29): error CS0103: The name 'CmbConsumableModel' does not exist in the current context [C:\Users\russel.mercado\source\repos\Yakult-System-New\Yakult.Inventory.App\Yakult.Inventory.App.csproj]
C:\Users\russel.mercado\source\repos\Yakult-System-New\Yakult.Inventory.App\Pages\Item\EditItemDialog.xaml.cs(548,21): error CS0103: The name 'CmbConsumableModel' does not exist in the current context [C:\Users\russel.mercado\source\repos\Yakult-System-New\Yakult.Inventory.App\Yakult.Inventory.App.csproj]
C:\Users\russel.mercado\source\repos\Yakult-System-New\Yakult.Inventory.App\Pages\Item\EditItemDialog.xaml.cs(548,61): error CS0103: The name 'CmbConsumableModel' does not exist in the current context [C:\Users\russel.mercado\source\repos\Yakult-System-New\Yakult.Inventory.App\Yakult.Inventory.App.csproj]
C:\Users\russel.mercado\source\repos\Yakult-System-New\Yakult.Inventory.App\Pages\Item\EditItemDialog.xaml.cs(549,21): error CS0103: The name 'CmbConsumableModel' does not exist in the current context [C:\Users\russel.mercado\source\repos\Yakult-System-New\Yakult.Inventory.App\Yakult.Inventory.App.csproj]
C:\Users\russel.mercado\source\repos\Yakult-System-New\Yakult.Inventory.App\Pages\Item\EditItemDialog.xaml.cs(551,17): error CS0103: The name 'CmbConsumableModel' does not exist in the current context [C:\Users\russel.mercado\source\repos\Yakult-System-New\Yakult.Inventory.App\Yakult.Inventory.App.csproj]
C:\Users\russel.mercado\source\repos\Yakult-System-New\Yakult.Inventory.App\Pages\Item\EditItemDialog.xaml.cs(555,17): error CS0103: The name 'CmbConsumableModel' does not exist in the current context [C:\Users\russel.mercado\source\repos\Yakult-System-New\Yakult.Inventory.App\Yakult.Inventory.App.csproj]
C:\Users\russel.mercado\source\repos\Yakult-System-New\Yakult.Inventory.App\Pages\Item\BatchAddItemDialog.xaml.cs(1269,60): error CS0103: The name 'CmbCategory' does not exist in the current context [C:\Users\russel.mercado\source\repos\Yakult-System-New\Yakult.Inventory.App\Yakult.Inventory.App.csproj]
C:\Users\russel.mercado\source\repos\Yakult-System-New\Yakult.Inventory.App\Pages\Item\BatchAddItemDialog.xaml.cs(1298,29): error CS0103: The name 'TxtModelNumber' does not exist in the current context [C:\Users\russel.mercado\source\repos\Yakult-System-New\Yakult.Inventory.App\Yakult.Inventory.App.csproj]
C:\Users\russel.mercado\source\repos\Yakult-System-New\Yakult.Inventory.App\Pages\Item\InvoiceCsvImportDialog.xaml.cs(391,24): error CS0103: The name 'TxtCsvPath' does not exist in the current context [C:\Users\russel.mercado\source\repos\Yakult-System-New\Yakult.Inventory.App\Yakult.Inventory.App.csproj]
C:\Users\russel.mercado\source\repos\Yakult-System-New\Yakult.Inventory.App\Pages\Item\InvoiceCsvImportDialog.xaml.cs(405,21): error CS0103: The name 'LblStatus' does not exist in the current context [C:\Users\russel.mercado\source\repos\Yakult-System-New\Yakult.Inventory.App\Yakult.Inventory.App.csproj]
C:\Users\russel.mercado\source\repos\Yakult-System-New\Yakult.Inventory.App\Pages\Item\InvoiceCsvImportDialog.xaml.cs(406,21): error CS0103: The name 'BannerWarn' does not exist in the current context [C:\Users\russel.mercado\source\repos\Yakult-System-New\Yakult.Inventory.App\Yakult.Inventory.App.csproj]
C:\Users\russel.mercado\source\repos\Yakult-System-New\Yakult.Inventory.App\Pages\Item\InvoiceCsvImportDialog.xaml.cs(407,21): error CS0103: The name 'LblWarnNotice' does not exist in the current context [C:\Users\russel.mercado\source\repos\Yakult-System-New\Yakult.Inventory.App\Yakult.Inventory.App.csproj]
C:\Users\russel.mercado\source\repos\Yakult-System-New\Yakult.Inventory.App\Pages\Item\InvoiceCsvImportDialog.xaml.cs(412,17): error CS0103: The name 'PreviewGrid' does not exist in the current context [C:\Users\russel.mercado\source\repos\Yakult-System-New\Yakult.Inventory.App\Yakult.Inventory.App.csproj]
C:\Users\russel.mercado\source\repos\Yakult-System-New\Yakult.Inventory.App\Pages\Item\InvoiceCsvImportDialog.xaml.cs(413,17): error CS0103: The name 'PreviewGrid' does not exist in the current context [C:\Users\russel.mercado\source\repos\Yakult-System-New\Yakult.Inventory.App\Yakult.Inventory.App.csproj]
C:\Users\russel.mercado\source\repos\Yakult-System-New\Yakult.Inventory.App\Pages\Item\InvoiceCsvImportDialog.xaml.cs(414,17): error CS0103: The name 'LblEmptyState' does not exist in the current context [C:\Users\russel.mercado\source\repos\Yakult-System-New\Yakult.Inventory.App\Yakult.Inventory.App.csproj]
C:\Users\russel.mercado\source\repos\Yakult-System-New\Yakult.Inventory.App\Pages\Item\InvoiceCsvImportDialog.xaml.cs(442,17): error CS0103: The name 'LblStatus' does not exist in the current context [C:\Users\russel.mercado\source\repos\Yakult-System-New\Yakult.Inventory.App\Yakult.Inventory.App.csproj]
C:\Users\russel.mercado\source\repos\Yakult-System-New\Yakult.Inventory.App\Pages\Item\InvoiceCsvImportDialog.xaml.cs(446,21): error CS0103: The name 'LblWarnNotice' does not exist in the current context [C:\Users\russel.mercado\source\repos\Yakult-System-New\Yakult.Inventory.App\Yakult.Inventory.App.csproj]
C:\Users\russel.mercado\source\repos\Yakult-System-New\Yakult.Inventory.App\Pages\Item\InvoiceCsvImportDialog.xaml.cs(447,21): error CS0103: The name 'BannerWarn' does not exist in the current context [C:\Users\russel.mercado\source\repos\Yakult-System-New\Yakult.Inventory.App\Yakult.Inventory.App.csproj]
C:\Users\russel.mercado\source\repos\Yakult-System-New\Yakult.Inventory.App\Pages\Item\InvoiceCsvImportDialog.xaml.cs(451,21): error CS0103: The name 'BannerWarn' does not exist in the current context [C:\Users\russel.mercado\source\repos\Yakult-System-New\Yakult.Inventory.App\Yakult.Inventory.App.csproj]
C:\Users\russel.mercado\source\repos\Yakult-System-New\Yakult.Inventory.App\Pages\Item\InvoiceCsvImportDialog.xaml.cs(454,17): error CS0103: The name 'BtnImport' does not exist in the current context [C:\Users\russel.mercado\source\repos\Yakult-System-New\Yakult.Inventory.App\Yakult.Inventory.App.csproj]
C:\Users\russel.mercado\source\repos\Yakult-System-New\Yakult.Inventory.App\Pages\Item\InvoiceCsvImportDialog.xaml.cs(458,17): error CS0103: The name 'LblStatus' does not exist in the current context [C:\Users\russel.mercado\source\repos\Yakult-System-New\Yakult.Inventory.App\Yakult.Inventory.App.csproj]
C:\Users\russel.mercado\source\repos\Yakult-System-New\Yakult.Inventory.App\Pages\Item\InvoiceBuilderDialog.xaml.cs(1043,17): error CS0103: The name 'LblSubtotal' does not exist in the current context [C:\Users\russel.mercado\source\repos\Yakult-System-New\Yakult.Inventory.App\Yakult.Inventory.App.csproj]
C:\Users\russel.mercado\source\repos\Yakult-System-New\Yakult.Inventory.App\Pages\Item\InvoiceBuilderDialog.xaml.cs(1048,43): error CS0103: The name 'TxtVatPercent' does not exist in the current context [C:\Users\russel.mercado\source\repos\Yakult-System-New\Yakult.Inventory.App\Yakult.Inventory.App.csproj]
C:\Users\russel.mercado\source\repos\Yakult-System-New\Yakult.Inventory.App\Pages\Item\InvoiceBuilderDialog.xaml.cs(1049,44): error CS0103: The name 'TxtDiscountPercent' does not exist in the current context [C:\Users\russel.mercado\source\repos\Yakult-System-New\Yakult.Inventory.App\Yakult.Inventory.App.csproj]
C:\Users\russel.mercado\source\repos\Yakult-System-New\Yakult.Inventory.App\Pages\Item\InvoiceBuilderDialog.xaml.cs(1050,43): error CS0103: The name 'TxtWhtPercent' does not exist in the current context [C:\Users\russel.mercado\source\repos\Yakult-System-New\Yakult.Inventory.App\Yakult.Inventory.App.csproj]
C:\Users\russel.mercado\source\repos\Yakult-System-New\Yakult.Inventory.App\Pages\Item\InvoiceBuilderDialog.xaml.cs(1058,13): error CS0103: The name 'LblSubtotal' does not exist in the current context [C:\Users\russel.mercado\source\repos\Yakult-System-New\Yakult.Inventory.App\Yakult.Inventory.App.csproj]
C:\Users\russel.mercado\source\repos\Yakult-System-New\Yakult.Inventory.App\Pages\Item\InvoiceBuilderDialog.xaml.cs(1059,13): error CS0103: The name 'LblVat' does not exist in the current context [C:\Users\russel.mercado\source\repos\Yakult-System-New\Yakult.Inventory.App\Yakult.Inventory.App.csproj]
C:\Users\russel.mercado\source\repos\Yakult-System-New\Yakult.Inventory.App\Pages\Item\InvoiceBuilderDialog.xaml.cs(1060,13): error CS0103: The name 'LblDiscount' does not exist in the current context [C:\Users\russel.mercado\source\repos\Yakult-System-New\Yakult.Inventory.App\Yakult.Inventory.App.csproj]
C:\Users\russel.mercado\source\repos\Yakult-System-New\Yakult.Inventory.App\Pages\Item\InvoiceBuilderDialog.xaml.cs(1061,13): error CS0103: The name 'LblWht' does not exist in the current context [C:\Users\russel.mercado\source\repos\Yakult-System-New\Yakult.Inventory.App\Yakult.Inventory.App.csproj]
C:\Users\russel.mercado\source\repos\Yakult-System-New\Yakult.Inventory.App\Pages\Item\InvoiceBuilderDialog.xaml.cs(1062,13): error CS0103: The name 'LblTotalDue' does not exist in the current context [C:\Users\russel.mercado\source\repos\Yakult-System-New\Yakult.Inventory.App\Yakult.Inventory.App.csproj]
C:\Users\russel.mercado\source\repos\Yakult-System-New\Yakult.Inventory.App\Pages\Item\InvoiceBuilderDialog.xaml.cs(1066,13): error CS0103: The name 'LblStatus' does not exist in the current context [C:\Users\russel.mercado\source\repos\Yakult-System-New\Yakult.Inventory.App\Yakult.Inventory.App.csproj]
C:\Users\russel.mercado\source\repos\Yakult-System-New\Yakult.Inventory.App\Pages\Item\SellDisposeDialog.xaml.cs(161,21): error CS0103: The name 'TxtQty' does not exist in the current context [C:\Users\russel.mercado\source\repos\Yakult-System-New\Yakult.Inventory.App\Yakult.Inventory.App.csproj]
C:\Users\russel.mercado\source\repos\Yakult-System-New\Yakult.Inventory.App\Pages\Item\SellDisposeDialog.xaml.cs(161,39): error CS0103: The name 'BtnOk' does not exist in the current context [C:\Users\russel.mercado\source\repos\Yakult-System-New\Yakult.Inventory.App\Yakult.Inventory.App.csproj]
C:\Users\russel.mercado\source\repos\Yakult-System-New\Yakult.Inventory.App\Pages\Item\SellDisposeDialog.xaml.cs(162,35): error CS0103: The name 'TxtQty' does not exist in the current context [C:\Users\russel.mercado\source\repos\Yakult-System-New\Yakult.Inventory.App\Yakult.Inventory.App.csproj]
C:\Users\russel.mercado\source\repos\Yakult-System-New\Yakult.Inventory.App\Pages\Item\SellDisposeDialog.xaml.cs(164,21): error CS0103: The name 'TxtQty' does not exist in the current context [C:\Users\russel.mercado\source\repos\Yakult-System-New\Yakult.Inventory.App\Yakult.Inventory.App.csproj]
C:\Users\russel.mercado\source\repos\Yakult-System-New\Yakult.Inventory.App\Pages\Item\SellDisposeDialog.xaml.cs(165,21): error CS0103: The name 'BtnOk' does not exist in the current context [C:\Users\russel.mercado\source\repos\Yakult-System-New\Yakult.Inventory.App\Yakult.Inventory.App.csproj]
C:\Users\russel.mercado\source\repos\Yakult-System-New\Yakult.Inventory.App\Pages\Item\SellDisposeDialog.xaml.cs(174,21): error CS0103: The name 'TxtQty' does not exist in the current context [C:\Users\russel.mercado\source\repos\Yakult-System-New\Yakult.Inventory.App\Yakult.Inventory.App.csproj]
C:\Users\russel.mercado\source\repos\Yakult-System-New\Yakult.Inventory.App\Pages\Item\SellDisposeDialog.xaml.cs(175,21): error CS0103: The name 'BtnOk' does not exist in the current context [C:\Users\russel.mercado\source\repos\Yakult-System-New\Yakult.Inventory.App\Yakult.Inventory.App.csproj]
C:\Users\russel.mercado\source\repos\Yakult-System-New\Yakult.Inventory.App\Pages\Item\SellDisposeDialog.xaml.cs(178,17): error CS0103: The name 'TxtQty' does not exist in the current context [C:\Users\russel.mercado\source\repos\Yakult-System-New\Yakult.Inventory.App\Yakult.Inventory.App.csproj]
C:\Users\russel.mercado\source\repos\Yakult-System-New\Yakult.Inventory.App\Pages\Item\SellDisposeDialog.xaml.cs(179,17): error CS0103: The name 'BtnOk' does not exist in the current context [C:\Users\russel.mercado\source\repos\Yakult-System-New\Yakult.Inventory.App\Yakult.Inventory.App.csproj]
C:\Users\russel.mercado\source\repos\Yakult-System-New\Yakult.Inventory.App\Pages\Item\BatchAddItemDialog.xaml.cs(1377,13): error CS0103: The name 'LstPreview' does not exist in the current context [C:\Users\russel.mercado\source\repos\Yakult-System-New\Yakult.Inventory.App\Yakult.Inventory.App.csproj]
C:\Users\russel.mercado\source\repos\Yakult-System-New\Yakult.Inventory.App\Pages\Item\BatchAddItemDialog.xaml.cs(1381,17): error CS0103: The name 'LstPreview' does not exist in the current context [C:\Users\russel.mercado\source\repos\Yakult-System-New\Yakult.Inventory.App\Yakult.Inventory.App.csproj]
C:\Users\russel.mercado\source\repos\Yakult-System-New\Yakult.Inventory.App\Pages\Item\BatchAddItemDialog.xaml.cs(1382,17): error CS0103: The name 'LstPreview' does not exist in the current context [C:\Users\russel.mercado\source\repos\Yakult-System-New\Yakult.Inventory.App\Yakult.Inventory.App.csproj]
C:\Users\russel.mercado\source\repos\Yakult-System-New\Yakult.Inventory.App\Pages\Item\BatchAddItemDialog.xaml.cs(1382,52): error CS0103: The name 'TxtItemName' does not exist in the current context [C:\Users\russel.mercado\source\repos\Yakult-System-New\Yakult.Inventory.App\Yakult.Inventory.App.csproj]
C:\Users\russel.mercado\source\repos\Yakult-System-New\Yakult.Inventory.App\Pages\Item\BatchAddItemDialog.xaml.cs(1383,17): error CS0103: The name 'LstPreview' does not exist in the current context [C:\Users\russel.mercado\source\repos\Yakult-System-New\Yakult.Inventory.App\Yakult.Inventory.App.csproj]
C:\Users\russel.mercado\source\repos\Yakult-System-New\Yakult.Inventory.App\Pages\Item\BatchAddItemDialog.xaml.cs(1383,52): error CS0103: The name 'CmbCategory' does not exist in the current context [C:\Users\russel.mercado\source\repos\Yakult-System-New\Yakult.Inventory.App\Yakult.Inventory.App.csproj]
C:\Users\russel.mercado\source\repos\Yakult-System-New\Yakult.Inventory.App\Pages\Item\BatchAddItemDialog.xaml.cs(1383,103): error CS0103: The name 'CmbCategory' does not exist in the current context [C:\Users\russel.mercado\source\repos\Yakult-System-New\Yakult.Inventory.App\Yakult.Inventory.App.csproj]
C:\Users\russel.mercado\source\repos\Yakult-System-New\Yakult.Inventory.App\Pages\Item\BatchAddItemDialog.xaml.cs(1384,17): error CS0103: The name 'LstPreview' does not exist in the current context [C:\Users\russel.mercado\source\repos\Yakult-System-New\Yakult.Inventory.App\Yakult.Inventory.App.csproj]
C:\Users\russel.mercado\source\repos\Yakult-System-New\Yakult.Inventory.App\Pages\Item\BatchAddItemDialog.xaml.cs(1385,17): error CS0103: The name 'LstPreview' does not exist in the current context [C:\Users\russel.mercado\source\repos\Yakult-System-New\Yakult.Inventory.App\Yakult.Inventory.App.csproj]
C:\Users\russel.mercado\source\repos\Yakult-System-New\Yakult.Inventory.App\Pages\Item\BatchAddItemDialog.xaml.cs(1386,17): error CS0103: The name 'LstPreview' does not exist in the current context [C:\Users\russel.mercado\source\repos\Yakult-System-New\Yakult.Inventory.App\Yakult.Inventory.App.csproj]
C:\Users\russel.mercado\source\repos\Yakult-System-New\Yakult.Inventory.App\Pages\Item\BatchAddItemDialog.xaml.cs(1391,17): error CS0103: The name 'LstPreview' does not exist in the current context [C:\Users\russel.mercado\source\repos\Yakult-System-New\Yakult.Inventory.App\Yakult.Inventory.App.csproj]
C:\Users\russel.mercado\source\repos\Yakult-System-New\Yakult.Inventory.App\Pages\Item\BatchAddItemDialog.xaml.cs(1392,17): error CS0103: The name 'LstPreview' does not exist in the current context [C:\Users\russel.mercado\source\repos\Yakult-System-New\Yakult.Inventory.App\Yakult.Inventory.App.csproj]
C:\Users\russel.mercado\source\repos\Yakult-System-New\Yakult.Inventory.App\Pages\Item\BatchAddItemDialog.xaml.cs(1392,52): error CS0103: The name 'TxtItemName' does not exist in the current context [C:\Users\russel.mercado\source\repos\Yakult-System-New\Yakult.Inventory.App\Yakult.Inventory.App.csproj]
C:\Users\russel.mercado\source\repos\Yakult-System-New\Yakult.Inventory.App\Pages\Item\BatchAddItemDialog.xaml.cs(1393,17): error CS0103: The name 'LstPreview' does not exist in the current context [C:\Users\russel.mercado\source\repos\Yakult-System-New\Yakult.Inventory.App\Yakult.Inventory.App.csproj]
C:\Users\russel.mercado\source\repos\Yakult-System-New\Yakult.Inventory.App\Pages\Item\BatchAddItemDialog.xaml.cs(1393,52): error CS0103: The name 'CmbCategory' does not exist in the current context [C:\Users\russel.mercado\source\repos\Yakult-System-New\Yakult.Inventory.App\Yakult.Inventory.App.csproj]
C:\Users\russel.mercado\source\repos\Yakult-System-New\Yakult.Inventory.App\Pages\Item\BatchAddItemDialog.xaml.cs(1393,103): error CS0103: The name 'CmbCategory' does not exist in the current context [C:\Users\russel.mercado\source\repos\Yakult-System-New\Yakult.Inventory.App\Yakult.Inventory.App.csproj]
C:\Users\russel.mercado\source\repos\Yakult-System-New\Yakult.Inventory.App\Pages\Item\BatchAddItemDialog.xaml.cs(1394,17): error CS0103: The name 'LstPreview' does not exist in the current context [C:\Users\russel.mercado\source\repos\Yakult-System-New\Yakult.Inventory.App\Yakult.Inventory.App.csproj]
C:\Users\russel.mercado\source\repos\Yakult-System-New\Yakult.Inventory.App\Pages\Item\BatchAddItemDialog.xaml.cs(1395,17): error CS0103: The name 'LstPreview' does not exist in the current context [C:\Users\russel.mercado\source\repos\Yakult-System-New\Yakult.Inventory.App\Yakult.Inventory.App.csproj]
C:\Users\russel.mercado\source\repos\Yakult-System-New\Yakult.Inventory.App\Pages\Item\BatchAddItemDialog.xaml.cs(1396,17): error CS0103: The name 'LstPreview' does not exist in the current context [C:\Users\russel.mercado\source\repos\Yakult-System-New\Yakult.Inventory.App\Yakult.Inventory.App.csproj]
C:\Users\russel.mercado\source\repos\Yakult-System-New\Yakult.Inventory.App\Pages\Item\BatchAddItemDialog.xaml.cs(1398,21): error CS0103: The name 'LstPreview' does not exist in the current context [C:\Users\russel.mercado\source\repos\Yakult-System-New\Yakult.Inventory.App\Yakult.Inventory.App.csproj]
C:\Users\russel.mercado\source\repos\Yakult-System-New\Yakult.Inventory.App\Pages\Item\BatchAddItemDialog.xaml.cs(1400,21): error CS0103: The name 'LstPreview' does not exist in the current context [C:\Users\russel.mercado\source\repos\Yakult-System-New\Yakult.Inventory.App\Yakult.Inventory.App.csproj]
C:\Users\russel.mercado\source\repos\Yakult-System-New\Yakult.Inventory.App\Pages\Item\BatchAddItemDialog.xaml.cs(1403,13): error CS0103: The name 'PnlPreview' does not exist in the current context [C:\Users\russel.mercado\source\repos\Yakult-System-New\Yakult.Inventory.App\Yakult.Inventory.App.csproj]
C:\Users\russel.mercado\source\repos\Yakult-System-New\Yakult.Inventory.App\Pages\Item\SellDisposeDialog.xaml.cs(189,33): error CS0103: The name 'TxtAmount' does not exist in the current context [C:\Users\russel.mercado\source\repos\Yakult-System-New\Yakult.Inventory.App\Yakult.Inventory.App.csproj]
C:\Users\russel.mercado\source\repos\Yakult-System-New\Yakult.Inventory.App\Pages\Item\SellDisposeDialog.xaml.cs(190,25): error CS0103: The name 'TxtAmount' does not exist in the current context [C:\Users\russel.mercado\source\repos\Yakult-System-New\Yakult.Inventory.App\Yakult.Inventory.App.csproj]
C:\Users\russel.mercado\source\repos\Yakult-System-New\Yakult.Inventory.App\Pages\Item\SellDisposeDialog.xaml.cs(191,42): error CS1503: Argument 1: cannot convert from 'System.ReadOnlySpan<char>' to 'string' [C:\Users\russel.mercado\source\repos\Yakult-System-New\Yakult.Inventory.App\Yakult.Inventory.App.csproj]
C:\Users\russel.mercado\source\repos\Yakult-System-New\Yakult.Inventory.App\Pages\Item\SellDisposeDialog.xaml.cs(191,48): error CS0103: The name 'TxtAmount' does not exist in the current context [C:\Users\russel.mercado\source\repos\Yakult-System-New\Yakult.Inventory.App\Yakult.Inventory.App.csproj]
C:\Users\russel.mercado\source\repos\Yakult-System-New\Yakult.Inventory.App\Pages\Item\SellDisposeDialog.xaml.cs(192,38): error CS1503: Argument 1: cannot convert from 'System.ReadOnlySpan<char>' to 'string' [C:\Users\russel.mercado\source\repos\Yakult-System-New\Yakult.Inventory.App\Yakult.Inventory.App.csproj]
C:\Users\russel.mercado\source\repos\Yakult-System-New\Yakult.Inventory.App\Pages\Item\SellDisposeDialog.xaml.cs(192,49): error CS0103: The name 'TxtAmount' does not exist in the current context [C:\Users\russel.mercado\source\repos\Yakult-System-New\Yakult.Inventory.App\Yakult.Inventory.App.csproj]
C:\Users\russel.mercado\source\repos\Yakult-System-New\Yakult.Inventory.App\Pages\Item\SellDisposeDialog.xaml.cs(193,22): error CS0103: The name 'TxtAmount' does not exist in the current context [C:\Users\russel.mercado\source\repos\Yakult-System-New\Yakult.Inventory.App\Yakult.Inventory.App.csproj]
C:\Users\russel.mercado\source\repos\Yakult-System-New\Yakult.Inventory.App\Pages\Item\EditItemDialog.xaml.cs(563,13): error CS0103: The name 'TxtItemId' does not exist in the current context [C:\Users\russel.mercado\source\repos\Yakult-System-New\Yakult.Inventory.App\Yakult.Inventory.App.csproj]
C:\Users\russel.mercado\source\repos\Yakult-System-New\Yakult.Inventory.App\Pages\Item\EditItemDialog.xaml.cs(564,13): error CS0103: The name 'TxtName' does not exist in the current context [C:\Users\russel.mercado\source\repos\Yakult-System-New\Yakult.Inventory.App\Yakult.Inventory.App.csproj]
C:\Users\russel.mercado\source\repos\Yakult-System-New\Yakult.Inventory.App\Pages\Item\EditItemDialog.xaml.cs(565,13): error CS0103: The name 'TxtDescription' does not exist in the current context [C:\Users\russel.mercado\source\repos\Yakult-System-New\Yakult.Inventory.App\Yakult.Inventory.App.csproj]
C:\Users\russel.mercado\source\repos\Yakult-System-New\Yakult.Inventory.App\Pages\Item\EditItemDialog.xaml.cs(566,13): error CS0103: The name 'TxtSerialNumber' does not exist in the current context [C:\Users\russel.mercado\source\repos\Yakult-System-New\Yakult.Inventory.App\Yakult.Inventory.App.csproj]
C:\Users\russel.mercado\source\repos\Yakult-System-New\Yakult.Inventory.App\Pages\Item\EditItemDialog.xaml.cs(567,13): error CS0103: The name 'TxtModelNumber' does not exist in the current context [C:\Users\russel.mercado\source\repos\Yakult-System-New\Yakult.Inventory.App\Yakult.Inventory.App.csproj]
C:\Users\russel.mercado\source\repos\Yakult-System-New\Yakult.Inventory.App\Pages\Item\EditItemDialog.xaml.cs(568,13): error CS0103: The name 'CmbUnitOfMeasure' does not exist in the current context [C:\Users\russel.mercado\source\repos\Yakult-System-New\Yakult.Inventory.App\Yakult.Inventory.App.csproj]
C:\Users\russel.mercado\source\repos\Yakult-System-New\Yakult.Inventory.App\Pages\Item\EditItemDialog.xaml.cs(569,13): error CS0103: The name 'TxtStockOnHand' does not exist in the current context [C:\Users\russel.mercado\source\repos\Yakult-System-New\Yakult.Inventory.App\Yakult.Inventory.App.csproj]
C:\Users\russel.mercado\source\repos\Yakult-System-New\Yakult.Inventory.App\Pages\Item\EditItemDialog.xaml.cs(570,13): error CS0103: The name 'TxtAmount' does not exist in the current context [C:\Users\russel.mercado\source\repos\Yakult-System-New\Yakult.Inventory.App\Yakult.Inventory.App.csproj]
C:\Users\russel.mercado\source\repos\Yakult-System-New\Yakult.Inventory.App\Pages\Item\EditItemDialog.xaml.cs(571,13): error CS0103: The name 'ChkActive' does not exist in the current context [C:\Users\russel.mercado\source\repos\Yakult-System-New\Yakult.Inventory.App\Yakult.Inventory.App.csproj]
C:\Users\russel.mercado\source\repos\Yakult-System-New\Yakult.Inventory.App\Pages\Item\EditItemDialog.xaml.cs(572,13): error CS0103: The name 'ChkIsBorrowable' does not exist in the current context [C:\Users\russel.mercado\source\repos\Yakult-System-New\Yakult.Inventory.App\Yakult.Inventory.App.csproj]
C:\Users\russel.mercado\source\repos\Yakult-System-New\Yakult.Inventory.App\Pages\Item\EditItemDialog.xaml.cs(573,13): error CS0103: The name 'ChkIsArchived' does not exist in the current context [C:\Users\russel.mercado\source\repos\Yakult-System-New\Yakult.Inventory.App\Yakult.Inventory.App.csproj]
C:\Users\russel.mercado\source\repos\Yakult-System-New\Yakult.Inventory.App\Pages\Item\EditItemDialog.xaml.cs(578,37): error CS0103: The name 'CmbCategory' does not exist in the current context [C:\Users\russel.mercado\source\repos\Yakult-System-New\Yakult.Inventory.App\Yakult.Inventory.App.csproj]
C:\Users\russel.mercado\source\repos\Yakult-System-New\Yakult.Inventory.App\Pages\Item\EditItemDialog.xaml.cs(580,25): error CS0103: The name 'CmbCategory' does not exist in the current context [C:\Users\russel.mercado\source\repos\Yakult-System-New\Yakult.Inventory.App\Yakult.Inventory.App.csproj]
C:\Users\russel.mercado\source\repos\Yakult-System-New\Yakult.Inventory.App\Pages\Item\EditItemDialog.xaml.cs(582,25): error CS0103: The name 'CmbCategory' does not exist in the current context [C:\Users\russel.mercado\source\repos\Yakult-System-New\Yakult.Inventory.App\Yakult.Inventory.App.csproj]
C:\Users\russel.mercado\source\repos\Yakult-System-New\Yakult.Inventory.App\Pages\Item\EditItemDialog.xaml.cs(590,13): error CS0103: The name 'RowCartridgeModel' does not exist in the current context [C:\Users\russel.mercado\source\repos\Yakult-System-New\Yakult.Inventory.App\Yakult.Inventory.App.csproj]
C:\Users\russel.mercado\source\repos\Yakult-System-New\Yakult.Inventory.App\Pages\Item\EditItemDialog.xaml.cs(591,13): error CS0103: The name 'RowCartridgeOrigin' does not exist in the current context [C:\Users\russel.mercado\source\repos\Yakult-System-New\Yakult.Inventory.App\Yakult.Inventory.App.csproj]
C:\Users\russel.mercado\source\repos\Yakult-System-New\Yakult.Inventory.App\Pages\Item\EditItemDialog.xaml.cs(595,17): error CS0103: The name 'CmbCartridgeOrigin' does not exist in the current context [C:\Users\russel.mercado\source\repos\Yakult-System-New\Yakult.Inventory.App\Yakult.Inventory.App.csproj]
C:\Users\russel.mercado\source\repos\Yakult-System-New\Yakult.Inventory.App\Pages\Item\EditItemDialog.xaml.cs(601,13): error CS0103: The name 'RowConsumableModel' does not exist in the current context [C:\Users\russel.mercado\source\repos\Yakult-System-New\Yakult.Inventory.App\Yakult.Inventory.App.csproj]
C:\Users\russel.mercado\source\repos\Yakult-System-New\Yakult.Inventory.App\Pages\Item\EditItemDialog.xaml.cs(605,13): error CS0103: The name 'RowCellPhoneNumber' does not exist in the current context [C:\Users\russel.mercado\source\repos\Yakult-System-New\Yakult.Inventory.App\Yakult.Inventory.App.csproj]
C:\Users\russel.mercado\source\repos\Yakult-System-New\Yakult.Inventory.App\Pages\Item\EditItemDialog.xaml.cs(606,13): error CS0103: The name 'RowImei1' does not exist in the current context [C:\Users\russel.mercado\source\repos\Yakult-System-New\Yakult.Inventory.App\Yakult.Inventory.App.csproj]
C:\Users\russel.mercado\source\repos\Yakult-System-New\Yakult.Inventory.App\Pages\Item\EditItemDialog.xaml.cs(607,13): error CS0103: The name 'RowImei2' does not exist in the current context [C:\Users\russel.mercado\source\repos\Yakult-System-New\Yakult.Inventory.App\Yakult.Inventory.App.csproj]
C:\Users\russel.mercado\source\repos\Yakult-System-New\Yakult.Inventory.App\Pages\Item\EditItemDialog.xaml.cs(608,13): error CS0103: The name 'TxtCellPhoneNumber' does not exist in the current context [C:\Users\russel.mercado\source\repos\Yakult-System-New\Yakult.Inventory.App\Yakult.Inventory.App.csproj]
C:\Users\russel.mercado\source\repos\Yakult-System-New\Yakult.Inventory.App\Pages\Item\EditItemDialog.xaml.cs(609,13): error CS0103: The name 'TxtImei1' does not exist in the current context [C:\Users\russel.mercado\source\repos\Yakult-System-New\Yakult.Inventory.App\Yakult.Inventory.App.csproj]
C:\Users\russel.mercado\source\repos\Yakult-System-New\Yakult.Inventory.App\Pages\Item\EditItemDialog.xaml.cs(610,13): error CS0103: The name 'TxtImei2' does not exist in the current context [C:\Users\russel.mercado\source\repos\Yakult-System-New\Yakult.Inventory.App\Yakult.Inventory.App.csproj]
C:\Users\russel.mercado\source\repos\Yakult-System-New\Yakult.Inventory.App\Pages\Item\EditItemDialog.xaml.cs(615,37): error CS0103: The name 'CmbItemType' does not exist in the current context [C:\Users\russel.mercado\source\repos\Yakult-System-New\Yakult.Inventory.App\Yakult.Inventory.App.csproj]
C:\Users\russel.mercado\source\repos\Yakult-System-New\Yakult.Inventory.App\Pages\Item\EditItemDialog.xaml.cs(617,25): error CS0103: The name 'CmbItemType' does not exist in the current context [C:\Users\russel.mercado\source\repos\Yakult-System-New\Yakult.Inventory.App\Yakult.Inventory.App.csproj]
C:\Users\russel.mercado\source\repos\Yakult-System-New\Yakult.Inventory.App\Pages\Item\EditItemDialog.xaml.cs(619,25): error CS0103: The name 'CmbItemType' does not exist in the current context [C:\Users\russel.mercado\source\repos\Yakult-System-New\Yakult.Inventory.App\Yakult.Inventory.App.csproj]
C:\Users\russel.mercado\source\repos\Yakult-System-New\Yakult.Inventory.App\Pages\Item\EditItemDialog.xaml.cs(626,17): error CS0103: The name 'CmbItemType' does not exist in the current context [C:\Users\russel.mercado\source\repos\Yakult-System-New\Yakult.Inventory.App\Yakult.Inventory.App.csproj]
C:\Users\russel.mercado\source\repos\Yakult-System-New\Yakult.Inventory.App\Pages\Item\EditItemDialog.xaml.cs(630,13): error CS0103: The name 'CmbSubType' does not exist in the current context [C:\Users\russel.mercado\source\repos\Yakult-System-New\Yakult.Inventory.App\Yakult.Inventory.App.csproj]
C:\Users\russel.mercado\source\repos\Yakult-System-New\Yakult.Inventory.App\Pages\Item\EditItemDialog.xaml.cs(633,37): error CS0103: The name 'CmbSubType' does not exist in the current context [C:\Users\russel.mercado\source\repos\Yakult-System-New\Yakult.Inventory.App\Yakult.Inventory.App.csproj]
C:\Users\russel.mercado\source\repos\Yakult-System-New\Yakult.Inventory.App\Pages\Item\EditItemDialog.xaml.cs(635,39): error CS0103: The name 'CmbSubType' does not exist in the current context [C:\Users\russel.mercado\source\repos\Yakult-System-New\Yakult.Inventory.App\Yakult.Inventory.App.csproj]
C:\Users\russel.mercado\source\repos\Yakult-System-New\Yakult.Inventory.App\Pages\Item\EditItemDialog.xaml.cs(637,25): error CS0103: The name 'CmbSubType' does not exist in the current context [C:\Users\russel.mercado\source\repos\Yakult-System-New\Yakult.Inventory.App\Yakult.Inventory.App.csproj]
C:\Users\russel.mercado\source\repos\Yakult-System-New\Yakult.Inventory.App\Pages\Item\EditItemDialog.xaml.cs(646,37): error CS0103: The name 'CmbCondition' does not exist in the current context [C:\Users\russel.mercado\source\repos\Yakult-System-New\Yakult.Inventory.App\Yakult.Inventory.App.csproj]
C:\Users\russel.mercado\source\repos\Yakult-System-New\Yakult.Inventory.App\Pages\Item\EditItemDialog.xaml.cs(648,25): error CS0103: The name 'CmbCondition' does not exist in the current context [C:\Users\russel.mercado\source\repos\Yakult-System-New\Yakult.Inventory.App\Yakult.Inventory.App.csproj]
C:\Users\russel.mercado\source\repos\Yakult-System-New\Yakult.Inventory.App\Pages\Item\EditItemDialog.xaml.cs(650,25): error CS0103: The name 'CmbCondition' does not exist in the current context [C:\Users\russel.mercado\source\repos\Yakult-System-New\Yakult.Inventory.App\Yakult.Inventory.App.csproj]
C:\Users\russel.mercado\source\repos\Yakult-System-New\Yakult.Inventory.App\Pages\Item\EditItemDialog.xaml.cs(659,37): error CS0103: The name 'CmbVendor' does not exist in the current context [C:\Users\russel.mercado\source\repos\Yakult-System-New\Yakult.Inventory.App\Yakult.Inventory.App.csproj]
C:\Users\russel.mercado\source\repos\Yakult-System-New\Yakult.Inventory.App\Pages\Item\EditItemDialog.xaml.cs(661,25): error CS0103: The name 'CmbVendor' does not exist in the current context [C:\Users\russel.mercado\source\repos\Yakult-System-New\Yakult.Inventory.App\Yakult.Inventory.App.csproj]
C:\Users\russel.mercado\source\repos\Yakult-System-New\Yakult.Inventory.App\Pages\Item\EditItemDialog.xaml.cs(663,25): error CS0103: The name 'CmbVendor' does not exist in the current context [C:\Users\russel.mercado\source\repos\Yakult-System-New\Yakult.Inventory.App\Yakult.Inventory.App.csproj]
C:\Users\russel.mercado\source\repos\Yakult-System-New\Yakult.Inventory.App\Pages\Item\EditItemDialog.xaml.cs(670,17): error CS0103: The name 'CmbVendor' does not exist in the current context [C:\Users\russel.mercado\source\repos\Yakult-System-New\Yakult.Inventory.App\Yakult.Inventory.App.csproj]
C:\Users\russel.mercado\source\repos\Yakult-System-New\Yakult.Inventory.App\Pages\Item\EditItemDialog.xaml.cs(680,13): error CS0103: The name 'ChkServiceContractDates' does not exist in the current context [C:\Users\russel.mercado\source\repos\Yakult-System-New\Yakult.Inventory.App\Yakult.Inventory.App.csproj]
C:\Users\russel.mercado\source\repos\Yakult-System-New\Yakult.Inventory.App\Pages\Item\EditItemDialog.xaml.cs(685,13): error CS0103: The name 'DpStartDate' does not exist in the current context [C:\Users\russel.mercado\source\repos\Yakult-System-New\Yakult.Inventory.App\Yakult.Inventory.App.csproj]
C:\Users\russel.mercado\source\repos\Yakult-System-New\Yakult.Inventory.App\Pages\Item\EditItemDialog.xaml.cs(689,17): error CS0103: The name 'DpEndDate' does not exist in the current context [C:\Users\russel.mercado\source\repos\Yakult-System-New\Yakult.Inventory.App\Yakult.Inventory.App.csproj]
C:\Users\russel.mercado\source\repos\Yakult-System-New\Yakult.Inventory.App\Pages\Item\EditItemDialog.xaml.cs(689,59): error CS0103: The name 'DpStartDate' does not exist in the current context [C:\Users\russel.mercado\source\repos\Yakult-System-New\Yakult.Inventory.App\Yakult.Inventory.App.csproj]
C:\Users\russel.mercado\source\repos\Yakult-System-New\Yakult.Inventory.App\Pages\Item\EditItemDialog.xaml.cs(690,17): error CS0103: The name 'ChkEndDate' does not exist in the current context [C:\Users\russel.mercado\source\repos\Yakult-System-New\Yakult.Inventory.App\Yakult.Inventory.App.csproj]
C:\Users\russel.mercado\source\repos\Yakult-System-New\Yakult.Inventory.App\Pages\Item\EditItemDialog.xaml.cs(696,21): error CS0103: The name 'DpEndDate' does not exist in the current context [C:\Users\russel.mercado\source\repos\Yakult-System-New\Yakult.Inventory.App\Yakult.Inventory.App.csproj]
C:\Users\russel.mercado\source\repos\Yakult-System-New\Yakult.Inventory.App\Pages\Item\EditItemDialog.xaml.cs(697,21): error CS0103: The name 'ChkEndDate' does not exist in the current context [C:\Users\russel.mercado\source\repos\Yakult-System-New\Yakult.Inventory.App\Yakult.Inventory.App.csproj]
C:\Users\russel.mercado\source\repos\Yakult-System-New\Yakult.Inventory.App\Pages\Item\EditItemDialog.xaml.cs(701,21): error CS0103: The name 'ChkEndDate' does not exist in the current context [C:\Users\russel.mercado\source\repos\Yakult-System-New\Yakult.Inventory.App\Yakult.Inventory.App.csproj]
C:\Users\russel.mercado\source\repos\Yakult-System-New\Yakult.Inventory.App\Pages\Item\EditItemDialog.xaml.cs(707,13): error CS0103: The name 'TxtRemarks' does not exist in the current context [C:\Users\russel.mercado\source\repos\Yakult-System-New\Yakult.Inventory.App\Yakult.Inventory.App.csproj]
C:\Users\russel.mercado\source\repos\Yakult-System-New\Yakult.Inventory.App\Pages\Item\EditItemDialog.xaml.cs(711,13): error CS0103: The name 'RowLicenseNumber' does not exist in the current context [C:\Users\russel.mercado\source\repos\Yakult-System-New\Yakult.Inventory.App\Yakult.Inventory.App.csproj]
C:\Users\russel.mercado\source\repos\Yakult-System-New\Yakult.Inventory.App\Pages\Item\EditItemDialog.xaml.cs(712,13): error CS0103: The name 'TxtLicenseNumber' does not exist in the current context [C:\Users\russel.mercado\source\repos\Yakult-System-New\Yakult.Inventory.App\Yakult.Inventory.App.csproj]
C:\Users\russel.mercado\source\repos\Yakult-System-New\Yakult.Inventory.App\Pages\Item\EditItemDialog.xaml.cs(715,13): error CS0103: The name 'TxtWarrantyYears' does not exist in the current context [C:\Users\russel.mercado\source\repos\Yakult-System-New\Yakult.Inventory.App\Yakult.Inventory.App.csproj]
C:\Users\russel.mercado\source\repos\Yakult-System-New\Yakult.Inventory.App\Pages\Item\EditItemDialog.xaml.cs(719,17): error CS0103: The name 'DpWarrantyStart' does not exist in the current context [C:\Users\russel.mercado\source\repos\Yakult-System-New\Yakult.Inventory.App\Yakult.Inventory.App.csproj]
C:\Users\russel.mercado\source\repos\Yakult-System-New\Yakult.Inventory.App\Pages\Item\EditItemDialog.xaml.cs(720,17): error CS0103: The name 'ChkWarrantyStart' does not exist in the current context [C:\Users\russel.mercado\source\repos\Yakult-System-New\Yakult.Inventory.App\Yakult.Inventory.App.csproj]
C:\Users\russel.mercado\source\repos\Yakult-System-New\Yakult.Inventory.App\Pages\Item\EditItemDialog.xaml.cs(724,17): error CS0103: The name 'ChkWarrantyStart' does not exist in the current context [C:\Users\russel.mercado\source\repos\Yakult-System-New\Yakult.Inventory.App\Yakult.Inventory.App.csproj]
C:\Users\russel.mercado\source\repos\Yakult-System-New\Yakult.Inventory.App\Pages\Item\EditItemDialog.xaml.cs(729,17): error CS0103: The name 'DpWarrantyEnd' does not exist in the current context [C:\Users\russel.mercado\source\repos\Yakult-System-New\Yakult.Inventory.App\Yakult.Inventory.App.csproj]
C:\Users\russel.mercado\source\repos\Yakult-System-New\Yakult.Inventory.App\Pages\Item\EditItemDialog.xaml.cs(730,17): error CS0103: The name 'ChkWarrantyEnd' does not exist in the current context [C:\Users\russel.mercado\source\repos\Yakult-System-New\Yakult.Inventory.App\Yakult.Inventory.App.csproj]
C:\Users\russel.mercado\source\repos\Yakult-System-New\Yakult.Inventory.App\Pages\Item\EditItemDialog.xaml.cs(734,17): error CS0103: The name 'ChkWarrantyEnd' does not exist in the current context [C:\Users\russel.mercado\source\repos\Yakult-System-New\Yakult.Inventory.App\Yakult.Inventory.App.csproj]
C:\Users\russel.mercado\source\repos\Yakult-System-New\Yakult.Inventory.App\Pages\Item\EditItemDialog.xaml.cs(740,17): error CS0103: The name 'DpDatePurchased' does not exist in the current context [C:\Users\russel.mercado\source\repos\Yakult-System-New\Yakult.Inventory.App\Yakult.Inventory.App.csproj]
C:\Users\russel.mercado\source\repos\Yakult-System-New\Yakult.Inventory.App\Pages\Item\EditItemDialog.xaml.cs(741,17): error CS0103: The name 'ChkDatePurchased' does not exist in the current context [C:\Users\russel.mercado\source\repos\Yakult-System-New\Yakult.Inventory.App\Yakult.Inventory.App.csproj]
C:\Users\russel.mercado\source\repos\Yakult-System-New\Yakult.Inventory.App\Pages\Item\EditItemDialog.xaml.cs(745,17): error CS0103: The name 'ChkDatePurchased' does not exist in the current context [C:\Users\russel.mercado\source\repos\Yakult-System-New\Yakult.Inventory.App\Yakult.Inventory.App.csproj]
C:\Users\russel.mercado\source\repos\Yakult-System-New\Yakult.Inventory.App\Pages\Item\EditItemDialog.xaml.cs(753,13): error CS0103: The name 'ChkIsTrackedAsset' does not exist in the current context [C:\Users\russel.mercado\source\repos\Yakult-System-New\Yakult.Inventory.App\Yakult.Inventory.App.csproj]
C:\Users\russel.mercado\source\repos\Yakult-System-New\Yakult.Inventory.App\Pages\Item\EditItemDialog.xaml.cs(754,13): error CS0103: The name 'RowTrackedAssetWarning' does not exist in the current context [C:\Users\russel.mercado\source\repos\Yakult-System-New\Yakult.Inventory.App\Yakult.Inventory.App.csproj]
C:\Users\russel.mercado\source\repos\Yakult-System-New\Yakult.Inventory.App\Pages\Item\EditItemDialog.xaml.cs(761,37): error CS0103: The name 'CmbAcquisitionType' does not exist in the current context [C:\Users\russel.mercado\source\repos\Yakult-System-New\Yakult.Inventory.App\Yakult.Inventory.App.csproj]
C:\Users\russel.mercado\source\repos\Yakult-System-New\Yakult.Inventory.App\Pages\Item\EditItemDialog.xaml.cs(763,25): error CS0103: The name 'CmbAcquisitionType' does not exist in the current context [C:\Users\russel.mercado\source\repos\Yakult-System-New\Yakult.Inventory.App\Yakult.Inventory.App.csproj]
C:\Users\russel.mercado\source\repos\Yakult-System-New\Yakult.Inventory.App\Pages\Item\EditItemDialog.xaml.cs(765,25): error CS0103: The name 'CmbAcquisitionType' does not exist in the current context [C:\Users\russel.mercado\source\repos\Yakult-System-New\Yakult.Inventory.App\Yakult.Inventory.App.csproj]
C:\Users\russel.mercado\source\repos\Yakult-System-New\Yakult.Inventory.App\Pages\Item\EditItemDialog.xaml.cs(772,17): error CS0103: The name 'CmbAcquisitionType' does not exist in the current context [C:\Users\russel.mercado\source\repos\Yakult-System-New\Yakult.Inventory.App\Yakult.Inventory.App.csproj]
C:\Users\russel.mercado\source\repos\Yakult-System-New\Yakult.Inventory.App\Pages\Item\EditItemDialog.xaml.cs(790,25): error CS0103: The name 'TxtPartNumber' does not exist in the current context [C:\Users\russel.mercado\source\repos\Yakult-System-New\Yakult.Inventory.App\Yakult.Inventory.App.csproj]
C:\Users\russel.mercado\source\repos\Yakult-System-New\Yakult.Inventory.App\Pages\Item\InvoiceBuilderDialog.xaml.cs(1093,13): error CS0103: The name 'BtnCreate' does not exist in the current context [C:\Users\russel.mercado\source\repos\Yakult-System-New\Yakult.Inventory.App\Yakult.Inventory.App.csproj]
C:\Users\russel.mercado\source\repos\Yakult-System-New\Yakult.Inventory.App\Pages\Item\InvoiceBuilderDialog.xaml.cs(1094,13): error CS0103: The name 'LblStatus' does not exist in the current context [C:\Users\russel.mercado\source\repos\Yakult-System-New\Yakult.Inventory.App\Yakult.Inventory.App.csproj]
C:\Users\russel.mercado\source\repos\Yakult-System-New\Yakult.Inventory.App\Pages\Item\InvoiceBuilderDialog.xaml.cs(1107,21): error CS0103: The name 'LblStatus' does not exist in the current context [C:\Users\russel.mercado\source\repos\Yakult-System-New\Yakult.Inventory.App\Yakult.Inventory.App.csproj]
C:\Users\russel.mercado\source\repos\Yakult-System-New\Yakult.Inventory.App\Pages\Item\InvoiceBuilderDialog.xaml.cs(1108,21): error CS0103: The name 'BtnCreate' does not exist in the current context [C:\Users\russel.mercado\source\repos\Yakult-System-New\Yakult.Inventory.App\Yakult.Inventory.App.csproj]
C:\Users\russel.mercado\source\repos\Yakult-System-New\Yakult.Inventory.App\Pages\Item\InvoiceBuilderDialog.xaml.cs(1147,17): error CS0103: The name 'LblStatus' does not exist in the current context [C:\Users\russel.mercado\source\repos\Yakult-System-New\Yakult.Inventory.App\Yakult.Inventory.App.csproj]
C:\Users\russel.mercado\source\repos\Yakult-System-New\Yakult.Inventory.App\Pages\Item\InvoiceBuilderDialog.xaml.cs(1148,17): error CS0103: The name 'BtnCreate' does not exist in the current context [C:\Users\russel.mercado\source\repos\Yakult-System-New\Yakult.Inventory.App\Yakult.Inventory.App.csproj]
C:\Users\russel.mercado\source\repos\Yakult-System-New\Yakult.Inventory.App\Pages\Item\EditItemDialog.xaml.cs(838,25): error CS0103: The name 'LblUnavailableInfo' does not exist in the current context [C:\Users\russel.mercado\source\repos\Yakult-System-New\Yakult.Inventory.App\Yakult.Inventory.App.csproj]
C:\Users\russel.mercado\source\repos\Yakult-System-New\Yakult.Inventory.App\Pages\Item\EditItemDialog.xaml.cs(839,25): error CS0103: The name 'LblUnavailableInfo' does not exist in the current context [C:\Users\russel.mercado\source\repos\Yakult-System-New\Yakult.Inventory.App\Yakult.Inventory.App.csproj]
C:\Users\russel.mercado\source\repos\Yakult-System-New\Yakult.Inventory.App\Pages\Item\BatchAddItemDialog.xaml.cs(1417,18): error CS0103: The name 'BtnAdd' does not exist in the current context [C:\Users\russel.mercado\source\repos\Yakult-System-New\Yakult.Inventory.App\Yakult.Inventory.App.csproj]
C:\Users\russel.mercado\source\repos\Yakult-System-New\Yakult.Inventory.App\Pages\Item\BatchAddItemDialog.xaml.cs(1419,13): error CS0103: The name 'BtnAdd' does not exist in the current context [C:\Users\russel.mercado\source\repos\Yakult-System-New\Yakult.Inventory.App\Yakult.Inventory.App.csproj]
C:\Users\russel.mercado\source\repos\Yakult-System-New\Yakult.Inventory.App\Pages\Item\BatchAddItemDialog.xaml.cs(1420,13): error CS0103: The name 'BtnAdd' does not exist in the current context [C:\Users\russel.mercado\source\repos\Yakult-System-New\Yakult.Inventory.App\Yakult.Inventory.App.csproj]
C:\Users\russel.mercado\source\repos\Yakult-System-New\Yakult.Inventory.App\Pages\Item\BatchAddItemDialog.xaml.cs(1435,17): error CS0103: The name 'BtnAdd' does not exist in the current context [C:\Users\russel.mercado\source\repos\Yakult-System-New\Yakult.Inventory.App\Yakult.Inventory.App.csproj]
C:\Users\russel.mercado\source\repos\Yakult-System-New\Yakult.Inventory.App\Pages\Item\BatchAddItemDialog.xaml.cs(1436,17): error CS0103: The name 'BtnAdd' does not exist in the current context [C:\Users\russel.mercado\source\repos\Yakult-System-New\Yakult.Inventory.App\Yakult.Inventory.App.csproj]
C:\Users\russel.mercado\source\repos\Yakult-System-New\Yakult.Inventory.App\Pages\Item\BatchAddItemDialog.xaml.cs(1438,37): error CS0103: The name 'CmbCategory' does not exist in the current context [C:\Users\russel.mercado\source\repos\Yakult-System-New\Yakult.Inventory.App\Yakult.Inventory.App.csproj]
C:\Users\russel.mercado\source\repos\Yakult-System-New\Yakult.Inventory.App\Pages\Item\BatchAddItemDialog.xaml.cs(1440,62): error CS0103: The name 'CmbCartridgeOrigin' does not exist in the current context [C:\Users\russel.mercado\source\repos\Yakult-System-New\Yakult.Inventory.App\Yakult.Inventory.App.csproj]
C:\Users\russel.mercado\source\repos\Yakult-System-New\Yakult.Inventory.App\Pages\Item\BatchAddItemDialog.xaml.cs(1443,68): error CS0103: The name 'TxtItemName' does not exist in the current context [C:\Users\russel.mercado\source\repos\Yakult-System-New\Yakult.Inventory.App\Yakult.Inventory.App.csproj]
C:\Users\russel.mercado\source\repos\Yakult-System-New\Yakult.Inventory.App\Pages\Item\BatchAddItemDialog.xaml.cs(1443,111): error CS0103: The name 'CmbCategory' does not exist in the current context [C:\Users\russel.mercado\source\repos\Yakult-System-New\Yakult.Inventory.App\Yakult.Inventory.App.csproj]
C:\Users\russel.mercado\source\repos\Yakult-System-New\Yakult.Inventory.App\Pages\Item\BatchAddItemDialog.xaml.cs(1445,76): error CS0103: The name 'TxtItemName' does not exist in the current context [C:\Users\russel.mercado\source\repos\Yakult-System-New\Yakult.Inventory.App\Yakult.Inventory.App.csproj]
C:\Users\russel.mercado\source\repos\Yakult-System-New\Yakult.Inventory.App\Pages\Item\BatchAddItemDialog.xaml.cs(1445,119): error CS0103: The name 'CmbCategory' does not exist in the current context [C:\Users\russel.mercado\source\repos\Yakult-System-New\Yakult.Inventory.App\Yakult.Inventory.App.csproj]
C:\Users\russel.mercado\source\repos\Yakult-System-New\Yakult.Inventory.App\Pages\Item\BatchAddItemDialog.xaml.cs(1446,88): error CS0103: The name 'TxtItemName' does not exist in the current context [C:\Users\russel.mercado\source\repos\Yakult-System-New\Yakult.Inventory.App\Yakult.Inventory.App.csproj]
C:\Users\russel.mercado\source\repos\Yakult-System-New\Yakult.Inventory.App\Pages\Item\BatchAddItemDialog.xaml.cs(1446,131): error CS0103: The name 'CmbCategory' does not exist in the current context [C:\Users\russel.mercado\source\repos\Yakult-System-New\Yakult.Inventory.App\Yakult.Inventory.App.csproj]
C:\Users\russel.mercado\source\repos\Yakult-System-New\Yakult.Inventory.App\Pages\Item\BatchAddItemDialog.xaml.cs(1451,17): error CS0103: The name 'BtnAdd' does not exist in the current context [C:\Users\russel.mercado\source\repos\Yakult-System-New\Yakult.Inventory.App\Yakult.Inventory.App.csproj]
C:\Users\russel.mercado\source\repos\Yakult-System-New\Yakult.Inventory.App\Pages\Item\BatchAddItemDialog.xaml.cs(1452,17): error CS0103: The name 'BtnAdd' does not exist in the current context [C:\Users\russel.mercado\source\repos\Yakult-System-New\Yakult.Inventory.App\Yakult.Inventory.App.csproj]
C:\Users\russel.mercado\source\repos\Yakult-System-New\Yakult.Inventory.App\Pages\Item\BatchAddItemDialog.xaml.cs(1490,17): error CS0103: The name 'BtnAdd' does not exist in the current context [C:\Users\russel.mercado\source\repos\Yakult-System-New\Yakult.Inventory.App\Yakult.Inventory.App.csproj]
C:\Users\russel.mercado\source\repos\Yakult-System-New\Yakult.Inventory.App\Pages\Item\BatchAddItemDialog.xaml.cs(1491,17): error CS0103: The name 'BtnAdd' does not exist in the current context [C:\Users\russel.mercado\source\repos\Yakult-System-New\Yakult.Inventory.App\Yakult.Inventory.App.csproj]
C:\Users\russel.mercado\source\repos\Yakult-System-New\Yakult.Inventory.App\Pages\Item\BatchAddItemDialog.xaml.cs(1498,13): error CS0103: The name 'LblSessionCount' does not exist in the current context [C:\Users\russel.mercado\source\repos\Yakult-System-New\Yakult.Inventory.App\Yakult.Inventory.App.csproj]
C:\Users\russel.mercado\source\repos\Yakult-System-New\Yakult.Inventory.App\Pages\Item\EditItemDialog.xaml.cs(880,33): error CS0103: The name 'LblLastRepairedInfo' does not exist in the current context [C:\Users\russel.mercado\source\repos\Yakult-System-New\Yakult.Inventory.App\Yakult.Inventory.App.csproj]
C:\Users\russel.mercado\source\repos\Yakult-System-New\Yakult.Inventory.App\Pages\Item\EditItemDialog.xaml.cs(881,33): error CS0103: The name 'LblLastRepairedInfo' does not exist in the current context [C:\Users\russel.mercado\source\repos\Yakult-System-New\Yakult.Inventory.App\Yakult.Inventory.App.csproj]
C:\Users\russel.mercado\source\repos\Yakult-System-New\Yakult.Inventory.App\Pages\Item\EditItemDialog.xaml.cs(938,17): error CS0103: The name 'ChkWarrantyStart' does not exist in the current context [C:\Users\russel.mercado\source\repos\Yakult-System-New\Yakult.Inventory.App\Yakult.Inventory.App.csproj]
C:\Users\russel.mercado\source\repos\Yakult-System-New\Yakult.Inventory.App\Pages\Item\EditItemDialog.xaml.cs(938,55): error CS0103: The name 'ChkWarrantyEnd' does not exist in the current context [C:\Users\russel.mercado\source\repos\Yakult-System-New\Yakult.Inventory.App\Yakult.Inventory.App.csproj]
C:\Users\russel.mercado\source\repos\Yakult-System-New\Yakult.Inventory.App\Pages\Item\EditItemDialog.xaml.cs(939,17): error CS0103: The name 'DpWarrantyStart' does not exist in the current context [C:\Users\russel.mercado\source\repos\Yakult-System-New\Yakult.Inventory.App\Yakult.Inventory.App.csproj]
C:\Users\russel.mercado\source\repos\Yakult-System-New\Yakult.Inventory.App\Pages\Item\EditItemDialog.xaml.cs(939,57): error CS0103: The name 'DpWarrantyEnd' does not exist in the current context [C:\Users\russel.mercado\source\repos\Yakult-System-New\Yakult.Inventory.App\Yakult.Inventory.App.csproj]
C:\Users\russel.mercado\source\repos\Yakult-System-New\Yakult.Inventory.App\Pages\Item\EditItemDialog.xaml.cs(941,25): error CS0103: The name 'DpWarrantyStart' does not exist in the current context [C:\Users\russel.mercado\source\repos\Yakult-System-New\Yakult.Inventory.App\Yakult.Inventory.App.csproj]
C:\Users\russel.mercado\source\repos\Yakult-System-New\Yakult.Inventory.App\Pages\Item\EditItemDialog.xaml.cs(942,23): error CS0103: The name 'DpWarrantyEnd' does not exist in the current context [C:\Users\russel.mercado\source\repos\Yakult-System-New\Yakult.Inventory.App\Yakult.Inventory.App.csproj]
C:\Users\russel.mercado\source\repos\Yakult-System-New\Yakult.Inventory.App\Pages\Item\EditItemDialog.xaml.cs(950,13): error CS0103: The name 'TxtWarrantyYears' does not exist in the current context [C:\Users\russel.mercado\source\repos\Yakult-System-New\Yakult.Inventory.App\Yakult.Inventory.App.csproj]
C:\Users\russel.mercado\source\repos\Yakult-System-New\Yakult.Inventory.App\Pages\Item\EditItemDialog.xaml.cs(955,26): error CS0103: The name 'TxtWarrantyYears' does not exist in the current context [C:\Users\russel.mercado\source\repos\Yakult-System-New\Yakult.Inventory.App\Yakult.Inventory.App.csproj]
C:\Users\russel.mercado\source\repos\Yakult-System-New\Yakult.Inventory.App\Pages\Item\EditItemDialog.xaml.cs(962,17): error CS0103: The name 'ChkActive' does not exist in the current context [C:\Users\russel.mercado\source\repos\Yakult-System-New\Yakult.Inventory.App\Yakult.Inventory.App.csproj]
C:\Users\russel.mercado\source\repos\Yakult-System-New\Yakult.Inventory.App\Pages\Item\EditItemDialog.xaml.cs(969,21): error CS0103: The name 'ChkActive' does not exist in the current context [C:\Users\russel.mercado\source\repos\Yakult-System-New\Yakult.Inventory.App\Yakult.Inventory.App.csproj]
C:\Users\russel.mercado\source\repos\Yakult-System-New\Yakult.Inventory.App\Pages\Item\EditItemDialog.xaml.cs(970,21): error CS0103: The name 'ChkActive' does not exist in the current context [C:\Users\russel.mercado\source\repos\Yakult-System-New\Yakult.Inventory.App\Yakult.Inventory.App.csproj]
C:\Users\russel.mercado\source\repos\Yakult-System-New\Yakult.Inventory.App\Pages\Item\EditItemDialog.xaml.cs(971,21): error CS0103: The name 'ChkActive' does not exist in the current context [C:\Users\russel.mercado\source\repos\Yakult-System-New\Yakult.Inventory.App\Yakult.Inventory.App.csproj]
C:\Users\russel.mercado\source\repos\Yakult-System-New\Yakult.Inventory.App\Pages\Item\EditItemDialog.xaml.cs(972,21): error CS0103: The name 'ChkActive' does not exist in the current context [C:\Users\russel.mercado\source\repos\Yakult-System-New\Yakult.Inventory.App\Yakult.Inventory.App.csproj]
C:\Users\russel.mercado\source\repos\Yakult-System-New\Yakult.Inventory.App\Pages\Item\EditItemDialog.xaml.cs(973,21): error CS0103: The name 'ChkActive' does not exist in the current context [C:\Users\russel.mercado\source\repos\Yakult-System-New\Yakult.Inventory.App\Yakult.Inventory.App.csproj]
C:\Users\russel.mercado\source\repos\Yakult-System-New\Yakult.Inventory.App\Pages\Item\EditItemDialog.xaml.cs(989,17): error CS0103: The name 'ChkIsArchived' does not exist in the current context [C:\Users\russel.mercado\source\repos\Yakult-System-New\Yakult.Inventory.App\Yakult.Inventory.App.csproj]
C:\Users\russel.mercado\source\repos\Yakult-System-New\Yakult.Inventory.App\Pages\Item\EditItemDialog.xaml.cs(990,17): error CS0103: The name 'ChkActive' does not exist in the current context [C:\Users\russel.mercado\source\repos\Yakult-System-New\Yakult.Inventory.App\Yakult.Inventory.App.csproj]
C:\Users\russel.mercado\source\repos\Yakult-System-New\Yakult.Inventory.App\Pages\Item\InvoiceBuilderDialog.xaml.cs(1174,43): error CS0103: The name 'TxtVatPercent' does not exist in the current context [C:\Users\russel.mercado\source\repos\Yakult-System-New\Yakult.Inventory.App\Yakult.Inventory.App.csproj]
C:\Users\russel.mercado\source\repos\Yakult-System-New\Yakult.Inventory.App\Pages\Item\InvoiceBuilderDialog.xaml.cs(1175,44): error CS0103: The name 'TxtDiscountPercent' does not exist in the current context [C:\Users\russel.mercado\source\repos\Yakult-System-New\Yakult.Inventory.App\Yakult.Inventory.App.csproj]
C:\Users\russel.mercado\source\repos\Yakult-System-New\Yakult.Inventory.App\Pages\Item\InvoiceBuilderDialog.xaml.cs(1176,43): error CS0103: The name 'TxtWhtPercent' does not exist in the current context [C:\Users\russel.mercado\source\repos\Yakult-System-New\Yakult.Inventory.App\Yakult.Inventory.App.csproj]
C:\Users\russel.mercado\source\repos\Yakult-System-New\Yakult.Inventory.App\Pages\Item\BatchAddItemDialog.xaml.cs(1548,43): error CS0103: The name 'TxtItemName' does not exist in the current context [C:\Users\russel.mercado\source\repos\Yakult-System-New\Yakult.Inventory.App\Yakult.Inventory.App.csproj]
C:\Users\russel.mercado\source\repos\Yakult-System-New\Yakult.Inventory.App\Pages\Item\BatchAddItemDialog.xaml.cs(1550,17): error CS0103: The name 'TxtItemName' does not exist in the current context [C:\Users\russel.mercado\source\repos\Yakult-System-New\Yakult.Inventory.App\Yakult.Inventory.App.csproj]
C:\Users\russel.mercado\source\repos\Yakult-System-New\Yakult.Inventory.App\Pages\Item\BatchAddItemDialog.xaml.cs(1553,43): error CS0103: The name 'TxtModelNumber' does not exist in the current context [C:\Users\russel.mercado\source\repos\Yakult-System-New\Yakult.Inventory.App\Yakult.Inventory.App.csproj]
C:\Users\russel.mercado\source\repos\Yakult-System-New\Yakult.Inventory.App\Pages\Item\BatchAddItemDialog.xaml.cs(1555,17): error CS0103: The name 'TxtModelNumber' does not exist in the current context [C:\Users\russel.mercado\source\repos\Yakult-System-New\Yakult.Inventory.App\Yakult.Inventory.App.csproj]
C:\Users\russel.mercado\source\repos\Yakult-System-New\Yakult.Inventory.App\Pages\Item\BatchAddItemDialog.xaml.cs(1558,17): error CS0103: The name 'CmbCategory' does not exist in the current context [C:\Users\russel.mercado\source\repos\Yakult-System-New\Yakult.Inventory.App\Yakult.Inventory.App.csproj]
C:\Users\russel.mercado\source\repos\Yakult-System-New\Yakult.Inventory.App\Pages\Item\BatchAddItemDialog.xaml.cs(1560,17): error CS0103: The name 'CmbCategory' does not exist in the current context [C:\Users\russel.mercado\source\repos\Yakult-System-New\Yakult.Inventory.App\Yakult.Inventory.App.csproj]
C:\Users\russel.mercado\source\repos\Yakult-System-New\Yakult.Inventory.App\Pages\Item\BatchAddItemDialog.xaml.cs(1563,17): error CS0103: The name 'CmbItemType' does not exist in the current context [C:\Users\russel.mercado\source\repos\Yakult-System-New\Yakult.Inventory.App\Yakult.Inventory.App.csproj]
C:\Users\russel.mercado\source\repos\Yakult-System-New\Yakult.Inventory.App\Pages\Item\BatchAddItemDialog.xaml.cs(1565,17): error CS0103: The name 'CmbItemType' does not exist in the current context [C:\Users\russel.mercado\source\repos\Yakult-System-New\Yakult.Inventory.App\Yakult.Inventory.App.csproj]
C:\Users\russel.mercado\source\repos\Yakult-System-New\Yakult.Inventory.App\Pages\Item\BatchAddItemDialog.xaml.cs(1569,23): error CS0103: The name 'CmbCategory' does not exist in the current context [C:\Users\russel.mercado\source\repos\Yakult-System-New\Yakult.Inventory.App\Yakult.Inventory.App.csproj]
C:\Users\russel.mercado\source\repos\Yakult-System-New\Yakult.Inventory.App\Pages\Item\BatchAddItemDialog.xaml.cs(1572,33): error CS0103: The name 'CmbCartridgeModel' does not exist in the current context [C:\Users\russel.mercado\source\repos\Yakult-System-New\Yakult.Inventory.App\Yakult.Inventory.App.csproj]
C:\Users\russel.mercado\source\repos\Yakult-System-New\Yakult.Inventory.App\Pages\Item\BatchAddItemDialog.xaml.cs(1572,75): error CS0103: The name 'CmbCartridgeModel' does not exist in the current context [C:\Users\russel.mercado\source\repos\Yakult-System-New\Yakult.Inventory.App\Yakult.Inventory.App.csproj]
C:\Users\russel.mercado\source\repos\Yakult-System-New\Yakult.Inventory.App\Pages\Item\BatchAddItemDialog.xaml.cs(1574,17): error CS0103: The name 'CmbCartridgeModel' does not exist in the current context [C:\Users\russel.mercado\source\repos\Yakult-System-New\Yakult.Inventory.App\Yakult.Inventory.App.csproj]
C:\Users\russel.mercado\source\repos\Yakult-System-New\Yakult.Inventory.App\Pages\Item\BatchAddItemDialog.xaml.cs(1577,32): error CS0103: The name 'CmbCartridgeOrigin' does not exist in the current context [C:\Users\russel.mercado\source\repos\Yakult-System-New\Yakult.Inventory.App\Yakult.Inventory.App.csproj]
C:\Users\russel.mercado\source\repos\Yakult-System-New\Yakult.Inventory.App\Pages\Item\BatchAddItemDialog.xaml.cs(1579,17): error CS0103: The name 'CmbCartridgeOrigin' does not exist in the current context [C:\Users\russel.mercado\source\repos\Yakult-System-New\Yakult.Inventory.App\Yakult.Inventory.App.csproj]
C:\Users\russel.mercado\source\repos\Yakult-System-New\Yakult.Inventory.App\Pages\Item\BatchAddItemDialog.xaml.cs(1582,17): error CS0103: The name 'CmbCondition' does not exist in the current context [C:\Users\russel.mercado\source\repos\Yakult-System-New\Yakult.Inventory.App\Yakult.Inventory.App.csproj]
C:\Users\russel.mercado\source\repos\Yakult-System-New\Yakult.Inventory.App\Pages\Item\BatchAddItemDialog.xaml.cs(1584,17): error CS0103: The name 'CmbCondition' does not exist in the current context [C:\Users\russel.mercado\source\repos\Yakult-System-New\Yakult.Inventory.App\Yakult.Inventory.App.csproj]
C:\Users\russel.mercado\source\repos\Yakult-System-New\Yakult.Inventory.App\Pages\Item\BatchAddItemDialog.xaml.cs(1615,30): error CS0103: The name 'TxtSerialNumbers' does not exist in the current context [C:\Users\russel.mercado\source\repos\Yakult-System-New\Yakult.Inventory.App\Yakult.Inventory.App.csproj]
C:\Users\russel.mercado\source\repos\Yakult-System-New\Yakult.Inventory.App\Pages\Item\BatchAddItemDialog.xaml.cs(1625,31): error CS0103: The name 'TxtQuantity' does not exist in the current context [C:\Users\russel.mercado\source\repos\Yakult-System-New\Yakult.Inventory.App\Yakult.Inventory.App.csproj]
C:\Users\russel.mercado\source\repos\Yakult-System-New\Yakult.Inventory.App\Pages\Item\BatchAddItemDialog.xaml.cs(1627,17): error CS0103: The name 'TxtQuantity' does not exist in the current context [C:\Users\russel.mercado\source\repos\Yakult-System-New\Yakult.Inventory.App\Yakult.Inventory.App.csproj]
C:\Users\russel.mercado\source\repos\Yakult-System-New\Yakult.Inventory.App\Pages\Item\MarkActionDialog.xaml.cs(30,63): error CS0103: The name 'TxtReason' does not exist in the current context [C:\Users\russel.mercado\source\repos\Yakult-System-New\Yakult.Inventory.App\Yakult.Inventory.App.csproj]
C:\Users\russel.mercado\source\repos\Yakult-System-New\Yakult.Inventory.App\Pages\Item\MarkActionDialog.xaml.cs(30,89): error CS0103: The name 'TxtReason' does not exist in the current context [C:\Users\russel.mercado\source\repos\Yakult-System-New\Yakult.Inventory.App\Yakult.Inventory.App.csproj]
C:\Users\russel.mercado\source\repos\Yakult-System-New\Yakult.Inventory.App\Pages\Item\MarkActionDialog.xaml.cs(31,42): error CS0103: The name 'ChkReplacement' does not exist in the current context [C:\Users\russel.mercado\source\repos\Yakult-System-New\Yakult.Inventory.App\Yakult.Inventory.App.csproj]
C:\Users\russel.mercado\source\repos\Yakult-System-New\Yakult.Inventory.App\Pages\Item\MarkActionDialog.xaml.cs(31,68): error CS0103: The name 'ChkReplacement' does not exist in the current context [C:\Users\russel.mercado\source\repos\Yakult-System-New\Yakult.Inventory.App\Yakult.Inventory.App.csproj]
C:\Users\russel.mercado\source\repos\Yakult-System-New\Yakult.Inventory.App\Pages\Item\MarkActionDialog.xaml.cs(37,34): error CS0103: The name 'TxtTicketId' does not exist in the current context [C:\Users\russel.mercado\source\repos\Yakult-System-New\Yakult.Inventory.App\Yakult.Inventory.App.csproj]
C:\Users\russel.mercado\source\repos\Yakult-System-New\Yakult.Inventory.App\Pages\Item\MarkActionDialog.xaml.cs(41,62): error CS0103: The name 'CmbResolveStatus' does not exist in the current context [C:\Users\russel.mercado\source\repos\Yakult-System-New\Yakult.Inventory.App\Yakult.Inventory.App.csproj]
C:\Users\russel.mercado\source\repos\Yakult-System-New\Yakult.Inventory.App\Pages\Item\MarkActionDialog.xaml.cs(42,68): error CS0103: The name 'TxtTicketNote' does not exist in the current context [C:\Users\russel.mercado\source\repos\Yakult-System-New\Yakult.Inventory.App\Yakult.Inventory.App.csproj]
C:\Users\russel.mercado\source\repos\Yakult-System-New\Yakult.Inventory.App\Pages\Item\MarkActionDialog.xaml.cs(42,98): error CS0103: The name 'TxtTicketNote' does not exist in the current context [C:\Users\russel.mercado\source\repos\Yakult-System-New\Yakult.Inventory.App\Yakult.Inventory.App.csproj]
C:\Users\russel.mercado\source\repos\Yakult-System-New\Yakult.Inventory.App\Pages\Item\EditItemDialog.xaml.cs(1033,27): error CS0103: The name 'TxtModelNumber' does not exist in the current context [C:\Users\russel.mercado\source\repos\Yakult-System-New\Yakult.Inventory.App\Yakult.Inventory.App.csproj]
C:\Users\russel.mercado\source\repos\Yakult-System-New\Yakult.Inventory.App\Pages\Item\MarkActionDialog.xaml.cs(56,56): error CS0103: The name 'TxtRemark' does not exist in the current context [C:\Users\russel.mercado\source\repos\Yakult-System-New\Yakult.Inventory.App\Yakult.Inventory.App.csproj]
C:\Users\russel.mercado\source\repos\Yakult-System-New\Yakult.Inventory.App\Pages\Item\MarkActionDialog.xaml.cs(56,82): error CS0103: The name 'TxtRemark' does not exist in the current context [C:\Users\russel.mercado\source\repos\Yakult-System-New\Yakult.Inventory.App\Yakult.Inventory.App.csproj]
C:\Users\russel.mercado\source\repos\Yakult-System-New\Yakult.Inventory.App\Pages\Item\MarkActionDialog.xaml.cs(57,48): error CS1503: Argument 1: cannot convert from 'System.ReadOnlySpan<char>' to 'string' [C:\Users\russel.mercado\source\repos\Yakult-System-New\Yakult.Inventory.App\Yakult.Inventory.App.csproj]
C:\Users\russel.mercado\source\repos\Yakult-System-New\Yakult.Inventory.App\Pages\Item\MarkActionDialog.xaml.cs(57,67): error CS0019: Operator '+' cannot be applied to operands of type 'string' and 'ReadOnlySpan<char>' [C:\Users\russel.mercado\source\repos\Yakult-System-New\Yakult.Inventory.App\Yakult.Inventory.App.csproj]
C:\Users\russel.mercado\source\repos\Yakult-System-New\Yakult.Inventory.App\Pages\Item\EditItemDialog.xaml.cs(1140,60): error CS0103: The name 'CmbCategory' does not exist in the current context [C:\Users\russel.mercado\source\repos\Yakult-System-New\Yakult.Inventory.App\Yakult.Inventory.App.csproj]
C:\Users\russel.mercado\source\repos\Yakult-System-New\Yakult.Inventory.App\Pages\Item\EditItemDialog.xaml.cs(1166,27): error CS0103: The name 'TxtModelNumber' does not exist in the current context [C:\Users\russel.mercado\source\repos\Yakult-System-New\Yakult.Inventory.App\Yakult.Inventory.App.csproj]
C:\Users\russel.mercado\source\repos\Yakult-System-New\Yakult.Inventory.App\Pages\Item\MarkActionDialog.xaml.cs(102,13): error CS0103: The name 'InitializeComponent' does not exist in the current context [C:\Users\russel.mercado\source\repos\Yakult-System-New\Yakult.Inventory.App\Yakult.Inventory.App.csproj]
C:\Users\russel.mercado\source\repos\Yakult-System-New\Yakult.Inventory.App\Pages\Item\EditItemDialog.xaml.cs(1259,36): error CS0103: The name 'CmbCategory' does not exist in the current context [C:\Users\russel.mercado\source\repos\Yakult-System-New\Yakult.Inventory.App\Yakult.Inventory.App.csproj]
C:\Users\russel.mercado\source\repos\Yakult-System-New\Yakult.Inventory.App\Pages\Item\EditItemDialog.xaml.cs(1263,13): error CS0103: The name 'RowCartridgeModel' does not exist in the current context [C:\Users\russel.mercado\source\repos\Yakult-System-New\Yakult.Inventory.App\Yakult.Inventory.App.csproj]
C:\Users\russel.mercado\source\repos\Yakult-System-New\Yakult.Inventory.App\Pages\Item\EditItemDialog.xaml.cs(1264,13): error CS0103: The name 'RowCartridgeOrigin' does not exist in the current context [C:\Users\russel.mercado\source\repos\Yakult-System-New\Yakult.Inventory.App\Yakult.Inventory.App.csproj]
C:\Users\russel.mercado\source\repos\Yakult-System-New\Yakult.Inventory.App\Pages\Item\EditItemDialog.xaml.cs(1266,32): error CS0103: The name 'CmbCartridgeModel' does not exist in the current context [C:\Users\russel.mercado\source\repos\Yakult-System-New\Yakult.Inventory.App\Yakult.Inventory.App.csproj]
C:\Users\russel.mercado\source\repos\Yakult-System-New\Yakult.Inventory.App\Pages\Item\EditItemDialog.xaml.cs(1270,13): error CS0103: The name 'RowConsumableModel' does not exist in the current context [C:\Users\russel.mercado\source\repos\Yakult-System-New\Yakult.Inventory.App\Yakult.Inventory.App.csproj]
C:\Users\russel.mercado\source\repos\Yakult-System-New\Yakult.Inventory.App\Pages\Item\EditItemDialog.xaml.cs(1276,13): error CS0103: The name 'RowCellPhoneNumber' does not exist in the current context [C:\Users\russel.mercado\source\repos\Yakult-System-New\Yakult.Inventory.App\Yakult.Inventory.App.csproj]
C:\Users\russel.mercado\source\repos\Yakult-System-New\Yakult.Inventory.App\Pages\Item\EditItemDialog.xaml.cs(1277,13): error CS0103: The name 'RowImei1' does not exist in the current context [C:\Users\russel.mercado\source\repos\Yakult-System-New\Yakult.Inventory.App\Yakult.Inventory.App.csproj]
C:\Users\russel.mercado\source\repos\Yakult-System-New\Yakult.Inventory.App\Pages\Item\EditItemDialog.xaml.cs(1278,13): error CS0103: The name 'RowImei2' does not exist in the current context [C:\Users\russel.mercado\source\repos\Yakult-System-New\Yakult.Inventory.App\Yakult.Inventory.App.csproj]
C:\Users\russel.mercado\source\repos\Yakult-System-New\Yakult.Inventory.App\Pages\Item\EditItemDialog.xaml.cs(1283,39): error CS0103: The name 'CmbItemType' does not exist in the current context [C:\Users\russel.mercado\source\repos\Yakult-System-New\Yakult.Inventory.App\Yakult.Inventory.App.csproj]
C:\Users\russel.mercado\source\repos\Yakult-System-New\Yakult.Inventory.App\Pages\Item\EditItemDialog.xaml.cs(1285,13): error CS0103: The name 'RowLicenseNumber' does not exist in the current context [C:\Users\russel.mercado\source\repos\Yakult-System-New\Yakult.Inventory.App\Yakult.Inventory.App.csproj]
C:\Users\russel.mercado\source\repos\Yakult-System-New\Yakult.Inventory.App\Pages\Item\EditItemDialog.xaml.cs(1290,13): error CS0103: The name 'RowServiceContractToggle' does not exist in the current context [C:\Users\russel.mercado\source\repos\Yakult-System-New\Yakult.Inventory.App\Yakult.Inventory.App.csproj]
C:\Users\russel.mercado\source\repos\Yakult-System-New\Yakult.Inventory.App\Pages\Item\EditItemDialog.xaml.cs(1292,17): error CS0103: The name 'ChkServiceContractDates' does not exist in the current context [C:\Users\russel.mercado\source\repos\Yakult-System-New\Yakult.Inventory.App\Yakult.Inventory.App.csproj]
C:\Users\russel.mercado\source\repos\Yakult-System-New\Yakult.Inventory.App\Pages\Item\EditItemDialog.xaml.cs(1295,33): error CS0103: The name 'CmbUnitOfMeasure' does not exist in the current context [C:\Users\russel.mercado\source\repos\Yakult-System-New\Yakult.Inventory.App\Yakult.Inventory.App.csproj]
C:\Users\russel.mercado\source\repos\Yakult-System-New\Yakult.Inventory.App\Pages\Item\EditItemDialog.xaml.cs(1296,13): error CS0103: The name 'CmbUnitOfMeasure' does not exist in the current context [C:\Users\russel.mercado\source\repos\Yakult-System-New\Yakult.Inventory.App\Yakult.Inventory.App.csproj]
C:\Users\russel.mercado\source\repos\Yakult-System-New\Yakult.Inventory.App\Pages\Item\EditItemDialog.xaml.cs(1299,17): error CS0103: The name 'CmbUnitOfMeasure' does not exist in the current context [C:\Users\russel.mercado\source\repos\Yakult-System-New\Yakult.Inventory.App\Yakult.Inventory.App.csproj]
C:\Users\russel.mercado\source\repos\Yakult-System-New\Yakult.Inventory.App\Pages\Item\EditItemDialog.xaml.cs(1300,17): error CS0103: The name 'CmbUnitOfMeasure' does not exist in the current context [C:\Users\russel.mercado\source\repos\Yakult-System-New\Yakult.Inventory.App\Yakult.Inventory.App.csproj]
C:\Users\russel.mercado\source\repos\Yakult-System-New\Yakult.Inventory.App\Pages\Item\EditItemDialog.xaml.cs(1301,17): error CS0103: The name 'CmbUnitOfMeasure' does not exist in the current context [C:\Users\russel.mercado\source\repos\Yakult-System-New\Yakult.Inventory.App\Yakult.Inventory.App.csproj]
C:\Users\russel.mercado\source\repos\Yakult-System-New\Yakult.Inventory.App\Pages\Item\EditItemDialog.xaml.cs(1305,17): error CS0103: The name 'CmbUnitOfMeasure' does not exist in the current context [C:\Users\russel.mercado\source\repos\Yakult-System-New\Yakult.Inventory.App\Yakult.Inventory.App.csproj]
C:\Users\russel.mercado\source\repos\Yakult-System-New\Yakult.Inventory.App\Pages\Item\EditItemDialog.xaml.cs(1306,17): error CS0103: The name 'CmbUnitOfMeasure' does not exist in the current context [C:\Users\russel.mercado\source\repos\Yakult-System-New\Yakult.Inventory.App\Yakult.Inventory.App.csproj]
C:\Users\russel.mercado\source\repos\Yakult-System-New\Yakult.Inventory.App\Pages\Item\EditItemDialog.xaml.cs(1307,17): error CS0103: The name 'CmbUnitOfMeasure' does not exist in the current context [C:\Users\russel.mercado\source\repos\Yakult-System-New\Yakult.Inventory.App\Yakult.Inventory.App.csproj]
C:\Users\russel.mercado\source\repos\Yakult-System-New\Yakult.Inventory.App\Pages\Item\EditItemDialog.xaml.cs(1308,17): error CS0103: The name 'CmbUnitOfMeasure' does not exist in the current context [C:\Users\russel.mercado\source\repos\Yakult-System-New\Yakult.Inventory.App\Yakult.Inventory.App.csproj]
C:\Users\russel.mercado\source\repos\Yakult-System-New\Yakult.Inventory.App\Pages\Item\EditItemDialog.xaml.cs(1309,17): error CS0103: The name 'CmbUnitOfMeasure' does not exist in the current context [C:\Users\russel.mercado\source\repos\Yakult-System-New\Yakult.Inventory.App\Yakult.Inventory.App.csproj]
C:\Users\russel.mercado\source\repos\Yakult-System-New\Yakult.Inventory.App\Pages\Item\EditItemDialog.xaml.cs(1311,13): error CS0103: The name 'CmbUnitOfMeasure' does not exist in the current context [C:\Users\russel.mercado\source\repos\Yakult-System-New\Yakult.Inventory.App\Yakult.Inventory.App.csproj]
C:\Users\russel.mercado\source\repos\Yakult-System-New\Yakult.Inventory.App\Pages\Item\BatchAddItemDialog.xaml.cs(1744,31): error CS0103: The name 'CmbCategory' does not exist in the current context [C:\Users\russel.mercado\source\repos\Yakult-System-New\Yakult.Inventory.App\Yakult.Inventory.App.csproj]
C:\Users\russel.mercado\source\repos\Yakult-System-New\Yakult.Inventory.App\Pages\Item\BatchAddItemDialog.xaml.cs(1745,45): error CS0103: The name 'CmbCategory' does not exist in the current context [C:\Users\russel.mercado\source\repos\Yakult-System-New\Yakult.Inventory.App\Yakult.Inventory.App.csproj]
C:\Users\russel.mercado\source\repos\Yakult-System-New\Yakult.Inventory.App\Pages\Item\BatchAddItemDialog.xaml.cs(1749,50): error CS0103: The name 'CmbCartridgeModel' does not exist in the current context [C:\Users\russel.mercado\source\repos\Yakult-System-New\Yakult.Inventory.App\Yakult.Inventory.App.csproj]
C:\Users\russel.mercado\source\repos\Yakult-System-New\Yakult.Inventory.App\Pages\Item\BatchAddItemDialog.xaml.cs(1754,30): error CS0103: The name 'CmbCartridgeOrigin' does not exist in the current context [C:\Users\russel.mercado\source\repos\Yakult-System-New\Yakult.Inventory.App\Yakult.Inventory.App.csproj]
C:\Users\russel.mercado\source\repos\Yakult-System-New\Yakult.Inventory.App\Pages\Item\BatchAddItemDialog.xaml.cs(1761,38): error CS0103: The name 'CmbConsumableModel' does not exist in the current context [C:\Users\russel.mercado\source\repos\Yakult-System-New\Yakult.Inventory.App\Yakult.Inventory.App.csproj]
C:\Users\russel.mercado\source\repos\Yakult-System-New\Yakult.Inventory.App\Pages\Item\BatchAddItemDialog.xaml.cs(1763,27): error CS0103: The name 'CmbSubType' does not exist in the current context [C:\Users\russel.mercado\source\repos\Yakult-System-New\Yakult.Inventory.App\Yakult.Inventory.App.csproj]
C:\Users\russel.mercado\source\repos\Yakult-System-New\Yakult.Inventory.App\Pages\Item\BatchAddItemDialog.xaml.cs(1764,33): error CS0103: The name 'CmbItemType' does not exist in the current context [C:\Users\russel.mercado\source\repos\Yakult-System-New\Yakult.Inventory.App\Yakult.Inventory.App.csproj]
C:\Users\russel.mercado\source\repos\Yakult-System-New\Yakult.Inventory.App\Pages\Item\BatchAddItemDialog.xaml.cs(1769,30): error CS0103: The name 'TxtAmount' does not exist in the current context [C:\Users\russel.mercado\source\repos\Yakult-System-New\Yakult.Inventory.App\Yakult.Inventory.App.csproj]
C:\Users\russel.mercado\source\repos\Yakult-System-New\Yakult.Inventory.App\Pages\Item\BatchAddItemDialog.xaml.cs(1770,34): error CS0103: The name 'CmbVendor' does not exist in the current context [C:\Users\russel.mercado\source\repos\Yakult-System-New\Yakult.Inventory.App\Yakult.Inventory.App.csproj]
C:\Users\russel.mercado\source\repos\Yakult-System-New\Yakult.Inventory.App\Pages\Item\BatchAddItemDialog.xaml.cs(1771,26): error CS0103: The name 'TxtWarrantyYears' does not exist in the current context [C:\Users\russel.mercado\source\repos\Yakult-System-New\Yakult.Inventory.App\Yakult.Inventory.App.csproj]
C:\Users\russel.mercado\source\repos\Yakult-System-New\Yakult.Inventory.App\Pages\Item\BatchAddItemDialog.xaml.cs(1772,80): error CS0103: The name 'ChkServiceContractDates' does not exist in the current context [C:\Users\russel.mercado\source\repos\Yakult-System-New\Yakult.Inventory.App\Yakult.Inventory.App.csproj]
C:\Users\russel.mercado\source\repos\Yakult-System-New\Yakult.Inventory.App\Pages\Item\BatchAddItemDialog.xaml.cs(1776,37): error CS0103: The name 'TxtItemName' does not exist in the current context [C:\Users\russel.mercado\source\repos\Yakult-System-New\Yakult.Inventory.App\Yakult.Inventory.App.csproj]
C:\Users\russel.mercado\source\repos\Yakult-System-New\Yakult.Inventory.App\Pages\Item\BatchAddItemDialog.xaml.cs(1777,63): error CS0103: The name 'TxtDescription' does not exist in the current context [C:\Users\russel.mercado\source\repos\Yakult-System-New\Yakult.Inventory.App\Yakult.Inventory.App.csproj]
C:\Users\russel.mercado\source\repos\Yakult-System-New\Yakult.Inventory.App\Pages\Item\BatchAddItemDialog.xaml.cs(1777,93): error CS0103: The name 'TxtDescription' does not exist in the current context [C:\Users\russel.mercado\source\repos\Yakult-System-New\Yakult.Inventory.App\Yakult.Inventory.App.csproj]
C:\Users\russel.mercado\source\repos\Yakult-System-New\Yakult.Inventory.App\Pages\Item\BatchAddItemDialog.xaml.cs(1778,37): error CS0103: The name 'TxtModelNumber' does not exist in the current context [C:\Users\russel.mercado\source\repos\Yakult-System-New\Yakult.Inventory.App\Yakult.Inventory.App.csproj]
C:\Users\russel.mercado\source\repos\Yakult-System-New\Yakult.Inventory.App\Pages\Item\BatchAddItemDialog.xaml.cs(1784,37): error CS0103: The name 'CmbUnitOfMeasure' does not exist in the current context [C:\Users\russel.mercado\source\repos\Yakult-System-New\Yakult.Inventory.App\Yakult.Inventory.App.csproj]
C:\Users\russel.mercado\source\repos\Yakult-System-New\Yakult.Inventory.App\Pages\Item\BatchAddItemDialog.xaml.cs(1789,37): error CS0103: The name 'ChkIsTrackedAsset' does not exist in the current context [C:\Users\russel.mercado\source\repos\Yakult-System-New\Yakult.Inventory.App\Yakult.Inventory.App.csproj]
C:\Users\russel.mercado\source\repos\Yakult-System-New\Yakult.Inventory.App\Pages\Item\BatchAddItemDialog.xaml.cs(1790,37): error CS0103: The name 'ChkIsBorrowable' does not exist in the current context [C:\Users\russel.mercado\source\repos\Yakult-System-New\Yakult.Inventory.App\Yakult.Inventory.App.csproj]
C:\Users\russel.mercado\source\repos\Yakult-System-New\Yakult.Inventory.App\Pages\Item\BatchAddItemDialog.xaml.cs(1794,38): error CS0103: The name 'CmbCondition' does not exist in the current context [C:\Users\russel.mercado\source\repos\Yakult-System-New\Yakult.Inventory.App\Yakult.Inventory.App.csproj]
C:\Users\russel.mercado\source\repos\Yakult-System-New\Yakult.Inventory.App\Pages\Item\BatchAddItemDialog.xaml.cs(1795,38): error CS0103: The name 'CmbCondition' does not exist in the current context [C:\Users\russel.mercado\source\repos\Yakult-System-New\Yakult.Inventory.App\Yakult.Inventory.App.csproj]
C:\Users\russel.mercado\source\repos\Yakult-System-New\Yakult.Inventory.App\Pages\Item\BatchAddItemDialog.xaml.cs(1796,63): error CS0103: The name 'TxtRemarks' does not exist in the current context [C:\Users\russel.mercado\source\repos\Yakult-System-New\Yakult.Inventory.App\Yakult.Inventory.App.csproj]
C:\Users\russel.mercado\source\repos\Yakult-System-New\Yakult.Inventory.App\Pages\Item\BatchAddItemDialog.xaml.cs(1796,89): error CS0103: The name 'TxtRemarks' does not exist in the current context [C:\Users\russel.mercado\source\repos\Yakult-System-New\Yakult.Inventory.App\Yakult.Inventory.App.csproj]
C:\Users\russel.mercado\source\repos\Yakult-System-New\Yakult.Inventory.App\Pages\Item\BatchAddItemDialog.xaml.cs(1797,63): error CS0103: The name 'TxtPartNumber' does not exist in the current context [C:\Users\russel.mercado\source\repos\Yakult-System-New\Yakult.Inventory.App\Yakult.Inventory.App.csproj]
C:\Users\russel.mercado\source\repos\Yakult-System-New\Yakult.Inventory.App\Pages\Item\BatchAddItemDialog.xaml.cs(1797,92): error CS0103: The name 'TxtPartNumber' does not exist in the current context [C:\Users\russel.mercado\source\repos\Yakult-System-New\Yakult.Inventory.App\Yakult.Inventory.App.csproj]
C:\Users\russel.mercado\source\repos\Yakult-System-New\Yakult.Inventory.App\Pages\Item\BatchAddItemDialog.xaml.cs(1802,42): error CS0103: The name 'ChkWarrantyStart' does not exist in the current context [C:\Users\russel.mercado\source\repos\Yakult-System-New\Yakult.Inventory.App\Yakult.Inventory.App.csproj]
C:\Users\russel.mercado\source\repos\Yakult-System-New\Yakult.Inventory.App\Pages\Item\BatchAddItemDialog.xaml.cs(1802,80): error CS0103: The name 'DpWarrantyStart' does not exist in the current context [C:\Users\russel.mercado\source\repos\Yakult-System-New\Yakult.Inventory.App\Yakult.Inventory.App.csproj]
C:\Users\russel.mercado\source\repos\Yakult-System-New\Yakult.Inventory.App\Pages\Item\BatchAddItemDialog.xaml.cs(1803,42): error CS0103: The name 'ChkWarrantyEnd' does not exist in the current context [C:\Users\russel.mercado\source\repos\Yakult-System-New\Yakult.Inventory.App\Yakult.Inventory.App.csproj]
C:\Users\russel.mercado\source\repos\Yakult-System-New\Yakult.Inventory.App\Pages\Item\BatchAddItemDialog.xaml.cs(1803,78): error CS0103: The name 'DpWarrantyEnd' does not exist in the current context [C:\Users\russel.mercado\source\repos\Yakult-System-New\Yakult.Inventory.App\Yakult.Inventory.App.csproj]
C:\Users\russel.mercado\source\repos\Yakult-System-New\Yakult.Inventory.App\Pages\Item\BatchAddItemDialog.xaml.cs(1804,38): error CS0103: The name 'ChkDatePurchased' does not exist in the current context [C:\Users\russel.mercado\source\repos\Yakult-System-New\Yakult.Inventory.App\Yakult.Inventory.App.csproj]
C:\Users\russel.mercado\source\repos\Yakult-System-New\Yakult.Inventory.App\Pages\Item\BatchAddItemDialog.xaml.cs(1804,76): error CS0103: The name 'DpDatePurchased' does not exist in the current context [C:\Users\russel.mercado\source\repos\Yakult-System-New\Yakult.Inventory.App\Yakult.Inventory.App.csproj]
C:\Users\russel.mercado\source\repos\Yakult-System-New\Yakult.Inventory.App\Pages\Item\BatchAddItemDialog.xaml.cs(1805,63): error CS0103: The name 'TxtLicenseNumber' does not exist in the current context [C:\Users\russel.mercado\source\repos\Yakult-System-New\Yakult.Inventory.App\Yakult.Inventory.App.csproj]
C:\Users\russel.mercado\source\repos\Yakult-System-New\Yakult.Inventory.App\Pages\Item\BatchAddItemDialog.xaml.cs(1805,95): error CS0103: The name 'TxtLicenseNumber' does not exist in the current context [C:\Users\russel.mercado\source\repos\Yakult-System-New\Yakult.Inventory.App\Yakult.Inventory.App.csproj]
C:\Users\russel.mercado\source\repos\Yakult-System-New\Yakult.Inventory.App\Pages\Item\BatchAddItemDialog.xaml.cs(1806,56): error CS0103: The name 'DpStartDate' does not exist in the current context [C:\Users\russel.mercado\source\repos\Yakult-System-New\Yakult.Inventory.App\Yakult.Inventory.App.csproj]
C:\Users\russel.mercado\source\repos\Yakult-System-New\Yakult.Inventory.App\Pages\Item\BatchAddItemDialog.xaml.cs(1807,56): error CS0103: The name 'DpEndDate' does not exist in the current context [C:\Users\russel.mercado\source\repos\Yakult-System-New\Yakult.Inventory.App\Yakult.Inventory.App.csproj]
C:\Users\russel.mercado\source\repos\Yakult-System-New\Yakult.Inventory.App\Pages\Item\MarkActionDialog.xaml.cs(122,17): error CS0103: The name 'HeaderBar' does not exist in the current context [C:\Users\russel.mercado\source\repos\Yakult-System-New\Yakult.Inventory.App\Yakult.Inventory.App.csproj]
C:\Users\russel.mercado\source\repos\Yakult-System-New\Yakult.Inventory.App\Pages\Item\MarkActionDialog.xaml.cs(123,17): error CS0103: The name 'TxtTitle' does not exist in the current context [C:\Users\russel.mercado\source\repos\Yakult-System-New\Yakult.Inventory.App\Yakult.Inventory.App.csproj]
C:\Users\russel.mercado\source\repos\Yakult-System-New\Yakult.Inventory.App\Pages\Item\MarkActionDialog.xaml.cs(124,17): error CS0103: The name 'TxtOkLabel' does not exist in the current context [C:\Users\russel.mercado\source\repos\Yakult-System-New\Yakult.Inventory.App\Yakult.Inventory.App.csproj]
C:\Users\russel.mercado\source\repos\Yakult-System-New\Yakult.Inventory.App\Pages\Item\MarkActionDialog.xaml.cs(125,17): error CS0103: The name 'BtnOk' does not exist in the current context [C:\Users\russel.mercado\source\repos\Yakult-System-New\Yakult.Inventory.App\Yakult.Inventory.App.csproj]
C:\Users\russel.mercado\source\repos\Yakult-System-New\Yakult.Inventory.App\Pages\Item\MarkActionDialog.xaml.cs(133,21): error CS0103: The name 'BulkBanner' does not exist in the current context [C:\Users\russel.mercado\source\repos\Yakult-System-New\Yakult.Inventory.App\Yakult.Inventory.App.csproj]
C:\Users\russel.mercado\source\repos\Yakult-System-New\Yakult.Inventory.App\Pages\Item\MarkActionDialog.xaml.cs(134,21): error CS0103: The name 'TxtBulkBanner' does not exist in the current context [C:\Users\russel.mercado\source\repos\Yakult-System-New\Yakult.Inventory.App\Yakult.Inventory.App.csproj]
C:\Users\russel.mercado\source\repos\Yakult-System-New\Yakult.Inventory.App\Pages\Item\MarkActionDialog.xaml.cs(135,21): error CS0103: The name 'TxtSubtitle' does not exist in the current context [C:\Users\russel.mercado\source\repos\Yakult-System-New\Yakult.Inventory.App\Yakult.Inventory.App.csproj]
C:\Users\russel.mercado\source\repos\Yakult-System-New\Yakult.Inventory.App\Pages\Item\MarkActionDialog.xaml.cs(136,21): error CS0103: The name 'TxtSelectedHeader' does not exist in the current context [C:\Users\russel.mercado\source\repos\Yakult-System-New\Yakult.Inventory.App\Yakult.Inventory.App.csproj]
C:\Users\russel.mercado\source\repos\Yakult-System-New\Yakult.Inventory.App\Pages\Item\MarkActionDialog.xaml.cs(137,21): error CS0103: The name 'TxtSelectedCount' does not exist in the current context [C:\Users\russel.mercado\source\repos\Yakult-System-New\Yakult.Inventory.App\Yakult.Inventory.App.csproj]
C:\Users\russel.mercado\source\repos\Yakult-System-New\Yakult.Inventory.App\Pages\Item\MarkActionDialog.xaml.cs(138,21): error CS0103: The name 'TxtMoreHint' does not exist in the current context [C:\Users\russel.mercado\source\repos\Yakult-System-New\Yakult.Inventory.App\Yakult.Inventory.App.csproj]
C:\Users\russel.mercado\source\repos\Yakult-System-New\Yakult.Inventory.App\Pages\Item\MarkActionDialog.xaml.cs(142,21): error CS0103: The name 'BulkBanner' does not exist in the current context [C:\Users\russel.mercado\source\repos\Yakult-System-New\Yakult.Inventory.App\Yakult.Inventory.App.csproj]
C:\Users\russel.mercado\source\repos\Yakult-System-New\Yakult.Inventory.App\Pages\Item\MarkActionDialog.xaml.cs(146,21): error CS0103: The name 'TxtSubtitle' does not exist in the current context [C:\Users\russel.mercado\source\repos\Yakult-System-New\Yakult.Inventory.App\Yakult.Inventory.App.csproj]
C:\Users\russel.mercado\source\repos\Yakult-System-New\Yakult.Inventory.App\Pages\Item\MarkActionDialog.xaml.cs(147,21): error CS0103: The name 'TxtSelectedHeader' does not exist in the current context [C:\Users\russel.mercado\source\repos\Yakult-System-New\Yakult.Inventory.App\Yakult.Inventory.App.csproj]
C:\Users\russel.mercado\source\repos\Yakult-System-New\Yakult.Inventory.App\Pages\Item\MarkActionDialog.xaml.cs(148,21): error CS0103: The name 'TxtSelectedCount' does not exist in the current context [C:\Users\russel.mercado\source\repos\Yakult-System-New\Yakult.Inventory.App\Yakult.Inventory.App.csproj]
C:\Users\russel.mercado\source\repos\Yakult-System-New\Yakult.Inventory.App\Pages\Item\MarkActionDialog.xaml.cs(149,21): error CS0103: The name 'TxtMoreHint' does not exist in the current context [C:\Users\russel.mercado\source\repos\Yakult-System-New\Yakult.Inventory.App\Yakult.Inventory.App.csproj]
C:\Users\russel.mercado\source\repos\Yakult-System-New\Yakult.Inventory.App\Pages\Item\MarkActionDialog.xaml.cs(155,21): error CS0103: The name 'SelectedItemsGrid' does not exist in the current context [C:\Users\russel.mercado\source\repos\Yakult-System-New\Yakult.Inventory.App\Yakult.Inventory.App.csproj]
C:\Users\russel.mercado\source\repos\Yakult-System-New\Yakult.Inventory.App\Pages\Item\MarkActionDialog.xaml.cs(156,21): error CS0103: The name 'SelectedItemsGrid' does not exist in the current context [C:\Users\russel.mercado\source\repos\Yakult-System-New\Yakult.Inventory.App\Yakult.Inventory.App.csproj]
C:\Users\russel.mercado\source\repos\Yakult-System-New\Yakult.Inventory.App\Pages\Item\MarkActionDialog.xaml.cs(163,17): error CS0103: The name 'TxtReason' does not exist in the current context [C:\Users\russel.mercado\source\repos\Yakult-System-New\Yakult.Inventory.App\Yakult.Inventory.App.csproj]
C:\Users\russel.mercado\source\repos\Yakult-System-New\Yakult.Inventory.App\Pages\Item\EditItemDialog.xaml.cs(1323,39): error CS0103: The name 'CmbItemType' does not exist in the current context [C:\Users\russel.mercado\source\repos\Yakult-System-New\Yakult.Inventory.App\Yakult.Inventory.App.csproj]
C:\Users\russel.mercado\source\repos\Yakult-System-New\Yakult.Inventory.App\Pages\Item\EditItemDialog.xaml.cs(1327,90): error CS0103: The name 'ChkServiceContractDates' does not exist in the current context [C:\Users\russel.mercado\source\repos\Yakult-System-New\Yakult.Inventory.App\Yakult.Inventory.App.csproj]
C:\Users\russel.mercado\source\repos\Yakult-System-New\Yakult.Inventory.App\Pages\Item\EditItemDialog.xaml.cs(1329,13): error CS0103: The name 'LblStartDate' does not exist in the current context [C:\Users\russel.mercado\source\repos\Yakult-System-New\Yakult.Inventory.App\Yakult.Inventory.App.csproj]
C:\Users\russel.mercado\source\repos\Yakult-System-New\Yakult.Inventory.App\Pages\Item\EditItemDialog.xaml.cs(1331,13): error CS0103: The name 'DpStartDate' does not exist in the current context [C:\Users\russel.mercado\source\repos\Yakult-System-New\Yakult.Inventory.App\Yakult.Inventory.App.csproj]
C:\Users\russel.mercado\source\repos\Yakult-System-New\Yakult.Inventory.App\Pages\Item\EditItemDialog.xaml.cs(1332,13): error CS0103: The name 'RowSyncLinkedInvoiceDates' does not exist in the current context [C:\Users\russel.mercado\source\repos\Yakult-System-New\Yakult.Inventory.App\Yakult.Inventory.App.csproj]
C:\Users\russel.mercado\source\repos\Yakult-System-New\Yakult.Inventory.App\Pages\Item\EditItemDialog.xaml.cs(1339,17): error CS0103: The name 'ChkEndDate' does not exist in the current context [C:\Users\russel.mercado\source\repos\Yakult-System-New\Yakult.Inventory.App\Yakult.Inventory.App.csproj]
C:\Users\russel.mercado\source\repos\Yakult-System-New\Yakult.Inventory.App\Pages\Item\EditItemDialog.xaml.cs(1340,17): error CS0103: The name 'ChkEndDate' does not exist in the current context [C:\Users\russel.mercado\source\repos\Yakult-System-New\Yakult.Inventory.App\Yakult.Inventory.App.csproj]
C:\Users\russel.mercado\source\repos\Yakult-System-New\Yakult.Inventory.App\Pages\Item\EditItemDialog.xaml.cs(1342,17): error CS0103: The name 'DpStartDate' does not exist in the current context [C:\Users\russel.mercado\source\repos\Yakult-System-New\Yakult.Inventory.App\Yakult.Inventory.App.csproj]
C:\Users\russel.mercado\source\repos\Yakult-System-New\Yakult.Inventory.App\Pages\Item\EditItemDialog.xaml.cs(1343,17): error CS0103: The name 'DpEndDate' does not exist in the current context [C:\Users\russel.mercado\source\repos\Yakult-System-New\Yakult.Inventory.App\Yakult.Inventory.App.csproj]
C:\Users\russel.mercado\source\repos\Yakult-System-New\Yakult.Inventory.App\Pages\Item\EditItemDialog.xaml.cs(1344,17): error CS0103: The name 'DpStartDate' does not exist in the current context [C:\Users\russel.mercado\source\repos\Yakult-System-New\Yakult.Inventory.App\Yakult.Inventory.App.csproj]
C:\Users\russel.mercado\source\repos\Yakult-System-New\Yakult.Inventory.App\Pages\Item\EditItemDialog.xaml.cs(1345,17): error CS0103: The name 'DpEndDate' does not exist in the current context [C:\Users\russel.mercado\source\repos\Yakult-System-New\Yakult.Inventory.App\Yakult.Inventory.App.csproj]
C:\Users\russel.mercado\source\repos\Yakult-System-New\Yakult.Inventory.App\Pages\Item\EditItemDialog.xaml.cs(1351,17): error CS0103: The name 'ChkEndDate' does not exist in the current context [C:\Users\russel.mercado\source\repos\Yakult-System-New\Yakult.Inventory.App\Yakult.Inventory.App.csproj]
C:\Users\russel.mercado\source\repos\Yakult-System-New\Yakult.Inventory.App\Pages\Item\EditItemDialog.xaml.cs(1353,17): error CS0103: The name 'DpStartDate' does not exist in the current context [C:\Users\russel.mercado\source\repos\Yakult-System-New\Yakult.Inventory.App\Yakult.Inventory.App.csproj]
C:\Users\russel.mercado\source\repos\Yakult-System-New\Yakult.Inventory.App\Pages\Item\EditItemDialog.xaml.cs(1354,17): error CS0103: The name 'DpEndDate' does not exist in the current context [C:\Users\russel.mercado\source\repos\Yakult-System-New\Yakult.Inventory.App\Yakult.Inventory.App.csproj]
C:\Users\russel.mercado\source\repos\Yakult-System-New\Yakult.Inventory.App\Pages\Item\EditItemDialog.xaml.cs(1355,17): error CS0103: The name 'ChkSyncLinkedInvoiceDates' does not exist in the current context [C:\Users\russel.mercado\source\repos\Yakult-System-New\Yakult.Inventory.App\Yakult.Inventory.App.csproj]
C:\Users\russel.mercado\source\repos\Yakult-System-New\Yakult.Inventory.App\Pages\Item\EditItemDialog.xaml.cs(1366,17): error CS0103: The name 'DpStartDate' does not exist in the current context [C:\Users\russel.mercado\source\repos\Yakult-System-New\Yakult.Inventory.App\Yakult.Inventory.App.csproj]
C:\Users\russel.mercado\source\repos\Yakult-System-New\Yakult.Inventory.App\Pages\Item\EditItemDialog.xaml.cs(1367,17): error CS0103: The name 'DpEndDate' does not exist in the current context [C:\Users\russel.mercado\source\repos\Yakult-System-New\Yakult.Inventory.App\Yakult.Inventory.App.csproj]
C:\Users\russel.mercado\source\repos\Yakult-System-New\Yakult.Inventory.App\Pages\Item\EditItemDialog.xaml.cs(1367,51): error CS0103: The name 'DpEndDate' does not exist in the current context [C:\Users\russel.mercado\source\repos\Yakult-System-New\Yakult.Inventory.App\Yakult.Inventory.App.csproj]
C:\Users\russel.mercado\source\repos\Yakult-System-New\Yakult.Inventory.App\Pages\Item\EditItemDialog.xaml.cs(1367,77): error CS0103: The name 'DpStartDate' does not exist in the current context [C:\Users\russel.mercado\source\repos\Yakult-System-New\Yakult.Inventory.App\Yakult.Inventory.App.csproj]
C:\Users\russel.mercado\source\repos\Yakult-System-New\Yakult.Inventory.App\Pages\Item\EditItemDialog.xaml.cs(1368,17): error CS0103: The name 'DpEndDate' does not exist in the current context [C:\Users\russel.mercado\source\repos\Yakult-System-New\Yakult.Inventory.App\Yakult.Inventory.App.csproj]
C:\Users\russel.mercado\source\repos\Yakult-System-New\Yakult.Inventory.App\Pages\Item\EditItemDialog.xaml.cs(1368,42): error CS0103: The name 'DpStartDate' does not exist in the current context [C:\Users\russel.mercado\source\repos\Yakult-System-New\Yakult.Inventory.App\Yakult.Inventory.App.csproj]
C:\Users\russel.mercado\source\repos\Yakult-System-New\Yakult.Inventory.App\Pages\Item\BatchAddItemDialog.xaml.cs(1886,13): error CS0103: The name 'TxtItemName' does not exist in the current context [C:\Users\russel.mercado\source\repos\Yakult-System-New\Yakult.Inventory.App\Yakult.Inventory.App.csproj]
C:\Users\russel.mercado\source\repos\Yakult-System-New\Yakult.Inventory.App\Pages\Item\BatchAddItemDialog.xaml.cs(1887,13): error CS0103: The name 'TxtDescription' does not exist in the current context [C:\Users\russel.mercado\source\repos\Yakult-System-New\Yakult.Inventory.App\Yakult.Inventory.App.csproj]
C:\Users\russel.mercado\source\repos\Yakult-System-New\Yakult.Inventory.App\Pages\Item\BatchAddItemDialog.xaml.cs(1888,13): error CS0103: The name 'TxtModelNumber' does not exist in the current context [C:\Users\russel.mercado\source\repos\Yakult-System-New\Yakult.Inventory.App\Yakult.Inventory.App.csproj]
C:\Users\russel.mercado\source\repos\Yakult-System-New\Yakult.Inventory.App\Pages\Item\BatchAddItemDialog.xaml.cs(1889,13): error CS0103: The name 'TxtSerialNumbers' does not exist in the current context [C:\Users\russel.mercado\source\repos\Yakult-System-New\Yakult.Inventory.App\Yakult.Inventory.App.csproj]
C:\Users\russel.mercado\source\repos\Yakult-System-New\Yakult.Inventory.App\Pages\Item\BatchAddItemDialog.xaml.cs(1890,13): error CS0103: The name 'TxtQuantity' does not exist in the current context [C:\Users\russel.mercado\source\repos\Yakult-System-New\Yakult.Inventory.App\Yakult.Inventory.App.csproj]
C:\Users\russel.mercado\source\repos\Yakult-System-New\Yakult.Inventory.App\Pages\Item\BatchAddItemDialog.xaml.cs(1892,13): error CS0103: The name 'CmbCategory' does not exist in the current context [C:\Users\russel.mercado\source\repos\Yakult-System-New\Yakult.Inventory.App\Yakult.Inventory.App.csproj]
C:\Users\russel.mercado\source\repos\Yakult-System-New\Yakult.Inventory.App\Pages\Item\BatchAddItemDialog.xaml.cs(1893,13): error CS0103: The name 'CmbItemType' does not exist in the current context [C:\Users\russel.mercado\source\repos\Yakult-System-New\Yakult.Inventory.App\Yakult.Inventory.App.csproj]
C:\Users\russel.mercado\source\repos\Yakult-System-New\Yakult.Inventory.App\Pages\Item\BatchAddItemDialog.xaml.cs(1894,13): error CS0103: The name 'CmbSubType' does not exist in the current context [C:\Users\russel.mercado\source\repos\Yakult-System-New\Yakult.Inventory.App\Yakult.Inventory.App.csproj]
C:\Users\russel.mercado\source\repos\Yakult-System-New\Yakult.Inventory.App\Pages\Item\BatchAddItemDialog.xaml.cs(1899,13): error CS0103: The name 'RowCellPhoneEntries' does not exist in the current context [C:\Users\russel.mercado\source\repos\Yakult-System-New\Yakult.Inventory.App\Yakult.Inventory.App.csproj]
C:\Users\russel.mercado\source\repos\Yakult-System-New\Yakult.Inventory.App\Pages\Item\BatchAddItemDialog.xaml.cs(1900,13): error CS0103: The name 'RowQuantity' does not exist in the current context [C:\Users\russel.mercado\source\repos\Yakult-System-New\Yakult.Inventory.App\Yakult.Inventory.App.csproj]
C:\Users\russel.mercado\source\repos\Yakult-System-New\Yakult.Inventory.App\Pages\Item\BatchAddItemDialog.xaml.cs(1901,13): error CS0103: The name 'RowSerialNumbersEntry' does not exist in the current context [C:\Users\russel.mercado\source\repos\Yakult-System-New\Yakult.Inventory.App\Yakult.Inventory.App.csproj]
C:\Users\russel.mercado\source\repos\Yakult-System-New\Yakult.Inventory.App\Pages\Item\BatchAddItemDialog.xaml.cs(1902,13): error CS0103: The name 'RowPreviewSection' does not exist in the current context [C:\Users\russel.mercado\source\repos\Yakult-System-New\Yakult.Inventory.App\Yakult.Inventory.App.csproj]
C:\Users\russel.mercado\source\repos\Yakult-System-New\Yakult.Inventory.App\Pages\Item\BatchAddItemDialog.xaml.cs(1904,13): error CS0103: The name 'DpStartDate' does not exist in the current context [C:\Users\russel.mercado\source\repos\Yakult-System-New\Yakult.Inventory.App\Yakult.Inventory.App.csproj]
C:\Users\russel.mercado\source\repos\Yakult-System-New\Yakult.Inventory.App\Pages\Item\BatchAddItemDialog.xaml.cs(1905,13): error CS0103: The name 'DpEndDate' does not exist in the current context [C:\Users\russel.mercado\source\repos\Yakult-System-New\Yakult.Inventory.App\Yakult.Inventory.App.csproj]
C:\Users\russel.mercado\source\repos\Yakult-System-New\Yakult.Inventory.App\Pages\Item\BatchAddItemDialog.xaml.cs(1906,42): error CS0103: The name 'CmbItemType' does not exist in the current context [C:\Users\russel.mercado\source\repos\Yakult-System-New\Yakult.Inventory.App\Yakult.Inventory.App.csproj]
C:\Users\russel.mercado\source\repos\Yakult-System-New\Yakult.Inventory.App\Pages\Item\BatchAddItemDialog.xaml.cs(1908,17): error CS0103: The name 'CmbUnitOfMeasure' does not exist in the current context [C:\Users\russel.mercado\source\repos\Yakult-System-New\Yakult.Inventory.App\Yakult.Inventory.App.csproj]
C:\Users\russel.mercado\source\repos\Yakult-System-New\Yakult.Inventory.App\Pages\Item\BatchAddItemDialog.xaml.cs(1908,51): error CS0103: The name 'CmbUnitOfMeasure' does not exist in the current context [C:\Users\russel.mercado\source\repos\Yakult-System-New\Yakult.Inventory.App\Yakult.Inventory.App.csproj]
C:\Users\russel.mercado\source\repos\Yakult-System-New\Yakult.Inventory.App\Pages\Item\BatchAddItemDialog.xaml.cs(1909,13): error CS0103: The name 'TxtAmount' does not exist in the current context [C:\Users\russel.mercado\source\repos\Yakult-System-New\Yakult.Inventory.App\Yakult.Inventory.App.csproj]
C:\Users\russel.mercado\source\repos\Yakult-System-New\Yakult.Inventory.App\Pages\Item\BatchAddItemDialog.xaml.cs(1911,33): error CS0103: The name 'CmbCondition' does not exist in the current context [C:\Users\russel.mercado\source\repos\Yakult-System-New\Yakult.Inventory.App\Yakult.Inventory.App.csproj]
C:\Users\russel.mercado\source\repos\Yakult-System-New\Yakult.Inventory.App\Pages\Item\BatchAddItemDialog.xaml.cs(1913,21): error CS0103: The name 'CmbCondition' does not exist in the current context [C:\Users\russel.mercado\source\repos\Yakult-System-New\Yakult.Inventory.App\Yakult.Inventory.App.csproj]
C:\Users\russel.mercado\source\repos\Yakult-System-New\Yakult.Inventory.App\Pages\Item\BatchAddItemDialog.xaml.cs(1915,19): error CS0103: The name 'CmbCondition' does not exist in the current context [C:\Users\russel.mercado\source\repos\Yakult-System-New\Yakult.Inventory.App\Yakult.Inventory.App.csproj]
C:\Users\russel.mercado\source\repos\Yakult-System-New\Yakult.Inventory.App\Pages\Item\BatchAddItemDialog.xaml.cs(1918,17): error CS0103: The name 'CmbVendor' does not exist in the current context [C:\Users\russel.mercado\source\repos\Yakult-System-New\Yakult.Inventory.App\Yakult.Inventory.App.csproj]
C:\Users\russel.mercado\source\repos\Yakult-System-New\Yakult.Inventory.App\Pages\Item\BatchAddItemDialog.xaml.cs(1918,44): error CS0103: The name 'CmbVendor' does not exist in the current context [C:\Users\russel.mercado\source\repos\Yakult-System-New\Yakult.Inventory.App\Yakult.Inventory.App.csproj]
C:\Users\russel.mercado\source\repos\Yakult-System-New\Yakult.Inventory.App\Pages\Item\BatchAddItemDialog.xaml.cs(1919,17): error CS0103: The name 'CmbCartridgeOrigin' does not exist in the current context [C:\Users\russel.mercado\source\repos\Yakult-System-New\Yakult.Inventory.App\Yakult.Inventory.App.csproj]
C:\Users\russel.mercado\source\repos\Yakult-System-New\Yakult.Inventory.App\Pages\Item\BatchAddItemDialog.xaml.cs(1919,53): error CS0103: The name 'CmbCartridgeOrigin' does not exist in the current context [C:\Users\russel.mercado\source\repos\Yakult-System-New\Yakult.Inventory.App\Yakult.Inventory.App.csproj]
C:\Users\russel.mercado\source\repos\Yakult-System-New\Yakult.Inventory.App\Pages\Item\BatchAddItemDialog.xaml.cs(1921,13): error CS0103: The name 'TxtRemarks' does not exist in the current context [C:\Users\russel.mercado\source\repos\Yakult-System-New\Yakult.Inventory.App\Yakult.Inventory.App.csproj]
C:\Users\russel.mercado\source\repos\Yakult-System-New\Yakult.Inventory.App\Pages\Item\BatchAddItemDialog.xaml.cs(1922,13): error CS0103: The name 'TxtLicenseNumber' does not exist in the current context [C:\Users\russel.mercado\source\repos\Yakult-System-New\Yakult.Inventory.App\Yakult.Inventory.App.csproj]
C:\Users\russel.mercado\source\repos\Yakult-System-New\Yakult.Inventory.App\Pages\Item\BatchAddItemDialog.xaml.cs(1923,13): error CS0103: The name 'TxtPartNumber' does not exist in the current context [C:\Users\russel.mercado\source\repos\Yakult-System-New\Yakult.Inventory.App\Yakult.Inventory.App.csproj]
C:\Users\russel.mercado\source\repos\Yakult-System-New\Yakult.Inventory.App\Pages\Item\BatchAddItemDialog.xaml.cs(1924,13): error CS0103: The name 'TxtWarrantyYears' does not exist in the current context [C:\Users\russel.mercado\source\repos\Yakult-System-New\Yakult.Inventory.App\Yakult.Inventory.App.csproj]
C:\Users\russel.mercado\source\repos\Yakult-System-New\Yakult.Inventory.App\Pages\Item\BatchAddItemDialog.xaml.cs(1925,13): error CS0103: The name 'ChkWarrantyStart' does not exist in the current context [C:\Users\russel.mercado\source\repos\Yakult-System-New\Yakult.Inventory.App\Yakult.Inventory.App.csproj]
C:\Users\russel.mercado\source\repos\Yakult-System-New\Yakult.Inventory.App\Pages\Item\BatchAddItemDialog.xaml.cs(1926,13): error CS0103: The name 'ChkWarrantyEnd' does not exist in the current context [C:\Users\russel.mercado\source\repos\Yakult-System-New\Yakult.Inventory.App\Yakult.Inventory.App.csproj]
C:\Users\russel.mercado\source\repos\Yakult-System-New\Yakult.Inventory.App\Pages\Item\BatchAddItemDialog.xaml.cs(1927,13): error CS0103: The name 'ChkDatePurchased' does not exist in the current context [C:\Users\russel.mercado\source\repos\Yakult-System-New\Yakult.Inventory.App\Yakult.Inventory.App.csproj]
C:\Users\russel.mercado\source\repos\Yakult-System-New\Yakult.Inventory.App\Pages\Item\BatchAddItemDialog.xaml.cs(1929,13): error CS0103: The name 'LstPreview' does not exist in the current context [C:\Users\russel.mercado\source\repos\Yakult-System-New\Yakult.Inventory.App\Yakult.Inventory.App.csproj]
C:\Users\russel.mercado\source\repos\Yakult-System-New\Yakult.Inventory.App\Pages\Item\BatchAddItemDialog.xaml.cs(1930,13): error CS0103: The name 'PnlPreview' does not exist in the current context [C:\Users\russel.mercado\source\repos\Yakult-System-New\Yakult.Inventory.App\Yakult.Inventory.App.csproj]
C:\Users\russel.mercado\source\repos\Yakult-System-New\Yakult.Inventory.App\Pages\Item\BatchAddItemDialog.xaml.cs(1933,13): error CS0103: The name 'TxtItemName' does not exist in the current context [C:\Users\russel.mercado\source\repos\Yakult-System-New\Yakult.Inventory.App\Yakult.Inventory.App.csproj]
C:\Users\russel.mercado\source\repos\Yakult-System-New\Yakult.Inventory.App\Pages\Item\EditItemDialog.xaml.cs(1377,36): error CS0103: The name 'CmbCategory' does not exist in the current context [C:\Users\russel.mercado\source\repos\Yakult-System-New\Yakult.Inventory.App\Yakult.Inventory.App.csproj]
C:\Users\russel.mercado\source\repos\Yakult-System-New\Yakult.Inventory.App\Pages\Item\EditItemDialog.xaml.cs(1378,37): error CS0103: The name 'CmbCondition' does not exist in the current context [C:\Users\russel.mercado\source\repos\Yakult-System-New\Yakult.Inventory.App\Yakult.Inventory.App.csproj]
C:\Users\russel.mercado\source\repos\Yakult-System-New\Yakult.Inventory.App\Pages\Item\EditItemDialog.xaml.cs(1379,34): error CS0103: The name 'CmbVendor' does not exist in the current context [C:\Users\russel.mercado\source\repos\Yakult-System-New\Yakult.Inventory.App\Yakult.Inventory.App.csproj]
C:\Users\russel.mercado\source\repos\Yakult-System-New\Yakult.Inventory.App\Pages\Item\EditItemDialog.xaml.cs(1380,42): error CS0103: The name 'CmbCartridgeModel' does not exist in the current context [C:\Users\russel.mercado\source\repos\Yakult-System-New\Yakult.Inventory.App\Yakult.Inventory.App.csproj]
C:\Users\russel.mercado\source\repos\Yakult-System-New\Yakult.Inventory.App\Pages\Item\EditItemDialog.xaml.cs(1381,43): error CS0103: The name 'CmbConsumableModel' does not exist in the current context [C:\Users\russel.mercado\source\repos\Yakult-System-New\Yakult.Inventory.App\Yakult.Inventory.App.csproj]
C:\Users\russel.mercado\source\repos\Yakult-System-New\Yakult.Inventory.App\Pages\Item\EditItemDialog.xaml.cs(1386,30): error CS0103: The name 'TxtAmount' does not exist in the current context [C:\Users\russel.mercado\source\repos\Yakult-System-New\Yakult.Inventory.App\Yakult.Inventory.App.csproj]
C:\Users\russel.mercado\source\repos\Yakult-System-New\Yakult.Inventory.App\Pages\Item\EditItemDialog.xaml.cs(1390,24): error CS0103: The name 'TxtName' does not exist in the current context [C:\Users\russel.mercado\source\repos\Yakult-System-New\Yakult.Inventory.App\Yakult.Inventory.App.csproj]
C:\Users\russel.mercado\source\repos\Yakult-System-New\Yakult.Inventory.App\Pages\Item\EditItemDialog.xaml.cs(1391,31): error CS0103: The name 'TxtDescription' does not exist in the current context [C:\Users\russel.mercado\source\repos\Yakult-System-New\Yakult.Inventory.App\Yakult.Inventory.App.csproj]
C:\Users\russel.mercado\source\repos\Yakult-System-New\Yakult.Inventory.App\Pages\Item\EditItemDialog.xaml.cs(1394,28): error CS0103: The name 'CmbItemType' does not exist in the current context [C:\Users\russel.mercado\source\repos\Yakult-System-New\Yakult.Inventory.App\Yakult.Inventory.App.csproj]
C:\Users\russel.mercado\source\repos\Yakult-System-New\Yakult.Inventory.App\Pages\Item\EditItemDialog.xaml.cs(1395,27): error CS0103: The name 'CmbSubType' does not exist in the current context [C:\Users\russel.mercado\source\repos\Yakult-System-New\Yakult.Inventory.App\Yakult.Inventory.App.csproj]
C:\Users\russel.mercado\source\repos\Yakult-System-New\Yakult.Inventory.App\Pages\Item\EditItemDialog.xaml.cs(1396,31): error CS0103: The name 'TxtModelNumber' does not exist in the current context [C:\Users\russel.mercado\source\repos\Yakult-System-New\Yakult.Inventory.App\Yakult.Inventory.App.csproj]
C:\Users\russel.mercado\source\repos\Yakult-System-New\Yakult.Inventory.App\Pages\Item\EditItemDialog.xaml.cs(1401,61): error CS0103: The name 'CmbCartridgeOrigin' does not exist in the current context [C:\Users\russel.mercado\source\repos\Yakult-System-New\Yakult.Inventory.App\Yakult.Inventory.App.csproj]
C:\Users\russel.mercado\source\repos\Yakult-System-New\Yakult.Inventory.App\Pages\Item\EditItemDialog.xaml.cs(1404,33): error CS0103: The name 'CmbUnitOfMeasure' does not exist in the current context [C:\Users\russel.mercado\source\repos\Yakult-System-New\Yakult.Inventory.App\Yakult.Inventory.App.csproj]
C:\Users\russel.mercado\source\repos\Yakult-System-New\Yakult.Inventory.App\Pages\Item\EditItemDialog.xaml.cs(1410,27): error CS0103: The name 'TxtRemarks' does not exist in the current context [C:\Users\russel.mercado\source\repos\Yakult-System-New\Yakult.Inventory.App\Yakult.Inventory.App.csproj]
C:\Users\russel.mercado\source\repos\Yakult-System-New\Yakult.Inventory.App\Pages\Item\EditItemDialog.xaml.cs(1411,33): error CS0103: The name 'TxtLicenseNumber' does not exist in the current context [C:\Users\russel.mercado\source\repos\Yakult-System-New\Yakult.Inventory.App\Yakult.Inventory.App.csproj]
C:\Users\russel.mercado\source\repos\Yakult-System-New\Yakult.Inventory.App\Pages\Item\EditItemDialog.xaml.cs(1412,30): error CS0103: The name 'TxtPartNumber' does not exist in the current context [C:\Users\russel.mercado\source\repos\Yakult-System-New\Yakult.Inventory.App\Yakult.Inventory.App.csproj]
C:\Users\russel.mercado\source\repos\Yakult-System-New\Yakult.Inventory.App\Pages\Item\EditItemDialog.xaml.cs(1414,33): error CS0103: The name 'ChkDatePurchased' does not exist in the current context [C:\Users\russel.mercado\source\repos\Yakult-System-New\Yakult.Inventory.App\Yakult.Inventory.App.csproj]
C:\Users\russel.mercado\source\repos\Yakult-System-New\Yakult.Inventory.App\Pages\Item\EditItemDialog.xaml.cs(1414,70): error CS0103: The name 'DpDatePurchased' does not exist in the current context [C:\Users\russel.mercado\source\repos\Yakult-System-New\Yakult.Inventory.App\Yakult.Inventory.App.csproj]
C:\Users\russel.mercado\source\repos\Yakult-System-New\Yakult.Inventory.App\Pages\Item\EditItemDialog.xaml.cs(1415,34): error CS0103: The name 'ChkIsTrackedAsset' does not exist in the current context [C:\Users\russel.mercado\source\repos\Yakult-System-New\Yakult.Inventory.App\Yakult.Inventory.App.csproj]
C:\Users\russel.mercado\source\repos\Yakult-System-New\Yakult.Inventory.App\Pages\Item\EditItemDialog.xaml.cs(1416,29): error CS0103: The name 'ChkServiceContractDates' does not exist in the current context [C:\Users\russel.mercado\source\repos\Yakult-System-New\Yakult.Inventory.App\Yakult.Inventory.App.csproj]
C:\Users\russel.mercado\source\repos\Yakult-System-New\Yakult.Inventory.App\Pages\Item\EditItemDialog.xaml.cs(1416,73): error CS0103: The name 'DpStartDate' does not exist in the current context [C:\Users\russel.mercado\source\repos\Yakult-System-New\Yakult.Inventory.App\Yakult.Inventory.App.csproj]
C:\Users\russel.mercado\source\repos\Yakult-System-New\Yakult.Inventory.App\Pages\Item\EditItemDialog.xaml.cs(1417,28): error CS0103: The name 'ChkServiceContractDates' does not exist in the current context [C:\Users\russel.mercado\source\repos\Yakult-System-New\Yakult.Inventory.App\Yakult.Inventory.App.csproj]
C:\Users\russel.mercado\source\repos\Yakult-System-New\Yakult.Inventory.App\Pages\Item\EditItemDialog.xaml.cs(1417,73): error CS0103: The name 'ChkEndDate' does not exist in the current context [C:\Users\russel.mercado\source\repos\Yakult-System-New\Yakult.Inventory.App\Yakult.Inventory.App.csproj]
C:\Users\russel.mercado\source\repos\Yakult-System-New\Yakult.Inventory.App\Pages\Item\EditItemDialog.xaml.cs(1417,105): error CS0103: The name 'DpEndDate' does not exist in the current context [C:\Users\russel.mercado\source\repos\Yakult-System-New\Yakult.Inventory.App\Yakult.Inventory.App.csproj]
C:\Users\russel.mercado\source\repos\Yakult-System-New\Yakult.Inventory.App\Pages\Item\BatchAddItemDialog.xaml.cs(1967,17): error CS0103: The name 'DgvCellPhones' does not exist in the current context [C:\Users\russel.mercado\source\repos\Yakult-System-New\Yakult.Inventory.App\Yakult.Inventory.App.csproj]
C:\Users\russel.mercado\source\repos\Yakult-System-New\Yakult.Inventory.App\Pages\Item\BatchAddItemDialog.xaml.cs(1972,28): error CS0103: The name 'TxtSerialNumbers' does not exist in the current context [C:\Users\russel.mercado\source\repos\Yakult-System-New\Yakult.Inventory.App\Yakult.Inventory.App.csproj]
C:\Users\russel.mercado\source\repos\Yakult-System-New\Yakult.Inventory.App\Pages\Item\BatchAddItemDialog.xaml.cs(1978,17): error CS0103: The name 'TxtSerialNumbers' does not exist in the current context [C:\Users\russel.mercado\source\repos\Yakult-System-New\Yakult.Inventory.App\Yakult.Inventory.App.csproj]
C:\Users\russel.mercado\source\repos\Yakult-System-New\Yakult.Inventory.App\Pages\Item\BatchAddItemDialog.xaml.cs(1978,41): error CS0103: The name 'TxtSerialNumbers' does not exist in the current context [C:\Users\russel.mercado\source\repos\Yakult-System-New\Yakult.Inventory.App\Yakult.Inventory.App.csproj]
C:\Users\russel.mercado\source\repos\Yakult-System-New\Yakult.Inventory.App\Pages\Item\BatchAddItemDialog.xaml.cs(1980,23): error CS0103: The name 'TxtSerialNumbers' does not exist in the current context [C:\Users\russel.mercado\source\repos\Yakult-System-New\Yakult.Inventory.App\Yakult.Inventory.App.csproj]
C:\Users\russel.mercado\source\repos\Yakult-System-New\Yakult.Inventory.App\Pages\Item\BatchAddItemDialog.xaml.cs(1983,13): error CS0103: The name 'TxtSerialNumbers' does not exist in the current context [C:\Users\russel.mercado\source\repos\Yakult-System-New\Yakult.Inventory.App\Yakult.Inventory.App.csproj]
C:\Users\russel.mercado\source\repos\Yakult-System-New\Yakult.Inventory.App\Pages\Item\BatchAddItemDialog.xaml.cs(1984,13): error CS0103: The name 'TxtSerialNumbers' does not exist in the current context [C:\Users\russel.mercado\source\repos\Yakult-System-New\Yakult.Inventory.App\Yakult.Inventory.App.csproj]
C:\Users\russel.mercado\source\repos\Yakult-System-New\Yakult.Inventory.App\Pages\Item\BatchAddItemDialog.xaml.cs(1984,43): error CS0103: The name 'TxtSerialNumbers' does not exist in the current context [C:\Users\russel.mercado\source\repos\Yakult-System-New\Yakult.Inventory.App\Yakult.Inventory.App.csproj]
C:\Users\russel.mercado\source\repos\Yakult-System-New\Yakult.Inventory.App\Pages\Item\BatchAddItemDialog.xaml.cs(1990,34): error CS0103: The name 'CmbCategory' does not exist in the current context [C:\Users\russel.mercado\source\repos\Yakult-System-New\Yakult.Inventory.App\Yakult.Inventory.App.csproj]
C:\Users\russel.mercado\source\repos\Yakult-System-New\Yakult.Inventory.App\Pages\Item\BatchAddItemDialog.xaml.cs(1995,21): error CS0103: The name 'CmbCategory' does not exist in the current context [C:\Users\russel.mercado\source\repos\Yakult-System-New\Yakult.Inventory.App\Yakult.Inventory.App.csproj]
C:\Users\russel.mercado\source\repos\Yakult-System-New\Yakult.Inventory.App\Pages\Item\BatchAddItemDialog.xaml.cs(1996,50): error CS0103: The name 'CmbCategory' does not exist in the current context [C:\Users\russel.mercado\source\repos\Yakult-System-New\Yakult.Inventory.App\Yakult.Inventory.App.csproj]
C:\Users\russel.mercado\source\repos\Yakult-System-New\Yakult.Inventory.App\Pages\Item\EditItemDialog.xaml.cs(1445,37): error CS0103: The name 'CmbCategory' does not exist in the current context [C:\Users\russel.mercado\source\repos\Yakult-System-New\Yakult.Inventory.App\Yakult.Inventory.App.csproj]
C:\Users\russel.mercado\source\repos\Yakult-System-New\Yakult.Inventory.App\Pages\Item\EditItemDialog.xaml.cs(1447,25): error CS0103: The name 'CmbCategory' does not exist in the current context [C:\Users\russel.mercado\source\repos\Yakult-System-New\Yakult.Inventory.App\Yakult.Inventory.App.csproj]
C:\Users\russel.mercado\source\repos\Yakult-System-New\Yakult.Inventory.App\Pages\Item\EditItemDialog.xaml.cs(1449,25): error CS0103: The name 'CmbCategory' does not exist in the current context [C:\Users\russel.mercado\source\repos\Yakult-System-New\Yakult.Inventory.App\Yakult.Inventory.App.csproj]
C:\Users\russel.mercado\source\repos\Yakult-System-New\Yakult.Inventory.App\Pages\Item\MarkActionDialog.xaml.cs(210,79): error CS0103: The name 'BtnOk' does not exist in the current context [C:\Users\russel.mercado\source\repos\Yakult-System-New\Yakult.Inventory.App\Yakult.Inventory.App.csproj]
C:\Users\russel.mercado\source\repos\Yakult-System-New\Yakult.Inventory.App\Pages\Item\MarkActionDialog.xaml.cs(215,19): error CS0103: The name 'LblCounter' does not exist in the current context [C:\Users\russel.mercado\source\repos\Yakult-System-New\Yakult.Inventory.App\Yakult.Inventory.App.csproj]
C:\Users\russel.mercado\source\repos\Yakult-System-New\Yakult.Inventory.App\Pages\Item\MarkActionDialog.xaml.cs(215,41): error CS0103: The name 'TxtRemark' does not exist in the current context [C:\Users\russel.mercado\source\repos\Yakult-System-New\Yakult.Inventory.App\Yakult.Inventory.App.csproj]
C:\Users\russel.mercado\source\repos\Yakult-System-New\Yakult.Inventory.App\Pages\Item\MarkActionDialog.xaml.cs(219,28): error CS0103: The name 'ChkReplacement' does not exist in the current context [C:\Users\russel.mercado\source\repos\Yakult-System-New\Yakult.Inventory.App\Yakult.Inventory.App.csproj]
C:\Users\russel.mercado\source\repos\Yakult-System-New\Yakult.Inventory.App\Pages\Item\MarkActionDialog.xaml.cs(219,62): error CS0103: The name 'ReplacementGrid' does not exist in the current context [C:\Users\russel.mercado\source\repos\Yakult-System-New\Yakult.Inventory.App\Yakult.Inventory.App.csproj]
C:\Users\russel.mercado\source\repos\Yakult-System-New\Yakult.Inventory.App\Pages\Item\MarkActionDialog.xaml.cs(219,94): error CS0103: The name 'ReplacementGrid' does not exist in the current context [C:\Users\russel.mercado\source\repos\Yakult-System-New\Yakult.Inventory.App\Yakult.Inventory.App.csproj]
C:\Users\russel.mercado\source\repos\Yakult-System-New\Yakult.Inventory.App\Pages\Item\MarkActionDialog.xaml.cs(232,21): error CS0103: The name 'BtnOk' does not exist in the current context [C:\Users\russel.mercado\source\repos\Yakult-System-New\Yakult.Inventory.App\Yakult.Inventory.App.csproj]
C:\Users\russel.mercado\source\repos\Yakult-System-New\Yakult.Inventory.App\Pages\Item\MarkActionDialog.xaml.cs(232,36): error CS0103: The name 'BtnOk' does not exist in the current context [C:\Users\russel.mercado\source\repos\Yakult-System-New\Yakult.Inventory.App\Yakult.Inventory.App.csproj]
C:\Users\russel.mercado\source\repos\Yakult-System-New\Yakult.Inventory.App\Pages\Item\MarkActionDialog.xaml.cs(233,21): error CS0103: The name 'LblReasonHint' does not exist in the current context [C:\Users\russel.mercado\source\repos\Yakult-System-New\Yakult.Inventory.App\Yakult.Inventory.App.csproj]
C:\Users\russel.mercado\source\repos\Yakult-System-New\Yakult.Inventory.App\Pages\Item\MarkActionDialog.xaml.cs(233,44): error CS0103: The name 'LblReasonHint' does not exist in the current context [C:\Users\russel.mercado\source\repos\Yakult-System-New\Yakult.Inventory.App\Yakult.Inventory.App.csproj]
C:\Users\russel.mercado\source\repos\Yakult-System-New\Yakult.Inventory.App\Pages\Item\MarkActionDialog.xaml.cs(234,21): error CS0103: The name 'TxtReason' does not exist in the current context [C:\Users\russel.mercado\source\repos\Yakult-System-New\Yakult.Inventory.App\Yakult.Inventory.App.csproj]
C:\Users\russel.mercado\source\repos\Yakult-System-New\Yakult.Inventory.App\Pages\Item\MarkActionDialog.xaml.cs(236,36): error CS0103: The name 'TxtReason' does not exist in the current context [C:\Users\russel.mercado\source\repos\Yakult-System-New\Yakult.Inventory.App\Yakult.Inventory.App.csproj]
C:\Users\russel.mercado\source\repos\Yakult-System-New\Yakult.Inventory.App\Pages\Item\MarkActionDialog.xaml.cs(237,26): error CS0103: The name 'TxtReason' does not exist in the current context [C:\Users\russel.mercado\source\repos\Yakult-System-New\Yakult.Inventory.App\Yakult.Inventory.App.csproj]
C:\Users\russel.mercado\source\repos\Yakult-System-New\Yakult.Inventory.App\Pages\Item\MarkActionDialog.xaml.cs(258,13): error CS0103: The name 'TxtAssociatedTicket' does not exist in the current context [C:\Users\russel.mercado\source\repos\Yakult-System-New\Yakult.Inventory.App\Yakult.Inventory.App.csproj]
C:\Users\russel.mercado\source\repos\Yakult-System-New\Yakult.Inventory.App\Pages\Item\MarkActionDialog.xaml.cs(259,13): error CS0103: The name 'BtnOpenTicket' does not exist in the current context [C:\Users\russel.mercado\source\repos\Yakult-System-New\Yakult.Inventory.App\Yakult.Inventory.App.csproj]
C:\Users\russel.mercado\source\repos\Yakult-System-New\Yakult.Inventory.App\Pages\Item\MarkActionDialog.xaml.cs(260,13): error CS0103: The name 'BtnClearTicket' does not exist in the current context [C:\Users\russel.mercado\source\repos\Yakult-System-New\Yakult.Inventory.App\Yakult.Inventory.App.csproj]
C:\Users\russel.mercado\source\repos\Yakult-System-New\Yakult.Inventory.App\Pages\Item\MarkActionDialog.xaml.cs(323,21): error CS0103: The name 'TxtAssociatedTicket' does not exist in the current context [C:\Users\russel.mercado\source\repos\Yakult-System-New\Yakult.Inventory.App\Yakult.Inventory.App.csproj]
C:\Users\russel.mercado\source\repos\Yakult-System-New\Yakult.Inventory.App\Pages\Item\MarkActionDialog.xaml.cs(324,21): error CS0103: The name 'BtnClearTicket' does not exist in the current context [C:\Users\russel.mercado\source\repos\Yakult-System-New\Yakult.Inventory.App\Yakult.Inventory.App.csproj]
C:\Users\russel.mercado\source\repos\Yakult-System-New\Yakult.Inventory.App\Pages\Item\MarkActionDialog.xaml.cs(325,21): error CS0103: The name 'BtnOpenTicket' does not exist in the current context [C:\Users\russel.mercado\source\repos\Yakult-System-New\Yakult.Inventory.App\Yakult.Inventory.App.csproj]
C:\Users\russel.mercado\source\repos\Yakult-System-New\Yakult.Inventory.App\Pages\Item\MarkActionDialog.xaml.cs(328,55): error CS0103: The name 'TxtTicketId' does not exist in the current context [C:\Users\russel.mercado\source\repos\Yakult-System-New\Yakult.Inventory.App\Yakult.Inventory.App.csproj]
C:\Users\russel.mercado\source\repos\Yakult-System-New\Yakult.Inventory.App\Pages\Item\MarkActionDialog.xaml.cs(328,76): error CS0103: The name 'TxtTicketId' does not exist in the current context [C:\Users\russel.mercado\source\repos\Yakult-System-New\Yakult.Inventory.App\Yakult.Inventory.App.csproj]
C:\Users\russel.mercado\source\repos\Yakult-System-New\Yakult.Inventory.App\Pages\Item\MarkActionDialog.xaml.cs(330,56): error CS0103: The name 'TxtTicketId' does not exist in the current context [C:\Users\russel.mercado\source\repos\Yakult-System-New\Yakult.Inventory.App\Yakult.Inventory.App.csproj]
C:\Users\russel.mercado\source\repos\Yakult-System-New\Yakult.Inventory.App\Pages\Item\InvoiceCsvImportDialog.xaml.cs(779,13): error CS0103: The name 'BtnImport' does not exist in the current context [C:\Users\russel.mercado\source\repos\Yakult-System-New\Yakult.Inventory.App\Yakult.Inventory.App.csproj]
C:\Users\russel.mercado\source\repos\Yakult-System-New\Yakult.Inventory.App\Pages\Item\InvoiceCsvImportDialog.xaml.cs(780,13): error CS0103: The name 'BtnLoadPreview' does not exist in the current context [C:\Users\russel.mercado\source\repos\Yakult-System-New\Yakult.Inventory.App\Yakult.Inventory.App.csproj]
C:\Users\russel.mercado\source\repos\Yakult-System-New\Yakult.Inventory.App\Pages\Item\InvoiceCsvImportDialog.xaml.cs(781,13): error CS0103: The name 'LblStatus' does not exist in the current context [C:\Users\russel.mercado\source\repos\Yakult-System-New\Yakult.Inventory.App\Yakult.Inventory.App.csproj]
C:\Users\russel.mercado\source\repos\Yakult-System-New\Yakult.Inventory.App\Pages\Item\InvoiceCsvImportDialog.xaml.cs(808,17): error CS0103: The name 'LblStatus' does not exist in the current context [C:\Users\russel.mercado\source\repos\Yakult-System-New\Yakult.Inventory.App\Yakult.Inventory.App.csproj]
C:\Users\russel.mercado\source\repos\Yakult-System-New\Yakult.Inventory.App\Pages\Item\InvoiceCsvImportDialog.xaml.cs(809,17): error CS0103: The name 'BtnImport' does not exist in the current context [C:\Users\russel.mercado\source\repos\Yakult-System-New\Yakult.Inventory.App\Yakult.Inventory.App.csproj]
C:\Users\russel.mercado\source\repos\Yakult-System-New\Yakult.Inventory.App\Pages\Item\InvoiceCsvImportDialog.xaml.cs(810,17): error CS0103: The name 'BtnLoadPreview' does not exist in the current context [C:\Users\russel.mercado\source\repos\Yakult-System-New\Yakult.Inventory.App\Yakult.Inventory.App.csproj]
C:\Users\russel.mercado\source\repos\Yakult-System-New\Yakult.Inventory.App\Pages\Item\EditItemDialog.xaml.cs(1464,43): error CS0103: The name 'TxtName' does not exist in the current context [C:\Users\russel.mercado\source\repos\Yakult-System-New\Yakult.Inventory.App\Yakult.Inventory.App.csproj]
C:\Users\russel.mercado\source\repos\Yakult-System-New\Yakult.Inventory.App\Pages\Item\EditItemDialog.xaml.cs(1468,17): error CS0103: The name 'TxtName' does not exist in the current context [C:\Users\russel.mercado\source\repos\Yakult-System-New\Yakult.Inventory.App\Yakult.Inventory.App.csproj]
C:\Users\russel.mercado\source\repos\Yakult-System-New\Yakult.Inventory.App\Pages\Item\EditItemDialog.xaml.cs(1474,39): error CS0103: The name 'CmbItemType' does not exist in the current context [C:\Users\russel.mercado\source\repos\Yakult-System-New\Yakult.Inventory.App\Yakult.Inventory.App.csproj]
C:\Users\russel.mercado\source\repos\Yakult-System-New\Yakult.Inventory.App\Pages\Item\EditItemDialog.xaml.cs(1477,66): error CS0103: The name 'TxtModelNumber' does not exist in the current context [C:\Users\russel.mercado\source\repos\Yakult-System-New\Yakult.Inventory.App\Yakult.Inventory.App.csproj]
C:\Users\russel.mercado\source\repos\Yakult-System-New\Yakult.Inventory.App\Pages\Item\EditItemDialog.xaml.cs(1481,17): error CS0103: The name 'TxtModelNumber' does not exist in the current context [C:\Users\russel.mercado\source\repos\Yakult-System-New\Yakult.Inventory.App\Yakult.Inventory.App.csproj]
C:\Users\russel.mercado\source\repos\Yakult-System-New\Yakult.Inventory.App\Pages\Item\EditItemDialog.xaml.cs(1485,43): error CS0103: The name 'CmbUnitOfMeasure' does not exist in the current context [C:\Users\russel.mercado\source\repos\Yakult-System-New\Yakult.Inventory.App\Yakult.Inventory.App.csproj]
C:\Users\russel.mercado\source\repos\Yakult-System-New\Yakult.Inventory.App\Pages\Item\EditItemDialog.xaml.cs(1489,17): error CS0103: The name 'CmbUnitOfMeasure' does not exist in the current context [C:\Users\russel.mercado\source\repos\Yakult-System-New\Yakult.Inventory.App\Yakult.Inventory.App.csproj]
C:\Users\russel.mercado\source\repos\Yakult-System-New\Yakult.Inventory.App\Pages\Item\EditItemDialog.xaml.cs(1493,17): error CS0103: The name 'CmbCategory' does not exist in the current context [C:\Users\russel.mercado\source\repos\Yakult-System-New\Yakult.Inventory.App\Yakult.Inventory.App.csproj]
C:\Users\russel.mercado\source\repos\Yakult-System-New\Yakult.Inventory.App\Pages\Item\EditItemDialog.xaml.cs(1497,17): error CS0103: The name 'CmbCategory' does not exist in the current context [C:\Users\russel.mercado\source\repos\Yakult-System-New\Yakult.Inventory.App\Yakult.Inventory.App.csproj]
C:\Users\russel.mercado\source\repos\Yakult-System-New\Yakult.Inventory.App\Pages\Item\EditItemDialog.xaml.cs(1501,17): error CS0103: The name 'CmbCondition' does not exist in the current context [C:\Users\russel.mercado\source\repos\Yakult-System-New\Yakult.Inventory.App\Yakult.Inventory.App.csproj]
C:\Users\russel.mercado\source\repos\Yakult-System-New\Yakult.Inventory.App\Pages\Item\EditItemDialog.xaml.cs(1505,17): error CS0103: The name 'CmbCondition' does not exist in the current context [C:\Users\russel.mercado\source\repos\Yakult-System-New\Yakult.Inventory.App\Yakult.Inventory.App.csproj]
C:\Users\russel.mercado\source\repos\Yakult-System-New\Yakult.Inventory.App\Pages\Item\EditItemDialog.xaml.cs(1509,17): error CS0103: The name 'CmbItemType' does not exist in the current context [C:\Users\russel.mercado\source\repos\Yakult-System-New\Yakult.Inventory.App\Yakult.Inventory.App.csproj]
C:\Users\russel.mercado\source\repos\Yakult-System-New\Yakult.Inventory.App\Pages\Item\EditItemDialog.xaml.cs(1513,17): error CS0103: The name 'CmbItemType' does not exist in the current context [C:\Users\russel.mercado\source\repos\Yakult-System-New\Yakult.Inventory.App\Yakult.Inventory.App.csproj]
C:\Users\russel.mercado\source\repos\Yakult-System-New\Yakult.Inventory.App\Pages\Item\EditItemDialog.xaml.cs(1518,38): error CS0103: The name 'CmbCategory' does not exist in the current context [C:\Users\russel.mercado\source\repos\Yakult-System-New\Yakult.Inventory.App\Yakult.Inventory.App.csproj]
C:\Users\russel.mercado\source\repos\Yakult-System-New\Yakult.Inventory.App\Pages\Item\EditItemDialog.xaml.cs(1522,37): error CS0103: The name 'CmbCartridgeModel' does not exist in the current context [C:\Users\russel.mercado\source\repos\Yakult-System-New\Yakult.Inventory.App\Yakult.Inventory.App.csproj]
C:\Users\russel.mercado\source\repos\Yakult-System-New\Yakult.Inventory.App\Pages\Item\EditItemDialog.xaml.cs(1529,21): error CS0103: The name 'CmbCartridgeModel' does not exist in the current context [C:\Users\russel.mercado\source\repos\Yakult-System-New\Yakult.Inventory.App\Yakult.Inventory.App.csproj]
C:\Users\russel.mercado\source\repos\Yakult-System-New\Yakult.Inventory.App\Pages\Item\EditItemDialog.xaml.cs(1536,17): error CS0103: The name 'BtnSave' does not exist in the current context [C:\Users\russel.mercado\source\repos\Yakult-System-New\Yakult.Inventory.App\Yakult.Inventory.App.csproj]
C:\Users\russel.mercado\source\repos\Yakult-System-New\Yakult.Inventory.App\Pages\Item\EditItemDialog.xaml.cs(1537,17): error CS0103: The name 'BtnCancel' does not exist in the current context [C:\Users\russel.mercado\source\repos\Yakult-System-New\Yakult.Inventory.App\Yakult.Inventory.App.csproj]
C:\Users\russel.mercado\source\repos\Yakult-System-New\Yakult.Inventory.App\Pages\Item\EditItemDialog.xaml.cs(1540,40): error CS0103: The name 'CmbCategory' does not exist in the current context [C:\Users\russel.mercado\source\repos\Yakult-System-New\Yakult.Inventory.App\Yakult.Inventory.App.csproj]
C:\Users\russel.mercado\source\repos\Yakult-System-New\Yakult.Inventory.App\Pages\Item\EditItemDialog.xaml.cs(1543,39): error CS0103: The name 'TxtAmount' does not exist in the current context [C:\Users\russel.mercado\source\repos\Yakult-System-New\Yakult.Inventory.App\Yakult.Inventory.App.csproj]
C:\Users\russel.mercado\source\repos\Yakult-System-New\Yakult.Inventory.App\Pages\Item\EditItemDialog.xaml.cs(1547,21): error CS0103: The name 'TxtAmount' does not exist in the current context [C:\Users\russel.mercado\source\repos\Yakult-System-New\Yakult.Inventory.App\Yakult.Inventory.App.csproj]
C:\Users\russel.mercado\source\repos\Yakult-System-New\Yakult.Inventory.App\Pages\Item\EditItemDialog.xaml.cs(1552,35): error CS0103: The name 'TxtStockOnHand' does not exist in the current context [C:\Users\russel.mercado\source\repos\Yakult-System-New\Yakult.Inventory.App\Yakult.Inventory.App.csproj]
C:\Users\russel.mercado\source\repos\Yakult-System-New\Yakult.Inventory.App\Pages\Item\EditItemDialog.xaml.cs(1556,21): error CS0103: The name 'TxtStockOnHand' does not exist in the current context [C:\Users\russel.mercado\source\repos\Yakult-System-New\Yakult.Inventory.App\Yakult.Inventory.App.csproj]
C:\Users\russel.mercado\source\repos\Yakult-System-New\Yakult.Inventory.App\Pages\Item\EditItemDialog.xaml.cs(1570,54): error CS0103: The name 'ChkIsArchived' does not exist in the current context [C:\Users\russel.mercado\source\repos\Yakult-System-New\Yakult.Inventory.App\Yakult.Inventory.App.csproj]
C:\Users\russel.mercado\source\repos\Yakult-System-New\Yakult.Inventory.App\Pages\Item\EditItemDialog.xaml.cs(1642,57): error CS0103: The name 'CmbCondition' does not exist in the current context [C:\Users\russel.mercado\source\repos\Yakult-System-New\Yakult.Inventory.App\Yakult.Inventory.App.csproj]
C:\Users\russel.mercado\source\repos\Yakult-System-New\Yakult.Inventory.App\Pages\Item\EditItemDialog.xaml.cs(1645,70): error CS0103: The name 'TxtName' does not exist in the current context [C:\Users\russel.mercado\source\repos\Yakult-System-New\Yakult.Inventory.App\Yakult.Inventory.App.csproj]
C:\Users\russel.mercado\source\repos\Yakult-System-New\Yakult.Inventory.App\Pages\Item\EditItemDialog.xaml.cs(1646,85): error CS0103: The name 'TxtDescription' does not exist in the current context [C:\Users\russel.mercado\source\repos\Yakult-System-New\Yakult.Inventory.App\Yakult.Inventory.App.csproj]
C:\Users\russel.mercado\source\repos\Yakult-System-New\Yakult.Inventory.App\Pages\Item\EditItemDialog.xaml.cs(1649,74): error CS0103: The name 'CmbItemType' does not exist in the current context [C:\Users\russel.mercado\source\repos\Yakult-System-New\Yakult.Inventory.App\Yakult.Inventory.App.csproj]
C:\Users\russel.mercado\source\repos\Yakult-System-New\Yakult.Inventory.App\Pages\Item\EditItemDialog.xaml.cs(1650,55): error CS0103: The name 'CmbSubType' does not exist in the current context [C:\Users\russel.mercado\source\repos\Yakult-System-New\Yakult.Inventory.App\Yakult.Inventory.App.csproj]
C:\Users\russel.mercado\source\repos\Yakult-System-New\Yakult.Inventory.App\Pages\Item\EditItemDialog.xaml.cs(1652,78): error CS0103: The name 'TxtSerialNumber' does not exist in the current context [C:\Users\russel.mercado\source\repos\Yakult-System-New\Yakult.Inventory.App\Yakult.Inventory.App.csproj]
C:\Users\russel.mercado\source\repos\Yakult-System-New\Yakult.Inventory.App\Pages\Item\EditItemDialog.xaml.cs(1652,109): error CS0103: The name 'TxtSerialNumber' does not exist in the current context [C:\Users\russel.mercado\source\repos\Yakult-System-New\Yakult.Inventory.App\Yakult.Inventory.App.csproj]
C:\Users\russel.mercado\source\repos\Yakult-System-New\Yakult.Inventory.App\Pages\Item\EditItemDialog.xaml.cs(1653,78): error CS0030: Cannot convert type 'System.ReadOnlySpan<char>' to 'object' [C:\Users\russel.mercado\source\repos\Yakult-System-New\Yakult.Inventory.App\Yakult.Inventory.App.csproj]
C:\Users\russel.mercado\source\repos\Yakult-System-New\Yakult.Inventory.App\Pages\Item\EditItemDialog.xaml.cs(1654,77): error CS0103: The name 'TxtModelNumber' does not exist in the current context [C:\Users\russel.mercado\source\repos\Yakult-System-New\Yakult.Inventory.App\Yakult.Inventory.App.csproj]
C:\Users\russel.mercado\source\repos\Yakult-System-New\Yakult.Inventory.App\Pages\Item\EditItemDialog.xaml.cs(1659,62): error CS0103: The name 'CmbCartridgeModel' does not exist in the current context [C:\Users\russel.mercado\source\repos\Yakult-System-New\Yakult.Inventory.App\Yakult.Inventory.App.csproj]
C:\Users\russel.mercado\source\repos\Yakult-System-New\Yakult.Inventory.App\Pages\Item\EditItemDialog.xaml.cs(1666,41): error CS0103: The name 'CmbCartridgeOrigin' does not exist in the current context [C:\Users\russel.mercado\source\repos\Yakult-System-New\Yakult.Inventory.App\Yakult.Inventory.App.csproj]
C:\Users\russel.mercado\source\repos\Yakult-System-New\Yakult.Inventory.App\Pages\Item\EditItemDialog.xaml.cs(1676,63): error CS0103: The name 'CmbConsumableModel' does not exist in the current context [C:\Users\russel.mercado\source\repos\Yakult-System-New\Yakult.Inventory.App\Yakult.Inventory.App.csproj]
C:\Users\russel.mercado\source\repos\Yakult-System-New\Yakult.Inventory.App\Pages\Item\EditItemDialog.xaml.cs(1690,67): error CS0103: The name 'TxtCellPhoneNumber' does not exist in the current context [C:\Users\russel.mercado\source\repos\Yakult-System-New\Yakult.Inventory.App\Yakult.Inventory.App.csproj]
C:\Users\russel.mercado\source\repos\Yakult-System-New\Yakult.Inventory.App\Pages\Item\EditItemDialog.xaml.cs(1690,117): error CS0103: The name 'TxtCellPhoneNumber' does not exist in the current context [C:\Users\russel.mercado\source\repos\Yakult-System-New\Yakult.Inventory.App\Yakult.Inventory.App.csproj]
C:\Users\russel.mercado\source\repos\Yakult-System-New\Yakult.Inventory.App\Pages\Item\EditItemDialog.xaml.cs(1692,67): error CS0103: The name 'TxtImei1' does not exist in the current context [C:\Users\russel.mercado\source\repos\Yakult-System-New\Yakult.Inventory.App\Yakult.Inventory.App.csproj]
C:\Users\russel.mercado\source\repos\Yakult-System-New\Yakult.Inventory.App\Pages\Item\EditItemDialog.xaml.cs(1692,107): error CS0103: The name 'TxtImei1' does not exist in the current context [C:\Users\russel.mercado\source\repos\Yakult-System-New\Yakult.Inventory.App\Yakult.Inventory.App.csproj]
C:\Users\russel.mercado\source\repos\Yakult-System-New\Yakult.Inventory.App\Pages\Item\EditItemDialog.xaml.cs(1694,67): error CS0103: The name 'TxtImei2' does not exist in the current context [C:\Users\russel.mercado\source\repos\Yakult-System-New\Yakult.Inventory.App\Yakult.Inventory.App.csproj]
C:\Users\russel.mercado\source\repos\Yakult-System-New\Yakult.Inventory.App\Pages\Item\EditItemDialog.xaml.cs(1694,107): error CS0103: The name 'TxtImei2' does not exist in the current context [C:\Users\russel.mercado\source\repos\Yakult-System-New\Yakult.Inventory.App\Yakult.Inventory.App.csproj]
C:\Users\russel.mercado\source\repos\Yakult-System-New\Yakult.Inventory.App\Pages\Item\EditItemDialog.xaml.cs(1703,79): error CS0103: The name 'CmbUnitOfMeasure' does not exist in the current context [C:\Users\russel.mercado\source\repos\Yakult-System-New\Yakult.Inventory.App\Yakult.Inventory.App.csproj]
C:\Users\russel.mercado\source\repos\Yakult-System-New\Yakult.Inventory.App\Pages\Item\EditItemDialog.xaml.cs(1706,72): error CS0103: The name 'ChkActive' does not exist in the current context [C:\Users\russel.mercado\source\repos\Yakult-System-New\Yakult.Inventory.App\Yakult.Inventory.App.csproj]
C:\Users\russel.mercado\source\repos\Yakult-System-New\Yakult.Inventory.App\Pages\Item\EditItemDialog.xaml.cs(1707,78): error CS0103: The name 'ChkIsBorrowable' does not exist in the current context [C:\Users\russel.mercado\source\repos\Yakult-System-New\Yakult.Inventory.App\Yakult.Inventory.App.csproj]
C:\Users\russel.mercado\source\repos\Yakult-System-New\Yakult.Inventory.App\Pages\Item\EditItemDialog.xaml.cs(1711,54): error CS0103: The name 'CmbVendor' does not exist in the current context [C:\Users\russel.mercado\source\repos\Yakult-System-New\Yakult.Inventory.App\Yakult.Inventory.App.csproj]
C:\Users\russel.mercado\source\repos\Yakult-System-New\Yakult.Inventory.App\Pages\Item\EditItemDialog.xaml.cs(1715,65): error CS0103: The name 'CmbItemType' does not exist in the current context [C:\Users\russel.mercado\source\repos\Yakult-System-New\Yakult.Inventory.App\Yakult.Inventory.App.csproj]
C:\Users\russel.mercado\source\repos\Yakult-System-New\Yakult.Inventory.App\Pages\Item\EditItemDialog.xaml.cs(1716,72): error CS0103: The name 'CmbItemType' does not exist in the current context [C:\Users\russel.mercado\source\repos\Yakult-System-New\Yakult.Inventory.App\Yakult.Inventory.App.csproj]
C:\Users\russel.mercado\source\repos\Yakult-System-New\Yakult.Inventory.App\Pages\Item\EditItemDialog.xaml.cs(1717,69): error CS0103: The name 'CmbItemType' does not exist in the current context [C:\Users\russel.mercado\source\repos\Yakult-System-New\Yakult.Inventory.App\Yakult.Inventory.App.csproj]
C:\Users\russel.mercado\source\repos\Yakult-System-New\Yakult.Inventory.App\Pages\Item\EditItemDialog.xaml.cs(1718,114): error CS0103: The name 'ChkServiceContractDates' does not exist in the current context [C:\Users\russel.mercado\source\repos\Yakult-System-New\Yakult.Inventory.App\Yakult.Inventory.App.csproj]
C:\Users\russel.mercado\source\repos\Yakult-System-New\Yakult.Inventory.App\Pages\Item\EditItemDialog.xaml.cs(1720,62): error CS0103: The name 'DpStartDate' does not exist in the current context [C:\Users\russel.mercado\source\repos\Yakult-System-New\Yakult.Inventory.App\Yakult.Inventory.App.csproj]
C:\Users\russel.mercado\source\repos\Yakult-System-New\Yakult.Inventory.App\Pages\Item\EditItemDialog.xaml.cs(1721,60): error CS0103: The name 'DpEndDate' does not exist in the current context [C:\Users\russel.mercado\source\repos\Yakult-System-New\Yakult.Inventory.App\Yakult.Inventory.App.csproj]
C:\Users\russel.mercado\source\repos\Yakult-System-New\Yakult.Inventory.App\Pages\Item\EditItemDialog.xaml.cs(1728,40): error CS0103: The name 'ChkEndDate' does not exist in the current context [C:\Users\russel.mercado\source\repos\Yakult-System-New\Yakult.Inventory.App\Yakult.Inventory.App.csproj]
C:\Users\russel.mercado\source\repos\Yakult-System-New\Yakult.Inventory.App\Pages\Item\EditItemDialog.xaml.cs(1728,72): error CS0103: The name 'DpEndDate' does not exist in the current context [C:\Users\russel.mercado\source\repos\Yakult-System-New\Yakult.Inventory.App\Yakult.Inventory.App.csproj]
C:\Users\russel.mercado\source\repos\Yakult-System-New\Yakult.Inventory.App\Pages\Item\EditItemDialog.xaml.cs(1728,114): error CS0103: The name 'DpEndDate' does not exist in the current context [C:\Users\russel.mercado\source\repos\Yakult-System-New\Yakult.Inventory.App\Yakult.Inventory.App.csproj]
C:\Users\russel.mercado\source\repos\Yakult-System-New\Yakult.Inventory.App\Pages\Item\EditItemDialog.xaml.cs(1731,63): error CS0103: The name 'TxtRemarks' does not exist in the current context [C:\Users\russel.mercado\source\repos\Yakult-System-New\Yakult.Inventory.App\Yakult.Inventory.App.csproj]
C:\Users\russel.mercado\source\repos\Yakult-System-New\Yakult.Inventory.App\Pages\Item\EditItemDialog.xaml.cs(1731,105): error CS0103: The name 'TxtRemarks' does not exist in the current context [C:\Users\russel.mercado\source\repos\Yakult-System-New\Yakult.Inventory.App\Yakult.Inventory.App.csproj]
C:\Users\russel.mercado\source\repos\Yakult-System-New\Yakult.Inventory.App\Pages\Item\EditItemDialog.xaml.cs(1734,63): error CS0103: The name 'TxtLicenseNumber' does not exist in the current context [C:\Users\russel.mercado\source\repos\Yakult-System-New\Yakult.Inventory.App\Yakult.Inventory.App.csproj]
C:\Users\russel.mercado\source\repos\Yakult-System-New\Yakult.Inventory.App\Pages\Item\EditItemDialog.xaml.cs(1734,111): error CS0103: The name 'TxtLicenseNumber' does not exist in the current context [C:\Users\russel.mercado\source\repos\Yakult-System-New\Yakult.Inventory.App\Yakult.Inventory.App.csproj]
C:\Users\russel.mercado\source\repos\Yakult-System-New\Yakult.Inventory.App\Pages\Item\EditItemDialog.xaml.cs(1739,37): error CS0103: The name 'ChkWarrantyStart' does not exist in the current context [C:\Users\russel.mercado\source\repos\Yakult-System-New\Yakult.Inventory.App\Yakult.Inventory.App.csproj]
C:\Users\russel.mercado\source\repos\Yakult-System-New\Yakult.Inventory.App\Pages\Item\EditItemDialog.xaml.cs(1739,75): error CS0103: The name 'DpWarrantyStart' does not exist in the current context [C:\Users\russel.mercado\source\repos\Yakult-System-New\Yakult.Inventory.App\Yakult.Inventory.App.csproj]
C:\Users\russel.mercado\source\repos\Yakult-System-New\Yakult.Inventory.App\Pages\Item\EditItemDialog.xaml.cs(1740,51): error CS0103: The name 'DpWarrantyStart' does not exist in the current context [C:\Users\russel.mercado\source\repos\Yakult-System-New\Yakult.Inventory.App\Yakult.Inventory.App.csproj]
C:\Users\russel.mercado\source\repos\Yakult-System-New\Yakult.Inventory.App\Pages\Item\EditItemDialog.xaml.cs(1742,37): error CS0103: The name 'ChkWarrantyEnd' does not exist in the current context [C:\Users\russel.mercado\source\repos\Yakult-System-New\Yakult.Inventory.App\Yakult.Inventory.App.csproj]
C:\Users\russel.mercado\source\repos\Yakult-System-New\Yakult.Inventory.App\Pages\Item\EditItemDialog.xaml.cs(1742,73): error CS0103: The name 'DpWarrantyEnd' does not exist in the current context [C:\Users\russel.mercado\source\repos\Yakult-System-New\Yakult.Inventory.App\Yakult.Inventory.App.csproj]
C:\Users\russel.mercado\source\repos\Yakult-System-New\Yakult.Inventory.App\Pages\Item\EditItemDialog.xaml.cs(1743,51): error CS0103: The name 'DpWarrantyEnd' does not exist in the current context [C:\Users\russel.mercado\source\repos\Yakult-System-New\Yakult.Inventory.App\Yakult.Inventory.App.csproj]
C:\Users\russel.mercado\source\repos\Yakult-System-New\Yakult.Inventory.App\Pages\Item\EditItemDialog.xaml.cs(1746,37): error CS0103: The name 'ChkDatePurchased' does not exist in the current context [C:\Users\russel.mercado\source\repos\Yakult-System-New\Yakult.Inventory.App\Yakult.Inventory.App.csproj]
C:\Users\russel.mercado\source\repos\Yakult-System-New\Yakult.Inventory.App\Pages\Item\EditItemDialog.xaml.cs(1746,75): error CS0103: The name 'DpDatePurchased' does not exist in the current context [C:\Users\russel.mercado\source\repos\Yakult-System-New\Yakult.Inventory.App\Yakult.Inventory.App.csproj]
C:\Users\russel.mercado\source\repos\Yakult-System-New\Yakult.Inventory.App\Pages\Item\EditItemDialog.xaml.cs(1747,51): error CS0103: The name 'DpDatePurchased' does not exist in the current context [C:\Users\russel.mercado\source\repos\Yakult-System-New\Yakult.Inventory.App\Yakult.Inventory.App.csproj]
C:\Users\russel.mercado\source\repos\Yakult-System-New\Yakult.Inventory.App\Pages\Item\EditItemDialog.xaml.cs(1749,58): error CS0103: The name 'CmbAcquisitionType' does not exist in the current context [C:\Users\russel.mercado\source\repos\Yakult-System-New\Yakult.Inventory.App\Yakult.Inventory.App.csproj]
C:\Users\russel.mercado\source\repos\Yakult-System-New\Yakult.Inventory.App\Pages\Item\EditItemDialog.xaml.cs(1755,80): error CS0103: The name 'ChkIsTrackedAsset' does not exist in the current context [C:\Users\russel.mercado\source\repos\Yakult-System-New\Yakult.Inventory.App\Yakult.Inventory.App.csproj]
C:\Users\russel.mercado\source\repos\Yakult-System-New\Yakult.Inventory.App\Pages\Item\EditItemDialog.xaml.cs(1764,76): error CS0103: The name 'CmbItemType' does not exist in the current context [C:\Users\russel.mercado\source\repos\Yakult-System-New\Yakult.Inventory.App\Yakult.Inventory.App.csproj]
C:\Users\russel.mercado\source\repos\Yakult-System-New\Yakult.Inventory.App\Pages\Item\EditItemDialog.xaml.cs(1765,83): error CS0103: The name 'CmbItemType' does not exist in the current context [C:\Users\russel.mercado\source\repos\Yakult-System-New\Yakult.Inventory.App\Yakult.Inventory.App.csproj]
C:\Users\russel.mercado\source\repos\Yakult-System-New\Yakult.Inventory.App\Pages\Item\EditItemDialog.xaml.cs(1766,76): error CS0103: The name 'CmbItemType' does not exist in the current context [C:\Users\russel.mercado\source\repos\Yakult-System-New\Yakult.Inventory.App\Yakult.Inventory.App.csproj]
C:\Users\russel.mercado\source\repos\Yakult-System-New\Yakult.Inventory.App\Pages\Item\EditItemDialog.xaml.cs(1767,143): error CS0103: The name 'ChkServiceContractDates' does not exist in the current context [C:\Users\russel.mercado\source\repos\Yakult-System-New\Yakult.Inventory.App\Yakult.Inventory.App.csproj]
C:\Users\russel.mercado\source\repos\Yakult-System-New\Yakult.Inventory.App\Pages\Item\EditItemDialog.xaml.cs(1771,44): error CS0103: The name 'ChkEndDate' does not exist in the current context [C:\Users\russel.mercado\source\repos\Yakult-System-New\Yakult.Inventory.App\Yakult.Inventory.App.csproj]
C:\Users\russel.mercado\source\repos\Yakult-System-New\Yakult.Inventory.App\Pages\Item\EditItemDialog.xaml.cs(1771,75): error CS0103: The name 'DpEndDate' does not exist in the current context [C:\Users\russel.mercado\source\repos\Yakult-System-New\Yakult.Inventory.App\Yakult.Inventory.App.csproj]
C:\Users\russel.mercado\source\repos\Yakult-System-New\Yakult.Inventory.App\Pages\Item\EditItemDialog.xaml.cs(1783,71): error CS0103: The name 'TxtPartNumber' does not exist in the current context [C:\Users\russel.mercado\source\repos\Yakult-System-New\Yakult.Inventory.App\Yakult.Inventory.App.csproj]
C:\Users\russel.mercado\source\repos\Yakult-System-New\Yakult.Inventory.App\Pages\Item\EditItemDialog.xaml.cs(1785,51): error CS0103: The name 'TxtPartNumber' does not exist in the current context [C:\Users\russel.mercado\source\repos\Yakult-System-New\Yakult.Inventory.App\Yakult.Inventory.App.csproj]
C:\Users\russel.mercado\source\repos\Yakult-System-New\Yakult.Inventory.App\Pages\Item\EditItemDialog.xaml.cs(1792,44): error CS0103: The name 'ChkSyncLinkedInvoiceDates' does not exist in the current context [C:\Users\russel.mercado\source\repos\Yakult-System-New\Yakult.Inventory.App\Yakult.Inventory.App.csproj]
C:\Users\russel.mercado\source\repos\Yakult-System-New\Yakult.Inventory.App\Pages\Item\EditItemDialog.xaml.cs(1856,69): error CS0103: The name 'CmbCondition' does not exist in the current context [C:\Users\russel.mercado\source\repos\Yakult-System-New\Yakult.Inventory.App\Yakult.Inventory.App.csproj]
C:\Users\russel.mercado\source\repos\Yakult-System-New\Yakult.Inventory.App\Pages\Item\EditItemDialog.xaml.cs(1858,84): error CS0103: The name 'TxtSerialNumber' does not exist in the current context [C:\Users\russel.mercado\source\repos\Yakult-System-New\Yakult.Inventory.App\Yakult.Inventory.App.csproj]
C:\Users\russel.mercado\source\repos\Yakult-System-New\Yakult.Inventory.App\Pages\Item\EditItemDialog.xaml.cs(1860,43): error CS0103: The name 'TxtSerialNumber' does not exist in the current context [C:\Users\russel.mercado\source\repos\Yakult-System-New\Yakult.Inventory.App\Yakult.Inventory.App.csproj]
C:\Users\russel.mercado\source\repos\Yakult-System-New\Yakult.Inventory.App\Pages\Item\EditItemDialog.xaml.cs(1868,79): error CS0103: The name 'TxtName' does not exist in the current context [C:\Users\russel.mercado\source\repos\Yakult-System-New\Yakult.Inventory.App\Yakult.Inventory.App.csproj]
C:\Users\russel.mercado\source\repos\Yakult-System-New\Yakult.Inventory.App\Pages\Item\EditItemDialog.xaml.cs(1868,102): error CS0103: The name 'TxtName' does not exist in the current context [C:\Users\russel.mercado\source\repos\Yakult-System-New\Yakult.Inventory.App\Yakult.Inventory.App.csproj]
C:\Users\russel.mercado\source\repos\Yakult-System-New\Yakult.Inventory.App\Pages\Item\EditItemDialog.xaml.cs(1869,80): error CS0103: The name 'TxtModelNumber' does not exist in the current context [C:\Users\russel.mercado\source\repos\Yakult-System-New\Yakult.Inventory.App\Yakult.Inventory.App.csproj]
C:\Users\russel.mercado\source\repos\Yakult-System-New\Yakult.Inventory.App\Pages\Item\EditItemDialog.xaml.cs(1869,110): error CS0103: The name 'TxtModelNumber' does not exist in the current context [C:\Users\russel.mercado\source\repos\Yakult-System-New\Yakult.Inventory.App\Yakult.Inventory.App.csproj]
C:\Users\russel.mercado\source\repos\Yakult-System-New\Yakult.Inventory.App\Pages\Item\EditItemDialog.xaml.cs(1871,55): error CS0103: The name 'ChkActive' does not exist in the current context [C:\Users\russel.mercado\source\repos\Yakult-System-New\Yakult.Inventory.App\Yakult.Inventory.App.csproj]
C:\Users\russel.mercado\source\repos\Yakult-System-New\Yakult.Inventory.App\Pages\Item\EditItemDialog.xaml.cs(1872,57): error CS0103: The name 'ChkIsArchived' does not exist in the current context [C:\Users\russel.mercado\source\repos\Yakult-System-New\Yakult.Inventory.App\Yakult.Inventory.App.csproj]
C:\Users\russel.mercado\source\repos\Yakult-System-New\Yakult.Inventory.App\Pages\Item\EditItemDialog.xaml.cs(1874,108): error CS0019: Operator '??' cannot be applied to operands of type 'ReadOnlySpan<char>' and 'string' [C:\Users\russel.mercado\source\repos\Yakult-System-New\Yakult.Inventory.App\Yakult.Inventory.App.csproj]
C:\Users\russel.mercado\source\repos\Yakult-System-New\Yakult.Inventory.App\Pages\Item\EditItemDialog.xaml.cs(1875,110): error CS0019: Operator '??' cannot be applied to operands of type 'ReadOnlySpan<char>' and 'string' [C:\Users\russel.mercado\source\repos\Yakult-System-New\Yakult.Inventory.App\Yakult.Inventory.App.csproj]
C:\Users\russel.mercado\source\repos\Yakult-System-New\Yakult.Inventory.App\Pages\Item\EditItemDialog.xaml.cs(1937,49): error CS0828: Cannot assign 'ReadOnlySpan<char>' to anonymous type property [C:\Users\russel.mercado\source\repos\Yakult-System-New\Yakult.Inventory.App\Yakult.Inventory.App.csproj]
C:\Users\russel.mercado\source\repos\Yakult-System-New\Yakult.Inventory.App\Pages\Item\EditItemDialog.xaml.cs(1938,49): error CS0828: Cannot assign 'ReadOnlySpan<char>' to anonymous type property [C:\Users\russel.mercado\source\repos\Yakult-System-New\Yakult.Inventory.App\Yakult.Inventory.App.csproj]
C:\Users\russel.mercado\source\repos\Yakult-System-New\Yakult.Inventory.App\Pages\Item\EditItemDialog.xaml.cs(1948,60): error CS0029: Cannot implicitly convert type 'System.ReadOnlySpan<char>' to 'string' [C:\Users\russel.mercado\source\repos\Yakult-System-New\Yakult.Inventory.App\Yakult.Inventory.App.csproj]
C:\Users\russel.mercado\source\repos\Yakult-System-New\Yakult.Inventory.App\Pages\Item\EditItemDialog.xaml.cs(1992,17): error CS0103: The name 'BtnSave' does not exist in the current context [C:\Users\russel.mercado\source\repos\Yakult-System-New\Yakult.Inventory.App\Yakult.Inventory.App.csproj]
C:\Users\russel.mercado\source\repos\Yakult-System-New\Yakult.Inventory.App\Pages\Item\EditItemDialog.xaml.cs(1993,17): error CS0103: The name 'BtnCancel' does not exist in the current context [C:\Users\russel.mercado\source\repos\Yakult-System-New\Yakult.Inventory.App\Yakult.Inventory.App.csproj]
C:\Users\russel.mercado\source\repos\Yakult-System-New\Yakult.Inventory.App\Pages\Item\InvoiceCsvImportDialog.xaml.cs(1219,13): error CS0103: The name 'PreviewGrid' does not exist in the current context [C:\Users\russel.mercado\source\repos\Yakult-System-New\Yakult.Inventory.App\Yakult.Inventory.App.csproj]
C:\Users\russel.mercado\source\repos\Yakult-System-New\Yakult.Inventory.App\Pages\Item\InvoiceCsvImportDialog.xaml.cs(1432,13): error CS0103: The name 'PreviewGrid' does not exist in the current context [C:\Users\russel.mercado\source\repos\Yakult-System-New\Yakult.Inventory.App\Yakult.Inventory.App.csproj]
C:\Users\russel.mercado\source\repos\Yakult-System-New\Yakult.Inventory.App\Pages\Export\ExportRenewalsGroupedPreviewDialog.cs(373,26): warning CS0219: The variable 'hGroup' is assigned but its value is never used [C:\Users\russel.mercado\source\repos\Yakult-System-New\Yakult.Inventory.App\Yakult.Inventory.App.csproj]
C:\Users\russel.mercado\source\repos\Yakult-System-New\Yakult.Inventory.App\Wpf\Export\Renewal\ViewModels\RenewalExportViewModel.cs(48,45): warning CS0067: The event 'RenewalExportViewModel.RequestError' is never used [C:\Users\russel.mercado\source\repos\Yakult-System-New\Yakult.Inventory.App\Yakult.Inventory.App.csproj]
C:\Users\russel.mercado\source\repos\Yakult-System-New\Yakult.Inventory.App\Forms\CartridgeManagement\CartridgeManagementForm.cs(63,96): warning CS0169: The field 'CartridgeManagementForm.lblBranch' is never used [C:\Users\russel.mercado\source\repos\Yakult-System-New\Yakult.Inventory.App\Yakult.Inventory.App.csproj]
C:\Users\russel.mercado\source\repos\Yakult-System-New\Yakult.Inventory.App\Forms\CartridgeManagement\CartridgeManagementPortalForm.cs(32,24): warning CS0169: The field 'CartridgeManagementPortalForm._userManualButton' is never used [C:\Users\russel.mercado\source\repos\Yakult-System-New\Yakult.Inventory.App\Yakult.Inventory.App.csproj]
C:\Users\russel.mercado\source\repos\Yakult-System-New\Yakult.Inventory.App\Pages\Company\AddCompanyPage.cs(15,23): warning CS0169: The field 'AddCompanyPage.headerPanel' is never used [C:\Users\russel.mercado\source\repos\Yakult-System-New\Yakult.Inventory.App\Yakult.Inventory.App.csproj]
C:\Users\russel.mercado\source\repos\Yakult-System-New\Yakult.Inventory.App\Wpf\Renewal\RenewalGroups\ViewModels\RenewalGroupPageViewModel.cs(65,45): warning CS0067: The event 'RenewalGroupPageViewModel.RequestInfo' is never used [C:\Users\russel.mercado\source\repos\Yakult-System-New\Yakult.Inventory.App\Yakult.Inventory.App.csproj]
C:\Users\russel.mercado\source\repos\Yakult-System-New\Yakult.Inventory.App\Pages\Department\AddDepartmentDialog.cs(16,23): warning CS0169: The field 'AddDepartmentDialog.headerPanel' is never used [C:\Users\russel.mercado\source\repos\Yakult-System-New\Yakult.Inventory.App\Yakult.Inventory.App.csproj]
C:\Users\russel.mercado\source\repos\Yakult-System-New\Yakult.Inventory.App\Wpf\InvoicePreparation\ViewModels\InvoicePreparationListViewModel.cs(28,45): warning CS0067: The event 'InvoicePreparationListViewModel.RequestInfo' is never used [C:\Users\russel.mercado\source\repos\Yakult-System-New\Yakult.Inventory.App\Yakult.Inventory.App.csproj]
C:\Users\russel.mercado\source\repos\Yakult-System-New\Yakult.Inventory.App\Pages\User\MainForm.cs(92,44): warning CS0649: Field 'MainForm.accountManagementPanel' is never assigned to, and will always have its default value null [C:\Users\russel.mercado\source\repos\Yakult-System-New\Yakult.Inventory.App\Yakult.Inventory.App.csproj]
C:\Users\russel.mercado\source\repos\Yakult-System-New\Yakult.Inventory.App\Wpf\Invoice\ViewModels\InvoicePageViewModel.cs(79,45): warning CS0067: The event 'InvoicePageViewModel.RequestInfo' is never used [C:\Users\russel.mercado\source\repos\Yakult-System-New\Yakult.Inventory.App\Yakult.Inventory.App.csproj]
C:\Users\russel.mercado\source\repos\Yakult-System-New\Yakult.Inventory.App\Pages\User\MainForm.cs(107,45): warning CS0649: Field 'MainForm.resetPasswordButton' is never assigned to, and will always have its default value null [C:\Users\russel.mercado\source\repos\Yakult-System-New\Yakult.Inventory.App\Yakult.Inventory.App.csproj]
C:\Users\russel.mercado\source\repos\Yakult-System-New\Yakult.Inventory.App\Pages\Employee\AddEmployeePage.cs(12,36): warning CS0169: The field 'AddEmployeePage.bodyPanel' is never used [C:\Users\russel.mercado\source\repos\Yakult-System-New\Yakult.Inventory.App\Yakult.Inventory.App.csproj]
C:\Users\russel.mercado\source\repos\Yakult-System-New\Yakult.Inventory.App\Forms\BorrowItemsDashboard.cs(46,82): warning CS0169: The field 'BorrowItemsDashboard.lblOldest' is never used [C:\Users\russel.mercado\source\repos\Yakult-System-New\Yakult.Inventory.App\Yakult.Inventory.App.csproj]
C:\Users\russel.mercado\source\repos\Yakult-System-New\Yakult.Inventory.App\Forms\BorrowItemsDashboard.cs(53,24): warning CS0649: Field 'BorrowItemsDashboard.btnBackToPortal' is never assigned to, and will always have its default value null [C:\Users\russel.mercado\source\repos\Yakult-System-New\Yakult.Inventory.App\Yakult.Inventory.App.csproj]
C:\Users\russel.mercado\source\repos\Yakult-System-New\Yakult.Inventory.App\Forms\CartridgeManagement\CartridgeManagementForm.cs(63,84): warning CS0169: The field 'CartridgeManagementForm.lblCompany' is never used [C:\Users\russel.mercado\source\repos\Yakult-System-New\Yakult.Inventory.App\Yakult.Inventory.App.csproj]
C:\Users\russel.mercado\source\repos\Yakult-System-New\Yakult.Inventory.App\Forms\BorrowItemsDashboard.cs(54,71): warning CS0649: Field 'BorrowItemsDashboard.btnExport' is never assigned to, and will always have its default value null [C:\Users\russel.mercado\source\repos\Yakult-System-New\Yakult.Inventory.App\Yakult.Inventory.App.csproj]
C:\Users\russel.mercado\source\repos\Yakult-System-New\Yakult.Inventory.App\Pages\User\MainForm.cs(90,44): warning CS0169: The field 'MainForm.cartridgeManagementPanel' is never used [C:\Users\russel.mercado\source\repos\Yakult-System-New\Yakult.Inventory.App\Yakult.Inventory.App.csproj]
C:\Users\russel.mercado\source\repos\Yakult-System-New\Yakult.Inventory.App\Wpf\Invoice\ViewModels\InvoiceLicenseReviewViewModel.cs(58,45): warning CS0067: The event 'InvoiceLicenseReviewViewModel.RequestWarning' is never used [C:\Users\russel.mercado\source\repos\Yakult-System-New\Yakult.Inventory.App\Yakult.Inventory.App.csproj]
C:\Users\russel.mercado\source\repos\Yakult-System-New\Yakult.Inventory.App\Forms\CartridgeManagement\CartridgeManagementForm.cs(63,107): warning CS0169: The field 'CartridgeManagementForm.lblDepartment' is never used [C:\Users\russel.mercado\source\repos\Yakult-System-New\Yakult.Inventory.App\Yakult.Inventory.App.csproj]
C:\Users\russel.mercado\source\repos\Yakult-System-New\Yakult.Inventory.App\Pages\Receipt\ReceiptSetViewerDialog.cs(90,24): warning CS0169: The field 'ReceiptSetViewerDialog._btnClose' is never used [C:\Users\russel.mercado\source\repos\Yakult-System-New\Yakult.Inventory.App\Yakult.Inventory.App.csproj]
C:\Users\russel.mercado\source\repos\Yakult-System-New\Yakult.Inventory.App\Forms\BorrowItemsDashboard.cs(54,82): warning CS0649: Field 'BorrowItemsDashboard.btnReload' is never assigned to, and will always have its default value null [C:\Users\russel.mercado\source\repos\Yakult-System-New\Yakult.Inventory.App\Yakult.Inventory.App.csproj]
C:\Users\russel.mercado\source\repos\Yakult-System-New\Yakult.Inventory.App\Forms\BorrowItemsDashboard.cs(46,93): warning CS0649: Field 'BorrowItemsDashboard.lblStatus' is never assigned to, and will always have its default value null [C:\Users\russel.mercado\source\repos\Yakult-System-New\Yakult.Inventory.App\Yakult.Inventory.App.csproj]
C:\Users\russel.mercado\source\repos\Yakult-System-New\Yakult.Inventory.App\Forms\BorrowItemsDashboard.cs(47,23): warning CS0649: Field 'BorrowItemsDashboard.lblEmptyOpen' is never assigned to, and will always have its default value null [C:\Users\russel.mercado\source\repos\Yakult-System-New\Yakult.Inventory.App\Yakult.Inventory.App.csproj]
C:\Users\russel.mercado\source\repos\Yakult-System-New\Yakult.Inventory.App\Pages\User\MainForm.cs(98,45): warning CS0169: The field 'MainForm.cartridgeManagementButton' is never used [C:\Users\russel.mercado\source\repos\Yakult-System-New\Yakult.Inventory.App\Yakult.Inventory.App.csproj]
C:\Users\russel.mercado\source\repos\Yakult-System-New\Yakult.Inventory.App\Pages\Employee\AddEmployeePage.cs(12,47): warning CS0169: The field 'AddEmployeePage.footerPanel' is never used [C:\Users\russel.mercado\source\repos\Yakult-System-New\Yakult.Inventory.App\Yakult.Inventory.App.csproj]
C:\Users\russel.mercado\source\repos\Yakult-System-New\Yakult.Inventory.App\Forms\BorrowItemsDashboard.cs(69,35): warning CS0649: Field 'BorrowItemsDashboard._openHost' is never assigned to, and will always have its default value null [C:\Users\russel.mercado\source\repos\Yakult-System-New\Yakult.Inventory.App\Yakult.Inventory.App.csproj]
C:\Users\russel.mercado\source\repos\Yakult-System-New\Yakult.Inventory.App\Forms\CartridgeManagement\CartridgeManagementPortalForm.cs(33,24): warning CS0169: The field 'CartridgeManagementPortalForm._itFulfillmentButton' is never used [C:\Users\russel.mercado\source\repos\Yakult-System-New\Yakult.Inventory.App\Yakult.Inventory.App.csproj]
C:\Users\russel.mercado\source\repos\Yakult-System-New\Yakult.Inventory.App\Pages\Receipt\ReceiptSetViewerDialog.cs(89,24): warning CS0649: Field 'ReceiptSetViewerDialog._btnNext' is never assigned to, and will always have its default value null [C:\Users\russel.mercado\source\repos\Yakult-System-New\Yakult.Inventory.App\Yakult.Inventory.App.csproj]
C:\Users\russel.mercado\source\repos\Yakult-System-New\Yakult.Inventory.App\Pages\Employee\AddEmployeePage.cs(12,23): warning CS0169: The field 'AddEmployeePage.headerPanel' is never used [C:\Users\russel.mercado\source\repos\Yakult-System-New\Yakult.Inventory.App\Yakult.Inventory.App.csproj]
C:\Users\russel.mercado\source\repos\Yakult-System-New\Yakult.Inventory.App\Pages\Employee\QuickAddEmployeeDialog.cs(16,53): warning CS0169: The field 'QuickAddEmployeeDialog.txtPosition' is never used [C:\Users\russel.mercado\source\repos\Yakult-System-New\Yakult.Inventory.App\Yakult.Inventory.App.csproj]
C:\Users\russel.mercado\source\repos\Yakult-System-New\Yakult.Inventory.App\Forms\CartridgeManagement\CartridgeManagementForm.cs(63,47): warning CS0169: The field 'CartridgeManagementForm.lblModel' is never used [C:\Users\russel.mercado\source\repos\Yakult-System-New\Yakult.Inventory.App\Yakult.Inventory.App.csproj]
C:\Users\russel.mercado\source\repos\Yakult-System-New\Yakult.Inventory.App\Pages\Receipt\ReceiptSetViewerDialog.cs(45,23): warning CS0169: The field 'ReceiptSetViewerDialog._rightPanel' is never used [C:\Users\russel.mercado\source\repos\Yakult-System-New\Yakult.Inventory.App\Yakult.Inventory.App.csproj]
C:\Users\russel.mercado\source\repos\Yakult-System-New\Yakult.Inventory.App\Wpf\CallMonitoring\WpfNotificationDrawer.cs(44,35): warning CS0067: The event 'WpfNotificationDrawer.CloseRequested' is never used [C:\Users\russel.mercado\source\repos\Yakult-System-New\Yakult.Inventory.App\Yakult.Inventory.App.csproj]
C:\Users\russel.mercado\source\repos\Yakult-System-New\Yakult.Inventory.App\Wpf\Invoice\ViewModels\NonLicensedInvoiceViewModel.cs(40,45): warning CS0067: The event 'NonLicensedInvoiceViewModel.RequestInfo' is never used [C:\Users\russel.mercado\source\repos\Yakult-System-New\Yakult.Inventory.App\Yakult.Inventory.App.csproj]
C:\Users\russel.mercado\source\repos\Yakult-System-New\Yakult.Inventory.App\Wpf\Invoice\ViewModels\NonLicensedInvoiceViewModel.cs(41,45): warning CS0067: The event 'NonLicensedInvoiceViewModel.RequestWarning' is never used [C:\Users\russel.mercado\source\repos\Yakult-System-New\Yakult.Inventory.App\Yakult.Inventory.App.csproj]
C:\Users\russel.mercado\source\repos\Yakult-System-New\Yakult.Inventory.App\Forms\CartridgeManagement\CartridgeManagementForm.cs(63,57): warning CS0169: The field 'CartridgeManagementForm.lblQuantity' is never used [C:\Users\russel.mercado\source\repos\Yakult-System-New\Yakult.Inventory.App\Yakult.Inventory.App.csproj]
C:\Users\russel.mercado\source\repos\Yakult-System-New\Yakult.Inventory.App\Forms\CartridgeManagement\CartridgeManagementForm.cs(63,23): warning CS0169: The field 'CartridgeManagementForm.lblReqId' is never used [C:\Users\russel.mercado\source\repos\Yakult-System-New\Yakult.Inventory.App\Yakult.Inventory.App.csproj]
C:\Users\russel.mercado\source\repos\Yakult-System-New\Yakult.Inventory.App\Forms\CartridgeManagement\CartridgeManagementForm.cs(63,70): warning CS0169: The field 'CartridgeManagementForm.lblCondition' is never used [C:\Users\russel.mercado\source\repos\Yakult-System-New\Yakult.Inventory.App\Yakult.Inventory.App.csproj]
C:\Users\russel.mercado\source\repos\Yakult-System-New\Yakult.Inventory.App\Pages\Branch\AddBranchDialog.cs(17,47): warning CS0169: The field 'AddBranchDialog.footerPanel' is never used [C:\Users\russel.mercado\source\repos\Yakult-System-New\Yakult.Inventory.App\Yakult.Inventory.App.csproj]
C:\Users\russel.mercado\source\repos\Yakult-System-New\Yakult.Inventory.App\Forms\BorrowItemsDashboard.cs(46,68): warning CS0169: The field 'BorrowItemsDashboard.lblOpenCount' is never used [C:\Users\russel.mercado\source\repos\Yakult-System-New\Yakult.Inventory.App\Yakult.Inventory.App.csproj]
C:\Users\russel.mercado\source\repos\Yakult-System-New\Yakult.Inventory.App\Forms\CartridgeManagement\CartridgeManagementForm.cs(63,33): warning CS0169: The field 'CartridgeManagementForm.lblRequester' is never used [C:\Users\russel.mercado\source\repos\Yakult-System-New\Yakult.Inventory.App\Yakult.Inventory.App.csproj]
C:\Users\russel.mercado\source\repos\Yakult-System-New\Yakult.Inventory.App\Pages\Request-Portal\RequesterPortalForm.cs(89,25): warning CS0649: Field 'RequesterPortalForm.tabApprovals' is never assigned to, and will always have its default value null [C:\Users\russel.mercado\source\repos\Yakult-System-New\Yakult.Inventory.App\Yakult.Inventory.App.csproj]
C:\Users\russel.mercado\source\repos\Yakult-System-New\Yakult.Inventory.App\Wpf\BorrowItems\WpfBorrowWorkspace.cs(30,35): warning CS0067: The event 'WpfBorrowWorkspace.BackToPortalClicked' is never used [C:\Users\russel.mercado\source\repos\Yakult-System-New\Yakult.Inventory.App\Yakult.Inventory.App.csproj]
C:\Users\russel.mercado\source\repos\Yakult-System-New\Yakult.Inventory.App\Pages\Set\AddSetPage.cs(12,34): warning CS0169: The field 'AddSetPage.footerPanel' is never used [C:\Users\russel.mercado\source\repos\Yakult-System-New\Yakult.Inventory.App\Yakult.Inventory.App.csproj]
C:\Users\russel.mercado\source\repos\Yakult-System-New\Yakult.Inventory.App\Forms\CartridgeManagement\CartridgeManagementPortalForm.cs(34,24): warning CS0169: The field 'CartridgeManagementPortalForm._cartridgeRequestsButton' is never used [C:\Users\russel.mercado\source\repos\Yakult-System-New\Yakult.Inventory.App\Yakult.Inventory.App.csproj]
C:\Users\russel.mercado\source\repos\Yakult-System-New\Yakult.Inventory.App\Pages\Receipt\ReceiptSetViewerDialog.cs(88,24): warning CS0649: Field 'ReceiptSetViewerDialog._btnPrev' is never assigned to, and will always have its default value null [C:\Users\russel.mercado\source\repos\Yakult-System-New\Yakult.Inventory.App\Yakult.Inventory.App.csproj]
C:\Users\russel.mercado\source\repos\Yakult-System-New\Yakult.Inventory.App\Forms\BorrowItemsDashboard.cs(70,23): warning CS0649: Field 'BorrowItemsDashboard._kpiOldestCard' is never assigned to, and will always have its default value null [C:\Users\russel.mercado\source\repos\Yakult-System-New\Yakult.Inventory.App\Yakult.Inventory.App.csproj]
C:\Users\russel.mercado\source\repos\Yakult-System-New\Yakult.Inventory.App\Pages\Receipt\ViewReceiptsPage.cs(32,23): warning CS0169: The field 'ViewReceiptsPage._subtitleLabel' is never used [C:\Users\russel.mercado\source\repos\Yakult-System-New\Yakult.Inventory.App\Yakult.Inventory.App.csproj]
C:\Users\russel.mercado\source\repos\Yakult-System-New\Yakult.Inventory.App\Pages\User\MainForm.cs(100,45): warning CS0649: Field 'MainForm.accountManagementButton' is never assigned to, and will always have its default value null [C:\Users\russel.mercado\source\repos\Yakult-System-New\Yakult.Inventory.App\Yakult.Inventory.App.csproj]
C:\Users\russel.mercado\source\repos\Yakult-System-New\Yakult.Inventory.App\Forms\BorrowItemsDashboard.cs(47,37): warning CS0649: Field 'BorrowItemsDashboard.lblEmptyHistory' is never assigned to, and will always have its default value null [C:\Users\russel.mercado\source\repos\Yakult-System-New\Yakult.Inventory.App\Yakult.Inventory.App.csproj]
C:\Users\russel.mercado\source\repos\Yakult-System-New\Yakult.Inventory.App\Wpf\Renewal\ViewRenewals\ViewModels\RenewalPageViewModel.cs(87,45): warning CS0067: The event 'RenewalPageViewModel.RequestWarning' is never used [C:\Users\russel.mercado\source\repos\Yakult-System-New\Yakult.Inventory.App\Yakult.Inventory.App.csproj]
C:\Users\russel.mercado\source\repos\Yakult-System-New\Yakult.Inventory.App\Pages\Receipt\ViewReceiptsPage.cs(23,44): warning CS0169: The field 'ViewReceiptsPage._subtitlePanel' is never used [C:\Users\russel.mercado\source\repos\Yakult-System-New\Yakult.Inventory.App\Yakult.Inventory.App.csproj]
C:\Users\russel.mercado\source\repos\Yakult-System-New\Yakult.Inventory.App\Forms\BorrowItemsDashboard.cs(69,46): warning CS0649: Field 'BorrowItemsDashboard._historyHost' is never assigned to, and will always have its default value null [C:\Users\russel.mercado\source\repos\Yakult-System-New\Yakult.Inventory.App\Yakult.Inventory.App.csproj]
C:\Users\russel.mercado\source\repos\Yakult-System-New\Yakult.Inventory.App\Pages\User\MainForm.cs(93,44): warning CS0649: Field 'MainForm.emailSmtpPanel' is never assigned to, and will always have its default value null [C:\Users\russel.mercado\source\repos\Yakult-System-New\Yakult.Inventory.App\Yakult.Inventory.App.csproj]
C:\Users\russel.mercado\source\repos\Yakult-System-New\Yakult.Inventory.App\Pages\Company\AddCompanyPage.cs(15,47): warning CS0169: The field 'AddCompanyPage.footerPanel' is never used [C:\Users\russel.mercado\source\repos\Yakult-System-New\Yakult.Inventory.App\Yakult.Inventory.App.csproj]
C:\Users\russel.mercado\source\repos\Yakult-System-New\Yakult.Inventory.App\Wpf\ItemMovementAudit\ViewModels\ItemMovementAuditPageViewModel.cs(352,45): warning CS0067: The event 'ItemMovementAuditPageViewModel.RequestInfo' is never used [C:\Users\russel.mercado\source\repos\Yakult-System-New\Yakult.Inventory.App\Yakult.Inventory.App.csproj]
C:\Users\russel.mercado\source\repos\Yakult-System-New\Yakult.Inventory.App\Pages\User\MainForm.cs(101,45): warning CS0649: Field 'MainForm.emailSmtpButton' is never assigned to, and will always have its default value null [C:\Users\russel.mercado\source\repos\Yakult-System-New\Yakult.Inventory.App\Yakult.Inventory.App.csproj]
C:\Users\russel.mercado\source\repos\Yakult-System-New\Yakult.Inventory.App\Pages\Branch\AddBranchDialog.cs(17,23): warning CS0169: The field 'AddBranchDialog.headerPanel' is never used [C:\Users\russel.mercado\source\repos\Yakult-System-New\Yakult.Inventory.App\Yakult.Inventory.App.csproj]
C:\Users\russel.mercado\source\repos\Yakult-System-New\Yakult.Inventory.App\Forms\CartridgeManagement\CartridgeManagementPortalForm.cs(31,24): warning CS0169: The field 'CartridgeManagementPortalForm._homeButton' is never used [C:\Users\russel.mercado\source\repos\Yakult-System-New\Yakult.Inventory.App\Yakult.Inventory.App.csproj]
C:\Users\russel.mercado\source\repos\Yakult-System-New\Yakult.Inventory.App\Pages\Department\AddDepartmentDialog.cs(16,47): warning CS0169: The field 'AddDepartmentDialog.footerPanel' is never used [C:\Users\russel.mercado\source\repos\Yakult-System-New\Yakult.Inventory.App\Yakult.Inventory.App.csproj]
C:\Users\russel.mercado\source\repos\Yakult-System-New\Yakult.Inventory.App\Wpf\RequestPortal\AssistedRequest\Views\AssistedRequestView.xaml.cs(25,22): warning CS0649: Field 'AssistedRequestView._suppressDropDown' is never assigned to, and will always have its default value false [C:\Users\russel.mercado\source\repos\Yakult-System-New\Yakult.Inventory.App\Yakult.Inventory.App.csproj]
C:\Users\russel.mercado\source\repos\Yakult-System-New\Yakult.Inventory.App\Pages\Employee\QuickAddEmployeeDialog.cs(24,22): warning CS0414: The field 'QuickAddEmployeeDialog._suppressComboBoxEvents' is assigned but its value is never used [C:\Users\russel.mercado\source\repos\Yakult-System-New\Yakult.Inventory.App\Yakult.Inventory.App.csproj]
C:\Users\russel.mercado\source\repos\Yakult-System-New\Yakult.Inventory.App\Pages\Renewal\ViewRenewalDetailPage.cs(36,22): warning CS0414: The field 'ViewRenewalDetailPage._suppressSelectionChange' is assigned but its value is never used [C:\Users\russel.mercado\source\repos\Yakult-System-New\Yakult.Inventory.App\Yakult.Inventory.App.csproj]
C:\Users\russel.mercado\source\repos\Yakult-System-New\Yakult.Inventory.App\Pages\Cartridge\ViewCartridgeRequestsPage.cs(31,22): warning CS0414: The field 'ViewCartridgeRequestsPage._allSelected' is assigned but its value is never used [C:\Users\russel.mercado\source\repos\Yakult-System-New\Yakult.Inventory.App\Yakult.Inventory.App.csproj]
C:\Users\russel.mercado\source\repos\Yakult-System-New\Yakult.Inventory.App\Pages\Admin\Security\PortalAccessPage.cs(37,22): warning CS0414: The field 'PortalAccessPage._isEditing' is assigned but its value is never used [C:\Users\russel.mercado\source\repos\Yakult-System-New\Yakult.Inventory.App\Yakult.Inventory.App.csproj]

Build FAILED.

C:\Program Files\dotnet\sdk\10.0.400\Microsoft.Common.CurrentVersion.targets(2453,5): warning MSB3245: Could not resolve this reference. Could not locate the assembly "System.Runtime.WindowsRuntime". Check to make sure the assembly exists on disk. If this reference is required by your code, you may get compilation errors. [C:\Users\russel.mercado\source\repos\Yakult-System-New\Yakult.Inventory.App\Yakult.Inventory.App.csproj]
C:\Users\russel.mercado\source\repos\Yakult-System-New\Yakult.Inventory.App\Pages\Item\RepairHistoryDialog.xaml.cs(233,42): warning CS0109: The member 'RepairHistoryDialog.ShowDialog(IWin32Window)' does not hide an accessible member. The new keyword is not required. [C:\Users\russel.mercado\source\repos\Yakult-System-New\Yakult.Inventory.App\Yakult.Inventory.App.csproj]
C:\Users\russel.mercado\source\repos\Yakult-System-New\Yakult.Inventory.App\Pages\Item\MarkActionDialog.xaml.cs(184,42): warning CS0109: The member 'MarkActionDialog.ShowDialog(IWin32Window)' does not hide an accessible member. The new keyword is not required. [C:\Users\russel.mercado\source\repos\Yakult-System-New\Yakult.Inventory.App\Yakult.Inventory.App.csproj]
C:\Users\russel.mercado\source\repos\Yakult-System-New\Yakult.Inventory.App\Pages\Item\SellDisposeDialog.xaml.cs(132,42): warning CS0109: The member 'SellDisposeDialog.ShowDialog(IWin32Window)' does not hide an accessible member. The new keyword is not required. [C:\Users\russel.mercado\source\repos\Yakult-System-New\Yakult.Inventory.App\Yakult.Inventory.App.csproj]
C:\Users\russel.mercado\source\repos\Yakult-System-New\Yakult.Inventory.App\Repositories\SetRepository.cs(2164,26): warning CS0219: The variable 'getServerTimeSql' is assigned but its value is never used [C:\Users\russel.mercado\source\repos\Yakult-System-New\Yakult.Inventory.App\Yakult.Inventory.App.csproj]
C:\Users\russel.mercado\source\repos\Yakult-System-New\Yakult.Inventory.App\Pages\Request-Portal\RequesterPortalForm.cs(2663,18): warning CS0219: The variable 'suppress' is assigned but its value is never used [C:\Users\russel.mercado\source\repos\Yakult-System-New\Yakult.Inventory.App\Yakult.Inventory.App.csproj]
C:\Users\russel.mercado\source\repos\Yakult-System-New\Yakult.Inventory.App\Pages\Export\ExportRenewalsGroupedPreviewDialog.cs(373,26): warning CS0219: The variable 'hGroup' is assigned but its value is never used [C:\Users\russel.mercado\source\repos\Yakult-System-New\Yakult.Inventory.App\Yakult.Inventory.App.csproj]
C:\Users\russel.mercado\source\repos\Yakult-System-New\Yakult.Inventory.App\Wpf\Export\Renewal\ViewModels\RenewalExportViewModel.cs(48,45): warning CS0067: The event 'RenewalExportViewModel.RequestError' is never used [C:\Users\russel.mercado\source\repos\Yakult-System-New\Yakult.Inventory.App\Yakult.Inventory.App.csproj]
C:\Users\russel.mercado\source\repos\Yakult-System-New\Yakult.Inventory.App\Forms\CartridgeManagement\CartridgeManagementForm.cs(63,96): warning CS0169: The field 'CartridgeManagementForm.lblBranch' is never used [C:\Users\russel.mercado\source\repos\Yakult-System-New\Yakult.Inventory.App\Yakult.Inventory.App.csproj]
C:\Users\russel.mercado\source\repos\Yakult-System-New\Yakult.Inventory.App\Forms\CartridgeManagement\CartridgeManagementPortalForm.cs(32,24): warning CS0169: The field 'CartridgeManagementPortalForm._userManualButton' is never used [C:\Users\russel.mercado\source\repos\Yakult-System-New\Yakult.Inventory.App\Yakult.Inventory.App.csproj]
C:\Users\russel.mercado\source\repos\Yakult-System-New\Yakult.Inventory.App\Pages\Company\AddCompanyPage.cs(15,23): warning CS0169: The field 'AddCompanyPage.headerPanel' is never used [C:\Users\russel.mercado\source\repos\Yakult-System-New\Yakult.Inventory.App\Yakult.Inventory.App.csproj]
C:\Users\russel.mercado\source\repos\Yakult-System-New\Yakult.Inventory.App\Wpf\Renewal\RenewalGroups\ViewModels\RenewalGroupPageViewModel.cs(65,45): warning CS0067: The event 'RenewalGroupPageViewModel.RequestInfo' is never used [C:\Users\russel.mercado\source\repos\Yakult-System-New\Yakult.Inventory.App\Yakult.Inventory.App.csproj]
C:\Users\russel.mercado\source\repos\Yakult-System-New\Yakult.Inventory.App\Pages\Department\AddDepartmentDialog.cs(16,23): warning CS0169: The field 'AddDepartmentDialog.headerPanel' is never used [C:\Users\russel.mercado\source\repos\Yakult-System-New\Yakult.Inventory.App\Yakult.Inventory.App.csproj]
C:\Users\russel.mercado\source\repos\Yakult-System-New\Yakult.Inventory.App\Wpf\InvoicePreparation\ViewModels\InvoicePreparationListViewModel.cs(28,45): warning CS0067: The event 'InvoicePreparationListViewModel.RequestInfo' is never used [C:\Users\russel.mercado\source\repos\Yakult-System-New\Yakult.Inventory.App\Yakult.Inventory.App.csproj]
C:\Users\russel.mercado\source\repos\Yakult-System-New\Yakult.Inventory.App\Pages\User\MainForm.cs(92,44): warning CS0649: Field 'MainForm.accountManagementPanel' is never assigned to, and will always have its default value null [C:\Users\russel.mercado\source\repos\Yakult-System-New\Yakult.Inventory.App\Yakult.Inventory.App.csproj]
C:\Users\russel.mercado\source\repos\Yakult-System-New\Yakult.Inventory.App\Wpf\Invoice\ViewModels\InvoicePageViewModel.cs(79,45): warning CS0067: The event 'InvoicePageViewModel.RequestInfo' is never used [C:\Users\russel.mercado\source\repos\Yakult-System-New\Yakult.Inventory.App\Yakult.Inventory.App.csproj]
C:\Users\russel.mercado\source\repos\Yakult-System-New\Yakult.Inventory.App\Pages\User\MainForm.cs(107,45): warning CS0649: Field 'MainForm.resetPasswordButton' is never assigned to, and will always have its default value null [C:\Users\russel.mercado\source\repos\Yakult-System-New\Yakult.Inventory.App\Yakult.Inventory.App.csproj]
C:\Users\russel.mercado\source\repos\Yakult-System-New\Yakult.Inventory.App\Pages\Employee\AddEmployeePage.cs(12,36): warning CS0169: The field 'AddEmployeePage.bodyPanel' is never used [C:\Users\russel.mercado\source\repos\Yakult-System-New\Yakult.Inventory.App\Yakult.Inventory.App.csproj]
C:\Users\russel.mercado\source\repos\Yakult-System-New\Yakult.Inventory.App\Forms\BorrowItemsDashboard.cs(46,82): warning CS0169: The field 'BorrowItemsDashboard.lblOldest' is never used [C:\Users\russel.mercado\source\repos\Yakult-System-New\Yakult.Inventory.App\Yakult.Inventory.App.csproj]
C:\Users\russel.mercado\source\repos\Yakult-System-New\Yakult.Inventory.App\Forms\BorrowItemsDashboard.cs(53,24): warning CS0649: Field 'BorrowItemsDashboard.btnBackToPortal' is never assigned to, and will always have its default value null [C:\Users\russel.mercado\source\repos\Yakult-System-New\Yakult.Inventory.App\Yakult.Inventory.App.csproj]
C:\Users\russel.mercado\source\repos\Yakult-System-New\Yakult.Inventory.App\Forms\CartridgeManagement\CartridgeManagementForm.cs(63,84): warning CS0169: The field 'CartridgeManagementForm.lblCompany' is never used [C:\Users\russel.mercado\source\repos\Yakult-System-New\Yakult.Inventory.App\Yakult.Inventory.App.csproj]
C:\Users\russel.mercado\source\repos\Yakult-System-New\Yakult.Inventory.App\Forms\BorrowItemsDashboard.cs(54,71): warning CS0649: Field 'BorrowItemsDashboard.btnExport' is never assigned to, and will always have its default value null [C:\Users\russel.mercado\source\repos\Yakult-System-New\Yakult.Inventory.App\Yakult.Inventory.App.csproj]
C:\Users\russel.mercado\source\repos\Yakult-System-New\Yakult.Inventory.App\Pages\User\MainForm.cs(90,44): warning CS0169: The field 'MainForm.cartridgeManagementPanel' is never used [C:\Users\russel.mercado\source\repos\Yakult-System-New\Yakult.Inventory.App\Yakult.Inventory.App.csproj]
C:\Users\russel.mercado\source\repos\Yakult-System-New\Yakult.Inventory.App\Wpf\Invoice\ViewModels\InvoiceLicenseReviewViewModel.cs(58,45): warning CS0067: The event 'InvoiceLicenseReviewViewModel.RequestWarning' is never used [C:\Users\russel.mercado\source\repos\Yakult-System-New\Yakult.Inventory.App\Yakult.Inventory.App.csproj]
C:\Users\russel.mercado\source\repos\Yakult-System-New\Yakult.Inventory.App\Forms\CartridgeManagement\CartridgeManagementForm.cs(63,107): warning CS0169: The field 'CartridgeManagementForm.lblDepartment' is never used [C:\Users\russel.mercado\source\repos\Yakult-System-New\Yakult.Inventory.App\Yakult.Inventory.App.csproj]
C:\Users\russel.mercado\source\repos\Yakult-System-New\Yakult.Inventory.App\Pages\Receipt\ReceiptSetViewerDialog.cs(90,24): warning CS0169: The field 'ReceiptSetViewerDialog._btnClose' is never used [C:\Users\russel.mercado\source\repos\Yakult-System-New\Yakult.Inventory.App\Yakult.Inventory.App.csproj]
C:\Users\russel.mercado\source\repos\Yakult-System-New\Yakult.Inventory.App\Forms\BorrowItemsDashboard.cs(54,82): warning CS0649: Field 'BorrowItemsDashboard.btnReload' is never assigned to, and will always have its default value null [C:\Users\russel.mercado\source\repos\Yakult-System-New\Yakult.Inventory.App\Yakult.Inventory.App.csproj]
C:\Users\russel.mercado\source\repos\Yakult-System-New\Yakult.Inventory.App\Forms\BorrowItemsDashboard.cs(46,93): warning CS0649: Field 'BorrowItemsDashboard.lblStatus' is never assigned to, and will always have its default value null [C:\Users\russel.mercado\source\repos\Yakult-System-New\Yakult.Inventory.App\Yakult.Inventory.App.csproj]
C:\Users\russel.mercado\source\repos\Yakult-System-New\Yakult.Inventory.App\Forms\BorrowItemsDashboard.cs(47,23): warning CS0649: Field 'BorrowItemsDashboard.lblEmptyOpen' is never assigned to, and will always have its default value null [C:\Users\russel.mercado\source\repos\Yakult-System-New\Yakult.Inventory.App\Yakult.Inventory.App.csproj]
C:\Users\russel.mercado\source\repos\Yakult-System-New\Yakult.Inventory.App\Pages\User\MainForm.cs(98,45): warning CS0169: The field 'MainForm.cartridgeManagementButton' is never used [C:\Users\russel.mercado\source\repos\Yakult-System-New\Yakult.Inventory.App\Yakult.Inventory.App.csproj]
C:\Users\russel.mercado\source\repos\Yakult-System-New\Yakult.Inventory.App\Pages\Employee\AddEmployeePage.cs(12,47): warning CS0169: The field 'AddEmployeePage.footerPanel' is never used [C:\Users\russel.mercado\source\repos\Yakult-System-New\Yakult.Inventory.App\Yakult.Inventory.App.csproj]
C:\Users\russel.mercado\source\repos\Yakult-System-New\Yakult.Inventory.App\Forms\BorrowItemsDashboard.cs(69,35): warning CS0649: Field 'BorrowItemsDashboard._openHost' is never assigned to, and will always have its default value null [C:\Users\russel.mercado\source\repos\Yakult-System-New\Yakult.Inventory.App\Yakult.Inventory.App.csproj]
C:\Users\russel.mercado\source\repos\Yakult-System-New\Yakult.Inventory.App\Forms\CartridgeManagement\CartridgeManagementPortalForm.cs(33,24): warning CS0169: The field 'CartridgeManagementPortalForm._itFulfillmentButton' is never used [C:\Users\russel.mercado\source\repos\Yakult-System-New\Yakult.Inventory.App\Yakult.Inventory.App.csproj]
C:\Users\russel.mercado\source\repos\Yakult-System-New\Yakult.Inventory.App\Pages\Receipt\ReceiptSetViewerDialog.cs(89,24): warning CS0649: Field 'ReceiptSetViewerDialog._btnNext' is never assigned to, and will always have its default value null [C:\Users\russel.mercado\source\repos\Yakult-System-New\Yakult.Inventory.App\Yakult.Inventory.App.csproj]
C:\Users\russel.mercado\source\repos\Yakult-System-New\Yakult.Inventory.App\Pages\Employee\AddEmployeePage.cs(12,23): warning CS0169: The field 'AddEmployeePage.headerPanel' is never used [C:\Users\russel.mercado\source\repos\Yakult-System-New\Yakult.Inventory.App\Yakult.Inventory.App.csproj]
C:\Users\russel.mercado\source\repos\Yakult-System-New\Yakult.Inventory.App\Pages\Employee\QuickAddEmployeeDialog.cs(16,53): warning CS0169: The field 'QuickAddEmployeeDialog.txtPosition' is never used [C:\Users\russel.mercado\source\repos\Yakult-System-New\Yakult.Inventory.App\Yakult.Inventory.App.csproj]
C:\Users\russel.mercado\source\repos\Yakult-System-New\Yakult.Inventory.App\Forms\CartridgeManagement\CartridgeManagementForm.cs(63,47): warning CS0169: The field 'CartridgeManagementForm.lblModel' is never used [C:\Users\russel.mercado\source\repos\Yakult-System-New\Yakult.Inventory.App\Yakult.Inventory.App.csproj]
C:\Users\russel.mercado\source\repos\Yakult-System-New\Yakult.Inventory.App\Pages\Receipt\ReceiptSetViewerDialog.cs(45,23): warning CS0169: The field 'ReceiptSetViewerDialog._rightPanel' is never used [C:\Users\russel.mercado\source\repos\Yakult-System-New\Yakult.Inventory.App\Yakult.Inventory.App.csproj]
C:\Users\russel.mercado\source\repos\Yakult-System-New\Yakult.Inventory.App\Wpf\CallMonitoring\WpfNotificationDrawer.cs(44,35): warning CS0067: The event 'WpfNotificationDrawer.CloseRequested' is never used [C:\Users\russel.mercado\source\repos\Yakult-System-New\Yakult.Inventory.App\Yakult.Inventory.App.csproj]
C:\Users\russel.mercado\source\repos\Yakult-System-New\Yakult.Inventory.App\Wpf\Invoice\ViewModels\NonLicensedInvoiceViewModel.cs(40,45): warning CS0067: The event 'NonLicensedInvoiceViewModel.RequestInfo' is never used [C:\Users\russel.mercado\source\repos\Yakult-System-New\Yakult.Inventory.App\Yakult.Inventory.App.csproj]
C:\Users\russel.mercado\source\repos\Yakult-System-New\Yakult.Inventory.App\Wpf\Invoice\ViewModels\NonLicensedInvoiceViewModel.cs(41,45): warning CS0067: The event 'NonLicensedInvoiceViewModel.RequestWarning' is never used [C:\Users\russel.mercado\source\repos\Yakult-System-New\Yakult.Inventory.App\Yakult.Inventory.App.csproj]
C:\Users\russel.mercado\source\repos\Yakult-System-New\Yakult.Inventory.App\Forms\CartridgeManagement\CartridgeManagementForm.cs(63,57): warning CS0169: The field 'CartridgeManagementForm.lblQuantity' is never used [C:\Users\russel.mercado\source\repos\Yakult-System-New\Yakult.Inventory.App\Yakult.Inventory.App.csproj]
C:\Users\russel.mercado\source\repos\Yakult-System-New\Yakult.Inventory.App\Forms\CartridgeManagement\CartridgeManagementForm.cs(63,23): warning CS0169: The field 'CartridgeManagementForm.lblReqId' is never used [C:\Users\russel.mercado\source\repos\Yakult-System-New\Yakult.Inventory.App\Yakult.Inventory.App.csproj]
C:\Users\russel.mercado\source\repos\Yakult-System-New\Yakult.Inventory.App\Forms\CartridgeManagement\CartridgeManagementForm.cs(63,70): warning CS0169: The field 'CartridgeManagementForm.lblCondition' is never used [C:\Users\russel.mercado\source\repos\Yakult-System-New\Yakult.Inventory.App\Yakult.Inventory.App.csproj]
C:\Users\russel.mercado\source\repos\Yakult-System-New\Yakult.Inventory.App\Pages\Branch\AddBranchDialog.cs(17,47): warning CS0169: The field 'AddBranchDialog.footerPanel' is never used [C:\Users\russel.mercado\source\repos\Yakult-System-New\Yakult.Inventory.App\Yakult.Inventory.App.csproj]
C:\Users\russel.mercado\source\repos\Yakult-System-New\Yakult.Inventory.App\Forms\BorrowItemsDashboard.cs(46,68): warning CS0169: The field 'BorrowItemsDashboard.lblOpenCount' is never used [C:\Users\russel.mercado\source\repos\Yakult-System-New\Yakult.Inventory.App\Yakult.Inventory.App.csproj]
C:\Users\russel.mercado\source\repos\Yakult-System-New\Yakult.Inventory.App\Forms\CartridgeManagement\CartridgeManagementForm.cs(63,33): warning CS0169: The field 'CartridgeManagementForm.lblRequester' is never used [C:\Users\russel.mercado\source\repos\Yakult-System-New\Yakult.Inventory.App\Yakult.Inventory.App.csproj]
C:\Users\russel.mercado\source\repos\Yakult-System-New\Yakult.Inventory.App\Pages\Request-Portal\RequesterPortalForm.cs(89,25): warning CS0649: Field 'RequesterPortalForm.tabApprovals' is never assigned to, and will always have its default value null [C:\Users\russel.mercado\source\repos\Yakult-System-New\Yakult.Inventory.App\Yakult.Inventory.App.csproj]
C:\Users\russel.mercado\source\repos\Yakult-System-New\Yakult.Inventory.App\Wpf\BorrowItems\WpfBorrowWorkspace.cs(30,35): warning CS0067: The event 'WpfBorrowWorkspace.BackToPortalClicked' is never used [C:\Users\russel.mercado\source\repos\Yakult-System-New\Yakult.Inventory.App\Yakult.Inventory.App.csproj]
C:\Users\russel.mercado\source\repos\Yakult-System-New\Yakult.Inventory.App\Pages\Set\AddSetPage.cs(12,34): warning CS0169: The field 'AddSetPage.footerPanel' is never used [C:\Users\russel.mercado\source\repos\Yakult-System-New\Yakult.Inventory.App\Yakult.Inventory.App.csproj]
C:\Users\russel.mercado\source\repos\Yakult-System-New\Yakult.Inventory.App\Forms\CartridgeManagement\CartridgeManagementPortalForm.cs(34,24): warning CS0169: The field 'CartridgeManagementPortalForm._cartridgeRequestsButton' is never used [C:\Users\russel.mercado\source\repos\Yakult-System-New\Yakult.Inventory.App\Yakult.Inventory.App.csproj]
C:\Users\russel.mercado\source\repos\Yakult-System-New\Yakult.Inventory.App\Pages\Receipt\ReceiptSetViewerDialog.cs(88,24): warning CS0649: Field 'ReceiptSetViewerDialog._btnPrev' is never assigned to, and will always have its default value null [C:\Users\russel.mercado\source\repos\Yakult-System-New\Yakult.Inventory.App\Yakult.Inventory.App.csproj]
C:\Users\russel.mercado\source\repos\Yakult-System-New\Yakult.Inventory.App\Forms\BorrowItemsDashboard.cs(70,23): warning CS0649: Field 'BorrowItemsDashboard._kpiOldestCard' is never assigned to, and will always have its default value null [C:\Users\russel.mercado\source\repos\Yakult-System-New\Yakult.Inventory.App\Yakult.Inventory.App.csproj]
C:\Users\russel.mercado\source\repos\Yakult-System-New\Yakult.Inventory.App\Pages\Receipt\ViewReceiptsPage.cs(32,23): warning CS0169: The field 'ViewReceiptsPage._subtitleLabel' is never used [C:\Users\russel.mercado\source\repos\Yakult-System-New\Yakult.Inventory.App\Yakult.Inventory.App.csproj]
C:\Users\russel.mercado\source\repos\Yakult-System-New\Yakult.Inventory.App\Pages\User\MainForm.cs(100,45): warning CS0649: Field 'MainForm.accountManagementButton' is never assigned to, and will always have its default value null [C:\Users\russel.mercado\source\repos\Yakult-System-New\Yakult.Inventory.App\Yakult.Inventory.App.csproj]
C:\Users\russel.mercado\source\repos\Yakult-System-New\Yakult.Inventory.App\Forms\BorrowItemsDashboard.cs(47,37): warning CS0649: Field 'BorrowItemsDashboard.lblEmptyHistory' is never assigned to, and will always have its default value null [C:\Users\russel.mercado\source\repos\Yakult-System-New\Yakult.Inventory.App\Yakult.Inventory.App.csproj]
C:\Users\russel.mercado\source\repos\Yakult-System-New\Yakult.Inventory.App\Wpf\Renewal\ViewRenewals\ViewModels\RenewalPageViewModel.cs(87,45): warning CS0067: The event 'RenewalPageViewModel.RequestWarning' is never used [C:\Users\russel.mercado\source\repos\Yakult-System-New\Yakult.Inventory.App\Yakult.Inventory.App.csproj]
C:\Users\russel.mercado\source\repos\Yakult-System-New\Yakult.Inventory.App\Pages\Receipt\ViewReceiptsPage.cs(23,44): warning CS0169: The field 'ViewReceiptsPage._subtitlePanel' is never used [C:\Users\russel.mercado\source\repos\Yakult-System-New\Yakult.Inventory.App\Yakult.Inventory.App.csproj]
C:\Users\russel.mercado\source\repos\Yakult-System-New\Yakult.Inventory.App\Forms\BorrowItemsDashboard.cs(69,46): warning CS0649: Field 'BorrowItemsDashboard._historyHost' is never assigned to, and will always have its default value null [C:\Users\russel.mercado\source\repos\Yakult-System-New\Yakult.Inventory.App\Yakult.Inventory.App.csproj]
C:\Users\russel.mercado\source\repos\Yakult-System-New\Yakult.Inventory.App\Pages\User\MainForm.cs(93,44): warning CS0649: Field 'MainForm.emailSmtpPanel' is never assigned to, and will always have its default value null [C:\Users\russel.mercado\source\repos\Yakult-System-New\Yakult.Inventory.App\Yakult.Inventory.App.csproj]
C:\Users\russel.mercado\source\repos\Yakult-System-New\Yakult.Inventory.App\Pages\Company\AddCompanyPage.cs(15,47): warning CS0169: The field 'AddCompanyPage.footerPanel' is never used [C:\Users\russel.mercado\source\repos\Yakult-System-New\Yakult.Inventory.App\Yakult.Inventory.App.csproj]
C:\Users\russel.mercado\source\repos\Yakult-System-New\Yakult.Inventory.App\Wpf\ItemMovementAudit\ViewModels\ItemMovementAuditPageViewModel.cs(352,45): warning CS0067: The event 'ItemMovementAuditPageViewModel.RequestInfo' is never used [C:\Users\russel.mercado\source\repos\Yakult-System-New\Yakult.Inventory.App\Yakult.Inventory.App.csproj]
C:\Users\russel.mercado\source\repos\Yakult-System-New\Yakult.Inventory.App\Pages\User\MainForm.cs(101,45): warning CS0649: Field 'MainForm.emailSmtpButton' is never assigned to, and will always have its default value null [C:\Users\russel.mercado\source\repos\Yakult-System-New\Yakult.Inventory.App\Yakult.Inventory.App.csproj]
C:\Users\russel.mercado\source\repos\Yakult-System-New\Yakult.Inventory.App\Pages\Branch\AddBranchDialog.cs(17,23): warning CS0169: The field 'AddBranchDialog.headerPanel' is never used [C:\Users\russel.mercado\source\repos\Yakult-System-New\Yakult.Inventory.App\Yakult.Inventory.App.csproj]
C:\Users\russel.mercado\source\repos\Yakult-System-New\Yakult.Inventory.App\Forms\CartridgeManagement\CartridgeManagementPortalForm.cs(31,24): warning CS0169: The field 'CartridgeManagementPortalForm._homeButton' is never used [C:\Users\russel.mercado\source\repos\Yakult-System-New\Yakult.Inventory.App\Yakult.Inventory.App.csproj]
C:\Users\russel.mercado\source\repos\Yakult-System-New\Yakult.Inventory.App\Pages\Department\AddDepartmentDialog.cs(16,47): warning CS0169: The field 'AddDepartmentDialog.footerPanel' is never used [C:\Users\russel.mercado\source\repos\Yakult-System-New\Yakult.Inventory.App\Yakult.Inventory.App.csproj]
C:\Users\russel.mercado\source\repos\Yakult-System-New\Yakult.Inventory.App\Wpf\RequestPortal\AssistedRequest\Views\AssistedRequestView.xaml.cs(25,22): warning CS0649: Field 'AssistedRequestView._suppressDropDown' is never assigned to, and will always have its default value false [C:\Users\russel.mercado\source\repos\Yakult-System-New\Yakult.Inventory.App\Yakult.Inventory.App.csproj]
C:\Users\russel.mercado\source\repos\Yakult-System-New\Yakult.Inventory.App\Pages\Employee\QuickAddEmployeeDialog.cs(24,22): warning CS0414: The field 'QuickAddEmployeeDialog._suppressComboBoxEvents' is assigned but its value is never used [C:\Users\russel.mercado\source\repos\Yakult-System-New\Yakult.Inventory.App\Yakult.Inventory.App.csproj]
C:\Users\russel.mercado\source\repos\Yakult-System-New\Yakult.Inventory.App\Pages\Renewal\ViewRenewalDetailPage.cs(36,22): warning CS0414: The field 'ViewRenewalDetailPage._suppressSelectionChange' is assigned but its value is never used [C:\Users\russel.mercado\source\repos\Yakult-System-New\Yakult.Inventory.App\Yakult.Inventory.App.csproj]
C:\Users\russel.mercado\source\repos\Yakult-System-New\Yakult.Inventory.App\Pages\Cartridge\ViewCartridgeRequestsPage.cs(31,22): warning CS0414: The field 'ViewCartridgeRequestsPage._allSelected' is assigned but its value is never used [C:\Users\russel.mercado\source\repos\Yakult-System-New\Yakult.Inventory.App\Yakult.Inventory.App.csproj]
C:\Users\russel.mercado\source\repos\Yakult-System-New\Yakult.Inventory.App\Pages\Admin\Security\PortalAccessPage.cs(37,22): warning CS0414: The field 'PortalAccessPage._isEditing' is assigned but its value is never used [C:\Users\russel.mercado\source\repos\Yakult-System-New\Yakult.Inventory.App\Yakult.Inventory.App.csproj]
C:\Users\russel.mercado\source\repos\Yakult-System-New\Yakult.Inventory.App\Wpf\RequestPortal\WalkThrough\WpfPortalTourWindow.xaml.cs(25,13): error CS0103: The name 'InitializeComponent' does not exist in the current context [C:\Users\russel.mercado\source\repos\Yakult-System-New\Yakult.Inventory.App\Yakult.Inventory.App.csproj]
C:\Users\russel.mercado\source\repos\Yakult-System-New\Yakult.Inventory.App\Wpf\RequestPortal\WalkThrough\WpfPortalTourWindow.xaml.cs(31,13): error CS0103: The name 'RootCanvas' does not exist in the current context [C:\Users\russel.mercado\source\repos\Yakult-System-New\Yakult.Inventory.App\Yakult.Inventory.App.csproj]
C:\Users\russel.mercado\source\repos\Yakult-System-New\Yakult.Inventory.App\Wpf\RequestPortal\WalkThrough\WpfPortalTourWindow.xaml.cs(32,13): error CS0103: The name 'RootCanvas' does not exist in the current context [C:\Users\russel.mercado\source\repos\Yakult-System-New\Yakult.Inventory.App\Yakult.Inventory.App.csproj]
C:\Users\russel.mercado\source\repos\Yakult-System-New\Yakult.Inventory.App\Wpf\RequestPortal\WalkThrough\WpfPortalTourWindow.xaml.cs(35,17): error CS0103: The name 'RootCanvas' does not exist in the current context [C:\Users\russel.mercado\source\repos\Yakult-System-New\Yakult.Inventory.App\Yakult.Inventory.App.csproj]
C:\Users\russel.mercado\source\repos\Yakult-System-New\Yakult.Inventory.App\Wpf\RequestPortal\WalkThrough\WpfPortalTourWindow.xaml.cs(36,17): error CS0103: The name 'RootCanvas' does not exist in the current context [C:\Users\russel.mercado\source\repos\Yakult-System-New\Yakult.Inventory.App\Yakult.Inventory.App.csproj]
C:\Users\russel.mercado\source\repos\Yakult-System-New\Yakult.Inventory.App\Wpf\RepairPortal\PartIntake\Views\AddPartDialog.xaml.cs(18,13): error CS0103: The name 'InitializeComponent' does not exist in the current context [C:\Users\russel.mercado\source\repos\Yakult-System-New\Yakult.Inventory.App\Yakult.Inventory.App.csproj]
C:\Users\russel.mercado\source\repos\Yakult-System-New\Yakult.Inventory.App\Wpf\RequestPortal\WalkThrough\WpfPortalTourWindow.xaml.cs(105,13): error CS0103: The name 'OverlayPath' does not exist in the current context [C:\Users\russel.mercado\source\repos\Yakult-System-New\Yakult.Inventory.App\Yakult.Inventory.App.csproj]
C:\Users\russel.mercado\source\repos\Yakult-System-New\Yakult.Inventory.App\Wpf\RequestPortal\WalkThrough\WpfPortalTourWindow.xaml.cs(106,13): error CS0103: The name 'HighlightRing' does not exist in the current context [C:\Users\russel.mercado\source\repos\Yakult-System-New\Yakult.Inventory.App\Yakult.Inventory.App.csproj]
C:\Users\russel.mercado\source\repos\Yakult-System-New\Yakult.Inventory.App\Wpf\RequestPortal\WalkThrough\WpfPortalTourWindow.xaml.cs(107,13): error CS0103: The name 'BulletList' does not exist in the current context [C:\Users\russel.mercado\source\repos\Yakult-System-New\Yakult.Inventory.App\Yakult.Inventory.App.csproj]
C:\Users\russel.mercado\source\repos\Yakult-System-New\Yakult.Inventory.App\Wpf\RequestPortal\WalkThrough\WpfPortalTourWindow.xaml.cs(108,13): error CS0103: The name 'BulletList' does not exist in the current context [C:\Users\russel.mercado\source\repos\Yakult-System-New\Yakult.Inventory.App\Yakult.Inventory.App.csproj]
C:\Users\russel.mercado\source\repos\Yakult-System-New\Yakult.Inventory.App\Wpf\RequestPortal\WalkThrough\WpfPortalTourWindow.xaml.cs(109,13): error CS0103: The name 'DemoBanner' does not exist in the current context [C:\Users\russel.mercado\source\repos\Yakult-System-New\Yakult.Inventory.App\Yakult.Inventory.App.csproj]
C:\Users\russel.mercado\source\repos\Yakult-System-New\Yakult.Inventory.App\Wpf\RequestPortal\WalkThrough\WpfPortalTourWindow.xaml.cs(131,13): error CS0103: The name 'TitleText' does not exist in the current context [C:\Users\russel.mercado\source\repos\Yakult-System-New\Yakult.Inventory.App\Yakult.Inventory.App.csproj]
C:\Users\russel.mercado\source\repos\Yakult-System-New\Yakult.Inventory.App\Wpf\RequestPortal\WalkThrough\WpfPortalTourWindow.xaml.cs(132,35): error CS0103: The name 'DescriptionText' does not exist in the current context [C:\Users\russel.mercado\source\repos\Yakult-System-New\Yakult.Inventory.App\Yakult.Inventory.App.csproj]
C:\Users\russel.mercado\source\repos\Yakult-System-New\Yakult.Inventory.App\Wpf\RequestPortal\WalkThrough\WpfPortalTourWindow.xaml.cs(133,13): error CS0103: The name 'StepCounterText' does not exist in the current context [C:\Users\russel.mercado\source\repos\Yakult-System-New\Yakult.Inventory.App\Yakult.Inventory.App.csproj]
C:\Users\russel.mercado\source\repos\Yakult-System-New\Yakult.Inventory.App\Wpf\RequestPortal\WalkThrough\WpfPortalTourWindow.xaml.cs(134,13): error CS0103: The name 'DemoBanner' does not exist in the current context [C:\Users\russel.mercado\source\repos\Yakult-System-New\Yakult.Inventory.App\Yakult.Inventory.App.csproj]
C:\Users\russel.mercado\source\repos\Yakult-System-New\Yakult.Inventory.App\Wpf\RequestPortal\WalkThrough\WpfPortalTourWindow.xaml.cs(135,13): error CS0103: The name 'PopoverBorder' does not exist in the current context [C:\Users\russel.mercado\source\repos\Yakult-System-New\Yakult.Inventory.App\Yakult.Inventory.App.csproj]
C:\Users\russel.mercado\source\repos\Yakult-System-New\Yakult.Inventory.App\Wpf\RequestPortal\WalkThrough\WpfPortalTourWindow.xaml.cs(140,17): error CS0103: The name 'BulletList' does not exist in the current context [C:\Users\russel.mercado\source\repos\Yakult-System-New\Yakult.Inventory.App\Yakult.Inventory.App.csproj]
C:\Users\russel.mercado\source\repos\Yakult-System-New\Yakult.Inventory.App\Wpf\RequestPortal\WalkThrough\WpfPortalTourWindow.xaml.cs(141,17): error CS0103: The name 'BulletList' does not exist in the current context [C:\Users\russel.mercado\source\repos\Yakult-System-New\Yakult.Inventory.App\Yakult.Inventory.App.csproj]
C:\Users\russel.mercado\source\repos\Yakult-System-New\Yakult.Inventory.App\Wpf\RequestPortal\WalkThrough\WpfPortalTourWindow.xaml.cs(145,17): error CS0103: The name 'BulletList' does not exist in the current context [C:\Users\russel.mercado\source\repos\Yakult-System-New\Yakult.Inventory.App\Yakult.Inventory.App.csproj]
C:\Users\russel.mercado\source\repos\Yakult-System-New\Yakult.Inventory.App\Wpf\RequestPortal\WalkThrough\WpfPortalTourWindow.xaml.cs(146,17): error CS0103: The name 'BulletList' does not exist in the current context [C:\Users\russel.mercado\source\repos\Yakult-System-New\Yakult.Inventory.App\Yakult.Inventory.App.csproj]
C:\Users\russel.mercado\source\repos\Yakult-System-New\Yakult.Inventory.App\Wpf\RequestPortal\WalkThrough\WpfPortalTourWindow.xaml.cs(149,13): error CS0103: The name 'PrevButton' does not exist in the current context [C:\Users\russel.mercado\source\repos\Yakult-System-New\Yakult.Inventory.App\Yakult.Inventory.App.csproj]
C:\Users\russel.mercado\source\repos\Yakult-System-New\Yakult.Inventory.App\Wpf\RequestPortal\WalkThrough\WpfPortalTourWindow.xaml.cs(150,13): error CS0103: The name 'NextButton' does not exist in the current context [C:\Users\russel.mercado\source\repos\Yakult-System-New\Yakult.Inventory.App\Yakult.Inventory.App.csproj]
C:\Users\russel.mercado\source\repos\Yakult-System-New\Yakult.Inventory.App\Wpf\RequestPortal\WalkThrough\WpfPortalTourWindow.xaml.cs(151,13): error CS0103: The name 'NextButton' does not exist in the current context [C:\Users\russel.mercado\source\repos\Yakult-System-New\Yakult.Inventory.App\Yakult.Inventory.App.csproj]
C:\Users\russel.mercado\source\repos\Yakult-System-New\Yakult.Inventory.App\Wpf\RequestPortal\WalkThrough\WpfPortalTourWindow.xaml.cs(152,13): error CS0103: The name 'SkipButton' does not exist in the current context [C:\Users\russel.mercado\source\repos\Yakult-System-New\Yakult.Inventory.App\Yakult.Inventory.App.csproj]
C:\Users\russel.mercado\source\repos\Yakult-System-New\Yakult.Inventory.App\Wpf\RequestPortal\WalkThrough\WpfPortalTourWindow.xaml.cs(171,17): error CS0103: The name 'OverlayPath' does not exist in the current context [C:\Users\russel.mercado\source\repos\Yakult-System-New\Yakult.Inventory.App\Yakult.Inventory.App.csproj]
C:\Users\russel.mercado\source\repos\Yakult-System-New\Yakult.Inventory.App\Wpf\RequestPortal\WalkThrough\WpfPortalTourWindow.xaml.cs(172,17): error CS0103: The name 'HighlightRing' does not exist in the current context [C:\Users\russel.mercado\source\repos\Yakult-System-New\Yakult.Inventory.App\Yakult.Inventory.App.csproj]
C:\Users\russel.mercado\source\repos\Yakult-System-New\Yakult.Inventory.App\Wpf\RequestPortal\WalkThrough\WpfPortalTourWindow.xaml.cs(182,13): error CS0103: The name 'OverlayPath' does not exist in the current context [C:\Users\russel.mercado\source\repos\Yakult-System-New\Yakult.Inventory.App\Yakult.Inventory.App.csproj]
C:\Users\russel.mercado\source\repos\Yakult-System-New\Yakult.Inventory.App\Wpf\RequestPortal\WalkThrough\WpfPortalTourWindow.xaml.cs(190,13): error CS0103: The name 'HighlightRing' does not exist in the current context [C:\Users\russel.mercado\source\repos\Yakult-System-New\Yakult.Inventory.App\Yakult.Inventory.App.csproj]
C:\Users\russel.mercado\source\repos\Yakult-System-New\Yakult.Inventory.App\Wpf\RequestPortal\WalkThrough\WpfPortalTourWindow.xaml.cs(191,13): error CS0103: The name 'HighlightRing' does not exist in the current context [C:\Users\russel.mercado\source\repos\Yakult-System-New\Yakult.Inventory.App\Yakult.Inventory.App.csproj]
C:\Users\russel.mercado\source\repos\Yakult-System-New\Yakult.Inventory.App\Wpf\RequestPortal\WalkThrough\WpfPortalTourWindow.xaml.cs(192,13): error CS0103: The name 'HighlightRing' does not exist in the current context [C:\Users\russel.mercado\source\repos\Yakult-System-New\Yakult.Inventory.App\Yakult.Inventory.App.csproj]
C:\Users\russel.mercado\source\repos\Yakult-System-New\Yakult.Inventory.App\Wpf\RequestPortal\WalkThrough\WpfPortalTourWindow.xaml.cs(193,13): error CS0103: The name 'HighlightRing' does not exist in the current context [C:\Users\russel.mercado\source\repos\Yakult-System-New\Yakult.Inventory.App\Yakult.Inventory.App.csproj]
C:\Users\russel.mercado\source\repos\Yakult-System-New\Yakult.Inventory.App\Wpf\RequestPortal\WalkThrough\WpfPortalTourWindow.xaml.cs(194,13): error CS0103: The name 'HighlightRing' does not exist in the current context [C:\Users\russel.mercado\source\repos\Yakult-System-New\Yakult.Inventory.App\Yakult.Inventory.App.csproj]
C:\Users\russel.mercado\source\repos\Yakult-System-New\Yakult.Inventory.App\Wpf\RequestPortal\WalkThrough\WpfPortalTourWindow.xaml.cs(195,52): error CS0103: The name 'HighlightRing' does not exist in the current context [C:\Users\russel.mercado\source\repos\Yakult-System-New\Yakult.Inventory.App\Yakult.Inventory.App.csproj]
C:\Users\russel.mercado\source\repos\Yakult-System-New\Yakult.Inventory.App\Wpf\RequestPortal\WalkThrough\WpfPortalTourWindow.xaml.cs(196,51): error CS0103: The name 'HighlightRing' does not exist in the current context [C:\Users\russel.mercado\source\repos\Yakult-System-New\Yakult.Inventory.App\Yakult.Inventory.App.csproj]
C:\Users\russel.mercado\source\repos\Yakult-System-New\Yakult.Inventory.App\Wpf\RequestPortal\WalkThrough\WpfPortalTourWindow.xaml.cs(202,13): error CS0103: The name 'PopoverBorder' does not exist in the current context [C:\Users\russel.mercado\source\repos\Yakult-System-New\Yakult.Inventory.App\Yakult.Inventory.App.csproj]
C:\Users\russel.mercado\source\repos\Yakult-System-New\Yakult.Inventory.App\Wpf\RequestPortal\WalkThrough\WpfPortalTourWindow.xaml.cs(203,34): error CS0103: The name 'PopoverBorder' does not exist in the current context [C:\Users\russel.mercado\source\repos\Yakult-System-New\Yakult.Inventory.App\Yakult.Inventory.App.csproj]
C:\Users\russel.mercado\source\repos\Yakult-System-New\Yakult.Inventory.App\Wpf\RequestPortal\WalkThrough\WpfPortalTourWindow.xaml.cs(204,25): error CS0103: The name 'PopoverBorder' does not exist in the current context [C:\Users\russel.mercado\source\repos\Yakult-System-New\Yakult.Inventory.App\Yakult.Inventory.App.csproj]
C:\Users\russel.mercado\source\repos\Yakult-System-New\Yakult.Inventory.App\Wpf\RequestPortal\WalkThrough\WpfPortalTourWindow.xaml.cs(267,52): error CS0103: The name 'PopoverBorder' does not exist in the current context [C:\Users\russel.mercado\source\repos\Yakult-System-New\Yakult.Inventory.App\Yakult.Inventory.App.csproj]
C:\Users\russel.mercado\source\repos\Yakult-System-New\Yakult.Inventory.App\Wpf\RequestPortal\WalkThrough\WpfPortalTourWindow.xaml.cs(268,51): error CS0103: The name 'PopoverBorder' does not exist in the current context [C:\Users\russel.mercado\source\repos\Yakult-System-New\Yakult.Inventory.App\Yakult.Inventory.App.csproj]
C:\Users\russel.mercado\source\repos\Yakult-System-New\Yakult.Inventory.App\Wpf\RequestPortal\WalkThrough\WpfPortalTourWindow.xaml.cs(273,13): error CS0103: The name 'PopoverBorder' does not exist in the current context [C:\Users\russel.mercado\source\repos\Yakult-System-New\Yakult.Inventory.App\Yakult.Inventory.App.csproj]
C:\Users\russel.mercado\source\repos\Yakult-System-New\Yakult.Inventory.App\Wpf\RequestPortal\WalkThrough\WpfPortalTourWindow.xaml.cs(274,34): error CS0103: The name 'PopoverBorder' does not exist in the current context [C:\Users\russel.mercado\source\repos\Yakult-System-New\Yakult.Inventory.App\Yakult.Inventory.App.csproj]
C:\Users\russel.mercado\source\repos\Yakult-System-New\Yakult.Inventory.App\Wpf\RequestPortal\WalkThrough\WpfPortalTourWindow.xaml.cs(275,52): error CS0103: The name 'PopoverBorder' does not exist in the current context [C:\Users\russel.mercado\source\repos\Yakult-System-New\Yakult.Inventory.App\Yakult.Inventory.App.csproj]
C:\Users\russel.mercado\source\repos\Yakult-System-New\Yakult.Inventory.App\Wpf\RequestPortal\WalkThrough\WpfPortalTourWindow.xaml.cs(275,83): error CS0103: The name 'PopoverBorder' does not exist in the current context [C:\Users\russel.mercado\source\repos\Yakult-System-New\Yakult.Inventory.App\Yakult.Inventory.App.csproj]
C:\Users\russel.mercado\source\repos\Yakult-System-New\Yakult.Inventory.App\Wpf\RequestPortal\WalkThrough\WpfPortalTourWindow.xaml.cs(276,51): error CS0103: The name 'PopoverBorder' does not exist in the current context [C:\Users\russel.mercado\source\repos\Yakult-System-New\Yakult.Inventory.App\Yakult.Inventory.App.csproj]
C:\Users\russel.mercado\source\repos\Yakult-System-New\Yakult.Inventory.App\Wpf\Shared\Views\DocumentDateOverflowWindow.xaml.cs(22,13): error CS0103: The name 'InitializeComponent' does not exist in the current context [C:\Users\russel.mercado\source\repos\Yakult-System-New\Yakult.Inventory.App\Yakult.Inventory.App.csproj]
C:\Users\russel.mercado\source\repos\Yakult-System-New\Yakult.Inventory.App\Wpf\Admin\EmailManagement\Views\EmailLinkedRecordsDialog.xaml.cs(29,13): error CS0103: The name 'InitializeComponent' does not exist in the current context [C:\Users\russel.mercado\source\repos\Yakult-System-New\Yakult.Inventory.App\Yakult.Inventory.App.csproj]
C:\Users\russel.mercado\source\repos\Yakult-System-New\Yakult.Inventory.App\Wpf\Admin\EmailManagement\Views\EmailLinkedRecordsDialog.xaml.cs(34,13): error CS0103: The name 'LblHeader' does not exist in the current context [C:\Users\russel.mercado\source\repos\Yakult-System-New\Yakult.Inventory.App\Yakult.Inventory.App.csproj]
C:\Users\russel.mercado\source\repos\Yakult-System-New\Yakult.Inventory.App\Wpf\Admin\EmailManagement\Views\EmailLinkedRecordsDialog.xaml.cs(40,13): error CS0103: The name 'RefGrid' does not exist in the current context [C:\Users\russel.mercado\source\repos\Yakult-System-New\Yakult.Inventory.App\Yakult.Inventory.App.csproj]
C:\Users\russel.mercado\source\repos\Yakult-System-New\Yakult.Inventory.App\Wpf\Admin\EmailManagement\Views\EmailLinkedRecordsDialog.xaml.cs(46,13): error CS0103: The name 'SmtpWarnBox' does not exist in the current context [C:\Users\russel.mercado\source\repos\Yakult-System-New\Yakult.Inventory.App\Yakult.Inventory.App.csproj]
C:\Users\russel.mercado\source\repos\Yakult-System-New\Yakult.Inventory.App\Wpf\Admin\EmailManagement\Views\EmailLinkedRecordsDialog.xaml.cs(49,13): error CS0103: The name 'BtnUnlink' does not exist in the current context [C:\Users\russel.mercado\source\repos\Yakult-System-New\Yakult.Inventory.App\Yakult.Inventory.App.csproj]
C:\Users\russel.mercado\source\repos\Yakult-System-New\Yakult.Inventory.App\Wpf\Admin\EmailManagement\Views\EmailLinkedRecordsDialog.xaml.cs(50,13): error CS0103: The name 'BtnDelete' does not exist in the current context [C:\Users\russel.mercado\source\repos\Yakult-System-New\Yakult.Inventory.App\Yakult.Inventory.App.csproj]
C:\Users\russel.mercado\source\repos\Yakult-System-New\Yakult.Inventory.App\Wpf\Admin\EmailManagement\Views\EmailLinkedRecordsDialog.xaml.cs(51,13): error CS0103: The name 'LblStatus' does not exist in the current context [C:\Users\russel.mercado\source\repos\Yakult-System-New\Yakult.Inventory.App\Yakult.Inventory.App.csproj]
C:\Users\russel.mercado\source\repos\Yakult-System-New\Yakult.Inventory.App\Wpf\Admin\EmailManagement\Views\EmailLinkedRecordsDialog.xaml.cs(61,35): error CS0103: The name 'ChkDeleteSmtp' does not exist in the current context [C:\Users\russel.mercado\source\repos\Yakult-System-New\Yakult.Inventory.App\Yakult.Inventory.App.csproj]
C:\Users\russel.mercado\source\repos\Yakult-System-New\Yakult.Inventory.App\Wpf\Shared\Views\InputPromptWindow.xaml.cs(34,13): error CS0103: The name 'InitializeComponent' does not exist in the current context [C:\Users\russel.mercado\source\repos\Yakult-System-New\Yakult.Inventory.App\Yakult.Inventory.App.csproj]
C:\Users\russel.mercado\source\repos\Yakult-System-New\Yakult.Inventory.App\Wpf\Shared\Views\InputPromptWindow.xaml.cs(43,35): error CS0103: The name 'InputTextBox' does not exist in the current context [C:\Users\russel.mercado\source\repos\Yakult-System-New\Yakult.Inventory.App\Yakult.Inventory.App.csproj]
C:\Users\russel.mercado\source\repos\Yakult-System-New\Yakult.Inventory.App\Wpf\Shared\Views\InputPromptWindow.xaml.cs(43,57): error CS0103: The name 'InputTextBox' does not exist in the current context [C:\Users\russel.mercado\source\repos\Yakult-System-New\Yakult.Inventory.App\Yakult.Inventory.App.csproj]
C:\Users\russel.mercado\source\repos\Yakult-System-New\Yakult.Inventory.App\Wpf\Admin\EmailManagement\Views\EmailLinkedRecordsDialog.xaml.cs(171,13): error CS0103: The name 'BtnUnlink' does not exist in the current context [C:\Users\russel.mercado\source\repos\Yakult-System-New\Yakult.Inventory.App\Yakult.Inventory.App.csproj]
C:\Users\russel.mercado\source\repos\Yakult-System-New\Yakult.Inventory.App\Wpf\Admin\EmailManagement\Views\EmailLinkedRecordsDialog.xaml.cs(172,13): error CS0103: The name 'BtnDelete' does not exist in the current context [C:\Users\russel.mercado\source\repos\Yakult-System-New\Yakult.Inventory.App\Yakult.Inventory.App.csproj]
C:\Users\russel.mercado\source\repos\Yakult-System-New\Yakult.Inventory.App\Wpf\Admin\EmailManagement\Views\EmailLinkedRecordsDialog.xaml.cs(173,13): error CS0103: The name 'BtnDeactivate' does not exist in the current context [C:\Users\russel.mercado\source\repos\Yakult-System-New\Yakult.Inventory.App\Yakult.Inventory.App.csproj]
C:\Users\russel.mercado\source\repos\Yakult-System-New\Yakult.Inventory.App\Wpf\Admin\EmailManagement\Views\EmailLinkedRecordsDialog.xaml.cs(174,13): error CS0103: The name 'BtnClose' does not exist in the current context [C:\Users\russel.mercado\source\repos\Yakult-System-New\Yakult.Inventory.App\Yakult.Inventory.App.csproj]
C:\Users\russel.mercado\source\repos\Yakult-System-New\Yakult.Inventory.App\Wpf\Admin\EmailManagement\Views\TurnOffTemplatesDialog.xaml.cs(18,13): error CS0103: The name 'InitializeComponent' does not exist in the current context [C:\Users\russel.mercado\source\repos\Yakult-System-New\Yakult.Inventory.App\Yakult.Inventory.App.csproj]
C:\Users\russel.mercado\source\repos\Yakult-System-New\Yakult.Inventory.App\Wpf\Admin\EmailManagement\Views\TurnOffTemplatesDialog.xaml.cs(23,13): error CS0103: The name 'LstTemplates' does not exist in the current context [C:\Users\russel.mercado\source\repos\Yakult-System-New\Yakult.Inventory.App\Yakult.Inventory.App.csproj]
C:\Users\russel.mercado\source\repos\Yakult-System-New\Yakult.Inventory.App\Wpf\Admin\EmailManagement\Views\TurnOffTemplatesDialog.xaml.cs(31,16): error CS0103: The name 'LblSelectedCount' does not exist in the current context [C:\Users\russel.mercado\source\repos\Yakult-System-New\Yakult.Inventory.App\Yakult.Inventory.App.csproj]
C:\Users\russel.mercado\source\repos\Yakult-System-New\Yakult.Inventory.App\Wpf\Admin\EmailManagement\Views\ApplyProfileToTemplatesDialog.xaml.cs(22,13): error CS0103: The name 'InitializeComponent' does not exist in the current context [C:\Users\russel.mercado\source\repos\Yakult-System-New\Yakult.Inventory.App\Yakult.Inventory.App.csproj]
C:\Users\russel.mercado\source\repos\Yakult-System-New\Yakult.Inventory.App\Wpf\Admin\EmailManagement\Views\ApplyProfileToTemplatesDialog.xaml.cs(24,13): error CS0103: The name 'CboProfile' does not exist in the current context [C:\Users\russel.mercado\source\repos\Yakult-System-New\Yakult.Inventory.App\Yakult.Inventory.App.csproj]
C:\Users\russel.mercado\source\repos\Yakult-System-New\Yakult.Inventory.App\Wpf\Admin\EmailManagement\Views\ApplyProfileToTemplatesDialog.xaml.cs(25,13): error CS0103: The name 'CboProfile' does not exist in the current context [C:\Users\russel.mercado\source\repos\Yakult-System-New\Yakult.Inventory.App\Yakult.Inventory.App.csproj]
C:\Users\russel.mercado\source\repos\Yakult-System-New\Yakult.Inventory.App\Wpf\Admin\EmailManagement\Views\ApplyProfileToTemplatesDialog.xaml.cs(32,13): error CS0103: The name 'LstTemplates' does not exist in the current context [C:\Users\russel.mercado\source\repos\Yakult-System-New\Yakult.Inventory.App\Yakult.Inventory.App.csproj]
C:\Users\russel.mercado\source\repos\Yakult-System-New\Yakult.Inventory.App\Wpf\Admin\EmailManagement\Views\ApplyProfileToTemplatesDialog.xaml.cs(40,16): error CS0103: The name 'LblSelectedCount' does not exist in the current context [C:\Users\russel.mercado\source\repos\Yakult-System-New\Yakult.Inventory.App\Yakult.Inventory.App.csproj]
C:\Users\russel.mercado\source\repos\Yakult-System-New\Yakult.Inventory.App\Wpf\Admin\EmailManagement\Views\ApplyProfileToTemplatesDialog.xaml.cs(54,17): error CS0103: The name 'CboProfile' does not exist in the current context [C:\Users\russel.mercado\source\repos\Yakult-System-New\Yakult.Inventory.App\Yakult.Inventory.App.csproj]
C:\Users\russel.mercado\source\repos\Yakult-System-New\Yakult.Inventory.App\Wpf\Admin\EmailManagement\Views\ApplyProfileToTemplatesDialog.xaml.cs(67,53): error CS0103: The name 'CboProfile' does not exist in the current context [C:\Users\russel.mercado\source\repos\Yakult-System-New\Yakult.Inventory.App\Yakult.Inventory.App.csproj]
C:\Users\russel.mercado\source\repos\Yakult-System-New\Yakult.Inventory.App\Wpf\Shared\Controls\SelectedRowsReviewDialog.xaml.cs(38,13): error CS0103: The name 'InitializeComponent' does not exist in the current context [C:\Users\russel.mercado\source\repos\Yakult-System-New\Yakult.Inventory.App\Yakult.Inventory.App.csproj]
C:\Users\russel.mercado\source\repos\Yakult-System-New\Yakult.Inventory.App\Wpf\Shared\Controls\SelectedRowsReviewDialog.xaml.cs(41,13): error CS0103: The name 'TxtTitle' does not exist in the current context [C:\Users\russel.mercado\source\repos\Yakult-System-New\Yakult.Inventory.App\Yakult.Inventory.App.csproj]
C:\Users\russel.mercado\source\repos\Yakult-System-New\Yakult.Inventory.App\Wpf\Shared\Controls\SelectedRowsReviewDialog.xaml.cs(47,13): error CS0103: The name 'GridSelected' does not exist in the current context [C:\Users\russel.mercado\source\repos\Yakult-System-New\Yakult.Inventory.App\Yakult.Inventory.App.csproj]
C:\Users\russel.mercado\source\repos\Yakult-System-New\Yakult.Inventory.App\Wpf\Admin\EmailManagement\Views\EmailLogsView.xaml.cs(19,13): error CS0103: The name 'InitializeComponent' does not exist in the current context [C:\Users\russel.mercado\source\repos\Yakult-System-New\Yakult.Inventory.App\Yakult.Inventory.App.csproj]
C:\Users\russel.mercado\source\repos\Yakult-System-New\Yakult.Inventory.App\Wpf\Admin\EmailManagement\Views\EmailLogsView.xaml.cs(41,33): error CS0103: The name 'MainGrid' does not exist in the current context [C:\Users\russel.mercado\source\repos\Yakult-System-New\Yakult.Inventory.App\Yakult.Inventory.App.csproj]
C:\Users\russel.mercado\source\repos\Yakult-System-New\Yakult.Inventory.App\Wpf\Shared\Controls\SelectedRowsReviewDialog.xaml.cs(55,17): error CS0103: The name 'GridSelected' does not exist in the current context [C:\Users\russel.mercado\source\repos\Yakult-System-New\Yakult.Inventory.App\Yakult.Inventory.App.csproj]
C:\Users\russel.mercado\source\repos\Yakult-System-New\Yakult.Inventory.App\Wpf\Shared\Controls\SelectedRowsReviewDialog.xaml.cs(71,13): error CS0103: The name 'GridSelected' does not exist in the current context [C:\Users\russel.mercado\source\repos\Yakult-System-New\Yakult.Inventory.App\Yakult.Inventory.App.csproj]
C:\Users\russel.mercado\source\repos\Yakult-System-New\Yakult.Inventory.App\Wpf\Shared\Controls\SelectedRowsReviewDialog.xaml.cs(76,13): error CS0103: The name 'TxtSubtitle' does not exist in the current context [C:\Users\russel.mercado\source\repos\Yakult-System-New\Yakult.Inventory.App\Yakult.Inventory.App.csproj]
C:\Users\russel.mercado\source\repos\Yakult-System-New\Yakult.Inventory.App\Wpf\Shared\Controls\SelectedCountBadge.xaml.cs(54,13): error CS0103: The name 'InitializeComponent' does not exist in the current context [C:\Users\russel.mercado\source\repos\Yakult-System-New\Yakult.Inventory.App\Yakult.Inventory.App.csproj]
C:\Users\russel.mercado\source\repos\Yakult-System-New\Yakult.Inventory.App\Wpf\Shared\Controls\SelectedCountBadge.xaml.cs(61,19): error CS1061: 'SelectedCountBadge' does not contain a definition for 'RunCount' and no accessible extension method 'RunCount' accepting a first argument of type 'SelectedCountBadge' could be found (are you missing a using directive or an assembly reference?) [C:\Users\russel.mercado\source\repos\Yakult-System-New\Yakult.Inventory.App\Yakult.Inventory.App.csproj]
C:\Users\russel.mercado\source\repos\Yakult-System-New\Yakult.Inventory.App\Wpf\Admin\AccountManagement\Dialogs\ExportPreviewWindow.xaml.cs(17,13): error CS0103: The name 'InitializeComponent' does not exist in the current context [C:\Users\russel.mercado\source\repos\Yakult-System-New\Yakult.Inventory.App\Yakult.Inventory.App.csproj]
C:\Users\russel.mercado\source\repos\Yakult-System-New\Yakult.Inventory.App\Wpf\Admin\AccountManagement\Dialogs\ExportPreviewWindow.xaml.cs(20,13): error CS0103: The name 'TxtSubtitle' does not exist in the current context [C:\Users\russel.mercado\source\repos\Yakult-System-New\Yakult.Inventory.App\Yakult.Inventory.App.csproj]
C:\Users\russel.mercado\source\repos\Yakult-System-New\Yakult.Inventory.App\Wpf\Admin\AccountManagement\Dialogs\ExportPreviewWindow.xaml.cs(21,13): error CS0103: The name 'TxtSearch' does not exist in the current context [C:\Users\russel.mercado\source\repos\Yakult-System-New\Yakult.Inventory.App\Yakult.Inventory.App.csproj]
C:\Users\russel.mercado\source\repos\Yakult-System-New\Yakult.Inventory.App\Wpf\Admin\AccountManagement\Dialogs\ExportPreviewWindow.xaml.cs(23,13): error CS0103: The name 'GridPreview' does not exist in the current context [C:\Users\russel.mercado\source\repos\Yakult-System-New\Yakult.Inventory.App\Yakult.Inventory.App.csproj]
C:\Users\russel.mercado\source\repos\Yakult-System-New\Yakult.Inventory.App\Wpf\Shared\Controls\SelectedCountBadge.xaml.cs(68,19): error CS1061: 'SelectedCountBadge' does not contain a definition for 'RootToolTip' and no accessible extension method 'RootToolTip' accepting a first argument of type 'SelectedCountBadge' could be found (are you missing a using directive or an assembly reference?) [C:\Users\russel.mercado\source\repos\Yakult-System-New\Yakult.Inventory.App\Yakult.Inventory.App.csproj]
C:\Users\russel.mercado\source\repos\Yakult-System-New\Yakult.Inventory.App\Wpf\Admin\EmailManagement\Views\SmtpSendSettingsView.xaml.cs(17,13): error CS0103: The name 'InitializeComponent' does not exist in the current context [C:\Users\russel.mercado\source\repos\Yakult-System-New\Yakult.Inventory.App\Yakult.Inventory.App.csproj]
C:\Users\russel.mercado\source\repos\Yakult-System-New\Yakult.Inventory.App\Wpf\Admin\AccountManagement\Dialogs\ExportPreviewWindow.xaml.cs(45,13): error CS0103: The name 'TxtRowCount' does not exist in the current context [C:\Users\russel.mercado\source\repos\Yakult-System-New\Yakult.Inventory.App\Yakult.Inventory.App.csproj]
C:\Users\russel.mercado\source\repos\Yakult-System-New\Yakult.Inventory.App\Wpf\Admin\AccountManagement\Dialogs\ExportPreviewWindow.xaml.cs(51,35): error CS0103: The name 'TxtSearch' does not exist in the current context [C:\Users\russel.mercado\source\repos\Yakult-System-New\Yakult.Inventory.App\Yakult.Inventory.App.csproj]
C:\Users\russel.mercado\source\repos\Yakult-System-New\Yakult.Inventory.App\Wpf\Shared\Controls\PagingControl.xaml.cs(61,13): error CS0103: The name 'InitializeComponent' does not exist in the current context [C:\Users\russel.mercado\source\repos\Yakult-System-New\Yakult.Inventory.App\Yakult.Inventory.App.csproj]
C:\Users\russel.mercado\source\repos\Yakult-System-New\Yakult.Inventory.App\Wpf\Admin\AccountManagement\Dialogs\ExportFilterDialog.xaml.cs(38,13): error CS0103: The name 'InitializeComponent' does not exist in the current context [C:\Users\russel.mercado\source\repos\Yakult-System-New\Yakult.Inventory.App\Yakult.Inventory.App.csproj]
C:\Users\russel.mercado\source\repos\Yakult-System-New\Yakult.Inventory.App\Wpf\Admin\AccountManagement\Dialogs\ExportFilterDialog.xaml.cs(48,13): error CS0103: The name 'BranchList' does not exist in the current context [C:\Users\russel.mercado\source\repos\Yakult-System-New\Yakult.Inventory.App\Yakult.Inventory.App.csproj]
C:\Users\russel.mercado\source\repos\Yakult-System-New\Yakult.Inventory.App\Wpf\Admin\EmailManagement\Views\SmtpSendSettingsView.xaml.cs(49,17): error CS0103: The name 'LblGlobalStatus' does not exist in the current context [C:\Users\russel.mercado\source\repos\Yakult-System-New\Yakult.Inventory.App\Yakult.Inventory.App.csproj]
C:\Users\russel.mercado\source\repos\Yakult-System-New\Yakult.Inventory.App\Wpf\Admin\EmailManagement\Views\SmtpSendSettingsView.xaml.cs(50,17): error CS0103: The name 'LblGlobalStatus' does not exist in the current context [C:\Users\russel.mercado\source\repos\Yakult-System-New\Yakult.Inventory.App\Yakult.Inventory.App.csproj]
C:\Users\russel.mercado\source\repos\Yakult-System-New\Yakult.Inventory.App\Wpf\Admin\EmailManagement\Views\SmtpSendSettingsView.xaml.cs(51,17): error CS0103: The name 'BtnToggleGlobal' does not exist in the current context [C:\Users\russel.mercado\source\repos\Yakult-System-New\Yakult.Inventory.App\Yakult.Inventory.App.csproj]
C:\Users\russel.mercado\source\repos\Yakult-System-New\Yakult.Inventory.App\Wpf\Admin\EmailManagement\Views\SmtpSendSettingsView.xaml.cs(52,17): error CS0103: The name 'BtnToggleGlobal' does not exist in the current context [C:\Users\russel.mercado\source\repos\Yakult-System-New\Yakult.Inventory.App\Yakult.Inventory.App.csproj]
C:\Users\russel.mercado\source\repos\Yakult-System-New\Yakult.Inventory.App\Wpf\Admin\EmailManagement\Views\SmtpSendSettingsView.xaml.cs(53,17): error CS0103: The name 'GlobalToggleCard' does not exist in the current context [C:\Users\russel.mercado\source\repos\Yakult-System-New\Yakult.Inventory.App\Yakult.Inventory.App.csproj]
C:\Users\russel.mercado\source\repos\Yakult-System-New\Yakult.Inventory.App\Wpf\Admin\EmailManagement\Views\SmtpSendSettingsView.xaml.cs(57,17): error CS0103: The name 'LblGlobalStatus' does not exist in the current context [C:\Users\russel.mercado\source\repos\Yakult-System-New\Yakult.Inventory.App\Yakult.Inventory.App.csproj]
C:\Users\russel.mercado\source\repos\Yakult-System-New\Yakult.Inventory.App\Wpf\Admin\EmailManagement\Views\SmtpSendSettingsView.xaml.cs(58,17): error CS0103: The name 'LblGlobalStatus' does not exist in the current context [C:\Users\russel.mercado\source\repos\Yakult-System-New\Yakult.Inventory.App\Yakult.Inventory.App.csproj]
C:\Users\russel.mercado\source\repos\Yakult-System-New\Yakult.Inventory.App\Wpf\Admin\EmailManagement\Views\SmtpSendSettingsView.xaml.cs(59,17): error CS0103: The name 'BtnToggleGlobal' does not exist in the current context [C:\Users\russel.mercado\source\repos\Yakult-System-New\Yakult.Inventory.App\Yakult.Inventory.App.csproj]
C:\Users\russel.mercado\source\repos\Yakult-System-New\Yakult.Inventory.App\Wpf\Admin\EmailManagement\Views\SmtpSendSettingsView.xaml.cs(60,17): error CS0103: The name 'BtnToggleGlobal' does not exist in the current context [C:\Users\russel.mercado\source\repos\Yakult-System-New\Yakult.Inventory.App\Yakult.Inventory.App.csproj]
C:\Users\russel.mercado\source\repos\Yakult-System-New\Yakult.Inventory.App\Wpf\Admin\EmailManagement\Views\SmtpSendSettingsView.xaml.cs(61,17): error CS0103: The name 'GlobalToggleCard' does not exist in the current context [C:\Users\russel.mercado\source\repos\Yakult-System-New\Yakult.Inventory.App\Yakult.Inventory.App.csproj]
C:\Users\russel.mercado\source\repos\Yakult-System-New\Yakult.Inventory.App\Wpf\Admin\AccountManagement\Dialogs\ExportFilterDialog.xaml.cs(68,13): error CS0103: The name 'TxtBranchCount' does not exist in the current context [C:\Users\russel.mercado\source\repos\Yakult-System-New\Yakult.Inventory.App\Yakult.Inventory.App.csproj]
C:\Users\russel.mercado\source\repos\Yakult-System-New\Yakult.Inventory.App\Wpf\Admin\AccountManagement\Dialogs\ExportFilterDialog.xaml.cs(70,13): error CS0103: The name 'TxtMatchCount' does not exist in the current context [C:\Users\russel.mercado\source\repos\Yakult-System-New\Yakult.Inventory.App\Yakult.Inventory.App.csproj]
C:\Users\russel.mercado\source\repos\Yakult-System-New\Yakult.Inventory.App\Wpf\Admin\AccountManagement\Dialogs\ExportFilterDialog.xaml.cs(70,34): error CS0103: The name 'ChkIncludeArchived' does not exist in the current context [C:\Users\russel.mercado\source\repos\Yakult-System-New\Yakult.Inventory.App\Yakult.Inventory.App.csproj]
C:\Users\russel.mercado\source\repos\Yakult-System-New\Yakult.Inventory.App\Wpf\Admin\AccountManagement\Dialogs\ExportFilterDialog.xaml.cs(70,64): error CS0103: The name 'ChkIncludeArchived' does not exist in the current context [C:\Users\russel.mercado\source\repos\Yakult-System-New\Yakult.Inventory.App\Yakult.Inventory.App.csproj]
C:\Users\russel.mercado\source\repos\Yakult-System-New\Yakult.Inventory.App\Wpf\Admin\EmailManagement\Views\SmtpSendSettingsView.xaml.cs(81,13): error CS0103: The name 'BtnToggleGlobal' does not exist in the current context [C:\Users\russel.mercado\source\repos\Yakult-System-New\Yakult.Inventory.App\Yakult.Inventory.App.csproj]
C:\Users\russel.mercado\source\repos\Yakult-System-New\Yakult.Inventory.App\Wpf\Admin\EmailManagement\Views\SmtpSendSettingsView.xaml.cs(94,17): error CS0103: The name 'BtnToggleGlobal' does not exist in the current context [C:\Users\russel.mercado\source\repos\Yakult-System-New\Yakult.Inventory.App\Yakult.Inventory.App.csproj]
C:\Users\russel.mercado\source\repos\Yakult-System-New\Yakult.Inventory.App\Wpf\Admin\AccountManagement\Dialogs\ExportFilterDialog.xaml.cs(76,35): error CS0103: The name 'TxtSearch' does not exist in the current context [C:\Users\russel.mercado\source\repos\Yakult-System-New\Yakult.Inventory.App\Yakult.Inventory.App.csproj]
C:\Users\russel.mercado\source\repos\Yakult-System-New\Yakult.Inventory.App\Wpf\Admin\EmailManagement\Views\SmtpSendSettingsView.xaml.cs(116,13): error CS0103: The name 'BtnApplySome' does not exist in the current context [C:\Users\russel.mercado\source\repos\Yakult-System-New\Yakult.Inventory.App\Yakult.Inventory.App.csproj]
C:\Users\russel.mercado\source\repos\Yakult-System-New\Yakult.Inventory.App\Wpf\Admin\EmailManagement\Views\SmtpSendSettingsView.xaml.cs(120,17): error CS0103: The name 'GridTemplates' does not exist in the current context [C:\Users\russel.mercado\source\repos\Yakult-System-New\Yakult.Inventory.App\Yakult.Inventory.App.csproj]
C:\Users\russel.mercado\source\repos\Yakult-System-New\Yakult.Inventory.App\Wpf\Admin\EmailManagement\Views\SmtpSendSettingsView.xaml.cs(128,17): error CS0103: The name 'BtnApplySome' does not exist in the current context [C:\Users\russel.mercado\source\repos\Yakult-System-New\Yakult.Inventory.App\Yakult.Inventory.App.csproj]
C:\Users\russel.mercado\source\repos\Yakult-System-New\Yakult.Inventory.App\Wpf\Admin\AccountManagement\Views\DepartmentAccountsView.xaml.cs(23,13): error CS0103: The name 'InitializeComponent' does not exist in the current context [C:\Users\russel.mercado\source\repos\Yakult-System-New\Yakult.Inventory.App\Yakult.Inventory.App.csproj]
C:\Users\russel.mercado\source\repos\Yakult-System-New\Yakult.Inventory.App\Wpf\Admin\EmailManagement\Views\SmtpSendSettingsView.xaml.cs(142,13): error CS0103: The name 'BtnTurnOffSome' does not exist in the current context [C:\Users\russel.mercado\source\repos\Yakult-System-New\Yakult.Inventory.App\Yakult.Inventory.App.csproj]
C:\Users\russel.mercado\source\repos\Yakult-System-New\Yakult.Inventory.App\Wpf\Admin\EmailManagement\Views\SmtpSendSettingsView.xaml.cs(146,17): error CS0103: The name 'GridTemplates' does not exist in the current context [C:\Users\russel.mercado\source\repos\Yakult-System-New\Yakult.Inventory.App\Yakult.Inventory.App.csproj]
C:\Users\russel.mercado\source\repos\Yakult-System-New\Yakult.Inventory.App\Wpf\Admin\EmailManagement\Views\SmtpSendSettingsView.xaml.cs(154,17): error CS0103: The name 'BtnTurnOffSome' does not exist in the current context [C:\Users\russel.mercado\source\repos\Yakult-System-New\Yakult.Inventory.App\Yakult.Inventory.App.csproj]
C:\Users\russel.mercado\source\repos\Yakult-System-New\Yakult.Inventory.App\Wpf\Admin\AccountManagement\Views\DepartmentAccountsView.xaml.cs(41,33): error CS0103: The name 'MainGrid' does not exist in the current context [C:\Users\russel.mercado\source\repos\Yakult-System-New\Yakult.Inventory.App\Yakult.Inventory.App.csproj]
C:\Users\russel.mercado\source\repos\Yakult-System-New\Yakult.Inventory.App\Wpf\Admin\AccountManagement\Views\DepartmentAccountsView.xaml.cs(53,32): error CS0103: The name 'CboFilter' does not exist in the current context [C:\Users\russel.mercado\source\repos\Yakult-System-New\Yakult.Inventory.App\Yakult.Inventory.App.csproj]
C:\Users\russel.mercado\source\repos\Yakult-System-New\Yakult.Inventory.App\Wpf\Admin\AccountManagement\Views\DepartmentAccountsView.xaml.cs(54,47): error CS0103: The name 'CboFilter' does not exist in the current context [C:\Users\russel.mercado\source\repos\Yakult-System-New\Yakult.Inventory.App\Yakult.Inventory.App.csproj]
C:\Users\russel.mercado\source\repos\Yakult-System-New\Yakult.Inventory.App\Wpf\Admin\EmailManagement\Views\SmtpSendSettingsView.xaml.cs(190,17): error CS0103: The name 'GridTemplates' does not exist in the current context [C:\Users\russel.mercado\source\repos\Yakult-System-New\Yakult.Inventory.App\Yakult.Inventory.App.csproj]
C:\Users\russel.mercado\source\repos\Yakult-System-New\Yakult.Inventory.App\Wpf\Admin\EmailManagement\Views\SmtpSendSettingsView.xaml.cs(210,17): error CS0103: The name 'GridTemplates' does not exist in the current context [C:\Users\russel.mercado\source\repos\Yakult-System-New\Yakult.Inventory.App\Yakult.Inventory.App.csproj]
C:\Users\russel.mercado\source\repos\Yakult-System-New\Yakult.Inventory.App\Wpf\Admin\EmailManagement\Views\EmailConfigurationWindow.xaml.cs(15,13): error CS0103: The name 'InitializeComponent' does not exist in the current context [C:\Users\russel.mercado\source\repos\Yakult-System-New\Yakult.Inventory.App\Yakult.Inventory.App.csproj]
C:\Users\russel.mercado\source\repos\Yakult-System-New\Yakult.Inventory.App\Wpf\Admin\EmailManagement\Views\EmailConfigurationWindow.xaml.cs(27,13): error CS0103: The name 'EmailAddressesTab' does not exist in the current context [C:\Users\russel.mercado\source\repos\Yakult-System-New\Yakult.Inventory.App\Yakult.Inventory.App.csproj]
C:\Users\russel.mercado\source\repos\Yakult-System-New\Yakult.Inventory.App\Wpf\Admin\EmailManagement\Views\EmailConfigurationWindow.xaml.cs(28,13): error CS0103: The name 'EmailAddressesTab' does not exist in the current context [C:\Users\russel.mercado\source\repos\Yakult-System-New\Yakult.Inventory.App\Yakult.Inventory.App.csproj]
C:\Users\russel.mercado\source\repos\Yakult-System-New\Yakult.Inventory.App\Wpf\Admin\EmailManagement\Views\EmailConfigurationWindow.xaml.cs(30,13): error CS0103: The name 'SmtpProfilesTab' does not exist in the current context [C:\Users\russel.mercado\source\repos\Yakult-System-New\Yakult.Inventory.App\Yakult.Inventory.App.csproj]
C:\Users\russel.mercado\source\repos\Yakult-System-New\Yakult.Inventory.App\Wpf\Admin\EmailManagement\Views\EmailConfigurationWindow.xaml.cs(31,13): error CS0103: The name 'SmtpProfilesTab' does not exist in the current context [C:\Users\russel.mercado\source\repos\Yakult-System-New\Yakult.Inventory.App\Yakult.Inventory.App.csproj]
C:\Users\russel.mercado\source\repos\Yakult-System-New\Yakult.Inventory.App\Wpf\Admin\EmailManagement\Views\EmailConfigurationWindow.xaml.cs(33,13): error CS0103: The name 'EmailTemplatesTab' does not exist in the current context [C:\Users\russel.mercado\source\repos\Yakult-System-New\Yakult.Inventory.App\Yakult.Inventory.App.csproj]
C:\Users\russel.mercado\source\repos\Yakult-System-New\Yakult.Inventory.App\Wpf\Admin\EmailManagement\Views\EmailTemplatesTabView.xaml.cs(18,13): error CS0103: The name 'InitializeComponent' does not exist in the current context [C:\Users\russel.mercado\source\repos\Yakult-System-New\Yakult.Inventory.App\Yakult.Inventory.App.csproj]
C:\Users\russel.mercado\source\repos\Yakult-System-New\Yakult.Inventory.App\Wpf\Admin\AccountManagement\Views\EmployeeManagementView.xaml.cs(26,13): error CS0103: The name 'InitializeComponent' does not exist in the current context [C:\Users\russel.mercado\source\repos\Yakult-System-New\Yakult.Inventory.App\Yakult.Inventory.App.csproj]
C:\Users\russel.mercado\source\repos\Yakult-System-New\Yakult.Inventory.App\Wpf\Admin\EmailManagement\Views\EmailTemplatesTabView.xaml.cs(41,17): error CS0103: The name 'MainGrid' does not exist in the current context [C:\Users\russel.mercado\source\repos\Yakult-System-New\Yakult.Inventory.App\Yakult.Inventory.App.csproj]
C:\Users\russel.mercado\source\repos\Yakult-System-New\Yakult.Inventory.App\Wpf\Admin\AccountManagement\Dialogs\ExportFilterDialog.xaml.cs(101,31): error CS0103: The name 'ChkIncludeArchived' does not exist in the current context [C:\Users\russel.mercado\source\repos\Yakult-System-New\Yakult.Inventory.App\Yakult.Inventory.App.csproj]
C:\Users\russel.mercado\source\repos\Yakult-System-New\Yakult.Inventory.App\Wpf\Admin\AccountManagement\Views\EmployeeManagementView.xaml.cs(39,33): error CS0103: The name 'MainGrid' does not exist in the current context [C:\Users\russel.mercado\source\repos\Yakult-System-New\Yakult.Inventory.App\Yakult.Inventory.App.csproj]
C:\Users\russel.mercado\source\repos\Yakult-System-New\Yakult.Inventory.App\Wpf\Admin\AccountManagement\Views\EmployeeManagementView.xaml.cs(51,32): error CS0103: The name 'CboFilter' does not exist in the current context [C:\Users\russel.mercado\source\repos\Yakult-System-New\Yakult.Inventory.App\Yakult.Inventory.App.csproj]
C:\Users\russel.mercado\source\repos\Yakult-System-New\Yakult.Inventory.App\Wpf\Admin\AccountManagement\Views\EmployeeManagementView.xaml.cs(52,47): error CS0103: The name 'CboFilter' does not exist in the current context [C:\Users\russel.mercado\source\repos\Yakult-System-New\Yakult.Inventory.App\Yakult.Inventory.App.csproj]
C:\Users\russel.mercado\source\repos\Yakult-System-New\Yakult.Inventory.App\Wpf\Admin\AccountManagement\Dialogs\SelectedEmployeesReviewDialog.xaml.cs(18,13): error CS0103: The name 'InitializeComponent' does not exist in the current context [C:\Users\russel.mercado\source\repos\Yakult-System-New\Yakult.Inventory.App\Yakult.Inventory.App.csproj]
C:\Users\russel.mercado\source\repos\Yakult-System-New\Yakult.Inventory.App\Wpf\Admin\AccountManagement\Dialogs\SelectedEmployeesReviewDialog.xaml.cs(21,13): error CS0103: The name 'GridSelected' does not exist in the current context [C:\Users\russel.mercado\source\repos\Yakult-System-New\Yakult.Inventory.App\Yakult.Inventory.App.csproj]
C:\Users\russel.mercado\source\repos\Yakult-System-New\Yakult.Inventory.App\Wpf\Admin\AccountManagement\Dialogs\SelectedEmployeesReviewDialog.xaml.cs(27,13): error CS0103: The name 'TxtSubtitle' does not exist in the current context [C:\Users\russel.mercado\source\repos\Yakult-System-New\Yakult.Inventory.App\Yakult.Inventory.App.csproj]
C:\Users\russel.mercado\source\repos\Yakult-System-New\Yakult.Inventory.App\Wpf\Admin\EmailManagement\Views\EmailTemplatesTabView.xaml.cs(67,28): error CS0103: The name 'MainGrid' does not exist in the current context [C:\Users\russel.mercado\source\repos\Yakult-System-New\Yakult.Inventory.App\Yakult.Inventory.App.csproj]
C:\Users\russel.mercado\source\repos\Yakult-System-New\Yakult.Inventory.App\Wpf\Admin\EmailManagement\Views\EmailTemplatesTabView.xaml.cs(95,28): error CS0103: The name 'MainGrid' does not exist in the current context [C:\Users\russel.mercado\source\repos\Yakult-System-New\Yakult.Inventory.App\Yakult.Inventory.App.csproj]
C:\Users\russel.mercado\source\repos\Yakult-System-New\Yakult.Inventory.App\Wpf\Admin\EmailManagement\Views\SmtpProfilesTabView.xaml.cs(18,13): error CS0103: The name 'InitializeComponent' does not exist in the current context [C:\Users\russel.mercado\source\repos\Yakult-System-New\Yakult.Inventory.App\Yakult.Inventory.App.csproj]
C:\Users\russel.mercado\source\repos\Yakult-System-New\Yakult.Inventory.App\Wpf\Admin\EmailManagement\Views\SmtpProfilesTabView.xaml.cs(41,17): error CS0103: The name 'MainGrid' does not exist in the current context [C:\Users\russel.mercado\source\repos\Yakult-System-New\Yakult.Inventory.App\Yakult.Inventory.App.csproj]
C:\Users\russel.mercado\source\repos\Yakult-System-New\Yakult.Inventory.App\Wpf\Admin\AccountManagement\Dialogs\EmployeeImportSummaryWindow.xaml.cs(49,13): error CS0103: The name 'InitializeComponent' does not exist in the current context [C:\Users\russel.mercado\source\repos\Yakult-System-New\Yakult.Inventory.App\Yakult.Inventory.App.csproj]
C:\Users\russel.mercado\source\repos\Yakult-System-New\Yakult.Inventory.App\Wpf\Admin\AccountManagement\Dialogs\EmployeeImportSummaryWindow.xaml.cs(54,13): error CS0103: The name 'TxtSubtitle' does not exist in the current context [C:\Users\russel.mercado\source\repos\Yakult-System-New\Yakult.Inventory.App\Yakult.Inventory.App.csproj]
C:\Users\russel.mercado\source\repos\Yakult-System-New\Yakult.Inventory.App\Wpf\Admin\AccountManagement\Dialogs\EmployeeImportSummaryWindow.xaml.cs(56,13): error CS0103: The name 'TabAdd' does not exist in the current context [C:\Users\russel.mercado\source\repos\Yakult-System-New\Yakult.Inventory.App\Yakult.Inventory.App.csproj]
C:\Users\russel.mercado\source\repos\Yakult-System-New\Yakult.Inventory.App\Wpf\Admin\AccountManagement\Dialogs\EmployeeImportSummaryWindow.xaml.cs(57,13): error CS0103: The name 'TabUpdate' does not exist in the current context [C:\Users\russel.mercado\source\repos\Yakult-System-New\Yakult.Inventory.App\Yakult.Inventory.App.csproj]
C:\Users\russel.mercado\source\repos\Yakult-System-New\Yakult.Inventory.App\Wpf\Admin\AccountManagement\Dialogs\EmployeeImportSummaryWindow.xaml.cs(58,13): error CS0103: The name 'TabMissing' does not exist in the current context [C:\Users\russel.mercado\source\repos\Yakult-System-New\Yakult.Inventory.App\Yakult.Inventory.App.csproj]
C:\Users\russel.mercado\source\repos\Yakult-System-New\Yakult.Inventory.App\Wpf\Admin\AccountManagement\Dialogs\EmployeeImportSummaryWindow.xaml.cs(60,13): error CS0103: The name 'GridAdd' does not exist in the current context [C:\Users\russel.mercado\source\repos\Yakult-System-New\Yakult.Inventory.App\Yakult.Inventory.App.csproj]
C:\Users\russel.mercado\source\repos\Yakult-System-New\Yakult.Inventory.App\Wpf\Admin\AccountManagement\Dialogs\EmployeeImportSummaryWindow.xaml.cs(61,13): error CS0103: The name 'GridUpdate' does not exist in the current context [C:\Users\russel.mercado\source\repos\Yakult-System-New\Yakult.Inventory.App\Yakult.Inventory.App.csproj]
C:\Users\russel.mercado\source\repos\Yakult-System-New\Yakult.Inventory.App\Wpf\Admin\AccountManagement\Dialogs\EmployeeImportSummaryWindow.xaml.cs(78,13): error CS0103: The name 'GridMissing' does not exist in the current context [C:\Users\russel.mercado\source\repos\Yakult-System-New\Yakult.Inventory.App\Yakult.Inventory.App.csproj]
C:\Users\russel.mercado\source\repos\Yakult-System-New\Yakult.Inventory.App\Wpf\Admin\AccountManagement\Dialogs\EmployeeImportSummaryWindow.xaml.cs(88,17): error CS0103: The name 'TxtMissingCount' does not exist in the current context [C:\Users\russel.mercado\source\repos\Yakult-System-New\Yakult.Inventory.App\Yakult.Inventory.App.csproj]
C:\Users\russel.mercado\source\repos\Yakult-System-New\Yakult.Inventory.App\Wpf\Admin\AccountManagement\Dialogs\EmployeeImportSummaryWindow.xaml.cs(89,17): error CS0103: The name 'TxtFooterNote' does not exist in the current context [C:\Users\russel.mercado\source\repos\Yakult-System-New\Yakult.Inventory.App\Yakult.Inventory.App.csproj]
C:\Users\russel.mercado\source\repos\Yakult-System-New\Yakult.Inventory.App\Wpf\Admin\AccountManagement\Dialogs\EmployeeImportSummaryWindow.xaml.cs(93,13): error CS0103: The name 'TxtMissingCount' does not exist in the current context [C:\Users\russel.mercado\source\repos\Yakult-System-New\Yakult.Inventory.App\Yakult.Inventory.App.csproj]
C:\Users\russel.mercado\source\repos\Yakult-System-New\Yakult.Inventory.App\Wpf\Admin\AccountManagement\Dialogs\EmployeeImportSummaryWindow.xaml.cs(95,13): error CS0103: The name 'TxtFooterNote' does not exist in the current context [C:\Users\russel.mercado\source\repos\Yakult-System-New\Yakult.Inventory.App\Yakult.Inventory.App.csproj]
C:\Users\russel.mercado\source\repos\Yakult-System-New\Yakult.Inventory.App\Wpf\Admin\AccountManagement\Views\EmployeeManagementView.xaml.cs(110,28): error CS0103: The name 'MainGrid' does not exist in the current context [C:\Users\russel.mercado\source\repos\Yakult-System-New\Yakult.Inventory.App\Yakult.Inventory.App.csproj]
C:\Users\russel.mercado\source\repos\Yakult-System-New\Yakult.Inventory.App\Wpf\Admin\EmailManagement\Views\SmtpProfilesTabView.xaml.cs(66,28): error CS0103: The name 'MainGrid' does not exist in the current context [C:\Users\russel.mercado\source\repos\Yakult-System-New\Yakult.Inventory.App\Yakult.Inventory.App.csproj]
C:\Users\russel.mercado\source\repos\Yakult-System-New\Yakult.Inventory.App\Wpf\Admin\EmailManagement\Views\EmailAddressesTabView.xaml.cs(22,13): error CS0103: The name 'InitializeComponent' does not exist in the current context [C:\Users\russel.mercado\source\repos\Yakult-System-New\Yakult.Inventory.App\Yakult.Inventory.App.csproj]
C:\Users\russel.mercado\source\repos\Yakult-System-New\Yakult.Inventory.App\Wpf\Admin\AccountManagement\Views\DepartmentAccountsView.xaml.cs(337,33): error CS0103: The name 'MainGrid' does not exist in the current context [C:\Users\russel.mercado\source\repos\Yakult-System-New\Yakult.Inventory.App\Yakult.Inventory.App.csproj]
C:\Users\russel.mercado\source\repos\Yakult-System-New\Yakult.Inventory.App\Wpf\Admin\EmailManagement\Views\EmailAddressesTabView.xaml.cs(36,33): error CS0103: The name 'MainGrid' does not exist in the current context [C:\Users\russel.mercado\source\repos\Yakult-System-New\Yakult.Inventory.App\Yakult.Inventory.App.csproj]
C:\Users\russel.mercado\source\repos\Yakult-System-New\Yakult.Inventory.App\Wpf\Admin\AccountManagement\Views\ApproverManagementView.xaml.cs(19,13): error CS0103: The name 'InitializeComponent' does not exist in the current context [C:\Users\russel.mercado\source\repos\Yakult-System-New\Yakult.Inventory.App\Yakult.Inventory.App.csproj]
C:\Users\russel.mercado\source\repos\Yakult-System-New\Yakult.Inventory.App\Wpf\RepairPortal\Detail\Views\RepairPartCard.xaml.cs(21,13): error CS0103: The name 'InitializeComponent' does not exist in the current context [C:\Users\russel.mercado\source\repos\Yakult-System-New\Yakult.Inventory.App\Yakult.Inventory.App.csproj]
C:\Users\russel.mercado\source\repos\Yakult-System-New\Yakult.Inventory.App\Wpf\Admin\AccountManagement\Views\ApproverManagementView.xaml.cs(32,33): error CS0103: The name 'MainGrid' does not exist in the current context [C:\Users\russel.mercado\source\repos\Yakult-System-New\Yakult.Inventory.App\Yakult.Inventory.App.csproj]
C:\Users\russel.mercado\source\repos\Yakult-System-New\Yakult.Inventory.App\Wpf\Admin\EmailManagement\Views\EmailAddressesTabView.xaml.cs(102,28): error CS0103: The name 'MainGrid' does not exist in the current context [C:\Users\russel.mercado\source\repos\Yakult-System-New\Yakult.Inventory.App\Yakult.Inventory.App.csproj]
C:\Users\russel.mercado\source\repos\Yakult-System-New\Yakult.Inventory.App\Wpf\CartridgeManagement\Dialogs\FulfilledCartridgeDetailDialog.xaml.cs(10,13): error CS0103: The name 'InitializeComponent' does not exist in the current context [C:\Users\russel.mercado\source\repos\Yakult-System-New\Yakult.Inventory.App\Yakult.Inventory.App.csproj]
C:\Users\russel.mercado\source\repos\Yakult-System-New\Yakult.Inventory.App\Wpf\CartridgeManagement\Dialogs\FulfilledCartridgeDetailDialog.xaml.cs(12,13): error CS0103: The name 'TxtTitle' does not exist in the current context [C:\Users\russel.mercado\source\repos\Yakult-System-New\Yakult.Inventory.App\Yakult.Inventory.App.csproj]
C:\Users\russel.mercado\source\repos\Yakult-System-New\Yakult.Inventory.App\Wpf\CartridgeManagement\Dialogs\FulfilledCartridgeDetailDialog.xaml.cs(13,13): error CS0103: The name 'TxtSetCode' does not exist in the current context [C:\Users\russel.mercado\source\repos\Yakult-System-New\Yakult.Inventory.App\Yakult.Inventory.App.csproj]
C:\Users\russel.mercado\source\repos\Yakult-System-New\Yakult.Inventory.App\Wpf\CartridgeManagement\Dialogs\FulfilledCartridgeDetailDialog.xaml.cs(14,13): error CS0103: The name 'TxtFulfilledAt' does not exist in the current context [C:\Users\russel.mercado\source\repos\Yakult-System-New\Yakult.Inventory.App\Yakult.Inventory.App.csproj]
C:\Users\russel.mercado\source\repos\Yakult-System-New\Yakult.Inventory.App\Wpf\CartridgeManagement\Dialogs\FulfilledCartridgeDetailDialog.xaml.cs(15,13): error CS0103: The name 'TxtRequester' does not exist in the current context [C:\Users\russel.mercado\source\repos\Yakult-System-New\Yakult.Inventory.App\Yakult.Inventory.App.csproj]
C:\Users\russel.mercado\source\repos\Yakult-System-New\Yakult.Inventory.App\Wpf\CartridgeManagement\Dialogs\FulfilledCartridgeDetailDialog.xaml.cs(16,13): error CS0103: The name 'TxtReceivedBy' does not exist in the current context [C:\Users\russel.mercado\source\repos\Yakult-System-New\Yakult.Inventory.App\Yakult.Inventory.App.csproj]
C:\Users\russel.mercado\source\repos\Yakult-System-New\Yakult.Inventory.App\Wpf\CartridgeManagement\Dialogs\FulfilledCartridgeDetailDialog.xaml.cs(17,13): error CS0103: The name 'TxtCompany' does not exist in the current context [C:\Users\russel.mercado\source\repos\Yakult-System-New\Yakult.Inventory.App\Yakult.Inventory.App.csproj]
C:\Users\russel.mercado\source\repos\Yakult-System-New\Yakult.Inventory.App\Wpf\CartridgeManagement\Dialogs\FulfilledCartridgeDetailDialog.xaml.cs(18,13): error CS0103: The name 'TxtBranch' does not exist in the current context [C:\Users\russel.mercado\source\repos\Yakult-System-New\Yakult.Inventory.App\Yakult.Inventory.App.csproj]
C:\Users\russel.mercado\source\repos\Yakult-System-New\Yakult.Inventory.App\Wpf\CartridgeManagement\Dialogs\FulfilledCartridgeDetailDialog.xaml.cs(19,13): error CS0103: The name 'TxtDepartment' does not exist in the current context [C:\Users\russel.mercado\source\repos\Yakult-System-New\Yakult.Inventory.App\Yakult.Inventory.App.csproj]
C:\Users\russel.mercado\source\repos\Yakult-System-New\Yakult.Inventory.App\Wpf\CartridgeManagement\Dialogs\FulfilledCartridgeDetailDialog.xaml.cs(20,13): error CS0103: The name 'TxtTotalIssuedQty' does not exist in the current context [C:\Users\russel.mercado\source\repos\Yakult-System-New\Yakult.Inventory.App\Yakult.Inventory.App.csproj]
C:\Users\russel.mercado\source\repos\Yakult-System-New\Yakult.Inventory.App\Wpf\CartridgeManagement\Dialogs\FulfilledCartridgeDetailDialog.xaml.cs(22,13): error CS0103: The name 'ModelsGrid' does not exist in the current context [C:\Users\russel.mercado\source\repos\Yakult-System-New\Yakult.Inventory.App\Yakult.Inventory.App.csproj]
C:\Users\russel.mercado\source\repos\Yakult-System-New\Yakult.Inventory.App\Wpf\CartridgeManagement\Dialogs\FulfilledCartridgeDetailDialog.xaml.cs(23,13): error CS0103: The name 'TxtEmptyState' does not exist in the current context [C:\Users\russel.mercado\source\repos\Yakult-System-New\Yakult.Inventory.App\Yakult.Inventory.App.csproj]
C:\Users\russel.mercado\source\repos\Yakult-System-New\Yakult.Inventory.App\Wpf\Admin\EmailManagement\Views\EmailAddressesTabView.xaml.cs(128,28): error CS0103: The name 'MainGrid' does not exist in the current context [C:\Users\russel.mercado\source\repos\Yakult-System-New\Yakult.Inventory.App\Yakult.Inventory.App.csproj]
C:\Users\russel.mercado\source\repos\Yakult-System-New\Yakult.Inventory.App\Wpf\Admin\EmailManagement\Views\EmailAddressesTabView.xaml.cs(178,28): error CS0103: The name 'MainGrid' does not exist in the current context [C:\Users\russel.mercado\source\repos\Yakult-System-New\Yakult.Inventory.App\Yakult.Inventory.App.csproj]
C:\Users\russel.mercado\source\repos\Yakult-System-New\Yakult.Inventory.App\Wpf\Admin\EmailManagement\Views\EmailAddressesTabView.xaml.cs(244,33): error CS0103: The name 'MainGrid' does not exist in the current context [C:\Users\russel.mercado\source\repos\Yakult-System-New\Yakult.Inventory.App\Yakult.Inventory.App.csproj]
C:\Users\russel.mercado\source\repos\Yakult-System-New\Yakult.Inventory.App\Wpf\CartridgeManagement\Dialogs\PrepareTransmittalDialog.xaml.cs(31,13): error CS0103: The name 'InitializeComponent' does not exist in the current context [C:\Users\russel.mercado\source\repos\Yakult-System-New\Yakult.Inventory.App\Yakult.Inventory.App.csproj]
C:\Users\russel.mercado\source\repos\Yakult-System-New\Yakult.Inventory.App\Wpf\CartridgeManagement\Dialogs\PrepareTransmittalDialog.xaml.cs(42,17): error CS0103: The name '_receivedByCombo' does not exist in the current context [C:\Users\russel.mercado\source\repos\Yakult-System-New\Yakult.Inventory.App\Yakult.Inventory.App.csproj]
C:\Users\russel.mercado\source\repos\Yakult-System-New\Yakult.Inventory.App\Wpf\CartridgeManagement\Dialogs\PrepareTransmittalDialog.xaml.cs(44,17): error CS0103: The name '_receivedByCombo' does not exist in the current context [C:\Users\russel.mercado\source\repos\Yakult-System-New\Yakult.Inventory.App\Yakult.Inventory.App.csproj]
C:\Users\russel.mercado\source\repos\Yakult-System-New\Yakult.Inventory.App\Wpf\CartridgeManagement\Dialogs\PrepareTransmittalDialog.xaml.cs(47,17): error CS0103: The name '_notedByCombo' does not exist in the current context [C:\Users\russel.mercado\source\repos\Yakult-System-New\Yakult.Inventory.App\Yakult.Inventory.App.csproj]
C:\Users\russel.mercado\source\repos\Yakult-System-New\Yakult.Inventory.App\Wpf\CartridgeManagement\Dialogs\PrepareTransmittalDialog.xaml.cs(49,17): error CS0103: The name '_notedByCombo' does not exist in the current context [C:\Users\russel.mercado\source\repos\Yakult-System-New\Yakult.Inventory.App\Yakult.Inventory.App.csproj]
C:\Users\russel.mercado\source\repos\Yakult-System-New\Yakult.Inventory.App\Wpf\CartridgeManagement\Dialogs\PrepareTransmittalDialog.xaml.cs(52,17): error CS0103: The name '_approvedByCombo' does not exist in the current context [C:\Users\russel.mercado\source\repos\Yakult-System-New\Yakult.Inventory.App\Yakult.Inventory.App.csproj]
C:\Users\russel.mercado\source\repos\Yakult-System-New\Yakult.Inventory.App\Wpf\CartridgeManagement\Dialogs\PrepareTransmittalDialog.xaml.cs(54,17): error CS0103: The name '_approvedByCombo' does not exist in the current context [C:\Users\russel.mercado\source\repos\Yakult-System-New\Yakult.Inventory.App\Yakult.Inventory.App.csproj]
C:\Users\russel.mercado\source\repos\Yakult-System-New\Yakult.Inventory.App\Wpf\CartridgeManagement\Dialogs\PrepareTransmittalDialog.xaml.cs(61,17): error CS0103: The name '_receivedByCombo' does not exist in the current context [C:\Users\russel.mercado\source\repos\Yakult-System-New\Yakult.Inventory.App\Yakult.Inventory.App.csproj]
C:\Users\russel.mercado\source\repos\Yakult-System-New\Yakult.Inventory.App\Wpf\CartridgeManagement\Dialogs\PrepareTransmittalDialog.xaml.cs(62,17): error CS0103: The name '_notedByCombo' does not exist in the current context [C:\Users\russel.mercado\source\repos\Yakult-System-New\Yakult.Inventory.App\Yakult.Inventory.App.csproj]
C:\Users\russel.mercado\source\repos\Yakult-System-New\Yakult.Inventory.App\Wpf\CartridgeManagement\Dialogs\PrepareTransmittalDialog.xaml.cs(63,17): error CS0103: The name '_approvedByCombo' does not exist in the current context [C:\Users\russel.mercado\source\repos\Yakult-System-New\Yakult.Inventory.App\Yakult.Inventory.App.csproj]
C:\Users\russel.mercado\source\repos\Yakult-System-New\Yakult.Inventory.App\Wpf\CartridgeManagement\Dialogs\PrepareTransmittalDialog.xaml.cs(96,36): error CS0103: The name '_notedByCombo' does not exist in the current context [C:\Users\russel.mercado\source\repos\Yakult-System-New\Yakult.Inventory.App\Yakult.Inventory.App.csproj]
C:\Users\russel.mercado\source\repos\Yakult-System-New\Yakult.Inventory.App\Wpf\CartridgeManagement\Dialogs\PrepareTransmittalDialog.xaml.cs(97,48): error CS0103: The name '_notedByCombo' does not exist in the current context [C:\Users\russel.mercado\source\repos\Yakult-System-New\Yakult.Inventory.App\Yakult.Inventory.App.csproj]
C:\Users\russel.mercado\source\repos\Yakult-System-New\Yakult.Inventory.App\Wpf\CartridgeManagement\Dialogs\PrepareTransmittalDialog.xaml.cs(97,85): error CS0103: The name '_notedByCombo' does not exist in the current context [C:\Users\russel.mercado\source\repos\Yakult-System-New\Yakult.Inventory.App\Yakult.Inventory.App.csproj]
C:\Users\russel.mercado\source\repos\Yakult-System-New\Yakult.Inventory.App\Wpf\CartridgeManagement\Dialogs\PrepareTransmittalDialog.xaml.cs(105,39): error CS0103: The name '_approvedByCombo' does not exist in the current context [C:\Users\russel.mercado\source\repos\Yakult-System-New\Yakult.Inventory.App\Yakult.Inventory.App.csproj]
C:\Users\russel.mercado\source\repos\Yakult-System-New\Yakult.Inventory.App\Wpf\CartridgeManagement\Dialogs\PrepareTransmittalDialog.xaml.cs(106,48): error CS0103: The name '_approvedByCombo' does not exist in the current context [C:\Users\russel.mercado\source\repos\Yakult-System-New\Yakult.Inventory.App\Yakult.Inventory.App.csproj]
C:\Users\russel.mercado\source\repos\Yakult-System-New\Yakult.Inventory.App\Wpf\CartridgeManagement\Dialogs\PrepareTransmittalDialog.xaml.cs(106,88): error CS0103: The name '_approvedByCombo' does not exist in the current context [C:\Users\russel.mercado\source\repos\Yakult-System-New\Yakult.Inventory.App\Yakult.Inventory.App.csproj]
C:\Users\russel.mercado\source\repos\Yakult-System-New\Yakult.Inventory.App\Wpf\CartridgeManagement\Dialogs\PrepareTransmittalDialog.xaml.cs(114,39): error CS0103: The name '_receivedByCombo' does not exist in the current context [C:\Users\russel.mercado\source\repos\Yakult-System-New\Yakult.Inventory.App\Yakult.Inventory.App.csproj]
C:\Users\russel.mercado\source\repos\Yakult-System-New\Yakult.Inventory.App\Wpf\CartridgeManagement\Dialogs\PrepareTransmittalDialog.xaml.cs(115,48): error CS0103: The name '_receivedByCombo' does not exist in the current context [C:\Users\russel.mercado\source\repos\Yakult-System-New\Yakult.Inventory.App\Yakult.Inventory.App.csproj]
C:\Users\russel.mercado\source\repos\Yakult-System-New\Yakult.Inventory.App\Wpf\CartridgeManagement\Dialogs\PrepareTransmittalDialog.xaml.cs(115,88): error CS0103: The name '_receivedByCombo' does not exist in the current context [C:\Users\russel.mercado\source\repos\Yakult-System-New\Yakult.Inventory.App\Yakult.Inventory.App.csproj]
C:\Users\russel.mercado\source\repos\Yakult-System-New\Yakult.Inventory.App\Wpf\RepairPortal\Detail\Views\ReportedProblemControl.xaml.cs(52,13): error CS0103: The name 'InitializeComponent' does not exist in the current context [C:\Users\russel.mercado\source\repos\Yakult-System-New\Yakult.Inventory.App\Yakult.Inventory.App.csproj]
C:\Users\russel.mercado\source\repos\Yakult-System-New\Yakult.Inventory.App\Wpf\Admin\AccountManagement\Dialogs\EmployeeImportPreviewWindow.xaml.cs(38,13): error CS0103: The name 'InitializeComponent' does not exist in the current context [C:\Users\russel.mercado\source\repos\Yakult-System-New\Yakult.Inventory.App\Yakult.Inventory.App.csproj]
C:\Users\russel.mercado\source\repos\Yakult-System-New\Yakult.Inventory.App\Wpf\Admin\AccountManagement\Dialogs\EmployeeImportPreviewWindow.xaml.cs(41,13): error CS0103: The name 'TxtFileName' does not exist in the current context [C:\Users\russel.mercado\source\repos\Yakult-System-New\Yakult.Inventory.App\Yakult.Inventory.App.csproj]
C:\Users\russel.mercado\source\repos\Yakult-System-New\Yakult.Inventory.App\Wpf\Admin\AccountManagement\Dialogs\EmployeeImportPreviewWindow.xaml.cs(83,13): error CS0103: The name 'GridImport' does not exist in the current context [C:\Users\russel.mercado\source\repos\Yakult-System-New\Yakult.Inventory.App\Yakult.Inventory.App.csproj]
C:\Users\russel.mercado\source\repos\Yakult-System-New\Yakult.Inventory.App\Wpf\Admin\AccountManagement\Dialogs\EmployeeImportPreviewWindow.xaml.cs(84,13): error CS0103: The name 'GridExisting' does not exist in the current context [C:\Users\russel.mercado\source\repos\Yakult-System-New\Yakult.Inventory.App\Yakult.Inventory.App.csproj]
C:\Users\russel.mercado\source\repos\Yakult-System-New\Yakult.Inventory.App\Wpf\Admin\AccountManagement\Views\ApproverManagementView.xaml.cs(96,33): error CS0103: The name 'MainGrid' does not exist in the current context [C:\Users\russel.mercado\source\repos\Yakult-System-New\Yakult.Inventory.App\Yakult.Inventory.App.csproj]
C:\Users\russel.mercado\source\repos\Yakult-System-New\Yakult.Inventory.App\Wpf\Admin\AccountManagement\Dialogs\EmployeeImportPreviewWindow.xaml.cs(103,13): error CS0103: The name 'TxtSummary' does not exist in the current context [C:\Users\russel.mercado\source\repos\Yakult-System-New\Yakult.Inventory.App\Yakult.Inventory.App.csproj]
C:\Users\russel.mercado\source\repos\Yakult-System-New\Yakult.Inventory.App\Wpf\Admin\AccountManagement\Views\UserAccountManagementView.xaml.cs(22,13): error CS0103: The name 'InitializeComponent' does not exist in the current context [C:\Users\russel.mercado\source\repos\Yakult-System-New\Yakult.Inventory.App\Yakult.Inventory.App.csproj]
C:\Users\russel.mercado\source\repos\Yakult-System-New\Yakult.Inventory.App\Wpf\Admin\AccountManagement\Dialogs\EmployeeImportPreviewWindow.xaml.cs(108,28): error CS0103: The name 'TxtSearchImport' does not exist in the current context [C:\Users\russel.mercado\source\repos\Yakult-System-New\Yakult.Inventory.App\Yakult.Inventory.App.csproj]
C:\Users\russel.mercado\source\repos\Yakult-System-New\Yakult.Inventory.App\Wpf\Admin\AccountManagement\Views\UserAccountManagementView.xaml.cs(35,33): error CS0103: The name 'MainGrid' does not exist in the current context [C:\Users\russel.mercado\source\repos\Yakult-System-New\Yakult.Inventory.App\Yakult.Inventory.App.csproj]
C:\Users\russel.mercado\source\repos\Yakult-System-New\Yakult.Inventory.App\Wpf\Admin\AccountManagement\Views\UserAccountManagementView.xaml.cs(47,32): error CS0103: The name 'CboFilter' does not exist in the current context [C:\Users\russel.mercado\source\repos\Yakult-System-New\Yakult.Inventory.App\Yakult.Inventory.App.csproj]
C:\Users\russel.mercado\source\repos\Yakult-System-New\Yakult.Inventory.App\Wpf\Admin\AccountManagement\Views\UserAccountManagementView.xaml.cs(48,47): error CS0103: The name 'CboFilter' does not exist in the current context [C:\Users\russel.mercado\source\repos\Yakult-System-New\Yakult.Inventory.App\Yakult.Inventory.App.csproj]
C:\Users\russel.mercado\source\repos\Yakult-System-New\Yakult.Inventory.App\Wpf\Admin\AccountManagement\Views\UserAccountManagementView.xaml.cs(53,17): error CS0103: The name 'MainGrid' does not exist in the current context [C:\Users\russel.mercado\source\repos\Yakult-System-New\Yakult.Inventory.App\Yakult.Inventory.App.csproj]
C:\Users\russel.mercado\source\repos\Yakult-System-New\Yakult.Inventory.App\Wpf\Admin\AccountManagement\Dialogs\EmployeeImportPreviewWindow.xaml.cs(123,28): error CS0103: The name 'TxtSearchExisting' does not exist in the current context [C:\Users\russel.mercado\source\repos\Yakult-System-New\Yakult.Inventory.App\Yakult.Inventory.App.csproj]
C:\Users\russel.mercado\source\repos\Yakult-System-New\Yakult.Inventory.App\Wpf\Admin\AccountManagement\Dialogs\EmployeeImportPreviewWindow.xaml.cs(138,19): error CS0103: The name 'GridImport' does not exist in the current context [C:\Users\russel.mercado\source\repos\Yakult-System-New\Yakult.Inventory.App\Yakult.Inventory.App.csproj]
C:\Users\russel.mercado\source\repos\Yakult-System-New\Yakult.Inventory.App\Wpf\Admin\AccountManagement\Dialogs\EmployeeImportPreviewWindow.xaml.cs(141,13): error CS0103: The name 'GridExisting' does not exist in the current context [C:\Users\russel.mercado\source\repos\Yakult-System-New\Yakult.Inventory.App\Yakult.Inventory.App.csproj]
C:\Users\russel.mercado\source\repos\Yakult-System-New\Yakult.Inventory.App\Wpf\Admin\AccountManagement\Dialogs\EmployeeImportPreviewWindow.xaml.cs(142,13): error CS0103: The name 'GridExisting' does not exist in the current context [C:\Users\russel.mercado\source\repos\Yakult-System-New\Yakult.Inventory.App\Yakult.Inventory.App.csproj]
C:\Users\russel.mercado\source\repos\Yakult-System-New\Yakult.Inventory.App\Wpf\Admin\AccountManagement\Views\UserAccountManagementView.xaml.cs(68,28): error CS0103: The name 'MainGrid' does not exist in the current context [C:\Users\russel.mercado\source\repos\Yakult-System-New\Yakult.Inventory.App\Yakult.Inventory.App.csproj]
C:\Users\russel.mercado\source\repos\Yakult-System-New\Yakult.Inventory.App\Wpf\Admin\AccountManagement\Views\UserAccountManagementView.xaml.cs(86,28): error CS0103: The name 'MainGrid' does not exist in the current context [C:\Users\russel.mercado\source\repos\Yakult-System-New\Yakult.Inventory.App\Yakult.Inventory.App.csproj]
C:\Users\russel.mercado\source\repos\Yakult-System-New\Yakult.Inventory.App\Wpf\Admin\AccountManagement\Views\UserAccountManagementView.xaml.cs(123,28): error CS0103: The name 'MainGrid' does not exist in the current context [C:\Users\russel.mercado\source\repos\Yakult-System-New\Yakult.Inventory.App\Yakult.Inventory.App.csproj]
C:\Users\russel.mercado\source\repos\Yakult-System-New\Yakult.Inventory.App\Wpf\RepairPortal\Detail\Views\NoteThreadControl.xaml.cs(41,13): error CS0103: The name 'InitializeComponent' does not exist in the current context [C:\Users\russel.mercado\source\repos\Yakult-System-New\Yakult.Inventory.App\Yakult.Inventory.App.csproj]
C:\Users\russel.mercado\source\repos\Yakult-System-New\Yakult.Inventory.App\Wpf\Admin\AccountManagement\Views\UserAccountManagementView.xaml.cs(139,28): error CS0103: The name 'MainGrid' does not exist in the current context [C:\Users\russel.mercado\source\repos\Yakult-System-New\Yakult.Inventory.App\Yakult.Inventory.App.csproj]
C:\Users\russel.mercado\source\repos\Yakult-System-New\Yakult.Inventory.App\Wpf\Admin\AccountManagement\Dialogs\EmployeeImportPreviewWindow.xaml.cs(179,59): error CS0103: The name 'TxtFileName' does not exist in the current context [C:\Users\russel.mercado\source\repos\Yakult-System-New\Yakult.Inventory.App\Yakult.Inventory.App.csproj]
C:\Users\russel.mercado\source\repos\Yakult-System-New\Yakult.Inventory.App\Wpf\Admin\AccountManagement\Views\UserAccountManagementView.xaml.cs(194,33): error CS0103: The name 'MainGrid' does not exist in the current context [C:\Users\russel.mercado\source\repos\Yakult-System-New\Yakult.Inventory.App\Yakult.Inventory.App.csproj]
C:\Users\russel.mercado\source\repos\Yakult-System-New\Yakult.Inventory.App\Wpf\Admin\AccountManagement\Dialogs\ColumnFilterWindow.xaml.cs(36,13): error CS0103: The name 'InitializeComponent' does not exist in the current context [C:\Users\russel.mercado\source\repos\Yakult-System-New\Yakult.Inventory.App\Yakult.Inventory.App.csproj]
C:\Users\russel.mercado\source\repos\Yakult-System-New\Yakult.Inventory.App\Wpf\Admin\AccountManagement\Dialogs\ColumnFilterWindow.xaml.cs(37,13): error CS0103: The name 'TxtHeader' does not exist in the current context [C:\Users\russel.mercado\source\repos\Yakult-System-New\Yakult.Inventory.App\Yakult.Inventory.App.csproj]
C:\Users\russel.mercado\source\repos\Yakult-System-New\Yakult.Inventory.App\Wpf\Admin\AccountManagement\Dialogs\ColumnFilterWindow.xaml.cs(47,13): error CS0103: The name 'FilterList' does not exist in the current context [C:\Users\russel.mercado\source\repos\Yakult-System-New\Yakult.Inventory.App\Yakult.Inventory.App.csproj]
C:\Users\russel.mercado\source\repos\Yakult-System-New\Yakult.Inventory.App\Wpf\Admin\AccountManagement\Dialogs\ColumnFilterWindow.xaml.cs(67,13): error CS0103: The name 'TxtCount' does not exist in the current context [C:\Users\russel.mercado\source\repos\Yakult-System-New\Yakult.Inventory.App\Yakult.Inventory.App.csproj]
C:\Users\russel.mercado\source\repos\Yakult-System-New\Yakult.Inventory.App\Wpf\Admin\AccountManagement\Dialogs\ColumnFilterWindow.xaml.cs(71,35): error CS0103: The name 'TxtSearch' does not exist in the current context [C:\Users\russel.mercado\source\repos\Yakult-System-New\Yakult.Inventory.App\Yakult.Inventory.App.csproj]
C:\Users\russel.mercado\source\repos\Yakult-System-New\Yakult.Inventory.App\Wpf\Admin\AccountManagement\Dialogs\CreateDeptAccountWindow.xaml.cs(14,13): error CS0103: The name 'InitializeComponent' does not exist in the current context [C:\Users\russel.mercado\source\repos\Yakult-System-New\Yakult.Inventory.App\Yakult.Inventory.App.csproj]
C:\Users\russel.mercado\source\repos\Yakult-System-New\Yakult.Inventory.App\Wpf\Admin\AccountManagement\Dialogs\CreateDeptAccountWindow.xaml.cs(15,13): error CS0103: The name 'TxtInfo' does not exist in the current context [C:\Users\russel.mercado\source\repos\Yakult-System-New\Yakult.Inventory.App\Yakult.Inventory.App.csproj]
C:\Users\russel.mercado\source\repos\Yakult-System-New\Yakult.Inventory.App\Wpf\Admin\AccountManagement\Dialogs\CreateDeptAccountWindow.xaml.cs(17,17): error CS0103: The name 'TxtUsername' does not exist in the current context [C:\Users\russel.mercado\source\repos\Yakult-System-New\Yakult.Inventory.App\Yakult.Inventory.App.csproj]
C:\Users\russel.mercado\source\repos\Yakult-System-New\Yakult.Inventory.App\Wpf\Admin\AccountManagement\Dialogs\CreateDeptAccountWindow.xaml.cs(18,13): error CS0103: The name 'TxtUsername' does not exist in the current context [C:\Users\russel.mercado\source\repos\Yakult-System-New\Yakult.Inventory.App\Yakult.Inventory.App.csproj]
C:\Users\russel.mercado\source\repos\Yakult-System-New\Yakult.Inventory.App\Wpf\Admin\AccountManagement\Dialogs\CreateDeptAccountWindow.xaml.cs(23,25): error CS0103: The name 'ChkShow' does not exist in the current context [C:\Users\russel.mercado\source\repos\Yakult-System-New\Yakult.Inventory.App\Yakult.Inventory.App.csproj]
C:\Users\russel.mercado\source\repos\Yakult-System-New\Yakult.Inventory.App\Wpf\Admin\AccountManagement\Dialogs\CreateDeptAccountWindow.xaml.cs(26,26): error CS0103: The name 'PwdPassword' does not exist in the current context [C:\Users\russel.mercado\source\repos\Yakult-System-New\Yakult.Inventory.App\Yakult.Inventory.App.csproj]
C:\Users\russel.mercado\source\repos\Yakult-System-New\Yakult.Inventory.App\Wpf\Admin\AccountManagement\Dialogs\CreateDeptAccountWindow.xaml.cs(27,26): error CS0103: The name 'PwdConfirm' does not exist in the current context [C:\Users\russel.mercado\source\repos\Yakult-System-New\Yakult.Inventory.App\Yakult.Inventory.App.csproj]
C:\Users\russel.mercado\source\repos\Yakult-System-New\Yakult.Inventory.App\Wpf\Admin\AccountManagement\Dialogs\CreateDeptAccountWindow.xaml.cs(28,17): error CS0103: The name 'PwdPassword' does not exist in the current context [C:\Users\russel.mercado\source\repos\Yakult-System-New\Yakult.Inventory.App\Yakult.Inventory.App.csproj]
C:\Users\russel.mercado\source\repos\Yakult-System-New\Yakult.Inventory.App\Wpf\Admin\AccountManagement\Dialogs\CreateDeptAccountWindow.xaml.cs(29,17): error CS0103: The name 'PwdConfirm' does not exist in the current context [C:\Users\russel.mercado\source\repos\Yakult-System-New\Yakult.Inventory.App\Yakult.Inventory.App.csproj]
C:\Users\russel.mercado\source\repos\Yakult-System-New\Yakult.Inventory.App\Wpf\Admin\AccountManagement\Dialogs\CreateDeptAccountWindow.xaml.cs(31,17): error CS0103: The name 'TxtPwdVisible' does not exist in the current context [C:\Users\russel.mercado\source\repos\Yakult-System-New\Yakult.Inventory.App\Yakult.Inventory.App.csproj]
C:\Users\russel.mercado\source\repos\Yakult-System-New\Yakult.Inventory.App\Wpf\Admin\AccountManagement\Dialogs\CreateDeptAccountWindow.xaml.cs(32,17): error CS0103: The name 'TxtConfVisible' does not exist in the current context [C:\Users\russel.mercado\source\repos\Yakult-System-New\Yakult.Inventory.App\Yakult.Inventory.App.csproj]
C:\Users\russel.mercado\source\repos\Yakult-System-New\Yakult.Inventory.App\Wpf\Admin\AccountManagement\Dialogs\CreateDeptAccountWindow.xaml.cs(33,17): error CS0103: The name 'TxtPwdVisible' does not exist in the current context [C:\Users\russel.mercado\source\repos\Yakult-System-New\Yakult.Inventory.App\Yakult.Inventory.App.csproj]
C:\Users\russel.mercado\source\repos\Yakult-System-New\Yakult.Inventory.App\Wpf\Admin\AccountManagement\Dialogs\CreateDeptAccountWindow.xaml.cs(34,17): error CS0103: The name 'TxtConfVisible' does not exist in the current context [C:\Users\russel.mercado\source\repos\Yakult-System-New\Yakult.Inventory.App\Yakult.Inventory.App.csproj]
C:\Users\russel.mercado\source\repos\Yakult-System-New\Yakult.Inventory.App\Wpf\Admin\AccountManagement\Dialogs\CreateDeptAccountWindow.xaml.cs(38,17): error CS0103: The name 'PwdPassword' does not exist in the current context [C:\Users\russel.mercado\source\repos\Yakult-System-New\Yakult.Inventory.App\Yakult.Inventory.App.csproj]
C:\Users\russel.mercado\source\repos\Yakult-System-New\Yakult.Inventory.App\Wpf\Admin\AccountManagement\Dialogs\CreateDeptAccountWindow.xaml.cs(38,41): error CS0103: The name 'TxtPwdVisible' does not exist in the current context [C:\Users\russel.mercado\source\repos\Yakult-System-New\Yakult.Inventory.App\Yakult.Inventory.App.csproj]
C:\Users\russel.mercado\source\repos\Yakult-System-New\Yakult.Inventory.App\Wpf\Admin\AccountManagement\Dialogs\CreateDeptAccountWindow.xaml.cs(39,17): error CS0103: The name 'PwdConfirm' does not exist in the current context [C:\Users\russel.mercado\source\repos\Yakult-System-New\Yakult.Inventory.App\Yakult.Inventory.App.csproj]
C:\Users\russel.mercado\source\repos\Yakult-System-New\Yakult.Inventory.App\Wpf\Admin\AccountManagement\Dialogs\CreateDeptAccountWindow.xaml.cs(39,41): error CS0103: The name 'TxtConfVisible' does not exist in the current context [C:\Users\russel.mercado\source\repos\Yakult-System-New\Yakult.Inventory.App\Yakult.Inventory.App.csproj]
C:\Users\russel.mercado\source\repos\Yakult-System-New\Yakult.Inventory.App\Wpf\Admin\AccountManagement\Dialogs\CreateDeptAccountWindow.xaml.cs(40,17): error CS0103: The name 'TxtPwdVisible' does not exist in the current context [C:\Users\russel.mercado\source\repos\Yakult-System-New\Yakult.Inventory.App\Yakult.Inventory.App.csproj]
C:\Users\russel.mercado\source\repos\Yakult-System-New\Yakult.Inventory.App\Wpf\Admin\AccountManagement\Dialogs\CreateDeptAccountWindow.xaml.cs(41,17): error CS0103: The name 'TxtConfVisible' does not exist in the current context [C:\Users\russel.mercado\source\repos\Yakult-System-New\Yakult.Inventory.App\Yakult.Inventory.App.csproj]
C:\Users\russel.mercado\source\repos\Yakult-System-New\Yakult.Inventory.App\Wpf\Admin\AccountManagement\Dialogs\CreateDeptAccountWindow.xaml.cs(42,17): error CS0103: The name 'PwdPassword' does not exist in the current context [C:\Users\russel.mercado\source\repos\Yakult-System-New\Yakult.Inventory.App\Yakult.Inventory.App.csproj]
C:\Users\russel.mercado\source\repos\Yakult-System-New\Yakult.Inventory.App\Wpf\Admin\AccountManagement\Dialogs\CreateDeptAccountWindow.xaml.cs(43,17): error CS0103: The name 'PwdConfirm' does not exist in the current context [C:\Users\russel.mercado\source\repos\Yakult-System-New\Yakult.Inventory.App\Yakult.Inventory.App.csproj]
C:\Users\russel.mercado\source\repos\Yakult-System-New\Yakult.Inventory.App\Wpf\Admin\AccountManagement\Dialogs\EditDeptAccountWindow.xaml.cs(16,40): error CS0103: The name 'TxtUsername' does not exist in the current context [C:\Users\russel.mercado\source\repos\Yakult-System-New\Yakult.Inventory.App\Yakult.Inventory.App.csproj]
C:\Users\russel.mercado\source\repos\Yakult-System-New\Yakult.Inventory.App\Wpf\Admin\AccountManagement\Dialogs\EditDeptAccountWindow.xaml.cs(17,42): error CS0103: The name 'ChkIsActive' does not exist in the current context [C:\Users\russel.mercado\source\repos\Yakult-System-New\Yakult.Inventory.App\Yakult.Inventory.App.csproj]
C:\Users\russel.mercado\source\repos\Yakult-System-New\Yakult.Inventory.App\Wpf\Admin\AccountManagement\Dialogs\EditDeptAccountWindow.xaml.cs(22,21): error CS0103: The name 'CboEmail' does not exist in the current context [C:\Users\russel.mercado\source\repos\Yakult-System-New\Yakult.Inventory.App\Yakult.Inventory.App.csproj]
C:\Users\russel.mercado\source\repos\Yakult-System-New\Yakult.Inventory.App\Wpf\Admin\AccountManagement\Dialogs\CreateDeptAccountWindow.xaml.cs(49,31): error CS0103: The name 'TxtUsername' does not exist in the current context [C:\Users\russel.mercado\source\repos\Yakult-System-New\Yakult.Inventory.App\Yakult.Inventory.App.csproj]
C:\Users\russel.mercado\source\repos\Yakult-System-New\Yakult.Inventory.App\Wpf\Admin\AccountManagement\Dialogs\CreateDeptAccountWindow.xaml.cs(50,31): error CS0103: The name 'ChkShow' does not exist in the current context [C:\Users\russel.mercado\source\repos\Yakult-System-New\Yakult.Inventory.App\Yakult.Inventory.App.csproj]
C:\Users\russel.mercado\source\repos\Yakult-System-New\Yakult.Inventory.App\Wpf\Admin\AccountManagement\Dialogs\CreateDeptAccountWindow.xaml.cs(50,59): error CS0103: The name 'TxtPwdVisible' does not exist in the current context [C:\Users\russel.mercado\source\repos\Yakult-System-New\Yakult.Inventory.App\Yakult.Inventory.App.csproj]
C:\Users\russel.mercado\source\repos\Yakult-System-New\Yakult.Inventory.App\Wpf\Admin\AccountManagement\Dialogs\CreateDeptAccountWindow.xaml.cs(50,81): error CS0103: The name 'PwdPassword' does not exist in the current context [C:\Users\russel.mercado\source\repos\Yakult-System-New\Yakult.Inventory.App\Yakult.Inventory.App.csproj]
C:\Users\russel.mercado\source\repos\Yakult-System-New\Yakult.Inventory.App\Wpf\Admin\AccountManagement\Dialogs\CreateDeptAccountWindow.xaml.cs(51,31): error CS0103: The name 'ChkShow' does not exist in the current context [C:\Users\russel.mercado\source\repos\Yakult-System-New\Yakult.Inventory.App\Yakult.Inventory.App.csproj]
C:\Users\russel.mercado\source\repos\Yakult-System-New\Yakult.Inventory.App\Wpf\Admin\AccountManagement\Dialogs\CreateDeptAccountWindow.xaml.cs(51,59): error CS0103: The name 'TxtConfVisible' does not exist in the current context [C:\Users\russel.mercado\source\repos\Yakult-System-New\Yakult.Inventory.App\Yakult.Inventory.App.csproj]
C:\Users\russel.mercado\source\repos\Yakult-System-New\Yakult.Inventory.App\Wpf\Admin\AccountManagement\Dialogs\CreateDeptAccountWindow.xaml.cs(51,81): error CS0103: The name 'PwdConfirm' does not exist in the current context [C:\Users\russel.mercado\source\repos\Yakult-System-New\Yakult.Inventory.App\Yakult.Inventory.App.csproj]
C:\Users\russel.mercado\source\repos\Yakult-System-New\Yakult.Inventory.App\Wpf\Admin\UserPositions\Views\UserPositionsView.xaml.cs(16,13): error CS0103: The name 'InitializeComponent' does not exist in the current context [C:\Users\russel.mercado\source\repos\Yakult-System-New\Yakult.Inventory.App\Yakult.Inventory.App.csproj]
C:\Users\russel.mercado\source\repos\Yakult-System-New\Yakult.Inventory.App\Wpf\Admin\AccountManagement\Dialogs\EditDeptAccountWindow.xaml.cs(30,13): error CS0103: The name 'InitializeComponent' does not exist in the current context [C:\Users\russel.mercado\source\repos\Yakult-System-New\Yakult.Inventory.App\Yakult.Inventory.App.csproj]
C:\Users\russel.mercado\source\repos\Yakult-System-New\Yakult.Inventory.App\Wpf\Admin\AccountManagement\Dialogs\EditDeptAccountWindow.xaml.cs(31,13): error CS0103: The name 'TxtCompany' does not exist in the current context [C:\Users\russel.mercado\source\repos\Yakult-System-New\Yakult.Inventory.App\Yakult.Inventory.App.csproj]
C:\Users\russel.mercado\source\repos\Yakult-System-New\Yakult.Inventory.App\Wpf\Admin\AccountManagement\Dialogs\EditDeptAccountWindow.xaml.cs(32,13): error CS0103: The name 'TxtDept' does not exist in the current context [C:\Users\russel.mercado\source\repos\Yakult-System-New\Yakult.Inventory.App\Yakult.Inventory.App.csproj]
C:\Users\russel.mercado\source\repos\Yakult-System-New\Yakult.Inventory.App\Wpf\Admin\AccountManagement\Dialogs\EditDeptAccountWindow.xaml.cs(33,13): error CS0103: The name 'TxtBranch' does not exist in the current context [C:\Users\russel.mercado\source\repos\Yakult-System-New\Yakult.Inventory.App\Yakult.Inventory.App.csproj]
C:\Users\russel.mercado\source\repos\Yakult-System-New\Yakult.Inventory.App\Wpf\Admin\AccountManagement\Dialogs\EditDeptAccountWindow.xaml.cs(34,13): error CS0103: The name 'TxtUsername' does not exist in the current context [C:\Users\russel.mercado\source\repos\Yakult-System-New\Yakult.Inventory.App\Yakult.Inventory.App.csproj]
C:\Users\russel.mercado\source\repos\Yakult-System-New\Yakult.Inventory.App\Wpf\Admin\AccountManagement\Dialogs\EditDeptAccountWindow.xaml.cs(35,13): error CS0103: The name 'ChkIsActive' does not exist in the current context [C:\Users\russel.mercado\source\repos\Yakult-System-New\Yakult.Inventory.App\Yakult.Inventory.App.csproj]
C:\Users\russel.mercado\source\repos\Yakult-System-New\Yakult.Inventory.App\Wpf\Admin\AccountManagement\Dialogs\EditDeptAccountWindow.xaml.cs(37,13): error CS0103: The name 'CboEmail' does not exist in the current context [C:\Users\russel.mercado\source\repos\Yakult-System-New\Yakult.Inventory.App\Yakult.Inventory.App.csproj]
C:\Users\russel.mercado\source\repos\Yakult-System-New\Yakult.Inventory.App\Wpf\Admin\AccountManagement\Dialogs\EditDeptAccountWindow.xaml.cs(39,17): error CS0103: The name 'CboEmail' does not exist in the current context [C:\Users\russel.mercado\source\repos\Yakult-System-New\Yakult.Inventory.App\Yakult.Inventory.App.csproj]
C:\Users\russel.mercado\source\repos\Yakult-System-New\Yakult.Inventory.App\Wpf\Admin\AccountManagement\Dialogs\EditDeptAccountWindow.xaml.cs(40,13): error CS0103: The name 'CboEmail' does not exist in the current context [C:\Users\russel.mercado\source\repos\Yakult-System-New\Yakult.Inventory.App\Yakult.Inventory.App.csproj]
C:\Users\russel.mercado\source\repos\Yakult-System-New\Yakult.Inventory.App\Wpf\Admin\AccountManagement\Dialogs\EditDeptAccountWindow.xaml.cs(44,37): error CS0103: The name 'CboEmail' does not exist in the current context [C:\Users\russel.mercado\source\repos\Yakult-System-New\Yakult.Inventory.App\Yakult.Inventory.App.csproj]
C:\Users\russel.mercado\source\repos\Yakult-System-New\Yakult.Inventory.App\Wpf\Admin\AccountManagement\Dialogs\EditDeptAccountWindow.xaml.cs(46,38): error CS0103: The name 'CboEmail' does not exist in the current context [C:\Users\russel.mercado\source\repos\Yakult-System-New\Yakult.Inventory.App\Yakult.Inventory.App.csproj]
C:\Users\russel.mercado\source\repos\Yakult-System-New\Yakult.Inventory.App\Wpf\Admin\AccountManagement\Dialogs\EditDeptAccountWindow.xaml.cs(48,25): error CS0103: The name 'CboEmail' does not exist in the current context [C:\Users\russel.mercado\source\repos\Yakult-System-New\Yakult.Inventory.App\Yakult.Inventory.App.csproj]
C:\Users\russel.mercado\source\repos\Yakult-System-New\Yakult.Inventory.App\Wpf\Admin\AccountManagement\Dialogs\EditDeptAccountWindow.xaml.cs(54,13): error CS0103: The name 'TxtUsername' does not exist in the current context [C:\Users\russel.mercado\source\repos\Yakult-System-New\Yakult.Inventory.App\Yakult.Inventory.App.csproj]
C:\Users\russel.mercado\source\repos\Yakult-System-New\Yakult.Inventory.App\Wpf\Admin\AccountManagement\Dialogs\EditDeptAccountWindow.xaml.cs(59,43): error CS0103: The name 'TxtUsername' does not exist in the current context [C:\Users\russel.mercado\source\repos\Yakult-System-New\Yakult.Inventory.App\Yakult.Inventory.App.csproj]
C:\Users\russel.mercado\source\repos\Yakult-System-New\Yakult.Inventory.App\Wpf\Admin\UserPositions\Views\UserPositionsView.xaml.cs(29,33): error CS0103: The name 'MainGrid' does not exist in the current context [C:\Users\russel.mercado\source\repos\Yakult-System-New\Yakult.Inventory.App\Yakult.Inventory.App.csproj]
C:\Users\russel.mercado\source\repos\Yakult-System-New\Yakult.Inventory.App\Wpf\Admin\AccountManagement\Dialogs\ShowDeptPasswordWindow.xaml.cs(16,13): error CS0103: The name 'InitializeComponent' does not exist in the current context [C:\Users\russel.mercado\source\repos\Yakult-System-New\Yakult.Inventory.App\Yakult.Inventory.App.csproj]
C:\Users\russel.mercado\source\repos\Yakult-System-New\Yakult.Inventory.App\Wpf\Admin\AccountManagement\Dialogs\ShowDeptPasswordWindow.xaml.cs(17,13): error CS0103: The name 'TxtCompany' does not exist in the current context [C:\Users\russel.mercado\source\repos\Yakult-System-New\Yakult.Inventory.App\Yakult.Inventory.App.csproj]
C:\Users\russel.mercado\source\repos\Yakult-System-New\Yakult.Inventory.App\Wpf\Admin\AccountManagement\Dialogs\ShowDeptPasswordWindow.xaml.cs(18,13): error CS0103: The name 'TxtDept' does not exist in the current context [C:\Users\russel.mercado\source\repos\Yakult-System-New\Yakult.Inventory.App\Yakult.Inventory.App.csproj]
C:\Users\russel.mercado\source\repos\Yakult-System-New\Yakult.Inventory.App\Wpf\Admin\AccountManagement\Dialogs\ShowDeptPasswordWindow.xaml.cs(19,13): error CS0103: The name 'TxtBranch' does not exist in the current context [C:\Users\russel.mercado\source\repos\Yakult-System-New\Yakult.Inventory.App\Yakult.Inventory.App.csproj]
C:\Users\russel.mercado\source\repos\Yakult-System-New\Yakult.Inventory.App\Wpf\Admin\AccountManagement\Dialogs\ShowDeptPasswordWindow.xaml.cs(20,13): error CS0103: The name 'TxtUsername' does not exist in the current context [C:\Users\russel.mercado\source\repos\Yakult-System-New\Yakult.Inventory.App\Yakult.Inventory.App.csproj]
C:\Users\russel.mercado\source\repos\Yakult-System-New\Yakult.Inventory.App\Wpf\Admin\AccountManagement\Dialogs\ShowDeptPasswordWindow.xaml.cs(21,13): error CS0103: The name 'TxtPassword' does not exist in the current context [C:\Users\russel.mercado\source\repos\Yakult-System-New\Yakult.Inventory.App\Yakult.Inventory.App.csproj]
C:\Users\russel.mercado\source\repos\Yakult-System-New\Yakult.Inventory.App\Wpf\RepairPortal\Detail\Views\TimelineViewerWindow.xaml.cs(14,13): error CS0103: The name 'InitializeComponent' does not exist in the current context [C:\Users\russel.mercado\source\repos\Yakult-System-New\Yakult.Inventory.App\Yakult.Inventory.App.csproj]
C:\Users\russel.mercado\source\repos\Yakult-System-New\Yakult.Inventory.App\Wpf\RepairPortal\Detail\Views\TimelineViewerWindow.xaml.cs(15,13): error CS0103: The name 'TitleText' does not exist in the current context [C:\Users\russel.mercado\source\repos\Yakult-System-New\Yakult.Inventory.App\Yakult.Inventory.App.csproj]
C:\Users\russel.mercado\source\repos\Yakult-System-New\Yakult.Inventory.App\Wpf\RepairPortal\Detail\Views\TimelineViewerWindow.xaml.cs(16,13): error CS0103: The name 'GraphList' does not exist in the current context [C:\Users\russel.mercado\source\repos\Yakult-System-New\Yakult.Inventory.App\Yakult.Inventory.App.csproj]
C:\Users\russel.mercado\source\repos\Yakult-System-New\Yakult.Inventory.App\Wpf\RepairPortal\Detail\Views\TimelineViewerWindow.xaml.cs(17,13): error CS0103: The name 'TableGrid' does not exist in the current context [C:\Users\russel.mercado\source\repos\Yakult-System-New\Yakult.Inventory.App\Yakult.Inventory.App.csproj]
C:\Users\russel.mercado\source\repos\Yakult-System-New\Yakult.Inventory.App\Wpf\RepairPortal\Detail\Views\TimelineViewerWindow.xaml.cs(22,17): error CS0103: The name 'GraphPanel' does not exist in the current context [C:\Users\russel.mercado\source\repos\Yakult-System-New\Yakult.Inventory.App\Yakult.Inventory.App.csproj]
C:\Users\russel.mercado\source\repos\Yakult-System-New\Yakult.Inventory.App\Wpf\RepairPortal\Detail\Views\TimelineViewerWindow.xaml.cs(22,39): error CS0103: The name 'TablePanel' does not exist in the current context [C:\Users\russel.mercado\source\repos\Yakult-System-New\Yakult.Inventory.App\Yakult.Inventory.App.csproj]
C:\Users\russel.mercado\source\repos\Yakult-System-New\Yakult.Inventory.App\Wpf\RepairPortal\Detail\Views\TimelineViewerWindow.xaml.cs(23,13): error CS0103: The name 'GraphPanel' does not exist in the current context [C:\Users\russel.mercado\source\repos\Yakult-System-New\Yakult.Inventory.App\Yakult.Inventory.App.csproj]
C:\Users\russel.mercado\source\repos\Yakult-System-New\Yakult.Inventory.App\Wpf\RepairPortal\Detail\Views\TimelineViewerWindow.xaml.cs(24,13): error CS0103: The name 'TablePanel' does not exist in the current context [C:\Users\russel.mercado\source\repos\Yakult-System-New\Yakult.Inventory.App\Yakult.Inventory.App.csproj]
C:\Users\russel.mercado\source\repos\Yakult-System-New\Yakult.Inventory.App\Wpf\Admin\UserPositions\Views\UserPositionsView.xaml.cs(41,28): error CS0103: The name 'MainGrid' does not exist in the current context [C:\Users\russel.mercado\source\repos\Yakult-System-New\Yakult.Inventory.App\Yakult.Inventory.App.csproj]
C:\Users\russel.mercado\source\repos\Yakult-System-New\Yakult.Inventory.App\Wpf\RepairPortal\Detail\Views\TimelineViewerWindow.xaml.cs(29,17): error CS0103: The name 'GraphPanel' does not exist in the current context [C:\Users\russel.mercado\source\repos\Yakult-System-New\Yakult.Inventory.App\Yakult.Inventory.App.csproj]
C:\Users\russel.mercado\source\repos\Yakult-System-New\Yakult.Inventory.App\Wpf\RepairPortal\Detail\Views\TimelineViewerWindow.xaml.cs(29,39): error CS0103: The name 'TablePanel' does not exist in the current context [C:\Users\russel.mercado\source\repos\Yakult-System-New\Yakult.Inventory.App\Yakult.Inventory.App.csproj]
C:\Users\russel.mercado\source\repos\Yakult-System-New\Yakult.Inventory.App\Wpf\RepairPortal\Detail\Views\TimelineViewerWindow.xaml.cs(30,13): error CS0103: The name 'GraphPanel' does not exist in the current context [C:\Users\russel.mercado\source\repos\Yakult-System-New\Yakult.Inventory.App\Yakult.Inventory.App.csproj]
C:\Users\russel.mercado\source\repos\Yakult-System-New\Yakult.Inventory.App\Wpf\RepairPortal\Detail\Views\TimelineViewerWindow.xaml.cs(31,13): error CS0103: The name 'TablePanel' does not exist in the current context [C:\Users\russel.mercado\source\repos\Yakult-System-New\Yakult.Inventory.App\Yakult.Inventory.App.csproj]
C:\Users\russel.mercado\source\repos\Yakult-System-New\Yakult.Inventory.App\Wpf\Admin\AccountManagement\Dialogs\ShowDeptPasswordWindow.xaml.cs(28,13): error CS0103: The name 'BtnCopy' does not exist in the current context [C:\Users\russel.mercado\source\repos\Yakult-System-New\Yakult.Inventory.App\Yakult.Inventory.App.csproj]
C:\Users\russel.mercado\source\repos\Yakult-System-New\Yakult.Inventory.App\Wpf\Admin\AccountManagement\Dialogs\ShowDeptPasswordWindow.xaml.cs(29,13): error CS0103: The name 'BtnCopy' does not exist in the current context [C:\Users\russel.mercado\source\repos\Yakult-System-New\Yakult.Inventory.App\Yakult.Inventory.App.csproj]
C:\Users\russel.mercado\source\repos\Yakult-System-New\Yakult.Inventory.App\Wpf\Admin\AccountManagement\Dialogs\ShowDeptPasswordWindow.xaml.cs(36,17): error CS0103: The name 'BtnCopy' does not exist in the current context [C:\Users\russel.mercado\source\repos\Yakult-System-New\Yakult.Inventory.App\Yakult.Inventory.App.csproj]
C:\Users\russel.mercado\source\repos\Yakult-System-New\Yakult.Inventory.App\Wpf\Admin\AccountManagement\Dialogs\ShowDeptPasswordWindow.xaml.cs(37,17): error CS0103: The name 'BtnCopy' does not exist in the current context [C:\Users\russel.mercado\source\repos\Yakult-System-New\Yakult.Inventory.App\Yakult.Inventory.App.csproj]
C:\Users\russel.mercado\source\repos\Yakult-System-New\Yakult.Inventory.App\Wpf\Admin\AccountManagement\Dialogs\VerifyAdminPasswordWindow.xaml.cs(7,42): error CS0103: The name 'PwdEntry' does not exist in the current context [C:\Users\russel.mercado\source\repos\Yakult-System-New\Yakult.Inventory.App\Yakult.Inventory.App.csproj]
C:\Users\russel.mercado\source\repos\Yakult-System-New\Yakult.Inventory.App\Wpf\Admin\AccountManagement\Dialogs\VerifyAdminPasswordWindow.xaml.cs(11,13): error CS0103: The name 'InitializeComponent' does not exist in the current context [C:\Users\russel.mercado\source\repos\Yakult-System-New\Yakult.Inventory.App\Yakult.Inventory.App.csproj]
C:\Users\russel.mercado\source\repos\Yakult-System-New\Yakult.Inventory.App\Wpf\Admin\AccountManagement\Dialogs\VerifyAdminPasswordWindow.xaml.cs(12,13): error CS0103: The name 'TxtPrompt' does not exist in the current context [C:\Users\russel.mercado\source\repos\Yakult-System-New\Yakult.Inventory.App\Yakult.Inventory.App.csproj]
C:\Users\russel.mercado\source\repos\Yakult-System-New\Yakult.Inventory.App\Wpf\Admin\AccountManagement\Dialogs\VerifyAdminPasswordWindow.xaml.cs(13,13): error CS0103: The name 'PwdEntry' does not exist in the current context [C:\Users\russel.mercado\source\repos\Yakult-System-New\Yakult.Inventory.App\Yakult.Inventory.App.csproj]
C:\Users\russel.mercado\source\repos\Yakult-System-New\Yakult.Inventory.App\Wpf\Admin\AccountManagement\Dialogs\VerifyAdminPasswordWindow.xaml.cs(18,43): error CS0103: The name 'PwdEntry' does not exist in the current context [C:\Users\russel.mercado\source\repos\Yakult-System-New\Yakult.Inventory.App\Yakult.Inventory.App.csproj]
C:\Users\russel.mercado\source\repos\Yakult-System-New\Yakult.Inventory.App\Wpf\CartridgeManagement\Dialogs\PrintTransmittalDialog.xaml.cs(35,13): error CS0103: The name 'InitializeComponent' does not exist in the current context [C:\Users\russel.mercado\source\repos\Yakult-System-New\Yakult.Inventory.App\Yakult.Inventory.App.csproj]
C:\Users\russel.mercado\source\repos\Yakult-System-New\Yakult.Inventory.App\Wpf\RepairPortal\Detail\Views\RepairTimelineControl.xaml.cs(45,13): error CS0103: The name 'InitializeComponent' does not exist in the current context [C:\Users\russel.mercado\source\repos\Yakult-System-New\Yakult.Inventory.App\Yakult.Inventory.App.csproj]
C:\Users\russel.mercado\source\repos\Yakult-System-New\Yakult.Inventory.App\Wpf\CartridgeManagement\Dialogs\PrintTransmittalDialog.xaml.cs(62,17): error CS0103: The name '_gatepassCheck' does not exist in the current context [C:\Users\russel.mercado\source\repos\Yakult-System-New\Yakult.Inventory.App\Yakult.Inventory.App.csproj]
C:\Users\russel.mercado\source\repos\Yakult-System-New\Yakult.Inventory.App\Wpf\CartridgeManagement\Dialogs\PrintTransmittalDialog.xaml.cs(63,17): error CS0103: The name '_transmittalCheck' does not exist in the current context [C:\Users\russel.mercado\source\repos\Yakult-System-New\Yakult.Inventory.App\Yakult.Inventory.App.csproj]
C:\Users\russel.mercado\source\repos\Yakult-System-New\Yakult.Inventory.App\Wpf\CartridgeManagement\Dialogs\PrintTransmittalDialog.xaml.cs(64,17): error CS0103: The name '_fileCheck' does not exist in the current context [C:\Users\russel.mercado\source\repos\Yakult-System-New\Yakult.Inventory.App\Yakult.Inventory.App.csproj]
C:\Users\russel.mercado\source\repos\Yakult-System-New\Yakult.Inventory.App\Wpf\RepairPortal\Detail\Views\EvidenceViewerWindow.xaml.cs(78,13): error CS0103: The name 'InitializeComponent' does not exist in the current context [C:\Users\russel.mercado\source\repos\Yakult-System-New\Yakult.Inventory.App\Yakult.Inventory.App.csproj]
C:\Users\russel.mercado\source\repos\Yakult-System-New\Yakult.Inventory.App\Wpf\RepairPortal\Detail\Views\EvidenceViewerWindow.xaml.cs(88,13): error CS0103: The name 'SpeedCombo' does not exist in the current context [C:\Users\russel.mercado\source\repos\Yakult-System-New\Yakult.Inventory.App\Yakult.Inventory.App.csproj]
C:\Users\russel.mercado\source\repos\Yakult-System-New\Yakult.Inventory.App\Wpf\RepairPortal\Detail\Views\EvidenceViewerWindow.xaml.cs(89,13): error CS0103: The name 'SpeedCombo' does not exist in the current context [C:\Users\russel.mercado\source\repos\Yakult-System-New\Yakult.Inventory.App\Yakult.Inventory.App.csproj]
C:\Users\russel.mercado\source\repos\Yakult-System-New\Yakult.Inventory.App\Wpf\CartridgeManagement\Dialogs\PrintTransmittalDialog.xaml.cs(76,13): error CS0103: The name '_printButton' does not exist in the current context [C:\Users\russel.mercado\source\repos\Yakult-System-New\Yakult.Inventory.App\Yakult.Inventory.App.csproj]
C:\Users\russel.mercado\source\repos\Yakult-System-New\Yakult.Inventory.App\Wpf\CartridgeManagement\Dialogs\PrintTransmittalDialog.xaml.cs(78,13): error CS0103: The name '_previewPanel' does not exist in the current context [C:\Users\russel.mercado\source\repos\Yakult-System-New\Yakult.Inventory.App\Yakult.Inventory.App.csproj]
C:\Users\russel.mercado\source\repos\Yakult-System-New\Yakult.Inventory.App\Wpf\CartridgeManagement\Dialogs\PrintTransmittalDialog.xaml.cs(82,17): error CS0103: The name '_descriptionText' does not exist in the current context [C:\Users\russel.mercado\source\repos\Yakult-System-New\Yakult.Inventory.App\Yakult.Inventory.App.csproj]
C:\Users\russel.mercado\source\repos\Yakult-System-New\Yakult.Inventory.App\Wpf\CartridgeManagement\Dialogs\PrintTransmittalDialog.xaml.cs(91,13): error CS0103: The name '_descriptionText' does not exist in the current context [C:\Users\russel.mercado\source\repos\Yakult-System-New\Yakult.Inventory.App\Yakult.Inventory.App.csproj]
C:\Users\russel.mercado\source\repos\Yakult-System-New\Yakult.Inventory.App\Wpf\CartridgeManagement\Dialogs\PrintTransmittalDialog.xaml.cs(126,17): error CS0103: The name '_previewPanel' does not exist in the current context [C:\Users\russel.mercado\source\repos\Yakult-System-New\Yakult.Inventory.App\Yakult.Inventory.App.csproj]
C:\Users\russel.mercado\source\repos\Yakult-System-New\Yakult.Inventory.App\Wpf\RepairPortal\Detail\Views\EvidenceViewerWindow.xaml.cs(105,13): error CS0103: The name 'ImageHost' does not exist in the current context [C:\Users\russel.mercado\source\repos\Yakult-System-New\Yakult.Inventory.App\Yakult.Inventory.App.csproj]
C:\Users\russel.mercado\source\repos\Yakult-System-New\Yakult.Inventory.App\Wpf\RepairPortal\Detail\Views\EvidenceViewerWindow.xaml.cs(106,13): error CS0103: The name 'VideoHost' does not exist in the current context [C:\Users\russel.mercado\source\repos\Yakult-System-New\Yakult.Inventory.App\Yakult.Inventory.App.csproj]
C:\Users\russel.mercado\source\repos\Yakult-System-New\Yakult.Inventory.App\Wpf\RepairPortal\Detail\Views\EvidenceViewerWindow.xaml.cs(107,13): error CS0103: The name 'DocumentHost' does not exist in the current context [C:\Users\russel.mercado\source\repos\Yakult-System-New\Yakult.Inventory.App\Yakult.Inventory.App.csproj]
C:\Users\russel.mercado\source\repos\Yakult-System-New\Yakult.Inventory.App\Wpf\RepairPortal\Detail\Views\EvidenceViewerWindow.xaml.cs(108,13): error CS0103: The name 'VideoControlsBar' does not exist in the current context [C:\Users\russel.mercado\source\repos\Yakult-System-New\Yakult.Inventory.App\Yakult.Inventory.App.csproj]
C:\Users\russel.mercado\source\repos\Yakult-System-New\Yakult.Inventory.App\Wpf\RepairPortal\Detail\Views\EvidenceViewerWindow.xaml.cs(109,13): error CS0103: The name 'LoadingIndicator' does not exist in the current context [C:\Users\russel.mercado\source\repos\Yakult-System-New\Yakult.Inventory.App\Yakult.Inventory.App.csproj]
C:\Users\russel.mercado\source\repos\Yakult-System-New\Yakult.Inventory.App\Wpf\RepairPortal\Detail\Views\EvidenceViewerWindow.xaml.cs(112,13): error CS0103: The name 'FileNameText' does not exist in the current context [C:\Users\russel.mercado\source\repos\Yakult-System-New\Yakult.Inventory.App\Yakult.Inventory.App.csproj]
C:\Users\russel.mercado\source\repos\Yakult-System-New\Yakult.Inventory.App\Wpf\RepairPortal\Detail\Views\EvidenceViewerWindow.xaml.cs(113,13): error CS0103: The name 'SourceLabelText' does not exist in the current context [C:\Users\russel.mercado\source\repos\Yakult-System-New\Yakult.Inventory.App\Yakult.Inventory.App.csproj]
C:\Users\russel.mercado\source\repos\Yakult-System-New\Yakult.Inventory.App\Wpf\RepairPortal\Detail\Views\EvidenceViewerWindow.xaml.cs(114,13): error CS0103: The name 'SourceLabelText' does not exist in the current context [C:\Users\russel.mercado\source\repos\Yakult-System-New\Yakult.Inventory.App\Yakult.Inventory.App.csproj]
C:\Users\russel.mercado\source\repos\Yakult-System-New\Yakult.Inventory.App\Wpf\RepairPortal\Detail\Views\EvidenceViewerWindow.xaml.cs(115,13): error CS0103: The name 'PositionText' does not exist in the current context [C:\Users\russel.mercado\source\repos\Yakult-System-New\Yakult.Inventory.App\Yakult.Inventory.App.csproj]
C:\Users\russel.mercado\source\repos\Yakult-System-New\Yakult.Inventory.App\Wpf\RepairPortal\Detail\Views\EvidenceViewerWindow.xaml.cs(119,17): error CS0103: The name 'LoadingIndicator' does not exist in the current context [C:\Users\russel.mercado\source\repos\Yakult-System-New\Yakult.Inventory.App\Yakult.Inventory.App.csproj]
C:\Users\russel.mercado\source\repos\Yakult-System-New\Yakult.Inventory.App\Wpf\RepairPortal\Detail\Views\EvidenceViewerWindow.xaml.cs(129,21): error CS0103: The name 'LoadingIndicator' does not exist in the current context [C:\Users\russel.mercado\source\repos\Yakult-System-New\Yakult.Inventory.App\Yakult.Inventory.App.csproj]
C:\Users\russel.mercado\source\repos\Yakult-System-New\Yakult.Inventory.App\Wpf\RepairPortal\Detail\Views\EvidenceViewerWindow.xaml.cs(135,13): error CS0103: The name 'LoadingIndicator' does not exist in the current context [C:\Users\russel.mercado\source\repos\Yakult-System-New\Yakult.Inventory.App\Yakult.Inventory.App.csproj]
C:\Users\russel.mercado\source\repos\Yakult-System-New\Yakult.Inventory.App\Wpf\RepairPortal\Detail\Views\EvidenceViewerWindow.xaml.cs(139,17): error CS0103: The name 'ImageHost' does not exist in the current context [C:\Users\russel.mercado\source\repos\Yakult-System-New\Yakult.Inventory.App\Yakult.Inventory.App.csproj]
C:\Users\russel.mercado\source\repos\Yakult-System-New\Yakult.Inventory.App\Wpf\RepairPortal\Detail\Views\EvidenceViewerWindow.xaml.cs(140,17): error CS0103: The name 'ImageHost' does not exist in the current context [C:\Users\russel.mercado\source\repos\Yakult-System-New\Yakult.Inventory.App\Yakult.Inventory.App.csproj]
C:\Users\russel.mercado\source\repos\Yakult-System-New\Yakult.Inventory.App\Wpf\RepairPortal\Detail\Views\EvidenceViewerWindow.xaml.cs(144,17): error CS0103: The name 'VideoHost' does not exist in the current context [C:\Users\russel.mercado\source\repos\Yakult-System-New\Yakult.Inventory.App\Yakult.Inventory.App.csproj]
C:\Users\russel.mercado\source\repos\Yakult-System-New\Yakult.Inventory.App\Wpf\RepairPortal\Detail\Views\EvidenceViewerWindow.xaml.cs(145,17): error CS0103: The name 'VideoControlsBar' does not exist in the current context [C:\Users\russel.mercado\source\repos\Yakult-System-New\Yakult.Inventory.App\Yakult.Inventory.App.csproj]
C:\Users\russel.mercado\source\repos\Yakult-System-New\Yakult.Inventory.App\Wpf\RepairPortal\Detail\Views\EvidenceViewerWindow.xaml.cs(150,17): error CS0103: The name 'DocumentHost' does not exist in the current context [C:\Users\russel.mercado\source\repos\Yakult-System-New\Yakult.Inventory.App\Yakult.Inventory.App.csproj]
C:\Users\russel.mercado\source\repos\Yakult-System-New\Yakult.Inventory.App\Wpf\RepairPortal\Detail\Views\EvidenceViewerWindow.xaml.cs(151,17): error CS0103: The name 'DocumentNameText' does not exist in the current context [C:\Users\russel.mercado\source\repos\Yakult-System-New\Yakult.Inventory.App\Yakult.Inventory.App.csproj]
C:\Users\russel.mercado\source\repos\Yakult-System-New\Yakult.Inventory.App\Wpf\CartridgeManagement\Dialogs\OutboundBatchAssignmentWpfDialog.xaml.cs(53,13): error CS0103: The name 'InitializeComponent' does not exist in the current context [C:\Users\russel.mercado\source\repos\Yakult-System-New\Yakult.Inventory.App\Yakult.Inventory.App.csproj]
C:\Users\russel.mercado\source\repos\Yakult-System-New\Yakult.Inventory.App\Wpf\CartridgeManagement\Dialogs\OutboundBatchAssignmentWpfDialog.xaml.cs(55,13): error CS0103: The name 'ReturnsGrid' does not exist in the current context [C:\Users\russel.mercado\source\repos\Yakult-System-New\Yakult.Inventory.App\Yakult.Inventory.App.csproj]
C:\Users\russel.mercado\source\repos\Yakult-System-New\Yakult.Inventory.App\Wpf\CartridgeManagement\Dialogs\OutboundBatchAssignmentWpfDialog.xaml.cs(56,13): error CS0103: The name 'ModelCards' does not exist in the current context [C:\Users\russel.mercado\source\repos\Yakult-System-New\Yakult.Inventory.App\Yakult.Inventory.App.csproj]
C:\Users\russel.mercado\source\repos\Yakult-System-New\Yakult.Inventory.App\Wpf\RepairPortal\Detail\Views\EvidenceViewerWindow.xaml.cs(187,17): error CS0103: The name 'VideoHost' does not exist in the current context [C:\Users\russel.mercado\source\repos\Yakult-System-New\Yakult.Inventory.App\Yakult.Inventory.App.csproj]
C:\Users\russel.mercado\source\repos\Yakult-System-New\Yakult.Inventory.App\Wpf\RepairPortal\Detail\Views\EvidenceViewerWindow.xaml.cs(189,17): error CS0103: The name 'SeekSlider' does not exist in the current context [C:\Users\russel.mercado\source\repos\Yakult-System-New\Yakult.Inventory.App\Yakult.Inventory.App.csproj]
C:\Users\russel.mercado\source\repos\Yakult-System-New\Yakult.Inventory.App\Wpf\RepairPortal\Detail\Views\EvidenceViewerWindow.xaml.cs(190,17): error CS0103: The name 'ElapsedTimeText' does not exist in the current context [C:\Users\russel.mercado\source\repos\Yakult-System-New\Yakult.Inventory.App\Yakult.Inventory.App.csproj]
C:\Users\russel.mercado\source\repos\Yakult-System-New\Yakult.Inventory.App\Wpf\RepairPortal\Detail\Views\EvidenceViewerWindow.xaml.cs(191,17): error CS0103: The name 'TotalTimeText' does not exist in the current context [C:\Users\russel.mercado\source\repos\Yakult-System-New\Yakult.Inventory.App\Yakult.Inventory.App.csproj]
C:\Users\russel.mercado\source\repos\Yakult-System-New\Yakult.Inventory.App\Wpf\RepairPortal\Detail\Views\EvidenceViewerWindow.xaml.cs(192,17): error CS0103: The name 'SpeedCombo' does not exist in the current context [C:\Users\russel.mercado\source\repos\Yakult-System-New\Yakult.Inventory.App\Yakult.Inventory.App.csproj]
C:\Users\russel.mercado\source\repos\Yakult-System-New\Yakult.Inventory.App\Wpf\RepairPortal\Detail\Views\EvidenceViewerWindow.xaml.cs(193,17): error CS0103: The name 'VideoHost' does not exist in the current context [C:\Users\russel.mercado\source\repos\Yakult-System-New\Yakult.Inventory.App\Yakult.Inventory.App.csproj]
C:\Users\russel.mercado\source\repos\Yakult-System-New\Yakult.Inventory.App\Wpf\RepairPortal\Detail\Views\EvidenceViewerWindow.xaml.cs(195,17): error CS0103: The name 'VideoHost' does not exist in the current context [C:\Users\russel.mercado\source\repos\Yakult-System-New\Yakult.Inventory.App\Yakult.Inventory.App.csproj]
C:\Users\russel.mercado\source\repos\Yakult-System-New\Yakult.Inventory.App\Wpf\RepairPortal\Detail\Views\EvidenceViewerWindow.xaml.cs(196,17): error CS0103: The name 'VideoHost' does not exist in the current context [C:\Users\russel.mercado\source\repos\Yakult-System-New\Yakult.Inventory.App\Yakult.Inventory.App.csproj]
C:\Users\russel.mercado\source\repos\Yakult-System-New\Yakult.Inventory.App\Wpf\RepairPortal\Detail\Views\EvidenceViewerWindow.xaml.cs(198,17): error CS0103: The name 'PlayPauseButton' does not exist in the current context [C:\Users\russel.mercado\source\repos\Yakult-System-New\Yakult.Inventory.App\Yakult.Inventory.App.csproj]
C:\Users\russel.mercado\source\repos\Yakult-System-New\Yakult.Inventory.App\Wpf\RepairPortal\Detail\Views\EvidenceViewerWindow.xaml.cs(210,17): error CS0103: The name 'VideoHost' does not exist in the current context [C:\Users\russel.mercado\source\repos\Yakult-System-New\Yakult.Inventory.App\Yakult.Inventory.App.csproj]
C:\Users\russel.mercado\source\repos\Yakult-System-New\Yakult.Inventory.App\Wpf\RepairPortal\Detail\Views\EvidenceViewerWindow.xaml.cs(212,29): error CS0103: The name 'VideoHost' does not exist in the current context [C:\Users\russel.mercado\source\repos\Yakult-System-New\Yakult.Inventory.App\Yakult.Inventory.App.csproj]
C:\Users\russel.mercado\source\repos\Yakult-System-New\Yakult.Inventory.App\Wpf\RepairPortal\Detail\Views\EvidenceViewerWindow.xaml.cs(213,17): error CS0103: The name 'SeekSlider' does not exist in the current context [C:\Users\russel.mercado\source\repos\Yakult-System-New\Yakult.Inventory.App\Yakult.Inventory.App.csproj]
C:\Users\russel.mercado\source\repos\Yakult-System-New\Yakult.Inventory.App\Wpf\RepairPortal\Detail\Views\EvidenceViewerWindow.xaml.cs(214,17): error CS0103: The name 'TotalTimeText' does not exist in the current context [C:\Users\russel.mercado\source\repos\Yakult-System-New\Yakult.Inventory.App\Yakult.Inventory.App.csproj]
C:\Users\russel.mercado\source\repos\Yakult-System-New\Yakult.Inventory.App\Wpf\RepairPortal\Detail\Views\EvidenceViewerWindow.xaml.cs(222,13): error CS0103: The name 'PlayPauseButton' does not exist in the current context [C:\Users\russel.mercado\source\repos\Yakult-System-New\Yakult.Inventory.App\Yakult.Inventory.App.csproj]
C:\Users\russel.mercado\source\repos\Yakult-System-New\Yakult.Inventory.App\Wpf\RepairPortal\Detail\Views\EvidenceViewerWindow.xaml.cs(223,13): error CS0103: The name 'VideoHost' does not exist in the current context [C:\Users\russel.mercado\source\repos\Yakult-System-New\Yakult.Inventory.App\Yakult.Inventory.App.csproj]
C:\Users\russel.mercado\source\repos\Yakult-System-New\Yakult.Inventory.App\Wpf\RepairPortal\Detail\Views\EvidenceViewerWindow.xaml.cs(224,13): error CS0103: The name 'SeekSlider' does not exist in the current context [C:\Users\russel.mercado\source\repos\Yakult-System-New\Yakult.Inventory.App\Yakult.Inventory.App.csproj]
C:\Users\russel.mercado\source\repos\Yakult-System-New\Yakult.Inventory.App\Wpf\RepairPortal\Detail\Views\EvidenceViewerWindow.xaml.cs(225,13): error CS0103: The name 'ElapsedTimeText' does not exist in the current context [C:\Users\russel.mercado\source\repos\Yakult-System-New\Yakult.Inventory.App\Yakult.Inventory.App.csproj]
C:\Users\russel.mercado\source\repos\Yakult-System-New\Yakult.Inventory.App\Wpf\RepairPortal\Detail\Views\EvidenceViewerWindow.xaml.cs(230,17): error CS0103: The name 'VideoHost' does not exist in the current context [C:\Users\russel.mercado\source\repos\Yakult-System-New\Yakult.Inventory.App\Yakult.Inventory.App.csproj]
C:\Users\russel.mercado\source\repos\Yakult-System-New\Yakult.Inventory.App\Wpf\RepairPortal\Detail\Views\EvidenceViewerWindow.xaml.cs(234,17): error CS0103: The name 'VideoHost' does not exist in the current context [C:\Users\russel.mercado\source\repos\Yakult-System-New\Yakult.Inventory.App\Yakult.Inventory.App.csproj]
C:\Users\russel.mercado\source\repos\Yakult-System-New\Yakult.Inventory.App\Wpf\RepairPortal\Detail\Views\EvidenceViewerWindow.xaml.cs(237,17): error CS0103: The name 'PlayPauseButton' does not exist in the current context [C:\Users\russel.mercado\source\repos\Yakult-System-New\Yakult.Inventory.App\Yakult.Inventory.App.csproj]
C:\Users\russel.mercado\source\repos\Yakult-System-New\Yakult.Inventory.App\Wpf\RepairPortal\Detail\Views\EvidenceViewerWindow.xaml.cs(241,17): error CS0103: The name 'VideoHost' does not exist in the current context [C:\Users\russel.mercado\source\repos\Yakult-System-New\Yakult.Inventory.App\Yakult.Inventory.App.csproj]
C:\Users\russel.mercado\source\repos\Yakult-System-New\Yakult.Inventory.App\Wpf\RepairPortal\Detail\Views\EvidenceViewerWindow.xaml.cs(244,17): error CS0103: The name 'PlayPauseButton' does not exist in the current context [C:\Users\russel.mercado\source\repos\Yakult-System-New\Yakult.Inventory.App\Yakult.Inventory.App.csproj]
C:\Users\russel.mercado\source\repos\Yakult-System-New\Yakult.Inventory.App\Wpf\RepairPortal\Detail\Views\EvidenceViewerWindow.xaml.cs(252,13): error CS0103: The name 'SeekSlider' does not exist in the current context [C:\Users\russel.mercado\source\repos\Yakult-System-New\Yakult.Inventory.App\Yakult.Inventory.App.csproj]
C:\Users\russel.mercado\source\repos\Yakult-System-New\Yakult.Inventory.App\Wpf\RepairPortal\Detail\Views\EvidenceViewerWindow.xaml.cs(253,13): error CS0103: The name 'SeekSlider' does not exist in the current context [C:\Users\russel.mercado\source\repos\Yakult-System-New\Yakult.Inventory.App\Yakult.Inventory.App.csproj]
C:\Users\russel.mercado\source\repos\Yakult-System-New\Yakult.Inventory.App\Wpf\RepairPortal\Detail\Views\EvidenceViewerWindow.xaml.cs(253,32): error CS0103: The name 'VideoHost' does not exist in the current context [C:\Users\russel.mercado\source\repos\Yakult-System-New\Yakult.Inventory.App\Yakult.Inventory.App.csproj]
C:\Users\russel.mercado\source\repos\Yakult-System-New\Yakult.Inventory.App\Wpf\RepairPortal\Detail\Views\EvidenceViewerWindow.xaml.cs(254,13): error CS0103: The name 'SeekSlider' does not exist in the current context [C:\Users\russel.mercado\source\repos\Yakult-System-New\Yakult.Inventory.App\Yakult.Inventory.App.csproj]
C:\Users\russel.mercado\source\repos\Yakult-System-New\Yakult.Inventory.App\Wpf\RepairPortal\Detail\Views\EvidenceViewerWindow.xaml.cs(256,13): error CS0103: The name 'ElapsedTimeText' does not exist in the current context [C:\Users\russel.mercado\source\repos\Yakult-System-New\Yakult.Inventory.App\Yakult.Inventory.App.csproj]
C:\Users\russel.mercado\source\repos\Yakult-System-New\Yakult.Inventory.App\Wpf\RepairPortal\Detail\Views\EvidenceViewerWindow.xaml.cs(256,47): error CS0103: The name 'VideoHost' does not exist in the current context [C:\Users\russel.mercado\source\repos\Yakult-System-New\Yakult.Inventory.App\Yakult.Inventory.App.csproj]
C:\Users\russel.mercado\source\repos\Yakult-System-New\Yakult.Inventory.App\Wpf\Admin\AccountManagement\Dialogs\ChangeDeptPasswordWindow.xaml.cs(12,13): error CS0103: The name 'InitializeComponent' does not exist in the current context [C:\Users\russel.mercado\source\repos\Yakult-System-New\Yakult.Inventory.App\Yakult.Inventory.App.csproj]
C:\Users\russel.mercado\source\repos\Yakult-System-New\Yakult.Inventory.App\Wpf\RepairPortal\Detail\Views\EvidenceViewerWindow.xaml.cs(264,13): error CS0103: The name 'VideoHost' does not exist in the current context [C:\Users\russel.mercado\source\repos\Yakult-System-New\Yakult.Inventory.App\Yakult.Inventory.App.csproj]
C:\Users\russel.mercado\source\repos\Yakult-System-New\Yakult.Inventory.App\Wpf\RepairPortal\Detail\Views\EvidenceViewerWindow.xaml.cs(264,55): error CS0103: The name 'SeekSlider' does not exist in the current context [C:\Users\russel.mercado\source\repos\Yakult-System-New\Yakult.Inventory.App\Yakult.Inventory.App.csproj]
C:\Users\russel.mercado\source\repos\Yakult-System-New\Yakult.Inventory.App\Wpf\Admin\AccountManagement\Dialogs\ChangeDeptPasswordWindow.xaml.cs(13,13): error CS0103: The name 'TxtCompanyValue' does not exist in the current context [C:\Users\russel.mercado\source\repos\Yakult-System-New\Yakult.Inventory.App\Yakult.Inventory.App.csproj]
C:\Users\russel.mercado\source\repos\Yakult-System-New\Yakult.Inventory.App\Wpf\Admin\AccountManagement\Dialogs\ChangeDeptPasswordWindow.xaml.cs(14,13): error CS0103: The name 'TxtDeptValue' does not exist in the current context [C:\Users\russel.mercado\source\repos\Yakult-System-New\Yakult.Inventory.App\Yakult.Inventory.App.csproj]
C:\Users\russel.mercado\source\repos\Yakult-System-New\Yakult.Inventory.App\Wpf\Admin\AccountManagement\Dialogs\ChangeDeptPasswordWindow.xaml.cs(15,13): error CS0103: The name 'TxtBranchValue' does not exist in the current context [C:\Users\russel.mercado\source\repos\Yakult-System-New\Yakult.Inventory.App\Yakult.Inventory.App.csproj]
C:\Users\russel.mercado\source\repos\Yakult-System-New\Yakult.Inventory.App\Wpf\Admin\AccountManagement\Dialogs\ChangeDeptPasswordWindow.xaml.cs(16,13): error CS0103: The name 'PwdNew' does not exist in the current context [C:\Users\russel.mercado\source\repos\Yakult-System-New\Yakult.Inventory.App\Yakult.Inventory.App.csproj]
C:\Users\russel.mercado\source\repos\Yakult-System-New\Yakult.Inventory.App\Wpf\RepairPortal\Detail\Views\EvidenceViewerWindow.xaml.cs(270,17): error CS0103: The name 'ElapsedTimeText' does not exist in the current context [C:\Users\russel.mercado\source\repos\Yakult-System-New\Yakult.Inventory.App\Yakult.Inventory.App.csproj]
C:\Users\russel.mercado\source\repos\Yakult-System-New\Yakult.Inventory.App\Wpf\Admin\AccountManagement\Dialogs\ChangeDeptPasswordWindow.xaml.cs(21,25): error CS0103: The name 'ChkShow' does not exist in the current context [C:\Users\russel.mercado\source\repos\Yakult-System-New\Yakult.Inventory.App\Yakult.Inventory.App.csproj]
C:\Users\russel.mercado\source\repos\Yakult-System-New\Yakult.Inventory.App\Wpf\Admin\AccountManagement\Dialogs\ChangeDeptPasswordWindow.xaml.cs(24,17): error CS0103: The name 'TxtNewVisible' does not exist in the current context [C:\Users\russel.mercado\source\repos\Yakult-System-New\Yakult.Inventory.App\Yakult.Inventory.App.csproj]
C:\Users\russel.mercado\source\repos\Yakult-System-New\Yakult.Inventory.App\Wpf\Admin\AccountManagement\Dialogs\ChangeDeptPasswordWindow.xaml.cs(24,39): error CS0103: The name 'PwdNew' does not exist in the current context [C:\Users\russel.mercado\source\repos\Yakult-System-New\Yakult.Inventory.App\Yakult.Inventory.App.csproj]
C:\Users\russel.mercado\source\repos\Yakult-System-New\Yakult.Inventory.App\Wpf\Admin\AccountManagement\Dialogs\ChangeDeptPasswordWindow.xaml.cs(25,17): error CS0103: The name 'TxtConfVisible' does not exist in the current context [C:\Users\russel.mercado\source\repos\Yakult-System-New\Yakult.Inventory.App\Yakult.Inventory.App.csproj]
C:\Users\russel.mercado\source\repos\Yakult-System-New\Yakult.Inventory.App\Wpf\Admin\AccountManagement\Dialogs\ChangeDeptPasswordWindow.xaml.cs(25,39): error CS0103: The name 'PwdConfirm' does not exist in the current context [C:\Users\russel.mercado\source\repos\Yakult-System-New\Yakult.Inventory.App\Yakult.Inventory.App.csproj]
C:\Users\russel.mercado\source\repos\Yakult-System-New\Yakult.Inventory.App\Wpf\Admin\AccountManagement\Dialogs\ChangeDeptPasswordWindow.xaml.cs(26,17): error CS0103: The name 'PwdNew' does not exist in the current context [C:\Users\russel.mercado\source\repos\Yakult-System-New\Yakult.Inventory.App\Yakult.Inventory.App.csproj]
C:\Users\russel.mercado\source\repos\Yakult-System-New\Yakult.Inventory.App\Wpf\Admin\AccountManagement\Dialogs\ChangeDeptPasswordWindow.xaml.cs(27,17): error CS0103: The name 'PwdConfirm' does not exist in the current context [C:\Users\russel.mercado\source\repos\Yakult-System-New\Yakult.Inventory.App\Yakult.Inventory.App.csproj]
C:\Users\russel.mercado\source\repos\Yakult-System-New\Yakult.Inventory.App\Wpf\Admin\AccountManagement\Dialogs\ChangeDeptPasswordWindow.xaml.cs(28,17): error CS0103: The name 'TxtNewVisible' does not exist in the current context [C:\Users\russel.mercado\source\repos\Yakult-System-New\Yakult.Inventory.App\Yakult.Inventory.App.csproj]
C:\Users\russel.mercado\source\repos\Yakult-System-New\Yakult.Inventory.App\Wpf\Admin\AccountManagement\Dialogs\ChangeDeptPasswordWindow.xaml.cs(29,17): error CS0103: The name 'TxtConfVisible' does not exist in the current context [C:\Users\russel.mercado\source\repos\Yakult-System-New\Yakult.Inventory.App\Yakult.Inventory.App.csproj]
C:\Users\russel.mercado\source\repos\Yakult-System-New\Yakult.Inventory.App\Wpf\Admin\AccountManagement\Dialogs\ChangeDeptPasswordWindow.xaml.cs(33,17): error CS0103: The name 'PwdNew' does not exist in the current context [C:\Users\russel.mercado\source\repos\Yakult-System-New\Yakult.Inventory.App\Yakult.Inventory.App.csproj]
C:\Users\russel.mercado\source\repos\Yakult-System-New\Yakult.Inventory.App\Wpf\Admin\AccountManagement\Dialogs\ChangeDeptPasswordWindow.xaml.cs(33,39): error CS0103: The name 'TxtNewVisible' does not exist in the current context [C:\Users\russel.mercado\source\repos\Yakult-System-New\Yakult.Inventory.App\Yakult.Inventory.App.csproj]
C:\Users\russel.mercado\source\repos\Yakult-System-New\Yakult.Inventory.App\Wpf\Admin\AccountManagement\Dialogs\ChangeDeptPasswordWindow.xaml.cs(34,17): error CS0103: The name 'PwdConfirm' does not exist in the current context [C:\Users\russel.mercado\source\repos\Yakult-System-New\Yakult.Inventory.App\Yakult.Inventory.App.csproj]
C:\Users\russel.mercado\source\repos\Yakult-System-New\Yakult.Inventory.App\Wpf\Admin\AccountManagement\Dialogs\ChangeDeptPasswordWindow.xaml.cs(34,39): error CS0103: The name 'TxtConfVisible' does not exist in the current context [C:\Users\russel.mercado\source\repos\Yakult-System-New\Yakult.Inventory.App\Yakult.Inventory.App.csproj]
C:\Users\russel.mercado\source\repos\Yakult-System-New\Yakult.Inventory.App\Wpf\Admin\AccountManagement\Dialogs\ChangeDeptPasswordWindow.xaml.cs(35,17): error CS0103: The name 'TxtNewVisible' does not exist in the current context [C:\Users\russel.mercado\source\repos\Yakult-System-New\Yakult.Inventory.App\Yakult.Inventory.App.csproj]
C:\Users\russel.mercado\source\repos\Yakult-System-New\Yakult.Inventory.App\Wpf\Admin\AccountManagement\Dialogs\ChangeDeptPasswordWindow.xaml.cs(36,17): error CS0103: The name 'TxtConfVisible' does not exist in the current context [C:\Users\russel.mercado\source\repos\Yakult-System-New\Yakult.Inventory.App\Yakult.Inventory.App.csproj]
C:\Users\russel.mercado\source\repos\Yakult-System-New\Yakult.Inventory.App\Wpf\Admin\AccountManagement\Dialogs\ChangeDeptPasswordWindow.xaml.cs(37,17): error CS0103: The name 'PwdNew' does not exist in the current context [C:\Users\russel.mercado\source\repos\Yakult-System-New\Yakult.Inventory.App\Yakult.Inventory.App.csproj]
C:\Users\russel.mercado\source\repos\Yakult-System-New\Yakult.Inventory.App\Wpf\Admin\AccountManagement\Dialogs\ChangeDeptPasswordWindow.xaml.cs(38,17): error CS0103: The name 'PwdConfirm' does not exist in the current context [C:\Users\russel.mercado\source\repos\Yakult-System-New\Yakult.Inventory.App\Yakult.Inventory.App.csproj]
C:\Users\russel.mercado\source\repos\Yakult-System-New\Yakult.Inventory.App\Wpf\RepairPortal\Detail\Views\EvidenceViewerWindow.xaml.cs(275,19): error CS0103: The name 'SpeedCombo' does not exist in the current context [C:\Users\russel.mercado\source\repos\Yakult-System-New\Yakult.Inventory.App\Yakult.Inventory.App.csproj]
C:\Users\russel.mercado\source\repos\Yakult-System-New\Yakult.Inventory.App\Wpf\RepairPortal\Detail\Views\EvidenceViewerWindow.xaml.cs(276,17): error CS0103: The name 'VideoHost' does not exist in the current context [C:\Users\russel.mercado\source\repos\Yakult-System-New\Yakult.Inventory.App\Yakult.Inventory.App.csproj]
C:\Users\russel.mercado\source\repos\Yakult-System-New\Yakult.Inventory.App\Wpf\RepairPortal\Detail\Views\EvidenceViewerWindow.xaml.cs(281,17): error CS0103: The name 'VideoHost' does not exist in the current context [C:\Users\russel.mercado\source\repos\Yakult-System-New\Yakult.Inventory.App\Yakult.Inventory.App.csproj]
C:\Users\russel.mercado\source\repos\Yakult-System-New\Yakult.Inventory.App\Wpf\CartridgeManagement\Dialogs\OutboundBatchAssignmentWpfDialog.xaml.cs(67,13): error CS0103: The name 'BtnNext' does not exist in the current context [C:\Users\russel.mercado\source\repos\Yakult-System-New\Yakult.Inventory.App\Yakult.Inventory.App.csproj]
C:\Users\russel.mercado\source\repos\Yakult-System-New\Yakult.Inventory.App\Wpf\CartridgeManagement\Dialogs\OutboundBatchAssignmentWpfDialog.xaml.cs(74,17): error CS0103: The name 'CmbModelFilter' does not exist in the current context [C:\Users\russel.mercado\source\repos\Yakult-System-New\Yakult.Inventory.App\Yakult.Inventory.App.csproj]
C:\Users\russel.mercado\source\repos\Yakult-System-New\Yakult.Inventory.App\Wpf\CartridgeManagement\Dialogs\OutboundBatchAssignmentWpfDialog.xaml.cs(78,17): error CS0103: The name 'CmbModelFilter' does not exist in the current context [C:\Users\russel.mercado\source\repos\Yakult-System-New\Yakult.Inventory.App\Yakult.Inventory.App.csproj]
C:\Users\russel.mercado\source\repos\Yakult-System-New\Yakult.Inventory.App\Wpf\CartridgeManagement\Dialogs\OutboundBatchAssignmentWpfDialog.xaml.cs(84,21): error CS0103: The name 'CmbModelFilter' does not exist in the current context [C:\Users\russel.mercado\source\repos\Yakult-System-New\Yakult.Inventory.App\Yakult.Inventory.App.csproj]
C:\Users\russel.mercado\source\repos\Yakult-System-New\Yakult.Inventory.App\Wpf\CartridgeManagement\Dialogs\OutboundBatchAssignmentWpfDialog.xaml.cs(87,17): error CS0103: The name 'CmbModelFilter' does not exist in the current context [C:\Users\russel.mercado\source\repos\Yakult-System-New\Yakult.Inventory.App\Yakult.Inventory.App.csproj]
C:\Users\russel.mercado\source\repos\Yakult-System-New\Yakult.Inventory.App\Wpf\CartridgeManagement\Dialogs\OutboundBatchAssignmentWpfDialog.xaml.cs(98,17): error CS0103: The name 'BtnNext' does not exist in the current context [C:\Users\russel.mercado\source\repos\Yakult-System-New\Yakult.Inventory.App\Yakult.Inventory.App.csproj]
C:\Users\russel.mercado\source\repos\Yakult-System-New\Yakult.Inventory.App\Wpf\Admin\AccountManagement\Dialogs\ChangeDeptPasswordWindow.xaml.cs(44,30): error CS0103: The name 'ChkShow' does not exist in the current context [C:\Users\russel.mercado\source\repos\Yakult-System-New\Yakult.Inventory.App\Yakult.Inventory.App.csproj]
C:\Users\russel.mercado\source\repos\Yakult-System-New\Yakult.Inventory.App\Wpf\Admin\AccountManagement\Dialogs\ChangeDeptPasswordWindow.xaml.cs(44,58): error CS0103: The name 'TxtNewVisible' does not exist in the current context [C:\Users\russel.mercado\source\repos\Yakult-System-New\Yakult.Inventory.App\Yakult.Inventory.App.csproj]
C:\Users\russel.mercado\source\repos\Yakult-System-New\Yakult.Inventory.App\Wpf\Admin\AccountManagement\Dialogs\ChangeDeptPasswordWindow.xaml.cs(44,80): error CS0103: The name 'PwdNew' does not exist in the current context [C:\Users\russel.mercado\source\repos\Yakult-System-New\Yakult.Inventory.App\Yakult.Inventory.App.csproj]
C:\Users\russel.mercado\source\repos\Yakult-System-New\Yakult.Inventory.App\Wpf\Admin\AccountManagement\Dialogs\ChangeDeptPasswordWindow.xaml.cs(45,30): error CS0103: The name 'ChkShow' does not exist in the current context [C:\Users\russel.mercado\source\repos\Yakult-System-New\Yakult.Inventory.App\Yakult.Inventory.App.csproj]
C:\Users\russel.mercado\source\repos\Yakult-System-New\Yakult.Inventory.App\Wpf\Admin\AccountManagement\Dialogs\ChangeDeptPasswordWindow.xaml.cs(45,58): error CS0103: The name 'TxtConfVisible' does not exist in the current context [C:\Users\russel.mercado\source\repos\Yakult-System-New\Yakult.Inventory.App\Yakult.Inventory.App.csproj]
C:\Users\russel.mercado\source\repos\Yakult-System-New\Yakult.Inventory.App\Wpf\Admin\AccountManagement\Dialogs\ChangeDeptPasswordWindow.xaml.cs(45,80): error CS0103: The name 'PwdConfirm' does not exist in the current context [C:\Users\russel.mercado\source\repos\Yakult-System-New\Yakult.Inventory.App\Yakult.Inventory.App.csproj]
C:\Users\russel.mercado\source\repos\Yakult-System-New\Yakult.Inventory.App\Wpf\RepairPortal\Detail\Views\EvidenceViewerWindow.xaml.cs(295,17): error CS0103: The name 'VideoHost' does not exist in the current context [C:\Users\russel.mercado\source\repos\Yakult-System-New\Yakult.Inventory.App\Yakult.Inventory.App.csproj]
C:\Users\russel.mercado\source\repos\Yakult-System-New\Yakult.Inventory.App\Wpf\RepairPortal\Detail\Views\EvidenceViewerWindow.xaml.cs(302,17): error CS0103: The name 'VideoHost' does not exist in the current context [C:\Users\russel.mercado\source\repos\Yakult-System-New\Yakult.Inventory.App\Yakult.Inventory.App.csproj]
C:\Users\russel.mercado\source\repos\Yakult-System-New\Yakult.Inventory.App\Wpf\RepairPortal\Detail\Views\EvidenceViewerWindow.xaml.cs(303,17): error CS0103: The name 'VideoHost' does not exist in the current context [C:\Users\russel.mercado\source\repos\Yakult-System-New\Yakult.Inventory.App\Yakult.Inventory.App.csproj]
C:\Users\russel.mercado\source\repos\Yakult-System-New\Yakult.Inventory.App\Wpf\Admin\UserPositions\Views\UserPositionsView.xaml.cs(104,17): error CS0103: The name 'MainGrid' does not exist in the current context [C:\Users\russel.mercado\source\repos\Yakult-System-New\Yakult.Inventory.App\Yakult.Inventory.App.csproj]
C:\Users\russel.mercado\source\repos\Yakult-System-New\Yakult.Inventory.App\Wpf\Admin\UserPositions\Views\UserPositionsView.xaml.cs(133,33): error CS0103: The name 'MainGrid' does not exist in the current context [C:\Users\russel.mercado\source\repos\Yakult-System-New\Yakult.Inventory.App\Yakult.Inventory.App.csproj]
C:\Users\russel.mercado\source\repos\Yakult-System-New\Yakult.Inventory.App\Wpf\CartridgeManagement\Dialogs\OutboundBatchAssignmentWpfDialog.xaml.cs(109,33): error CS0103: The name 'CmbModelFilter' does not exist in the current context [C:\Users\russel.mercado\source\repos\Yakult-System-New\Yakult.Inventory.App\Yakult.Inventory.App.csproj]
C:\Users\russel.mercado\source\repos\Yakult-System-New\Yakult.Inventory.App\Wpf\CartridgeManagement\Dialogs\OutboundBatchAssignmentWpfDialog.xaml.cs(110,35): error CS0103: The name 'CmbModelFilter' does not exist in the current context [C:\Users\russel.mercado\source\repos\Yakult-System-New\Yakult.Inventory.App\Yakult.Inventory.App.csproj]
C:\Users\russel.mercado\source\repos\Yakult-System-New\Yakult.Inventory.App\Wpf\RepairPortal\Detail\Views\EvidenceViewerWindow.xaml.cs(378,25): error CS0103: The name 'VideoHost' does not exist in the current context [C:\Users\russel.mercado\source\repos\Yakult-System-New\Yakult.Inventory.App\Yakult.Inventory.App.csproj]
C:\Users\russel.mercado\source\repos\Yakult-System-New\Yakult.Inventory.App\Wpf\CartridgeManagement\Dialogs\OutboundBatchAssignmentWpfDialog.xaml.cs(144,17): error CS0103: The name 'TxtSelectionStatus' does not exist in the current context [C:\Users\russel.mercado\source\repos\Yakult-System-New\Yakult.Inventory.App\Yakult.Inventory.App.csproj]
C:\Users\russel.mercado\source\repos\Yakult-System-New\Yakult.Inventory.App\Wpf\CartridgeManagement\Dialogs\OutboundBatchAssignmentWpfDialog.xaml.cs(145,17): error CS0103: The name 'TxtSelectionStatus' does not exist in the current context [C:\Users\russel.mercado\source\repos\Yakult-System-New\Yakult.Inventory.App\Yakult.Inventory.App.csproj]
C:\Users\russel.mercado\source\repos\Yakult-System-New\Yakult.Inventory.App\Wpf\CartridgeManagement\Dialogs\OutboundBatchAssignmentWpfDialog.xaml.cs(149,17): error CS0103: The name 'TxtSelectionStatus' does not exist in the current context [C:\Users\russel.mercado\source\repos\Yakult-System-New\Yakult.Inventory.App\Yakult.Inventory.App.csproj]
C:\Users\russel.mercado\source\repos\Yakult-System-New\Yakult.Inventory.App\Wpf\CartridgeManagement\Dialogs\OutboundBatchAssignmentWpfDialog.xaml.cs(150,17): error CS0103: The name 'TxtSelectionStatus' does not exist in the current context [C:\Users\russel.mercado\source\repos\Yakult-System-New\Yakult.Inventory.App\Yakult.Inventory.App.csproj]
C:\Users\russel.mercado\source\repos\Yakult-System-New\Yakult.Inventory.App\Wpf\RepairPortal\Detail\Views\ImageCarouselControl.xaml.cs(48,13): error CS0103: The name 'InitializeComponent' does not exist in the current context [C:\Users\russel.mercado\source\repos\Yakult-System-New\Yakult.Inventory.App\Yakult.Inventory.App.csproj]
C:\Users\russel.mercado\source\repos\Yakult-System-New\Yakult.Inventory.App\Wpf\CartridgeManagement\Dialogs\OutboundBatchAssignmentWpfDialog.xaml.cs(157,48): error CS0103: The name 'ChkSelectAll' does not exist in the current context [C:\Users\russel.mercado\source\repos\Yakult-System-New\Yakult.Inventory.App\Yakult.Inventory.App.csproj]
C:\Users\russel.mercado\source\repos\Yakult-System-New\Yakult.Inventory.App\Wpf\CartridgeManagement\Dialogs\OutboundBatchAssignmentWpfDialog.xaml.cs(159,13): error CS0103: The name 'ChkSelectAll' does not exist in the current context [C:\Users\russel.mercado\source\repos\Yakult-System-New\Yakult.Inventory.App\Yakult.Inventory.App.csproj]
C:\Users\russel.mercado\source\repos\Yakult-System-New\Yakult.Inventory.App\Wpf\RepairPortal\Detail\Views\ReplacementItemPickerWindow.xaml.cs(29,13): error CS0103: The name 'InitializeComponent' does not exist in the current context [C:\Users\russel.mercado\source\repos\Yakult-System-New\Yakult.Inventory.App\Yakult.Inventory.App.csproj]
C:\Users\russel.mercado\source\repos\Yakult-System-New\Yakult.Inventory.App\Wpf\RepairPortal\Detail\Views\ReplacementItemPickerWindow.xaml.cs(34,13): error CS0103: The name 'PagingBar' does not exist in the current context [C:\Users\russel.mercado\source\repos\Yakult-System-New\Yakult.Inventory.App\Yakult.Inventory.App.csproj]
C:\Users\russel.mercado\source\repos\Yakult-System-New\Yakult.Inventory.App\Wpf\RepairPortal\Detail\Views\ReplacementItemPickerWindow.xaml.cs(35,13): error CS0103: The name 'PagingBar' does not exist in the current context [C:\Users\russel.mercado\source\repos\Yakult-System-New\Yakult.Inventory.App\Yakult.Inventory.App.csproj]
C:\Users\russel.mercado\source\repos\Yakult-System-New\Yakult.Inventory.App\Wpf\RepairPortal\Detail\Views\ReplacementItemPickerWindow.xaml.cs(36,13): error CS0103: The name 'PagingBar' does not exist in the current context [C:\Users\russel.mercado\source\repos\Yakult-System-New\Yakult.Inventory.App\Yakult.Inventory.App.csproj]
C:\Users\russel.mercado\source\repos\Yakult-System-New\Yakult.Inventory.App\Wpf\RepairPortal\Detail\Views\ReplacementItemPickerWindow.xaml.cs(37,13): error CS0103: The name 'PagingBar' does not exist in the current context [C:\Users\russel.mercado\source\repos\Yakult-System-New\Yakult.Inventory.App\Yakult.Inventory.App.csproj]
C:\Users\russel.mercado\source\repos\Yakult-System-New\Yakult.Inventory.App\Wpf\RepairPortal\Detail\Views\ReplacementItemPickerWindow.xaml.cs(51,51): error CS0103: The name 'SearchBox' does not exist in the current context [C:\Users\russel.mercado\source\repos\Yakult-System-New\Yakult.Inventory.App\Yakult.Inventory.App.csproj]
C:\Users\russel.mercado\source\repos\Yakult-System-New\Yakult.Inventory.App\Wpf\RepairPortal\Detail\Views\ReplacementItemPickerWindow.xaml.cs(51,76): error CS0103: The name 'SearchBox' does not exist in the current context [C:\Users\russel.mercado\source\repos\Yakult-System-New\Yakult.Inventory.App\Yakult.Inventory.App.csproj]
C:\Users\russel.mercado\source\repos\Yakult-System-New\Yakult.Inventory.App\Wpf\RepairPortal\Detail\Views\ReplacementItemPickerWindow.xaml.cs(53,13): error CS0103: The name 'ResultsGrid' does not exist in the current context [C:\Users\russel.mercado\source\repos\Yakult-System-New\Yakult.Inventory.App\Yakult.Inventory.App.csproj]
C:\Users\russel.mercado\source\repos\Yakult-System-New\Yakult.Inventory.App\Wpf\RepairPortal\Detail\Views\ReplacementItemPickerWindow.xaml.cs(54,13): error CS0103: The name 'OkButton' does not exist in the current context [C:\Users\russel.mercado\source\repos\Yakult-System-New\Yakult.Inventory.App\Yakult.Inventory.App.csproj]
C:\Users\russel.mercado\source\repos\Yakult-System-New\Yakult.Inventory.App\Wpf\RepairPortal\Detail\Views\ReplacementItemPickerWindow.xaml.cs(59,75): error CS1503: Argument 1: cannot convert from 'System.ReadOnlySpan<char>' to 'string' [C:\Users\russel.mercado\source\repos\Yakult-System-New\Yakult.Inventory.App\Yakult.Inventory.App.csproj]
C:\Users\russel.mercado\source\repos\Yakult-System-New\Yakult.Inventory.App\Wpf\RepairPortal\Detail\Views\ReplacementItemPickerWindow.xaml.cs(69,13): error CS0103: The name 'ResultsGrid' does not exist in the current context [C:\Users\russel.mercado\source\repos\Yakult-System-New\Yakult.Inventory.App\Yakult.Inventory.App.csproj]
C:\Users\russel.mercado\source\repos\Yakult-System-New\Yakult.Inventory.App\Wpf\RepairPortal\Detail\Views\ReplacementItemPickerWindow.xaml.cs(71,13): error CS0103: The name 'PagingBar' does not exist in the current context [C:\Users\russel.mercado\source\repos\Yakult-System-New\Yakult.Inventory.App\Yakult.Inventory.App.csproj]
C:\Users\russel.mercado\source\repos\Yakult-System-New\Yakult.Inventory.App\Wpf\RepairPortal\Detail\Views\ReplacementItemPickerWindow.xaml.cs(76,13): error CS0103: The name 'OkButton' does not exist in the current context [C:\Users\russel.mercado\source\repos\Yakult-System-New\Yakult.Inventory.App\Yakult.Inventory.App.csproj]
C:\Users\russel.mercado\source\repos\Yakult-System-New\Yakult.Inventory.App\Wpf\RepairPortal\Detail\Views\ReplacementItemPickerWindow.xaml.cs(76,34): error CS0103: The name 'ResultsGrid' does not exist in the current context [C:\Users\russel.mercado\source\repos\Yakult-System-New\Yakult.Inventory.App\Yakult.Inventory.App.csproj]
C:\Users\russel.mercado\source\repos\Yakult-System-New\Yakult.Inventory.App\Wpf\RepairPortal\Detail\Views\ReplacementItemPickerWindow.xaml.cs(81,17): error CS0103: The name 'ResultsGrid' does not exist in the current context [C:\Users\russel.mercado\source\repos\Yakult-System-New\Yakult.Inventory.App\Yakult.Inventory.App.csproj]
C:\Users\russel.mercado\source\repos\Yakult-System-New\Yakult.Inventory.App\Wpf\RepairPortal\Detail\Views\ReplacementItemPickerWindow.xaml.cs(87,17): error CS0103: The name 'ResultsGrid' does not exist in the current context [C:\Users\russel.mercado\source\repos\Yakult-System-New\Yakult.Inventory.App\Yakult.Inventory.App.csproj]
C:\Users\russel.mercado\source\repos\Yakult-System-New\Yakult.Inventory.App\Wpf\Receipt\ReceiptSetViewerWindow.xaml.cs(122,13): error CS0103: The name 'InitializeComponent' does not exist in the current context [C:\Users\russel.mercado\source\repos\Yakult-System-New\Yakult.Inventory.App\Yakult.Inventory.App.csproj]
C:\Users\russel.mercado\source\repos\Yakult-System-New\Yakult.Inventory.App\Wpf\Receipt\ReceiptSetsView.xaml.cs(36,13): error CS0103: The name 'InitializeComponent' does not exist in the current context [C:\Users\russel.mercado\source\repos\Yakult-System-New\Yakult.Inventory.App\Yakult.Inventory.App.csproj]
C:\Users\russel.mercado\source\repos\Yakult-System-New\Yakult.Inventory.App\Wpf\RepairPortal\Detail\Views\SelectRepairedByDialog.xaml.cs(38,13): error CS0103: The name 'InitializeComponent' does not exist in the current context [C:\Users\russel.mercado\source\repos\Yakult-System-New\Yakult.Inventory.App\Yakult.Inventory.App.csproj]
C:\Users\russel.mercado\source\repos\Yakult-System-New\Yakult.Inventory.App\Wpf\Receipt\ReceiptSetViewerWindow.xaml.cs(146,13): error CS0103: The name 'InitializeComponent' does not exist in the current context [C:\Users\russel.mercado\source\repos\Yakult-System-New\Yakult.Inventory.App\Yakult.Inventory.App.csproj]
C:\Users\russel.mercado\source\repos\Yakult-System-New\Yakult.Inventory.App\Wpf\RepairPortal\Detail\Views\RepairTicketDetailWindow.xaml.cs(27,13): error CS0103: The name 'InitializeComponent' does not exist in the current context [C:\Users\russel.mercado\source\repos\Yakult-System-New\Yakult.Inventory.App\Yakult.Inventory.App.csproj]
C:\Users\russel.mercado\source\repos\Yakult-System-New\Yakult.Inventory.App\Wpf\Receipt\ReceiptSetViewerWindow.xaml.cs(181,13): error CS0103: The name 'TxtSubtitle' does not exist in the current context [C:\Users\russel.mercado\source\repos\Yakult-System-New\Yakult.Inventory.App\Yakult.Inventory.App.csproj]
C:\Users\russel.mercado\source\repos\Yakult-System-New\Yakult.Inventory.App\Wpf\Receipt\ReceiptSetViewerWindow.xaml.cs(190,17): error CS0103: The name 'CmbSupplier' does not exist in the current context [C:\Users\russel.mercado\source\repos\Yakult-System-New\Yakult.Inventory.App\Yakult.Inventory.App.csproj]
C:\Users\russel.mercado\source\repos\Yakult-System-New\Yakult.Inventory.App\Wpf\Receipt\ReceiptSetViewerWindow.xaml.cs(191,17): error CS0103: The name 'TxtSiNumber' does not exist in the current context [C:\Users\russel.mercado\source\repos\Yakult-System-New\Yakult.Inventory.App\Yakult.Inventory.App.csproj]
C:\Users\russel.mercado\source\repos\Yakult-System-New\Yakult.Inventory.App\Wpf\Receipt\ReceiptSetViewerWindow.xaml.cs(192,17): error CS0103: The name 'TxtDrNumber' does not exist in the current context [C:\Users\russel.mercado\source\repos\Yakult-System-New\Yakult.Inventory.App\Yakult.Inventory.App.csproj]
C:\Users\russel.mercado\source\repos\Yakult-System-New\Yakult.Inventory.App\Wpf\Receipt\ReceiptSetViewerWindow.xaml.cs(193,17): error CS0103: The name 'TxtPoNumber' does not exist in the current context [C:\Users\russel.mercado\source\repos\Yakult-System-New\Yakult.Inventory.App\Yakult.Inventory.App.csproj]
C:\Users\russel.mercado\source\repos\Yakult-System-New\Yakult.Inventory.App\Wpf\Receipt\ReceiptSetViewerWindow.xaml.cs(199,17): error CS0103: The name 'CmbSupplier' does not exist in the current context [C:\Users\russel.mercado\source\repos\Yakult-System-New\Yakult.Inventory.App\Yakult.Inventory.App.csproj]
C:\Users\russel.mercado\source\repos\Yakult-System-New\Yakult.Inventory.App\Wpf\SendNotifications\Views\SendNotificationsView.xaml.cs(14,13): error CS0103: The name 'InitializeComponent' does not exist in the current context [C:\Users\russel.mercado\source\repos\Yakult-System-New\Yakult.Inventory.App\Yakult.Inventory.App.csproj]
C:\Users\russel.mercado\source\repos\Yakult-System-New\Yakult.Inventory.App\Wpf\RequestPortal\AuthorizeRequest\Views\AuthorizeRequestView.xaml.cs(16,81): error CS0103: The name 'tourHeaderBar' does not exist in the current context [C:\Users\russel.mercado\source\repos\Yakult-System-New\Yakult.Inventory.App\Yakult.Inventory.App.csproj]
C:\Users\russel.mercado\source\repos\Yakult-System-New\Yakult.Inventory.App\Wpf\RequestPortal\AuthorizeRequest\Views\AuthorizeRequestView.xaml.cs(17,81): error CS0103: The name 'tourSearchArea' does not exist in the current context [C:\Users\russel.mercado\source\repos\Yakult-System-New\Yakult.Inventory.App\Yakult.Inventory.App.csproj]
C:\Users\russel.mercado\source\repos\Yakult-System-New\Yakult.Inventory.App\Wpf\RequestPortal\AuthorizeRequest\Views\AuthorizeRequestView.xaml.cs(18,81): error CS0103: The name 'tourQueueList' does not exist in the current context [C:\Users\russel.mercado\source\repos\Yakult-System-New\Yakult.Inventory.App\Yakult.Inventory.App.csproj]
C:\Users\russel.mercado\source\repos\Yakult-System-New\Yakult.Inventory.App\Wpf\RequestPortal\AuthorizeRequest\Views\AuthorizeRequestView.xaml.cs(19,81): error CS0103: The name 'tourQueuePanel' does not exist in the current context [C:\Users\russel.mercado\source\repos\Yakult-System-New\Yakult.Inventory.App\Yakult.Inventory.App.csproj]
C:\Users\russel.mercado\source\repos\Yakult-System-New\Yakult.Inventory.App\Wpf\RequestPortal\AuthorizeRequest\Views\AuthorizeRequestView.xaml.cs(20,81): error CS0103: The name 'tourRequestDetailsCard' does not exist in the current context [C:\Users\russel.mercado\source\repos\Yakult-System-New\Yakult.Inventory.App\Yakult.Inventory.App.csproj]
C:\Users\russel.mercado\source\repos\Yakult-System-New\Yakult.Inventory.App\Wpf\RequestPortal\AuthorizeRequest\Views\AuthorizeRequestView.xaml.cs(21,81): error CS0103: The name 'tourCartridgeCard' does not exist in the current context [C:\Users\russel.mercado\source\repos\Yakult-System-New\Yakult.Inventory.App\Yakult.Inventory.App.csproj]
C:\Users\russel.mercado\source\repos\Yakult-System-New\Yakult.Inventory.App\Wpf\RequestPortal\AuthorizeRequest\Views\AuthorizeRequestView.xaml.cs(22,81): error CS0103: The name 'tourPreviewCard' does not exist in the current context [C:\Users\russel.mercado\source\repos\Yakult-System-New\Yakult.Inventory.App\Yakult.Inventory.App.csproj]
C:\Users\russel.mercado\source\repos\Yakult-System-New\Yakult.Inventory.App\Wpf\RequestPortal\AuthorizeRequest\Views\AuthorizeRequestView.xaml.cs(23,81): error CS0103: The name 'tourSignatureCard' does not exist in the current context [C:\Users\russel.mercado\source\repos\Yakult-System-New\Yakult.Inventory.App\Yakult.Inventory.App.csproj]
C:\Users\russel.mercado\source\repos\Yakult-System-New\Yakult.Inventory.App\Wpf\RequestPortal\AuthorizeRequest\Views\AuthorizeRequestView.xaml.cs(24,81): error CS0103: The name 'tourDrawTabBtn' does not exist in the current context [C:\Users\russel.mercado\source\repos\Yakult-System-New\Yakult.Inventory.App\Yakult.Inventory.App.csproj]
C:\Users\russel.mercado\source\repos\Yakult-System-New\Yakult.Inventory.App\Wpf\RequestPortal\AuthorizeRequest\Views\AuthorizeRequestView.xaml.cs(25,81): error CS0103: The name 'tourUploadTabBtn' does not exist in the current context [C:\Users\russel.mercado\source\repos\Yakult-System-New\Yakult.Inventory.App\Yakult.Inventory.App.csproj]
C:\Users\russel.mercado\source\repos\Yakult-System-New\Yakult.Inventory.App\Wpf\RequestPortal\AuthorizeRequest\Views\AuthorizeRequestView.xaml.cs(26,81): error CS0103: The name 'tourClearBtnRow' does not exist in the current context [C:\Users\russel.mercado\source\repos\Yakult-System-New\Yakult.Inventory.App\Yakult.Inventory.App.csproj]
C:\Users\russel.mercado\source\repos\Yakult-System-New\Yakult.Inventory.App\Wpf\RequestPortal\AuthorizeRequest\Views\AuthorizeRequestView.xaml.cs(27,81): error CS0103: The name 'tourActionCard' does not exist in the current context [C:\Users\russel.mercado\source\repos\Yakult-System-New\Yakult.Inventory.App\Yakult.Inventory.App.csproj]
C:\Users\russel.mercado\source\repos\Yakult-System-New\Yakult.Inventory.App\Wpf\RequestPortal\AuthorizeRequest\Views\AuthorizeRequestView.xaml.cs(28,81): error CS0103: The name 'tourNotesBox' does not exist in the current context [C:\Users\russel.mercado\source\repos\Yakult-System-New\Yakult.Inventory.App\Yakult.Inventory.App.csproj]
C:\Users\russel.mercado\source\repos\Yakult-System-New\Yakult.Inventory.App\Wpf\RequestPortal\AuthorizeRequest\Views\AuthorizeRequestView.xaml.cs(29,81): error CS0103: The name 'tourApproveBtn' does not exist in the current context [C:\Users\russel.mercado\source\repos\Yakult-System-New\Yakult.Inventory.App\Yakult.Inventory.App.csproj]
C:\Users\russel.mercado\source\repos\Yakult-System-New\Yakult.Inventory.App\Wpf\RequestPortal\AuthorizeRequest\Views\AuthorizeRequestView.xaml.cs(30,81): error CS0103: The name 'tourRejectBtn' does not exist in the current context [C:\Users\russel.mercado\source\repos\Yakult-System-New\Yakult.Inventory.App\Yakult.Inventory.App.csproj]
C:\Users\russel.mercado\source\repos\Yakult-System-New\Yakult.Inventory.App\Wpf\Admin\UserActivityInsights\Views\UserActivityInsightsView.xaml.cs(14,13): error CS0103: The name 'InitializeComponent' does not exist in the current context [C:\Users\russel.mercado\source\repos\Yakult-System-New\Yakult.Inventory.App\Yakult.Inventory.App.csproj]
C:\Users\russel.mercado\source\repos\Yakult-System-New\Yakult.Inventory.App\Wpf\RequestPortal\AuthorizeRequest\Views\AuthorizeRequestView.xaml.cs(34,13): error CS0103: The name 'InitializeComponent' does not exist in the current context [C:\Users\russel.mercado\source\repos\Yakult-System-New\Yakult.Inventory.App\Yakult.Inventory.App.csproj]
C:\Users\russel.mercado\source\repos\Yakult-System-New\Yakult.Inventory.App\Wpf\RequestPortal\AuthorizeRequest\Views\AuthorizeRequestView.xaml.cs(39,13): error CS0103: The name 'inkCanvas' does not exist in the current context [C:\Users\russel.mercado\source\repos\Yakult-System-New\Yakult.Inventory.App\Yakult.Inventory.App.csproj]
C:\Users\russel.mercado\source\repos\Yakult-System-New\Yakult.Inventory.App\Wpf\RequestPortal\AuthorizeRequest\Views\AuthorizeRequestView.xaml.cs(40,13): error CS0103: The name 'inkCanvas' does not exist in the current context [C:\Users\russel.mercado\source\repos\Yakult-System-New\Yakult.Inventory.App\Yakult.Inventory.App.csproj]
C:\Users\russel.mercado\source\repos\Yakult-System-New\Yakult.Inventory.App\Wpf\RequestPortal\AuthorizeRequest\Views\AuthorizeRequestView.xaml.cs(45,13): error CS0103: The name 'inkCanvas' does not exist in the current context [C:\Users\russel.mercado\source\repos\Yakult-System-New\Yakult.Inventory.App\Yakult.Inventory.App.csproj]
C:\Users\russel.mercado\source\repos\Yakult-System-New\Yakult.Inventory.App\Wpf\RequestPortal\AuthorizeRequest\Views\AuthorizeRequestView.xaml.cs(55,13): error CS0103: The name 'inkCanvas' does not exist in the current context [C:\Users\russel.mercado\source\repos\Yakult-System-New\Yakult.Inventory.App\Yakult.Inventory.App.csproj]
C:\Users\russel.mercado\source\repos\Yakult-System-New\Yakult.Inventory.App\Wpf\Admin\UserActivityInsights\Views\UserActivityInsightsView.xaml.cs(23,13): error CS0103: The name 'ChartMostActiveHours' does not exist in the current context [C:\Users\russel.mercado\source\repos\Yakult-System-New\Yakult.Inventory.App\Yakult.Inventory.App.csproj]
C:\Users\russel.mercado\source\repos\Yakult-System-New\Yakult.Inventory.App\Wpf\Admin\UserActivityInsights\Views\UserActivityInsightsView.xaml.cs(24,13): error CS0103: The name 'ChartActivitiesOverTime' does not exist in the current context [C:\Users\russel.mercado\source\repos\Yakult-System-New\Yakult.Inventory.App\Yakult.Inventory.App.csproj]
C:\Users\russel.mercado\source\repos\Yakult-System-New\Yakult.Inventory.App\Wpf\Admin\UserActivityInsights\Views\UserActivityInsightsView.xaml.cs(25,13): error CS0103: The name 'ChartEntityDistribution' does not exist in the current context [C:\Users\russel.mercado\source\repos\Yakult-System-New\Yakult.Inventory.App\Yakult.Inventory.App.csproj]
C:\Users\russel.mercado\source\repos\Yakult-System-New\Yakult.Inventory.App\Wpf\Admin\UserActivityInsights\Views\UserActivityInsightsView.xaml.cs(26,13): error CS0103: The name 'ChartMonthlyBreakdown' does not exist in the current context [C:\Users\russel.mercado\source\repos\Yakult-System-New\Yakult.Inventory.App\Yakult.Inventory.App.csproj]
C:\Users\russel.mercado\source\repos\Yakult-System-New\Yakult.Inventory.App\Wpf\Admin\UserActivityInsights\Views\UserActivityInsightsView.xaml.cs(27,13): error CS0103: The name 'ChartActivitiesByAction' does not exist in the current context [C:\Users\russel.mercado\source\repos\Yakult-System-New\Yakult.Inventory.App\Yakult.Inventory.App.csproj]
C:\Users\russel.mercado\source\repos\Yakult-System-New\Yakult.Inventory.App\Wpf\Admin\UserActivityInsights\Views\UserActivityInsightsView.xaml.cs(28,13): error CS0103: The name 'ChartTopUsers' does not exist in the current context [C:\Users\russel.mercado\source\repos\Yakult-System-New\Yakult.Inventory.App\Yakult.Inventory.App.csproj]
C:\Users\russel.mercado\source\repos\Yakult-System-New\Yakult.Inventory.App\Wpf\RepairPortal\Detail\Views\RepairTicketDetailWindow.xaml.cs(172,17): error CS0103: The name 'BtnGenerateQr' does not exist in the current context [C:\Users\russel.mercado\source\repos\Yakult-System-New\Yakult.Inventory.App\Yakult.Inventory.App.csproj]
C:\Users\russel.mercado\source\repos\Yakult-System-New\Yakult.Inventory.App\Wpf\RepairPortal\Detail\Views\RepairTicketDetailWindow.xaml.cs(173,17): error CS0103: The name 'BtnGenerateQr' does not exist in the current context [C:\Users\russel.mercado\source\repos\Yakult-System-New\Yakult.Inventory.App\Yakult.Inventory.App.csproj]
C:\Users\russel.mercado\source\repos\Yakult-System-New\Yakult.Inventory.App\Wpf\RepairPortal\Detail\Views\RepairTicketDetailWindow.xaml.cs(193,17): error CS0103: The name 'BtnGenerateQr' does not exist in the current context [C:\Users\russel.mercado\source\repos\Yakult-System-New\Yakult.Inventory.App\Yakult.Inventory.App.csproj]
C:\Users\russel.mercado\source\repos\Yakult-System-New\Yakult.Inventory.App\Wpf\RepairPortal\Detail\Views\RepairTicketDetailWindow.xaml.cs(194,17): error CS0103: The name 'BtnGenerateQr' does not exist in the current context [C:\Users\russel.mercado\source\repos\Yakult-System-New\Yakult.Inventory.App\Yakult.Inventory.App.csproj]
C:\Users\russel.mercado\source\repos\Yakult-System-New\Yakult.Inventory.App\Wpf\RequestPortal\AuthorizeRequest\Views\AuthorizeRequestView.xaml.cs(91,25): error CS0103: The name 'inkCanvas' does not exist in the current context [C:\Users\russel.mercado\source\repos\Yakult-System-New\Yakult.Inventory.App\Yakult.Inventory.App.csproj]
C:\Users\russel.mercado\source\repos\Yakult-System-New\Yakult.Inventory.App\Wpf\RequestPortal\AuthorizeRequest\Views\AuthorizeRequestView.xaml.cs(103,17): error CS0103: The name 'inkCanvas' does not exist in the current context [C:\Users\russel.mercado\source\repos\Yakult-System-New\Yakult.Inventory.App\Yakult.Inventory.App.csproj]
C:\Users\russel.mercado\source\repos\Yakult-System-New\Yakult.Inventory.App\Wpf\RequestPortal\AuthorizeRequest\Views\AuthorizeRequestView.xaml.cs(109,17): error CS0103: The name 'drawHint' does not exist in the current context [C:\Users\russel.mercado\source\repos\Yakult-System-New\Yakult.Inventory.App\Yakult.Inventory.App.csproj]
C:\Users\russel.mercado\source\repos\Yakult-System-New\Yakult.Inventory.App\Wpf\RequestPortal\AuthorizeRequest\Views\AuthorizeRequestView.xaml.cs(110,13): error CS0103: The name 'drawHint' does not exist in the current context [C:\Users\russel.mercado\source\repos\Yakult-System-New\Yakult.Inventory.App\Yakult.Inventory.App.csproj]
C:\Users\russel.mercado\source\repos\Yakult-System-New\Yakult.Inventory.App\Wpf\RequestPortal\AuthorizeRequest\Views\AuthorizeRequestView.xaml.cs(110,35): error CS0103: The name 'inkCanvas' does not exist in the current context [C:\Users\russel.mercado\source\repos\Yakult-System-New\Yakult.Inventory.App\Yakult.Inventory.App.csproj]
C:\Users\russel.mercado\source\repos\Yakult-System-New\Yakult.Inventory.App\Wpf\RequestPortal\AuthorizeRequest\Views\AuthorizeRequestView.xaml.cs(120,31): error CS0103: The name 'inkCanvas' does not exist in the current context [C:\Users\russel.mercado\source\repos\Yakult-System-New\Yakult.Inventory.App\Yakult.Inventory.App.csproj]
C:\Users\russel.mercado\source\repos\Yakult-System-New\Yakult.Inventory.App\Wpf\Receipt\ReceiptSetViewerWindow.xaml.cs(223,17): error CS0103: The name 'CmbSupplier' does not exist in the current context [C:\Users\russel.mercado\source\repos\Yakult-System-New\Yakult.Inventory.App\Yakult.Inventory.App.csproj]
C:\Users\russel.mercado\source\repos\Yakult-System-New\Yakult.Inventory.App\Wpf\CartridgeManagement\Dialogs\OutboundBatchAssignmentWpfDialog.xaml.cs(175,13): error CS0103: The name 'CmbVendor' does not exist in the current context [C:\Users\russel.mercado\source\repos\Yakult-System-New\Yakult.Inventory.App\Yakult.Inventory.App.csproj]
C:\Users\russel.mercado\source\repos\Yakult-System-New\Yakult.Inventory.App\Wpf\CartridgeManagement\Dialogs\OutboundBatchAssignmentWpfDialog.xaml.cs(176,13): error CS0103: The name 'CmbExistingBatch' does not exist in the current context [C:\Users\russel.mercado\source\repos\Yakult-System-New\Yakult.Inventory.App\Yakult.Inventory.App.csproj]
C:\Users\russel.mercado\source\repos\Yakult-System-New\Yakult.Inventory.App\Wpf\CartridgeManagement\Dialogs\OutboundBatchAssignmentWpfDialog.xaml.cs(177,13): error CS0103: The name 'RadNew' does not exist in the current context [C:\Users\russel.mercado\source\repos\Yakult-System-New\Yakult.Inventory.App\Yakult.Inventory.App.csproj]
C:\Users\russel.mercado\source\repos\Yakult-System-New\Yakult.Inventory.App\Wpf\CartridgeManagement\Dialogs\OutboundBatchAssignmentWpfDialog.xaml.cs(198,13): error CS0103: The name 'TxtStep2Summary' does not exist in the current context [C:\Users\russel.mercado\source\repos\Yakult-System-New\Yakult.Inventory.App\Yakult.Inventory.App.csproj]
C:\Users\russel.mercado\source\repos\Yakult-System-New\Yakult.Inventory.App\Wpf\CartridgeManagement\Dialogs\OutboundBatchAssignmentWpfDialog.xaml.cs(202,13): error CS0103: The name 'DamagedWarnBorder' does not exist in the current context [C:\Users\russel.mercado\source\repos\Yakult-System-New\Yakult.Inventory.App\Yakult.Inventory.App.csproj]
C:\Users\russel.mercado\source\repos\Yakult-System-New\Yakult.Inventory.App\Wpf\CartridgeManagement\Dialogs\OutboundBatchAssignmentWpfDialog.xaml.cs(203,13): error CS0103: The name 'RadSell' does not exist in the current context [C:\Users\russel.mercado\source\repos\Yakult-System-New\Yakult.Inventory.App\Yakult.Inventory.App.csproj]
C:\Users\russel.mercado\source\repos\Yakult-System-New\Yakult.Inventory.App\Wpf\CartridgeManagement\Dialogs\OutboundBatchAssignmentWpfDialog.xaml.cs(204,29): error CS0103: The name 'RadDispose' does not exist in the current context [C:\Users\russel.mercado\source\repos\Yakult-System-New\Yakult.Inventory.App\Yakult.Inventory.App.csproj]
C:\Users\russel.mercado\source\repos\Yakult-System-New\Yakult.Inventory.App\Wpf\CartridgeManagement\Dialogs\OutboundBatchAssignmentWpfDialog.xaml.cs(217,21): error CS0103: The name 'CmbExistingBatch' does not exist in the current context [C:\Users\russel.mercado\source\repos\Yakult-System-New\Yakult.Inventory.App\Yakult.Inventory.App.csproj]
C:\Users\russel.mercado\source\repos\Yakult-System-New\Yakult.Inventory.App\Wpf\CartridgeManagement\Dialogs\OutboundBatchAssignmentWpfDialog.xaml.cs(219,21): error CS0103: The name 'CmbExistingBatch' does not exist in the current context [C:\Users\russel.mercado\source\repos\Yakult-System-New\Yakult.Inventory.App\Yakult.Inventory.App.csproj]
C:\Users\russel.mercado\source\repos\Yakult-System-New\Yakult.Inventory.App\Wpf\CartridgeManagement\Dialogs\OutboundBatchAssignmentWpfDialog.xaml.cs(220,21): error CS0103: The name 'CmbExistingBatch' does not exist in the current context [C:\Users\russel.mercado\source\repos\Yakult-System-New\Yakult.Inventory.App\Yakult.Inventory.App.csproj]
C:\Users\russel.mercado\source\repos\Yakult-System-New\Yakult.Inventory.App\Wpf\CartridgeManagement\Dialogs\OutboundBatchAssignmentWpfDialog.xaml.cs(222,21): error CS0103: The name 'RadExisting' does not exist in the current context [C:\Users\russel.mercado\source\repos\Yakult-System-New\Yakult.Inventory.App\Yakult.Inventory.App.csproj]
C:\Users\russel.mercado\source\repos\Yakult-System-New\Yakult.Inventory.App\Wpf\Receipt\ReceiptSetViewerWindow.xaml.cs(282,13): error CS0103: The name 'BtnAddImages' does not exist in the current context [C:\Users\russel.mercado\source\repos\Yakult-System-New\Yakult.Inventory.App\Yakult.Inventory.App.csproj]
C:\Users\russel.mercado\source\repos\Yakult-System-New\Yakult.Inventory.App\Wpf\Receipt\ReceiptSetViewerWindow.xaml.cs(287,17): error CS0103: The name 'TxtGalleryHint' does not exist in the current context [C:\Users\russel.mercado\source\repos\Yakult-System-New\Yakult.Inventory.App\Yakult.Inventory.App.csproj]
C:\Users\russel.mercado\source\repos\Yakult-System-New\Yakult.Inventory.App\Wpf\CartridgeManagement\Dialogs\OutboundBatchAssignmentWpfDialog.xaml.cs(234,13): error CS0103: The name 'CmbVendor' does not exist in the current context [C:\Users\russel.mercado\source\repos\Yakult-System-New\Yakult.Inventory.App\Yakult.Inventory.App.csproj]
C:\Users\russel.mercado\source\repos\Yakult-System-New\Yakult.Inventory.App\Wpf\CartridgeManagement\Dialogs\OutboundBatchAssignmentWpfDialog.xaml.cs(236,30): error CS0103: The name 'RadDispose' does not exist in the current context [C:\Users\russel.mercado\source\repos\Yakult-System-New\Yakult.Inventory.App\Yakult.Inventory.App.csproj]
C:\Users\russel.mercado\source\repos\Yakult-System-New\Yakult.Inventory.App\Wpf\CartridgeManagement\Dialogs\OutboundBatchAssignmentWpfDialog.xaml.cs(260,29): error CS0103: The name 'CmbVendor' does not exist in the current context [C:\Users\russel.mercado\source\repos\Yakult-System-New\Yakult.Inventory.App\Yakult.Inventory.App.csproj]
C:\Users\russel.mercado\source\repos\Yakult-System-New\Yakult.Inventory.App\Wpf\CartridgeManagement\Dialogs\OutboundBatchAssignmentWpfDialog.xaml.cs(265,21): error CS0103: The name 'CmbVendor' does not exist in the current context [C:\Users\russel.mercado\source\repos\Yakult-System-New\Yakult.Inventory.App\Yakult.Inventory.App.csproj]
C:\Users\russel.mercado\source\repos\Yakult-System-New\Yakult.Inventory.App\Wpf\CartridgeManagement\Dialogs\OutboundBatchAssignmentWpfDialog.xaml.cs(266,21): error CS0103: The name 'CmbVendor' does not exist in the current context [C:\Users\russel.mercado\source\repos\Yakult-System-New\Yakult.Inventory.App\Yakult.Inventory.App.csproj]
C:\Users\russel.mercado\source\repos\Yakult-System-New\Yakult.Inventory.App\Wpf\CartridgeManagement\Dialogs\OutboundBatchAssignmentWpfDialog.xaml.cs(283,24): error CS0103: The name 'ChkSelectAll' does not exist in the current context [C:\Users\russel.mercado\source\repos\Yakult-System-New\Yakult.Inventory.App\Yakult.Inventory.App.csproj]
C:\Users\russel.mercado\source\repos\Yakult-System-New\Yakult.Inventory.App\Wpf\Receipt\ReceiptSetViewerWindow.xaml.cs(299,13): error CS0103: The name 'ImageGallery' does not exist in the current context [C:\Users\russel.mercado\source\repos\Yakult-System-New\Yakult.Inventory.App\Yakult.Inventory.App.csproj]
C:\Users\russel.mercado\source\repos\Yakult-System-New\Yakult.Inventory.App\Wpf\Receipt\ReceiptSetViewerWindow.xaml.cs(304,17): error CS0103: The name 'ImageGallery' does not exist in the current context [C:\Users\russel.mercado\source\repos\Yakult-System-New\Yakult.Inventory.App\Yakult.Inventory.App.csproj]
C:\Users\russel.mercado\source\repos\Yakult-System-New\Yakult.Inventory.App\Wpf\Receipt\ReceiptSetViewerWindow.xaml.cs(306,17): error CS0103: The name 'TxtGalleryHint' does not exist in the current context [C:\Users\russel.mercado\source\repos\Yakult-System-New\Yakult.Inventory.App\Yakult.Inventory.App.csproj]
C:\Users\russel.mercado\source\repos\Yakult-System-New\Yakult.Inventory.App\Wpf\Receipt\ReceiptSetViewerWindow.xaml.cs(310,17): error CS0103: The name 'EmptyGalleryState' does not exist in the current context [C:\Users\russel.mercado\source\repos\Yakult-System-New\Yakult.Inventory.App\Yakult.Inventory.App.csproj]
C:\Users\russel.mercado\source\repos\Yakult-System-New\Yakult.Inventory.App\Wpf\Receipt\ReceiptSetViewerWindow.xaml.cs(313,21): error CS0103: The name 'EmptyStateIcon' does not exist in the current context [C:\Users\russel.mercado\source\repos\Yakult-System-New\Yakult.Inventory.App\Yakult.Inventory.App.csproj]
C:\Users\russel.mercado\source\repos\Yakult-System-New\Yakult.Inventory.App\Wpf\Receipt\ReceiptSetViewerWindow.xaml.cs(314,21): error CS0103: The name 'EmptyStateTitle' does not exist in the current context [C:\Users\russel.mercado\source\repos\Yakult-System-New\Yakult.Inventory.App\Yakult.Inventory.App.csproj]
C:\Users\russel.mercado\source\repos\Yakult-System-New\Yakult.Inventory.App\Wpf\Receipt\ReceiptSetViewerWindow.xaml.cs(315,21): error CS0103: The name 'EmptyStateHint' does not exist in the current context [C:\Users\russel.mercado\source\repos\Yakult-System-New\Yakult.Inventory.App\Yakult.Inventory.App.csproj]
C:\Users\russel.mercado\source\repos\Yakult-System-New\Yakult.Inventory.App\Wpf\Receipt\ReceiptSetViewerWindow.xaml.cs(322,13): error CS0103: The name 'ImageGallery' does not exist in the current context [C:\Users\russel.mercado\source\repos\Yakult-System-New\Yakult.Inventory.App\Yakult.Inventory.App.csproj]
C:\Users\russel.mercado\source\repos\Yakult-System-New\Yakult.Inventory.App\Wpf\Receipt\ReceiptSetViewerWindow.xaml.cs(324,13): error CS0103: The name 'EmptyGalleryState' does not exist in the current context [C:\Users\russel.mercado\source\repos\Yakult-System-New\Yakult.Inventory.App\Yakult.Inventory.App.csproj]
C:\Users\russel.mercado\source\repos\Yakult-System-New\Yakult.Inventory.App\Wpf\Receipt\ReceiptSetViewerWindow.xaml.cs(327,17): error CS0103: The name 'EmptyStateIcon' does not exist in the current context [C:\Users\russel.mercado\source\repos\Yakult-System-New\Yakult.Inventory.App\Yakult.Inventory.App.csproj]
C:\Users\russel.mercado\source\repos\Yakult-System-New\Yakult.Inventory.App\Wpf\Receipt\ReceiptSetViewerWindow.xaml.cs(328,17): error CS0103: The name 'EmptyStateTitle' does not exist in the current context [C:\Users\russel.mercado\source\repos\Yakult-System-New\Yakult.Inventory.App\Yakult.Inventory.App.csproj]
C:\Users\russel.mercado\source\repos\Yakult-System-New\Yakult.Inventory.App\Wpf\Receipt\ReceiptSetViewerWindow.xaml.cs(329,17): error CS0103: The name 'EmptyStateHint' does not exist in the current context [C:\Users\russel.mercado\source\repos\Yakult-System-New\Yakult.Inventory.App\Yakult.Inventory.App.csproj]
C:\Users\russel.mercado\source\repos\Yakult-System-New\Yakult.Inventory.App\Wpf\CartridgeManagement\Dialogs\OutboundBatchAssignmentWpfDialog.xaml.cs(300,17): error CS0103: The name 'PnlNew' does not exist in the current context [C:\Users\russel.mercado\source\repos\Yakult-System-New\Yakult.Inventory.App\Yakult.Inventory.App.csproj]
C:\Users\russel.mercado\source\repos\Yakult-System-New\Yakult.Inventory.App\Wpf\CartridgeManagement\Dialogs\OutboundBatchAssignmentWpfDialog.xaml.cs(301,26): error CS0103: The name 'RadNew' does not exist in the current context [C:\Users\russel.mercado\source\repos\Yakult-System-New\Yakult.Inventory.App\Yakult.Inventory.App.csproj]
C:\Users\russel.mercado\source\repos\Yakult-System-New\Yakult.Inventory.App\Wpf\CartridgeManagement\Dialogs\OutboundBatchAssignmentWpfDialog.xaml.cs(302,13): error CS0103: The name 'PnlNew' does not exist in the current context [C:\Users\russel.mercado\source\repos\Yakult-System-New\Yakult.Inventory.App\Yakult.Inventory.App.csproj]
C:\Users\russel.mercado\source\repos\Yakult-System-New\Yakult.Inventory.App\Wpf\CartridgeManagement\Dialogs\OutboundBatchAssignmentWpfDialog.xaml.cs(303,13): error CS0103: The name 'PnlExisting' does not exist in the current context [C:\Users\russel.mercado\source\repos\Yakult-System-New\Yakult.Inventory.App\Yakult.Inventory.App.csproj]
C:\Users\russel.mercado\source\repos\Yakult-System-New\Yakult.Inventory.App\Wpf\CartridgeManagement\Dialogs\OutboundBatchAssignmentWpfDialog.xaml.cs(304,13): error CS0103: The name 'BtnConfirm' does not exist in the current context [C:\Users\russel.mercado\source\repos\Yakult-System-New\Yakult.Inventory.App\Yakult.Inventory.App.csproj]
C:\Users\russel.mercado\source\repos\Yakult-System-New\Yakult.Inventory.App\Wpf\CartridgeManagement\Dialogs\OutboundBatchAssignmentWpfDialog.xaml.cs(309,17): error CS0103: The name 'CmbVendor' does not exist in the current context [C:\Users\russel.mercado\source\repos\Yakult-System-New\Yakult.Inventory.App\Yakult.Inventory.App.csproj]
C:\Users\russel.mercado\source\repos\Yakult-System-New\Yakult.Inventory.App\Wpf\Receipt\ReceiptSetViewerWindow.xaml.cs(337,13): error CS0103: The name 'TxtCountSi' does not exist in the current context [C:\Users\russel.mercado\source\repos\Yakult-System-New\Yakult.Inventory.App\Yakult.Inventory.App.csproj]
C:\Users\russel.mercado\source\repos\Yakult-System-New\Yakult.Inventory.App\Wpf\Receipt\ReceiptSetViewerWindow.xaml.cs(338,13): error CS0103: The name 'TxtCountDr' does not exist in the current context [C:\Users\russel.mercado\source\repos\Yakult-System-New\Yakult.Inventory.App\Yakult.Inventory.App.csproj]
C:\Users\russel.mercado\source\repos\Yakult-System-New\Yakult.Inventory.App\Wpf\Receipt\ReceiptSetViewerWindow.xaml.cs(339,13): error CS0103: The name 'TxtCountPo' does not exist in the current context [C:\Users\russel.mercado\source\repos\Yakult-System-New\Yakult.Inventory.App\Yakult.Inventory.App.csproj]
C:\Users\russel.mercado\source\repos\Yakult-System-New\Yakult.Inventory.App\Wpf\Receipt\ReceiptSetViewerWindow.xaml.cs(340,13): error CS0103: The name 'TxtCountPdf' does not exist in the current context [C:\Users\russel.mercado\source\repos\Yakult-System-New\Yakult.Inventory.App\Yakult.Inventory.App.csproj]
C:\Users\russel.mercado\source\repos\Yakult-System-New\Yakult.Inventory.App\Wpf\CartridgeManagement\Dialogs\OutboundBatchAssignmentWpfDialog.xaml.cs(327,13): error CS0103: The name 'BtnNext' does not exist in the current context [C:\Users\russel.mercado\source\repos\Yakult-System-New\Yakult.Inventory.App\Yakult.Inventory.App.csproj]
C:\Users\russel.mercado\source\repos\Yakult-System-New\Yakult.Inventory.App\Wpf\CartridgeManagement\Dialogs\OutboundBatchAssignmentWpfDialog.xaml.cs(335,17): error CS0103: The name 'BtnNext' does not exist in the current context [C:\Users\russel.mercado\source\repos\Yakult-System-New\Yakult.Inventory.App\Yakult.Inventory.App.csproj]
C:\Users\russel.mercado\source\repos\Yakult-System-New\Yakult.Inventory.App\Wpf\CartridgeManagement\Dialogs\OutboundBatchAssignmentWpfDialog.xaml.cs(348,13): error CS0103: The name 'Step1Panel' does not exist in the current context [C:\Users\russel.mercado\source\repos\Yakult-System-New\Yakult.Inventory.App\Yakult.Inventory.App.csproj]
C:\Users\russel.mercado\source\repos\Yakult-System-New\Yakult.Inventory.App\Wpf\CartridgeManagement\Dialogs\OutboundBatchAssignmentWpfDialog.xaml.cs(349,13): error CS0103: The name 'Step2Panel' does not exist in the current context [C:\Users\russel.mercado\source\repos\Yakult-System-New\Yakult.Inventory.App\Yakult.Inventory.App.csproj]
C:\Users\russel.mercado\source\repos\Yakult-System-New\Yakult.Inventory.App\Wpf\CartridgeManagement\Dialogs\OutboundBatchAssignmentWpfDialog.xaml.cs(350,13): error CS0103: The name 'BtnBack' does not exist in the current context [C:\Users\russel.mercado\source\repos\Yakult-System-New\Yakult.Inventory.App\Yakult.Inventory.App.csproj]
C:\Users\russel.mercado\source\repos\Yakult-System-New\Yakult.Inventory.App\Wpf\CartridgeManagement\Dialogs\OutboundBatchAssignmentWpfDialog.xaml.cs(351,13): error CS0103: The name 'BtnNext' does not exist in the current context [C:\Users\russel.mercado\source\repos\Yakult-System-New\Yakult.Inventory.App\Yakult.Inventory.App.csproj]
C:\Users\russel.mercado\source\repos\Yakult-System-New\Yakult.Inventory.App\Wpf\CartridgeManagement\Dialogs\OutboundBatchAssignmentWpfDialog.xaml.cs(352,13): error CS0103: The name 'BtnConfirm' does not exist in the current context [C:\Users\russel.mercado\source\repos\Yakult-System-New\Yakult.Inventory.App\Yakult.Inventory.App.csproj]
C:\Users\russel.mercado\source\repos\Yakult-System-New\Yakult.Inventory.App\Wpf\CartridgeManagement\Dialogs\OutboundBatchAssignmentWpfDialog.xaml.cs(357,13): error CS0103: The name 'Dot1' does not exist in the current context [C:\Users\russel.mercado\source\repos\Yakult-System-New\Yakult.Inventory.App\Yakult.Inventory.App.csproj]
C:\Users\russel.mercado\source\repos\Yakult-System-New\Yakult.Inventory.App\Wpf\CartridgeManagement\Dialogs\OutboundBatchAssignmentWpfDialog.xaml.cs(358,13): error CS0103: The name 'Dot2' does not exist in the current context [C:\Users\russel.mercado\source\repos\Yakult-System-New\Yakult.Inventory.App\Yakult.Inventory.App.csproj]
C:\Users\russel.mercado\source\repos\Yakult-System-New\Yakult.Inventory.App\Wpf\CartridgeManagement\Dialogs\OutboundBatchAssignmentWpfDialog.xaml.cs(359,13): error CS0103: The name 'Lbl1' does not exist in the current context [C:\Users\russel.mercado\source\repos\Yakult-System-New\Yakult.Inventory.App\Yakult.Inventory.App.csproj]
C:\Users\russel.mercado\source\repos\Yakult-System-New\Yakult.Inventory.App\Wpf\CartridgeManagement\Dialogs\OutboundBatchAssignmentWpfDialog.xaml.cs(360,13): error CS0103: The name 'Lbl2' does not exist in the current context [C:\Users\russel.mercado\source\repos\Yakult-System-New\Yakult.Inventory.App\Yakult.Inventory.App.csproj]
C:\Users\russel.mercado\source\repos\Yakult-System-New\Yakult.Inventory.App\Wpf\CartridgeManagement\Dialogs\OutboundBatchAssignmentWpfDialog.xaml.cs(376,17): error CS0103: The name 'RadExisting' does not exist in the current context [C:\Users\russel.mercado\source\repos\Yakult-System-New\Yakult.Inventory.App\Yakult.Inventory.App.csproj]
C:\Users\russel.mercado\source\repos\Yakult-System-New\Yakult.Inventory.App\Wpf\RequestPortal\AuthorizeRequest\Views\AuthorizeRequestView.xaml.cs(148,44): error CS0103: The name 'inkCanvas' does not exist in the current context [C:\Users\russel.mercado\source\repos\Yakult-System-New\Yakult.Inventory.App\Yakult.Inventory.App.csproj]
C:\Users\russel.mercado\source\repos\Yakult-System-New\Yakult.Inventory.App\Wpf\RequestPortal\AuthorizeRequest\Views\AuthorizeRequestView.xaml.cs(183,17): error CS0103: The name 'inkCanvas' does not exist in the current context [C:\Users\russel.mercado\source\repos\Yakult-System-New\Yakult.Inventory.App\Yakult.Inventory.App.csproj]
C:\Users\russel.mercado\source\repos\Yakult-System-New\Yakult.Inventory.App\Wpf\RequestPortal\AuthorizeRequest\Views\AuthorizeRequestView.xaml.cs(185,36): error CS0103: The name 'inkCanvas' does not exist in the current context [C:\Users\russel.mercado\source\repos\Yakult-System-New\Yakult.Inventory.App\Yakult.Inventory.App.csproj]
C:\Users\russel.mercado\source\repos\Yakult-System-New\Yakult.Inventory.App\Wpf\Admin\UserActivity\Views\UserActivityView.xaml.cs(18,13): error CS0103: The name 'InitializeComponent' does not exist in the current context [C:\Users\russel.mercado\source\repos\Yakult-System-New\Yakult.Inventory.App\Yakult.Inventory.App.csproj]
C:\Users\russel.mercado\source\repos\Yakult-System-New\Yakult.Inventory.App\Wpf\Admin\UserActivity\Views\UserActivityView.xaml.cs(123,17): error CS0103: The name 'CboItemsPerPage' does not exist in the current context [C:\Users\russel.mercado\source\repos\Yakult-System-New\Yakult.Inventory.App\Yakult.Inventory.App.csproj]
C:\Users\russel.mercado\source\repos\Yakult-System-New\Yakult.Inventory.App\Wpf\CartridgeManagement\Dialogs\OutboundBatchAssignmentWpfDialog.xaml.cs(387,17): error CS0103: The name 'CmbVendor' does not exist in the current context [C:\Users\russel.mercado\source\repos\Yakult-System-New\Yakult.Inventory.App\Yakult.Inventory.App.csproj]
C:\Users\russel.mercado\source\repos\Yakult-System-New\Yakult.Inventory.App\Wpf\CartridgeManagement\Dialogs\OutboundBatchAssignmentWpfDialog.xaml.cs(394,33): error CS0103: The name 'RadDispose' does not exist in the current context [C:\Users\russel.mercado\source\repos\Yakult-System-New\Yakult.Inventory.App\Yakult.Inventory.App.csproj]
C:\Users\russel.mercado\source\repos\Yakult-System-New\Yakult.Inventory.App\Wpf\CartridgeManagement\Dialogs\OutboundBatchAssignmentWpfDialog.xaml.cs(395,44): error CS0103: The name 'CmbVendor' does not exist in the current context [C:\Users\russel.mercado\source\repos\Yakult-System-New\Yakult.Inventory.App\Yakult.Inventory.App.csproj]
C:\Users\russel.mercado\source\repos\Yakult-System-New\Yakult.Inventory.App\Wpf\CartridgeManagement\Dialogs\OutboundBatchAssignmentWpfDialog.xaml.cs(396,46): error CS0103: The name 'CmbVendor' does not exist in the current context [C:\Users\russel.mercado\source\repos\Yakult-System-New\Yakult.Inventory.App\Yakult.Inventory.App.csproj]
C:\Users\russel.mercado\source\repos\Yakult-System-New\Yakult.Inventory.App\Wpf\CartridgeManagement\Dialogs\OutboundBatchAssignmentWpfDialog.xaml.cs(397,33): error CS0103: The name 'TxtRemarks' does not exist in the current context [C:\Users\russel.mercado\source\repos\Yakult-System-New\Yakult.Inventory.App\Yakult.Inventory.App.csproj]
C:\Users\russel.mercado\source\repos\Yakult-System-New\Yakult.Inventory.App\Wpf\CartridgeManagement\Dialogs\OutboundBatchAssignmentWpfDialog.xaml.cs(412,13): error CS0103: The name 'BtnConfirm' does not exist in the current context [C:\Users\russel.mercado\source\repos\Yakult-System-New\Yakult.Inventory.App\Yakult.Inventory.App.csproj]
C:\Users\russel.mercado\source\repos\Yakult-System-New\Yakult.Inventory.App\Wpf\CartridgeManagement\Dialogs\OutboundBatchAssignmentWpfDialog.xaml.cs(413,13): error CS0103: The name 'BtnBack' does not exist in the current context [C:\Users\russel.mercado\source\repos\Yakult-System-New\Yakult.Inventory.App\Yakult.Inventory.App.csproj]
C:\Users\russel.mercado\source\repos\Yakult-System-New\Yakult.Inventory.App\Wpf\CartridgeManagement\Dialogs\OutboundBatchAssignmentWpfDialog.xaml.cs(447,17): error CS0103: The name 'BtnConfirm' does not exist in the current context [C:\Users\russel.mercado\source\repos\Yakult-System-New\Yakult.Inventory.App\Yakult.Inventory.App.csproj]
C:\Users\russel.mercado\source\repos\Yakult-System-New\Yakult.Inventory.App\Wpf\CartridgeManagement\Dialogs\OutboundBatchAssignmentWpfDialog.xaml.cs(448,17): error CS0103: The name 'BtnBack' does not exist in the current context [C:\Users\russel.mercado\source\repos\Yakult-System-New\Yakult.Inventory.App\Yakult.Inventory.App.csproj]
C:\Users\russel.mercado\source\repos\Yakult-System-New\Yakult.Inventory.App\Wpf\Receipt\ReceiptSetViewerWindow.xaml.cs(1038,43): error CS0103: The name 'CmbSupplier' does not exist in the current context [C:\Users\russel.mercado\source\repos\Yakult-System-New\Yakult.Inventory.App\Yakult.Inventory.App.csproj]
C:\Users\russel.mercado\source\repos\Yakult-System-New\Yakult.Inventory.App\Wpf\Receipt\ReceiptSetViewerWindow.xaml.cs(1042,17): error CS0103: The name 'CmbSupplier' does not exist in the current context [C:\Users\russel.mercado\source\repos\Yakult-System-New\Yakult.Inventory.App\Yakult.Inventory.App.csproj]
C:\Users\russel.mercado\source\repos\Yakult-System-New\Yakult.Inventory.App\Wpf\Receipt\ReceiptSetViewerWindow.xaml.cs(1050,59): error CS0103: The name 'CmbSupplier' does not exist in the current context [C:\Users\russel.mercado\source\repos\Yakult-System-New\Yakult.Inventory.App\Yakult.Inventory.App.csproj]
C:\Users\russel.mercado\source\repos\Yakult-System-New\Yakult.Inventory.App\Wpf\Receipt\ReceiptSetViewerWindow.xaml.cs(1054,17): error CS0103: The name 'CmbSupplier' does not exist in the current context [C:\Users\russel.mercado\source\repos\Yakult-System-New\Yakult.Inventory.App\Yakult.Inventory.App.csproj]
C:\Users\russel.mercado\source\repos\Yakult-System-New\Yakult.Inventory.App\Wpf\NotificationCenter\Views\NotificationCenterView.xaml.cs(12,13): error CS0103: The name 'InitializeComponent' does not exist in the current context [C:\Users\russel.mercado\source\repos\Yakult-System-New\Yakult.Inventory.App\Yakult.Inventory.App.csproj]
C:\Users\russel.mercado\source\repos\Yakult-System-New\Yakult.Inventory.App\Wpf\NotificationCenter\Controls\NotificationCardControl.xaml.cs(47,13): error CS0103: The name 'InitializeComponent' does not exist in the current context [C:\Users\russel.mercado\source\repos\Yakult-System-New\Yakult.Inventory.App\Yakult.Inventory.App.csproj]
C:\Users\russel.mercado\source\repos\Yakult-System-New\Yakult.Inventory.App\Wpf\Receipt\ReceiptSetViewerWindow.xaml.cs(1115,32): error CS0103: The name 'CmbSupplier' does not exist in the current context [C:\Users\russel.mercado\source\repos\Yakult-System-New\Yakult.Inventory.App\Yakult.Inventory.App.csproj]
C:\Users\russel.mercado\source\repos\Yakult-System-New\Yakult.Inventory.App\Wpf\Receipt\ReceiptSetViewerWindow.xaml.cs(1116,58): error CS0103: The name 'TxtSiNumber' does not exist in the current context [C:\Users\russel.mercado\source\repos\Yakult-System-New\Yakult.Inventory.App\Yakult.Inventory.App.csproj]
C:\Users\russel.mercado\source\repos\Yakult-System-New\Yakult.Inventory.App\Wpf\Receipt\ReceiptSetViewerWindow.xaml.cs(1116,85): error CS0103: The name 'TxtSiNumber' does not exist in the current context [C:\Users\russel.mercado\source\repos\Yakult-System-New\Yakult.Inventory.App\Yakult.Inventory.App.csproj]
C:\Users\russel.mercado\source\repos\Yakult-System-New\Yakult.Inventory.App\Wpf\Receipt\ReceiptSetViewerWindow.xaml.cs(1117,58): error CS0103: The name 'TxtDrNumber' does not exist in the current context [C:\Users\russel.mercado\source\repos\Yakult-System-New\Yakult.Inventory.App\Yakult.Inventory.App.csproj]
C:\Users\russel.mercado\source\repos\Yakult-System-New\Yakult.Inventory.App\Wpf\Receipt\ReceiptSetViewerWindow.xaml.cs(1117,85): error CS0103: The name 'TxtDrNumber' does not exist in the current context [C:\Users\russel.mercado\source\repos\Yakult-System-New\Yakult.Inventory.App\Yakult.Inventory.App.csproj]
C:\Users\russel.mercado\source\repos\Yakult-System-New\Yakult.Inventory.App\Wpf\Receipt\ReceiptSetViewerWindow.xaml.cs(1118,58): error CS0103: The name 'TxtPoNumber' does not exist in the current context [C:\Users\russel.mercado\source\repos\Yakult-System-New\Yakult.Inventory.App\Yakult.Inventory.App.csproj]
C:\Users\russel.mercado\source\repos\Yakult-System-New\Yakult.Inventory.App\Wpf\Receipt\ReceiptSetViewerWindow.xaml.cs(1118,85): error CS0103: The name 'TxtPoNumber' does not exist in the current context [C:\Users\russel.mercado\source\repos\Yakult-System-New\Yakult.Inventory.App\Yakult.Inventory.App.csproj]
C:\Users\russel.mercado\source\repos\Yakult-System-New\Yakult.Inventory.App\Wpf\Receipt\ReceiptSetViewerWindow.xaml.cs(1183,17): error CS0103: The name 'TxtSiNumber' does not exist in the current context [C:\Users\russel.mercado\source\repos\Yakult-System-New\Yakult.Inventory.App\Yakult.Inventory.App.csproj]
C:\Users\russel.mercado\source\repos\Yakult-System-New\Yakult.Inventory.App\Wpf\Receipt\ReceiptSetViewerWindow.xaml.cs(1184,17): error CS0103: The name 'TxtDrNumber' does not exist in the current context [C:\Users\russel.mercado\source\repos\Yakult-System-New\Yakult.Inventory.App\Yakult.Inventory.App.csproj]
C:\Users\russel.mercado\source\repos\Yakult-System-New\Yakult.Inventory.App\Wpf\Receipt\ReceiptSetViewerWindow.xaml.cs(1185,17): error CS0103: The name 'TxtPoNumber' does not exist in the current context [C:\Users\russel.mercado\source\repos\Yakult-System-New\Yakult.Inventory.App\Yakult.Inventory.App.csproj]
C:\Users\russel.mercado\source\repos\Yakult-System-New\Yakult.Inventory.App\Wpf\Receipt\ReceiptSetViewerWindow.xaml.cs(1298,37): error CS0103: The name 'TabPeriodCurrent' does not exist in the current context [C:\Users\russel.mercado\source\repos\Yakult-System-New\Yakult.Inventory.App\Yakult.Inventory.App.csproj]
C:\Users\russel.mercado\source\repos\Yakult-System-New\Yakult.Inventory.App\Wpf\Receipt\ReceiptSetViewerWindow.xaml.cs(1298,74): error CS0103: The name 'TabPeriodCurrent' does not exist in the current context [C:\Users\russel.mercado\source\repos\Yakult-System-New\Yakult.Inventory.App\Yakult.Inventory.App.csproj]
C:\Users\russel.mercado\source\repos\Yakult-System-New\Yakult.Inventory.App\Wpf\Receipt\ReceiptSetViewerWindow.xaml.cs(1299,38): error CS0103: The name 'TabPeriodPrevious' does not exist in the current context [C:\Users\russel.mercado\source\repos\Yakult-System-New\Yakult.Inventory.App\Yakult.Inventory.App.csproj]
C:\Users\russel.mercado\source\repos\Yakult-System-New\Yakult.Inventory.App\Wpf\Receipt\ReceiptSetViewerWindow.xaml.cs(1299,76): error CS0103: The name 'TabPeriodPrevious' does not exist in the current context [C:\Users\russel.mercado\source\repos\Yakult-System-New\Yakult.Inventory.App\Yakult.Inventory.App.csproj]
C:\Users\russel.mercado\source\repos\Yakult-System-New\Yakult.Inventory.App\Wpf\Receipt\ReceiptSetViewerWindow.xaml.cs(1300,38): error CS0103: The name 'TabPeriodHistory' does not exist in the current context [C:\Users\russel.mercado\source\repos\Yakult-System-New\Yakult.Inventory.App\Yakult.Inventory.App.csproj]
C:\Users\russel.mercado\source\repos\Yakult-System-New\Yakult.Inventory.App\Wpf\Archive\Views\BulkActionResultWindow.xaml.cs(46,13): error CS0103: The name 'InitializeComponent' does not exist in the current context [C:\Users\russel.mercado\source\repos\Yakult-System-New\Yakult.Inventory.App\Yakult.Inventory.App.csproj]
C:\Users\russel.mercado\source\repos\Yakult-System-New\Yakult.Inventory.App\Wpf\Receipt\ReceiptSetViewerWindow.xaml.cs(1332,13): error CS0103: The name 'GalleryContent' does not exist in the current context [C:\Users\russel.mercado\source\repos\Yakult-System-New\Yakult.Inventory.App\Yakult.Inventory.App.csproj]
C:\Users\russel.mercado\source\repos\Yakult-System-New\Yakult.Inventory.App\Wpf\Receipt\ReceiptSetViewerWindow.xaml.cs(1333,13): error CS0103: The name 'HistoryContent' does not exist in the current context [C:\Users\russel.mercado\source\repos\Yakult-System-New\Yakult.Inventory.App\Yakult.Inventory.App.csproj]
C:\Users\russel.mercado\source\repos\Yakult-System-New\Yakult.Inventory.App\Wpf\Receipt\ReceiptSetViewerWindow.xaml.cs(1338,17): error CS0103: The name 'BtnRevert' does not exist in the current context [C:\Users\russel.mercado\source\repos\Yakult-System-New\Yakult.Inventory.App\Yakult.Inventory.App.csproj]
C:\Users\russel.mercado\source\repos\Yakult-System-New\Yakult.Inventory.App\Wpf\Receipt\ReceiptSetViewerWindow.xaml.cs(1344,17): error CS0103: The name 'BtnRevert' does not exist in the current context [C:\Users\russel.mercado\source\repos\Yakult-System-New\Yakult.Inventory.App\Yakult.Inventory.App.csproj]
C:\Users\russel.mercado\source\repos\Yakult-System-New\Yakult.Inventory.App\Wpf\Receipt\ReceiptSetViewerWindow.xaml.cs(1365,21): error CS0103: The name 'TxtSubtitle' does not exist in the current context [C:\Users\russel.mercado\source\repos\Yakult-System-New\Yakult.Inventory.App\Yakult.Inventory.App.csproj]
C:\Users\russel.mercado\source\repos\Yakult-System-New\Yakult.Inventory.App\Wpf\Receipt\ReceiptSetViewerWindow.xaml.cs(1385,17): error CS0103: The name 'TxtSubtitle' does not exist in the current context [C:\Users\russel.mercado\source\repos\Yakult-System-New\Yakult.Inventory.App\Yakult.Inventory.App.csproj]
C:\Users\russel.mercado\source\repos\Yakult-System-New\Yakult.Inventory.App\Wpf\Receipt\ReceiptSetViewerWindow.xaml.cs(1390,17): error CS0103: The name 'TxtSubtitle' does not exist in the current context [C:\Users\russel.mercado\source\repos\Yakult-System-New\Yakult.Inventory.App\Yakult.Inventory.App.csproj]
C:\Users\russel.mercado\source\repos\Yakult-System-New\Yakult.Inventory.App\Wpf\Receipt\ReceiptSetViewerWindow.xaml.cs(1395,17): error CS0103: The name 'TxtSubtitle' does not exist in the current context [C:\Users\russel.mercado\source\repos\Yakult-System-New\Yakult.Inventory.App\Yakult.Inventory.App.csproj]
C:\Users\russel.mercado\source\repos\Yakult-System-New\Yakult.Inventory.App\Wpf\Receipt\ReceiptSetViewerWindow.xaml.cs(1396,17): error CS0103: The name 'GalleryContent' does not exist in the current context [C:\Users\russel.mercado\source\repos\Yakult-System-New\Yakult.Inventory.App\Yakult.Inventory.App.csproj]
C:\Users\russel.mercado\source\repos\Yakult-System-New\Yakult.Inventory.App\Wpf\Receipt\ReceiptSetViewerWindow.xaml.cs(1397,17): error CS0103: The name 'HistoryContent' does not exist in the current context [C:\Users\russel.mercado\source\repos\Yakult-System-New\Yakult.Inventory.App\Yakult.Inventory.App.csproj]
C:\Users\russel.mercado\source\repos\Yakult-System-New\Yakult.Inventory.App\Wpf\Archive\Views\ArchiveDetailsWindow.xaml.cs(14,13): error CS0103: The name 'InitializeComponent' does not exist in the current context [C:\Users\russel.mercado\source\repos\Yakult-System-New\Yakult.Inventory.App\Yakult.Inventory.App.csproj]
C:\Users\russel.mercado\source\repos\Yakult-System-New\Yakult.Inventory.App\Wpf\Archive\Views\ArchiveDetailsWindow.xaml.cs(22,13): error CS0103: The name 'CloseBtn' does not exist in the current context [C:\Users\russel.mercado\source\repos\Yakult-System-New\Yakult.Inventory.App\Yakult.Inventory.App.csproj]
C:\Users\russel.mercado\source\repos\Yakult-System-New\Yakult.Inventory.App\Wpf\Archive\Views\ArchivePageView.xaml.cs(22,13): error CS0103: The name 'InitializeComponent' does not exist in the current context [C:\Users\russel.mercado\source\repos\Yakult-System-New\Yakult.Inventory.App\Yakult.Inventory.App.csproj]
C:\Users\russel.mercado\source\repos\Yakult-System-New\Yakult.Inventory.App\Wpf\Receipt\ReceiptSetViewerWindow.xaml.cs(1538,13): error CS0103: The name 'CmbSupplier' does not exist in the current context [C:\Users\russel.mercado\source\repos\Yakult-System-New\Yakult.Inventory.App\Yakult.Inventory.App.csproj]
C:\Users\russel.mercado\source\repos\Yakult-System-New\Yakult.Inventory.App\Wpf\Receipt\ReceiptSetViewerWindow.xaml.cs(1539,13): error CS0103: The name 'TxtSiNumber' does not exist in the current context [C:\Users\russel.mercado\source\repos\Yakult-System-New\Yakult.Inventory.App\Yakult.Inventory.App.csproj]
C:\Users\russel.mercado\source\repos\Yakult-System-New\Yakult.Inventory.App\Wpf\Receipt\ReceiptSetViewerWindow.xaml.cs(1540,13): error CS0103: The name 'TxtDrNumber' does not exist in the current context [C:\Users\russel.mercado\source\repos\Yakult-System-New\Yakult.Inventory.App\Yakult.Inventory.App.csproj]
C:\Users\russel.mercado\source\repos\Yakult-System-New\Yakult.Inventory.App\Wpf\Receipt\ReceiptSetViewerWindow.xaml.cs(1541,13): error CS0103: The name 'TxtPoNumber' does not exist in the current context [C:\Users\russel.mercado\source\repos\Yakult-System-New\Yakult.Inventory.App\Yakult.Inventory.App.csproj]
C:\Users\russel.mercado\source\repos\Yakult-System-New\Yakult.Inventory.App\Wpf\Receipt\ReceiptSetViewerWindow.xaml.cs(1550,13): error CS0103: The name 'CmbSupplier' does not exist in the current context [C:\Users\russel.mercado\source\repos\Yakult-System-New\Yakult.Inventory.App\Yakult.Inventory.App.csproj]
C:\Users\russel.mercado\source\repos\Yakult-System-New\Yakult.Inventory.App\Wpf\Receipt\ReceiptSetViewerWindow.xaml.cs(1551,13): error CS0103: The name 'TxtSiNumber' does not exist in the current context [C:\Users\russel.mercado\source\repos\Yakult-System-New\Yakult.Inventory.App\Yakult.Inventory.App.csproj]
C:\Users\russel.mercado\source\repos\Yakult-System-New\Yakult.Inventory.App\Wpf\Receipt\ReceiptSetViewerWindow.xaml.cs(1552,13): error CS0103: The name 'TxtDrNumber' does not exist in the current context [C:\Users\russel.mercado\source\repos\Yakult-System-New\Yakult.Inventory.App\Yakult.Inventory.App.csproj]
C:\Users\russel.mercado\source\repos\Yakult-System-New\Yakult.Inventory.App\Wpf\Receipt\ReceiptSetViewerWindow.xaml.cs(1553,13): error CS0103: The name 'TxtPoNumber' does not exist in the current context [C:\Users\russel.mercado\source\repos\Yakult-System-New\Yakult.Inventory.App\Yakult.Inventory.App.csproj]
C:\Users\russel.mercado\source\repos\Yakult-System-New\Yakult.Inventory.App\Wpf\Receipt\ReceiptSetViewerWindow.xaml.cs(1565,13): error CS0103: The name 'CmbSupplier' does not exist in the current context [C:\Users\russel.mercado\source\repos\Yakult-System-New\Yakult.Inventory.App\Yakult.Inventory.App.csproj]
C:\Users\russel.mercado\source\repos\Yakult-System-New\Yakult.Inventory.App\Wpf\Receipt\ReceiptSetViewerWindow.xaml.cs(1566,13): error CS0103: The name 'TxtSiNumber' does not exist in the current context [C:\Users\russel.mercado\source\repos\Yakult-System-New\Yakult.Inventory.App\Yakult.Inventory.App.csproj]
C:\Users\russel.mercado\source\repos\Yakult-System-New\Yakult.Inventory.App\Wpf\Receipt\ReceiptSetViewerWindow.xaml.cs(1567,13): error CS0103: The name 'TxtDrNumber' does not exist in the current context [C:\Users\russel.mercado\source\repos\Yakult-System-New\Yakult.Inventory.App\Yakult.Inventory.App.csproj]
C:\Users\russel.mercado\source\repos\Yakult-System-New\Yakult.Inventory.App\Wpf\Receipt\ReceiptSetViewerWindow.xaml.cs(1568,13): error CS0103: The name 'TxtPoNumber' does not exist in the current context [C:\Users\russel.mercado\source\repos\Yakult-System-New\Yakult.Inventory.App\Yakult.Inventory.App.csproj]
C:\Users\russel.mercado\source\repos\Yakult-System-New\Yakult.Inventory.App\Wpf\Receipt\ReceiptSetViewerWindow.xaml.cs(1569,13): error CS0103: The name 'BtnSave' does not exist in the current context [C:\Users\russel.mercado\source\repos\Yakult-System-New\Yakult.Inventory.App\Yakult.Inventory.App.csproj]
C:\Users\russel.mercado\source\repos\Yakult-System-New\Yakult.Inventory.App\Wpf\Receipt\ReceiptSetViewerWindow.xaml.cs(1570,13): error CS0103: The name 'BtnAddImages' does not exist in the current context [C:\Users\russel.mercado\source\repos\Yakult-System-New\Yakult.Inventory.App\Yakult.Inventory.App.csproj]
C:\Users\russel.mercado\source\repos\Yakult-System-New\Yakult.Inventory.App\Wpf\Receipt\ReceiptSetViewerWindow.xaml.cs(1571,13): error CS0103: The name 'BtnAddPdf' does not exist in the current context [C:\Users\russel.mercado\source\repos\Yakult-System-New\Yakult.Inventory.App\Yakult.Inventory.App.csproj]
C:\Users\russel.mercado\source\repos\Yakult-System-New\Yakult.Inventory.App\Wpf\Receipt\ReceiptSetViewerWindow.xaml.cs(1630,28): error CS0103: The name 'CmbSupplier' does not exist in the current context [C:\Users\russel.mercado\source\repos\Yakult-System-New\Yakult.Inventory.App\Yakult.Inventory.App.csproj]
C:\Users\russel.mercado\source\repos\Yakult-System-New\Yakult.Inventory.App\Wpf\Receipt\ReceiptSetViewerWindow.xaml.cs(1631,28): error CS0103: The name 'TxtSiNumber' does not exist in the current context [C:\Users\russel.mercado\source\repos\Yakult-System-New\Yakult.Inventory.App\Yakult.Inventory.App.csproj]
C:\Users\russel.mercado\source\repos\Yakult-System-New\Yakult.Inventory.App\Wpf\Receipt\ReceiptSetViewerWindow.xaml.cs(1632,28): error CS0103: The name 'TxtDrNumber' does not exist in the current context [C:\Users\russel.mercado\source\repos\Yakult-System-New\Yakult.Inventory.App\Yakult.Inventory.App.csproj]
C:\Users\russel.mercado\source\repos\Yakult-System-New\Yakult.Inventory.App\Wpf\Receipt\ReceiptSetViewerWindow.xaml.cs(1633,28): error CS0103: The name 'TxtPoNumber' does not exist in the current context [C:\Users\russel.mercado\source\repos\Yakult-System-New\Yakult.Inventory.App\Yakult.Inventory.App.csproj]
C:\Users\russel.mercado\source\repos\Yakult-System-New\Yakult.Inventory.App\Wpf\Receipt\ReceiptSetViewerWindow.xaml.cs(1658,13): error CS0103: The name 'HistoryGrid' does not exist in the current context [C:\Users\russel.mercado\source\repos\Yakult-System-New\Yakult.Inventory.App\Yakult.Inventory.App.csproj]
C:\Users\russel.mercado\source\repos\Yakult-System-New\Yakult.Inventory.App\Wpf\Receipt\ReceiptSetViewerWindow.xaml.cs(1659,13): error CS0103: The name 'HistoryGrid' does not exist in the current context [C:\Users\russel.mercado\source\repos\Yakult-System-New\Yakult.Inventory.App\Yakult.Inventory.App.csproj]
C:\Users\russel.mercado\source\repos\Yakult-System-New\Yakult.Inventory.App\Wpf\Receipt\ReceiptSetViewerWindow.xaml.cs(1661,17): error CS0103: The name 'HistoryGrid' does not exist in the current context [C:\Users\russel.mercado\source\repos\Yakult-System-New\Yakult.Inventory.App\Yakult.Inventory.App.csproj]
C:\Users\russel.mercado\source\repos\Yakult-System-New\Yakult.Inventory.App\Wpf\Receipt\ReceiptSetViewerWindow.xaml.cs(1672,25): error CS0103: The name 'HistoryGrid' does not exist in the current context [C:\Users\russel.mercado\source\repos\Yakult-System-New\Yakult.Inventory.App\Yakult.Inventory.App.csproj]
C:\Users\russel.mercado\source\repos\Yakult-System-New\Yakult.Inventory.App\Wpf\Receipt\ReceiptSetViewerWindow.xaml.cs(1675,17): error CS0103: The name 'HistDetailVersion' does not exist in the current context [C:\Users\russel.mercado\source\repos\Yakult-System-New\Yakult.Inventory.App\Yakult.Inventory.App.csproj]
C:\Users\russel.mercado\source\repos\Yakult-System-New\Yakult.Inventory.App\Wpf\Receipt\ReceiptSetViewerWindow.xaml.cs(1676,17): error CS0103: The name 'HistDetailSaved' does not exist in the current context [C:\Users\russel.mercado\source\repos\Yakult-System-New\Yakult.Inventory.App\Yakult.Inventory.App.csproj]
C:\Users\russel.mercado\source\repos\Yakult-System-New\Yakult.Inventory.App\Wpf\Receipt\ReceiptSetViewerWindow.xaml.cs(1677,17): error CS0103: The name 'HistDetailSupplier' does not exist in the current context [C:\Users\russel.mercado\source\repos\Yakult-System-New\Yakult.Inventory.App\Yakult.Inventory.App.csproj]
C:\Users\russel.mercado\source\repos\Yakult-System-New\Yakult.Inventory.App\Wpf\Receipt\ReceiptSetViewerWindow.xaml.cs(1678,17): error CS0103: The name 'HistDetailDoc' does not exist in the current context [C:\Users\russel.mercado\source\repos\Yakult-System-New\Yakult.Inventory.App\Yakult.Inventory.App.csproj]
C:\Users\russel.mercado\source\repos\Yakult-System-New\Yakult.Inventory.App\Wpf\Receipt\ReceiptSetViewerWindow.xaml.cs(1679,17): error CS0103: The name 'HistDetailChanged' does not exist in the current context [C:\Users\russel.mercado\source\repos\Yakult-System-New\Yakult.Inventory.App\Yakult.Inventory.App.csproj]
C:\Users\russel.mercado\source\repos\Yakult-System-New\Yakult.Inventory.App\Wpf\Receipt\ReceiptSetViewerWindow.xaml.cs(1680,17): error CS0103: The name 'HistDetailImgs' does not exist in the current context [C:\Users\russel.mercado\source\repos\Yakult-System-New\Yakult.Inventory.App\Yakult.Inventory.App.csproj]
C:\Users\russel.mercado\source\repos\Yakult-System-New\Yakult.Inventory.App\Wpf\Receipt\ReceiptSetViewerWindow.xaml.cs(1681,17): error CS0103: The name 'BtnHistOpen' does not exist in the current context [C:\Users\russel.mercado\source\repos\Yakult-System-New\Yakult.Inventory.App\Yakult.Inventory.App.csproj]
C:\Users\russel.mercado\source\repos\Yakult-System-New\Yakult.Inventory.App\Wpf\Receipt\ReceiptSetViewerWindow.xaml.cs(1682,17): error CS0103: The name 'BtnHistMakeCurrent' does not exist in the current context [C:\Users\russel.mercado\source\repos\Yakult-System-New\Yakult.Inventory.App\Yakult.Inventory.App.csproj]
C:\Users\russel.mercado\source\repos\Yakult-System-New\Yakult.Inventory.App\Wpf\Receipt\ReceiptSetViewerWindow.xaml.cs(1686,13): error CS0103: The name 'HistDetailVersion' does not exist in the current context [C:\Users\russel.mercado\source\repos\Yakult-System-New\Yakult.Inventory.App\Yakult.Inventory.App.csproj]
C:\Users\russel.mercado\source\repos\Yakult-System-New\Yakult.Inventory.App\Wpf\Receipt\ReceiptSetViewerWindow.xaml.cs(1687,13): error CS0103: The name 'HistDetailSaved' does not exist in the current context [C:\Users\russel.mercado\source\repos\Yakult-System-New\Yakult.Inventory.App\Yakult.Inventory.App.csproj]
C:\Users\russel.mercado\source\repos\Yakult-System-New\Yakult.Inventory.App\Wpf\Receipt\ReceiptSetViewerWindow.xaml.cs(1688,13): error CS0103: The name 'HistDetailSupplier' does not exist in the current context [C:\Users\russel.mercado\source\repos\Yakult-System-New\Yakult.Inventory.App\Yakult.Inventory.App.csproj]
C:\Users\russel.mercado\source\repos\Yakult-System-New\Yakult.Inventory.App\Wpf\Receipt\ReceiptSetViewerWindow.xaml.cs(1689,13): error CS0103: The name 'HistDetailDoc' does not exist in the current context [C:\Users\russel.mercado\source\repos\Yakult-System-New\Yakult.Inventory.App\Yakult.Inventory.App.csproj]
C:\Users\russel.mercado\source\repos\Yakult-System-New\Yakult.Inventory.App\Wpf\Receipt\ReceiptSetViewerWindow.xaml.cs(1690,13): error CS0103: The name 'HistDetailChanged' does not exist in the current context [C:\Users\russel.mercado\source\repos\Yakult-System-New\Yakult.Inventory.App\Yakult.Inventory.App.csproj]
C:\Users\russel.mercado\source\repos\Yakult-System-New\Yakult.Inventory.App\Wpf\Receipt\ReceiptSetViewerWindow.xaml.cs(1691,13): error CS0103: The name 'HistDetailImgs' does not exist in the current context [C:\Users\russel.mercado\source\repos\Yakult-System-New\Yakult.Inventory.App\Yakult.Inventory.App.csproj]
C:\Users\russel.mercado\source\repos\Yakult-System-New\Yakult.Inventory.App\Wpf\Receipt\ReceiptSetViewerWindow.xaml.cs(1692,13): error CS0103: The name 'BtnHistOpen' does not exist in the current context [C:\Users\russel.mercado\source\repos\Yakult-System-New\Yakult.Inventory.App\Yakult.Inventory.App.csproj]
C:\Users\russel.mercado\source\repos\Yakult-System-New\Yakult.Inventory.App\Wpf\Receipt\ReceiptSetViewerWindow.xaml.cs(1693,13): error CS0103: The name 'BtnHistMakeCurrent' does not exist in the current context [C:\Users\russel.mercado\source\repos\Yakult-System-New\Yakult.Inventory.App\Yakult.Inventory.App.csproj]
C:\Users\russel.mercado\source\repos\Yakult-System-New\Yakult.Inventory.App\Wpf\CartridgeManagement\Dialogs\OutboundBatchAssignmentWpfDialog.xaml.cs(454,17): error CS0103: The name 'CmbExistingBatch' does not exist in the current context [C:\Users\russel.mercado\source\repos\Yakult-System-New\Yakult.Inventory.App\Yakult.Inventory.App.csproj]
C:\Users\russel.mercado\source\repos\Yakult-System-New\Yakult.Inventory.App\Wpf\CartridgeManagement\Dialogs\OutboundBatchAssignmentWpfDialog.xaml.cs(461,56): error CS0103: The name 'CmbExistingBatch' does not exist in the current context [C:\Users\russel.mercado\source\repos\Yakult-System-New\Yakult.Inventory.App\Yakult.Inventory.App.csproj]
C:\Users\russel.mercado\source\repos\Yakult-System-New\Yakult.Inventory.App\Wpf\CartridgeManagement\Dialogs\OutboundBatchAssignmentWpfDialog.xaml.cs(462,60): error CS0103: The name 'CmbExistingBatch' does not exist in the current context [C:\Users\russel.mercado\source\repos\Yakult-System-New\Yakult.Inventory.App\Yakult.Inventory.App.csproj]
C:\Users\russel.mercado\source\repos\Yakult-System-New\Yakult.Inventory.App\Wpf\CartridgeManagement\Dialogs\OutboundBatchAssignmentWpfDialog.xaml.cs(473,13): error CS0103: The name 'BtnConfirm' does not exist in the current context [C:\Users\russel.mercado\source\repos\Yakult-System-New\Yakult.Inventory.App\Yakult.Inventory.App.csproj]
C:\Users\russel.mercado\source\repos\Yakult-System-New\Yakult.Inventory.App\Wpf\CartridgeManagement\Dialogs\OutboundBatchAssignmentWpfDialog.xaml.cs(474,13): error CS0103: The name 'BtnBack' does not exist in the current context [C:\Users\russel.mercado\source\repos\Yakult-System-New\Yakult.Inventory.App\Yakult.Inventory.App.csproj]
C:\Users\russel.mercado\source\repos\Yakult-System-New\Yakult.Inventory.App\Wpf\CartridgeManagement\Dialogs\OutboundBatchAssignmentWpfDialog.xaml.cs(496,17): error CS0103: The name 'BtnConfirm' does not exist in the current context [C:\Users\russel.mercado\source\repos\Yakult-System-New\Yakult.Inventory.App\Yakult.Inventory.App.csproj]
C:\Users\russel.mercado\source\repos\Yakult-System-New\Yakult.Inventory.App\Wpf\CartridgeManagement\Dialogs\OutboundBatchAssignmentWpfDialog.xaml.cs(497,17): error CS0103: The name 'BtnBack' does not exist in the current context [C:\Users\russel.mercado\source\repos\Yakult-System-New\Yakult.Inventory.App\Yakult.Inventory.App.csproj]
C:\Users\russel.mercado\source\repos\Yakult-System-New\Yakult.Inventory.App\Wpf\Receipt\ReceiptSetViewerWindow.xaml.cs(1708,25): error CS0103: The name 'HistoryGrid' does not exist in the current context [C:\Users\russel.mercado\source\repos\Yakult-System-New\Yakult.Inventory.App\Yakult.Inventory.App.csproj]
C:\Users\russel.mercado\source\repos\Yakult-System-New\Yakult.Inventory.App\Wpf\Receipt\ReceiptSetViewerWindow.xaml.cs(1741,25): error CS0103: The name 'HistoryGrid' does not exist in the current context [C:\Users\russel.mercado\source\repos\Yakult-System-New\Yakult.Inventory.App\Yakult.Inventory.App.csproj]
C:\Users\russel.mercado\source\repos\Yakult-System-New\Yakult.Inventory.App\Wpf\Receipt\ReceiptSetViewerWindow.xaml.cs(1764,17): error CS0103: The name 'TabPeriodCurrent' does not exist in the current context [C:\Users\russel.mercado\source\repos\Yakult-System-New\Yakult.Inventory.App\Yakult.Inventory.App.csproj]
C:\Users\russel.mercado\source\repos\Yakult-System-New\Yakult.Inventory.App\Wpf\Items\Views\AssignSubTypeGroupDialog.xaml.cs(19,13): error CS0103: The name 'InitializeComponent' does not exist in the current context [C:\Users\russel.mercado\source\repos\Yakult-System-New\Yakult.Inventory.App\Yakult.Inventory.App.csproj]
C:\Users\russel.mercado\source\repos\Yakult-System-New\Yakult.Inventory.App\Wpf\Items\Views\AssignSubTypeGroupDialog.xaml.cs(23,13): error CS0103: The name 'TxtHeading' does not exist in the current context [C:\Users\russel.mercado\source\repos\Yakult-System-New\Yakult.Inventory.App\Yakult.Inventory.App.csproj]
C:\Users\russel.mercado\source\repos\Yakult-System-New\Yakult.Inventory.App\Wpf\Items\Views\AssignSubTypeGroupDialog.xaml.cs(24,13): error CS0103: The name 'TxtSummary' does not exist in the current context [C:\Users\russel.mercado\source\repos\Yakult-System-New\Yakult.Inventory.App\Yakult.Inventory.App.csproj]
C:\Users\russel.mercado\source\repos\Yakult-System-New\Yakult.Inventory.App\Wpf\Items\Views\AssignSubTypeGroupDialog.xaml.cs(25,13): error CS0103: The name 'LblReferenceCode' does not exist in the current context [C:\Users\russel.mercado\source\repos\Yakult-System-New\Yakult.Inventory.App\Yakult.Inventory.App.csproj]
C:\Users\russel.mercado\source\repos\Yakult-System-New\Yakult.Inventory.App\Wpf\Items\Views\AssignSubTypeGroupDialog.xaml.cs(27,13): error CS0103: The name 'DtpStart' does not exist in the current context [C:\Users\russel.mercado\source\repos\Yakult-System-New\Yakult.Inventory.App\Yakult.Inventory.App.csproj]
C:\Users\russel.mercado\source\repos\Yakult-System-New\Yakult.Inventory.App\Wpf\Items\Views\AssignSubTypeGroupDialog.xaml.cs(28,13): error CS0103: The name 'DtpEnd' does not exist in the current context [C:\Users\russel.mercado\source\repos\Yakult-System-New\Yakult.Inventory.App\Yakult.Inventory.App.csproj]
C:\Users\russel.mercado\source\repos\Yakult-System-New\Yakult.Inventory.App\Wpf\Items\Views\AssignSubTypeGroupDialog.xaml.cs(49,55): error CS0103: The name 'TxtReferenceCode' does not exist in the current context [C:\Users\russel.mercado\source\repos\Yakult-System-New\Yakult.Inventory.App\Yakult.Inventory.App.csproj]
C:\Users\russel.mercado\source\repos\Yakult-System-New\Yakult.Inventory.App\Wpf\Items\Views\AssignSubTypeGroupDialog.xaml.cs(49,87): error CS0103: The name 'TxtReferenceCode' does not exist in the current context [C:\Users\russel.mercado\source\repos\Yakult-System-New\Yakult.Inventory.App\Yakult.Inventory.App.csproj]
C:\Users\russel.mercado\source\repos\Yakult-System-New\Yakult.Inventory.App\Wpf\Items\Views\AssignSubTypeGroupDialog.xaml.cs(50,25): error CS0103: The name 'DtpStart' does not exist in the current context [C:\Users\russel.mercado\source\repos\Yakult-System-New\Yakult.Inventory.App\Yakult.Inventory.App.csproj]
C:\Users\russel.mercado\source\repos\Yakult-System-New\Yakult.Inventory.App\Wpf\Items\Views\AssignSubTypeGroupDialog.xaml.cs(51,23): error CS0103: The name 'DtpEnd' does not exist in the current context [C:\Users\russel.mercado\source\repos\Yakult-System-New\Yakult.Inventory.App\Yakult.Inventory.App.csproj]
C:\Users\russel.mercado\source\repos\Yakult-System-New\Yakult.Inventory.App\Pages\Request\RequestSetBuilderDialog.xaml.cs(87,13): error CS0103: The name 'InitializeComponent' does not exist in the current context [C:\Users\russel.mercado\source\repos\Yakult-System-New\Yakult.Inventory.App\Yakult.Inventory.App.csproj]
C:\Users\russel.mercado\source\repos\Yakult-System-New\Yakult.Inventory.App\Wpf\Receipt\ReceiptSetViewerWindow.xaml.cs(1853,17): error CS0103: The name 'TabPeriodCurrent' does not exist in the current context [C:\Users\russel.mercado\source\repos\Yakult-System-New\Yakult.Inventory.App\Yakult.Inventory.App.csproj]
C:\Users\russel.mercado\source\repos\Yakult-System-New\Yakult.Inventory.App\Wpf\Receipt\ReceiptSetViewerWindow.xaml.cs(1894,17): error CS0103: The name 'TabPeriodCurrent' does not exist in the current context [C:\Users\russel.mercado\source\repos\Yakult-System-New\Yakult.Inventory.App\Yakult.Inventory.App.csproj]
C:\Users\russel.mercado\source\repos\Yakult-System-New\Yakult.Inventory.App\Wpf\Items\Views\ItemsPageView.xaml.cs(29,13): error CS0103: The name 'InitializeComponent' does not exist in the current context [C:\Users\russel.mercado\source\repos\Yakult-System-New\Yakult.Inventory.App\Yakult.Inventory.App.csproj]
C:\Users\russel.mercado\source\repos\Yakult-System-New\Yakult.Inventory.App\Wpf\Items\Views\ItemsPageView.xaml.cs(57,79): error CS0103: The name 'ImportDropdownToggle' does not exist in the current context [C:\Users\russel.mercado\source\repos\Yakult-System-New\Yakult.Inventory.App\Yakult.Inventory.App.csproj]
C:\Users\russel.mercado\source\repos\Yakult-System-New\Yakult.Inventory.App\Wpf\Items\Views\ItemsPageView.xaml.cs(58,84): error CS0103: The name 'MoreActionsDropdownToggle' does not exist in the current context [C:\Users\russel.mercado\source\repos\Yakult-System-New\Yakult.Inventory.App\Yakult.Inventory.App.csproj]
C:\Users\russel.mercado\source\repos\Yakult-System-New\Yakult.Inventory.App\Wpf\Set\BulkAddFiles\BulkAddFilesWindow.xaml.cs(45,13): error CS0103: The name 'InitializeComponent' does not exist in the current context [C:\Users\russel.mercado\source\repos\Yakult-System-New\Yakult.Inventory.App\Yakult.Inventory.App.csproj]
C:\Users\russel.mercado\source\repos\Yakult-System-New\Yakult.Inventory.App\Wpf\CartridgeManagement\Dialogs\AssignReturnsDialog.xaml.cs(40,13): error CS0103: The name 'InitializeComponent' does not exist in the current context [C:\Users\russel.mercado\source\repos\Yakult-System-New\Yakult.Inventory.App\Yakult.Inventory.App.csproj]
C:\Users\russel.mercado\source\repos\Yakult-System-New\Yakult.Inventory.App\Wpf\CartridgeManagement\Dialogs\AssignReturnsDialog.xaml.cs(41,13): error CS0103: The name 'ReturnsGrid' does not exist in the current context [C:\Users\russel.mercado\source\repos\Yakult-System-New\Yakult.Inventory.App\Yakult.Inventory.App.csproj]
C:\Users\russel.mercado\source\repos\Yakult-System-New\Yakult.Inventory.App\Wpf\CartridgeManagement\Dialogs\AssignReturnsDialog.xaml.cs(42,13): error CS0103: The name 'ModelCards' does not exist in the current context [C:\Users\russel.mercado\source\repos\Yakult-System-New\Yakult.Inventory.App\Yakult.Inventory.App.csproj]
C:\Users\russel.mercado\source\repos\Yakult-System-New\Yakult.Inventory.App\Pages\Request\RequestSetBuilderDialog.xaml.cs(95,13): error CS0103: The name 'DgvLines' does not exist in the current context [C:\Users\russel.mercado\source\repos\Yakult-System-New\Yakult.Inventory.App\Yakult.Inventory.App.csproj]
C:\Users\russel.mercado\source\repos\Yakult-System-New\Yakult.Inventory.App\Pages\Request\RequestSetBuilderDialog.xaml.cs(107,13): error CS0103: The name 'CmbEmployee' does not exist in the current context [C:\Users\russel.mercado\source\repos\Yakult-System-New\Yakult.Inventory.App\Yakult.Inventory.App.csproj]
C:\Users\russel.mercado\source\repos\Yakult-System-New\Yakult.Inventory.App\Pages\Request\RequestSetBuilderDialog.xaml.cs(112,26): error CS0103: The name 'CmbEmployee' does not exist in the current context [C:\Users\russel.mercado\source\repos\Yakult-System-New\Yakult.Inventory.App\Yakult.Inventory.App.csproj]
C:\Users\russel.mercado\source\repos\Yakult-System-New\Yakult.Inventory.App\Pages\Request\RequestSetBuilderDialog.xaml.cs(112,54): error CS0103: The name 'CmbEmployee' does not exist in the current context [C:\Users\russel.mercado\source\repos\Yakult-System-New\Yakult.Inventory.App\Yakult.Inventory.App.csproj]
C:\Users\russel.mercado\source\repos\Yakult-System-New\Yakult.Inventory.App\Wpf\Items\Views\ItemsPageView.xaml.cs(76,37): error CS0103: The name 'MainTabs' does not exist in the current context [C:\Users\russel.mercado\source\repos\Yakult-System-New\Yakult.Inventory.App\Yakult.Inventory.App.csproj]
C:\Users\russel.mercado\source\repos\Yakult-System-New\Yakult.Inventory.App\Wpf\Items\Views\ItemsPageView.xaml.cs(77,36): error CS0103: The name 'MainTabs' does not exist in the current context [C:\Users\russel.mercado\source\repos\Yakult-System-New\Yakult.Inventory.App\Yakult.Inventory.App.csproj]
C:\Users\russel.mercado\source\repos\Yakult-System-New\Yakult.Inventory.App\Wpf\Items\Views\ItemsPageView.xaml.cs(108,33): error CS0103: The name 'ItemsGrid' does not exist in the current context [C:\Users\russel.mercado\source\repos\Yakult-System-New\Yakult.Inventory.App\Yakult.Inventory.App.csproj]
C:\Users\russel.mercado\source\repos\Yakult-System-New\Yakult.Inventory.App\Wpf\Set\BulkAddFiles\BulkAddFilesWindow.xaml.cs(80,13): error CS0103: The name 'CategoryFilterPanel' does not exist in the current context [C:\Users\russel.mercado\source\repos\Yakult-System-New\Yakult.Inventory.App\Yakult.Inventory.App.csproj]
C:\Users\russel.mercado\source\repos\Yakult-System-New\Yakult.Inventory.App\Wpf\Set\BulkAddFiles\BulkAddFilesWindow.xaml.cs(100,17): error CS0103: The name 'CategoryFilterPanel' does not exist in the current context [C:\Users\russel.mercado\source\repos\Yakult-System-New\Yakult.Inventory.App\Yakult.Inventory.App.csproj]
C:\Users\russel.mercado\source\repos\Yakult-System-New\Yakult.Inventory.App\Wpf\Set\BulkAddFiles\BulkAddFilesWindow.xaml.cs(108,13): error CS0103: The name 'BtnCategoryFilter' does not exist in the current context [C:\Users\russel.mercado\source\repos\Yakult-System-New\Yakult.Inventory.App\Yakult.Inventory.App.csproj]
C:\Users\russel.mercado\source\repos\Yakult-System-New\Yakult.Inventory.App\Wpf\Set\BulkAddFiles\BulkAddFilesWindow.xaml.cs(115,13): error CS0103: The name 'CategoryFilterPopup' does not exist in the current context [C:\Users\russel.mercado\source\repos\Yakult-System-New\Yakult.Inventory.App\Yakult.Inventory.App.csproj]
C:\Users\russel.mercado\source\repos\Yakult-System-New\Yakult.Inventory.App\Wpf\Set\BulkAddFiles\BulkAddFilesWindow.xaml.cs(115,43): error CS0103: The name 'CategoryFilterPopup' does not exist in the current context [C:\Users\russel.mercado\source\repos\Yakult-System-New\Yakult.Inventory.App\Yakult.Inventory.App.csproj]
C:\Users\russel.mercado\source\repos\Yakult-System-New\Yakult.Inventory.App\Wpf\CartridgeManagement\Dialogs\AssignReturnsDialog.xaml.cs(49,13): error CS0103: The name 'BtnNext' does not exist in the current context [C:\Users\russel.mercado\source\repos\Yakult-System-New\Yakult.Inventory.App\Yakult.Inventory.App.csproj]
C:\Users\russel.mercado\source\repos\Yakult-System-New\Yakult.Inventory.App\Wpf\CartridgeManagement\Dialogs\AssignReturnsDialog.xaml.cs(56,17): error CS0103: The name 'CmbModelFilter' does not exist in the current context [C:\Users\russel.mercado\source\repos\Yakult-System-New\Yakult.Inventory.App\Yakult.Inventory.App.csproj]
C:\Users\russel.mercado\source\repos\Yakult-System-New\Yakult.Inventory.App\Wpf\CartridgeManagement\Dialogs\AssignReturnsDialog.xaml.cs(60,17): error CS0103: The name 'CmbModelFilter' does not exist in the current context [C:\Users\russel.mercado\source\repos\Yakult-System-New\Yakult.Inventory.App\Yakult.Inventory.App.csproj]
C:\Users\russel.mercado\source\repos\Yakult-System-New\Yakult.Inventory.App\Wpf\CartridgeManagement\Dialogs\AssignReturnsDialog.xaml.cs(68,21): error CS0103: The name 'CmbModelFilter' does not exist in the current context [C:\Users\russel.mercado\source\repos\Yakult-System-New\Yakult.Inventory.App\Yakult.Inventory.App.csproj]
C:\Users\russel.mercado\source\repos\Yakult-System-New\Yakult.Inventory.App\Wpf\CartridgeManagement\Dialogs\AssignReturnsDialog.xaml.cs(71,17): error CS0103: The name 'CmbModelFilter' does not exist in the current context [C:\Users\russel.mercado\source\repos\Yakult-System-New\Yakult.Inventory.App\Yakult.Inventory.App.csproj]
C:\Users\russel.mercado\source\repos\Yakult-System-New\Yakult.Inventory.App\Wpf\CartridgeManagement\Dialogs\AssignReturnsDialog.xaml.cs(82,17): error CS0103: The name 'BtnNext' does not exist in the current context [C:\Users\russel.mercado\source\repos\Yakult-System-New\Yakult.Inventory.App\Yakult.Inventory.App.csproj]
C:\Users\russel.mercado\source\repos\Yakult-System-New\Yakult.Inventory.App\Pages\Request\RequestSetBuilderDialog.xaml.cs(156,17): error CS0103: The name 'BtnMaximizeGlyph' does not exist in the current context [C:\Users\russel.mercado\source\repos\Yakult-System-New\Yakult.Inventory.App\Yakult.Inventory.App.csproj]
C:\Users\russel.mercado\source\repos\Yakult-System-New\Yakult.Inventory.App\Pages\Request\RequestSetBuilderDialog.xaml.cs(172,17): error CS0103: The name 'BtnMaximizeGlyph' does not exist in the current context [C:\Users\russel.mercado\source\repos\Yakult-System-New\Yakult.Inventory.App\Yakult.Inventory.App.csproj]
C:\Users\russel.mercado\source\repos\Yakult-System-New\Yakult.Inventory.App\Wpf\Set\BulkAddFiles\BulkAddFilesWindow.xaml.cs(177,64): error CS0103: The name 'SetsGrid' does not exist in the current context [C:\Users\russel.mercado\source\repos\Yakult-System-New\Yakult.Inventory.App\Yakult.Inventory.App.csproj]
C:\Users\russel.mercado\source\repos\Yakult-System-New\Yakult.Inventory.App\Wpf\Admin\AccountManagement\Views\EmployeeManagementView.xaml.cs(853,23): error CS0103: The name 'MainGrid' does not exist in the current context [C:\Users\russel.mercado\source\repos\Yakult-System-New\Yakult.Inventory.App\Yakult.Inventory.App.csproj]
C:\Users\russel.mercado\source\repos\Yakult-System-New\Yakult.Inventory.App\Wpf\Admin\AccountManagement\Views\EmployeeManagementView.xaml.cs(853,59): error CS0103: The name 'MainGrid' does not exist in the current context [C:\Users\russel.mercado\source\repos\Yakult-System-New\Yakult.Inventory.App\Yakult.Inventory.App.csproj]
C:\Users\russel.mercado\source\repos\Yakult-System-New\Yakult.Inventory.App\Wpf\Admin\AccountManagement\Views\EmployeeManagementView.xaml.cs(860,24): error CS0103: The name 'ColDeptEmail' does not exist in the current context [C:\Users\russel.mercado\source\repos\Yakult-System-New\Yakult.Inventory.App\Yakult.Inventory.App.csproj]
C:\Users\russel.mercado\source\repos\Yakult-System-New\Yakult.Inventory.App\Wpf\Admin\AccountManagement\Views\EmployeeManagementView.xaml.cs(860,47): error CS0103: The name 'ColBranchEmail' does not exist in the current context [C:\Users\russel.mercado\source\repos\Yakult-System-New\Yakult.Inventory.App\Yakult.Inventory.App.csproj]
C:\Users\russel.mercado\source\repos\Yakult-System-New\Yakult.Inventory.App\Wpf\Admin\AccountManagement\Views\EmployeeManagementView.xaml.cs(860,72): error CS0103: The name 'ColPersonalEmail' does not exist in the current context [C:\Users\russel.mercado\source\repos\Yakult-System-New\Yakult.Inventory.App\Yakult.Inventory.App.csproj]
C:\Users\russel.mercado\source\repos\Yakult-System-New\Yakult.Inventory.App\Wpf\CartridgeManagement\Dialogs\AssignReturnsDialog.xaml.cs(94,34): error CS0103: The name 'CmbModelFilter' does not exist in the current context [C:\Users\russel.mercado\source\repos\Yakult-System-New\Yakult.Inventory.App\Yakult.Inventory.App.csproj]
C:\Users\russel.mercado\source\repos\Yakult-System-New\Yakult.Inventory.App\Wpf\CartridgeManagement\Dialogs\AssignReturnsDialog.xaml.cs(95,35): error CS0103: The name 'CmbModelFilter' does not exist in the current context [C:\Users\russel.mercado\source\repos\Yakult-System-New\Yakult.Inventory.App\Yakult.Inventory.App.csproj]
C:\Users\russel.mercado\source\repos\Yakult-System-New\Yakult.Inventory.App\Wpf\Set\BulkAddFiles\BulkAddFilesWindow.xaml.cs(185,53): error CS0103: The name 'TxtSetSearch' does not exist in the current context [C:\Users\russel.mercado\source\repos\Yakult-System-New\Yakult.Inventory.App\Yakult.Inventory.App.csproj]
C:\Users\russel.mercado\source\repos\Yakult-System-New\Yakult.Inventory.App\Wpf\Admin\AccountManagement\Views\EmployeeManagementView.xaml.cs(870,29): error CS0103: The name 'ColDeptEmail' does not exist in the current context [C:\Users\russel.mercado\source\repos\Yakult-System-New\Yakult.Inventory.App\Yakult.Inventory.App.csproj]
C:\Users\russel.mercado\source\repos\Yakult-System-New\Yakult.Inventory.App\Wpf\Admin\AccountManagement\Views\EmployeeManagementView.xaml.cs(870,57): error CS0103: The name 'ColBranchEmail' does not exist in the current context [C:\Users\russel.mercado\source\repos\Yakult-System-New\Yakult.Inventory.App\Yakult.Inventory.App.csproj]
C:\Users\russel.mercado\source\repos\Yakult-System-New\Yakult.Inventory.App\Wpf\Admin\AccountManagement\Views\EmployeeManagementView.xaml.cs(870,87): error CS0103: The name 'ColPersonalEmail' does not exist in the current context [C:\Users\russel.mercado\source\repos\Yakult-System-New\Yakult.Inventory.App\Yakult.Inventory.App.csproj]
C:\Users\russel.mercado\source\repos\Yakult-System-New\Yakult.Inventory.App\Wpf\Admin\AccountManagement\Views\EmployeeManagementView.xaml.cs(880,29): error CS0103: The name 'ColDeptEmail' does not exist in the current context [C:\Users\russel.mercado\source\repos\Yakult-System-New\Yakult.Inventory.App\Yakult.Inventory.App.csproj]
C:\Users\russel.mercado\source\repos\Yakult-System-New\Yakult.Inventory.App\Wpf\Admin\AccountManagement\Views\EmployeeManagementView.xaml.cs(881,34): error CS0103: The name 'ColBranchEmail' does not exist in the current context [C:\Users\russel.mercado\source\repos\Yakult-System-New\Yakult.Inventory.App\Yakult.Inventory.App.csproj]
C:\Users\russel.mercado\source\repos\Yakult-System-New\Yakult.Inventory.App\Wpf\Admin\AccountManagement\Views\EmployeeManagementView.xaml.cs(882,34): error CS0103: The name 'ColPersonalEmail' does not exist in the current context [C:\Users\russel.mercado\source\repos\Yakult-System-New\Yakult.Inventory.App\Yakult.Inventory.App.csproj]
C:\Users\russel.mercado\source\repos\Yakult-System-New\Yakult.Inventory.App\Wpf\Set\BulkAddFiles\BulkAddFilesWindow.xaml.cs(206,19): error CS0103: The name 'SetsGrid' does not exist in the current context [C:\Users\russel.mercado\source\repos\Yakult-System-New\Yakult.Inventory.App\Yakult.Inventory.App.csproj]
C:\Users\russel.mercado\source\repos\Yakult-System-New\Yakult.Inventory.App\Wpf\Set\BulkAddFiles\BulkAddFilesWindow.xaml.cs(234,13): error CS0103: The name 'GroupsPanel' does not exist in the current context [C:\Users\russel.mercado\source\repos\Yakult-System-New\Yakult.Inventory.App\Yakult.Inventory.App.csproj]
C:\Users\russel.mercado\source\repos\Yakult-System-New\Yakult.Inventory.App\Wpf\Set\BulkAddFiles\BulkAddFilesWindow.xaml.cs(235,13): error CS0103: The name 'GroupsPanel' does not exist in the current context [C:\Users\russel.mercado\source\repos\Yakult-System-New\Yakult.Inventory.App\Yakult.Inventory.App.csproj]
C:\Users\russel.mercado\source\repos\Yakult-System-New\Yakult.Inventory.App\Wpf\OwnershipHistory\Views\OwnershipTimelineWindow.xaml.cs(20,13): error CS0103: The name 'InitializeComponent' does not exist in the current context [C:\Users\russel.mercado\source\repos\Yakult-System-New\Yakult.Inventory.App\Yakult.Inventory.App.csproj]
C:\Users\russel.mercado\source\repos\Yakult-System-New\Yakult.Inventory.App\Wpf\OwnershipHistory\Views\OwnershipTimelineWindow.xaml.cs(22,13): error CS0103: The name 'TxtTitle' does not exist in the current context [C:\Users\russel.mercado\source\repos\Yakult-System-New\Yakult.Inventory.App\Yakult.Inventory.App.csproj]
C:\Users\russel.mercado\source\repos\Yakult-System-New\Yakult.Inventory.App\Wpf\OwnershipHistory\Views\OwnershipTimelineWindow.xaml.cs(23,13): error CS0103: The name 'TxtSubtitle' does not exist in the current context [C:\Users\russel.mercado\source\repos\Yakult-System-New\Yakult.Inventory.App\Yakult.Inventory.App.csproj]
C:\Users\russel.mercado\source\repos\Yakult-System-New\Yakult.Inventory.App\Wpf\OwnershipHistory\Views\OwnershipTimelineWindow.xaml.cs(27,13): error CS0103: The name 'ListTimeline' does not exist in the current context [C:\Users\russel.mercado\source\repos\Yakult-System-New\Yakult.Inventory.App\Yakult.Inventory.App.csproj]
C:\Users\russel.mercado\source\repos\Yakult-System-New\Yakult.Inventory.App\Wpf\CartridgeManagement\Dialogs\AssignReturnsDialog.xaml.cs(132,17): error CS0103: The name 'TxtSelectionStatus' does not exist in the current context [C:\Users\russel.mercado\source\repos\Yakult-System-New\Yakult.Inventory.App\Yakult.Inventory.App.csproj]
C:\Users\russel.mercado\source\repos\Yakult-System-New\Yakult.Inventory.App\Wpf\CartridgeManagement\Dialogs\AssignReturnsDialog.xaml.cs(133,17): error CS0103: The name 'TxtSelectionStatus' does not exist in the current context [C:\Users\russel.mercado\source\repos\Yakult-System-New\Yakult.Inventory.App\Yakult.Inventory.App.csproj]
C:\Users\russel.mercado\source\repos\Yakult-System-New\Yakult.Inventory.App\Wpf\CartridgeManagement\Dialogs\AssignReturnsDialog.xaml.cs(140,17): error CS0103: The name 'TxtSelectionStatus' does not exist in the current context [C:\Users\russel.mercado\source\repos\Yakult-System-New\Yakult.Inventory.App\Yakult.Inventory.App.csproj]
C:\Users\russel.mercado\source\repos\Yakult-System-New\Yakult.Inventory.App\Wpf\CartridgeManagement\Dialogs\AssignReturnsDialog.xaml.cs(141,17): error CS0103: The name 'TxtSelectionStatus' does not exist in the current context [C:\Users\russel.mercado\source\repos\Yakult-System-New\Yakult.Inventory.App\Yakult.Inventory.App.csproj]
C:\Users\russel.mercado\source\repos\Yakult-System-New\Yakult.Inventory.App\Wpf\CartridgeManagement\Dialogs\AssignReturnsDialog.xaml.cs(152,17): error CS0103: The name 'ChkSelectAll' does not exist in the current context [C:\Users\russel.mercado\source\repos\Yakult-System-New\Yakult.Inventory.App\Yakult.Inventory.App.csproj]
C:\Users\russel.mercado\source\repos\Yakult-System-New\Yakult.Inventory.App\Wpf\CartridgeManagement\Dialogs\AssignReturnsDialog.xaml.cs(156,13): error CS0103: The name 'ChkSelectAll' does not exist in the current context [C:\Users\russel.mercado\source\repos\Yakult-System-New\Yakult.Inventory.App\Yakult.Inventory.App.csproj]
C:\Users\russel.mercado\source\repos\Yakult-System-New\Yakult.Inventory.App\Wpf\CartridgeManagement\Dialogs\AssignReturnsDialog.xaml.cs(167,24): error CS0103: The name 'ChkSelectAll' does not exist in the current context [C:\Users\russel.mercado\source\repos\Yakult-System-New\Yakult.Inventory.App\Yakult.Inventory.App.csproj]
C:\Users\russel.mercado\source\repos\Yakult-System-New\Yakult.Inventory.App\Pages\Request\RequestSetBuilderDialog.xaml.cs(207,17): error CS0103: The name 'LblStatus' does not exist in the current context [C:\Users\russel.mercado\source\repos\Yakult-System-New\Yakult.Inventory.App\Yakult.Inventory.App.csproj]
C:\Users\russel.mercado\source\repos\Yakult-System-New\Yakult.Inventory.App\Pages\Request\RequestSetBuilderDialog.xaml.cs(307,17): error CS0103: The name 'LblStatus' does not exist in the current context [C:\Users\russel.mercado\source\repos\Yakult-System-New\Yakult.Inventory.App\Yakult.Inventory.App.csproj]
C:\Users\russel.mercado\source\repos\Yakult-System-New\Yakult.Inventory.App\Pages\Request\RequestSetBuilderDialog.xaml.cs(315,13): error CS0103: The name 'CmbEmployee' does not exist in the current context [C:\Users\russel.mercado\source\repos\Yakult-System-New\Yakult.Inventory.App\Yakult.Inventory.App.csproj]
C:\Users\russel.mercado\source\repos\Yakult-System-New\Yakult.Inventory.App\Pages\Request\RequestSetBuilderDialog.xaml.cs(316,13): error CS0103: The name 'CmbCompany' does not exist in the current context [C:\Users\russel.mercado\source\repos\Yakult-System-New\Yakult.Inventory.App\Yakult.Inventory.App.csproj]
C:\Users\russel.mercado\source\repos\Yakult-System-New\Yakult.Inventory.App\Pages\Request\RequestSetBuilderDialog.xaml.cs(316,56): error CS0103: The name 'CmbCompany' does not exist in the current context [C:\Users\russel.mercado\source\repos\Yakult-System-New\Yakult.Inventory.App\Yakult.Inventory.App.csproj]
C:\Users\russel.mercado\source\repos\Yakult-System-New\Yakult.Inventory.App\Pages\Request\RequestSetBuilderDialog.xaml.cs(317,13): error CS0103: The name 'CmbDepartment' does not exist in the current context [C:\Users\russel.mercado\source\repos\Yakult-System-New\Yakult.Inventory.App\Yakult.Inventory.App.csproj]
C:\Users\russel.mercado\source\repos\Yakult-System-New\Yakult.Inventory.App\Pages\Request\RequestSetBuilderDialog.xaml.cs(317,56): error CS0103: The name 'CmbDepartment' does not exist in the current context [C:\Users\russel.mercado\source\repos\Yakult-System-New\Yakult.Inventory.App\Yakult.Inventory.App.csproj]
C:\Users\russel.mercado\source\repos\Yakult-System-New\Yakult.Inventory.App\Pages\Request\RequestSetBuilderDialog.xaml.cs(318,13): error CS0103: The name 'CmbBranch' does not exist in the current context [C:\Users\russel.mercado\source\repos\Yakult-System-New\Yakult.Inventory.App\Yakult.Inventory.App.csproj]
C:\Users\russel.mercado\source\repos\Yakult-System-New\Yakult.Inventory.App\Pages\Request\RequestSetBuilderDialog.xaml.cs(318,56): error CS0103: The name 'CmbBranch' does not exist in the current context [C:\Users\russel.mercado\source\repos\Yakult-System-New\Yakult.Inventory.App\Yakult.Inventory.App.csproj]
C:\Users\russel.mercado\source\repos\Yakult-System-New\Yakult.Inventory.App\Pages\Request\RequestSetBuilderDialog.xaml.cs(323,26): error CS0103: The name 'ChkNoEmployee' does not exist in the current context [C:\Users\russel.mercado\source\repos\Yakult-System-New\Yakult.Inventory.App\Yakult.Inventory.App.csproj]
C:\Users\russel.mercado\source\repos\Yakult-System-New\Yakult.Inventory.App\Pages\Request\RequestSetBuilderDialog.xaml.cs(324,13): error CS0103: The name 'PnlEmployee' does not exist in the current context [C:\Users\russel.mercado\source\repos\Yakult-System-New\Yakult.Inventory.App\Yakult.Inventory.App.csproj]
C:\Users\russel.mercado\source\repos\Yakult-System-New\Yakult.Inventory.App\Pages\Request\RequestSetBuilderDialog.xaml.cs(325,13): error CS0103: The name 'PnlOrg' does not exist in the current context [C:\Users\russel.mercado\source\repos\Yakult-System-New\Yakult.Inventory.App\Yakult.Inventory.App.csproj]
C:\Users\russel.mercado\source\repos\Yakult-System-New\Yakult.Inventory.App\Pages\Request\RequestSetBuilderDialog.xaml.cs(326,13): error CS0103: The name 'TxtInfoBanner' does not exist in the current context [C:\Users\russel.mercado\source\repos\Yakult-System-New\Yakult.Inventory.App\Yakult.Inventory.App.csproj]
C:\Users\russel.mercado\source\repos\Yakult-System-New\Yakult.Inventory.App\Pages\Request\RequestSetBuilderDialog.xaml.cs(333,13): error CS0103: The name 'CmbEmployee' does not exist in the current context [C:\Users\russel.mercado\source\repos\Yakult-System-New\Yakult.Inventory.App\Yakult.Inventory.App.csproj]
C:\Users\russel.mercado\source\repos\Yakult-System-New\Yakult.Inventory.App\Pages\Request\RequestSetBuilderDialog.xaml.cs(333,68): error CS0103: The name 'CmbEmployee' does not exist in the current context [C:\Users\russel.mercado\source\repos\Yakult-System-New\Yakult.Inventory.App\Yakult.Inventory.App.csproj]
C:\Users\russel.mercado\source\repos\Yakult-System-New\Yakult.Inventory.App\Wpf\CartridgeManagement\Dialogs\AssignReturnsDialog.xaml.cs(192,13): error CS0103: The name 'BtnNext' does not exist in the current context [C:\Users\russel.mercado\source\repos\Yakult-System-New\Yakult.Inventory.App\Yakult.Inventory.App.csproj]
C:\Users\russel.mercado\source\repos\Yakult-System-New\Yakult.Inventory.App\Wpf\CartridgeManagement\Dialogs\AssignReturnsDialog.xaml.cs(243,17): error CS0103: The name 'BtnNext' does not exist in the current context [C:\Users\russel.mercado\source\repos\Yakult-System-New\Yakult.Inventory.App\Yakult.Inventory.App.csproj]
C:\Users\russel.mercado\source\repos\Yakult-System-New\Yakult.Inventory.App\Wpf\CartridgeManagement\Dialogs\AssignReturnsDialog.xaml.cs(256,13): error CS0103: The name 'Step1Panel' does not exist in the current context [C:\Users\russel.mercado\source\repos\Yakult-System-New\Yakult.Inventory.App\Yakult.Inventory.App.csproj]
C:\Users\russel.mercado\source\repos\Yakult-System-New\Yakult.Inventory.App\Wpf\CartridgeManagement\Dialogs\AssignReturnsDialog.xaml.cs(257,13): error CS0103: The name 'Step2Panel' does not exist in the current context [C:\Users\russel.mercado\source\repos\Yakult-System-New\Yakult.Inventory.App\Yakult.Inventory.App.csproj]
C:\Users\russel.mercado\source\repos\Yakult-System-New\Yakult.Inventory.App\Wpf\CartridgeManagement\Dialogs\AssignReturnsDialog.xaml.cs(258,13): error CS0103: The name 'BtnBack' does not exist in the current context [C:\Users\russel.mercado\source\repos\Yakult-System-New\Yakult.Inventory.App\Yakult.Inventory.App.csproj]
C:\Users\russel.mercado\source\repos\Yakult-System-New\Yakult.Inventory.App\Wpf\CartridgeManagement\Dialogs\AssignReturnsDialog.xaml.cs(259,13): error CS0103: The name 'BtnNext' does not exist in the current context [C:\Users\russel.mercado\source\repos\Yakult-System-New\Yakult.Inventory.App\Yakult.Inventory.App.csproj]
C:\Users\russel.mercado\source\repos\Yakult-System-New\Yakult.Inventory.App\Wpf\CartridgeManagement\Dialogs\AssignReturnsDialog.xaml.cs(260,13): error CS0103: The name 'BtnConfirm' does not exist in the current context [C:\Users\russel.mercado\source\repos\Yakult-System-New\Yakult.Inventory.App\Yakult.Inventory.App.csproj]
C:\Users\russel.mercado\source\repos\Yakult-System-New\Yakult.Inventory.App\Wpf\CartridgeManagement\Dialogs\AssignReturnsDialog.xaml.cs(266,13): error CS0103: The name 'Dot1' does not exist in the current context [C:\Users\russel.mercado\source\repos\Yakult-System-New\Yakult.Inventory.App\Yakult.Inventory.App.csproj]
C:\Users\russel.mercado\source\repos\Yakult-System-New\Yakult.Inventory.App\Wpf\CartridgeManagement\Dialogs\AssignReturnsDialog.xaml.cs(267,13): error CS0103: The name 'Dot2' does not exist in the current context [C:\Users\russel.mercado\source\repos\Yakult-System-New\Yakult.Inventory.App\Yakult.Inventory.App.csproj]
C:\Users\russel.mercado\source\repos\Yakult-System-New\Yakult.Inventory.App\Wpf\CartridgeManagement\Dialogs\AssignReturnsDialog.xaml.cs(268,13): error CS0103: The name 'Lbl1' does not exist in the current context [C:\Users\russel.mercado\source\repos\Yakult-System-New\Yakult.Inventory.App\Yakult.Inventory.App.csproj]
C:\Users\russel.mercado\source\repos\Yakult-System-New\Yakult.Inventory.App\Wpf\CartridgeManagement\Dialogs\AssignReturnsDialog.xaml.cs(269,13): error CS0103: The name 'Lbl2' does not exist in the current context [C:\Users\russel.mercado\source\repos\Yakult-System-New\Yakult.Inventory.App\Yakult.Inventory.App.csproj]
C:\Users\russel.mercado\source\repos\Yakult-System-New\Yakult.Inventory.App\Pages\Request\RequestSetBuilderDialog.xaml.cs(346,17): error CS0103: The name 'CmbEmployee' does not exist in the current context [C:\Users\russel.mercado\source\repos\Yakult-System-New\Yakult.Inventory.App\Yakult.Inventory.App.csproj]
C:\Users\russel.mercado\source\repos\Yakult-System-New\Yakult.Inventory.App\Pages\Request\RequestSetBuilderDialog.xaml.cs(366,26): error CS0103: The name 'CmbEmployee' does not exist in the current context [C:\Users\russel.mercado\source\repos\Yakult-System-New\Yakult.Inventory.App\Yakult.Inventory.App.csproj]
C:\Users\russel.mercado\source\repos\Yakult-System-New\Yakult.Inventory.App\Pages\Request\RequestSetBuilderDialog.xaml.cs(366,54): error CS0103: The name 'CmbEmployee' does not exist in the current context [C:\Users\russel.mercado\source\repos\Yakult-System-New\Yakult.Inventory.App\Yakult.Inventory.App.csproj]
C:\Users\russel.mercado\source\repos\Yakult-System-New\Yakult.Inventory.App\Pages\Request\RequestSetBuilderDialog.xaml.cs(391,22): error CS0103: The name 'CmbEmployee' does not exist in the current context [C:\Users\russel.mercado\source\repos\Yakult-System-New\Yakult.Inventory.App\Yakult.Inventory.App.csproj]
C:\Users\russel.mercado\source\repos\Yakult-System-New\Yakult.Inventory.App\Pages\Request\RequestSetBuilderDialog.xaml.cs(391,50): error CS0103: The name 'CmbEmployee' does not exist in the current context [C:\Users\russel.mercado\source\repos\Yakult-System-New\Yakult.Inventory.App\Yakult.Inventory.App.csproj]
C:\Users\russel.mercado\source\repos\Yakult-System-New\Yakult.Inventory.App\Wpf\CartridgeManagement\Dialogs\AssignReturnsDialog.xaml.cs(279,13): error CS0103: The name 'CmbVendor' does not exist in the current context [C:\Users\russel.mercado\source\repos\Yakult-System-New\Yakult.Inventory.App\Yakult.Inventory.App.csproj]
C:\Users\russel.mercado\source\repos\Yakult-System-New\Yakult.Inventory.App\Wpf\CartridgeManagement\Dialogs\AssignReturnsDialog.xaml.cs(280,13): error CS0103: The name 'CmbExistingBatch' does not exist in the current context [C:\Users\russel.mercado\source\repos\Yakult-System-New\Yakult.Inventory.App\Yakult.Inventory.App.csproj]
C:\Users\russel.mercado\source\repos\Yakult-System-New\Yakult.Inventory.App\Wpf\CartridgeManagement\Dialogs\AssignReturnsDialog.xaml.cs(281,13): error CS0103: The name 'RadNew' does not exist in the current context [C:\Users\russel.mercado\source\repos\Yakult-System-New\Yakult.Inventory.App\Yakult.Inventory.App.csproj]
C:\Users\russel.mercado\source\repos\Yakult-System-New\Yakult.Inventory.App\Wpf\CartridgeManagement\Dialogs\AssignReturnsDialog.xaml.cs(304,29): error CS0103: The name 'CmbVendor' does not exist in the current context [C:\Users\russel.mercado\source\repos\Yakult-System-New\Yakult.Inventory.App\Yakult.Inventory.App.csproj]
C:\Users\russel.mercado\source\repos\Yakult-System-New\Yakult.Inventory.App\Wpf\CartridgeManagement\Dialogs\AssignReturnsDialog.xaml.cs(309,21): error CS0103: The name 'CmbVendor' does not exist in the current context [C:\Users\russel.mercado\source\repos\Yakult-System-New\Yakult.Inventory.App\Yakult.Inventory.App.csproj]
C:\Users\russel.mercado\source\repos\Yakult-System-New\Yakult.Inventory.App\Wpf\CartridgeManagement\Dialogs\AssignReturnsDialog.xaml.cs(310,21): error CS0103: The name 'CmbVendor' does not exist in the current context [C:\Users\russel.mercado\source\repos\Yakult-System-New\Yakult.Inventory.App\Yakult.Inventory.App.csproj]
C:\Users\russel.mercado\source\repos\Yakult-System-New\Yakult.Inventory.App\Wpf\CartridgeManagement\Dialogs\AssignReturnsDialog.xaml.cs(318,21): error CS0103: The name 'CmbExistingBatch' does not exist in the current context [C:\Users\russel.mercado\source\repos\Yakult-System-New\Yakult.Inventory.App\Yakult.Inventory.App.csproj]
C:\Users\russel.mercado\source\repos\Yakult-System-New\Yakult.Inventory.App\Wpf\CartridgeManagement\Dialogs\AssignReturnsDialog.xaml.cs(321,21): error CS0103: The name 'CmbExistingBatch' does not exist in the current context [C:\Users\russel.mercado\source\repos\Yakult-System-New\Yakult.Inventory.App\Yakult.Inventory.App.csproj]
C:\Users\russel.mercado\source\repos\Yakult-System-New\Yakult.Inventory.App\Wpf\CartridgeManagement\Dialogs\AssignReturnsDialog.xaml.cs(322,21): error CS0103: The name 'CmbExistingBatch' does not exist in the current context [C:\Users\russel.mercado\source\repos\Yakult-System-New\Yakult.Inventory.App\Yakult.Inventory.App.csproj]
C:\Users\russel.mercado\source\repos\Yakult-System-New\Yakult.Inventory.App\Wpf\CartridgeManagement\Dialogs\AssignReturnsDialog.xaml.cs(324,21): error CS0103: The name 'RadExisting' does not exist in the current context [C:\Users\russel.mercado\source\repos\Yakult-System-New\Yakult.Inventory.App\Yakult.Inventory.App.csproj]
C:\Users\russel.mercado\source\repos\Yakult-System-New\Yakult.Inventory.App\Pages\Request\RequestSetBuilderDialog.xaml.cs(402,23): error CS0103: The name 'CmbEmployee' does not exist in the current context [C:\Users\russel.mercado\source\repos\Yakult-System-New\Yakult.Inventory.App\Yakult.Inventory.App.csproj]
C:\Users\russel.mercado\source\repos\Yakult-System-New\Yakult.Inventory.App\Pages\Request\RequestSetBuilderDialog.xaml.cs(405,45): error CS0103: The name 'CmbEmployee' does not exist in the current context [C:\Users\russel.mercado\source\repos\Yakult-System-New\Yakult.Inventory.App\Yakult.Inventory.App.csproj]
C:\Users\russel.mercado\source\repos\Yakult-System-New\Yakult.Inventory.App\Pages\Request\RequestSetBuilderDialog.xaml.cs(408,27): error CS0103: The name 'CmbEmployee' does not exist in the current context [C:\Users\russel.mercado\source\repos\Yakult-System-New\Yakult.Inventory.App\Yakult.Inventory.App.csproj]
C:\Users\russel.mercado\source\repos\Yakult-System-New\Yakult.Inventory.App\Wpf\CartridgeManagement\Dialogs\AssignReturnsDialog.xaml.cs(338,13): error CS0103: The name 'TxtStep2Summary' does not exist in the current context [C:\Users\russel.mercado\source\repos\Yakult-System-New\Yakult.Inventory.App\Yakult.Inventory.App.csproj]
C:\Users\russel.mercado\source\repos\Yakult-System-New\Yakult.Inventory.App\Wpf\CartridgeManagement\Dialogs\AssignReturnsDialog.xaml.cs(343,13): error CS0103: The name 'BtnConfirm' does not exist in the current context [C:\Users\russel.mercado\source\repos\Yakult-System-New\Yakult.Inventory.App\Yakult.Inventory.App.csproj]
C:\Users\russel.mercado\source\repos\Yakult-System-New\Yakult.Inventory.App\Wpf\CartridgeManagement\Dialogs\AssignReturnsDialog.xaml.cs(349,17): error CS0103: The name 'PnlNew' does not exist in the current context [C:\Users\russel.mercado\source\repos\Yakult-System-New\Yakult.Inventory.App\Yakult.Inventory.App.csproj]
C:\Users\russel.mercado\source\repos\Yakult-System-New\Yakult.Inventory.App\Wpf\CartridgeManagement\Dialogs\AssignReturnsDialog.xaml.cs(350,26): error CS0103: The name 'RadNew' does not exist in the current context [C:\Users\russel.mercado\source\repos\Yakult-System-New\Yakult.Inventory.App\Yakult.Inventory.App.csproj]
C:\Users\russel.mercado\source\repos\Yakult-System-New\Yakult.Inventory.App\Wpf\CartridgeManagement\Dialogs\AssignReturnsDialog.xaml.cs(351,13): error CS0103: The name 'PnlNew' does not exist in the current context [C:\Users\russel.mercado\source\repos\Yakult-System-New\Yakult.Inventory.App\Yakult.Inventory.App.csproj]
C:\Users\russel.mercado\source\repos\Yakult-System-New\Yakult.Inventory.App\Wpf\CartridgeManagement\Dialogs\AssignReturnsDialog.xaml.cs(352,13): error CS0103: The name 'PnlExisting' does not exist in the current context [C:\Users\russel.mercado\source\repos\Yakult-System-New\Yakult.Inventory.App\Yakult.Inventory.App.csproj]
C:\Users\russel.mercado\source\repos\Yakult-System-New\Yakult.Inventory.App\Pages\Request\RequestSetBuilderDialog.xaml.cs(435,46): error CS0103: The name 'BtnRemoveLine' does not exist in the current context [C:\Users\russel.mercado\source\repos\Yakult-System-New\Yakult.Inventory.App\Yakult.Inventory.App.csproj]
C:\Users\russel.mercado\source\repos\Yakult-System-New\Yakult.Inventory.App\Wpf\CartridgeManagement\Dialogs\AssignReturnsDialog.xaml.cs(373,17): error CS0103: The name 'RadExisting' does not exist in the current context [C:\Users\russel.mercado\source\repos\Yakult-System-New\Yakult.Inventory.App\Yakult.Inventory.App.csproj]
C:\Users\russel.mercado\source\repos\Yakult-System-New\Yakult.Inventory.App\Pages\Request\RequestSetBuilderDialog.xaml.cs(441,13): error CS0103: The name 'LblStatus' does not exist in the current context [C:\Users\russel.mercado\source\repos\Yakult-System-New\Yakult.Inventory.App\Yakult.Inventory.App.csproj]
C:\Users\russel.mercado\source\repos\Yakult-System-New\Yakult.Inventory.App\Wpf\Set\BulkAddFiles\BulkAddFilesWindow.xaml.cs(541,21): error CS0103: The name 'SetsGrid' does not exist in the current context [C:\Users\russel.mercado\source\repos\Yakult-System-New\Yakult.Inventory.App\Yakult.Inventory.App.csproj]
C:\Users\russel.mercado\source\repos\Yakult-System-New\Yakult.Inventory.App\Wpf\Admin\AccountManagement\Views\EmployeeManagementView.xaml.cs(891,29): error CS0103: The name 'ColDeptEmail' does not exist in the current context [C:\Users\russel.mercado\source\repos\Yakult-System-New\Yakult.Inventory.App\Yakult.Inventory.App.csproj]
C:\Users\russel.mercado\source\repos\Yakult-System-New\Yakult.Inventory.App\Wpf\Admin\AccountManagement\Views\EmployeeManagementView.xaml.cs(891,57): error CS0103: The name 'ColBranchEmail' does not exist in the current context [C:\Users\russel.mercado\source\repos\Yakult-System-New\Yakult.Inventory.App\Yakult.Inventory.App.csproj]
C:\Users\russel.mercado\source\repos\Yakult-System-New\Yakult.Inventory.App\Wpf\Admin\AccountManagement\Views\EmployeeManagementView.xaml.cs(891,87): error CS0103: The name 'ColPersonalEmail' does not exist in the current context [C:\Users\russel.mercado\source\repos\Yakult-System-New\Yakult.Inventory.App\Yakult.Inventory.App.csproj]
C:\Users\russel.mercado\source\repos\Yakult-System-New\Yakult.Inventory.App\Wpf\Admin\AccountManagement\Views\EmployeeManagementView.xaml.cs(914,33): error CS0103: The name 'ColDeptEmail' does not exist in the current context [C:\Users\russel.mercado\source\repos\Yakult-System-New\Yakult.Inventory.App\Yakult.Inventory.App.csproj]
C:\Users\russel.mercado\source\repos\Yakult-System-New\Yakult.Inventory.App\Wpf\Admin\AccountManagement\Views\EmployeeManagementView.xaml.cs(938,38): error CS0103: The name 'ColBranchEmail' does not exist in the current context [C:\Users\russel.mercado\source\repos\Yakult-System-New\Yakult.Inventory.App\Yakult.Inventory.App.csproj]
C:\Users\russel.mercado\source\repos\Yakult-System-New\Yakult.Inventory.App\Wpf\Admin\AccountManagement\Views\EmployeeManagementView.xaml.cs(962,38): error CS0103: The name 'ColPersonalEmail' does not exist in the current context [C:\Users\russel.mercado\source\repos\Yakult-System-New\Yakult.Inventory.App\Yakult.Inventory.App.csproj]
C:\Users\russel.mercado\source\repos\Yakult-System-New\Yakult.Inventory.App\Wpf\CartridgeManagement\Dialogs\AssignReturnsDialog.xaml.cs(384,17): error CS0103: The name 'CmbVendor' does not exist in the current context [C:\Users\russel.mercado\source\repos\Yakult-System-New\Yakult.Inventory.App\Yakult.Inventory.App.csproj]
C:\Users\russel.mercado\source\repos\Yakult-System-New\Yakult.Inventory.App\Wpf\CartridgeManagement\Dialogs\AssignReturnsDialog.xaml.cs(391,42): error CS0103: The name 'CmbVendor' does not exist in the current context [C:\Users\russel.mercado\source\repos\Yakult-System-New\Yakult.Inventory.App\Yakult.Inventory.App.csproj]
C:\Users\russel.mercado\source\repos\Yakult-System-New\Yakult.Inventory.App\Wpf\CartridgeManagement\Dialogs\AssignReturnsDialog.xaml.cs(392,46): error CS0103: The name 'CmbVendor' does not exist in the current context [C:\Users\russel.mercado\source\repos\Yakult-System-New\Yakult.Inventory.App\Yakult.Inventory.App.csproj]
C:\Users\russel.mercado\source\repos\Yakult-System-New\Yakult.Inventory.App\Wpf\CartridgeManagement\Dialogs\AssignReturnsDialog.xaml.cs(393,31): error CS0103: The name 'TxtRemarks' does not exist in the current context [C:\Users\russel.mercado\source\repos\Yakult-System-New\Yakult.Inventory.App\Yakult.Inventory.App.csproj]
C:\Users\russel.mercado\source\repos\Yakult-System-New\Yakult.Inventory.App\Wpf\CartridgeManagement\Dialogs\AssignReturnsDialog.xaml.cs(408,13): error CS0103: The name 'BtnConfirm' does not exist in the current context [C:\Users\russel.mercado\source\repos\Yakult-System-New\Yakult.Inventory.App\Yakult.Inventory.App.csproj]
C:\Users\russel.mercado\source\repos\Yakult-System-New\Yakult.Inventory.App\Wpf\CartridgeManagement\Dialogs\AssignReturnsDialog.xaml.cs(409,13): error CS0103: The name 'BtnBack' does not exist in the current context [C:\Users\russel.mercado\source\repos\Yakult-System-New\Yakult.Inventory.App\Yakult.Inventory.App.csproj]
C:\Users\russel.mercado\source\repos\Yakult-System-New\Yakult.Inventory.App\Wpf\CartridgeManagement\Dialogs\AssignReturnsDialog.xaml.cs(451,17): error CS0103: The name 'BtnConfirm' does not exist in the current context [C:\Users\russel.mercado\source\repos\Yakult-System-New\Yakult.Inventory.App\Yakult.Inventory.App.csproj]
C:\Users\russel.mercado\source\repos\Yakult-System-New\Yakult.Inventory.App\Wpf\CartridgeManagement\Dialogs\AssignReturnsDialog.xaml.cs(452,17): error CS0103: The name 'BtnBack' does not exist in the current context [C:\Users\russel.mercado\source\repos\Yakult-System-New\Yakult.Inventory.App\Yakult.Inventory.App.csproj]
C:\Users\russel.mercado\source\repos\Yakult-System-New\Yakult.Inventory.App\Wpf\OwnershipHistory\Views\OwnershipHistoryPageView.xaml.cs(26,13): error CS0103: The name 'InitializeComponent' does not exist in the current context [C:\Users\russel.mercado\source\repos\Yakult-System-New\Yakult.Inventory.App\Yakult.Inventory.App.csproj]
C:\Users\russel.mercado\source\repos\Yakult-System-New\Yakult.Inventory.App\Wpf\OwnershipHistory\Views\OwnershipHistoryPageView.xaml.cs(27,13): error CS0103: The name 'GridHistory' does not exist in the current context [C:\Users\russel.mercado\source\repos\Yakult-System-New\Yakult.Inventory.App\Yakult.Inventory.App.csproj]
C:\Users\russel.mercado\source\repos\Yakult-System-New\Yakult.Inventory.App\Wpf\OwnershipHistory\Views\OwnershipHistoryPageView.xaml.cs(28,13): error CS0103: The name 'ListTransferCycle' does not exist in the current context [C:\Users\russel.mercado\source\repos\Yakult-System-New\Yakult.Inventory.App\Yakult.Inventory.App.csproj]
C:\Users\russel.mercado\source\repos\Yakult-System-New\Yakult.Inventory.App\Wpf\CartridgeManagement\Dialogs\AssignReturnsDialog.xaml.cs(458,17): error CS0103: The name 'CmbExistingBatch' does not exist in the current context [C:\Users\russel.mercado\source\repos\Yakult-System-New\Yakult.Inventory.App\Yakult.Inventory.App.csproj]
C:\Users\russel.mercado\source\repos\Yakult-System-New\Yakult.Inventory.App\Wpf\CartridgeManagement\Dialogs\AssignReturnsDialog.xaml.cs(465,57): error CS0103: The name 'CmbExistingBatch' does not exist in the current context [C:\Users\russel.mercado\source\repos\Yakult-System-New\Yakult.Inventory.App\Yakult.Inventory.App.csproj]
C:\Users\russel.mercado\source\repos\Yakult-System-New\Yakult.Inventory.App\Wpf\CartridgeManagement\Dialogs\AssignReturnsDialog.xaml.cs(466,60): error CS0103: The name 'CmbExistingBatch' does not exist in the current context [C:\Users\russel.mercado\source\repos\Yakult-System-New\Yakult.Inventory.App\Yakult.Inventory.App.csproj]
C:\Users\russel.mercado\source\repos\Yakult-System-New\Yakult.Inventory.App\Wpf\CartridgeManagement\Dialogs\AssignReturnsDialog.xaml.cs(481,13): error CS0103: The name 'BtnConfirm' does not exist in the current context [C:\Users\russel.mercado\source\repos\Yakult-System-New\Yakult.Inventory.App\Yakult.Inventory.App.csproj]
C:\Users\russel.mercado\source\repos\Yakult-System-New\Yakult.Inventory.App\Wpf\CartridgeManagement\Dialogs\AssignReturnsDialog.xaml.cs(482,13): error CS0103: The name 'BtnBack' does not exist in the current context [C:\Users\russel.mercado\source\repos\Yakult-System-New\Yakult.Inventory.App\Yakult.Inventory.App.csproj]
C:\Users\russel.mercado\source\repos\Yakult-System-New\Yakult.Inventory.App\Wpf\CartridgeManagement\Dialogs\AssignReturnsDialog.xaml.cs(513,17): error CS0103: The name 'BtnConfirm' does not exist in the current context [C:\Users\russel.mercado\source\repos\Yakult-System-New\Yakult.Inventory.App\Yakult.Inventory.App.csproj]
C:\Users\russel.mercado\source\repos\Yakult-System-New\Yakult.Inventory.App\Wpf\CartridgeManagement\Dialogs\AssignReturnsDialog.xaml.cs(514,17): error CS0103: The name 'BtnBack' does not exist in the current context [C:\Users\russel.mercado\source\repos\Yakult-System-New\Yakult.Inventory.App\Yakult.Inventory.App.csproj]
C:\Users\russel.mercado\source\repos\Yakult-System-New\Yakult.Inventory.App\Wpf\OwnershipHistory\Views\OwnershipHistoryPageView.xaml.cs(60,24): error CS0103: The name 'CmbEntityType' does not exist in the current context [C:\Users\russel.mercado\source\repos\Yakult-System-New\Yakult.Inventory.App\Yakult.Inventory.App.csproj]
C:\Users\russel.mercado\source\repos\Yakult-System-New\Yakult.Inventory.App\Wpf\Admin\AccountManagement\Views\EmployeeManagementView.xaml.cs(1035,33): error CS0103: The name 'MainGrid' does not exist in the current context [C:\Users\russel.mercado\source\repos\Yakult-System-New\Yakult.Inventory.App\Yakult.Inventory.App.csproj]
C:\Users\russel.mercado\source\repos\Yakult-System-New\Yakult.Inventory.App\Wpf\OwnershipHistory\Views\OwnershipHistoryPageView.xaml.cs(71,32): error CS0103: The name 'TxtEntityId' does not exist in the current context [C:\Users\russel.mercado\source\repos\Yakult-System-New\Yakult.Inventory.App\Yakult.Inventory.App.csproj]
C:\Users\russel.mercado\source\repos\Yakult-System-New\Yakult.Inventory.App\Wpf\OwnershipHistory\Views\OwnershipHistoryPageView.xaml.cs(97,19): error CS0103: The name 'GridHistory' does not exist in the current context [C:\Users\russel.mercado\source\repos\Yakult-System-New\Yakult.Inventory.App\Yakult.Inventory.App.csproj]
C:\Users\russel.mercado\source\repos\Yakult-System-New\Yakult.Inventory.App\Pages\Request\RequestSetBuilderDialog.xaml.cs(483,17): error CS0103: The name 'DgvLines' does not exist in the current context [C:\Users\russel.mercado\source\repos\Yakult-System-New\Yakult.Inventory.App\Yakult.Inventory.App.csproj]
C:\Users\russel.mercado\source\repos\Yakult-System-New\Yakult.Inventory.App\Wpf\CartridgeManagement\Dialogs\TransferCartridgesWpfDialog.xaml.cs(28,13): error CS0103: The name 'InitializeComponent' does not exist in the current context [C:\Users\russel.mercado\source\repos\Yakult-System-New\Yakult.Inventory.App\Yakult.Inventory.App.csproj]
C:\Users\russel.mercado\source\repos\Yakult-System-New\Yakult.Inventory.App\Wpf\CartridgeManagement\Dialogs\TransferCartridgesWpfDialog.xaml.cs(34,13): error CS0103: The name 'TxtSubtitle' does not exist in the current context [C:\Users\russel.mercado\source\repos\Yakult-System-New\Yakult.Inventory.App\Yakult.Inventory.App.csproj]
C:\Users\russel.mercado\source\repos\Yakult-System-New\Yakult.Inventory.App\WPF\CartridgeManagement\Views\CartridgeManagementView.xaml.cs(25,13): error CS0103: The name 'InitializeComponent' does not exist in the current context [C:\Users\russel.mercado\source\repos\Yakult-System-New\Yakult.Inventory.App\Yakult.Inventory.App.csproj]
C:\Users\russel.mercado\source\repos\Yakult-System-New\Yakult.Inventory.App\Wpf\CartridgeManagement\Dialogs\TransferCartridgesWpfDialog.xaml.cs(40,13): error CS0103: The name 'TxtModelsLoading' does not exist in the current context [C:\Users\russel.mercado\source\repos\Yakult-System-New\Yakult.Inventory.App\Yakult.Inventory.App.csproj]
C:\Users\russel.mercado\source\repos\Yakult-System-New\Yakult.Inventory.App\Wpf\CartridgeManagement\Dialogs\TransferCartridgesWpfDialog.xaml.cs(41,13): error CS0103: The name 'ModelsBorder' does not exist in the current context [C:\Users\russel.mercado\source\repos\Yakult-System-New\Yakult.Inventory.App\Yakult.Inventory.App.csproj]
C:\Users\russel.mercado\source\repos\Yakult-System-New\Yakult.Inventory.App\Wpf\CartridgeManagement\Dialogs\TransferCartridgesWpfDialog.xaml.cs(42,13): error CS0103: The name 'TxtNoRows' does not exist in the current context [C:\Users\russel.mercado\source\repos\Yakult-System-New\Yakult.Inventory.App\Yakult.Inventory.App.csproj]
C:\Users\russel.mercado\source\repos\Yakult-System-New\Yakult.Inventory.App\Wpf\CartridgeManagement\Dialogs\TransferCartridgesWpfDialog.xaml.cs(48,17): error CS0103: The name 'CmbTarget' does not exist in the current context [C:\Users\russel.mercado\source\repos\Yakult-System-New\Yakult.Inventory.App\Yakult.Inventory.App.csproj]
C:\Users\russel.mercado\source\repos\Yakult-System-New\Yakult.Inventory.App\Wpf\CartridgeManagement\Dialogs\TransferCartridgesWpfDialog.xaml.cs(54,21): error CS0103: The name 'CmbTarget' does not exist in the current context [C:\Users\russel.mercado\source\repos\Yakult-System-New\Yakult.Inventory.App\Yakult.Inventory.App.csproj]
C:\Users\russel.mercado\source\repos\Yakult-System-New\Yakult.Inventory.App\Wpf\CartridgeManagement\Dialogs\TransferCartridgesWpfDialog.xaml.cs(77,17): error CS0103: The name 'TxtModelsLoading' does not exist in the current context [C:\Users\russel.mercado\source\repos\Yakult-System-New\Yakult.Inventory.App\Yakult.Inventory.App.csproj]
C:\Users\russel.mercado\source\repos\Yakult-System-New\Yakult.Inventory.App\Wpf\CartridgeManagement\Dialogs\TransferCartridgesWpfDialog.xaml.cs(81,21): error CS0103: The name 'TxtNoRows' does not exist in the current context [C:\Users\russel.mercado\source\repos\Yakult-System-New\Yakult.Inventory.App\Yakult.Inventory.App.csproj]
C:\Users\russel.mercado\source\repos\Yakult-System-New\Yakult.Inventory.App\Wpf\CartridgeManagement\Dialogs\TransferCartridgesWpfDialog.xaml.cs(85,21): error CS0103: The name 'ModelsList' does not exist in the current context [C:\Users\russel.mercado\source\repos\Yakult-System-New\Yakult.Inventory.App\Yakult.Inventory.App.csproj]
C:\Users\russel.mercado\source\repos\Yakult-System-New\Yakult.Inventory.App\Wpf\CartridgeManagement\Dialogs\TransferCartridgesWpfDialog.xaml.cs(86,21): error CS0103: The name 'ModelsBorder' does not exist in the current context [C:\Users\russel.mercado\source\repos\Yakult-System-New\Yakult.Inventory.App\Yakult.Inventory.App.csproj]
C:\Users\russel.mercado\source\repos\Yakult-System-New\Yakult.Inventory.App\Wpf\CartridgeManagement\Dialogs\TransferCartridgesWpfDialog.xaml.cs(93,17): error CS0103: The name 'TxtModelsLoading' does not exist in the current context [C:\Users\russel.mercado\source\repos\Yakult-System-New\Yakult.Inventory.App\Yakult.Inventory.App.csproj]
C:\Users\russel.mercado\source\repos\Yakult-System-New\Yakult.Inventory.App\Wpf\CartridgeManagement\Views\FulfillExchangeDialog.xaml.cs(20,13): error CS0103: The name 'InitializeComponent' does not exist in the current context [C:\Users\russel.mercado\source\repos\Yakult-System-New\Yakult.Inventory.App\Yakult.Inventory.App.csproj]
C:\Users\russel.mercado\source\repos\Yakult-System-New\Yakult.Inventory.App\Wpf\CartridgeManagement\Views\FulfillExchangeDialog.xaml.cs(23,13): error CS0103: The name 'StatesPanel' does not exist in the current context [C:\Users\russel.mercado\source\repos\Yakult-System-New\Yakult.Inventory.App\Yakult.Inventory.App.csproj]
C:\Users\russel.mercado\source\repos\Yakult-System-New\Yakult.Inventory.App\Wpf\CartridgeManagement\Views\FulfillExchangeDialog.xaml.cs(29,17): error CS0103: The name 'TitleText' does not exist in the current context [C:\Users\russel.mercado\source\repos\Yakult-System-New\Yakult.Inventory.App\Yakult.Inventory.App.csproj]
C:\Users\russel.mercado\source\repos\Yakult-System-New\Yakult.Inventory.App\Wpf\CartridgeManagement\Views\FulfillExchangeDialog.xaml.cs(33,17): error CS0103: The name 'SubtitleText' does not exist in the current context [C:\Users\russel.mercado\source\repos\Yakult-System-New\Yakult.Inventory.App\Yakult.Inventory.App.csproj]
C:\Users\russel.mercado\source\repos\Yakult-System-New\Yakult.Inventory.App\Wpf\FixedAssets\Views\FixedAssetsPageView.xaml.cs(16,13): error CS0103: The name 'InitializeComponent' does not exist in the current context [C:\Users\russel.mercado\source\repos\Yakult-System-New\Yakult.Inventory.App\Yakult.Inventory.App.csproj]
C:\Users\russel.mercado\source\repos\Yakult-System-New\Yakult.Inventory.App\Wpf\CartridgeManagement\Dialogs\TransferCartridgesWpfDialog.xaml.cs(129,17): error CS0103: The name 'TxtSummary' does not exist in the current context [C:\Users\russel.mercado\source\repos\Yakult-System-New\Yakult.Inventory.App\Yakult.Inventory.App.csproj]
C:\Users\russel.mercado\source\repos\Yakult-System-New\Yakult.Inventory.App\Wpf\CartridgeManagement\Dialogs\TransferCartridgesWpfDialog.xaml.cs(131,17): error CS0103: The name 'TxtSummary' does not exist in the current context [C:\Users\russel.mercado\source\repos\Yakult-System-New\Yakult.Inventory.App\Yakult.Inventory.App.csproj]
C:\Users\russel.mercado\source\repos\Yakult-System-New\Yakult.Inventory.App\Wpf\CartridgeManagement\Dialogs\TransferCartridgesWpfDialog.xaml.cs(133,30): error CS0103: The name 'CmbTarget' does not exist in the current context [C:\Users\russel.mercado\source\repos\Yakult-System-New\Yakult.Inventory.App\Yakult.Inventory.App.csproj]
C:\Users\russel.mercado\source\repos\Yakult-System-New\Yakult.Inventory.App\Wpf\CartridgeManagement\Dialogs\TransferCartridgesWpfDialog.xaml.cs(134,30): error CS0103: The name 'CmbTarget' does not exist in the current context [C:\Users\russel.mercado\source\repos\Yakult-System-New\Yakult.Inventory.App\Yakult.Inventory.App.csproj]
C:\Users\russel.mercado\source\repos\Yakult-System-New\Yakult.Inventory.App\Wpf\CartridgeManagement\Dialogs\TransferCartridgesWpfDialog.xaml.cs(136,13): error CS0103: The name 'BtnTransfer' does not exist in the current context [C:\Users\russel.mercado\source\repos\Yakult-System-New\Yakult.Inventory.App\Yakult.Inventory.App.csproj]
C:\Users\russel.mercado\source\repos\Yakult-System-New\Yakult.Inventory.App\Wpf\FixedAssets\Views\FixedAssetsPageView.xaml.cs(54,13): error CS0103: The name 'FixedAssetsGrid' does not exist in the current context [C:\Users\russel.mercado\source\repos\Yakult-System-New\Yakult.Inventory.App\Yakult.Inventory.App.csproj]
C:\Users\russel.mercado\source\repos\Yakult-System-New\Yakult.Inventory.App\Wpf\CartridgeManagement\Views\UnfulfilledExchangesView.xaml.cs(15,13): error CS0103: The name 'InitializeComponent' does not exist in the current context [C:\Users\russel.mercado\source\repos\Yakult-System-New\Yakult.Inventory.App\Yakult.Inventory.App.csproj]
C:\Users\russel.mercado\source\repos\Yakult-System-New\Yakult.Inventory.App\Wpf\CartridgeManagement\Views\UnfulfilledExchangesView.xaml.cs(21,13): error CS0103: The name 'FilterByBox' does not exist in the current context [C:\Users\russel.mercado\source\repos\Yakult-System-New\Yakult.Inventory.App\Yakult.Inventory.App.csproj]
C:\Users\russel.mercado\source\repos\Yakult-System-New\Yakult.Inventory.App\Wpf\CartridgeManagement\Views\UnfulfilledExchangesView.xaml.cs(26,13): error CS0103: The name 'FilterByBox' does not exist in the current context [C:\Users\russel.mercado\source\repos\Yakult-System-New\Yakult.Inventory.App\Yakult.Inventory.App.csproj]
C:\Users\russel.mercado\source\repos\Yakult-System-New\Yakult.Inventory.App\Wpf\CartridgeManagement\Views\UnfulfilledExchangesView.xaml.cs(29,13): error CS0103: The name 'SortByBox' does not exist in the current context [C:\Users\russel.mercado\source\repos\Yakult-System-New\Yakult.Inventory.App\Yakult.Inventory.App.csproj]
C:\Users\russel.mercado\source\repos\Yakult-System-New\Yakult.Inventory.App\Wpf\CartridgeManagement\Views\UnfulfilledExchangesView.xaml.cs(34,13): error CS0103: The name 'SortByBox' does not exist in the current context [C:\Users\russel.mercado\source\repos\Yakult-System-New\Yakult.Inventory.App\Yakult.Inventory.App.csproj]
C:\Users\russel.mercado\source\repos\Yakult-System-New\Yakult.Inventory.App\Wpf\CartridgeManagement\Views\UnfulfilledExchangesView.xaml.cs(37,13): error CS0103: The name 'StatusFilterBox' does not exist in the current context [C:\Users\russel.mercado\source\repos\Yakult-System-New\Yakult.Inventory.App\Yakult.Inventory.App.csproj]
C:\Users\russel.mercado\source\repos\Yakult-System-New\Yakult.Inventory.App\Wpf\CartridgeManagement\Views\UnfulfilledExchangesView.xaml.cs(42,13): error CS0103: The name 'StatusFilterBox' does not exist in the current context [C:\Users\russel.mercado\source\repos\Yakult-System-New\Yakult.Inventory.App\Yakult.Inventory.App.csproj]
C:\Users\russel.mercado\source\repos\Yakult-System-New\Yakult.Inventory.App\Wpf\FixedAssets\Views\FixedAssetsPageView.xaml.cs(103,13): error CS0103: The name 'FixedAssetsGrid' does not exist in the current context [C:\Users\russel.mercado\source\repos\Yakult-System-New\Yakult.Inventory.App\Yakult.Inventory.App.csproj]
C:\Users\russel.mercado\source\repos\Yakult-System-New\Yakult.Inventory.App\Wpf\FixedAssets\Views\FixedAssetsPageView.xaml.cs(118,13): error CS0103: The name 'FixedAssetsGrid' does not exist in the current context [C:\Users\russel.mercado\source\repos\Yakult-System-New\Yakult.Inventory.App\Yakult.Inventory.App.csproj]
C:\Users\russel.mercado\source\repos\Yakult-System-New\Yakult.Inventory.App\Wpf\FixedAssets\Views\FixedAssetsPageView.xaml.cs(132,13): error CS0103: The name 'FixedAssetsGrid' does not exist in the current context [C:\Users\russel.mercado\source\repos\Yakult-System-New\Yakult.Inventory.App\Yakult.Inventory.App.csproj]
C:\Users\russel.mercado\source\repos\Yakult-System-New\Yakult.Inventory.App\Wpf\FixedAssets\Views\FixedAssetsPageView.xaml.cs(144,55): error CS0103: The name 'FixedAssetsGrid' does not exist in the current context [C:\Users\russel.mercado\source\repos\Yakult-System-New\Yakult.Inventory.App\Yakult.Inventory.App.csproj]
C:\Users\russel.mercado\source\repos\Yakult-System-New\Yakult.Inventory.App\Wpf\FixedAssets\Views\FixedAssetsPageView.xaml.cs(145,73): error CS0103: The name 'FixedAssetsGrid' does not exist in the current context [C:\Users\russel.mercado\source\repos\Yakult-System-New\Yakult.Inventory.App\Yakult.Inventory.App.csproj]
C:\Users\russel.mercado\source\repos\Yakult-System-New\Yakult.Inventory.App\Wpf\FixedAssets\Views\FixedAssetsPageView.xaml.cs(157,33): error CS0103: The name 'FixedAssetsGrid' does not exist in the current context [C:\Users\russel.mercado\source\repos\Yakult-System-New\Yakult.Inventory.App\Yakult.Inventory.App.csproj]
C:\Users\russel.mercado\source\repos\Yakult-System-New\Yakult.Inventory.App\Wpf\OwnershipHistory\Views\OwnershipHistoryPageView.xaml.cs(160,19): error CS0103: The name 'GridHistory' does not exist in the current context [C:\Users\russel.mercado\source\repos\Yakult-System-New\Yakult.Inventory.App\Yakult.Inventory.App.csproj]
C:\Users\russel.mercado\source\repos\Yakult-System-New\Yakult.Inventory.App\Wpf\CartridgeManagement\Views\PartiallyFulfilledView.xaml.cs(21,13): error CS0103: The name 'InitializeComponent' does not exist in the current context [C:\Users\russel.mercado\source\repos\Yakult-System-New\Yakult.Inventory.App\Yakult.Inventory.App.csproj]
C:\Users\russel.mercado\source\repos\Yakult-System-New\Yakult.Inventory.App\Wpf\CartridgeManagement\Views\PartiallyFulfilledView.xaml.cs(27,13): error CS0103: The name 'FilterByBox' does not exist in the current context [C:\Users\russel.mercado\source\repos\Yakult-System-New\Yakult.Inventory.App\Yakult.Inventory.App.csproj]
C:\Users\russel.mercado\source\repos\Yakult-System-New\Yakult.Inventory.App\Wpf\CartridgeManagement\Views\PartiallyFulfilledView.xaml.cs(32,13): error CS0103: The name 'FilterByBox' does not exist in the current context [C:\Users\russel.mercado\source\repos\Yakult-System-New\Yakult.Inventory.App\Yakult.Inventory.App.csproj]
C:\Users\russel.mercado\source\repos\Yakult-System-New\Yakult.Inventory.App\Wpf\CartridgeManagement\Views\PartiallyFulfilledView.xaml.cs(34,13): error CS0103: The name 'SortByBox' does not exist in the current context [C:\Users\russel.mercado\source\repos\Yakult-System-New\Yakult.Inventory.App\Yakult.Inventory.App.csproj]
C:\Users\russel.mercado\source\repos\Yakult-System-New\Yakult.Inventory.App\Wpf\CartridgeManagement\Views\PartiallyFulfilledView.xaml.cs(39,13): error CS0103: The name 'SortByBox' does not exist in the current context [C:\Users\russel.mercado\source\repos\Yakult-System-New\Yakult.Inventory.App\Yakult.Inventory.App.csproj]
C:\Users\russel.mercado\source\repos\Yakult-System-New\Yakult.Inventory.App\Wpf\CartridgeManagement\Dialogs\TransferCartridgesWpfDialog.xaml.cs(141,17): error CS0103: The name 'CmbTarget' does not exist in the current context [C:\Users\russel.mercado\source\repos\Yakult-System-New\Yakult.Inventory.App\Yakult.Inventory.App.csproj]
C:\Users\russel.mercado\source\repos\Yakult-System-New\Yakult.Inventory.App\Wpf\CartridgeManagement\Dialogs\TransferCartridgesWpfDialog.xaml.cs(141,48): error CS0103: The name 'CmbTarget' does not exist in the current context [C:\Users\russel.mercado\source\repos\Yakult-System-New\Yakult.Inventory.App\Yakult.Inventory.App.csproj]
C:\Users\russel.mercado\source\repos\Yakult-System-New\Yakult.Inventory.App\Wpf\CartridgeManagement\Dialogs\TransferCartridgesWpfDialog.xaml.cs(151,49): error CS0103: The name 'CmbTarget' does not exist in the current context [C:\Users\russel.mercado\source\repos\Yakult-System-New\Yakult.Inventory.App\Yakult.Inventory.App.csproj]
C:\Users\russel.mercado\source\repos\Yakult-System-New\Yakult.Inventory.App\Wpf\CartridgeManagement\Dialogs\TransferCartridgesWpfDialog.xaml.cs(170,13): error CS0103: The name 'BtnTransfer' does not exist in the current context [C:\Users\russel.mercado\source\repos\Yakult-System-New\Yakult.Inventory.App\Yakult.Inventory.App.csproj]
C:\Users\russel.mercado\source\repos\Yakult-System-New\Yakult.Inventory.App\WPF\CartridgeManagement\Views\ClosedCartridgesView.xaml.cs(15,13): error CS0103: The name 'InitializeComponent' does not exist in the current context [C:\Users\russel.mercado\source\repos\Yakult-System-New\Yakult.Inventory.App\Yakult.Inventory.App.csproj]
C:\Users\russel.mercado\source\repos\Yakult-System-New\Yakult.Inventory.App\WPF\CartridgeManagement\Views\ClosedCartridgesView.xaml.cs(24,17): error CS0103: The name 'MainGrid' does not exist in the current context [C:\Users\russel.mercado\source\repos\Yakult-System-New\Yakult.Inventory.App\Yakult.Inventory.App.csproj]
C:\Users\russel.mercado\source\repos\Yakult-System-New\Yakult.Inventory.App\WPF\CartridgeManagement\Views\ClosedCartridgesView.xaml.cs(25,17): error CS0103: The name 'MainGrid' does not exist in the current context [C:\Users\russel.mercado\source\repos\Yakult-System-New\Yakult.Inventory.App\Yakult.Inventory.App.csproj]
C:\Users\russel.mercado\source\repos\Yakult-System-New\Yakult.Inventory.App\Wpf\CartridgeManagement\Views\CartridgeTransmittalPrintPage.xaml.cs(9,13): error CS0103: The name 'InitializeComponent' does not exist in the current context [C:\Users\russel.mercado\source\repos\Yakult-System-New\Yakult.Inventory.App\Yakult.Inventory.App.csproj]
C:\Users\russel.mercado\source\repos\Yakult-System-New\Yakult.Inventory.App\Wpf\CartridgeManagement\Views\CartridgeTransmittalPrintView.xaml.cs(9,13): error CS0103: The name 'InitializeComponent' does not exist in the current context [C:\Users\russel.mercado\source\repos\Yakult-System-New\Yakult.Inventory.App\Yakult.Inventory.App.csproj]
C:\Users\russel.mercado\source\repos\Yakult-System-New\Yakult.Inventory.App\WPF\CartridgeManagement\Views\VendorCartridgeRefillView.xaml.cs(25,13): error CS0103: The name 'InitializeComponent' does not exist in the current context [C:\Users\russel.mercado\source\repos\Yakult-System-New\Yakult.Inventory.App\Yakult.Inventory.App.csproj]
C:\Users\russel.mercado\source\repos\Yakult-System-New\Yakult.Inventory.App\WPF\CartridgeManagement\Views\VendorCartridgeRefillView.xaml.cs(32,13): error CS0103: The name 'CmbStatus' does not exist in the current context [C:\Users\russel.mercado\source\repos\Yakult-System-New\Yakult.Inventory.App\Yakult.Inventory.App.csproj]
C:\Users\russel.mercado\source\repos\Yakult-System-New\Yakult.Inventory.App\Wpf\Warranty\Views\WarrantyPageView.xaml.cs(19,13): error CS0103: The name 'InitializeComponent' does not exist in the current context [C:\Users\russel.mercado\source\repos\Yakult-System-New\Yakult.Inventory.App\Yakult.Inventory.App.csproj]
C:\Users\russel.mercado\source\repos\Yakult-System-New\Yakult.Inventory.App\Pages\Request\RequestSetBuilderDialog.xaml.cs(510,13): error CS0103: The name 'DgvLines' does not exist in the current context [C:\Users\russel.mercado\source\repos\Yakult-System-New\Yakult.Inventory.App\Yakult.Inventory.App.csproj]
C:\Users\russel.mercado\source\repos\Yakult-System-New\Yakult.Inventory.App\Pages\Request\RequestSetBuilderDialog.xaml.cs(511,13): error CS0103: The name 'DgvLines' does not exist in the current context [C:\Users\russel.mercado\source\repos\Yakult-System-New\Yakult.Inventory.App\Yakult.Inventory.App.csproj]
C:\Users\russel.mercado\source\repos\Yakult-System-New\Yakult.Inventory.App\Pages\Request\RequestSetBuilderDialog.xaml.cs(516,26): error CS0103: The name 'ChkNoEmployee' does not exist in the current context [C:\Users\russel.mercado\source\repos\Yakult-System-New\Yakult.Inventory.App\Yakult.Inventory.App.csproj]
C:\Users\russel.mercado\source\repos\Yakult-System-New\Yakult.Inventory.App\Pages\Request\RequestSetBuilderDialog.xaml.cs(522,25): error CS0103: The name 'CmbCompany' does not exist in the current context [C:\Users\russel.mercado\source\repos\Yakult-System-New\Yakult.Inventory.App\Yakult.Inventory.App.csproj]
C:\Users\russel.mercado\source\repos\Yakult-System-New\Yakult.Inventory.App\Pages\Request\RequestSetBuilderDialog.xaml.cs(525,21): error CS0103: The name 'CmbDepartment' does not exist in the current context [C:\Users\russel.mercado\source\repos\Yakult-System-New\Yakult.Inventory.App\Yakult.Inventory.App.csproj]
C:\Users\russel.mercado\source\repos\Yakult-System-New\Yakult.Inventory.App\Pages\Request\RequestSetBuilderDialog.xaml.cs(526,21): error CS0103: The name 'CmbBranch' does not exist in the current context [C:\Users\russel.mercado\source\repos\Yakult-System-New\Yakult.Inventory.App\Yakult.Inventory.App.csproj]
C:\Users\russel.mercado\source\repos\Yakult-System-New\Yakult.Inventory.App\Pages\Request\RequestSetBuilderDialog.xaml.cs(530,23): error CS0103: The name 'CmbEmployee' does not exist in the current context [C:\Users\russel.mercado\source\repos\Yakult-System-New\Yakult.Inventory.App\Yakult.Inventory.App.csproj]
C:\Users\russel.mercado\source\repos\Yakult-System-New\Yakult.Inventory.App\Pages\Request\RequestSetBuilderDialog.xaml.cs(533,34): error CS0103: The name 'CmbEmployee' does not exist in the current context [C:\Users\russel.mercado\source\repos\Yakult-System-New\Yakult.Inventory.App\Yakult.Inventory.App.csproj]
C:\Users\russel.mercado\source\repos\Yakult-System-New\Yakult.Inventory.App\Pages\Request\RequestSetBuilderDialog.xaml.cs(535,54): error CS8175: Cannot use ref local 'typed' inside an anonymous method, lambda expression, or query expression [C:\Users\russel.mercado\source\repos\Yakult-System-New\Yakult.Inventory.App\Yakult.Inventory.App.csproj]
C:\Users\russel.mercado\source\repos\Yakult-System-New\Yakult.Inventory.App\Pages\Request\RequestSetBuilderDialog.xaml.cs(536,47): error CS8175: Cannot use ref local 'typed' inside an anonymous method, lambda expression, or query expression [C:\Users\russel.mercado\source\repos\Yakult-System-New\Yakult.Inventory.App\Yakult.Inventory.App.csproj]
C:\Users\russel.mercado\source\repos\Yakult-System-New\Yakult.Inventory.App\Pages\Request\RequestSetBuilderDialog.xaml.cs(589,13): error CS0103: The name 'BtnCreate' does not exist in the current context [C:\Users\russel.mercado\source\repos\Yakult-System-New\Yakult.Inventory.App\Yakult.Inventory.App.csproj]
C:\Users\russel.mercado\source\repos\Yakult-System-New\Yakult.Inventory.App\Pages\Request\RequestSetBuilderDialog.xaml.cs(591,13): error CS0103: The name 'LblStatus' does not exist in the current context [C:\Users\russel.mercado\source\repos\Yakult-System-New\Yakult.Inventory.App\Yakult.Inventory.App.csproj]
C:\Users\russel.mercado\source\repos\Yakult-System-New\Yakult.Inventory.App\Pages\Request\RequestSetBuilderDialog.xaml.cs(601,38): error CS0103: The name 'DpDispatchDate' does not exist in the current context [C:\Users\russel.mercado\source\repos\Yakult-System-New\Yakult.Inventory.App\Yakult.Inventory.App.csproj]
C:\Users\russel.mercado\source\repos\Yakult-System-New\Yakult.Inventory.App\Pages\Request\RequestSetBuilderDialog.xaml.cs(602,60): error CS0103: The name 'TxtSetRemarks' does not exist in the current context [C:\Users\russel.mercado\source\repos\Yakult-System-New\Yakult.Inventory.App\Yakult.Inventory.App.csproj]
C:\Users\russel.mercado\source\repos\Yakult-System-New\Yakult.Inventory.App\Pages\Request\RequestSetBuilderDialog.xaml.cs(602,89): error CS0103: The name 'TxtSetRemarks' does not exist in the current context [C:\Users\russel.mercado\source\repos\Yakult-System-New\Yakult.Inventory.App\Yakult.Inventory.App.csproj]
C:\Users\russel.mercado\source\repos\Yakult-System-New\Yakult.Inventory.App\Pages\Request\RequestSetBuilderDialog.xaml.cs(693,17): error CS0103: The name 'BtnCreate' does not exist in the current context [C:\Users\russel.mercado\source\repos\Yakult-System-New\Yakult.Inventory.App\Yakult.Inventory.App.csproj]
C:\Users\russel.mercado\source\repos\Yakult-System-New\Yakult.Inventory.App\Pages\Request\RequestSetBuilderDialog.xaml.cs(700,21): error CS0103: The name 'LblStatus' does not exist in the current context [C:\Users\russel.mercado\source\repos\Yakult-System-New\Yakult.Inventory.App\Yakult.Inventory.App.csproj]
C:\Users\russel.mercado\source\repos\Yakult-System-New\Yakult.Inventory.App\Pages\Request\RequestSetBuilderDialog.xaml.cs(720,17): error CS0103: The name 'LblStatus' does not exist in the current context [C:\Users\russel.mercado\source\repos\Yakult-System-New\Yakult.Inventory.App\Yakult.Inventory.App.csproj]
C:\Users\russel.mercado\source\repos\Yakult-System-New\Yakult.Inventory.App\WPF\CartridgeManagement\Views\VendorCartridgeRefillView.xaml.cs(73,13): error CS0103: The name 'AuditGrid' does not exist in the current context [C:\Users\russel.mercado\source\repos\Yakult-System-New\Yakult.Inventory.App\Yakult.Inventory.App.csproj]
C:\Users\russel.mercado\source\repos\Yakult-System-New\Yakult.Inventory.App\WPF\CartridgeManagement\Views\VendorCartridgeRefillView.xaml.cs(75,13): error CS0103: The name 'AuditGrid' does not exist in the current context [C:\Users\russel.mercado\source\repos\Yakult-System-New\Yakult.Inventory.App\Yakult.Inventory.App.csproj]
C:\Users\russel.mercado\source\repos\Yakult-System-New\Yakult.Inventory.App\Wpf\Warranty\Views\WarrantyPageView.xaml.cs(90,17): error CS0103: The name 'WarrantyGrid' does not exist in the current context [C:\Users\russel.mercado\source\repos\Yakult-System-New\Yakult.Inventory.App\Yakult.Inventory.App.csproj]
C:\Users\russel.mercado\source\repos\Yakult-System-New\Yakult.Inventory.App\Wpf\Warranty\Views\WarrantyPageView.xaml.cs(96,55): error CS0103: The name 'WarrantyGrid' does not exist in the current context [C:\Users\russel.mercado\source\repos\Yakult-System-New\Yakult.Inventory.App\Yakult.Inventory.App.csproj]
C:\Users\russel.mercado\source\repos\Yakult-System-New\Yakult.Inventory.App\Wpf\Warranty\Views\WarrantyPageView.xaml.cs(97,73): error CS0103: The name 'WarrantyGrid' does not exist in the current context [C:\Users\russel.mercado\source\repos\Yakult-System-New\Yakult.Inventory.App\Yakult.Inventory.App.csproj]
C:\Users\russel.mercado\source\repos\Yakult-System-New\Yakult.Inventory.App\Wpf\CartridgeManagement\Dialogs\TransferBatchDialog.xaml.cs(19,13): error CS0103: The name 'InitializeComponent' does not exist in the current context [C:\Users\russel.mercado\source\repos\Yakult-System-New\Yakult.Inventory.App\Yakult.Inventory.App.csproj]
C:\Users\russel.mercado\source\repos\Yakult-System-New\Yakult.Inventory.App\Wpf\CartridgeManagement\Dialogs\TransferBatchDialog.xaml.cs(21,13): error CS0103: The name 'TxtTransferContext' does not exist in the current context [C:\Users\russel.mercado\source\repos\Yakult-System-New\Yakult.Inventory.App\Yakult.Inventory.App.csproj]
C:\Users\russel.mercado\source\repos\Yakult-System-New\Yakult.Inventory.App\Wpf\CartridgeManagement\Dialogs\TransferBatchDialog.xaml.cs(22,13): error CS0103: The name 'TxtFromBatch' does not exist in the current context [C:\Users\russel.mercado\source\repos\Yakult-System-New\Yakult.Inventory.App\Yakult.Inventory.App.csproj]
C:\Users\russel.mercado\source\repos\Yakult-System-New\Yakult.Inventory.App\Wpf\CartridgeManagement\Dialogs\TransferBatchDialog.xaml.cs(25,17): error CS0103: The name 'CmbTargetBatch' does not exist in the current context [C:\Users\russel.mercado\source\repos\Yakult-System-New\Yakult.Inventory.App\Yakult.Inventory.App.csproj]
C:\Users\russel.mercado\source\repos\Yakult-System-New\Yakult.Inventory.App\Wpf\CartridgeManagement\Dialogs\TransferBatchDialog.xaml.cs(28,17): error CS0103: The name 'CmbTargetBatch' does not exist in the current context [C:\Users\russel.mercado\source\repos\Yakult-System-New\Yakult.Inventory.App\Yakult.Inventory.App.csproj]
C:\Users\russel.mercado\source\repos\Yakult-System-New\Yakult.Inventory.App\Wpf\CartridgeManagement\Dialogs\TransferBatchDialog.xaml.cs(29,17): error CS0103: The name 'CmbTargetBatch' does not exist in the current context [C:\Users\russel.mercado\source\repos\Yakult-System-New\Yakult.Inventory.App\Yakult.Inventory.App.csproj]
C:\Users\russel.mercado\source\repos\Yakult-System-New\Yakult.Inventory.App\Wpf\RequestPortal\AuthorizationHistory\Views\AuthorizationHistoryView.xaml.cs(15,13): error CS0103: The name 'InitializeComponent' does not exist in the current context [C:\Users\russel.mercado\source\repos\Yakult-System-New\Yakult.Inventory.App\Yakult.Inventory.App.csproj]
C:\Users\russel.mercado\source\repos\Yakult-System-New\Yakult.Inventory.App\Wpf\Warranty\Views\WarrantyPageView.xaml.cs(117,33): error CS0103: The name 'WarrantyGrid' does not exist in the current context [C:\Users\russel.mercado\source\repos\Yakult-System-New\Yakult.Inventory.App\Yakult.Inventory.App.csproj]
C:\Users\russel.mercado\source\repos\Yakult-System-New\Yakult.Inventory.App\Wpf\CartridgeManagement\Dialogs\TransferBatchDialog.xaml.cs(34,17): error CS0103: The name 'CmbTargetBatch' does not exist in the current context [C:\Users\russel.mercado\source\repos\Yakult-System-New\Yakult.Inventory.App\Yakult.Inventory.App.csproj]
C:\Users\russel.mercado\source\repos\Yakult-System-New\Yakult.Inventory.App\Wpf\CartridgeManagement\Dialogs\TransferBatchDialog.xaml.cs(41,38): error CS0103: The name 'CmbTargetBatch' does not exist in the current context [C:\Users\russel.mercado\source\repos\Yakult-System-New\Yakult.Inventory.App\Yakult.Inventory.App.csproj]
C:\Users\russel.mercado\source\repos\Yakult-System-New\Yakult.Inventory.App\Wpf\RequestPortal\AuthorizationHistory\Views\AuthorizationHistoryView.xaml.cs(32,17): error CS0103: The name 'AuthGrid' does not exist in the current context [C:\Users\russel.mercado\source\repos\Yakult-System-New\Yakult.Inventory.App\Yakult.Inventory.App.csproj]
C:\Users\russel.mercado\source\repos\Yakult-System-New\Yakult.Inventory.App\Wpf\RequestPortal\AuthorizationHistory\Views\AuthorizationHistoryView.xaml.cs(40,17): error CS0103: The name 'SignedGrid' does not exist in the current context [C:\Users\russel.mercado\source\repos\Yakult-System-New\Yakult.Inventory.App\Yakult.Inventory.App.csproj]
C:\Users\russel.mercado\source\repos\Yakult-System-New\Yakult.Inventory.App\Wpf\CartridgeManagement\Dialogs\EditBatchWindow.xaml.cs(28,13): error CS0103: The name 'InitializeComponent' does not exist in the current context [C:\Users\russel.mercado\source\repos\Yakult-System-New\Yakult.Inventory.App\Yakult.Inventory.App.csproj]
C:\Users\russel.mercado\source\repos\Yakult-System-New\Yakult.Inventory.App\Wpf\RequestPortal\AuthorizationHistory\Views\AuthorizationHistoryView.xaml.cs(56,65): error CS0103: The name 'AuthHeaderBar' does not exist in the current context [C:\Users\russel.mercado\source\repos\Yakult-System-New\Yakult.Inventory.App\Yakult.Inventory.App.csproj]
C:\Users\russel.mercado\source\repos\Yakult-System-New\Yakult.Inventory.App\Wpf\RequestPortal\AuthorizationHistory\Views\AuthorizationHistoryView.xaml.cs(57,65): error CS0103: The name 'AuthGrid' does not exist in the current context [C:\Users\russel.mercado\source\repos\Yakult-System-New\Yakult.Inventory.App\Yakult.Inventory.App.csproj]
C:\Users\russel.mercado\source\repos\Yakult-System-New\Yakult.Inventory.App\Pages\Set\SelectRequestForSetDialog.cs(55,13): error CS0103: The name 'InitializeComponent' does not exist in the current context [C:\Users\russel.mercado\source\repos\Yakult-System-New\Yakult.Inventory.App\Yakult.Inventory.App.csproj]
C:\Users\russel.mercado\source\repos\Yakult-System-New\Yakult.Inventory.App\Wpf\RequestPortal\AuthorizationHistory\Views\AuthorizationHistoryView.xaml.cs(58,65): error CS0103: The name 'AuthColumnHeaderZone' does not exist in the current context [C:\Users\russel.mercado\source\repos\Yakult-System-New\Yakult.Inventory.App\Yakult.Inventory.App.csproj]
C:\Users\russel.mercado\source\repos\Yakult-System-New\Yakult.Inventory.App\Wpf\RequestPortal\AuthorizationHistory\Views\AuthorizationHistoryView.xaml.cs(59,65): error CS0103: The name 'AuthDemoRowsZone' does not exist in the current context [C:\Users\russel.mercado\source\repos\Yakult-System-New\Yakult.Inventory.App\Yakult.Inventory.App.csproj]
C:\Users\russel.mercado\source\repos\Yakult-System-New\Yakult.Inventory.App\Pages\Set\SelectRequestForSetDialog.cs(61,13): error CS0103: The name 'DtpFrom' does not exist in the current context [C:\Users\russel.mercado\source\repos\Yakult-System-New\Yakult.Inventory.App\Yakult.Inventory.App.csproj]
C:\Users\russel.mercado\source\repos\Yakult-System-New\Yakult.Inventory.App\Pages\Set\SelectRequestForSetDialog.cs(62,13): error CS0103: The name 'DtpTo' does not exist in the current context [C:\Users\russel.mercado\source\repos\Yakult-System-New\Yakult.Inventory.App\Yakult.Inventory.App.csproj]
C:\Users\russel.mercado\source\repos\Yakult-System-New\Yakult.Inventory.App\Wpf\RequestPortal\AuthorizationHistory\Views\AuthorizationHistoryView.xaml.cs(60,65): error CS0103: The name 'AuthStatusZone' does not exist in the current context [C:\Users\russel.mercado\source\repos\Yakult-System-New\Yakult.Inventory.App\Yakult.Inventory.App.csproj]
C:\Users\russel.mercado\source\repos\Yakult-System-New\Yakult.Inventory.App\Wpf\RequestPortal\AuthorizationHistory\Views\AuthorizationHistoryView.xaml.cs(63,67): error CS0103: The name 'SignedGrid' does not exist in the current context [C:\Users\russel.mercado\source\repos\Yakult-System-New\Yakult.Inventory.App\Yakult.Inventory.App.csproj]
C:\Users\russel.mercado\source\repos\Yakult-System-New\Yakult.Inventory.App\Wpf\RequestPortal\AuthorizationHistory\Views\AuthorizationHistoryView.xaml.cs(64,67): error CS0103: The name 'SignedColumnHeaderZone' does not exist in the current context [C:\Users\russel.mercado\source\repos\Yakult-System-New\Yakult.Inventory.App\Yakult.Inventory.App.csproj]
C:\Users\russel.mercado\source\repos\Yakult-System-New\Yakult.Inventory.App\Wpf\RequestPortal\AuthorizationHistory\Views\AuthorizationHistoryView.xaml.cs(65,67): error CS0103: The name 'SignedDemoRowsZone' does not exist in the current context [C:\Users\russel.mercado\source\repos\Yakult-System-New\Yakult.Inventory.App\Yakult.Inventory.App.csproj]
C:\Users\russel.mercado\source\repos\Yakult-System-New\Yakult.Inventory.App\Wpf\CartridgeManagement\Dialogs\EditBatchWindow.xaml.cs(41,13): error CS0103: The name 'TxtSubtitle' does not exist in the current context [C:\Users\russel.mercado\source\repos\Yakult-System-New\Yakult.Inventory.App\Yakult.Inventory.App.csproj]
C:\Users\russel.mercado\source\repos\Yakult-System-New\Yakult.Inventory.App\Wpf\CartridgeManagement\Dialogs\EditBatchWindow.xaml.cs(42,13): error CS0103: The name 'TxtBatchId' does not exist in the current context [C:\Users\russel.mercado\source\repos\Yakult-System-New\Yakult.Inventory.App\Yakult.Inventory.App.csproj]
C:\Users\russel.mercado\source\repos\Yakult-System-New\Yakult.Inventory.App\Wpf\CartridgeManagement\Dialogs\EditBatchWindow.xaml.cs(43,13): error CS0103: The name 'TxtOriginalQty' does not exist in the current context [C:\Users\russel.mercado\source\repos\Yakult-System-New\Yakult.Inventory.App\Yakult.Inventory.App.csproj]
C:\Users\russel.mercado\source\repos\Yakult-System-New\Yakult.Inventory.App\Wpf\CartridgeManagement\Dialogs\EditBatchWindow.xaml.cs(45,13): error CS0103: The name 'TxtStatusBadge' does not exist in the current context [C:\Users\russel.mercado\source\repos\Yakult-System-New\Yakult.Inventory.App\Yakult.Inventory.App.csproj]
C:\Users\russel.mercado\source\repos\Yakult-System-New\Yakult.Inventory.App\Wpf\CartridgeManagement\Dialogs\EditBatchWindow.xaml.cs(46,13): error CS0103: The name 'StatusBadge' does not exist in the current context [C:\Users\russel.mercado\source\repos\Yakult-System-New\Yakult.Inventory.App\Yakult.Inventory.App.csproj]
C:\Users\russel.mercado\source\repos\Yakult-System-New\Yakult.Inventory.App\Wpf\CartridgeManagement\Dialogs\EditBatchWindow.xaml.cs(50,17): error CS0103: The name 'TxtRemarks' does not exist in the current context [C:\Users\russel.mercado\source\repos\Yakult-System-New\Yakult.Inventory.App\Yakult.Inventory.App.csproj]
C:\Users\russel.mercado\source\repos\Yakult-System-New\Yakult.Inventory.App\Wpf\CartridgeManagement\Dialogs\EditBatchWindow.xaml.cs(51,17): error CS0103: The name 'PnlRemarks' does not exist in the current context [C:\Users\russel.mercado\source\repos\Yakult-System-New\Yakult.Inventory.App\Yakult.Inventory.App.csproj]
C:\Users\russel.mercado\source\repos\Yakult-System-New\Yakult.Inventory.App\Wpf\CartridgeManagement\Dialogs\EditBatchWindow.xaml.cs(56,17): error CS0103: The name 'CmbVendor' does not exist in the current context [C:\Users\russel.mercado\source\repos\Yakult-System-New\Yakult.Inventory.App\Yakult.Inventory.App.csproj]
C:\Users\russel.mercado\source\repos\Yakult-System-New\Yakult.Inventory.App\Wpf\CartridgeManagement\Dialogs\EditBatchWindow.xaml.cs(57,17): error CS0103: The name 'TxtVendorHint' does not exist in the current context [C:\Users\russel.mercado\source\repos\Yakult-System-New\Yakult.Inventory.App\Yakult.Inventory.App.csproj]
C:\Users\russel.mercado\source\repos\Yakult-System-New\Yakult.Inventory.App\Wpf\CartridgeManagement\Dialogs\EditBatchWindow.xaml.cs(61,17): error CS0103: The name 'TxtVendorHint' does not exist in the current context [C:\Users\russel.mercado\source\repos\Yakult-System-New\Yakult.Inventory.App\Yakult.Inventory.App.csproj]
C:\Users\russel.mercado\source\repos\Yakult-System-New\Yakult.Inventory.App\Wpf\CartridgeManagement\Dialogs\EditBatchWindow.xaml.cs(62,17): error CS0103: The name 'PnlTransfer' does not exist in the current context [C:\Users\russel.mercado\source\repos\Yakult-System-New\Yakult.Inventory.App\Yakult.Inventory.App.csproj]
C:\Users\russel.mercado\source\repos\Yakult-System-New\Yakult.Inventory.App\Pages\Set\SelectRequestForSetDialog.cs(88,28): error CS0103: The name 'ChkDateFilter' does not exist in the current context [C:\Users\russel.mercado\source\repos\Yakult-System-New\Yakult.Inventory.App\Yakult.Inventory.App.csproj]
C:\Users\russel.mercado\source\repos\Yakult-System-New\Yakult.Inventory.App\Pages\Set\SelectRequestForSetDialog.cs(89,13): error CS0103: The name 'DtpFrom' does not exist in the current context [C:\Users\russel.mercado\source\repos\Yakult-System-New\Yakult.Inventory.App\Yakult.Inventory.App.csproj]
C:\Users\russel.mercado\source\repos\Yakult-System-New\Yakult.Inventory.App\Pages\Set\SelectRequestForSetDialog.cs(90,13): error CS0103: The name 'DtpTo' does not exist in the current context [C:\Users\russel.mercado\source\repos\Yakult-System-New\Yakult.Inventory.App\Yakult.Inventory.App.csproj]
C:\Users\russel.mercado\source\repos\Yakult-System-New\Yakult.Inventory.App\Wpf\RequestPortal\AuthorizationHistory\Views\AuthorizationHistoryView.xaml.cs(66,67): error CS0103: The name 'SignedStatusZone' does not exist in the current context [C:\Users\russel.mercado\source\repos\Yakult-System-New\Yakult.Inventory.App\Yakult.Inventory.App.csproj]
C:\Users\russel.mercado\source\repos\Yakult-System-New\Yakult.Inventory.App\Pages\Set\SelectRequestForSetDialog.cs(104,21): error CS0103: The name 'BtnAdd' does not exist in the current context [C:\Users\russel.mercado\source\repos\Yakult-System-New\Yakult.Inventory.App\Yakult.Inventory.App.csproj]
C:\Users\russel.mercado\source\repos\Yakult-System-New\Yakult.Inventory.App\Wpf\CartridgeManagement\Views\FulfilledCartridgesView.xaml.cs(18,13): error CS0103: The name 'InitializeComponent' does not exist in the current context [C:\Users\russel.mercado\source\repos\Yakult-System-New\Yakult.Inventory.App\Yakult.Inventory.App.csproj]
C:\Users\russel.mercado\source\repos\Yakult-System-New\Yakult.Inventory.App\Pages\Set\SelectRequestForSetDialog.cs(118,33): error CS0103: The name 'TxtSearch' does not exist in the current context [C:\Users\russel.mercado\source\repos\Yakult-System-New\Yakult.Inventory.App\Yakult.Inventory.App.csproj]
C:\Users\russel.mercado\source\repos\Yakult-System-New\Yakult.Inventory.App\Pages\Set\SelectRequestForSetDialog.cs(119,33): error CS0103: The name 'ChkDateFilter' does not exist in the current context [C:\Users\russel.mercado\source\repos\Yakult-System-New\Yakult.Inventory.App\Yakult.Inventory.App.csproj]
C:\Users\russel.mercado\source\repos\Yakult-System-New\Yakult.Inventory.App\Pages\Set\SelectRequestForSetDialog.cs(120,33): error CS0103: The name 'DtpFrom' does not exist in the current context [C:\Users\russel.mercado\source\repos\Yakult-System-New\Yakult.Inventory.App\Yakult.Inventory.App.csproj]
C:\Users\russel.mercado\source\repos\Yakult-System-New\Yakult.Inventory.App\Pages\Set\SelectRequestForSetDialog.cs(121,33): error CS0103: The name 'DtpTo' does not exist in the current context [C:\Users\russel.mercado\source\repos\Yakult-System-New\Yakult.Inventory.App\Yakult.Inventory.App.csproj]
C:\Users\russel.mercado\source\repos\Yakult-System-New\Yakult.Inventory.App\Wpf\CartridgeManagement\Dialogs\EditBatchWindow.xaml.cs(100,17): error CS0103: The name 'CmbVendor' does not exist in the current context [C:\Users\russel.mercado\source\repos\Yakult-System-New\Yakult.Inventory.App\Yakult.Inventory.App.csproj]
C:\Users\russel.mercado\source\repos\Yakult-System-New\Yakult.Inventory.App\Wpf\CartridgeManagement\Dialogs\EditBatchWindow.xaml.cs(101,17): error CS0103: The name 'CmbVendor' does not exist in the current context [C:\Users\russel.mercado\source\repos\Yakult-System-New\Yakult.Inventory.App\Yakult.Inventory.App.csproj]
C:\Users\russel.mercado\source\repos\Yakult-System-New\Yakult.Inventory.App\Wpf\CartridgeManagement\Dialogs\EditBatchWindow.xaml.cs(108,41): error CS0103: The name 'CmbVendor' does not exist in the current context [C:\Users\russel.mercado\source\repos\Yakult-System-New\Yakult.Inventory.App\Yakult.Inventory.App.csproj]
C:\Users\russel.mercado\source\repos\Yakult-System-New\Yakult.Inventory.App\Wpf\CartridgeManagement\Dialogs\CreateBatchDialog.xaml.cs(26,13): error CS0103: The name 'InitializeComponent' does not exist in the current context [C:\Users\russel.mercado\source\repos\Yakult-System-New\Yakult.Inventory.App\Yakult.Inventory.App.csproj]
C:\Users\russel.mercado\source\repos\Yakult-System-New\Yakult.Inventory.App\Wpf\CartridgeManagement\Dialogs\CreateBatchDialog.xaml.cs(27,13): error CS0103: The name 'ModelsList' does not exist in the current context [C:\Users\russel.mercado\source\repos\Yakult-System-New\Yakult.Inventory.App\Yakult.Inventory.App.csproj]
C:\Users\russel.mercado\source\repos\Yakult-System-New\Yakult.Inventory.App\WPF\CartridgeManagement\Views\VendorCartridgeRefillView.xaml.cs(253,17): error CS0103: The name 'CmbStatus' does not exist in the current context [C:\Users\russel.mercado\source\repos\Yakult-System-New\Yakult.Inventory.App\Yakult.Inventory.App.csproj]
C:\Users\russel.mercado\source\repos\Yakult-System-New\Yakult.Inventory.App\WPF\CartridgeManagement\Views\VendorCartridgeRefillView.xaml.cs(260,13): error CS0103: The name 'CmbStatus' does not exist in the current context [C:\Users\russel.mercado\source\repos\Yakult-System-New\Yakult.Inventory.App\Yakult.Inventory.App.csproj]
C:\Users\russel.mercado\source\repos\Yakult-System-New\Yakult.Inventory.App\WPF\CartridgeManagement\Views\VendorCartridgeRefillView.xaml.cs(266,25): error CS0103: The name 'BatchesGrid' does not exist in the current context [C:\Users\russel.mercado\source\repos\Yakult-System-New\Yakult.Inventory.App\Yakult.Inventory.App.csproj]
C:\Users\russel.mercado\source\repos\Yakult-System-New\Yakult.Inventory.App\Wpf\CartridgeManagement\Dialogs\CreateBatchDialog.xaml.cs(68,17): error CS0103: The name 'CmbVendor' does not exist in the current context [C:\Users\russel.mercado\source\repos\Yakult-System-New\Yakult.Inventory.App\Yakult.Inventory.App.csproj]
C:\Users\russel.mercado\source\repos\Yakult-System-New\Yakult.Inventory.App\Wpf\CartridgeManagement\Dialogs\CreateBatchDialog.xaml.cs(69,17): error CS0103: The name 'CmbVendor' does not exist in the current context [C:\Users\russel.mercado\source\repos\Yakult-System-New\Yakult.Inventory.App\Yakult.Inventory.App.csproj]
C:\Users\russel.mercado\source\repos\Yakult-System-New\Yakult.Inventory.App\Wpf\CartridgeManagement\Dialogs\CreateBatchDialog.xaml.cs(70,41): error CS0103: The name 'CmbVendor' does not exist in the current context [C:\Users\russel.mercado\source\repos\Yakult-System-New\Yakult.Inventory.App\Yakult.Inventory.App.csproj]
C:\Users\russel.mercado\source\repos\Yakult-System-New\Yakult.Inventory.App\Wpf\CartridgeManagement\Dialogs\EditBatchWindow.xaml.cs(157,17): error CS0103: The name 'TxtModelsLoading' does not exist in the current context [C:\Users\russel.mercado\source\repos\Yakult-System-New\Yakult.Inventory.App\Yakult.Inventory.App.csproj]
C:\Users\russel.mercado\source\repos\Yakult-System-New\Yakult.Inventory.App\Wpf\CartridgeManagement\Dialogs\EditBatchWindow.xaml.cs(161,21): error CS0103: The name 'TxtModelsLoading' does not exist in the current context [C:\Users\russel.mercado\source\repos\Yakult-System-New\Yakult.Inventory.App\Yakult.Inventory.App.csproj]
C:\Users\russel.mercado\source\repos\Yakult-System-New\Yakult.Inventory.App\Wpf\CartridgeManagement\Dialogs\EditBatchWindow.xaml.cs(162,21): error CS0103: The name 'TxtModelsLoading' does not exist in the current context [C:\Users\russel.mercado\source\repos\Yakult-System-New\Yakult.Inventory.App\Yakult.Inventory.App.csproj]
C:\Users\russel.mercado\source\repos\Yakult-System-New\Yakult.Inventory.App\Wpf\CartridgeManagement\Dialogs\EditBatchWindow.xaml.cs(166,21): error CS0103: The name 'ModelLinesList' does not exist in the current context [C:\Users\russel.mercado\source\repos\Yakult-System-New\Yakult.Inventory.App\Yakult.Inventory.App.csproj]
C:\Users\russel.mercado\source\repos\Yakult-System-New\Yakult.Inventory.App\Wpf\CartridgeManagement\Dialogs\EditBatchWindow.xaml.cs(167,21): error CS0103: The name 'ModelsBorder' does not exist in the current context [C:\Users\russel.mercado\source\repos\Yakult-System-New\Yakult.Inventory.App\Yakult.Inventory.App.csproj]
C:\Users\russel.mercado\source\repos\Yakult-System-New\Yakult.Inventory.App\Wpf\CartridgeManagement\Dialogs\EditBatchWindow.xaml.cs(168,21): error CS0103: The name 'TxtModelCount' does not exist in the current context [C:\Users\russel.mercado\source\repos\Yakult-System-New\Yakult.Inventory.App\Yakult.Inventory.App.csproj]
C:\Users\russel.mercado\source\repos\Yakult-System-New\Yakult.Inventory.App\Wpf\CartridgeManagement\Dialogs\EditBatchWindow.xaml.cs(169,21): error CS0103: The name 'ModelCountBadge' does not exist in the current context [C:\Users\russel.mercado\source\repos\Yakult-System-New\Yakult.Inventory.App\Yakult.Inventory.App.csproj]
C:\Users\russel.mercado\source\repos\Yakult-System-New\Yakult.Inventory.App\Wpf\CartridgeManagement\Dialogs\EditBatchWindow.xaml.cs(174,17): error CS0103: The name 'TxtModelsLoading' does not exist in the current context [C:\Users\russel.mercado\source\repos\Yakult-System-New\Yakult.Inventory.App\Yakult.Inventory.App.csproj]
C:\Users\russel.mercado\source\repos\Yakult-System-New\Yakult.Inventory.App\Wpf\CartridgeManagement\Dialogs\EditBatchWindow.xaml.cs(175,17): error CS0103: The name 'TxtModelsLoading' does not exist in the current context [C:\Users\russel.mercado\source\repos\Yakult-System-New\Yakult.Inventory.App\Yakult.Inventory.App.csproj]
C:\Users\russel.mercado\source\repos\Yakult-System-New\Yakult.Inventory.App\WPF\CartridgeManagement\Views\VendorCartridgeRefillView.xaml.cs(289,23): error CS0103: The name 'AuditGrid' does not exist in the current context [C:\Users\russel.mercado\source\repos\Yakult-System-New\Yakult.Inventory.App\Yakult.Inventory.App.csproj]
C:\Users\russel.mercado\source\repos\Yakult-System-New\Yakult.Inventory.App\Wpf\CartridgeManagement\Dialogs\EditBatchWindow.xaml.cs(182,36): error CS0103: The name 'CmbVendor' does not exist in the current context [C:\Users\russel.mercado\source\repos\Yakult-System-New\Yakult.Inventory.App\Yakult.Inventory.App.csproj]
C:\Users\russel.mercado\source\repos\Yakult-System-New\Yakult.Inventory.App\Wpf\CartridgeManagement\Dialogs\EditBatchWindow.xaml.cs(191,36): error CS0103: The name 'CmbVendor' does not exist in the current context [C:\Users\russel.mercado\source\repos\Yakult-System-New\Yakult.Inventory.App\Yakult.Inventory.App.csproj]
C:\Users\russel.mercado\source\repos\Yakult-System-New\Yakult.Inventory.App\Wpf\CartridgeManagement\Dialogs\CreateBatchDialog.xaml.cs(94,26): error CS0103: The name 'CmbVendor' does not exist in the current context [C:\Users\russel.mercado\source\repos\Yakult-System-New\Yakult.Inventory.App\Yakult.Inventory.App.csproj]
C:\Users\russel.mercado\source\repos\Yakult-System-New\Yakult.Inventory.App\Wpf\CartridgeManagement\Dialogs\CreateBatchDialog.xaml.cs(112,34): error CS0103: The name 'TxtRemarks' does not exist in the current context [C:\Users\russel.mercado\source\repos\Yakult-System-New\Yakult.Inventory.App\Yakult.Inventory.App.csproj]
C:\Users\russel.mercado\source\repos\Yakult-System-New\Yakult.Inventory.App\WPF\CartridgeManagement\Views\VendorCartridgeRefillView.xaml.cs(296,23): error CS0103: The name 'AuditGrid' does not exist in the current context [C:\Users\russel.mercado\source\repos\Yakult-System-New\Yakult.Inventory.App\Yakult.Inventory.App.csproj]
C:\Users\russel.mercado\source\repos\Yakult-System-New\Yakult.Inventory.App\WPF\CartridgeManagement\Views\OutboundBatchesView.xaml.cs(24,13): error CS0103: The name 'InitializeComponent' does not exist in the current context [C:\Users\russel.mercado\source\repos\Yakult-System-New\Yakult.Inventory.App\Yakult.Inventory.App.csproj]
C:\Users\russel.mercado\source\repos\Yakult-System-New\Yakult.Inventory.App\Wpf\Update\Views\UpdatesPageView.xaml.cs(42,13): error CS0103: The name 'InitializeComponent' does not exist in the current context [C:\Users\russel.mercado\source\repos\Yakult-System-New\Yakult.Inventory.App\Yakult.Inventory.App.csproj]
C:\Users\russel.mercado\source\repos\Yakult-System-New\Yakult.Inventory.App\Wpf\Update\Views\UpdatesPageView.xaml.cs(59,55): error CS0103: The name 'UpdatesGrid' does not exist in the current context [C:\Users\russel.mercado\source\repos\Yakult-System-New\Yakult.Inventory.App\Yakult.Inventory.App.csproj]
C:\Users\russel.mercado\source\repos\Yakult-System-New\Yakult.Inventory.App\Wpf\Update\Views\UpdatesPageView.xaml.cs(60,73): error CS0103: The name 'UpdatesGrid' does not exist in the current context [C:\Users\russel.mercado\source\repos\Yakult-System-New\Yakult.Inventory.App\Yakult.Inventory.App.csproj]
C:\Users\russel.mercado\source\repos\Yakult-System-New\Yakult.Inventory.App\Wpf\Update\Views\UpdatesPageView.xaml.cs(74,33): error CS0103: The name 'UpdatesGrid' does not exist in the current context [C:\Users\russel.mercado\source\repos\Yakult-System-New\Yakult.Inventory.App\Yakult.Inventory.App.csproj]
C:\Users\russel.mercado\source\repos\Yakult-System-New\Yakult.Inventory.App\Pages\Set\SelectRequestForSetDialog.cs(198,17): error CS0103: The name 'DgvRequests' does not exist in the current context [C:\Users\russel.mercado\source\repos\Yakult-System-New\Yakult.Inventory.App\Yakult.Inventory.App.csproj]
C:\Users\russel.mercado\source\repos\Yakult-System-New\Yakult.Inventory.App\Pages\Set\SelectRequestForSetDialog.cs(199,33): error CS0103: The name 'DgvRequests' does not exist in the current context [C:\Users\russel.mercado\source\repos\Yakult-System-New\Yakult.Inventory.App\Yakult.Inventory.App.csproj]
C:\Users\russel.mercado\source\repos\Yakult-System-New\Yakult.Inventory.App\Pages\Set\SelectRequestForSetDialog.cs(204,17): error CS0103: The name 'DgvRequests' does not exist in the current context [C:\Users\russel.mercado\source\repos\Yakult-System-New\Yakult.Inventory.App\Yakult.Inventory.App.csproj]
C:\Users\russel.mercado\source\repos\Yakult-System-New\Yakult.Inventory.App\Pages\Set\SelectRequestForSetDialog.cs(221,13): error CS0103: The name 'DgvRequests' does not exist in the current context [C:\Users\russel.mercado\source\repos\Yakult-System-New\Yakult.Inventory.App\Yakult.Inventory.App.csproj]
C:\Users\russel.mercado\source\repos\Yakult-System-New\Yakult.Inventory.App\Pages\Set\SelectRequestForSetDialog.cs(222,13): error CS0103: The name 'DgvRequests' does not exist in the current context [C:\Users\russel.mercado\source\repos\Yakult-System-New\Yakult.Inventory.App\Yakult.Inventory.App.csproj]
C:\Users\russel.mercado\source\repos\Yakult-System-New\Yakult.Inventory.App\Pages\Set\SelectRequestForSetDialog.cs(226,17): error CS0103: The name 'LblTitle' does not exist in the current context [C:\Users\russel.mercado\source\repos\Yakult-System-New\Yakult.Inventory.App\Yakult.Inventory.App.csproj]
C:\Users\russel.mercado\source\repos\Yakult-System-New\Yakult.Inventory.App\Pages\Set\SelectRequestForSetDialog.cs(228,17): error CS0103: The name 'LblTitle' does not exist in the current context [C:\Users\russel.mercado\source\repos\Yakult-System-New\Yakult.Inventory.App\Yakult.Inventory.App.csproj]
C:\Users\russel.mercado\source\repos\Yakult-System-New\Yakult.Inventory.App\Pages\Set\SelectRequestForSetDialog.cs(230,17): error CS0103: The name 'LblTitle' does not exist in the current context [C:\Users\russel.mercado\source\repos\Yakult-System-New\Yakult.Inventory.App\Yakult.Inventory.App.csproj]
C:\Users\russel.mercado\source\repos\Yakult-System-New\Yakult.Inventory.App\Pages\Set\SelectRequestForSetDialog.cs(233,13): error CS0103: The name 'LblPageInfo' does not exist in the current context [C:\Users\russel.mercado\source\repos\Yakult-System-New\Yakult.Inventory.App\Yakult.Inventory.App.csproj]
C:\Users\russel.mercado\source\repos\Yakult-System-New\Yakult.Inventory.App\Pages\Set\SelectRequestForSetDialog.cs(237,13): error CS0103: The name 'BtnFirstPage' does not exist in the current context [C:\Users\russel.mercado\source\repos\Yakult-System-New\Yakult.Inventory.App\Yakult.Inventory.App.csproj]
C:\Users\russel.mercado\source\repos\Yakult-System-New\Yakult.Inventory.App\Pages\Set\SelectRequestForSetDialog.cs(238,13): error CS0103: The name 'BtnPrevPage' does not exist in the current context [C:\Users\russel.mercado\source\repos\Yakult-System-New\Yakult.Inventory.App\Yakult.Inventory.App.csproj]
C:\Users\russel.mercado\source\repos\Yakult-System-New\Yakult.Inventory.App\Pages\Set\SelectRequestForSetDialog.cs(239,13): error CS0103: The name 'BtnNextPage' does not exist in the current context [C:\Users\russel.mercado\source\repos\Yakult-System-New\Yakult.Inventory.App\Yakult.Inventory.App.csproj]
C:\Users\russel.mercado\source\repos\Yakult-System-New\Yakult.Inventory.App\Pages\Set\SelectRequestForSetDialog.cs(240,13): error CS0103: The name 'BtnLastPage' does not exist in the current context [C:\Users\russel.mercado\source\repos\Yakult-System-New\Yakult.Inventory.App\Yakult.Inventory.App.csproj]
C:\Users\russel.mercado\source\repos\Yakult-System-New\Yakult.Inventory.App\Pages\Set\SelectRequestForSetDialog.cs(248,28): error CS0103: The name 'DgvRequests' does not exist in the current context [C:\Users\russel.mercado\source\repos\Yakult-System-New\Yakult.Inventory.App\Yakult.Inventory.App.csproj]
C:\Users\russel.mercado\source\repos\Yakult-System-New\Yakult.Inventory.App\Pages\Set\SelectRequestForSetDialog.cs(307,28): error CS0103: The name 'DgvRequests' does not exist in the current context [C:\Users\russel.mercado\source\repos\Yakult-System-New\Yakult.Inventory.App\Yakult.Inventory.App.csproj]
C:\Users\russel.mercado\source\repos\Yakult-System-New\Yakult.Inventory.App\Wpf\Search\Views\SearchView.xaml.cs(34,13): error CS0103: The name 'InitializeComponent' does not exist in the current context [C:\Users\russel.mercado\source\repos\Yakult-System-New\Yakult.Inventory.App\Yakult.Inventory.App.csproj]
C:\Users\russel.mercado\source\repos\Yakult-System-New\Yakult.Inventory.App\Wpf\Search\Views\SearchView.xaml.cs(47,13): error CS0103: The name 'CenterAutoBox' does not exist in the current context [C:\Users\russel.mercado\source\repos\Yakult-System-New\Yakult.Inventory.App\Yakult.Inventory.App.csproj]
C:\Users\russel.mercado\source\repos\Yakult-System-New\Yakult.Inventory.App\Wpf\Search\Views\SearchView.xaml.cs(69,21): error CS0103: The name 'LogoImage' does not exist in the current context [C:\Users\russel.mercado\source\repos\Yakult-System-New\Yakult.Inventory.App\Yakult.Inventory.App.csproj]
C:\Users\russel.mercado\source\repos\Yakult-System-New\Yakult.Inventory.App\Pages\Set\RecordSetInvoiceDialog.xaml.cs(28,13): error CS0103: The name 'InitializeComponent' does not exist in the current context [C:\Users\russel.mercado\source\repos\Yakult-System-New\Yakult.Inventory.App\Yakult.Inventory.App.csproj]
C:\Users\russel.mercado\source\repos\Yakult-System-New\Yakult.Inventory.App\Pages\Set\RecordSetInvoiceDialog.xaml.cs(57,17): error CS0103: The name 'TxtSetCodeLabel' does not exist in the current context [C:\Users\russel.mercado\source\repos\Yakult-System-New\Yakult.Inventory.App\Yakult.Inventory.App.csproj]
C:\Users\russel.mercado\source\repos\Yakult-System-New\Yakult.Inventory.App\Pages\Set\RecordSetInvoiceDialog.xaml.cs(58,17): error CS0103: The name 'TxtDocumentNumber' does not exist in the current context [C:\Users\russel.mercado\source\repos\Yakult-System-New\Yakult.Inventory.App\Yakult.Inventory.App.csproj]
C:\Users\russel.mercado\source\repos\Yakult-System-New\Yakult.Inventory.App\Pages\Set\RecordSetInvoiceDialog.xaml.cs(59,17): error CS0103: The name 'TxtReferenceNumber' does not exist in the current context [C:\Users\russel.mercado\source\repos\Yakult-System-New\Yakult.Inventory.App\Yakult.Inventory.App.csproj]
C:\Users\russel.mercado\source\repos\Yakult-System-New\Yakult.Inventory.App\Pages\Set\RecordSetInvoiceDialog.xaml.cs(69,17): error CS0103: The name 'TxtSubtotal' does not exist in the current context [C:\Users\russel.mercado\source\repos\Yakult-System-New\Yakult.Inventory.App\Yakult.Inventory.App.csproj]
C:\Users\russel.mercado\source\repos\Yakult-System-New\Yakult.Inventory.App\Wpf\Update\Views\UpdatesPageView.xaml.cs(98,67): error CS0103: The name 'UpdatesGrid' does not exist in the current context [C:\Users\russel.mercado\source\repos\Yakult-System-New\Yakult.Inventory.App\Yakult.Inventory.App.csproj]
C:\Users\russel.mercado\source\repos\Yakult-System-New\Yakult.Inventory.App\Pages\Set\RecordSetInvoiceDialog.xaml.cs(93,17): error CS0103: The name 'TxtTotalAmountDue' does not exist in the current context [C:\Users\russel.mercado\source\repos\Yakult-System-New\Yakult.Inventory.App\Yakult.Inventory.App.csproj]
C:\Users\russel.mercado\source\repos\Yakult-System-New\Yakult.Inventory.App\Pages\Set\RecordSetInvoiceDialog.xaml.cs(95,17): error CS0103: The name 'TxtTotalAmountDue' does not exist in the current context [C:\Users\russel.mercado\source\repos\Yakult-System-New\Yakult.Inventory.App\Yakult.Inventory.App.csproj]
C:\Users\russel.mercado\source\repos\Yakult-System-New\Yakult.Inventory.App\Pages\Vendor\EditVendorDialog.xaml.cs(32,13): error CS0103: The name 'InitializeComponent' does not exist in the current context [C:\Users\russel.mercado\source\repos\Yakult-System-New\Yakult.Inventory.App\Yakult.Inventory.App.csproj]
C:\Users\russel.mercado\source\repos\Yakult-System-New\Yakult.Inventory.App\Pages\Set\RecordSetInvoiceDialog.xaml.cs(106,35): error CS0103: The name 'TxtSubtotal' does not exist in the current context [C:\Users\russel.mercado\source\repos\Yakult-System-New\Yakult.Inventory.App\Yakult.Inventory.App.csproj]
C:\Users\russel.mercado\source\repos\Yakult-System-New\Yakult.Inventory.App\Pages\Set\RecordSetInvoiceDialog.xaml.cs(109,30): error CS0103: The name 'TxtVatAmount' does not exist in the current context [C:\Users\russel.mercado\source\repos\Yakult-System-New\Yakult.Inventory.App\Yakult.Inventory.App.csproj]
C:\Users\russel.mercado\source\repos\Yakult-System-New\Yakult.Inventory.App\Pages\Set\RecordSetInvoiceDialog.xaml.cs(110,30): error CS0103: The name 'TxtDiscountAmount' does not exist in the current context [C:\Users\russel.mercado\source\repos\Yakult-System-New\Yakult.Inventory.App\Yakult.Inventory.App.csproj]
C:\Users\russel.mercado\source\repos\Yakult-System-New\Yakult.Inventory.App\Pages\Set\RecordSetInvoiceDialog.xaml.cs(111,30): error CS0103: The name 'TxtWhtAmount' does not exist in the current context [C:\Users\russel.mercado\source\repos\Yakult-System-New\Yakult.Inventory.App\Yakult.Inventory.App.csproj]
C:\Users\russel.mercado\source\repos\Yakult-System-New\Yakult.Inventory.App\Pages\Set\RecordSetInvoiceDialog.xaml.cs(125,34): error CS0103: The name 'TxtDocumentNumber' does not exist in the current context [C:\Users\russel.mercado\source\repos\Yakult-System-New\Yakult.Inventory.App\Yakult.Inventory.App.csproj]
C:\Users\russel.mercado\source\repos\Yakult-System-New\Yakult.Inventory.App\Pages\Set\RecordSetInvoiceDialog.xaml.cs(126,43): error CS1503: Argument 1: cannot convert from 'System.ReadOnlySpan<char>' to 'string' [C:\Users\russel.mercado\source\repos\Yakult-System-New\Yakult.Inventory.App\Yakult.Inventory.App.csproj]
C:\Users\russel.mercado\source\repos\Yakult-System-New\Yakult.Inventory.App\Pages\Set\RecordSetInvoiceDialog.xaml.cs(129,17): error CS0103: The name 'TxtDocumentNumber' does not exist in the current context [C:\Users\russel.mercado\source\repos\Yakult-System-New\Yakult.Inventory.App\Yakult.Inventory.App.csproj]
C:\Users\russel.mercado\source\repos\Yakult-System-New\Yakult.Inventory.App\Pages\Set\RecordSetInvoiceDialog.xaml.cs(133,35): error CS0103: The name 'TxtSubtotal' does not exist in the current context [C:\Users\russel.mercado\source\repos\Yakult-System-New\Yakult.Inventory.App\Yakult.Inventory.App.csproj]
C:\Users\russel.mercado\source\repos\Yakult-System-New\Yakult.Inventory.App\Pages\Set\RecordSetInvoiceDialog.xaml.cs(136,17): error CS0103: The name 'TxtSubtotal' does not exist in the current context [C:\Users\russel.mercado\source\repos\Yakult-System-New\Yakult.Inventory.App\Yakult.Inventory.App.csproj]
C:\Users\russel.mercado\source\repos\Yakult-System-New\Yakult.Inventory.App\Pages\Set\RecordSetInvoiceDialog.xaml.cs(150,47): error CS0103: The name 'TxtReferenceNumber' does not exist in the current context [C:\Users\russel.mercado\source\repos\Yakult-System-New\Yakult.Inventory.App\Yakult.Inventory.App.csproj]
C:\Users\russel.mercado\source\repos\Yakult-System-New\Yakult.Inventory.App\Pages\Set\RecordSetInvoiceDialog.xaml.cs(150,81): error CS0103: The name 'TxtReferenceNumber' does not exist in the current context [C:\Users\russel.mercado\source\repos\Yakult-System-New\Yakult.Inventory.App\Yakult.Inventory.App.csproj]
C:\Users\russel.mercado\source\repos\Yakult-System-New\Yakult.Inventory.App\Pages\Vendor\EditVendorDialog.xaml.cs(110,13): error CS0103: The name 'BtnMaximizeGlyph' does not exist in the current context [C:\Users\russel.mercado\source\repos\Yakult-System-New\Yakult.Inventory.App\Yakult.Inventory.App.csproj]
C:\Users\russel.mercado\source\repos\Yakult-System-New\Yakult.Inventory.App\Pages\Set\ViewSetDetailPage.xaml.cs(168,13): error CS0103: The name 'InitializeComponent' does not exist in the current context [C:\Users\russel.mercado\source\repos\Yakult-System-New\Yakult.Inventory.App\Yakult.Inventory.App.csproj]
C:\Users\russel.mercado\source\repos\Yakult-System-New\Yakult.Inventory.App\Pages\Set\ViewSetDetailPage.xaml.cs(200,17): error CS0103: The name 'BtnMaximizeGlyph' does not exist in the current context [C:\Users\russel.mercado\source\repos\Yakult-System-New\Yakult.Inventory.App\Yakult.Inventory.App.csproj]
C:\Users\russel.mercado\source\repos\Yakult-System-New\Yakult.Inventory.App\Pages\Set\ViewSetDetailPage.xaml.cs(215,17): error CS0103: The name 'BtnMaximizeGlyph' does not exist in the current context [C:\Users\russel.mercado\source\repos\Yakult-System-New\Yakult.Inventory.App\Yakult.Inventory.App.csproj]
C:\Users\russel.mercado\source\repos\Yakult-System-New\Yakult.Inventory.App\WPF\CartridgeManagement\Views\NonRefillableEmptyCartridgesView.xaml.cs(18,13): error CS0103: The name 'InitializeComponent' does not exist in the current context [C:\Users\russel.mercado\source\repos\Yakult-System-New\Yakult.Inventory.App\Yakult.Inventory.App.csproj]
C:\Users\russel.mercado\source\repos\Yakult-System-New\Yakult.Inventory.App\Pages\Request\EditRequestDialog.xaml.cs(41,13): error CS0103: The name 'InitializeComponent' does not exist in the current context [C:\Users\russel.mercado\source\repos\Yakult-System-New\Yakult.Inventory.App\Yakult.Inventory.App.csproj]
C:\Users\russel.mercado\source\repos\Yakult-System-New\Yakult.Inventory.App\WPF\CartridgeManagement\Views\NonRefillableEmptyCartridgesView.xaml.cs(80,17): error CS0103: The name 'CmbCondition' does not exist in the current context [C:\Users\russel.mercado\source\repos\Yakult-System-New\Yakult.Inventory.App\Yakult.Inventory.App.csproj]
C:\Users\russel.mercado\source\repos\Yakult-System-New\Yakult.Inventory.App\WPF\CartridgeManagement\Views\DamagedEmptyCartridgesView.xaml.cs(17,13): error CS0103: The name 'InitializeComponent' does not exist in the current context [C:\Users\russel.mercado\source\repos\Yakult-System-New\Yakult.Inventory.App\Yakult.Inventory.App.csproj]
C:\Users\russel.mercado\source\repos\Yakult-System-New\Yakult.Inventory.App\Pages\Request\BatchAddRequestDialog.xaml.cs(76,13): error CS0103: The name 'InitializeComponent' does not exist in the current context [C:\Users\russel.mercado\source\repos\Yakult-System-New\Yakult.Inventory.App\Yakult.Inventory.App.csproj]
C:\Users\russel.mercado\source\repos\Yakult-System-New\Yakult.Inventory.App\Wpf\CartridgeManagement\Views\CartridgeTrackingView.xaml.cs(15,13): error CS0103: The name 'InitializeComponent' does not exist in the current context [C:\Users\russel.mercado\source\repos\Yakult-System-New\Yakult.Inventory.App\Yakult.Inventory.App.csproj]
C:\Users\russel.mercado\source\repos\Yakult-System-New\Yakult.Inventory.App\Wpf\CartridgeManagement\Views\ViewCartridgeSetsView.xaml.cs(22,13): error CS0103: The name 'InitializeComponent' does not exist in the current context [C:\Users\russel.mercado\source\repos\Yakult-System-New\Yakult.Inventory.App\Yakult.Inventory.App.csproj]
C:\Users\russel.mercado\source\repos\Yakult-System-New\Yakult.Inventory.App\Pages\Request\BatchAddRequestDialog.xaml.cs(82,13): error CS0103: The name 'DgvRequests' does not exist in the current context [C:\Users\russel.mercado\source\repos\Yakult-System-New\Yakult.Inventory.App\Yakult.Inventory.App.csproj]
C:\Users\russel.mercado\source\repos\Yakult-System-New\Yakult.Inventory.App\Pages\Request\BatchAddRequestDialog.xaml.cs(90,13): error CS0103: The name 'CmbCompany' does not exist in the current context [C:\Users\russel.mercado\source\repos\Yakult-System-New\Yakult.Inventory.App\Yakult.Inventory.App.csproj]
C:\Users\russel.mercado\source\repos\Yakult-System-New\Yakult.Inventory.App\Pages\Request\BatchAddRequestDialog.xaml.cs(91,32): error CS0103: The name 'CmbCompany' does not exist in the current context [C:\Users\russel.mercado\source\repos\Yakult-System-New\Yakult.Inventory.App\Yakult.Inventory.App.csproj]
C:\Users\russel.mercado\source\repos\Yakult-System-New\Yakult.Inventory.App\Pages\Request\BatchAddRequestDialog.xaml.cs(92,69): error CS0103: The name 'CmbCompany' does not exist in the current context [C:\Users\russel.mercado\source\repos\Yakult-System-New\Yakult.Inventory.App\Yakult.Inventory.App.csproj]
C:\Users\russel.mercado\source\repos\Yakult-System-New\Yakult.Inventory.App\Pages\Request\BatchAddRequestDialog.xaml.cs(93,13): error CS0103: The name 'CmbDepartment' does not exist in the current context [C:\Users\russel.mercado\source\repos\Yakult-System-New\Yakult.Inventory.App\Yakult.Inventory.App.csproj]
C:\Users\russel.mercado\source\repos\Yakult-System-New\Yakult.Inventory.App\Pages\Request\BatchAddRequestDialog.xaml.cs(94,32): error CS0103: The name 'CmbDepartment' does not exist in the current context [C:\Users\russel.mercado\source\repos\Yakult-System-New\Yakult.Inventory.App\Yakult.Inventory.App.csproj]
C:\Users\russel.mercado\source\repos\Yakult-System-New\Yakult.Inventory.App\Pages\Request\BatchAddRequestDialog.xaml.cs(95,69): error CS0103: The name 'CmbDepartment' does not exist in the current context [C:\Users\russel.mercado\source\repos\Yakult-System-New\Yakult.Inventory.App\Yakult.Inventory.App.csproj]
C:\Users\russel.mercado\source\repos\Yakult-System-New\Yakult.Inventory.App\Pages\Request\BatchAddRequestDialog.xaml.cs(96,13): error CS0103: The name 'CmbBranch' does not exist in the current context [C:\Users\russel.mercado\source\repos\Yakult-System-New\Yakult.Inventory.App\Yakult.Inventory.App.csproj]
C:\Users\russel.mercado\source\repos\Yakult-System-New\Yakult.Inventory.App\Pages\Request\BatchAddRequestDialog.xaml.cs(97,32): error CS0103: The name 'CmbBranch' does not exist in the current context [C:\Users\russel.mercado\source\repos\Yakult-System-New\Yakult.Inventory.App\Yakult.Inventory.App.csproj]
C:\Users\russel.mercado\source\repos\Yakult-System-New\Yakult.Inventory.App\Pages\Request\BatchAddRequestDialog.xaml.cs(98,69): error CS0103: The name 'CmbBranch' does not exist in the current context [C:\Users\russel.mercado\source\repos\Yakult-System-New\Yakult.Inventory.App\Yakult.Inventory.App.csproj]
C:\Users\russel.mercado\source\repos\Yakult-System-New\Yakult.Inventory.App\Pages\Request\EditRequestDialog.xaml.cs(66,13): error CS0103: The name 'CmbEmployee' does not exist in the current context [C:\Users\russel.mercado\source\repos\Yakult-System-New\Yakult.Inventory.App\Yakult.Inventory.App.csproj]
C:\Users\russel.mercado\source\repos\Yakult-System-New\Yakult.Inventory.App\Pages\Request\EditRequestDialog.xaml.cs(67,13): error CS0103: The name 'CmbEmployee' does not exist in the current context [C:\Users\russel.mercado\source\repos\Yakult-System-New\Yakult.Inventory.App\Yakult.Inventory.App.csproj]
C:\Users\russel.mercado\source\repos\Yakult-System-New\Yakult.Inventory.App\Pages\Request\EditRequestDialog.xaml.cs(69,13): error CS0103: The name 'CmbItem' does not exist in the current context [C:\Users\russel.mercado\source\repos\Yakult-System-New\Yakult.Inventory.App\Yakult.Inventory.App.csproj]
C:\Users\russel.mercado\source\repos\Yakult-System-New\Yakult.Inventory.App\Pages\Request\EditRequestDialog.xaml.cs(70,13): error CS0103: The name 'CmbItem' does not exist in the current context [C:\Users\russel.mercado\source\repos\Yakult-System-New\Yakult.Inventory.App\Yakult.Inventory.App.csproj]
C:\Users\russel.mercado\source\repos\Yakult-System-New\Yakult.Inventory.App\Pages\Request\EditRequestDialog.xaml.cs(72,13): error CS0103: The name 'CmbItemCategory' does not exist in the current context [C:\Users\russel.mercado\source\repos\Yakult-System-New\Yakult.Inventory.App\Yakult.Inventory.App.csproj]
C:\Users\russel.mercado\source\repos\Yakult-System-New\Yakult.Inventory.App\Pages\Request\EditRequestDialog.xaml.cs(73,13): error CS0103: The name 'CmbItemCategory' does not exist in the current context [C:\Users\russel.mercado\source\repos\Yakult-System-New\Yakult.Inventory.App\Yakult.Inventory.App.csproj]
C:\Users\russel.mercado\source\repos\Yakult-System-New\Yakult.Inventory.App\Pages\Request\EditRequestDialog.xaml.cs(75,13): error CS0103: The name 'TxtQuantity' does not exist in the current context [C:\Users\russel.mercado\source\repos\Yakult-System-New\Yakult.Inventory.App\Yakult.Inventory.App.csproj]
C:\Users\russel.mercado\source\repos\Yakult-System-New\Yakult.Inventory.App\Pages\Request\EditRequestDialog.xaml.cs(76,13): error CS0103: The name 'TxtQuantity' does not exist in the current context [C:\Users\russel.mercado\source\repos\Yakult-System-New\Yakult.Inventory.App\Yakult.Inventory.App.csproj]
C:\Users\russel.mercado\source\repos\Yakult-System-New\Yakult.Inventory.App\Pages\Request\EditRequestDialog.xaml.cs(78,13): error CS0103: The name 'DtDateRequested' does not exist in the current context [C:\Users\russel.mercado\source\repos\Yakult-System-New\Yakult.Inventory.App\Yakult.Inventory.App.csproj]
C:\Users\russel.mercado\source\repos\Yakult-System-New\Yakult.Inventory.App\Pages\Request\EditRequestDialog.xaml.cs(80,13): error CS0103: The name 'CmbStatus' does not exist in the current context [C:\Users\russel.mercado\source\repos\Yakult-System-New\Yakult.Inventory.App\Yakult.Inventory.App.csproj]
C:\Users\russel.mercado\source\repos\Yakult-System-New\Yakult.Inventory.App\Pages\Request\EditRequestDialog.xaml.cs(81,13): error CS0103: The name 'CmbStatus' does not exist in the current context [C:\Users\russel.mercado\source\repos\Yakult-System-New\Yakult.Inventory.App\Yakult.Inventory.App.csproj]
C:\Users\russel.mercado\source\repos\Yakult-System-New\Yakult.Inventory.App\Pages\Set\ViewSetDetailPage.xaml.cs(275,17): error CS0103: The name 'TxtSetCode' does not exist in the current context [C:\Users\russel.mercado\source\repos\Yakult-System-New\Yakult.Inventory.App\Yakult.Inventory.App.csproj]
C:\Users\russel.mercado\source\repos\Yakult-System-New\Yakult.Inventory.App\Pages\Set\ViewSetDetailPage.xaml.cs(276,17): error CS0103: The name 'TxtCreatedBy' does not exist in the current context [C:\Users\russel.mercado\source\repos\Yakult-System-New\Yakult.Inventory.App\Yakult.Inventory.App.csproj]
C:\Users\russel.mercado\source\repos\Yakult-System-New\Yakult.Inventory.App\Pages\Set\ViewSetDetailPage.xaml.cs(277,17): error CS0103: The name 'DtpCreatedAt' does not exist in the current context [C:\Users\russel.mercado\source\repos\Yakult-System-New\Yakult.Inventory.App\Yakult.Inventory.App.csproj]
C:\Users\russel.mercado\source\repos\Yakult-System-New\Yakult.Inventory.App\Pages\Set\ViewSetDetailPage.xaml.cs(278,17): error CS0103: The name 'TxtDateRequested' does not exist in the current context [C:\Users\russel.mercado\source\repos\Yakult-System-New\Yakult.Inventory.App\Yakult.Inventory.App.csproj]
C:\Users\russel.mercado\source\repos\Yakult-System-New\Yakult.Inventory.App\Pages\Set\ViewSetDetailPage.xaml.cs(279,17): error CS0103: The name 'TxtRemarks' does not exist in the current context [C:\Users\russel.mercado\source\repos\Yakult-System-New\Yakult.Inventory.App\Yakult.Inventory.App.csproj]
C:\Users\russel.mercado\source\repos\Yakult-System-New\Yakult.Inventory.App\Pages\Set\ViewSetDetailPage.xaml.cs(281,17): error CS0103: The name 'TxtQRImage' does not exist in the current context [C:\Users\russel.mercado\source\repos\Yakult-System-New\Yakult.Inventory.App\Yakult.Inventory.App.csproj]
C:\Users\russel.mercado\source\repos\Yakult-System-New\Yakult.Inventory.App\Pages\Set\ViewSetDetailPage.xaml.cs(285,17): error CS0103: The name 'BtnViewQR' does not exist in the current context [C:\Users\russel.mercado\source\repos\Yakult-System-New\Yakult.Inventory.App\Yakult.Inventory.App.csproj]
C:\Users\russel.mercado\source\repos\Yakult-System-New\Yakult.Inventory.App\Pages\Set\ViewSetDetailPage.xaml.cs(287,17): error CS0103: The name 'TxtItemCount' does not exist in the current context [C:\Users\russel.mercado\source\repos\Yakult-System-New\Yakult.Inventory.App\Yakult.Inventory.App.csproj]
C:\Users\russel.mercado\source\repos\Yakult-System-New\Yakult.Inventory.App\Pages\Set\ViewSetDetailPage.xaml.cs(290,17): error CS0103: The name 'TxtSubtotal' does not exist in the current context [C:\Users\russel.mercado\source\repos\Yakult-System-New\Yakult.Inventory.App\Yakult.Inventory.App.csproj]
C:\Users\russel.mercado\source\repos\Yakult-System-New\Yakult.Inventory.App\Pages\Set\ViewSetDetailPage.xaml.cs(291,17): error CS0103: The name 'TxtVatAmount' does not exist in the current context [C:\Users\russel.mercado\source\repos\Yakult-System-New\Yakult.Inventory.App\Yakult.Inventory.App.csproj]
C:\Users\russel.mercado\source\repos\Yakult-System-New\Yakult.Inventory.App\Pages\Set\ViewSetDetailPage.xaml.cs(292,17): error CS0103: The name 'TxtDiscountAmount' does not exist in the current context [C:\Users\russel.mercado\source\repos\Yakult-System-New\Yakult.Inventory.App\Yakult.Inventory.App.csproj]
C:\Users\russel.mercado\source\repos\Yakult-System-New\Yakult.Inventory.App\Pages\Set\ViewSetDetailPage.xaml.cs(293,17): error CS0103: The name 'TxtWhtAmount' does not exist in the current context [C:\Users\russel.mercado\source\repos\Yakult-System-New\Yakult.Inventory.App\Yakult.Inventory.App.csproj]
C:\Users\russel.mercado\source\repos\Yakult-System-New\Yakult.Inventory.App\Pages\Set\ViewSetDetailPage.xaml.cs(294,17): error CS0103: The name 'TxtTotalAmountDue' does not exist in the current context [C:\Users\russel.mercado\source\repos\Yakult-System-New\Yakult.Inventory.App\Yakult.Inventory.App.csproj]
C:\Users\russel.mercado\source\repos\Yakult-System-New\Yakult.Inventory.App\Pages\Set\ViewSetDetailPage.xaml.cs(297,17): error CS0103: The name 'TitleText' does not exist in the current context [C:\Users\russel.mercado\source\repos\Yakult-System-New\Yakult.Inventory.App\Yakult.Inventory.App.csproj]
C:\Users\russel.mercado\source\repos\Yakult-System-New\Yakult.Inventory.App\Pages\Set\ViewSetDetailPage.xaml.cs(321,17): error CS0103: The name 'TxtComputerName' does not exist in the current context [C:\Users\russel.mercado\source\repos\Yakult-System-New\Yakult.Inventory.App\Yakult.Inventory.App.csproj]
C:\Users\russel.mercado\source\repos\Yakult-System-New\Yakult.Inventory.App\Pages\Set\ViewSetDetailPage.xaml.cs(322,17): error CS0103: The name 'TxtIPAddress' does not exist in the current context [C:\Users\russel.mercado\source\repos\Yakult-System-New\Yakult.Inventory.App\Yakult.Inventory.App.csproj]
C:\Users\russel.mercado\source\repos\Yakult-System-New\Yakult.Inventory.App\Pages\Set\ViewSetDetailPage.xaml.cs(323,17): error CS0103: The name 'BtnSaveHardwareInfo' does not exist in the current context [C:\Users\russel.mercado\source\repos\Yakult-System-New\Yakult.Inventory.App\Yakult.Inventory.App.csproj]
C:\Users\russel.mercado\source\repos\Yakult-System-New\Yakult.Inventory.App\Pages\Set\ViewSetDetailPage.xaml.cs(327,17): error CS0103: The name 'DgvRequests' does not exist in the current context [C:\Users\russel.mercado\source\repos\Yakult-System-New\Yakult.Inventory.App\Yakult.Inventory.App.csproj]
C:\Users\russel.mercado\source\repos\Yakult-System-New\Yakult.Inventory.App\Pages\Set\ViewSetDetailPage.xaml.cs(328,17): error CS0103: The name 'DgvRequests' does not exist in the current context [C:\Users\russel.mercado\source\repos\Yakult-System-New\Yakult.Inventory.App\Yakult.Inventory.App.csproj]
C:\Users\russel.mercado\source\repos\Yakult-System-New\Yakult.Inventory.App\Pages\Set\ViewSetDetailPage.xaml.cs(333,17): error CS0103: The name 'PnlNoRequestsNote' does not exist in the current context [C:\Users\russel.mercado\source\repos\Yakult-System-New\Yakult.Inventory.App\Yakult.Inventory.App.csproj]
C:\Users\russel.mercado\source\repos\Yakult-System-New\Yakult.Inventory.App\Pages\Set\ViewSetDetailPage.xaml.cs(353,25): error CS0103: The name 'TxtEmployeeNumber' does not exist in the current context [C:\Users\russel.mercado\source\repos\Yakult-System-New\Yakult.Inventory.App\Yakult.Inventory.App.csproj]
C:\Users\russel.mercado\source\repos\Yakult-System-New\Yakult.Inventory.App\Pages\Set\ViewSetDetailPage.xaml.cs(354,25): error CS0103: The name 'TxtCompany' does not exist in the current context [C:\Users\russel.mercado\source\repos\Yakult-System-New\Yakult.Inventory.App\Yakult.Inventory.App.csproj]
C:\Users\russel.mercado\source\repos\Yakult-System-New\Yakult.Inventory.App\Pages\Set\ViewSetDetailPage.xaml.cs(355,25): error CS0103: The name 'TxtBranch' does not exist in the current context [C:\Users\russel.mercado\source\repos\Yakult-System-New\Yakult.Inventory.App\Yakult.Inventory.App.csproj]
C:\Users\russel.mercado\source\repos\Yakult-System-New\Yakult.Inventory.App\Pages\Set\ViewSetDetailPage.xaml.cs(356,25): error CS0103: The name 'TxtDepartment' does not exist in the current context [C:\Users\russel.mercado\source\repos\Yakult-System-New\Yakult.Inventory.App\Yakult.Inventory.App.csproj]
C:\Users\russel.mercado\source\repos\Yakult-System-New\Yakult.Inventory.App\Pages\Set\ViewSetDetailPage.xaml.cs(370,25): error CS0103: The name 'TxtEmployeeNumber' does not exist in the current context [C:\Users\russel.mercado\source\repos\Yakult-System-New\Yakult.Inventory.App\Yakult.Inventory.App.csproj]
C:\Users\russel.mercado\source\repos\Yakult-System-New\Yakult.Inventory.App\Pages\Set\ViewSetDetailPage.xaml.cs(371,25): error CS0103: The name 'TxtCompany' does not exist in the current context [C:\Users\russel.mercado\source\repos\Yakult-System-New\Yakult.Inventory.App\Yakult.Inventory.App.csproj]
C:\Users\russel.mercado\source\repos\Yakult-System-New\Yakult.Inventory.App\Pages\Set\ViewSetDetailPage.xaml.cs(371,43): error CS0103: The name 'TxtBranch' does not exist in the current context [C:\Users\russel.mercado\source\repos\Yakult-System-New\Yakult.Inventory.App\Yakult.Inventory.App.csproj]
C:\Users\russel.mercado\source\repos\Yakult-System-New\Yakult.Inventory.App\Pages\Set\ViewSetDetailPage.xaml.cs(371,60): error CS0103: The name 'TxtDepartment' does not exist in the current context [C:\Users\russel.mercado\source\repos\Yakult-System-New\Yakult.Inventory.App\Yakult.Inventory.App.csproj]
C:\Users\russel.mercado\source\repos\Yakult-System-New\Yakult.Inventory.App\Pages\Set\ViewSetDetailPage.xaml.cs(377,21): error CS0103: The name 'TxtEmployeeNumber' does not exist in the current context [C:\Users\russel.mercado\source\repos\Yakult-System-New\Yakult.Inventory.App\Yakult.Inventory.App.csproj]
C:\Users\russel.mercado\source\repos\Yakult-System-New\Yakult.Inventory.App\Pages\Set\ViewSetDetailPage.xaml.cs(378,21): error CS0103: The name 'TxtCompany' does not exist in the current context [C:\Users\russel.mercado\source\repos\Yakult-System-New\Yakult.Inventory.App\Yakult.Inventory.App.csproj]
C:\Users\russel.mercado\source\repos\Yakult-System-New\Yakult.Inventory.App\Pages\Set\ViewSetDetailPage.xaml.cs(378,39): error CS0103: The name 'TxtBranch' does not exist in the current context [C:\Users\russel.mercado\source\repos\Yakult-System-New\Yakult.Inventory.App\Yakult.Inventory.App.csproj]
C:\Users\russel.mercado\source\repos\Yakult-System-New\Yakult.Inventory.App\Pages\Set\ViewSetDetailPage.xaml.cs(378,56): error CS0103: The name 'TxtDepartment' does not exist in the current context [C:\Users\russel.mercado\source\repos\Yakult-System-New\Yakult.Inventory.App\Yakult.Inventory.App.csproj]
C:\Users\russel.mercado\source\repos\Yakult-System-New\Yakult.Inventory.App\Pages\Set\ViewSetDetailPage.xaml.cs(388,17): error CS0103: The name 'BtnGenerateQR' does not exist in the current context [C:\Users\russel.mercado\source\repos\Yakult-System-New\Yakult.Inventory.App\Yakult.Inventory.App.csproj]
C:\Users\russel.mercado\source\repos\Yakult-System-New\Yakult.Inventory.App\Pages\Set\ViewSetDetailPage.xaml.cs(393,21): error CS0103: The name 'BtnDeploy' does not exist in the current context [C:\Users\russel.mercado\source\repos\Yakult-System-New\Yakult.Inventory.App\Yakult.Inventory.App.csproj]
C:\Users\russel.mercado\source\repos\Yakult-System-New\Yakult.Inventory.App\Pages\Set\ViewSetDetailPage.xaml.cs(394,21): error CS0103: The name 'BtnDeploy' does not exist in the current context [C:\Users\russel.mercado\source\repos\Yakult-System-New\Yakult.Inventory.App\Yakult.Inventory.App.csproj]
C:\Users\russel.mercado\source\repos\Yakult-System-New\Yakult.Inventory.App\Pages\Set\ViewSetDetailPage.xaml.cs(399,21): error CS0103: The name 'BtnDeploy' does not exist in the current context [C:\Users\russel.mercado\source\repos\Yakult-System-New\Yakult.Inventory.App\Yakult.Inventory.App.csproj]
C:\Users\russel.mercado\source\repos\Yakult-System-New\Yakult.Inventory.App\Pages\Set\ViewSetDetailPage.xaml.cs(400,21): error CS0103: The name 'BtnDeploy' does not exist in the current context [C:\Users\russel.mercado\source\repos\Yakult-System-New\Yakult.Inventory.App\Yakult.Inventory.App.csproj]
C:\Users\russel.mercado\source\repos\Yakult-System-New\Yakult.Inventory.App\Pages\Set\ViewSetDetailPage.xaml.cs(408,21): error CS0103: The name 'BtnRecordInvoice' does not exist in the current context [C:\Users\russel.mercado\source\repos\Yakult-System-New\Yakult.Inventory.App\Yakult.Inventory.App.csproj]
C:\Users\russel.mercado\source\repos\Yakult-System-New\Yakult.Inventory.App\Pages\Set\ViewSetDetailPage.xaml.cs(409,21): error CS0103: The name 'BtnViewInvoice' does not exist in the current context [C:\Users\russel.mercado\source\repos\Yakult-System-New\Yakult.Inventory.App\Yakult.Inventory.App.csproj]
C:\Users\russel.mercado\source\repos\Yakult-System-New\Yakult.Inventory.App\Pages\Set\ViewSetDetailPage.xaml.cs(413,21): error CS0103: The name 'BtnRecordInvoice' does not exist in the current context [C:\Users\russel.mercado\source\repos\Yakult-System-New\Yakult.Inventory.App\Yakult.Inventory.App.csproj]
C:\Users\russel.mercado\source\repos\Yakult-System-New\Yakult.Inventory.App\Pages\Set\ViewSetDetailPage.xaml.cs(414,21): error CS0103: The name 'BtnViewInvoice' does not exist in the current context [C:\Users\russel.mercado\source\repos\Yakult-System-New\Yakult.Inventory.App\Yakult.Inventory.App.csproj]
C:\Users\russel.mercado\source\repos\Yakult-System-New\Yakult.Inventory.App\Pages\Set\ViewSetDetailPage.xaml.cs(418,21): error CS0103: The name 'BtnRecordInvoice' does not exist in the current context [C:\Users\russel.mercado\source\repos\Yakult-System-New\Yakult.Inventory.App\Yakult.Inventory.App.csproj]
C:\Users\russel.mercado\source\repos\Yakult-System-New\Yakult.Inventory.App\Pages\Set\ViewSetDetailPage.xaml.cs(419,21): error CS0103: The name 'BtnViewInvoice' does not exist in the current context [C:\Users\russel.mercado\source\repos\Yakult-System-New\Yakult.Inventory.App\Yakult.Inventory.App.csproj]
C:\Users\russel.mercado\source\repos\Yakult-System-New\Yakult.Inventory.App\Pages\Set\ViewSetDetailPage.xaml.cs(436,13): error CS0103: The name 'HwSectionPanel' does not exist in the current context [C:\Users\russel.mercado\source\repos\Yakult-System-New\Yakult.Inventory.App\Yakult.Inventory.App.csproj]
C:\Users\russel.mercado\source\repos\Yakult-System-New\Yakult.Inventory.App\Pages\Set\ViewSetDetailPage.xaml.cs(442,13): error CS0103: The name 'ColComputerName' does not exist in the current context [C:\Users\russel.mercado\source\repos\Yakult-System-New\Yakult.Inventory.App\Yakult.Inventory.App.csproj]
C:\Users\russel.mercado\source\repos\Yakult-System-New\Yakult.Inventory.App\Pages\Set\ViewSetDetailPage.xaml.cs(443,13): error CS0103: The name 'ColIPAddress' does not exist in the current context [C:\Users\russel.mercado\source\repos\Yakult-System-New\Yakult.Inventory.App\Yakult.Inventory.App.csproj]
C:\Users\russel.mercado\source\repos\Yakult-System-New\Yakult.Inventory.App\Pages\Set\ViewSetDetailPage.xaml.cs(454,13): error CS0103: The name 'DgvRequests' does not exist in the current context [C:\Users\russel.mercado\source\repos\Yakult-System-New\Yakult.Inventory.App\Yakult.Inventory.App.csproj]
C:\Users\russel.mercado\source\repos\Yakult-System-New\Yakult.Inventory.App\Pages\Request\EditRequestDialog.xaml.cs(108,97): error CS0103: The name 'CmbEmployee' does not exist in the current context [C:\Users\russel.mercado\source\repos\Yakult-System-New\Yakult.Inventory.App\Yakult.Inventory.App.csproj]
C:\Users\russel.mercado\source\repos\Yakult-System-New\Yakult.Inventory.App\Pages\Request\EditRequestDialog.xaml.cs(108,110): error CS0103: The name 'BtnEditEmployee' does not exist in the current context [C:\Users\russel.mercado\source\repos\Yakult-System-New\Yakult.Inventory.App\Yakult.Inventory.App.csproj]
C:\Users\russel.mercado\source\repos\Yakult-System-New\Yakult.Inventory.App\Pages\Request\EditRequestDialog.xaml.cs(109,97): error CS0103: The name 'TxtQuantity' does not exist in the current context [C:\Users\russel.mercado\source\repos\Yakult-System-New\Yakult.Inventory.App\Yakult.Inventory.App.csproj]
C:\Users\russel.mercado\source\repos\Yakult-System-New\Yakult.Inventory.App\Pages\Request\EditRequestDialog.xaml.cs(109,110): error CS0103: The name 'BtnEditQuantity' does not exist in the current context [C:\Users\russel.mercado\source\repos\Yakult-System-New\Yakult.Inventory.App\Yakult.Inventory.App.csproj]
C:\Users\russel.mercado\source\repos\Yakult-System-New\Yakult.Inventory.App\Pages\Request\EditRequestDialog.xaml.cs(110,93): error CS0103: The name 'DtDateRequested' does not exist in the current context [C:\Users\russel.mercado\source\repos\Yakult-System-New\Yakult.Inventory.App\Yakult.Inventory.App.csproj]
C:\Users\russel.mercado\source\repos\Yakult-System-New\Yakult.Inventory.App\Pages\Request\EditRequestDialog.xaml.cs(110,110): error CS0103: The name 'BtnEditDate' does not exist in the current context [C:\Users\russel.mercado\source\repos\Yakult-System-New\Yakult.Inventory.App\Yakult.Inventory.App.csproj]
C:\Users\russel.mercado\source\repos\Yakult-System-New\Yakult.Inventory.App\Pages\Request\EditRequestDialog.xaml.cs(111,95): error CS0103: The name 'CmbStatus' does not exist in the current context [C:\Users\russel.mercado\source\repos\Yakult-System-New\Yakult.Inventory.App\Yakult.Inventory.App.csproj]
C:\Users\russel.mercado\source\repos\Yakult-System-New\Yakult.Inventory.App\Pages\Request\EditRequestDialog.xaml.cs(111,106): error CS0103: The name 'BtnEditStatus' does not exist in the current context [C:\Users\russel.mercado\source\repos\Yakult-System-New\Yakult.Inventory.App\Yakult.Inventory.App.csproj]
C:\Users\russel.mercado\source\repos\Yakult-System-New\Yakult.Inventory.App\Pages\Request\BatchAddRequestDialog.xaml.cs(165,17): error CS0103: The name 'BtnMaximizeGlyph' does not exist in the current context [C:\Users\russel.mercado\source\repos\Yakult-System-New\Yakult.Inventory.App\Yakult.Inventory.App.csproj]
C:\Users\russel.mercado\source\repos\Yakult-System-New\Yakult.Inventory.App\Pages\Request\BatchAddRequestDialog.xaml.cs(181,17): error CS0103: The name 'BtnMaximizeGlyph' does not exist in the current context [C:\Users\russel.mercado\source\repos\Yakult-System-New\Yakult.Inventory.App\Yakult.Inventory.App.csproj]
C:\Users\russel.mercado\source\repos\Yakult-System-New\Yakult.Inventory.App\Wpf\RepairPortal\NewTicketIntake\Views\NewRepairTicketDialog.xaml.cs(24,13): error CS0103: The name 'InitializeComponent' does not exist in the current context [C:\Users\russel.mercado\source\repos\Yakult-System-New\Yakult.Inventory.App\Yakult.Inventory.App.csproj]
C:\Users\russel.mercado\source\repos\Yakult-System-New\Yakult.Inventory.App\Pages\Set\ViewSetDetailPage.xaml.cs(469,38): error CS0103: The name 'TxtCompany' does not exist in the current context [C:\Users\russel.mercado\source\repos\Yakult-System-New\Yakult.Inventory.App\Yakult.Inventory.App.csproj]
C:\Users\russel.mercado\source\repos\Yakult-System-New\Yakult.Inventory.App\Pages\Set\ViewSetDetailPage.xaml.cs(469,73): error CS0103: The name 'TxtBranch' does not exist in the current context [C:\Users\russel.mercado\source\repos\Yakult-System-New\Yakult.Inventory.App\Yakult.Inventory.App.csproj]
C:\Users\russel.mercado\source\repos\Yakult-System-New\Yakult.Inventory.App\Pages\Set\ViewSetDetailPage.xaml.cs(469,107): error CS0103: The name 'TxtDepartment' does not exist in the current context [C:\Users\russel.mercado\source\repos\Yakult-System-New\Yakult.Inventory.App\Yakult.Inventory.App.csproj]
C:\Users\russel.mercado\source\repos\Yakult-System-New\Yakult.Inventory.App\Pages\Set\ViewSetDetailPage.xaml.cs(477,17): error CS0103: The name 'CmbEmployee' does not exist in the current context [C:\Users\russel.mercado\source\repos\Yakult-System-New\Yakult.Inventory.App\Yakult.Inventory.App.csproj]
C:\Users\russel.mercado\source\repos\Yakult-System-New\Yakult.Inventory.App\Pages\Set\ViewSetDetailPage.xaml.cs(478,17): error CS0103: The name 'CmbEmployee' does not exist in the current context [C:\Users\russel.mercado\source\repos\Yakult-System-New\Yakult.Inventory.App\Yakult.Inventory.App.csproj]
C:\Users\russel.mercado\source\repos\Yakult-System-New\Yakult.Inventory.App\Pages\Set\ViewSetDetailPage.xaml.cs(479,17): error CS0103: The name 'CmbEmployee' does not exist in the current context [C:\Users\russel.mercado\source\repos\Yakult-System-New\Yakult.Inventory.App\Yakult.Inventory.App.csproj]
C:\Users\russel.mercado\source\repos\Yakult-System-New\Yakult.Inventory.App\Pages\Set\ViewSetDetailPage.xaml.cs(482,17): error CS0103: The name 'CmbEmployee' does not exist in the current context [C:\Users\russel.mercado\source\repos\Yakult-System-New\Yakult.Inventory.App\Yakult.Inventory.App.csproj]
C:\Users\russel.mercado\source\repos\Yakult-System-New\Yakult.Inventory.App\Wpf\CartridgeManagement\Views\ViewCartridgesView.xaml.cs(15,13): error CS0103: The name 'InitializeComponent' does not exist in the current context [C:\Users\russel.mercado\source\repos\Yakult-System-New\Yakult.Inventory.App\Yakult.Inventory.App.csproj]
C:\Users\russel.mercado\source\repos\Yakult-System-New\Yakult.Inventory.App\Pages\Request\EditRequestDialog.xaml.cs(120,18): error CS0103: The name 'CmbItem' does not exist in the current context [C:\Users\russel.mercado\source\repos\Yakult-System-New\Yakult.Inventory.App\Yakult.Inventory.App.csproj]
C:\Users\russel.mercado\source\repos\Yakult-System-New\Yakult.Inventory.App\Pages\Request\EditRequestDialog.xaml.cs(138,29): error CS0103: The name 'CmbItem' does not exist in the current context [C:\Users\russel.mercado\source\repos\Yakult-System-New\Yakult.Inventory.App\Yakult.Inventory.App.csproj]
C:\Users\russel.mercado\source\repos\Yakult-System-New\Yakult.Inventory.App\Pages\Request\EditRequestDialog.xaml.cs(138,38): error CS0103: The name 'BtnEditItem' does not exist in the current context [C:\Users\russel.mercado\source\repos\Yakult-System-New\Yakult.Inventory.App\Yakult.Inventory.App.csproj]
C:\Users\russel.mercado\source\repos\Yakult-System-New\Yakult.Inventory.App\Pages\Request\EditRequestDialog.xaml.cs(139,13): error CS0103: The name 'CmbItemCategory' does not exist in the current context [C:\Users\russel.mercado\source\repos\Yakult-System-New\Yakult.Inventory.App\Yakult.Inventory.App.csproj]
C:\Users\russel.mercado\source\repos\Yakult-System-New\Yakult.Inventory.App\Pages\Request\EditRequestDialog.xaml.cs(139,41): error CS0103: The name 'CmbItem' does not exist in the current context [C:\Users\russel.mercado\source\repos\Yakult-System-New\Yakult.Inventory.App\Yakult.Inventory.App.csproj]
C:\Users\russel.mercado\source\repos\Yakult-System-New\Yakult.Inventory.App\Pages\Request\EditRequestDialog.xaml.cs(140,13): error CS0103: The name 'CmbItemCategory' does not exist in the current context [C:\Users\russel.mercado\source\repos\Yakult-System-New\Yakult.Inventory.App\Yakult.Inventory.App.csproj]
C:\Users\russel.mercado\source\repos\Yakult-System-New\Yakult.Inventory.App\Pages\Request\EditRequestDialog.xaml.cs(140,42): error CS0103: The name 'CmbItem' does not exist in the current context [C:\Users\russel.mercado\source\repos\Yakult-System-New\Yakult.Inventory.App\Yakult.Inventory.App.csproj]
C:\Users\russel.mercado\source\repos\Yakult-System-New\Yakult.Inventory.App\Pages\Request\EditRequestDialog.xaml.cs(146,17): error CS0103: The name 'CmbItemCategory' does not exist in the current context [C:\Users\russel.mercado\source\repos\Yakult-System-New\Yakult.Inventory.App\Yakult.Inventory.App.csproj]
C:\Users\russel.mercado\source\repos\Yakult-System-New\Yakult.Inventory.App\Pages\Request\EditRequestDialog.xaml.cs(155,17): error CS0103: The name 'CmbItem' does not exist in the current context [C:\Users\russel.mercado\source\repos\Yakult-System-New\Yakult.Inventory.App\Yakult.Inventory.App.csproj]
C:\Users\russel.mercado\source\repos\Yakult-System-New\Yakult.Inventory.App\Pages\Request\BatchAddRequestDialog.xaml.cs(201,39): error CS0103: The name 'CmbCompany' does not exist in the current context [C:\Users\russel.mercado\source\repos\Yakult-System-New\Yakult.Inventory.App\Yakult.Inventory.App.csproj]
C:\Users\russel.mercado\source\repos\Yakult-System-New\Yakult.Inventory.App\Pages\Request\BatchAddRequestDialog.xaml.cs(202,39): error CS0103: The name 'CmbDepartment' does not exist in the current context [C:\Users\russel.mercado\source\repos\Yakult-System-New\Yakult.Inventory.App\Yakult.Inventory.App.csproj]
C:\Users\russel.mercado\source\repos\Yakult-System-New\Yakult.Inventory.App\Pages\Request\BatchAddRequestDialog.xaml.cs(203,39): error CS0103: The name 'CmbBranch' does not exist in the current context [C:\Users\russel.mercado\source\repos\Yakult-System-New\Yakult.Inventory.App\Yakult.Inventory.App.csproj]
C:\Users\russel.mercado\source\repos\Yakult-System-New\Yakult.Inventory.App\Pages\Request\BatchAddRequestDialog.xaml.cs(205,17): error CS0103: The name 'PopupEmployee' does not exist in the current context [C:\Users\russel.mercado\source\repos\Yakult-System-New\Yakult.Inventory.App\Yakult.Inventory.App.csproj]
C:\Users\russel.mercado\source\repos\Yakult-System-New\Yakult.Inventory.App\Pages\Request\BatchAddRequestDialog.xaml.cs(205,55): error CS0103: The name 'GridEmployee' does not exist in the current context [C:\Users\russel.mercado\source\repos\Yakult-System-New\Yakult.Inventory.App\Yakult.Inventory.App.csproj]
C:\Users\russel.mercado\source\repos\Yakult-System-New\Yakult.Inventory.App\Pages\Request\BatchAddRequestDialog.xaml.cs(206,17): error CS0103: The name 'PopupEmployee' does not exist in the current context [C:\Users\russel.mercado\source\repos\Yakult-System-New\Yakult.Inventory.App\Yakult.Inventory.App.csproj]
C:\Users\russel.mercado\source\repos\Yakult-System-New\Yakult.Inventory.App\Pages\Request\EditRequestDialog.xaml.cs(164,18): error CS0103: The name 'TxtQuantity' does not exist in the current context [C:\Users\russel.mercado\source\repos\Yakult-System-New\Yakult.Inventory.App\Yakult.Inventory.App.csproj]
C:\Users\russel.mercado\source\repos\Yakult-System-New\Yakult.Inventory.App\Pages\Set\ViewSetDetailPage.xaml.cs(505,17): error CS0103: The name 'CmbReceivedBy' does not exist in the current context [C:\Users\russel.mercado\source\repos\Yakult-System-New\Yakult.Inventory.App\Yakult.Inventory.App.csproj]
C:\Users\russel.mercado\source\repos\Yakult-System-New\Yakult.Inventory.App\Pages\Set\ViewSetDetailPage.xaml.cs(506,17): error CS0103: The name 'CmbReceivedBy' does not exist in the current context [C:\Users\russel.mercado\source\repos\Yakult-System-New\Yakult.Inventory.App\Yakult.Inventory.App.csproj]
C:\Users\russel.mercado\source\repos\Yakult-System-New\Yakult.Inventory.App\Pages\Set\ViewSetDetailPage.xaml.cs(511,40): error CS0103: The name 'CmbReceivedBy' does not exist in the current context [C:\Users\russel.mercado\source\repos\Yakult-System-New\Yakult.Inventory.App\Yakult.Inventory.App.csproj]
C:\Users\russel.mercado\source\repos\Yakult-System-New\Yakult.Inventory.App\Wpf\CartridgeManagement\Views\ViewCartridgeModelsView.xaml.cs(24,13): error CS0103: The name 'InitializeComponent' does not exist in the current context [C:\Users\russel.mercado\source\repos\Yakult-System-New\Yakult.Inventory.App\Yakult.Inventory.App.csproj]
C:\Users\russel.mercado\source\repos\Yakult-System-New\Yakult.Inventory.App\Wpf\RepairPortal\NewTicketIntake\Views\NewRepairTicketDialog.xaml.cs(94,13): error CS0103: The name 'DateReceivedHost' does not exist in the current context [C:\Users\russel.mercado\source\repos\Yakult-System-New\Yakult.Inventory.App\Yakult.Inventory.App.csproj]
C:\Users\russel.mercado\source\repos\Yakult-System-New\Yakult.Inventory.App\Pages\Request\EditRequestDialog.xaml.cs(173,19): error CS0103: The name 'CmbItem' does not exist in the current context [C:\Users\russel.mercado\source\repos\Yakult-System-New\Yakult.Inventory.App\Yakult.Inventory.App.csproj]
C:\Users\russel.mercado\source\repos\Yakult-System-New\Yakult.Inventory.App\Pages\Request\EditRequestDialog.xaml.cs(175,17): error CS0103: The name 'TxtEntryType' does not exist in the current context [C:\Users\russel.mercado\source\repos\Yakult-System-New\Yakult.Inventory.App\Yakult.Inventory.App.csproj]
C:\Users\russel.mercado\source\repos\Yakult-System-New\Yakult.Inventory.App\Pages\Request\EditRequestDialog.xaml.cs(176,17): error CS0103: The name 'TxtEntryType' does not exist in the current context [C:\Users\russel.mercado\source\repos\Yakult-System-New\Yakult.Inventory.App\Yakult.Inventory.App.csproj]
C:\Users\russel.mercado\source\repos\Yakult-System-New\Yakult.Inventory.App\Pages\Request\EditRequestDialog.xaml.cs(180,31): error CS0103: The name 'TxtQuantity' does not exist in the current context [C:\Users\russel.mercado\source\repos\Yakult-System-New\Yakult.Inventory.App\Yakult.Inventory.App.csproj]
C:\Users\russel.mercado\source\repos\Yakult-System-New\Yakult.Inventory.App\Pages\Request\EditRequestDialog.xaml.cs(182,17): error CS0103: The name 'TxtEntryType' does not exist in the current context [C:\Users\russel.mercado\source\repos\Yakult-System-New\Yakult.Inventory.App\Yakult.Inventory.App.csproj]
C:\Users\russel.mercado\source\repos\Yakult-System-New\Yakult.Inventory.App\Pages\Request\EditRequestDialog.xaml.cs(183,17): error CS0103: The name 'TxtEntryType' does not exist in the current context [C:\Users\russel.mercado\source\repos\Yakult-System-New\Yakult.Inventory.App\Yakult.Inventory.App.csproj]
C:\Users\russel.mercado\source\repos\Yakult-System-New\Yakult.Inventory.App\Pages\Request\EditRequestDialog.xaml.cs(202,13): error CS0103: The name 'TxtEntryType' does not exist in the current context [C:\Users\russel.mercado\source\repos\Yakult-System-New\Yakult.Inventory.App\Yakult.Inventory.App.csproj]
C:\Users\russel.mercado\source\repos\Yakult-System-New\Yakult.Inventory.App\Pages\Request\EditRequestDialog.xaml.cs(208,17): error CS0103: The name 'TxtEntryType' does not exist in the current context [C:\Users\russel.mercado\source\repos\Yakult-System-New\Yakult.Inventory.App\Yakult.Inventory.App.csproj]
C:\Users\russel.mercado\source\repos\Yakult-System-New\Yakult.Inventory.App\Pages\Request\EditRequestDialog.xaml.cs(209,17): error CS0103: The name 'TxtEntryType' does not exist in the current context [C:\Users\russel.mercado\source\repos\Yakult-System-New\Yakult.Inventory.App\Yakult.Inventory.App.csproj]
C:\Users\russel.mercado\source\repos\Yakult-System-New\Yakult.Inventory.App\Pages\Request\EditRequestDialog.xaml.cs(214,17): error CS0103: The name 'TxtEntryType' does not exist in the current context [C:\Users\russel.mercado\source\repos\Yakult-System-New\Yakult.Inventory.App\Yakult.Inventory.App.csproj]
C:\Users\russel.mercado\source\repos\Yakult-System-New\Yakult.Inventory.App\Pages\Request\EditRequestDialog.xaml.cs(215,17): error CS0103: The name 'TxtEntryType' does not exist in the current context [C:\Users\russel.mercado\source\repos\Yakult-System-New\Yakult.Inventory.App\Yakult.Inventory.App.csproj]
C:\Users\russel.mercado\source\repos\Yakult-System-New\Yakult.Inventory.App\Pages\Request\EditRequestDialog.xaml.cs(221,17): error CS0103: The name 'CmbEmployee' does not exist in the current context [C:\Users\russel.mercado\source\repos\Yakult-System-New\Yakult.Inventory.App\Yakult.Inventory.App.csproj]
C:\Users\russel.mercado\source\repos\Yakult-System-New\Yakult.Inventory.App\Pages\Request\EditRequestDialog.xaml.cs(227,17): error CS0103: The name 'TxtEmployeeNumber' does not exist in the current context [C:\Users\russel.mercado\source\repos\Yakult-System-New\Yakult.Inventory.App\Yakult.Inventory.App.csproj]
C:\Users\russel.mercado\source\repos\Yakult-System-New\Yakult.Inventory.App\Pages\Request\EditRequestDialog.xaml.cs(228,17): error CS0103: The name 'TxtCompany' does not exist in the current context [C:\Users\russel.mercado\source\repos\Yakult-System-New\Yakult.Inventory.App\Yakult.Inventory.App.csproj]
C:\Users\russel.mercado\source\repos\Yakult-System-New\Yakult.Inventory.App\Pages\Request\EditRequestDialog.xaml.cs(229,17): error CS0103: The name 'TxtDepartment' does not exist in the current context [C:\Users\russel.mercado\source\repos\Yakult-System-New\Yakult.Inventory.App\Yakult.Inventory.App.csproj]
C:\Users\russel.mercado\source\repos\Yakult-System-New\Yakult.Inventory.App\Pages\Request\EditRequestDialog.xaml.cs(230,17): error CS0103: The name 'TxtBranch' does not exist in the current context [C:\Users\russel.mercado\source\repos\Yakult-System-New\Yakult.Inventory.App\Yakult.Inventory.App.csproj]
C:\Users\russel.mercado\source\repos\Yakult-System-New\Yakult.Inventory.App\Pages\Request\EditRequestDialog.xaml.cs(263,33): error CS0103: The name 'TxtEmployeeNumber' does not exist in the current context [C:\Users\russel.mercado\source\repos\Yakult-System-New\Yakult.Inventory.App\Yakult.Inventory.App.csproj]
C:\Users\russel.mercado\source\repos\Yakult-System-New\Yakult.Inventory.App\Pages\Request\EditRequestDialog.xaml.cs(264,33): error CS0103: The name 'TxtCompany' does not exist in the current context [C:\Users\russel.mercado\source\repos\Yakult-System-New\Yakult.Inventory.App\Yakult.Inventory.App.csproj]
C:\Users\russel.mercado\source\repos\Yakult-System-New\Yakult.Inventory.App\Pages\Request\EditRequestDialog.xaml.cs(265,33): error CS0103: The name 'TxtDepartment' does not exist in the current context [C:\Users\russel.mercado\source\repos\Yakult-System-New\Yakult.Inventory.App\Yakult.Inventory.App.csproj]
C:\Users\russel.mercado\source\repos\Yakult-System-New\Yakult.Inventory.App\Pages\Request\EditRequestDialog.xaml.cs(266,33): error CS0103: The name 'TxtBranch' does not exist in the current context [C:\Users\russel.mercado\source\repos\Yakult-System-New\Yakult.Inventory.App\Yakult.Inventory.App.csproj]
C:\Users\russel.mercado\source\repos\Yakult-System-New\Yakult.Inventory.App\Pages\Set\ViewSetDetailPage.xaml.cs(545,21): error CS0103: The name 'CmbCompanyEdit' does not exist in the current context [C:\Users\russel.mercado\source\repos\Yakult-System-New\Yakult.Inventory.App\Yakult.Inventory.App.csproj]
C:\Users\russel.mercado\source\repos\Yakult-System-New\Yakult.Inventory.App\Pages\Set\ViewSetDetailPage.xaml.cs(556,21): error CS0103: The name 'CmbDeptEdit' does not exist in the current context [C:\Users\russel.mercado\source\repos\Yakult-System-New\Yakult.Inventory.App\Yakult.Inventory.App.csproj]
C:\Users\russel.mercado\source\repos\Yakult-System-New\Yakult.Inventory.App\Pages\Set\ViewSetDetailPage.xaml.cs(567,21): error CS0103: The name 'CmbBranchEdit' does not exist in the current context [C:\Users\russel.mercado\source\repos\Yakult-System-New\Yakult.Inventory.App\Yakult.Inventory.App.csproj]
C:\Users\russel.mercado\source\repos\Yakult-System-New\Yakult.Inventory.App\Pages\Set\ViewSetDetailPage.xaml.cs(570,32): error CS0103: The name 'CmbCompanyEdit' does not exist in the current context [C:\Users\russel.mercado\source\repos\Yakult-System-New\Yakult.Inventory.App\Yakult.Inventory.App.csproj]
C:\Users\russel.mercado\source\repos\Yakult-System-New\Yakult.Inventory.App\Pages\Set\ViewSetDetailPage.xaml.cs(570,48): error CS0103: The name 'TxtCompany' does not exist in the current context [C:\Users\russel.mercado\source\repos\Yakult-System-New\Yakult.Inventory.App\Yakult.Inventory.App.csproj]
C:\Users\russel.mercado\source\repos\Yakult-System-New\Yakult.Inventory.App\Pages\Set\ViewSetDetailPage.xaml.cs(571,32): error CS0103: The name 'CmbDeptEdit' does not exist in the current context [C:\Users\russel.mercado\source\repos\Yakult-System-New\Yakult.Inventory.App\Yakult.Inventory.App.csproj]
C:\Users\russel.mercado\source\repos\Yakult-System-New\Yakult.Inventory.App\Pages\Set\ViewSetDetailPage.xaml.cs(571,48): error CS0103: The name 'TxtDepartment' does not exist in the current context [C:\Users\russel.mercado\source\repos\Yakult-System-New\Yakult.Inventory.App\Yakult.Inventory.App.csproj]
C:\Users\russel.mercado\source\repos\Yakult-System-New\Yakult.Inventory.App\Pages\Set\ViewSetDetailPage.xaml.cs(572,32): error CS0103: The name 'CmbBranchEdit' does not exist in the current context [C:\Users\russel.mercado\source\repos\Yakult-System-New\Yakult.Inventory.App\Yakult.Inventory.App.csproj]
C:\Users\russel.mercado\source\repos\Yakult-System-New\Yakult.Inventory.App\Pages\Set\ViewSetDetailPage.xaml.cs(572,48): error CS0103: The name 'TxtBranch' does not exist in the current context [C:\Users\russel.mercado\source\repos\Yakult-System-New\Yakult.Inventory.App\Yakult.Inventory.App.csproj]
C:\Users\russel.mercado\source\repos\Yakult-System-New\Yakult.Inventory.App\Wpf\CartridgeManagement\Views\AuthorizationMonitorView.xaml.cs(15,13): error CS0103: The name 'InitializeComponent' does not exist in the current context [C:\Users\russel.mercado\source\repos\Yakult-System-New\Yakult.Inventory.App\Yakult.Inventory.App.csproj]
C:\Users\russel.mercado\source\repos\Yakult-System-New\Yakult.Inventory.App\Wpf\CartridgeManagement\Views\EditCartridgeModelWindow.xaml.cs(17,13): error CS0103: The name 'InitializeComponent' does not exist in the current context [C:\Users\russel.mercado\source\repos\Yakult-System-New\Yakult.Inventory.App\Yakult.Inventory.App.csproj]
C:\Users\russel.mercado\source\repos\Yakult-System-New\Yakult.Inventory.App\Wpf\CartridgeManagement\Views\EditCartridgeModelWindow.xaml.cs(37,17): error CS0103: The name 'TxtModelNumber' does not exist in the current context [C:\Users\russel.mercado\source\repos\Yakult-System-New\Yakult.Inventory.App\Yakult.Inventory.App.csproj]
C:\Users\russel.mercado\source\repos\Yakult-System-New\Yakult.Inventory.App\Wpf\CartridgeManagement\Views\EditCartridgeModelWindow.xaml.cs(38,17): error CS0103: The name 'CboCategory' does not exist in the current context [C:\Users\russel.mercado\source\repos\Yakult-System-New\Yakult.Inventory.App\Yakult.Inventory.App.csproj]
C:\Users\russel.mercado\source\repos\Yakult-System-New\Yakult.Inventory.App\Wpf\CartridgeManagement\Views\EditCartridgeModelWindow.xaml.cs(39,17): error CS0103: The name 'ChkRequestable' does not exist in the current context [C:\Users\russel.mercado\source\repos\Yakult-System-New\Yakult.Inventory.App\Yakult.Inventory.App.csproj]
C:\Users\russel.mercado\source\repos\Yakult-System-New\Yakult.Inventory.App\Wpf\CartridgeManagement\Views\EditCartridgeModelWindow.xaml.cs(40,17): error CS0103: The name 'ChkRefillable' does not exist in the current context [C:\Users\russel.mercado\source\repos\Yakult-System-New\Yakult.Inventory.App\Yakult.Inventory.App.csproj]
C:\Users\russel.mercado\source\repos\Yakult-System-New\Yakult.Inventory.App\Wpf\CartridgeManagement\Views\EditCartridgeModelWindow.xaml.cs(41,17): error CS0103: The name 'ChkActive' does not exist in the current context [C:\Users\russel.mercado\source\repos\Yakult-System-New\Yakult.Inventory.App\Yakult.Inventory.App.csproj]
C:\Users\russel.mercado\source\repos\Yakult-System-New\Yakult.Inventory.App\Wpf\CartridgeManagement\Views\EditCartridgeModelWindow.xaml.cs(43,17): error CS0103: The name 'LoadingText' does not exist in the current context [C:\Users\russel.mercado\source\repos\Yakult-System-New\Yakult.Inventory.App\Yakult.Inventory.App.csproj]
C:\Users\russel.mercado\source\repos\Yakult-System-New\Yakult.Inventory.App\Wpf\CartridgeManagement\Views\EditCartridgeModelWindow.xaml.cs(44,17): error CS0103: The name 'FormPanel' does not exist in the current context [C:\Users\russel.mercado\source\repos\Yakult-System-New\Yakult.Inventory.App\Yakult.Inventory.App.csproj]
C:\Users\russel.mercado\source\repos\Yakult-System-New\Yakult.Inventory.App\Wpf\CartridgeManagement\Views\EditCartridgeModelWindow.xaml.cs(45,17): error CS0103: The name 'TxtModelNumber' does not exist in the current context [C:\Users\russel.mercado\source\repos\Yakult-System-New\Yakult.Inventory.App\Yakult.Inventory.App.csproj]
C:\Users\russel.mercado\source\repos\Yakult-System-New\Yakult.Inventory.App\Wpf\CartridgeManagement\Views\EditCartridgeModelWindow.xaml.cs(57,17): error CS0103: The name 'TxtCategoryWarning' does not exist in the current context [C:\Users\russel.mercado\source\repos\Yakult-System-New\Yakult.Inventory.App\Yakult.Inventory.App.csproj]
C:\Users\russel.mercado\source\repos\Yakult-System-New\Yakult.Inventory.App\Wpf\CartridgeManagement\Views\EditCartridgeModelWindow.xaml.cs(58,33): error CS0103: The name 'CboCategory' does not exist in the current context [C:\Users\russel.mercado\source\repos\Yakult-System-New\Yakult.Inventory.App\Yakult.Inventory.App.csproj]
C:\Users\russel.mercado\source\repos\Yakult-System-New\Yakult.Inventory.App\Wpf\CartridgeManagement\Views\EditCartridgeModelWindow.xaml.cs(59,13): error CS0103: The name 'TxtCategoryWarning' does not exist in the current context [C:\Users\russel.mercado\source\repos\Yakult-System-New\Yakult.Inventory.App\Yakult.Inventory.App.csproj]
C:\Users\russel.mercado\source\repos\Yakult-System-New\Yakult.Inventory.App\Wpf\CartridgeManagement\Views\EditCartridgeModelWindow.xaml.cs(60,13): error CS0103: The name 'ChkRefillable' does not exist in the current context [C:\Users\russel.mercado\source\repos\Yakult-System-New\Yakult.Inventory.App\Yakult.Inventory.App.csproj]
C:\Users\russel.mercado\source\repos\Yakult-System-New\Yakult.Inventory.App\Pages\Set\ViewSetDetailPage.xaml.cs(600,13): error CS0103: The name 'CmbEmployee' does not exist in the current context [C:\Users\russel.mercado\source\repos\Yakult-System-New\Yakult.Inventory.App\Yakult.Inventory.App.csproj]
C:\Users\russel.mercado\source\repos\Yakult-System-New\Yakult.Inventory.App\Pages\Set\ViewSetDetailPage.xaml.cs(601,13): error CS0103: The name 'LblDeptLevelTag' does not exist in the current context [C:\Users\russel.mercado\source\repos\Yakult-System-New\Yakult.Inventory.App\Yakult.Inventory.App.csproj]
C:\Users\russel.mercado\source\repos\Yakult-System-New\Yakult.Inventory.App\Pages\Set\ViewSetDetailPage.xaml.cs(602,13): error CS0103: The name 'BtnSwitchMode' does not exist in the current context [C:\Users\russel.mercado\source\repos\Yakult-System-New\Yakult.Inventory.App\Yakult.Inventory.App.csproj]
C:\Users\russel.mercado\source\repos\Yakult-System-New\Yakult.Inventory.App\Pages\Set\ViewSetDetailPage.xaml.cs(604,13): error CS0103: The name 'CmbCompanyEdit' does not exist in the current context [C:\Users\russel.mercado\source\repos\Yakult-System-New\Yakult.Inventory.App\Yakult.Inventory.App.csproj]
C:\Users\russel.mercado\source\repos\Yakult-System-New\Yakult.Inventory.App\Pages\Set\ViewSetDetailPage.xaml.cs(605,13): error CS0103: The name 'TxtCompany' does not exist in the current context [C:\Users\russel.mercado\source\repos\Yakult-System-New\Yakult.Inventory.App\Yakult.Inventory.App.csproj]
C:\Users\russel.mercado\source\repos\Yakult-System-New\Yakult.Inventory.App\Pages\Set\ViewSetDetailPage.xaml.cs(606,13): error CS0103: The name 'CmbDeptEdit' does not exist in the current context [C:\Users\russel.mercado\source\repos\Yakult-System-New\Yakult.Inventory.App\Yakult.Inventory.App.csproj]
C:\Users\russel.mercado\source\repos\Yakult-System-New\Yakult.Inventory.App\Pages\Set\ViewSetDetailPage.xaml.cs(607,13): error CS0103: The name 'TxtDepartment' does not exist in the current context [C:\Users\russel.mercado\source\repos\Yakult-System-New\Yakult.Inventory.App\Yakult.Inventory.App.csproj]
C:\Users\russel.mercado\source\repos\Yakult-System-New\Yakult.Inventory.App\Pages\Set\ViewSetDetailPage.xaml.cs(608,13): error CS0103: The name 'CmbBranchEdit' does not exist in the current context [C:\Users\russel.mercado\source\repos\Yakult-System-New\Yakult.Inventory.App\Yakult.Inventory.App.csproj]
C:\Users\russel.mercado\source\repos\Yakult-System-New\Yakult.Inventory.App\Pages\Set\ViewSetDetailPage.xaml.cs(609,13): error CS0103: The name 'TxtBranch' does not exist in the current context [C:\Users\russel.mercado\source\repos\Yakult-System-New\Yakult.Inventory.App\Yakult.Inventory.App.csproj]
C:\Users\russel.mercado\source\repos\Yakult-System-New\Yakult.Inventory.App\Pages\Set\ViewSetDetailPage.xaml.cs(611,13): error CS0103: The name 'TxtEmployeeNumber' does not exist in the current context [C:\Users\russel.mercado\source\repos\Yakult-System-New\Yakult.Inventory.App\Yakult.Inventory.App.csproj]
C:\Users\russel.mercado\source\repos\Yakult-System-New\Yakult.Inventory.App\Pages\Set\ViewSetDetailPage.xaml.cs(617,13): error CS0103: The name 'CmbEmployee' does not exist in the current context [C:\Users\russel.mercado\source\repos\Yakult-System-New\Yakult.Inventory.App\Yakult.Inventory.App.csproj]
C:\Users\russel.mercado\source\repos\Yakult-System-New\Yakult.Inventory.App\Pages\Set\ViewSetDetailPage.xaml.cs(618,13): error CS0103: The name 'LblDeptLevelTag' does not exist in the current context [C:\Users\russel.mercado\source\repos\Yakult-System-New\Yakult.Inventory.App\Yakult.Inventory.App.csproj]
C:\Users\russel.mercado\source\repos\Yakult-System-New\Yakult.Inventory.App\Pages\Set\ViewSetDetailPage.xaml.cs(619,13): error CS0103: The name 'BtnSwitchMode' does not exist in the current context [C:\Users\russel.mercado\source\repos\Yakult-System-New\Yakult.Inventory.App\Yakult.Inventory.App.csproj]
C:\Users\russel.mercado\source\repos\Yakult-System-New\Yakult.Inventory.App\Pages\Set\ViewSetDetailPage.xaml.cs(621,13): error CS0103: The name 'CmbCompanyEdit' does not exist in the current context [C:\Users\russel.mercado\source\repos\Yakult-System-New\Yakult.Inventory.App\Yakult.Inventory.App.csproj]
C:\Users\russel.mercado\source\repos\Yakult-System-New\Yakult.Inventory.App\Pages\Set\ViewSetDetailPage.xaml.cs(622,13): error CS0103: The name 'TxtCompany' does not exist in the current context [C:\Users\russel.mercado\source\repos\Yakult-System-New\Yakult.Inventory.App\Yakult.Inventory.App.csproj]
C:\Users\russel.mercado\source\repos\Yakult-System-New\Yakult.Inventory.App\Pages\Set\ViewSetDetailPage.xaml.cs(623,13): error CS0103: The name 'CmbDeptEdit' does not exist in the current context [C:\Users\russel.mercado\source\repos\Yakult-System-New\Yakult.Inventory.App\Yakult.Inventory.App.csproj]
C:\Users\russel.mercado\source\repos\Yakult-System-New\Yakult.Inventory.App\Pages\Set\ViewSetDetailPage.xaml.cs(624,13): error CS0103: The name 'TxtDepartment' does not exist in the current context [C:\Users\russel.mercado\source\repos\Yakult-System-New\Yakult.Inventory.App\Yakult.Inventory.App.csproj]
C:\Users\russel.mercado\source\repos\Yakult-System-New\Yakult.Inventory.App\Pages\Set\ViewSetDetailPage.xaml.cs(625,13): error CS0103: The name 'CmbBranchEdit' does not exist in the current context [C:\Users\russel.mercado\source\repos\Yakult-System-New\Yakult.Inventory.App\Yakult.Inventory.App.csproj]
C:\Users\russel.mercado\source\repos\Yakult-System-New\Yakult.Inventory.App\Pages\Set\ViewSetDetailPage.xaml.cs(626,13): error CS0103: The name 'TxtBranch' does not exist in the current context [C:\Users\russel.mercado\source\repos\Yakult-System-New\Yakult.Inventory.App\Yakult.Inventory.App.csproj]
C:\Users\russel.mercado\source\repos\Yakult-System-New\Yakult.Inventory.App\Wpf\CartridgeManagement\Views\EditCartridgeModelWindow.xaml.cs(65,43): error CS0103: The name 'TxtModelNumber' does not exist in the current context [C:\Users\russel.mercado\source\repos\Yakult-System-New\Yakult.Inventory.App\Yakult.Inventory.App.csproj]
C:\Users\russel.mercado\source\repos\Yakult-System-New\Yakult.Inventory.App\Wpf\CartridgeManagement\Views\EditCartridgeModelWindow.xaml.cs(69,17): error CS0103: The name 'TxtModelNumber' does not exist in the current context [C:\Users\russel.mercado\source\repos\Yakult-System-New\Yakult.Inventory.App\Yakult.Inventory.App.csproj]
C:\Users\russel.mercado\source\repos\Yakult-System-New\Yakult.Inventory.App\Wpf\CartridgeManagement\Views\EditCartridgeModelWindow.xaml.cs(73,34): error CS0103: The name 'TxtModelNumber' does not exist in the current context [C:\Users\russel.mercado\source\repos\Yakult-System-New\Yakult.Inventory.App\Yakult.Inventory.App.csproj]
C:\Users\russel.mercado\source\repos\Yakult-System-New\Yakult.Inventory.App\Wpf\CartridgeManagement\Views\EditCartridgeModelWindow.xaml.cs(74,40): error CS0103: The name 'CboCategory' does not exist in the current context [C:\Users\russel.mercado\source\repos\Yakult-System-New\Yakult.Inventory.App\Yakult.Inventory.App.csproj]
C:\Users\russel.mercado\source\repos\Yakult-System-New\Yakult.Inventory.App\Wpf\CartridgeManagement\Views\EditCartridgeModelWindow.xaml.cs(75,34): error CS0103: The name 'ChkRequestable' does not exist in the current context [C:\Users\russel.mercado\source\repos\Yakult-System-New\Yakult.Inventory.App\Yakult.Inventory.App.csproj]
C:\Users\russel.mercado\source\repos\Yakult-System-New\Yakult.Inventory.App\Wpf\CartridgeManagement\Views\EditCartridgeModelWindow.xaml.cs(76,29): error CS0103: The name 'ChkActive' does not exist in the current context [C:\Users\russel.mercado\source\repos\Yakult-System-New\Yakult.Inventory.App\Yakult.Inventory.App.csproj]
C:\Users\russel.mercado\source\repos\Yakult-System-New\Yakult.Inventory.App\Wpf\CartridgeManagement\Views\EditCartridgeModelWindow.xaml.cs(80,17): error CS0103: The name 'BtnSave' does not exist in the current context [C:\Users\russel.mercado\source\repos\Yakult-System-New\Yakult.Inventory.App\Yakult.Inventory.App.csproj]
C:\Users\russel.mercado\source\repos\Yakult-System-New\Yakult.Inventory.App\Wpf\CartridgeManagement\Views\EditCartridgeModelWindow.xaml.cs(81,17): error CS0103: The name 'BtnSave' does not exist in the current context [C:\Users\russel.mercado\source\repos\Yakult-System-New\Yakult.Inventory.App\Yakult.Inventory.App.csproj]
C:\Users\russel.mercado\source\repos\Yakult-System-New\Yakult.Inventory.App\Wpf\CartridgeManagement\Views\EditCartridgeModelWindow.xaml.cs(91,25): error CS0103: The name 'BtnSave' does not exist in the current context [C:\Users\russel.mercado\source\repos\Yakult-System-New\Yakult.Inventory.App\Yakult.Inventory.App.csproj]
C:\Users\russel.mercado\source\repos\Yakult-System-New\Yakult.Inventory.App\Wpf\CartridgeManagement\Views\EditCartridgeModelWindow.xaml.cs(92,25): error CS0103: The name 'BtnSave' does not exist in the current context [C:\Users\russel.mercado\source\repos\Yakult-System-New\Yakult.Inventory.App\Yakult.Inventory.App.csproj]
C:\Users\russel.mercado\source\repos\Yakult-System-New\Yakult.Inventory.App\Wpf\CartridgeManagement\Views\EditCartridgeModelWindow.xaml.cs(93,25): error CS0103: The name 'TxtModelNumber' does not exist in the current context [C:\Users\russel.mercado\source\repos\Yakult-System-New\Yakult.Inventory.App\Yakult.Inventory.App.csproj]
C:\Users\russel.mercado\source\repos\Yakult-System-New\Yakult.Inventory.App\Wpf\CartridgeManagement\Views\EditCartridgeModelWindow.xaml.cs(104,25): error CS0103: The name 'BtnSave' does not exist in the current context [C:\Users\russel.mercado\source\repos\Yakult-System-New\Yakult.Inventory.App\Yakult.Inventory.App.csproj]
C:\Users\russel.mercado\source\repos\Yakult-System-New\Yakult.Inventory.App\Wpf\CartridgeManagement\Views\EditCartridgeModelWindow.xaml.cs(105,25): error CS0103: The name 'BtnSave' does not exist in the current context [C:\Users\russel.mercado\source\repos\Yakult-System-New\Yakult.Inventory.App\Yakult.Inventory.App.csproj]
C:\Users\russel.mercado\source\repos\Yakult-System-New\Yakult.Inventory.App\Wpf\CartridgeManagement\Views\EditCartridgeModelWindow.xaml.cs(125,21): error CS0103: The name 'BtnSave' does not exist in the current context [C:\Users\russel.mercado\source\repos\Yakult-System-New\Yakult.Inventory.App\Yakult.Inventory.App.csproj]
C:\Users\russel.mercado\source\repos\Yakult-System-New\Yakult.Inventory.App\Wpf\CartridgeManagement\Views\EditCartridgeModelWindow.xaml.cs(126,21): error CS0103: The name 'BtnSave' does not exist in the current context [C:\Users\russel.mercado\source\repos\Yakult-System-New\Yakult.Inventory.App\Yakult.Inventory.App.csproj]
C:\Users\russel.mercado\source\repos\Yakult-System-New\Yakult.Inventory.App\Wpf\CartridgeManagement\Views\EditCartridgeModelWindow.xaml.cs(127,21): error CS0103: The name 'TxtModelNumber' does not exist in the current context [C:\Users\russel.mercado\source\repos\Yakult-System-New\Yakult.Inventory.App\Yakult.Inventory.App.csproj]
C:\Users\russel.mercado\source\repos\Yakult-System-New\Yakult.Inventory.App\Wpf\CartridgeManagement\Views\EditCartridgeModelWindow.xaml.cs(133,40): error CS0103: The name 'ChkRefillable' does not exist in the current context [C:\Users\russel.mercado\source\repos\Yakult-System-New\Yakult.Inventory.App\Yakult.Inventory.App.csproj]
C:\Users\russel.mercado\source\repos\Yakult-System-New\Yakult.Inventory.App\Wpf\CartridgeManagement\Views\EditCartridgeModelWindow.xaml.cs(144,17): error CS0103: The name 'BtnSave' does not exist in the current context [C:\Users\russel.mercado\source\repos\Yakult-System-New\Yakult.Inventory.App\Yakult.Inventory.App.csproj]
C:\Users\russel.mercado\source\repos\Yakult-System-New\Yakult.Inventory.App\Wpf\CartridgeManagement\Views\EditCartridgeModelWindow.xaml.cs(145,17): error CS0103: The name 'BtnSave' does not exist in the current context [C:\Users\russel.mercado\source\repos\Yakult-System-New\Yakult.Inventory.App\Yakult.Inventory.App.csproj]
C:\Users\russel.mercado\source\repos\Yakult-System-New\Yakult.Inventory.App\Pages\Set\ViewSetDetailPage.xaml.cs(653,35): error CS0103: The name 'CmbCompanyEdit' does not exist in the current context [C:\Users\russel.mercado\source\repos\Yakult-System-New\Yakult.Inventory.App\Yakult.Inventory.App.csproj]
C:\Users\russel.mercado\source\repos\Yakult-System-New\Yakult.Inventory.App\Pages\Set\ViewSetDetailPage.xaml.cs(661,38): error CS0103: The name 'CmbDeptEdit' does not exist in the current context [C:\Users\russel.mercado\source\repos\Yakult-System-New\Yakult.Inventory.App\Yakult.Inventory.App.csproj]
C:\Users\russel.mercado\source\repos\Yakult-System-New\Yakult.Inventory.App\Pages\Set\ViewSetDetailPage.xaml.cs(662,38): error CS0103: The name 'CmbBranchEdit' does not exist in the current context [C:\Users\russel.mercado\source\repos\Yakult-System-New\Yakult.Inventory.App\Yakult.Inventory.App.csproj]
C:\Users\russel.mercado\source\repos\Yakult-System-New\Yakult.Inventory.App\Pages\Set\ViewSetDetailPage.xaml.cs(678,21): error CS0103: The name 'BtnSaveTransfer' does not exist in the current context [C:\Users\russel.mercado\source\repos\Yakult-System-New\Yakult.Inventory.App\Yakult.Inventory.App.csproj]
C:\Users\russel.mercado\source\repos\Yakult-System-New\Yakult.Inventory.App\Pages\Set\ViewSetDetailPage.xaml.cs(679,21): error CS0103: The name 'BtnSaveTransfer' does not exist in the current context [C:\Users\russel.mercado\source\repos\Yakult-System-New\Yakult.Inventory.App\Yakult.Inventory.App.csproj]
C:\Users\russel.mercado\source\repos\Yakult-System-New\Yakult.Inventory.App\Pages\Set\ViewSetDetailPage.xaml.cs(693,44): error CS0103: The name 'CmbEmployee' does not exist in the current context [C:\Users\russel.mercado\source\repos\Yakult-System-New\Yakult.Inventory.App\Yakult.Inventory.App.csproj]
C:\Users\russel.mercado\source\repos\Yakult-System-New\Yakult.Inventory.App\Pages\Set\ViewSetDetailPage.xaml.cs(717,21): error CS0103: The name 'BtnSaveTransfer' does not exist in the current context [C:\Users\russel.mercado\source\repos\Yakult-System-New\Yakult.Inventory.App\Yakult.Inventory.App.csproj]
C:\Users\russel.mercado\source\repos\Yakult-System-New\Yakult.Inventory.App\Pages\Set\ViewSetDetailPage.xaml.cs(718,21): error CS0103: The name 'BtnSaveTransfer' does not exist in the current context [C:\Users\russel.mercado\source\repos\Yakult-System-New\Yakult.Inventory.App\Yakult.Inventory.App.csproj]
C:\Users\russel.mercado\source\repos\Yakult-System-New\Yakult.Inventory.App\Pages\Set\ViewSetDetailPage.xaml.cs(739,17): error CS0103: The name 'BtnSaveTransfer' does not exist in the current context [C:\Users\russel.mercado\source\repos\Yakult-System-New\Yakult.Inventory.App\Yakult.Inventory.App.csproj]
C:\Users\russel.mercado\source\repos\Yakult-System-New\Yakult.Inventory.App\Pages\Set\ViewSetDetailPage.xaml.cs(740,17): error CS0103: The name 'BtnSaveTransfer' does not exist in the current context [C:\Users\russel.mercado\source\repos\Yakult-System-New\Yakult.Inventory.App\Yakult.Inventory.App.csproj]
C:\Users\russel.mercado\source\repos\Yakult-System-New\Yakult.Inventory.App\Pages\Set\ViewSetDetailPage.xaml.cs(746,26): error CS0103: The name 'CmbReceivedBy' does not exist in the current context [C:\Users\russel.mercado\source\repos\Yakult-System-New\Yakult.Inventory.App\Yakult.Inventory.App.csproj]
C:\Users\russel.mercado\source\repos\Yakult-System-New\Yakult.Inventory.App\Pages\Set\ViewSetDetailPage.xaml.cs(776,17): error CS0103: The name 'BtnSaveHardwareInfo' does not exist in the current context [C:\Users\russel.mercado\source\repos\Yakult-System-New\Yakult.Inventory.App\Yakult.Inventory.App.csproj]
C:\Users\russel.mercado\source\repos\Yakult-System-New\Yakult.Inventory.App\Pages\Set\ViewSetDetailPage.xaml.cs(779,62): error CS0103: The name 'TxtComputerName' does not exist in the current context [C:\Users\russel.mercado\source\repos\Yakult-System-New\Yakult.Inventory.App\Yakult.Inventory.App.csproj]
C:\Users\russel.mercado\source\repos\Yakult-System-New\Yakult.Inventory.App\Pages\Set\ViewSetDetailPage.xaml.cs(780,62): error CS0103: The name 'TxtIPAddress' does not exist in the current context [C:\Users\russel.mercado\source\repos\Yakult-System-New\Yakult.Inventory.App\Yakult.Inventory.App.csproj]
C:\Users\russel.mercado\source\repos\Yakult-System-New\Yakult.Inventory.App\Pages\Set\ViewSetDetailPage.xaml.cs(796,17): error CS0103: The name 'BtnSaveHardwareInfo' does not exist in the current context [C:\Users\russel.mercado\source\repos\Yakult-System-New\Yakult.Inventory.App\Yakult.Inventory.App.csproj]
C:\Users\russel.mercado\source\repos\Yakult-System-New\Yakult.Inventory.App\Pages\Set\ViewSetDetailPage.xaml.cs(806,18): error CS0103: The name 'DtpCreatedAt' does not exist in the current context [C:\Users\russel.mercado\source\repos\Yakult-System-New\Yakult.Inventory.App\Yakult.Inventory.App.csproj]
C:\Users\russel.mercado\source\repos\Yakult-System-New\Yakult.Inventory.App\Pages\Set\ViewSetDetailPage.xaml.cs(815,17): error CS0103: The name 'BtnSaveCreatedAt' does not exist in the current context [C:\Users\russel.mercado\source\repos\Yakult-System-New\Yakult.Inventory.App\Yakult.Inventory.App.csproj]
C:\Users\russel.mercado\source\repos\Yakult-System-New\Yakult.Inventory.App\Pages\Set\ViewSetDetailPage.xaml.cs(818,67): error CS0103: The name 'DtpCreatedAt' does not exist in the current context [C:\Users\russel.mercado\source\repos\Yakult-System-New\Yakult.Inventory.App\Yakult.Inventory.App.csproj]
C:\Users\russel.mercado\source\repos\Yakult-System-New\Yakult.Inventory.App\Pages\Set\ViewSetDetailPage.xaml.cs(831,17): error CS0103: The name 'BtnSaveCreatedAt' does not exist in the current context [C:\Users\russel.mercado\source\repos\Yakult-System-New\Yakult.Inventory.App\Yakult.Inventory.App.csproj]
C:\Users\russel.mercado\source\repos\Yakult-System-New\Yakult.Inventory.App\Pages\Request\EditRequestDialog.xaml.cs(286,13): error CS0103: The name 'TxtQuantity' does not exist in the current context [C:\Users\russel.mercado\source\repos\Yakult-System-New\Yakult.Inventory.App\Yakult.Inventory.App.csproj]
C:\Users\russel.mercado\source\repos\Yakult-System-New\Yakult.Inventory.App\Pages\Request\EditRequestDialog.xaml.cs(287,13): error CS0103: The name 'TxtUnitPrice' does not exist in the current context [C:\Users\russel.mercado\source\repos\Yakult-System-New\Yakult.Inventory.App\Yakult.Inventory.App.csproj]
C:\Users\russel.mercado\source\repos\Yakult-System-New\Yakult.Inventory.App\Pages\Request\EditRequestDialog.xaml.cs(288,13): error CS0103: The name 'DtDateRequested' does not exist in the current context [C:\Users\russel.mercado\source\repos\Yakult-System-New\Yakult.Inventory.App\Yakult.Inventory.App.csproj]
C:\Users\russel.mercado\source\repos\Yakult-System-New\Yakult.Inventory.App\Pages\Request\EditRequestDialog.xaml.cs(289,13): error CS0103: The name 'TxtDescription' does not exist in the current context [C:\Users\russel.mercado\source\repos\Yakult-System-New\Yakult.Inventory.App\Yakult.Inventory.App.csproj]
C:\Users\russel.mercado\source\repos\Yakult-System-New\Yakult.Inventory.App\Pages\Request\EditRequestDialog.xaml.cs(290,13): error CS0103: The name 'TxtRemarks' does not exist in the current context [C:\Users\russel.mercado\source\repos\Yakult-System-New\Yakult.Inventory.App\Yakult.Inventory.App.csproj]
C:\Users\russel.mercado\source\repos\Yakult-System-New\Yakult.Inventory.App\Pages\Request\EditRequestDialog.xaml.cs(291,13): error CS0103: The name 'TxtEntryType' does not exist in the current context [C:\Users\russel.mercado\source\repos\Yakult-System-New\Yakult.Inventory.App\Yakult.Inventory.App.csproj]
C:\Users\russel.mercado\source\repos\Yakult-System-New\Yakult.Inventory.App\Pages\Request\EditRequestDialog.xaml.cs(294,13): error CS0103: The name 'TxtEntryType' does not exist in the current context [C:\Users\russel.mercado\source\repos\Yakult-System-New\Yakult.Inventory.App\Yakult.Inventory.App.csproj]
C:\Users\russel.mercado\source\repos\Yakult-System-New\Yakult.Inventory.App\Pages\Request\EditRequestDialog.xaml.cs(295,13): error CS0103: The name 'TxtEntryType' does not exist in the current context [C:\Users\russel.mercado\source\repos\Yakult-System-New\Yakult.Inventory.App\Yakult.Inventory.App.csproj]
C:\Users\russel.mercado\source\repos\Yakult-System-New\Yakult.Inventory.App\Pages\Request\EditRequestDialog.xaml.cs(299,37): error CS0103: The name 'CmbStatus' does not exist in the current context [C:\Users\russel.mercado\source\repos\Yakult-System-New\Yakult.Inventory.App\Yakult.Inventory.App.csproj]
C:\Users\russel.mercado\source\repos\Yakult-System-New\Yakult.Inventory.App\Pages\Request\EditRequestDialog.xaml.cs(301,39): error CS0103: The name 'CmbStatus' does not exist in the current context [C:\Users\russel.mercado\source\repos\Yakult-System-New\Yakult.Inventory.App\Yakult.Inventory.App.csproj]
C:\Users\russel.mercado\source\repos\Yakult-System-New\Yakult.Inventory.App\Pages\Request\EditRequestDialog.xaml.cs(303,25): error CS0103: The name 'CmbStatus' does not exist in the current context [C:\Users\russel.mercado\source\repos\Yakult-System-New\Yakult.Inventory.App\Yakult.Inventory.App.csproj]
C:\Users\russel.mercado\source\repos\Yakult-System-New\Yakult.Inventory.App\Pages\Request\EditRequestDialog.xaml.cs(309,33): error CS0103: The name 'CmbEmployee' does not exist in the current context [C:\Users\russel.mercado\source\repos\Yakult-System-New\Yakult.Inventory.App\Yakult.Inventory.App.csproj]
C:\Users\russel.mercado\source\repos\Yakult-System-New\Yakult.Inventory.App\Pages\Request\EditRequestDialog.xaml.cs(311,21): error CS0103: The name 'CmbEmployee' does not exist in the current context [C:\Users\russel.mercado\source\repos\Yakult-System-New\Yakult.Inventory.App\Yakult.Inventory.App.csproj]
C:\Users\russel.mercado\source\repos\Yakult-System-New\Yakult.Inventory.App\Pages\Request\EditRequestDialog.xaml.cs(313,21): error CS0103: The name 'CmbEmployee' does not exist in the current context [C:\Users\russel.mercado\source\repos\Yakult-System-New\Yakult.Inventory.App\Yakult.Inventory.App.csproj]
C:\Users\russel.mercado\source\repos\Yakult-System-New\Yakult.Inventory.App\Pages\Request\EditRequestDialog.xaml.cs(326,25): error CS0103: The name 'CmbItemCategory' does not exist in the current context [C:\Users\russel.mercado\source\repos\Yakult-System-New\Yakult.Inventory.App\Yakult.Inventory.App.csproj]
C:\Users\russel.mercado\source\repos\Yakult-System-New\Yakult.Inventory.App\Pages\Request\EditRequestDialog.xaml.cs(333,33): error CS0103: The name 'CmbItem' does not exist in the current context [C:\Users\russel.mercado\source\repos\Yakult-System-New\Yakult.Inventory.App\Yakult.Inventory.App.csproj]
C:\Users\russel.mercado\source\repos\Yakult-System-New\Yakult.Inventory.App\Pages\Request\EditRequestDialog.xaml.cs(335,21): error CS0103: The name 'CmbItem' does not exist in the current context [C:\Users\russel.mercado\source\repos\Yakult-System-New\Yakult.Inventory.App\Yakult.Inventory.App.csproj]
C:\Users\russel.mercado\source\repos\Yakult-System-New\Yakult.Inventory.App\Pages\Request\EditRequestDialog.xaml.cs(337,21): error CS0103: The name 'CmbItem' does not exist in the current context [C:\Users\russel.mercado\source\repos\Yakult-System-New\Yakult.Inventory.App\Yakult.Inventory.App.csproj]
C:\Users\russel.mercado\source\repos\Yakult-System-New\Yakult.Inventory.App\Pages\Set\ViewSetDetailPage.xaml.cs(840,17): error CS0103: The name 'BtnSaveRemarks' does not exist in the current context [C:\Users\russel.mercado\source\repos\Yakult-System-New\Yakult.Inventory.App\Yakult.Inventory.App.csproj]
C:\Users\russel.mercado\source\repos\Yakult-System-New\Yakult.Inventory.App\Pages\Set\ViewSetDetailPage.xaml.cs(843,65): error CS0103: The name 'TxtRemarks' does not exist in the current context [C:\Users\russel.mercado\source\repos\Yakult-System-New\Yakult.Inventory.App\Yakult.Inventory.App.csproj]
C:\Users\russel.mercado\source\repos\Yakult-System-New\Yakult.Inventory.App\Pages\Set\ViewSetDetailPage.xaml.cs(856,17): error CS0103: The name 'BtnSaveRemarks' does not exist in the current context [C:\Users\russel.mercado\source\repos\Yakult-System-New\Yakult.Inventory.App\Yakult.Inventory.App.csproj]
C:\Users\russel.mercado\source\repos\Yakult-System-New\Yakult.Inventory.App\Wpf\RequestPortal\NotificationBellControl.xaml.cs(28,18): error CS1061: 'NotificationBellControl' does not contain a definition for 'BadgeBorder' and no accessible extension method 'BadgeBorder' accepting a first argument of type 'NotificationBellControl' could be found (are you missing a using directive or an assembly reference?) [C:\Users\russel.mercado\source\repos\Yakult-System-New\Yakult.Inventory.App\Yakult.Inventory.App.csproj]
C:\Users\russel.mercado\source\repos\Yakult-System-New\Yakult.Inventory.App\Wpf\RequestPortal\NotificationBellControl.xaml.cs(29,18): error CS1061: 'NotificationBellControl' does not contain a definition for 'BadgeText' and no accessible extension method 'BadgeText' accepting a first argument of type 'NotificationBellControl' could be found (are you missing a using directive or an assembly reference?) [C:\Users\russel.mercado\source\repos\Yakult-System-New\Yakult.Inventory.App\Yakult.Inventory.App.csproj]
C:\Users\russel.mercado\source\repos\Yakult-System-New\Yakult.Inventory.App\Pages\Set\ViewSetDetailPage.xaml.cs(872,103): error CS0103: The name 'TxtSetCode' does not exist in the current context [C:\Users\russel.mercado\source\repos\Yakult-System-New\Yakult.Inventory.App\Yakult.Inventory.App.csproj]
C:\Users\russel.mercado\source\repos\Yakult-System-New\Yakult.Inventory.App\Wpf\RequestPortal\NotificationBellControl.xaml.cs(49,18): error CS1061: 'NotificationBellControl' does not contain a definition for 'SilentLine' and no accessible extension method 'SilentLine' accepting a first argument of type 'NotificationBellControl' could be found (are you missing a using directive or an assembly reference?) [C:\Users\russel.mercado\source\repos\Yakult-System-New\Yakult.Inventory.App\Yakult.Inventory.App.csproj]
C:\Users\russel.mercado\source\repos\Yakult-System-New\Yakult.Inventory.App\Wpf\RequestPortal\NotificationBellControl.xaml.cs(57,13): error CS0103: The name 'InitializeComponent' does not exist in the current context [C:\Users\russel.mercado\source\repos\Yakult-System-New\Yakult.Inventory.App\Yakult.Inventory.App.csproj]
C:\Users\russel.mercado\source\repos\Yakult-System-New\Yakult.Inventory.App\Pages\Request\EditRequestDialog.xaml.cs(352,13): error CS0103: The name 'LblReqIdValue' does not exist in the current context [C:\Users\russel.mercado\source\repos\Yakult-System-New\Yakult.Inventory.App\Yakult.Inventory.App.csproj]
C:\Users\russel.mercado\source\repos\Yakult-System-New\Yakult.Inventory.App\Pages\Request\EditRequestDialog.xaml.cs(356,13): error CS0103: The name 'LblModelSerialValue' does not exist in the current context [C:\Users\russel.mercado\source\repos\Yakult-System-New\Yakult.Inventory.App\Yakult.Inventory.App.csproj]
C:\Users\russel.mercado\source\repos\Yakult-System-New\Yakult.Inventory.App\Pages\Request\EditRequestDialog.xaml.cs(358,13): error CS0103: The name 'LblConditionValue' does not exist in the current context [C:\Users\russel.mercado\source\repos\Yakult-System-New\Yakult.Inventory.App\Yakult.Inventory.App.csproj]
C:\Users\russel.mercado\source\repos\Yakult-System-New\Yakult.Inventory.App\Pages\Request\EditRequestDialog.xaml.cs(360,13): error CS0103: The name 'LblSetValue' does not exist in the current context [C:\Users\russel.mercado\source\repos\Yakult-System-New\Yakult.Inventory.App\Yakult.Inventory.App.csproj]
C:\Users\russel.mercado\source\repos\Yakult-System-New\Yakult.Inventory.App\Pages\Request\EditRequestDialog.xaml.cs(364,13): error CS0103: The name 'LblSourceValue' does not exist in the current context [C:\Users\russel.mercado\source\repos\Yakult-System-New\Yakult.Inventory.App\Yakult.Inventory.App.csproj]
C:\Users\russel.mercado\source\repos\Yakult-System-New\Yakult.Inventory.App\Pages\Request\EditRequestDialog.xaml.cs(366,13): error CS0103: The name 'LblReceivedByValue' does not exist in the current context [C:\Users\russel.mercado\source\repos\Yakult-System-New\Yakult.Inventory.App\Yakult.Inventory.App.csproj]
C:\Users\russel.mercado\source\repos\Yakult-System-New\Yakult.Inventory.App\Pages\Request\EditRequestDialog.xaml.cs(368,13): error CS0103: The name 'LblCreatedValue' does not exist in the current context [C:\Users\russel.mercado\source\repos\Yakult-System-New\Yakult.Inventory.App\Yakult.Inventory.App.csproj]
C:\Users\russel.mercado\source\repos\Yakult-System-New\Yakult.Inventory.App\Pages\Request\EditRequestDialog.xaml.cs(370,13): error CS0103: The name 'LblSubmissionValue' does not exist in the current context [C:\Users\russel.mercado\source\repos\Yakult-System-New\Yakult.Inventory.App\Yakult.Inventory.App.csproj]
C:\Users\russel.mercado\source\repos\Yakult-System-New\Yakult.Inventory.App\Pages\Set\ViewSetDetailPage.xaml.cs(887,17): error CS0103: The name 'BtnGenerateQR' does not exist in the current context [C:\Users\russel.mercado\source\repos\Yakult-System-New\Yakult.Inventory.App\Yakult.Inventory.App.csproj]
C:\Users\russel.mercado\source\repos\Yakult-System-New\Yakult.Inventory.App\Pages\Set\ViewSetDetailPage.xaml.cs(888,17): error CS0103: The name 'BtnGenerateQR' does not exist in the current context [C:\Users\russel.mercado\source\repos\Yakult-System-New\Yakult.Inventory.App\Yakult.Inventory.App.csproj]
C:\Users\russel.mercado\source\repos\Yakult-System-New\Yakult.Inventory.App\Pages\Set\ViewSetDetailPage.xaml.cs(944,17): error CS0103: The name 'BtnGenerateQR' does not exist in the current context [C:\Users\russel.mercado\source\repos\Yakult-System-New\Yakult.Inventory.App\Yakult.Inventory.App.csproj]
C:\Users\russel.mercado\source\repos\Yakult-System-New\Yakult.Inventory.App\Pages\Set\ViewSetDetailPage.xaml.cs(945,17): error CS0103: The name 'BtnGenerateQR' does not exist in the current context [C:\Users\russel.mercado\source\repos\Yakult-System-New\Yakult.Inventory.App\Yakult.Inventory.App.csproj]
C:\Users\russel.mercado\source\repos\Yakult-System-New\Yakult.Inventory.App\Wpf\RequestPortal\RequestHistory\Views\RequestHistoryView.xaml.cs(19,13): error CS0103: The name 'InitializeComponent' does not exist in the current context [C:\Users\russel.mercado\source\repos\Yakult-System-New\Yakult.Inventory.App\Yakult.Inventory.App.csproj]
C:\Users\russel.mercado\source\repos\Yakult-System-New\Yakult.Inventory.App\Pages\Vendor\EditVendorDialog.xaml.cs(221,13): error CS0103: The name 'TxtVendorId' does not exist in the current context [C:\Users\russel.mercado\source\repos\Yakult-System-New\Yakult.Inventory.App\Yakult.Inventory.App.csproj]
C:\Users\russel.mercado\source\repos\Yakult-System-New\Yakult.Inventory.App\Pages\Vendor\EditVendorDialog.xaml.cs(222,13): error CS0103: The name 'TxtVendorName' does not exist in the current context [C:\Users\russel.mercado\source\repos\Yakult-System-New\Yakult.Inventory.App\Yakult.Inventory.App.csproj]
C:\Users\russel.mercado\source\repos\Yakult-System-New\Yakult.Inventory.App\Pages\Vendor\EditVendorDialog.xaml.cs(223,13): error CS0103: The name 'TxtAddress' does not exist in the current context [C:\Users\russel.mercado\source\repos\Yakult-System-New\Yakult.Inventory.App\Yakult.Inventory.App.csproj]
C:\Users\russel.mercado\source\repos\Yakult-System-New\Yakult.Inventory.App\Pages\Vendor\EditVendorDialog.xaml.cs(224,13): error CS0103: The name 'TxtTIN' does not exist in the current context [C:\Users\russel.mercado\source\repos\Yakult-System-New\Yakult.Inventory.App\Yakult.Inventory.App.csproj]
C:\Users\russel.mercado\source\repos\Yakult-System-New\Yakult.Inventory.App\Pages\Vendor\EditVendorDialog.xaml.cs(225,13): error CS0103: The name 'ChkActive' does not exist in the current context [C:\Users\russel.mercado\source\repos\Yakult-System-New\Yakult.Inventory.App\Yakult.Inventory.App.csproj]
C:\Users\russel.mercado\source\repos\Yakult-System-New\Yakult.Inventory.App\Pages\Vendor\EditVendorDialog.xaml.cs(226,13): error CS0103: The name 'ChkIsArchived' does not exist in the current context [C:\Users\russel.mercado\source\repos\Yakult-System-New\Yakult.Inventory.App\Yakult.Inventory.App.csproj]
C:\Users\russel.mercado\source\repos\Yakult-System-New\Yakult.Inventory.App\Pages\Vendor\EditVendorDialog.xaml.cs(227,13): error CS0103: The name 'ChkIsRefiller' does not exist in the current context [C:\Users\russel.mercado\source\repos\Yakult-System-New\Yakult.Inventory.App\Yakult.Inventory.App.csproj]
C:\Users\russel.mercado\source\repos\Yakult-System-New\Yakult.Inventory.App\Pages\Vendor\EditVendorDialog.xaml.cs(228,13): error CS0103: The name 'ChkIsDisposer' does not exist in the current context [C:\Users\russel.mercado\source\repos\Yakult-System-New\Yakult.Inventory.App\Yakult.Inventory.App.csproj]
C:\Users\russel.mercado\source\repos\Yakult-System-New\Yakult.Inventory.App\Pages\Vendor\EditVendorDialog.xaml.cs(229,13): error CS0103: The name 'ChkIsBuyer' does not exist in the current context [C:\Users\russel.mercado\source\repos\Yakult-System-New\Yakult.Inventory.App\Yakult.Inventory.App.csproj]
C:\Users\russel.mercado\source\repos\Yakult-System-New\Yakult.Inventory.App\Pages\Vendor\EditVendorDialog.xaml.cs(230,13): error CS0103: The name 'TxtCreatedDate' does not exist in the current context [C:\Users\russel.mercado\source\repos\Yakult-System-New\Yakult.Inventory.App\Yakult.Inventory.App.csproj]
C:\Users\russel.mercado\source\repos\Yakult-System-New\Yakult.Inventory.App\Wpf\RequestPortal\RequestHistory\Views\RequestHistoryView.xaml.cs(35,67): error CS0103: The name 'HistoryHeaderBar' does not exist in the current context [C:\Users\russel.mercado\source\repos\Yakult-System-New\Yakult.Inventory.App\Yakult.Inventory.App.csproj]
C:\Users\russel.mercado\source\repos\Yakult-System-New\Yakult.Inventory.App\Wpf\RequestPortal\RequestHistory\Views\RequestHistoryView.xaml.cs(36,67): error CS0103: The name 'HistoryGrid' does not exist in the current context [C:\Users\russel.mercado\source\repos\Yakult-System-New\Yakult.Inventory.App\Yakult.Inventory.App.csproj]
C:\Users\russel.mercado\source\repos\Yakult-System-New\Yakult.Inventory.App\Pages\Request\EditRequestDialog.xaml.cs(377,13): error CS0103: The name 'CmbEmployee' does not exist in the current context [C:\Users\russel.mercado\source\repos\Yakult-System-New\Yakult.Inventory.App\Yakult.Inventory.App.csproj]
C:\Users\russel.mercado\source\repos\Yakult-System-New\Yakult.Inventory.App\Pages\Request\EditRequestDialog.xaml.cs(394,29): error CS0103: The name 'CmbEmployee' does not exist in the current context [C:\Users\russel.mercado\source\repos\Yakult-System-New\Yakult.Inventory.App\Yakult.Inventory.App.csproj]
C:\Users\russel.mercado\source\repos\Yakult-System-New\Yakult.Inventory.App\Pages\Set\ViewSetDetailPage.xaml.cs(954,17): error CS0103: The name 'BtnGeneratePDF' does not exist in the current context [C:\Users\russel.mercado\source\repos\Yakult-System-New\Yakult.Inventory.App\Yakult.Inventory.App.csproj]
C:\Users\russel.mercado\source\repos\Yakult-System-New\Yakult.Inventory.App\Pages\Set\ViewSetDetailPage.xaml.cs(955,17): error CS0103: The name 'BtnGeneratePDF' does not exist in the current context [C:\Users\russel.mercado\source\repos\Yakult-System-New\Yakult.Inventory.App\Yakult.Inventory.App.csproj]
C:\Users\russel.mercado\source\repos\Yakult-System-New\Yakult.Inventory.App\Pages\Set\ViewSetDetailPage.xaml.cs(1013,17): error CS0103: The name 'BtnGeneratePDF' does not exist in the current context [C:\Users\russel.mercado\source\repos\Yakult-System-New\Yakult.Inventory.App\Yakult.Inventory.App.csproj]
C:\Users\russel.mercado\source\repos\Yakult-System-New\Yakult.Inventory.App\Pages\Set\ViewSetDetailPage.xaml.cs(1014,17): error CS0103: The name 'BtnGeneratePDF' does not exist in the current context [C:\Users\russel.mercado\source\repos\Yakult-System-New\Yakult.Inventory.App\Yakult.Inventory.App.csproj]
C:\Users\russel.mercado\source\repos\Yakult-System-New\Yakult.Inventory.App\Pages\Request\EditRequestDialog.xaml.cs(414,13): error CS0103: The name 'CmbItemCategory' does not exist in the current context [C:\Users\russel.mercado\source\repos\Yakult-System-New\Yakult.Inventory.App\Yakult.Inventory.App.csproj]
C:\Users\russel.mercado\source\repos\Yakult-System-New\Yakult.Inventory.App\Pages\Request\EditRequestDialog.xaml.cs(437,29): error CS0103: The name 'CmbItemCategory' does not exist in the current context [C:\Users\russel.mercado\source\repos\Yakult-System-New\Yakult.Inventory.App\Yakult.Inventory.App.csproj]
C:\Users\russel.mercado\source\repos\Yakult-System-New\Yakult.Inventory.App\Pages\Set\ViewSetDetailPage.xaml.cs(1041,60): error CS0103: The name 'TxtSetCode' does not exist in the current context [C:\Users\russel.mercado\source\repos\Yakult-System-New\Yakult.Inventory.App\Yakult.Inventory.App.csproj]
C:\Users\russel.mercado\source\repos\Yakult-System-New\Yakult.Inventory.App\Pages\Set\ViewSetDetailPage.xaml.cs(1042,44): error CS0103: The name 'TxtSetCode' does not exist in the current context [C:\Users\russel.mercado\source\repos\Yakult-System-New\Yakult.Inventory.App\Yakult.Inventory.App.csproj]
C:\Users\russel.mercado\source\repos\Yakult-System-New\Yakult.Inventory.App\Pages\Vendor\EditVendorDialog.xaml.cs(236,17): error CS0103: The name 'ChkIsArchived' does not exist in the current context [C:\Users\russel.mercado\source\repos\Yakult-System-New\Yakult.Inventory.App\Yakult.Inventory.App.csproj]
C:\Users\russel.mercado\source\repos\Yakult-System-New\Yakult.Inventory.App\Pages\Vendor\EditVendorDialog.xaml.cs(238,17): error CS0103: The name 'ChkActive' does not exist in the current context [C:\Users\russel.mercado\source\repos\Yakult-System-New\Yakult.Inventory.App\Yakult.Inventory.App.csproj]
C:\Users\russel.mercado\source\repos\Yakult-System-New\Yakult.Inventory.App\Wpf\Asset\Views\AssetPageView.xaml.cs(18,13): error CS0103: The name 'InitializeComponent' does not exist in the current context [C:\Users\russel.mercado\source\repos\Yakult-System-New\Yakult.Inventory.App\Yakult.Inventory.App.csproj]
C:\Users\russel.mercado\source\repos\Yakult-System-New\Yakult.Inventory.App\Pages\Request\EditRequestDialog.xaml.cs(500,55): error CS0103: The name 'CmbItem' does not exist in the current context [C:\Users\russel.mercado\source\repos\Yakult-System-New\Yakult.Inventory.App\Yakult.Inventory.App.csproj]
C:\Users\russel.mercado\source\repos\Yakult-System-New\Yakult.Inventory.App\Pages\Request\EditRequestDialog.xaml.cs(502,13): error CS0103: The name 'CmbItem' does not exist in the current context [C:\Users\russel.mercado\source\repos\Yakult-System-New\Yakult.Inventory.App\Yakult.Inventory.App.csproj]
C:\Users\russel.mercado\source\repos\Yakult-System-New\Yakult.Inventory.App\Pages\Request\EditRequestDialog.xaml.cs(504,28): error CS0103: The name 'CmbItemCategory' does not exist in the current context [C:\Users\russel.mercado\source\repos\Yakult-System-New\Yakult.Inventory.App\Yakult.Inventory.App.csproj]
C:\Users\russel.mercado\source\repos\Yakult-System-New\Yakult.Inventory.App\Pages\Request\EditRequestDialog.xaml.cs(510,17): error CS0103: The name 'CmbItem' does not exist in the current context [C:\Users\russel.mercado\source\repos\Yakult-System-New\Yakult.Inventory.App\Yakult.Inventory.App.csproj]
C:\Users\russel.mercado\source\repos\Yakult-System-New\Yakult.Inventory.App\Pages\Request\EditRequestDialog.xaml.cs(514,37): error CS0103: The name 'CmbItem' does not exist in the current context [C:\Users\russel.mercado\source\repos\Yakult-System-New\Yakult.Inventory.App\Yakult.Inventory.App.csproj]
C:\Users\russel.mercado\source\repos\Yakult-System-New\Yakult.Inventory.App\Pages\Request\EditRequestDialog.xaml.cs(516,25): error CS0103: The name 'CmbItem' does not exist in the current context [C:\Users\russel.mercado\source\repos\Yakult-System-New\Yakult.Inventory.App\Yakult.Inventory.App.csproj]
C:\Users\russel.mercado\source\repos\Yakult-System-New\Yakult.Inventory.App\Pages\Request\EditRequestDialog.xaml.cs(518,25): error CS0103: The name 'CmbItem' does not exist in the current context [C:\Users\russel.mercado\source\repos\Yakult-System-New\Yakult.Inventory.App\Yakult.Inventory.App.csproj]
C:\Users\russel.mercado\source\repos\Yakult-System-New\Yakult.Inventory.App\Pages\Request\EditRequestDialog.xaml.cs(524,13): error CS0103: The name 'CmbItem' does not exist in the current context [C:\Users\russel.mercado\source\repos\Yakult-System-New\Yakult.Inventory.App\Yakult.Inventory.App.csproj]
C:\Users\russel.mercado\source\repos\Yakult-System-New\Yakult.Inventory.App\Pages\Request\EditRequestDialog.xaml.cs(525,13): error CS0103: The name 'CmbItem' does not exist in the current context [C:\Users\russel.mercado\source\repos\Yakult-System-New\Yakult.Inventory.App\Yakult.Inventory.App.csproj]
C:\Users\russel.mercado\source\repos\Yakult-System-New\Yakult.Inventory.App\Wpf\RequestPortal\RequestHistory\Views\RequestHistoryView.xaml.cs(37,68): error CS0103: The name 'HistoryColumnHeaderZone' does not exist in the current context [C:\Users\russel.mercado\source\repos\Yakult-System-New\Yakult.Inventory.App\Yakult.Inventory.App.csproj]
C:\Users\russel.mercado\source\repos\Yakult-System-New\Yakult.Inventory.App\Wpf\RequestPortal\RequestHistory\Views\RequestHistoryView.xaml.cs(38,67): error CS0103: The name 'HistoryDemoRowsZone' does not exist in the current context [C:\Users\russel.mercado\source\repos\Yakult-System-New\Yakult.Inventory.App\Yakult.Inventory.App.csproj]
C:\Users\russel.mercado\source\repos\Yakult-System-New\Yakult.Inventory.App\Wpf\RequestPortal\RequestHistory\Views\RequestHistoryView.xaml.cs(39,67): error CS0103: The name 'HistoryStatusZone' does not exist in the current context [C:\Users\russel.mercado\source\repos\Yakult-System-New\Yakult.Inventory.App\Yakult.Inventory.App.csproj]
C:\Users\russel.mercado\source\repos\Yakult-System-New\Yakult.Inventory.App\Wpf\RequestPortal\RequestHistory\Views\RequestHistoryView.xaml.cs(40,67): error CS0103: The name 'PaginationBar' does not exist in the current context [C:\Users\russel.mercado\source\repos\Yakult-System-New\Yakult.Inventory.App\Yakult.Inventory.App.csproj]
C:\Users\russel.mercado\source\repos\Yakult-System-New\Yakult.Inventory.App\Wpf\Asset\Views\AssetPageView.xaml.cs(58,13): error CS0103: The name 'AssetsGrid' does not exist in the current context [C:\Users\russel.mercado\source\repos\Yakult-System-New\Yakult.Inventory.App\Yakult.Inventory.App.csproj]
C:\Users\russel.mercado\source\repos\Yakult-System-New\Yakult.Inventory.App\Pages\Set\ViewSetDetailPage.xaml.cs(1079,39): error CS0103: The name 'TxtSubtotal' does not exist in the current context [C:\Users\russel.mercado\source\repos\Yakult-System-New\Yakult.Inventory.App\Yakult.Inventory.App.csproj]
C:\Users\russel.mercado\source\repos\Yakult-System-New\Yakult.Inventory.App\Pages\Set\ViewSetDetailPage.xaml.cs(1085,39): error CS0103: The name 'TxtVatPercent' does not exist in the current context [C:\Users\russel.mercado\source\repos\Yakult-System-New\Yakult.Inventory.App\Yakult.Inventory.App.csproj]
C:\Users\russel.mercado\source\repos\Yakult-System-New\Yakult.Inventory.App\Pages\Set\ViewSetDetailPage.xaml.cs(1091,39): error CS0103: The name 'TxtDiscountPercent' does not exist in the current context [C:\Users\russel.mercado\source\repos\Yakult-System-New\Yakult.Inventory.App\Yakult.Inventory.App.csproj]
C:\Users\russel.mercado\source\repos\Yakult-System-New\Yakult.Inventory.App\Pages\Set\ViewSetDetailPage.xaml.cs(1092,39): error CS0103: The name 'TxtWhtPercent' does not exist in the current context [C:\Users\russel.mercado\source\repos\Yakult-System-New\Yakult.Inventory.App\Yakult.Inventory.App.csproj]
C:\Users\russel.mercado\source\repos\Yakult-System-New\Yakult.Inventory.App\Pages\Set\ViewSetDetailPage.xaml.cs(1112,17): error CS0103: The name 'TxtVatAmount' does not exist in the current context [C:\Users\russel.mercado\source\repos\Yakult-System-New\Yakult.Inventory.App\Yakult.Inventory.App.csproj]
C:\Users\russel.mercado\source\repos\Yakult-System-New\Yakult.Inventory.App\Pages\Set\ViewSetDetailPage.xaml.cs(1113,17): error CS0103: The name 'TxtDiscountAmount' does not exist in the current context [C:\Users\russel.mercado\source\repos\Yakult-System-New\Yakult.Inventory.App\Yakult.Inventory.App.csproj]
C:\Users\russel.mercado\source\repos\Yakult-System-New\Yakult.Inventory.App\Pages\Set\ViewSetDetailPage.xaml.cs(1114,17): error CS0103: The name 'TxtWhtAmount' does not exist in the current context [C:\Users\russel.mercado\source\repos\Yakult-System-New\Yakult.Inventory.App\Yakult.Inventory.App.csproj]
C:\Users\russel.mercado\source\repos\Yakult-System-New\Yakult.Inventory.App\Pages\Set\ViewSetDetailPage.xaml.cs(1115,17): error CS0103: The name 'TxtTotalAmountDue' does not exist in the current context [C:\Users\russel.mercado\source\repos\Yakult-System-New\Yakult.Inventory.App\Yakult.Inventory.App.csproj]
C:\Users\russel.mercado\source\repos\Yakult-System-New\Yakult.Inventory.App\Pages\Set\ViewSetDetailPage.xaml.cs(1118,17): error CS0103: The name 'BtnCalculate' does not exist in the current context [C:\Users\russel.mercado\source\repos\Yakult-System-New\Yakult.Inventory.App\Yakult.Inventory.App.csproj]
C:\Users\russel.mercado\source\repos\Yakult-System-New\Yakult.Inventory.App\Pages\Set\ViewSetDetailPage.xaml.cs(1119,17): error CS0103: The name 'BtnCalculate' does not exist in the current context [C:\Users\russel.mercado\source\repos\Yakult-System-New\Yakult.Inventory.App\Yakult.Inventory.App.csproj]
C:\Users\russel.mercado\source\repos\Yakult-System-New\Yakult.Inventory.App\Pages\Set\ViewSetDetailPage.xaml.cs(1150,17): error CS0103: The name 'BtnCalculate' does not exist in the current context [C:\Users\russel.mercado\source\repos\Yakult-System-New\Yakult.Inventory.App\Yakult.Inventory.App.csproj]
C:\Users\russel.mercado\source\repos\Yakult-System-New\Yakult.Inventory.App\Pages\Set\ViewSetDetailPage.xaml.cs(1151,17): error CS0103: The name 'BtnCalculate' does not exist in the current context [C:\Users\russel.mercado\source\repos\Yakult-System-New\Yakult.Inventory.App\Yakult.Inventory.App.csproj]
C:\Users\russel.mercado\source\repos\Yakult-System-New\Yakult.Inventory.App\Pages\Request\EditRequestDialog.xaml.cs(564,21): error CS0103: The name 'BtnDelete' does not exist in the current context [C:\Users\russel.mercado\source\repos\Yakult-System-New\Yakult.Inventory.App\Yakult.Inventory.App.csproj]
C:\Users\russel.mercado\source\repos\Yakult-System-New\Yakult.Inventory.App\Pages\Request\EditRequestDialog.xaml.cs(565,21): error CS0103: The name 'BtnDelete' does not exist in the current context [C:\Users\russel.mercado\source\repos\Yakult-System-New\Yakult.Inventory.App\Yakult.Inventory.App.csproj]
C:\Users\russel.mercado\source\repos\Yakult-System-New\Yakult.Inventory.App\Pages\Request\EditRequestDialog.xaml.cs(587,21): error CS0103: The name 'BtnDelete' does not exist in the current context [C:\Users\russel.mercado\source\repos\Yakult-System-New\Yakult.Inventory.App\Yakult.Inventory.App.csproj]
C:\Users\russel.mercado\source\repos\Yakult-System-New\Yakult.Inventory.App\Pages\Request\EditRequestDialog.xaml.cs(588,21): error CS0103: The name 'BtnDelete' does not exist in the current context [C:\Users\russel.mercado\source\repos\Yakult-System-New\Yakult.Inventory.App\Yakult.Inventory.App.csproj]
C:\Users\russel.mercado\source\repos\Yakult-System-New\Yakult.Inventory.App\Pages\Vendor\EditVendorDialog.xaml.cs(250,47): error CS0103: The name 'TxtVendorName' does not exist in the current context [C:\Users\russel.mercado\source\repos\Yakult-System-New\Yakult.Inventory.App\Yakult.Inventory.App.csproj]
C:\Users\russel.mercado\source\repos\Yakult-System-New\Yakult.Inventory.App\Pages\Vendor\EditVendorDialog.xaml.cs(254,21): error CS0103: The name 'TxtVendorName' does not exist in the current context [C:\Users\russel.mercado\source\repos\Yakult-System-New\Yakult.Inventory.App\Yakult.Inventory.App.csproj]
C:\Users\russel.mercado\source\repos\Yakult-System-New\Yakult.Inventory.App\Pages\Vendor\EditVendorDialog.xaml.cs(259,17): error CS0103: The name 'BtnSave' does not exist in the current context [C:\Users\russel.mercado\source\repos\Yakult-System-New\Yakult.Inventory.App\Yakult.Inventory.App.csproj]
C:\Users\russel.mercado\source\repos\Yakult-System-New\Yakult.Inventory.App\Pages\Vendor\EditVendorDialog.xaml.cs(260,17): error CS0103: The name 'BtnCancel' does not exist in the current context [C:\Users\russel.mercado\source\repos\Yakult-System-New\Yakult.Inventory.App\Yakult.Inventory.App.csproj]
C:\Users\russel.mercado\source\repos\Yakult-System-New\Yakult.Inventory.App\Pages\Vendor\EditVendorDialog.xaml.cs(261,17): error CS0103: The name 'BtnSave' does not exist in the current context [C:\Users\russel.mercado\source\repos\Yakult-System-New\Yakult.Inventory.App\Yakult.Inventory.App.csproj]
C:\Users\russel.mercado\source\repos\Yakult-System-New\Yakult.Inventory.App\Pages\Vendor\EditVendorDialog.xaml.cs(265,46): error CS0103: The name 'ChkIsArchived' does not exist in the current context [C:\Users\russel.mercado\source\repos\Yakult-System-New\Yakult.Inventory.App\Yakult.Inventory.App.csproj]
C:\Users\russel.mercado\source\repos\Yakult-System-New\Yakult.Inventory.App\Pages\Vendor\EditVendorDialog.xaml.cs(277,37): error CS0103: The name 'ChkIsArchived' does not exist in the current context [C:\Users\russel.mercado\source\repos\Yakult-System-New\Yakult.Inventory.App\Yakult.Inventory.App.csproj]
C:\Users\russel.mercado\source\repos\Yakult-System-New\Yakult.Inventory.App\Pages\Vendor\EditVendorDialog.xaml.cs(320,34): error CS0103: The name 'TxtVendorName' does not exist in the current context [C:\Users\russel.mercado\source\repos\Yakult-System-New\Yakult.Inventory.App\Yakult.Inventory.App.csproj]
C:\Users\russel.mercado\source\repos\Yakult-System-New\Yakult.Inventory.App\Pages\Vendor\EditVendorDialog.xaml.cs(321,57): error CS0103: The name 'TxtAddress' does not exist in the current context [C:\Users\russel.mercado\source\repos\Yakult-System-New\Yakult.Inventory.App\Yakult.Inventory.App.csproj]
C:\Users\russel.mercado\source\repos\Yakult-System-New\Yakult.Inventory.App\Pages\Vendor\EditVendorDialog.xaml.cs(321,83): error CS0103: The name 'TxtAddress' does not exist in the current context [C:\Users\russel.mercado\source\repos\Yakult-System-New\Yakult.Inventory.App\Yakult.Inventory.App.csproj]
C:\Users\russel.mercado\source\repos\Yakult-System-New\Yakult.Inventory.App\Pages\Vendor\EditVendorDialog.xaml.cs(322,53): error CS0103: The name 'TxtTIN' does not exist in the current context [C:\Users\russel.mercado\source\repos\Yakult-System-New\Yakult.Inventory.App\Yakult.Inventory.App.csproj]
C:\Users\russel.mercado\source\repos\Yakult-System-New\Yakult.Inventory.App\Pages\Vendor\EditVendorDialog.xaml.cs(322,75): error CS0103: The name 'TxtTIN' does not exist in the current context [C:\Users\russel.mercado\source\repos\Yakult-System-New\Yakult.Inventory.App\Yakult.Inventory.App.csproj]
C:\Users\russel.mercado\source\repos\Yakult-System-New\Yakult.Inventory.App\Pages\Vendor\EditVendorDialog.xaml.cs(323,34): error CS0103: The name 'ChkActive' does not exist in the current context [C:\Users\russel.mercado\source\repos\Yakult-System-New\Yakult.Inventory.App\Yakult.Inventory.App.csproj]
C:\Users\russel.mercado\source\repos\Yakult-System-New\Yakult.Inventory.App\Pages\Vendor\EditVendorDialog.xaml.cs(324,34): error CS0103: The name 'ChkIsArchived' does not exist in the current context [C:\Users\russel.mercado\source\repos\Yakult-System-New\Yakult.Inventory.App\Yakult.Inventory.App.csproj]
C:\Users\russel.mercado\source\repos\Yakult-System-New\Yakult.Inventory.App\Pages\Vendor\EditVendorDialog.xaml.cs(325,34): error CS0103: The name 'ChkIsRefiller' does not exist in the current context [C:\Users\russel.mercado\source\repos\Yakult-System-New\Yakult.Inventory.App\Yakult.Inventory.App.csproj]
C:\Users\russel.mercado\source\repos\Yakult-System-New\Yakult.Inventory.App\Pages\Vendor\EditVendorDialog.xaml.cs(326,34): error CS0103: The name 'ChkIsDisposer' does not exist in the current context [C:\Users\russel.mercado\source\repos\Yakult-System-New\Yakult.Inventory.App\Yakult.Inventory.App.csproj]
C:\Users\russel.mercado\source\repos\Yakult-System-New\Yakult.Inventory.App\Pages\Vendor\EditVendorDialog.xaml.cs(327,34): error CS0103: The name 'ChkIsBuyer' does not exist in the current context [C:\Users\russel.mercado\source\repos\Yakult-System-New\Yakult.Inventory.App\Yakult.Inventory.App.csproj]
C:\Users\russel.mercado\source\repos\Yakult-System-New\Yakult.Inventory.App\Pages\Vendor\EditVendorDialog.xaml.cs(337,69): error CS0103: The name 'ChkIsArchived' does not exist in the current context [C:\Users\russel.mercado\source\repos\Yakult-System-New\Yakult.Inventory.App\Yakult.Inventory.App.csproj]
C:\Users\russel.mercado\source\repos\Yakult-System-New\Yakult.Inventory.App\Pages\Vendor\EditVendorDialog.xaml.cs(351,21): error CS0103: The name 'BtnSave' does not exist in the current context [C:\Users\russel.mercado\source\repos\Yakult-System-New\Yakult.Inventory.App\Yakult.Inventory.App.csproj]
C:\Users\russel.mercado\source\repos\Yakult-System-New\Yakult.Inventory.App\Pages\Vendor\EditVendorDialog.xaml.cs(352,21): error CS0103: The name 'BtnCancel' does not exist in the current context [C:\Users\russel.mercado\source\repos\Yakult-System-New\Yakult.Inventory.App\Yakult.Inventory.App.csproj]
C:\Users\russel.mercado\source\repos\Yakult-System-New\Yakult.Inventory.App\Pages\Vendor\EditVendorDialog.xaml.cs(353,21): error CS0103: The name 'BtnSave' does not exist in the current context [C:\Users\russel.mercado\source\repos\Yakult-System-New\Yakult.Inventory.App\Yakult.Inventory.App.csproj]
C:\Users\russel.mercado\source\repos\Yakult-System-New\Yakult.Inventory.App\Pages\Vendor\EditVendorDialog.xaml.cs(359,17): error CS0103: The name 'BtnSave' does not exist in the current context [C:\Users\russel.mercado\source\repos\Yakult-System-New\Yakult.Inventory.App\Yakult.Inventory.App.csproj]
C:\Users\russel.mercado\source\repos\Yakult-System-New\Yakult.Inventory.App\Pages\Vendor\EditVendorDialog.xaml.cs(360,17): error CS0103: The name 'BtnCancel' does not exist in the current context [C:\Users\russel.mercado\source\repos\Yakult-System-New\Yakult.Inventory.App\Yakult.Inventory.App.csproj]
C:\Users\russel.mercado\source\repos\Yakult-System-New\Yakult.Inventory.App\Pages\Vendor\EditVendorDialog.xaml.cs(361,17): error CS0103: The name 'BtnSave' does not exist in the current context [C:\Users\russel.mercado\source\repos\Yakult-System-New\Yakult.Inventory.App\Yakult.Inventory.App.csproj]
C:\Users\russel.mercado\source\repos\Yakult-System-New\Yakult.Inventory.App\Wpf\Asset\Views\AssetPageView.xaml.cs(85,13): error CS0103: The name 'AssetsGrid' does not exist in the current context [C:\Users\russel.mercado\source\repos\Yakult-System-New\Yakult.Inventory.App\Yakult.Inventory.App.csproj]
C:\Users\russel.mercado\source\repos\Yakult-System-New\Yakult.Inventory.App\Pages\Set\ViewSetDetailPage.xaml.cs(1176,28): error CS0103: The name 'DgvRequests' does not exist in the current context [C:\Users\russel.mercado\source\repos\Yakult-System-New\Yakult.Inventory.App\Yakult.Inventory.App.csproj]
C:\Users\russel.mercado\source\repos\Yakult-System-New\Yakult.Inventory.App\Wpf\Asset\Views\AssetPageView.xaml.cs(96,55): error CS0103: The name 'AssetsGrid' does not exist in the current context [C:\Users\russel.mercado\source\repos\Yakult-System-New\Yakult.Inventory.App\Yakult.Inventory.App.csproj]
C:\Users\russel.mercado\source\repos\Yakult-System-New\Yakult.Inventory.App\Wpf\Asset\Views\AssetPageView.xaml.cs(97,73): error CS0103: The name 'AssetsGrid' does not exist in the current context [C:\Users\russel.mercado\source\repos\Yakult-System-New\Yakult.Inventory.App\Yakult.Inventory.App.csproj]
C:\Users\russel.mercado\source\repos\Yakult-System-New\Yakult.Inventory.App\Wpf\Asset\Views\AssetPageView.xaml.cs(116,33): error CS0103: The name 'AssetsGrid' does not exist in the current context [C:\Users\russel.mercado\source\repos\Yakult-System-New\Yakult.Inventory.App\Yakult.Inventory.App.csproj]
C:\Users\russel.mercado\source\repos\Yakult-System-New\Yakult.Inventory.App\Pages\Set\ViewSetDetailPage.xaml.cs(1237,17): error CS0103: The name 'BtnDeploy' does not exist in the current context [C:\Users\russel.mercado\source\repos\Yakult-System-New\Yakult.Inventory.App\Yakult.Inventory.App.csproj]
C:\Users\russel.mercado\source\repos\Yakult-System-New\Yakult.Inventory.App\Pages\Set\ViewSetDetailPage.xaml.cs(1238,17): error CS0103: The name 'BtnDeploy' does not exist in the current context [C:\Users\russel.mercado\source\repos\Yakult-System-New\Yakult.Inventory.App\Yakult.Inventory.App.csproj]
C:\Users\russel.mercado\source\repos\Yakult-System-New\Yakult.Inventory.App\Pages\Set\ViewSetDetailPage.xaml.cs(1247,17): error CS0103: The name 'BtnDeploy' does not exist in the current context [C:\Users\russel.mercado\source\repos\Yakult-System-New\Yakult.Inventory.App\Yakult.Inventory.App.csproj]
C:\Users\russel.mercado\source\repos\Yakult-System-New\Yakult.Inventory.App\Pages\Set\ViewSetDetailPage.xaml.cs(1248,17): error CS0103: The name 'BtnDeploy' does not exist in the current context [C:\Users\russel.mercado\source\repos\Yakult-System-New\Yakult.Inventory.App\Yakult.Inventory.App.csproj]
C:\Users\russel.mercado\source\repos\Yakult-System-New\Yakult.Inventory.App\Pages\Set\ViewSetDetailPage.xaml.cs(1255,17): error CS0103: The name 'BtnDeploy' does not exist in the current context [C:\Users\russel.mercado\source\repos\Yakult-System-New\Yakult.Inventory.App\Yakult.Inventory.App.csproj]
C:\Users\russel.mercado\source\repos\Yakult-System-New\Yakult.Inventory.App\Pages\Set\ViewSetDetailPage.xaml.cs(1256,17): error CS0103: The name 'BtnDeploy' does not exist in the current context [C:\Users\russel.mercado\source\repos\Yakult-System-New\Yakult.Inventory.App\Yakult.Inventory.App.csproj]
C:\Users\russel.mercado\source\repos\Yakult-System-New\Yakult.Inventory.App\Wpf\RepairPortal\TimeInOut\Views\TimeInGateOverlay.xaml.cs(16,13): error CS0103: The name 'InitializeComponent' does not exist in the current context [C:\Users\russel.mercado\source\repos\Yakult-System-New\Yakult.Inventory.App\Yakult.Inventory.App.csproj]
C:\Users\russel.mercado\source\repos\Yakult-System-New\Yakult.Inventory.App\Pages\Set\ViewSetDetailPage.xaml.cs(1324,17): error CS0103: The name 'BtnDeploy' does not exist in the current context [C:\Users\russel.mercado\source\repos\Yakult-System-New\Yakult.Inventory.App\Yakult.Inventory.App.csproj]
C:\Users\russel.mercado\source\repos\Yakult-System-New\Yakult.Inventory.App\Pages\Set\ViewSetDetailPage.xaml.cs(1325,17): error CS0103: The name 'BtnDeploy' does not exist in the current context [C:\Users\russel.mercado\source\repos\Yakult-System-New\Yakult.Inventory.App\Yakult.Inventory.App.csproj]
C:\Users\russel.mercado\source\repos\Yakult-System-New\Yakult.Inventory.App\Pages\Set\ViewSetDetailPage.xaml.cs(1329,17): error CS0103: The name 'BtnDeploy' does not exist in the current context [C:\Users\russel.mercado\source\repos\Yakult-System-New\Yakult.Inventory.App\Yakult.Inventory.App.csproj]
C:\Users\russel.mercado\source\repos\Yakult-System-New\Yakult.Inventory.App\Pages\Set\ViewSetDetailPage.xaml.cs(1330,17): error CS0103: The name 'BtnDeploy' does not exist in the current context [C:\Users\russel.mercado\source\repos\Yakult-System-New\Yakult.Inventory.App\Yakult.Inventory.App.csproj]
C:\Users\russel.mercado\source\repos\Yakult-System-New\Yakult.Inventory.App\Wpf\RepairPortal\Reports\Views\RepairReportAttachmentPickerDialog.xaml.cs(43,13): error CS0103: The name 'InitializeComponent' does not exist in the current context [C:\Users\russel.mercado\source\repos\Yakult-System-New\Yakult.Inventory.App\Yakult.Inventory.App.csproj]
C:\Users\russel.mercado\source\repos\Yakult-System-New\Yakult.Inventory.App\Wpf\RepairPortal\Reports\Views\RepairReportAttachmentPickerDialog.xaml.cs(46,13): error CS0103: The name 'AttachmentsGrid' does not exist in the current context [C:\Users\russel.mercado\source\repos\Yakult-System-New\Yakult.Inventory.App\Yakult.Inventory.App.csproj]
C:\Users\russel.mercado\source\repos\Yakult-System-New\Yakult.Inventory.App\Wpf\RepairPortal\Reports\Views\RepairReportAttachmentPickerDialog.xaml.cs(52,13): error CS0103: The name 'TicketColumn' does not exist in the current context [C:\Users\russel.mercado\source\repos\Yakult-System-New\Yakult.Inventory.App\Yakult.Inventory.App.csproj]
C:\Users\russel.mercado\source\repos\Yakult-System-New\Yakult.Inventory.App\Wpf\RepairPortal\Reports\Views\RepairReportAttachmentPickerDialog.xaml.cs(89,13): error CS0103: The name 'TxtCount' does not exist in the current context [C:\Users\russel.mercado\source\repos\Yakult-System-New\Yakult.Inventory.App\Yakult.Inventory.App.csproj]
C:\Users\russel.mercado\source\repos\Yakult-System-New\Yakult.Inventory.App\Wpf\RepairPortal\Reports\Views\RepairSignatoryPickerWindow.xaml.cs(57,13): error CS0103: The name 'InitializeComponent' does not exist in the current context [C:\Users\russel.mercado\source\repos\Yakult-System-New\Yakult.Inventory.App\Yakult.Inventory.App.csproj]
C:\Users\russel.mercado\source\repos\Yakult-System-New\Yakult.Inventory.App\Pages\Request\BatchAddRequestDialog.xaml.cs(401,13): error CS0103: The name 'CmbCompany' does not exist in the current context [C:\Users\russel.mercado\source\repos\Yakult-System-New\Yakult.Inventory.App\Yakult.Inventory.App.csproj]
C:\Users\russel.mercado\source\repos\Yakult-System-New\Yakult.Inventory.App\Pages\Request\BatchAddRequestDialog.xaml.cs(402,13): error CS0103: The name 'CmbCompany' does not exist in the current context [C:\Users\russel.mercado\source\repos\Yakult-System-New\Yakult.Inventory.App\Yakult.Inventory.App.csproj]
C:\Users\russel.mercado\source\repos\Yakult-System-New\Yakult.Inventory.App\Pages\Request\BatchAddRequestDialog.xaml.cs(403,13): error CS0103: The name 'CmbCompany' does not exist in the current context [C:\Users\russel.mercado\source\repos\Yakult-System-New\Yakult.Inventory.App\Yakult.Inventory.App.csproj]
C:\Users\russel.mercado\source\repos\Yakult-System-New\Yakult.Inventory.App\Pages\Request\BatchAddRequestDialog.xaml.cs(405,13): error CS0103: The name 'CmbDepartment' does not exist in the current context [C:\Users\russel.mercado\source\repos\Yakult-System-New\Yakult.Inventory.App\Yakult.Inventory.App.csproj]
C:\Users\russel.mercado\source\repos\Yakult-System-New\Yakult.Inventory.App\Pages\Request\BatchAddRequestDialog.xaml.cs(406,13): error CS0103: The name 'CmbDepartment' does not exist in the current context [C:\Users\russel.mercado\source\repos\Yakult-System-New\Yakult.Inventory.App\Yakult.Inventory.App.csproj]
C:\Users\russel.mercado\source\repos\Yakult-System-New\Yakult.Inventory.App\Pages\Request\BatchAddRequestDialog.xaml.cs(407,13): error CS0103: The name 'CmbDepartment' does not exist in the current context [C:\Users\russel.mercado\source\repos\Yakult-System-New\Yakult.Inventory.App\Yakult.Inventory.App.csproj]
C:\Users\russel.mercado\source\repos\Yakult-System-New\Yakult.Inventory.App\Pages\Request\BatchAddRequestDialog.xaml.cs(409,13): error CS0103: The name 'CmbBranch' does not exist in the current context [C:\Users\russel.mercado\source\repos\Yakult-System-New\Yakult.Inventory.App\Yakult.Inventory.App.csproj]
C:\Users\russel.mercado\source\repos\Yakult-System-New\Yakult.Inventory.App\Pages\Request\BatchAddRequestDialog.xaml.cs(410,13): error CS0103: The name 'CmbBranch' does not exist in the current context [C:\Users\russel.mercado\source\repos\Yakult-System-New\Yakult.Inventory.App\Yakult.Inventory.App.csproj]
C:\Users\russel.mercado\source\repos\Yakult-System-New\Yakult.Inventory.App\Pages\Request\BatchAddRequestDialog.xaml.cs(411,13): error CS0103: The name 'CmbBranch' does not exist in the current context [C:\Users\russel.mercado\source\repos\Yakult-System-New\Yakult.Inventory.App\Yakult.Inventory.App.csproj]
C:\Users\russel.mercado\source\repos\Yakult-System-New\Yakult.Inventory.App\Pages\Request\EditRequestDialog.xaml.cs(604,23): error CS0103: The name 'CmbCompanyEdit' does not exist in the current context [C:\Users\russel.mercado\source\repos\Yakult-System-New\Yakult.Inventory.App\Yakult.Inventory.App.csproj]
C:\Users\russel.mercado\source\repos\Yakult-System-New\Yakult.Inventory.App\Pages\Request\EditRequestDialog.xaml.cs(611,21): error CS0103: The name 'CmbDeptEdit' does not exist in the current context [C:\Users\russel.mercado\source\repos\Yakult-System-New\Yakult.Inventory.App\Yakult.Inventory.App.csproj]
C:\Users\russel.mercado\source\repos\Yakult-System-New\Yakult.Inventory.App\Pages\Request\EditRequestDialog.xaml.cs(613,21): error CS0103: The name 'CmbBranchEdit' does not exist in the current context [C:\Users\russel.mercado\source\repos\Yakult-System-New\Yakult.Inventory.App\Yakult.Inventory.App.csproj]
C:\Users\russel.mercado\source\repos\Yakult-System-New\Yakult.Inventory.App\Pages\Request\EditRequestDialog.xaml.cs(618,27): error CS0103: The name 'CmbEmployee' does not exist in the current context [C:\Users\russel.mercado\source\repos\Yakult-System-New\Yakult.Inventory.App\Yakult.Inventory.App.csproj]
C:\Users\russel.mercado\source\repos\Yakult-System-New\Yakult.Inventory.App\Pages\Request\EditRequestDialog.xaml.cs(627,19): error CS0103: The name 'CmbItem' does not exist in the current context [C:\Users\russel.mercado\source\repos\Yakult-System-New\Yakult.Inventory.App\Yakult.Inventory.App.csproj]
C:\Users\russel.mercado\source\repos\Yakult-System-New\Yakult.Inventory.App\Pages\Request\EditRequestDialog.xaml.cs(633,31): error CS0103: The name 'TxtQuantity' does not exist in the current context [C:\Users\russel.mercado\source\repos\Yakult-System-New\Yakult.Inventory.App\Yakult.Inventory.App.csproj]
C:\Users\russel.mercado\source\repos\Yakult-System-New\Yakult.Inventory.App\Pages\Request\EditRequestDialog.xaml.cs(645,17): error CS0103: The name 'CmbStatus' does not exist in the current context [C:\Users\russel.mercado\source\repos\Yakult-System-New\Yakult.Inventory.App\Yakult.Inventory.App.csproj]
C:\Users\russel.mercado\source\repos\Yakult-System-New\Yakult.Inventory.App\Pages\Request\EditRequestDialog.xaml.cs(654,34): error CS0103: The name 'CmbItem' does not exist in the current context [C:\Users\russel.mercado\source\repos\Yakult-System-New\Yakult.Inventory.App\Yakult.Inventory.App.csproj]
C:\Users\russel.mercado\source\repos\Yakult-System-New\Yakult.Inventory.App\Pages\Request\EditRequestDialog.xaml.cs(655,39): error CS0103: The name 'TxtQuantity' does not exist in the current context [C:\Users\russel.mercado\source\repos\Yakult-System-New\Yakult.Inventory.App\Yakult.Inventory.App.csproj]
C:\Users\russel.mercado\source\repos\Yakult-System-New\Yakult.Inventory.App\Pages\Request\EditRequestDialog.xaml.cs(656,37): error CS0103: The name 'CmbStatus' does not exist in the current context [C:\Users\russel.mercado\source\repos\Yakult-System-New\Yakult.Inventory.App\Yakult.Inventory.App.csproj]
C:\Users\russel.mercado\source\repos\Yakult-System-New\Yakult.Inventory.App\Pages\Request\EditRequestDialog.xaml.cs(691,35): error CS0103: The name 'TxtUnitPrice' does not exist in the current context [C:\Users\russel.mercado\source\repos\Yakult-System-New\Yakult.Inventory.App\Yakult.Inventory.App.csproj]
C:\Users\russel.mercado\source\repos\Yakult-System-New\Yakult.Inventory.App\Pages\Request\EditRequestDialog.xaml.cs(704,41): error CS0103: The name 'CmbCompanyEdit' does not exist in the current context [C:\Users\russel.mercado\source\repos\Yakult-System-New\Yakult.Inventory.App\Yakult.Inventory.App.csproj]
C:\Users\russel.mercado\source\repos\Yakult-System-New\Yakult.Inventory.App\Pages\Request\EditRequestDialog.xaml.cs(705,66): error CS0103: The name 'CmbDeptEdit' does not exist in the current context [C:\Users\russel.mercado\source\repos\Yakult-System-New\Yakult.Inventory.App\Yakult.Inventory.App.csproj]
C:\Users\russel.mercado\source\repos\Yakult-System-New\Yakult.Inventory.App\Pages\Request\EditRequestDialog.xaml.cs(706,64): error CS0103: The name 'CmbBranchEdit' does not exist in the current context [C:\Users\russel.mercado\source\repos\Yakult-System-New\Yakult.Inventory.App\Yakult.Inventory.App.csproj]
C:\Users\russel.mercado\source\repos\Yakult-System-New\Yakult.Inventory.App\Pages\Request\EditRequestDialog.xaml.cs(728,38): error CS0103: The name 'DtDateRequested' does not exist in the current context [C:\Users\russel.mercado\source\repos\Yakult-System-New\Yakult.Inventory.App\Yakult.Inventory.App.csproj]
C:\Users\russel.mercado\source\repos\Yakult-System-New\Yakult.Inventory.App\Pages\Request\EditRequestDialog.xaml.cs(729,36): error CS0103: The name 'TxtDescription' does not exist in the current context [C:\Users\russel.mercado\source\repos\Yakult-System-New\Yakult.Inventory.App\Yakult.Inventory.App.csproj]
C:\Users\russel.mercado\source\repos\Yakult-System-New\Yakult.Inventory.App\Pages\Request\EditRequestDialog.xaml.cs(730,32): error CS0103: The name 'TxtRemarks' does not exist in the current context [C:\Users\russel.mercado\source\repos\Yakult-System-New\Yakult.Inventory.App\Yakult.Inventory.App.csproj]
C:\Users\russel.mercado\source\repos\Yakult-System-New\Yakult.Inventory.App\Pages\Request\BatchAddRequestDialog.xaml.cs(466,13): error CS0103: The name 'BtnRemoveRow' does not exist in the current context [C:\Users\russel.mercado\source\repos\Yakult-System-New\Yakult.Inventory.App\Yakult.Inventory.App.csproj]
C:\Users\russel.mercado\source\repos\Yakult-System-New\Yakult.Inventory.App\Pages\Request\BatchAddRequestDialog.xaml.cs(483,39): error CS0103: The name 'PopupEmployee' does not exist in the current context [C:\Users\russel.mercado\source\repos\Yakult-System-New\Yakult.Inventory.App\Yakult.Inventory.App.csproj]
C:\Users\russel.mercado\source\repos\Yakult-System-New\Yakult.Inventory.App\Pages\Request\BatchAddRequestDialog.xaml.cs(485,13): error CS0103: The name 'LstEmployeeSearch' does not exist in the current context [C:\Users\russel.mercado\source\repos\Yakult-System-New\Yakult.Inventory.App\Yakult.Inventory.App.csproj]
C:\Users\russel.mercado\source\repos\Yakult-System-New\Yakult.Inventory.App\Pages\Request\BatchAddRequestDialog.xaml.cs(487,17): error CS0103: The name 'LstEmployeeSearch' does not exist in the current context [C:\Users\russel.mercado\source\repos\Yakult-System-New\Yakult.Inventory.App\Yakult.Inventory.App.csproj]
C:\Users\russel.mercado\source\repos\Yakult-System-New\Yakult.Inventory.App\Pages\Request\BatchAddRequestDialog.xaml.cs(489,13): error CS0103: The name 'PopupEmployee' does not exist in the current context [C:\Users\russel.mercado\source\repos\Yakult-System-New\Yakult.Inventory.App\Yakult.Inventory.App.csproj]
C:\Users\russel.mercado\source\repos\Yakult-System-New\Yakult.Inventory.App\Pages\Request\BatchAddRequestDialog.xaml.cs(489,37): error CS0103: The name 'TxtEmployee' does not exist in the current context [C:\Users\russel.mercado\source\repos\Yakult-System-New\Yakult.Inventory.App\Yakult.Inventory.App.csproj]
C:\Users\russel.mercado\source\repos\Yakult-System-New\Yakult.Inventory.App\Pages\Request\BatchAddRequestDialog.xaml.cs(490,13): error CS0103: The name 'PopupEmployee' does not exist in the current context [C:\Users\russel.mercado\source\repos\Yakult-System-New\Yakult.Inventory.App\Yakult.Inventory.App.csproj]
C:\Users\russel.mercado\source\repos\Yakult-System-New\Yakult.Inventory.App\Pages\Request\BatchAddRequestDialog.xaml.cs(492,17): error CS0103: The name 'LstEmployeeSearch' does not exist in the current context [C:\Users\russel.mercado\source\repos\Yakult-System-New\Yakult.Inventory.App\Yakult.Inventory.App.csproj]
C:\Users\russel.mercado\source\repos\Yakult-System-New\Yakult.Inventory.App\Pages\Request\BatchAddRequestDialog.xaml.cs(493,17): error CS0103: The name 'LstEmployeeSearch' does not exist in the current context [C:\Users\russel.mercado\source\repos\Yakult-System-New\Yakult.Inventory.App\Yakult.Inventory.App.csproj]
C:\Users\russel.mercado\source\repos\Yakult-System-New\Yakult.Inventory.App\Wpf\Vendor\Views\VendorPageView.xaml.cs(18,13): error CS0103: The name 'InitializeComponent' does not exist in the current context [C:\Users\russel.mercado\source\repos\Yakult-System-New\Yakult.Inventory.App\Yakult.Inventory.App.csproj]
C:\Users\russel.mercado\source\repos\Yakult-System-New\Yakult.Inventory.App\Pages\Request\BatchAddRequestDialog.xaml.cs(501,31): error CS0103: The name 'TxtEmployee' does not exist in the current context [C:\Users\russel.mercado\source\repos\Yakult-System-New\Yakult.Inventory.App\Yakult.Inventory.App.csproj]
C:\Users\russel.mercado\source\repos\Yakult-System-New\Yakult.Inventory.App\Pages\Request\BatchAddRequestDialog.xaml.cs(506,13): error CS0103: The name 'BtnClearEmployee' does not exist in the current context [C:\Users\russel.mercado\source\repos\Yakult-System-New\Yakult.Inventory.App\Yakult.Inventory.App.csproj]
C:\Users\russel.mercado\source\repos\Yakult-System-New\Yakult.Inventory.App\Pages\Request\BatchAddRequestDialog.xaml.cs(506,64): error CS0103: The name 'TxtEmployee' does not exist in the current context [C:\Users\russel.mercado\source\repos\Yakult-System-New\Yakult.Inventory.App\Yakult.Inventory.App.csproj]
C:\Users\russel.mercado\source\repos\Yakult-System-New\Yakult.Inventory.App\Pages\Request\BatchAddRequestDialog.xaml.cs(514,13): error CS0103: The name 'TxtEmployee' does not exist in the current context [C:\Users\russel.mercado\source\repos\Yakult-System-New\Yakult.Inventory.App\Yakult.Inventory.App.csproj]
C:\Users\russel.mercado\source\repos\Yakult-System-New\Yakult.Inventory.App\Pages\Request\BatchAddRequestDialog.xaml.cs(518,13): error CS0103: The name 'PopupEmployee' does not exist in the current context [C:\Users\russel.mercado\source\repos\Yakult-System-New\Yakult.Inventory.App\Yakult.Inventory.App.csproj]
C:\Users\russel.mercado\source\repos\Yakult-System-New\Yakult.Inventory.App\Pages\Request\BatchAddRequestDialog.xaml.cs(519,13): error CS0103: The name 'TxtEmployee' does not exist in the current context [C:\Users\russel.mercado\source\repos\Yakult-System-New\Yakult.Inventory.App\Yakult.Inventory.App.csproj]
C:\Users\russel.mercado\source\repos\Yakult-System-New\Yakult.Inventory.App\Pages\Request\BatchAddRequestDialog.xaml.cs(521,13): error CS0103: The name 'TxtEmployee' does not exist in the current context [C:\Users\russel.mercado\source\repos\Yakult-System-New\Yakult.Inventory.App\Yakult.Inventory.App.csproj]
C:\Users\russel.mercado\source\repos\Yakult-System-New\Yakult.Inventory.App\Pages\Request\BatchAddRequestDialog.xaml.cs(528,71): error CS0103: The name 'TxtEmployee' does not exist in the current context [C:\Users\russel.mercado\source\repos\Yakult-System-New\Yakult.Inventory.App\Yakult.Inventory.App.csproj]
C:\Users\russel.mercado\source\repos\Yakult-System-New\Yakult.Inventory.App\Wpf\Vendor\Views\VendorPageView.xaml.cs(58,13): error CS0103: The name 'VendorsGrid' does not exist in the current context [C:\Users\russel.mercado\source\repos\Yakult-System-New\Yakult.Inventory.App\Yakult.Inventory.App.csproj]
C:\Users\russel.mercado\source\repos\Yakult-System-New\Yakult.Inventory.App\Pages\Request\BatchAddRequestDialog.xaml.cs(534,17): error CS0103: The name 'TxtEmployee' does not exist in the current context [C:\Users\russel.mercado\source\repos\Yakult-System-New\Yakult.Inventory.App\Yakult.Inventory.App.csproj]
C:\Users\russel.mercado\source\repos\Yakult-System-New\Yakult.Inventory.App\Pages\Request\BatchAddRequestDialog.xaml.cs(534,43): error CS0103: The name 'PopupEmployee' does not exist in the current context [C:\Users\russel.mercado\source\repos\Yakult-System-New\Yakult.Inventory.App\Yakult.Inventory.App.csproj]
C:\Users\russel.mercado\source\repos\Yakult-System-New\Yakult.Inventory.App\Pages\Request\BatchAddRequestDialog.xaml.cs(535,75): error CS0103: The name 'TxtEmployee' does not exist in the current context [C:\Users\russel.mercado\source\repos\Yakult-System-New\Yakult.Inventory.App\Yakult.Inventory.App.csproj]
C:\Users\russel.mercado\source\repos\Yakult-System-New\Yakult.Inventory.App\Pages\Request\EditRequestDialog.xaml.cs(770,13): error CS0103: The name 'CmbCompanyEdit' does not exist in the current context [C:\Users\russel.mercado\source\repos\Yakult-System-New\Yakult.Inventory.App\Yakult.Inventory.App.csproj]
C:\Users\russel.mercado\source\repos\Yakult-System-New\Yakult.Inventory.App\Pages\Request\EditRequestDialog.xaml.cs(770,43): error CS0103: The name 'CmbDeptEdit' does not exist in the current context [C:\Users\russel.mercado\source\repos\Yakult-System-New\Yakult.Inventory.App\Yakult.Inventory.App.csproj]
C:\Users\russel.mercado\source\repos\Yakult-System-New\Yakult.Inventory.App\Pages\Request\EditRequestDialog.xaml.cs(770,70): error CS0103: The name 'CmbBranchEdit' does not exist in the current context [C:\Users\russel.mercado\source\repos\Yakult-System-New\Yakult.Inventory.App\Yakult.Inventory.App.csproj]
C:\Users\russel.mercado\source\repos\Yakult-System-New\Yakult.Inventory.App\Pages\Request\EditRequestDialog.xaml.cs(787,29): error CS0103: The name 'CmbCompanyEdit' does not exist in the current context [C:\Users\russel.mercado\source\repos\Yakult-System-New\Yakult.Inventory.App\Yakult.Inventory.App.csproj]
C:\Users\russel.mercado\source\repos\Yakult-System-New\Yakult.Inventory.App\Pages\Request\EditRequestDialog.xaml.cs(790,21): error CS0103: The name 'CmbDeptEdit' does not exist in the current context [C:\Users\russel.mercado\source\repos\Yakult-System-New\Yakult.Inventory.App\Yakult.Inventory.App.csproj]
C:\Users\russel.mercado\source\repos\Yakult-System-New\Yakult.Inventory.App\Pages\Request\EditRequestDialog.xaml.cs(798,29): error CS0103: The name 'CmbDeptEdit' does not exist in the current context [C:\Users\russel.mercado\source\repos\Yakult-System-New\Yakult.Inventory.App\Yakult.Inventory.App.csproj]
C:\Users\russel.mercado\source\repos\Yakult-System-New\Yakult.Inventory.App\Pages\Request\EditRequestDialog.xaml.cs(801,21): error CS0103: The name 'CmbBranchEdit' does not exist in the current context [C:\Users\russel.mercado\source\repos\Yakult-System-New\Yakult.Inventory.App\Yakult.Inventory.App.csproj]
C:\Users\russel.mercado\source\repos\Yakult-System-New\Yakult.Inventory.App\Pages\Request\EditRequestDialog.xaml.cs(809,29): error CS0103: The name 'CmbBranchEdit' does not exist in the current context [C:\Users\russel.mercado\source\repos\Yakult-System-New\Yakult.Inventory.App\Yakult.Inventory.App.csproj]
C:\Users\russel.mercado\source\repos\Yakult-System-New\Yakult.Inventory.App\Pages\Request\EditRequestDialog.xaml.cs(823,38): error CS0103: The name 'CmbCompanyEdit' does not exist in the current context [C:\Users\russel.mercado\source\repos\Yakult-System-New\Yakult.Inventory.App\Yakult.Inventory.App.csproj]
C:\Users\russel.mercado\source\repos\Yakult-System-New\Yakult.Inventory.App\Pages\Request\EditRequestDialog.xaml.cs(824,84): error CS0103: The name 'CmbCompanyEdit' does not exist in the current context [C:\Users\russel.mercado\source\repos\Yakult-System-New\Yakult.Inventory.App\Yakult.Inventory.App.csproj]
C:\Users\russel.mercado\source\repos\Yakult-System-New\Yakult.Inventory.App\Pages\Request\EditRequestDialog.xaml.cs(826,38): error CS0103: The name 'CmbDeptEdit' does not exist in the current context [C:\Users\russel.mercado\source\repos\Yakult-System-New\Yakult.Inventory.App\Yakult.Inventory.App.csproj]
C:\Users\russel.mercado\source\repos\Yakult-System-New\Yakult.Inventory.App\Pages\Request\EditRequestDialog.xaml.cs(827,85): error CS0103: The name 'CmbDeptEdit' does not exist in the current context [C:\Users\russel.mercado\source\repos\Yakult-System-New\Yakult.Inventory.App\Yakult.Inventory.App.csproj]
C:\Users\russel.mercado\source\repos\Yakult-System-New\Yakult.Inventory.App\Pages\Request\EditRequestDialog.xaml.cs(829,38): error CS0103: The name 'CmbBranchEdit' does not exist in the current context [C:\Users\russel.mercado\source\repos\Yakult-System-New\Yakult.Inventory.App\Yakult.Inventory.App.csproj]
C:\Users\russel.mercado\source\repos\Yakult-System-New\Yakult.Inventory.App\Pages\Request\EditRequestDialog.xaml.cs(830,87): error CS0103: The name 'CmbBranchEdit' does not exist in the current context [C:\Users\russel.mercado\source\repos\Yakult-System-New\Yakult.Inventory.App\Yakult.Inventory.App.csproj]
C:\Users\russel.mercado\source\repos\Yakult-System-New\Yakult.Inventory.App\Pages\Request\BatchAddRequestDialog.xaml.cs(543,18): error CS0103: The name 'PopupEmployee' does not exist in the current context [C:\Users\russel.mercado\source\repos\Yakult-System-New\Yakult.Inventory.App\Yakult.Inventory.App.csproj]
C:\Users\russel.mercado\source\repos\Yakult-System-New\Yakult.Inventory.App\Pages\Request\BatchAddRequestDialog.xaml.cs(548,21): error CS0103: The name 'LstEmployeeSearch' does not exist in the current context [C:\Users\russel.mercado\source\repos\Yakult-System-New\Yakult.Inventory.App\Yakult.Inventory.App.csproj]
C:\Users\russel.mercado\source\repos\Yakult-System-New\Yakult.Inventory.App\Pages\Request\BatchAddRequestDialog.xaml.cs(549,34): error CS0103: The name 'LstEmployeeSearch' does not exist in the current context [C:\Users\russel.mercado\source\repos\Yakult-System-New\Yakult.Inventory.App\Yakult.Inventory.App.csproj]
C:\Users\russel.mercado\source\repos\Yakult-System-New\Yakult.Inventory.App\Pages\Request\BatchAddRequestDialog.xaml.cs(549,71): error CS0103: The name 'LstEmployeeSearch' does not exist in the current context [C:\Users\russel.mercado\source\repos\Yakult-System-New\Yakult.Inventory.App\Yakult.Inventory.App.csproj]
C:\Users\russel.mercado\source\repos\Yakult-System-New\Yakult.Inventory.App\Pages\Request\BatchAddRequestDialog.xaml.cs(550,21): error CS0103: The name 'LstEmployeeSearch' does not exist in the current context [C:\Users\russel.mercado\source\repos\Yakult-System-New\Yakult.Inventory.App\Yakult.Inventory.App.csproj]
C:\Users\russel.mercado\source\repos\Yakult-System-New\Yakult.Inventory.App\Pages\Request\BatchAddRequestDialog.xaml.cs(550,54): error CS0103: The name 'LstEmployeeSearch' does not exist in the current context [C:\Users\russel.mercado\source\repos\Yakult-System-New\Yakult.Inventory.App\Yakult.Inventory.App.csproj]
C:\Users\russel.mercado\source\repos\Yakult-System-New\Yakult.Inventory.App\Pages\Request\BatchAddRequestDialog.xaml.cs(555,25): error CS0103: The name 'LstEmployeeSearch' does not exist in the current context [C:\Users\russel.mercado\source\repos\Yakult-System-New\Yakult.Inventory.App\Yakult.Inventory.App.csproj]
C:\Users\russel.mercado\source\repos\Yakult-System-New\Yakult.Inventory.App\Pages\Request\BatchAddRequestDialog.xaml.cs(556,25): error CS0103: The name 'LstEmployeeSearch' does not exist in the current context [C:\Users\russel.mercado\source\repos\Yakult-System-New\Yakult.Inventory.App\Yakult.Inventory.App.csproj]
C:\Users\russel.mercado\source\repos\Yakult-System-New\Yakult.Inventory.App\Pages\Request\BatchAddRequestDialog.xaml.cs(557,21): error CS0103: The name 'LstEmployeeSearch' does not exist in the current context [C:\Users\russel.mercado\source\repos\Yakult-System-New\Yakult.Inventory.App\Yakult.Inventory.App.csproj]
C:\Users\russel.mercado\source\repos\Yakult-System-New\Yakult.Inventory.App\Pages\Request\BatchAddRequestDialog.xaml.cs(557,54): error CS0103: The name 'LstEmployeeSearch' does not exist in the current context [C:\Users\russel.mercado\source\repos\Yakult-System-New\Yakult.Inventory.App\Yakult.Inventory.App.csproj]
C:\Users\russel.mercado\source\repos\Yakult-System-New\Yakult.Inventory.App\Pages\Request\BatchAddRequestDialog.xaml.cs(562,36): error CS0103: The name 'LstEmployeeSearch' does not exist in the current context [C:\Users\russel.mercado\source\repos\Yakult-System-New\Yakult.Inventory.App\Yakult.Inventory.App.csproj]
C:\Users\russel.mercado\source\repos\Yakult-System-New\Yakult.Inventory.App\Pages\Request\BatchAddRequestDialog.xaml.cs(567,21): error CS0103: The name 'PopupEmployee' does not exist in the current context [C:\Users\russel.mercado\source\repos\Yakult-System-New\Yakult.Inventory.App\Yakult.Inventory.App.csproj]
C:\Users\russel.mercado\source\repos\Yakult-System-New\Yakult.Inventory.App\Pages\Request\BatchAddRequestDialog.xaml.cs(575,28): error CS0103: The name 'LstEmployeeSearch' does not exist in the current context [C:\Users\russel.mercado\source\repos\Yakult-System-New\Yakult.Inventory.App\Yakult.Inventory.App.csproj]
C:\Users\russel.mercado\source\repos\Yakult-System-New\Yakult.Inventory.App\Pages\Request\BatchAddRequestDialog.xaml.cs(582,13): error CS0103: The name 'TxtEmployee' does not exist in the current context [C:\Users\russel.mercado\source\repos\Yakult-System-New\Yakult.Inventory.App\Yakult.Inventory.App.csproj]
C:\Users\russel.mercado\source\repos\Yakult-System-New\Yakult.Inventory.App\Pages\Request\BatchAddRequestDialog.xaml.cs(585,13): error CS0103: The name 'PopupEmployee' does not exist in the current context [C:\Users\russel.mercado\source\repos\Yakult-System-New\Yakult.Inventory.App\Yakult.Inventory.App.csproj]
C:\Users\russel.mercado\source\repos\Yakult-System-New\Yakult.Inventory.App\Pages\Request\BatchAddRequestDialog.xaml.cs(587,13): error CS0103: The name 'DgvRequests' does not exist in the current context [C:\Users\russel.mercado\source\repos\Yakult-System-New\Yakult.Inventory.App\Yakult.Inventory.App.csproj]
C:\Users\russel.mercado\source\repos\Yakult-System-New\Yakult.Inventory.App\Wpf\Vendor\Views\VendorPageView.xaml.cs(85,13): error CS0103: The name 'VendorsGrid' does not exist in the current context [C:\Users\russel.mercado\source\repos\Yakult-System-New\Yakult.Inventory.App\Yakult.Inventory.App.csproj]
C:\Users\russel.mercado\source\repos\Yakult-System-New\Yakult.Inventory.App\Pages\Request\BatchAddRequestDialog.xaml.cs(593,26): error CS0103: The name 'ChkNoEmployee' does not exist in the current context [C:\Users\russel.mercado\source\repos\Yakult-System-New\Yakult.Inventory.App\Yakult.Inventory.App.csproj]
C:\Users\russel.mercado\source\repos\Yakult-System-New\Yakult.Inventory.App\Pages\Request\BatchAddRequestDialog.xaml.cs(594,13): error CS0103: The name 'PnlEmployee' does not exist in the current context [C:\Users\russel.mercado\source\repos\Yakult-System-New\Yakult.Inventory.App\Yakult.Inventory.App.csproj]
C:\Users\russel.mercado\source\repos\Yakult-System-New\Yakult.Inventory.App\Pages\Request\BatchAddRequestDialog.xaml.cs(595,13): error CS0103: The name 'LblOrgRowPrefix' does not exist in the current context [C:\Users\russel.mercado\source\repos\Yakult-System-New\Yakult.Inventory.App\Yakult.Inventory.App.csproj]
C:\Users\russel.mercado\source\repos\Yakult-System-New\Yakult.Inventory.App\Pages\Request\BatchAddRequestDialog.xaml.cs(596,13): error CS0103: The name 'TxtInfoBanner' does not exist in the current context [C:\Users\russel.mercado\source\repos\Yakult-System-New\Yakult.Inventory.App\Yakult.Inventory.App.csproj]
C:\Users\russel.mercado\source\repos\Yakult-System-New\Yakult.Inventory.App\Pages\Request\BatchAddRequestDialog.xaml.cs(603,27): error CS0103: The name 'CmbCompany' does not exist in the current context [C:\Users\russel.mercado\source\repos\Yakult-System-New\Yakult.Inventory.App\Yakult.Inventory.App.csproj]
C:\Users\russel.mercado\source\repos\Yakult-System-New\Yakult.Inventory.App\Pages\Request\EditRequestDialog.xaml.cs(836,13): error CS0103: The name 'CmbEmployee' does not exist in the current context [C:\Users\russel.mercado\source\repos\Yakult-System-New\Yakult.Inventory.App\Yakult.Inventory.App.csproj]
C:\Users\russel.mercado\source\repos\Yakult-System-New\Yakult.Inventory.App\Pages\Request\EditRequestDialog.xaml.cs(837,13): error CS0103: The name 'BtnEditEmployee' does not exist in the current context [C:\Users\russel.mercado\source\repos\Yakult-System-New\Yakult.Inventory.App\Yakult.Inventory.App.csproj]
C:\Users\russel.mercado\source\repos\Yakult-System-New\Yakult.Inventory.App\Pages\Request\EditRequestDialog.xaml.cs(838,13): error CS0103: The name 'LblDeptLevelTag' does not exist in the current context [C:\Users\russel.mercado\source\repos\Yakult-System-New\Yakult.Inventory.App\Yakult.Inventory.App.csproj]
C:\Users\russel.mercado\source\repos\Yakult-System-New\Yakult.Inventory.App\Pages\Request\EditRequestDialog.xaml.cs(839,13): error CS0103: The name 'LblEmployeeNumber' does not exist in the current context [C:\Users\russel.mercado\source\repos\Yakult-System-New\Yakult.Inventory.App\Yakult.Inventory.App.csproj]
C:\Users\russel.mercado\source\repos\Yakult-System-New\Yakult.Inventory.App\Pages\Request\EditRequestDialog.xaml.cs(840,13): error CS0103: The name 'TxtEmployeeNumber' does not exist in the current context [C:\Users\russel.mercado\source\repos\Yakult-System-New\Yakult.Inventory.App\Yakult.Inventory.App.csproj]
C:\Users\russel.mercado\source\repos\Yakult-System-New\Yakult.Inventory.App\Pages\Request\EditRequestDialog.xaml.cs(841,13): error CS0103: The name 'TxtCompany' does not exist in the current context [C:\Users\russel.mercado\source\repos\Yakult-System-New\Yakult.Inventory.App\Yakult.Inventory.App.csproj]
C:\Users\russel.mercado\source\repos\Yakult-System-New\Yakult.Inventory.App\Pages\Request\EditRequestDialog.xaml.cs(841,62): error CS0103: The name 'CmbCompanyEdit' does not exist in the current context [C:\Users\russel.mercado\source\repos\Yakult-System-New\Yakult.Inventory.App\Yakult.Inventory.App.csproj]
C:\Users\russel.mercado\source\repos\Yakult-System-New\Yakult.Inventory.App\Pages\Request\EditRequestDialog.xaml.cs(842,13): error CS0103: The name 'TxtDepartment' does not exist in the current context [C:\Users\russel.mercado\source\repos\Yakult-System-New\Yakult.Inventory.App\Yakult.Inventory.App.csproj]
C:\Users\russel.mercado\source\repos\Yakult-System-New\Yakult.Inventory.App\Pages\Request\EditRequestDialog.xaml.cs(842,62): error CS0103: The name 'CmbDeptEdit' does not exist in the current context [C:\Users\russel.mercado\source\repos\Yakult-System-New\Yakult.Inventory.App\Yakult.Inventory.App.csproj]
C:\Users\russel.mercado\source\repos\Yakult-System-New\Yakult.Inventory.App\Pages\Request\EditRequestDialog.xaml.cs(843,13): error CS0103: The name 'TxtBranch' does not exist in the current context [C:\Users\russel.mercado\source\repos\Yakult-System-New\Yakult.Inventory.App\Yakult.Inventory.App.csproj]
C:\Users\russel.mercado\source\repos\Yakult-System-New\Yakult.Inventory.App\Pages\Request\EditRequestDialog.xaml.cs(843,62): error CS0103: The name 'CmbBranchEdit' does not exist in the current context [C:\Users\russel.mercado\source\repos\Yakult-System-New\Yakult.Inventory.App\Yakult.Inventory.App.csproj]
C:\Users\russel.mercado\source\repos\Yakult-System-New\Yakult.Inventory.App\Pages\Request\EditRequestDialog.xaml.cs(844,13): error CS0103: The name 'LblEmployee' does not exist in the current context [C:\Users\russel.mercado\source\repos\Yakult-System-New\Yakult.Inventory.App\Yakult.Inventory.App.csproj]
C:\Users\russel.mercado\source\repos\Yakult-System-New\Yakult.Inventory.App\Pages\Request\EditRequestDialog.xaml.cs(845,13): error CS0103: The name 'LblCompany' does not exist in the current context [C:\Users\russel.mercado\source\repos\Yakult-System-New\Yakult.Inventory.App\Yakult.Inventory.App.csproj]
C:\Users\russel.mercado\source\repos\Yakult-System-New\Yakult.Inventory.App\Pages\Request\EditRequestDialog.xaml.cs(846,13): error CS0103: The name 'BtnSwitchMode' does not exist in the current context [C:\Users\russel.mercado\source\repos\Yakult-System-New\Yakult.Inventory.App\Yakult.Inventory.App.csproj]
C:\Users\russel.mercado\source\repos\Yakult-System-New\Yakult.Inventory.App\Pages\Request\EditRequestDialog.xaml.cs(847,13): error CS0103: The name 'BtnSwitchMode' does not exist in the current context [C:\Users\russel.mercado\source\repos\Yakult-System-New\Yakult.Inventory.App\Yakult.Inventory.App.csproj]
C:\Users\russel.mercado\source\repos\Yakult-System-New\Yakult.Inventory.App\Pages\Request\EditRequestDialog.xaml.cs(848,13): error CS0103: The name 'BtnSwitchMode' does not exist in the current context [C:\Users\russel.mercado\source\repos\Yakult-System-New\Yakult.Inventory.App\Yakult.Inventory.App.csproj]
C:\Users\russel.mercado\source\repos\Yakult-System-New\Yakult.Inventory.App\Pages\Request\EditRequestDialog.xaml.cs(849,13): error CS0103: The name 'BtnSwitchMode' does not exist in the current context [C:\Users\russel.mercado\source\repos\Yakult-System-New\Yakult.Inventory.App\Yakult.Inventory.App.csproj]
C:\Users\russel.mercado\source\repos\Yakult-System-New\Yakult.Inventory.App\Wpf\Vendor\Views\VendorPageView.xaml.cs(96,55): error CS0103: The name 'VendorsGrid' does not exist in the current context [C:\Users\russel.mercado\source\repos\Yakult-System-New\Yakult.Inventory.App\Yakult.Inventory.App.csproj]
C:\Users\russel.mercado\source\repos\Yakult-System-New\Yakult.Inventory.App\Wpf\Vendor\Views\VendorPageView.xaml.cs(97,73): error CS0103: The name 'VendorsGrid' does not exist in the current context [C:\Users\russel.mercado\source\repos\Yakult-System-New\Yakult.Inventory.App\Yakult.Inventory.App.csproj]
C:\Users\russel.mercado\source\repos\Yakult-System-New\Yakult.Inventory.App\Wpf\Category\Views\CategoryPageView.xaml.cs(24,13): error CS0103: The name 'InitializeComponent' does not exist in the current context [C:\Users\russel.mercado\source\repos\Yakult-System-New\Yakult.Inventory.App\Yakult.Inventory.App.csproj]
C:\Users\russel.mercado\source\repos\Yakult-System-New\Yakult.Inventory.App\Pages\Request\BatchAddRequestDialog.xaml.cs(612,24): error CS0103: The name 'CmbCompany' does not exist in the current context [C:\Users\russel.mercado\source\repos\Yakult-System-New\Yakult.Inventory.App\Yakult.Inventory.App.csproj]
C:\Users\russel.mercado\source\repos\Yakult-System-New\Yakult.Inventory.App\Pages\Request\BatchAddRequestDialog.xaml.cs(613,17): error CS0103: The name 'CmbCompany' does not exist in the current context [C:\Users\russel.mercado\source\repos\Yakult-System-New\Yakult.Inventory.App\Yakult.Inventory.App.csproj]
C:\Users\russel.mercado\source\repos\Yakult-System-New\Yakult.Inventory.App\Pages\Request\BatchAddRequestDialog.xaml.cs(614,17): error CS0103: The name 'CmbCompany' does not exist in the current context [C:\Users\russel.mercado\source\repos\Yakult-System-New\Yakult.Inventory.App\Yakult.Inventory.App.csproj]
C:\Users\russel.mercado\source\repos\Yakult-System-New\Yakult.Inventory.App\Pages\Request\BatchAddRequestDialog.xaml.cs(621,29): error CS0103: The name 'CmbCompany' does not exist in the current context [C:\Users\russel.mercado\source\repos\Yakult-System-New\Yakult.Inventory.App\Yakult.Inventory.App.csproj]
C:\Users\russel.mercado\source\repos\Yakult-System-New\Yakult.Inventory.App\Pages\Request\BatchAddRequestDialog.xaml.cs(622,29): error CS0103: The name 'CmbDepartment' does not exist in the current context [C:\Users\russel.mercado\source\repos\Yakult-System-New\Yakult.Inventory.App\Yakult.Inventory.App.csproj]
C:\Users\russel.mercado\source\repos\Yakult-System-New\Yakult.Inventory.App\Pages\Request\BatchAddRequestDialog.xaml.cs(623,29): error CS0103: The name 'CmbBranch' does not exist in the current context [C:\Users\russel.mercado\source\repos\Yakult-System-New\Yakult.Inventory.App\Yakult.Inventory.App.csproj]
C:\Users\russel.mercado\source\repos\Yakult-System-New\Yakult.Inventory.App\Pages\Request\BatchAddRequestDialog.xaml.cs(626,21): error CS0103: The name 'PopupEmployee' does not exist in the current context [C:\Users\russel.mercado\source\repos\Yakult-System-New\Yakult.Inventory.App\Yakult.Inventory.App.csproj]
C:\Users\russel.mercado\source\repos\Yakult-System-New\Yakult.Inventory.App\Pages\Request\BatchAddRequestDialog.xaml.cs(626,45): error CS0103: The name 'ChkNoEmployee' does not exist in the current context [C:\Users\russel.mercado\source\repos\Yakult-System-New\Yakult.Inventory.App\Yakult.Inventory.App.csproj]
C:\Users\russel.mercado\source\repos\Yakult-System-New\Yakult.Inventory.App\Pages\Request\BatchAddRequestDialog.xaml.cs(627,39): error CS0103: The name 'TxtEmployee' does not exist in the current context [C:\Users\russel.mercado\source\repos\Yakult-System-New\Yakult.Inventory.App\Yakult.Inventory.App.csproj]
C:\Users\russel.mercado\source\repos\Yakult-System-New\Yakult.Inventory.App\Wpf\Vendor\Views\VendorPageView.xaml.cs(116,33): error CS0103: The name 'VendorsGrid' does not exist in the current context [C:\Users\russel.mercado\source\repos\Yakult-System-New\Yakult.Inventory.App\Yakult.Inventory.App.csproj]
C:\Users\russel.mercado\source\repos\Yakult-System-New\Yakult.Inventory.App\Pages\Request\BatchAddRequestDialog.xaml.cs(639,29): error CS0103: The name 'CmbDepartment' does not exist in the current context [C:\Users\russel.mercado\source\repos\Yakult-System-New\Yakult.Inventory.App\Yakult.Inventory.App.csproj]
C:\Users\russel.mercado\source\repos\Yakult-System-New\Yakult.Inventory.App\Pages\Request\BatchAddRequestDialog.xaml.cs(640,29): error CS0103: The name 'CmbBranch' does not exist in the current context [C:\Users\russel.mercado\source\repos\Yakult-System-New\Yakult.Inventory.App\Yakult.Inventory.App.csproj]
C:\Users\russel.mercado\source\repos\Yakult-System-New\Yakult.Inventory.App\Pages\Request\BatchAddRequestDialog.xaml.cs(649,28): error CS0103: The name 'CmbCompany' does not exist in the current context [C:\Users\russel.mercado\source\repos\Yakult-System-New\Yakult.Inventory.App\Yakult.Inventory.App.csproj]
C:\Users\russel.mercado\source\repos\Yakult-System-New\Yakult.Inventory.App\Pages\Request\BatchAddRequestDialog.xaml.cs(650,28): error CS0103: The name 'CmbDepartment' does not exist in the current context [C:\Users\russel.mercado\source\repos\Yakult-System-New\Yakult.Inventory.App\Yakult.Inventory.App.csproj]
C:\Users\russel.mercado\source\repos\Yakult-System-New\Yakult.Inventory.App\Pages\Request\BatchAddRequestDialog.xaml.cs(651,28): error CS0103: The name 'CmbBranch' does not exist in the current context [C:\Users\russel.mercado\source\repos\Yakult-System-New\Yakult.Inventory.App\Yakult.Inventory.App.csproj]
C:\Users\russel.mercado\source\repos\Yakult-System-New\Yakult.Inventory.App\Pages\Request\EditRequestDialog.xaml.cs(855,13): error CS0103: The name 'CmbEmployee' does not exist in the current context [C:\Users\russel.mercado\source\repos\Yakult-System-New\Yakult.Inventory.App\Yakult.Inventory.App.csproj]
C:\Users\russel.mercado\source\repos\Yakult-System-New\Yakult.Inventory.App\Pages\Request\EditRequestDialog.xaml.cs(856,13): error CS0103: The name 'BtnEditEmployee' does not exist in the current context [C:\Users\russel.mercado\source\repos\Yakult-System-New\Yakult.Inventory.App\Yakult.Inventory.App.csproj]
C:\Users\russel.mercado\source\repos\Yakult-System-New\Yakult.Inventory.App\Pages\Request\EditRequestDialog.xaml.cs(857,13): error CS0103: The name 'LblDeptLevelTag' does not exist in the current context [C:\Users\russel.mercado\source\repos\Yakult-System-New\Yakult.Inventory.App\Yakult.Inventory.App.csproj]
C:\Users\russel.mercado\source\repos\Yakult-System-New\Yakult.Inventory.App\Pages\Request\EditRequestDialog.xaml.cs(858,13): error CS0103: The name 'LblEmployeeNumber' does not exist in the current context [C:\Users\russel.mercado\source\repos\Yakult-System-New\Yakult.Inventory.App\Yakult.Inventory.App.csproj]
C:\Users\russel.mercado\source\repos\Yakult-System-New\Yakult.Inventory.App\Pages\Request\EditRequestDialog.xaml.cs(859,13): error CS0103: The name 'TxtEmployeeNumber' does not exist in the current context [C:\Users\russel.mercado\source\repos\Yakult-System-New\Yakult.Inventory.App\Yakult.Inventory.App.csproj]
C:\Users\russel.mercado\source\repos\Yakult-System-New\Yakult.Inventory.App\Pages\Request\EditRequestDialog.xaml.cs(860,13): error CS0103: The name 'TxtCompany' does not exist in the current context [C:\Users\russel.mercado\source\repos\Yakult-System-New\Yakult.Inventory.App\Yakult.Inventory.App.csproj]
C:\Users\russel.mercado\source\repos\Yakult-System-New\Yakult.Inventory.App\Pages\Request\EditRequestDialog.xaml.cs(860,60): error CS0103: The name 'CmbCompanyEdit' does not exist in the current context [C:\Users\russel.mercado\source\repos\Yakult-System-New\Yakult.Inventory.App\Yakult.Inventory.App.csproj]
C:\Users\russel.mercado\source\repos\Yakult-System-New\Yakult.Inventory.App\Pages\Request\EditRequestDialog.xaml.cs(861,13): error CS0103: The name 'TxtDepartment' does not exist in the current context [C:\Users\russel.mercado\source\repos\Yakult-System-New\Yakult.Inventory.App\Yakult.Inventory.App.csproj]
C:\Users\russel.mercado\source\repos\Yakult-System-New\Yakult.Inventory.App\Pages\Request\EditRequestDialog.xaml.cs(861,60): error CS0103: The name 'CmbDeptEdit' does not exist in the current context [C:\Users\russel.mercado\source\repos\Yakult-System-New\Yakult.Inventory.App\Yakult.Inventory.App.csproj]
C:\Users\russel.mercado\source\repos\Yakult-System-New\Yakult.Inventory.App\Pages\Request\EditRequestDialog.xaml.cs(862,13): error CS0103: The name 'TxtBranch' does not exist in the current context [C:\Users\russel.mercado\source\repos\Yakult-System-New\Yakult.Inventory.App\Yakult.Inventory.App.csproj]
C:\Users\russel.mercado\source\repos\Yakult-System-New\Yakult.Inventory.App\Pages\Request\EditRequestDialog.xaml.cs(862,60): error CS0103: The name 'CmbBranchEdit' does not exist in the current context [C:\Users\russel.mercado\source\repos\Yakult-System-New\Yakult.Inventory.App\Yakult.Inventory.App.csproj]
C:\Users\russel.mercado\source\repos\Yakult-System-New\Yakult.Inventory.App\Pages\Request\EditRequestDialog.xaml.cs(863,13): error CS0103: The name 'LblEmployee' does not exist in the current context [C:\Users\russel.mercado\source\repos\Yakult-System-New\Yakult.Inventory.App\Yakult.Inventory.App.csproj]
C:\Users\russel.mercado\source\repos\Yakult-System-New\Yakult.Inventory.App\Pages\Request\EditRequestDialog.xaml.cs(864,13): error CS0103: The name 'LblCompany' does not exist in the current context [C:\Users\russel.mercado\source\repos\Yakult-System-New\Yakult.Inventory.App\Yakult.Inventory.App.csproj]
C:\Users\russel.mercado\source\repos\Yakult-System-New\Yakult.Inventory.App\Pages\Request\EditRequestDialog.xaml.cs(865,13): error CS0103: The name 'BtnSwitchMode' does not exist in the current context [C:\Users\russel.mercado\source\repos\Yakult-System-New\Yakult.Inventory.App\Yakult.Inventory.App.csproj]
C:\Users\russel.mercado\source\repos\Yakult-System-New\Yakult.Inventory.App\Pages\Request\EditRequestDialog.xaml.cs(866,13): error CS0103: The name 'BtnSwitchMode' does not exist in the current context [C:\Users\russel.mercado\source\repos\Yakult-System-New\Yakult.Inventory.App\Yakult.Inventory.App.csproj]
C:\Users\russel.mercado\source\repos\Yakult-System-New\Yakult.Inventory.App\Pages\Request\EditRequestDialog.xaml.cs(867,13): error CS0103: The name 'BtnSwitchMode' does not exist in the current context [C:\Users\russel.mercado\source\repos\Yakult-System-New\Yakult.Inventory.App\Yakult.Inventory.App.csproj]
C:\Users\russel.mercado\source\repos\Yakult-System-New\Yakult.Inventory.App\Pages\Request\EditRequestDialog.xaml.cs(868,13): error CS0103: The name 'BtnSwitchMode' does not exist in the current context [C:\Users\russel.mercado\source\repos\Yakult-System-New\Yakult.Inventory.App\Yakult.Inventory.App.csproj]
C:\Users\russel.mercado\source\repos\Yakult-System-New\Yakult.Inventory.App\Pages\Request\EditRequestDialog.xaml.cs(870,17): error CS0103: The name 'CmbEmployee' does not exist in the current context [C:\Users\russel.mercado\source\repos\Yakult-System-New\Yakult.Inventory.App\Yakult.Inventory.App.csproj]
C:\Users\russel.mercado\source\repos\Yakult-System-New\Yakult.Inventory.App\Pages\Request\EditRequestDialog.xaml.cs(871,33): error CS0103: The name 'CmbEmployee' does not exist in the current context [C:\Users\russel.mercado\source\repos\Yakult-System-New\Yakult.Inventory.App\Yakult.Inventory.App.csproj]
C:\Users\russel.mercado\source\repos\Yakult-System-New\Yakult.Inventory.App\Pages\Request\EditRequestDialog.xaml.cs(871,46): error CS0103: The name 'BtnEditEmployee' does not exist in the current context [C:\Users\russel.mercado\source\repos\Yakult-System-New\Yakult.Inventory.App\Yakult.Inventory.App.csproj]
C:\Users\russel.mercado\source\repos\Yakult-System-New\Yakult.Inventory.App\Pages\Request\EditRequestDialog.xaml.cs(873,17): error CS0103: The name 'CmbEmployee' does not exist in the current context [C:\Users\russel.mercado\source\repos\Yakult-System-New\Yakult.Inventory.App\Yakult.Inventory.App.csproj]
C:\Users\russel.mercado\source\repos\Yakult-System-New\Yakult.Inventory.App\Pages\Request\EditRequestDialog.xaml.cs(877,17): error CS0103: The name 'TxtCompany' does not exist in the current context [C:\Users\russel.mercado\source\repos\Yakult-System-New\Yakult.Inventory.App\Yakult.Inventory.App.csproj]
C:\Users\russel.mercado\source\repos\Yakult-System-New\Yakult.Inventory.App\Pages\Request\EditRequestDialog.xaml.cs(877,37): error CS0103: The name 'TxtDepartment' does not exist in the current context [C:\Users\russel.mercado\source\repos\Yakult-System-New\Yakult.Inventory.App\Yakult.Inventory.App.csproj]
C:\Users\russel.mercado\source\repos\Yakult-System-New\Yakult.Inventory.App\Pages\Request\EditRequestDialog.xaml.cs(878,17): error CS0103: The name 'TxtBranch' does not exist in the current context [C:\Users\russel.mercado\source\repos\Yakult-System-New\Yakult.Inventory.App\Yakult.Inventory.App.csproj]
C:\Users\russel.mercado\source\repos\Yakult-System-New\Yakult.Inventory.App\Pages\Request\EditRequestDialog.xaml.cs(878,36): error CS0103: The name 'TxtEmployeeNumber' does not exist in the current context [C:\Users\russel.mercado\source\repos\Yakult-System-New\Yakult.Inventory.App\Yakult.Inventory.App.csproj]
C:\Users\russel.mercado\source\repos\Yakult-System-New\Yakult.Inventory.App\Wpf\RepairPortal\Reports\Views\RepairReportsListWindow.xaml.cs(15,13): error CS0103: The name 'InitializeComponent' does not exist in the current context [C:\Users\russel.mercado\source\repos\Yakult-System-New\Yakult.Inventory.App\Yakult.Inventory.App.csproj]
C:\Users\russel.mercado\source\repos\Yakult-System-New\Yakult.Inventory.App\Wpf\RepairPortal\Reports\Views\RepairReportsListWindow.xaml.cs(55,27): error CS0103: The name 'SelectAllCheckBox' does not exist in the current context [C:\Users\russel.mercado\source\repos\Yakult-System-New\Yakult.Inventory.App\Yakult.Inventory.App.csproj]
C:\Users\russel.mercado\source\repos\Yakult-System-New\Yakult.Inventory.App\Pages\Request\BatchAddRequestDialog.xaml.cs(682,46): error CS0103: The name 'ChkNoEmployee' does not exist in the current context [C:\Users\russel.mercado\source\repos\Yakult-System-New\Yakult.Inventory.App\Yakult.Inventory.App.csproj]
C:\Users\russel.mercado\source\repos\Yakult-System-New\Yakult.Inventory.App\Pages\Request\BatchAddRequestDialog.xaml.cs(683,61): error CS0103: The name 'CmbDepartment' does not exist in the current context [C:\Users\russel.mercado\source\repos\Yakult-System-New\Yakult.Inventory.App\Yakult.Inventory.App.csproj]
C:\Users\russel.mercado\source\repos\Yakult-System-New\Yakult.Inventory.App\Pages\Request\BatchAddRequestDialog.xaml.cs(684,63): error CS0103: The name 'CmbBranch' does not exist in the current context [C:\Users\russel.mercado\source\repos\Yakult-System-New\Yakult.Inventory.App\Yakult.Inventory.App.csproj]
C:\Users\russel.mercado\source\repos\Yakult-System-New\Yakult.Inventory.App\Pages\Request\BatchAddRequestDialog.xaml.cs(718,17): error CS0103: The name 'CmbDepartment' does not exist in the current context [C:\Users\russel.mercado\source\repos\Yakult-System-New\Yakult.Inventory.App\Yakult.Inventory.App.csproj]
C:\Users\russel.mercado\source\repos\Yakult-System-New\Yakult.Inventory.App\Pages\Request\BatchAddRequestDialog.xaml.cs(719,31): error CS0103: The name 'CmbDepartment' does not exist in the current context [C:\Users\russel.mercado\source\repos\Yakult-System-New\Yakult.Inventory.App\Yakult.Inventory.App.csproj]
C:\Users\russel.mercado\source\repos\Yakult-System-New\Yakult.Inventory.App\Pages\Request\BatchAddRequestDialog.xaml.cs(723,17): error CS0103: The name 'CmbDepartment' does not exist in the current context [C:\Users\russel.mercado\source\repos\Yakult-System-New\Yakult.Inventory.App\Yakult.Inventory.App.csproj]
C:\Users\russel.mercado\source\repos\Yakult-System-New\Yakult.Inventory.App\Pages\Request\BatchAddRequestDialog.xaml.cs(724,59): error CS0103: The name 'CmbDepartment' does not exist in the current context [C:\Users\russel.mercado\source\repos\Yakult-System-New\Yakult.Inventory.App\Yakult.Inventory.App.csproj]
C:\Users\russel.mercado\source\repos\Yakult-System-New\Yakult.Inventory.App\Pages\Request\BatchAddRequestDialog.xaml.cs(729,17): error CS0103: The name 'CmbBranch' does not exist in the current context [C:\Users\russel.mercado\source\repos\Yakult-System-New\Yakult.Inventory.App\Yakult.Inventory.App.csproj]
C:\Users\russel.mercado\source\repos\Yakult-System-New\Yakult.Inventory.App\Pages\Request\BatchAddRequestDialog.xaml.cs(730,31): error CS0103: The name 'CmbBranch' does not exist in the current context [C:\Users\russel.mercado\source\repos\Yakult-System-New\Yakult.Inventory.App\Yakult.Inventory.App.csproj]
C:\Users\russel.mercado\source\repos\Yakult-System-New\Yakult.Inventory.App\Pages\Request\BatchAddRequestDialog.xaml.cs(734,17): error CS0103: The name 'CmbBranch' does not exist in the current context [C:\Users\russel.mercado\source\repos\Yakult-System-New\Yakult.Inventory.App\Yakult.Inventory.App.csproj]
C:\Users\russel.mercado\source\repos\Yakult-System-New\Yakult.Inventory.App\Pages\Request\BatchAddRequestDialog.xaml.cs(735,56): error CS0103: The name 'CmbBranch' does not exist in the current context [C:\Users\russel.mercado\source\repos\Yakult-System-New\Yakult.Inventory.App\Yakult.Inventory.App.csproj]
C:\Users\russel.mercado\source\repos\Yakult-System-New\Yakult.Inventory.App\Pages\Request\BatchAddRequestDialog.xaml.cs(739,17): error CS0103: The name 'PopupEmployee' does not exist in the current context [C:\Users\russel.mercado\source\repos\Yakult-System-New\Yakult.Inventory.App\Yakult.Inventory.App.csproj]
C:\Users\russel.mercado\source\repos\Yakult-System-New\Yakult.Inventory.App\Pages\Request\BatchAddRequestDialog.xaml.cs(739,41): error CS0103: The name 'ChkNoEmployee' does not exist in the current context [C:\Users\russel.mercado\source\repos\Yakult-System-New\Yakult.Inventory.App\Yakult.Inventory.App.csproj]
C:\Users\russel.mercado\source\repos\Yakult-System-New\Yakult.Inventory.App\Pages\Request\BatchAddRequestDialog.xaml.cs(740,35): error CS0103: The name 'TxtEmployee' does not exist in the current context [C:\Users\russel.mercado\source\repos\Yakult-System-New\Yakult.Inventory.App\Yakult.Inventory.App.csproj]
C:\Users\russel.mercado\source\repos\Yakult-System-New\Yakult.Inventory.App\Pages\Request\BatchAddRequestDialog.xaml.cs(761,13): error CS0103: The name 'CmbBranch' does not exist in the current context [C:\Users\russel.mercado\source\repos\Yakult-System-New\Yakult.Inventory.App\Yakult.Inventory.App.csproj]
C:\Users\russel.mercado\source\repos\Yakult-System-New\Yakult.Inventory.App\Pages\Request\BatchAddRequestDialog.xaml.cs(762,52): error CS0103: The name 'CmbBranch' does not exist in the current context [C:\Users\russel.mercado\source\repos\Yakult-System-New\Yakult.Inventory.App\Yakult.Inventory.App.csproj]
C:\Users\russel.mercado\source\repos\Yakult-System-New\Yakult.Inventory.App\Pages\Request\BatchAddRequestDialog.xaml.cs(765,17): error CS0103: The name 'PopupEmployee' does not exist in the current context [C:\Users\russel.mercado\source\repos\Yakult-System-New\Yakult.Inventory.App\Yakult.Inventory.App.csproj]
C:\Users\russel.mercado\source\repos\Yakult-System-New\Yakult.Inventory.App\Pages\Request\BatchAddRequestDialog.xaml.cs(765,41): error CS0103: The name 'ChkNoEmployee' does not exist in the current context [C:\Users\russel.mercado\source\repos\Yakult-System-New\Yakult.Inventory.App\Yakult.Inventory.App.csproj]
C:\Users\russel.mercado\source\repos\Yakult-System-New\Yakult.Inventory.App\Pages\Request\BatchAddRequestDialog.xaml.cs(766,35): error CS0103: The name 'TxtEmployee' does not exist in the current context [C:\Users\russel.mercado\source\repos\Yakult-System-New\Yakult.Inventory.App\Yakult.Inventory.App.csproj]
C:\Users\russel.mercado\source\repos\Yakult-System-New\Yakult.Inventory.App\Wpf\Category\Views\CategoryPageView.xaml.cs(82,13): error CS0103: The name 'CategoriesGrid' does not exist in the current context [C:\Users\russel.mercado\source\repos\Yakult-System-New\Yakult.Inventory.App\Yakult.Inventory.App.csproj]
C:\Users\russel.mercado\source\repos\Yakult-System-New\Yakult.Inventory.App\Pages\Request\BatchAddRequestDialog.xaml.cs(786,29): error CS0103: The name 'CmbCompany' does not exist in the current context [C:\Users\russel.mercado\source\repos\Yakult-System-New\Yakult.Inventory.App\Yakult.Inventory.App.csproj]
C:\Users\russel.mercado\source\repos\Yakult-System-New\Yakult.Inventory.App\Pages\Request\BatchAddRequestDialog.xaml.cs(787,29): error CS0103: The name 'CmbDepartment' does not exist in the current context [C:\Users\russel.mercado\source\repos\Yakult-System-New\Yakult.Inventory.App\Yakult.Inventory.App.csproj]
C:\Users\russel.mercado\source\repos\Yakult-System-New\Yakult.Inventory.App\Wpf\Category\Views\CategoryPageView.xaml.cs(109,13): error CS0103: The name 'CategoriesGrid' does not exist in the current context [C:\Users\russel.mercado\source\repos\Yakult-System-New\Yakult.Inventory.App\Yakult.Inventory.App.csproj]
C:\Users\russel.mercado\source\repos\Yakult-System-New\Yakult.Inventory.App\Pages\Request\BatchAddRequestDialog.xaml.cs(810,48): error CS0103: The name 'CmbDepartment' does not exist in the current context [C:\Users\russel.mercado\source\repos\Yakult-System-New\Yakult.Inventory.App\Yakult.Inventory.App.csproj]
C:\Users\russel.mercado\source\repos\Yakult-System-New\Yakult.Inventory.App\Pages\Request\BatchAddRequestDialog.xaml.cs(811,48): error CS0103: The name 'CmbBranch' does not exist in the current context [C:\Users\russel.mercado\source\repos\Yakult-System-New\Yakult.Inventory.App\Yakult.Inventory.App.csproj]
C:\Users\russel.mercado\source\repos\Yakult-System-New\Yakult.Inventory.App\Pages\Request\BatchAddRequestDialog.xaml.cs(852,13): error CS0103: The name 'DgvRequests' does not exist in the current context [C:\Users\russel.mercado\source\repos\Yakult-System-New\Yakult.Inventory.App\Yakult.Inventory.App.csproj]
C:\Users\russel.mercado\source\repos\Yakult-System-New\Yakult.Inventory.App\Wpf\Category\Views\CategoryPageView.xaml.cs(133,55): error CS0103: The name 'CategoriesGrid' does not exist in the current context [C:\Users\russel.mercado\source\repos\Yakult-System-New\Yakult.Inventory.App\Yakult.Inventory.App.csproj]
C:\Users\russel.mercado\source\repos\Yakult-System-New\Yakult.Inventory.App\Wpf\Category\Views\CategoryPageView.xaml.cs(134,73): error CS0103: The name 'CategoriesGrid' does not exist in the current context [C:\Users\russel.mercado\source\repos\Yakult-System-New\Yakult.Inventory.App\Yakult.Inventory.App.csproj]
C:\Users\russel.mercado\source\repos\Yakult-System-New\Yakult.Inventory.App\Wpf\Category\Views\CategoryPageView.xaml.cs(150,33): error CS0103: The name 'CategoriesGrid' does not exist in the current context [C:\Users\russel.mercado\source\repos\Yakult-System-New\Yakult.Inventory.App\Yakult.Inventory.App.csproj]
C:\Users\russel.mercado\source\repos\Yakult-System-New\Yakult.Inventory.App\Pages\Request\BatchAddRequestDialog.xaml.cs(882,31): error CS0103: The name 'CmbCompany' does not exist in the current context [C:\Users\russel.mercado\source\repos\Yakult-System-New\Yakult.Inventory.App\Yakult.Inventory.App.csproj]
C:\Users\russel.mercado\source\repos\Yakult-System-New\Yakult.Inventory.App\Pages\Request\BatchAddRequestDialog.xaml.cs(883,31): error CS0103: The name 'CmbDepartment' does not exist in the current context [C:\Users\russel.mercado\source\repos\Yakult-System-New\Yakult.Inventory.App\Yakult.Inventory.App.csproj]
C:\Users\russel.mercado\source\repos\Yakult-System-New\Yakult.Inventory.App\Pages\Request\BatchAddRequestDialog.xaml.cs(914,17): error CS0103: The name 'DgvRequests' does not exist in the current context [C:\Users\russel.mercado\source\repos\Yakult-System-New\Yakult.Inventory.App\Yakult.Inventory.App.csproj]
C:\Users\russel.mercado\source\repos\Yakult-System-New\Yakult.Inventory.App\Pages\Request\BatchAddRequestDialog.xaml.cs(920,22): error CS0103: The name 'DgvRequests' does not exist in the current context [C:\Users\russel.mercado\source\repos\Yakult-System-New\Yakult.Inventory.App\Yakult.Inventory.App.csproj]
C:\Users\russel.mercado\source\repos\Yakult-System-New\Yakult.Inventory.App\Wpf\Branch\Views\BranchPageView.xaml.cs(24,13): error CS0103: The name 'InitializeComponent' does not exist in the current context [C:\Users\russel.mercado\source\repos\Yakult-System-New\Yakult.Inventory.App\Yakult.Inventory.App.csproj]
C:\Users\russel.mercado\source\repos\Yakult-System-New\Yakult.Inventory.App\Wpf\Branch\Views\BranchPageView.xaml.cs(37,37): error CS0103: The name 'BranchesGrid' does not exist in the current context [C:\Users\russel.mercado\source\repos\Yakult-System-New\Yakult.Inventory.App\Yakult.Inventory.App.csproj]
C:\Users\russel.mercado\source\repos\Yakult-System-New\Yakult.Inventory.App\Pages\Request\BatchAddRequestDialog.xaml.cs(932,24): error CS0103: The name 'ColItem' does not exist in the current context [C:\Users\russel.mercado\source\repos\Yakult-System-New\Yakult.Inventory.App\Yakult.Inventory.App.csproj]
C:\Users\russel.mercado\source\repos\Yakult-System-New\Yakult.Inventory.App\Wpf\Branch\Views\BranchPageView.xaml.cs(68,13): error CS0103: The name 'BranchesGrid' does not exist in the current context [C:\Users\russel.mercado\source\repos\Yakult-System-New\Yakult.Inventory.App\Yakult.Inventory.App.csproj]
C:\Users\russel.mercado\source\repos\Yakult-System-New\Yakult.Inventory.App\Wpf\Department\Views\DepartmentPageView.xaml.cs(21,13): error CS0103: The name 'InitializeComponent' does not exist in the current context [C:\Users\russel.mercado\source\repos\Yakult-System-New\Yakult.Inventory.App\Yakult.Inventory.App.csproj]
C:\Users\russel.mercado\source\repos\Yakult-System-New\Yakult.Inventory.App\Wpf\Department\Views\DepartmentPageView.xaml.cs(34,37): error CS0103: The name 'DepartmentsGrid' does not exist in the current context [C:\Users\russel.mercado\source\repos\Yakult-System-New\Yakult.Inventory.App\Yakult.Inventory.App.csproj]
C:\Users\russel.mercado\source\repos\Yakult-System-New\Yakult.Inventory.App\Wpf\Branch\Views\BranchPageView.xaml.cs(95,13): error CS0103: The name 'BranchesGrid' does not exist in the current context [C:\Users\russel.mercado\source\repos\Yakult-System-New\Yakult.Inventory.App\Yakult.Inventory.App.csproj]
C:\Users\russel.mercado\source\repos\Yakult-System-New\Yakult.Inventory.App\Wpf\Branch\Views\BranchPageView.xaml.cs(119,55): error CS0103: The name 'BranchesGrid' does not exist in the current context [C:\Users\russel.mercado\source\repos\Yakult-System-New\Yakult.Inventory.App\Yakult.Inventory.App.csproj]
C:\Users\russel.mercado\source\repos\Yakult-System-New\Yakult.Inventory.App\Wpf\Branch\Views\BranchPageView.xaml.cs(120,73): error CS0103: The name 'BranchesGrid' does not exist in the current context [C:\Users\russel.mercado\source\repos\Yakult-System-New\Yakult.Inventory.App\Yakult.Inventory.App.csproj]
C:\Users\russel.mercado\source\repos\Yakult-System-New\Yakult.Inventory.App\Wpf\Branch\Views\BranchPageView.xaml.cs(136,33): error CS0103: The name 'BranchesGrid' does not exist in the current context [C:\Users\russel.mercado\source\repos\Yakult-System-New\Yakult.Inventory.App\Yakult.Inventory.App.csproj]
C:\Users\russel.mercado\source\repos\Yakult-System-New\Yakult.Inventory.App\Wpf\RepairPortal\Attendance\Views\RepairAttendanceHistoryWindow.xaml.cs(14,13): error CS0103: The name 'InitializeComponent' does not exist in the current context [C:\Users\russel.mercado\source\repos\Yakult-System-New\Yakult.Inventory.App\Yakult.Inventory.App.csproj]
C:\Users\russel.mercado\source\repos\Yakult-System-New\Yakult.Inventory.App\Pages\Request\BatchAddRequestDialog.xaml.cs(1004,17): error CS0103: The name 'TxtDescription' does not exist in the current context [C:\Users\russel.mercado\source\repos\Yakult-System-New\Yakult.Inventory.App\Yakult.Inventory.App.csproj]
C:\Users\russel.mercado\source\repos\Yakult-System-New\Yakult.Inventory.App\Pages\Request\BatchAddRequestDialog.xaml.cs(1005,17): error CS0103: The name 'TxtRemarks' does not exist in the current context [C:\Users\russel.mercado\source\repos\Yakult-System-New\Yakult.Inventory.App\Yakult.Inventory.App.csproj]
C:\Users\russel.mercado\source\repos\Yakult-System-New\Yakult.Inventory.App\Pages\Request\BatchAddRequestDialog.xaml.cs(1006,17): error CS0103: The name 'TxtRemarks' does not exist in the current context [C:\Users\russel.mercado\source\repos\Yakult-System-New\Yakult.Inventory.App\Yakult.Inventory.App.csproj]
C:\Users\russel.mercado\source\repos\Yakult-System-New\Yakult.Inventory.App\Pages\Request\BatchAddRequestDialog.xaml.cs(1014,17): error CS0103: The name 'DgvRequests' does not exist in the current context [C:\Users\russel.mercado\source\repos\Yakult-System-New\Yakult.Inventory.App\Yakult.Inventory.App.csproj]
C:\Users\russel.mercado\source\repos\Yakult-System-New\Yakult.Inventory.App\Pages\Request\BatchAddRequestDialog.xaml.cs(1015,30): error CS0103: The name 'TxtRemarks' does not exist in the current context [C:\Users\russel.mercado\source\repos\Yakult-System-New\Yakult.Inventory.App\Yakult.Inventory.App.csproj]
C:\Users\russel.mercado\source\repos\Yakult-System-New\Yakult.Inventory.App\Wpf\RepairPortal\Kanban\Views\RepairTicketKanbanView.xaml.cs(20,13): error CS0103: The name 'InitializeComponent' does not exist in the current context [C:\Users\russel.mercado\source\repos\Yakult-System-New\Yakult.Inventory.App\Yakult.Inventory.App.csproj]
C:\Users\russel.mercado\source\repos\Yakult-System-New\Yakult.Inventory.App\Wpf\RepairPortal\Kanban\Views\RepairTicketKanbanView.xaml.cs(28,24): error CS0103: The name 'WaitingItems' does not exist in the current context [C:\Users\russel.mercado\source\repos\Yakult-System-New\Yakult.Inventory.App\Yakult.Inventory.App.csproj]
C:\Users\russel.mercado\source\repos\Yakult-System-New\Yakult.Inventory.App\Wpf\RepairPortal\Kanban\Views\RepairTicketKanbanView.xaml.cs(29,24): error CS0103: The name 'DiagnosingItems' does not exist in the current context [C:\Users\russel.mercado\source\repos\Yakult-System-New\Yakult.Inventory.App\Yakult.Inventory.App.csproj]
C:\Users\russel.mercado\source\repos\Yakult-System-New\Yakult.Inventory.App\Wpf\RepairPortal\Kanban\Views\RepairTicketKanbanView.xaml.cs(30,24): error CS0103: The name 'RepairingItems' does not exist in the current context [C:\Users\russel.mercado\source\repos\Yakult-System-New\Yakult.Inventory.App\Yakult.Inventory.App.csproj]
C:\Users\russel.mercado\source\repos\Yakult-System-New\Yakult.Inventory.App\Wpf\RepairPortal\Kanban\Views\RepairTicketKanbanView.xaml.cs(31,24): error CS0103: The name 'TestingItems' does not exist in the current context [C:\Users\russel.mercado\source\repos\Yakult-System-New\Yakult.Inventory.App\Yakult.Inventory.App.csproj]
C:\Users\russel.mercado\source\repos\Yakult-System-New\Yakult.Inventory.App\Wpf\RepairPortal\Kanban\Views\RepairTicketKanbanView.xaml.cs(32,24): error CS0103: The name 'CompletedItems' does not exist in the current context [C:\Users\russel.mercado\source\repos\Yakult-System-New\Yakult.Inventory.App\Yakult.Inventory.App.csproj]
C:\Users\russel.mercado\source\repos\Yakult-System-New\Yakult.Inventory.App\Wpf\RepairPortal\Kanban\Views\RepairTicketKanbanView.xaml.cs(33,24): error CS0103: The name 'UnrepairableItems' does not exist in the current context [C:\Users\russel.mercado\source\repos\Yakult-System-New\Yakult.Inventory.App\Yakult.Inventory.App.csproj]
C:\Users\russel.mercado\source\repos\Yakult-System-New\Yakult.Inventory.App\Wpf\RepairPortal\Table\Views\RepairTicketTableView.xaml.cs(35,13): error CS0103: The name 'InitializeComponent' does not exist in the current context [C:\Users\russel.mercado\source\repos\Yakult-System-New\Yakult.Inventory.App\Yakult.Inventory.App.csproj]
C:\Users\russel.mercado\source\repos\Yakult-System-New\Yakult.Inventory.App\Wpf\RepairPortal\Table\Views\RepairTicketTableView.xaml.cs(36,13): error CS0103: The name 'TicketsGrid' does not exist in the current context [C:\Users\russel.mercado\source\repos\Yakult-System-New\Yakult.Inventory.App\Yakult.Inventory.App.csproj]
C:\Users\russel.mercado\source\repos\Yakult-System-New\Yakult.Inventory.App\Wpf\RepairPortal\Table\Views\RepairTicketTableView.xaml.cs(42,13): error CS0103: The name 'PagingBar' does not exist in the current context [C:\Users\russel.mercado\source\repos\Yakult-System-New\Yakult.Inventory.App\Yakult.Inventory.App.csproj]
C:\Users\russel.mercado\source\repos\Yakult-System-New\Yakult.Inventory.App\Wpf\RepairPortal\Table\Views\RepairTicketTableView.xaml.cs(43,13): error CS0103: The name 'PagingBar' does not exist in the current context [C:\Users\russel.mercado\source\repos\Yakult-System-New\Yakult.Inventory.App\Yakult.Inventory.App.csproj]
C:\Users\russel.mercado\source\repos\Yakult-System-New\Yakult.Inventory.App\Wpf\RepairPortal\Table\Views\RepairTicketTableView.xaml.cs(44,13): error CS0103: The name 'PagingBar' does not exist in the current context [C:\Users\russel.mercado\source\repos\Yakult-System-New\Yakult.Inventory.App\Yakult.Inventory.App.csproj]
C:\Users\russel.mercado\source\repos\Yakult-System-New\Yakult.Inventory.App\Wpf\RepairPortal\Table\Views\RepairTicketTableView.xaml.cs(45,13): error CS0103: The name 'PagingBar' does not exist in the current context [C:\Users\russel.mercado\source\repos\Yakult-System-New\Yakult.Inventory.App\Yakult.Inventory.App.csproj]
C:\Users\russel.mercado\source\repos\Yakult-System-New\Yakult.Inventory.App\Wpf\RepairPortal\Table\Views\RepairTicketTableView.xaml.cs(49,13): error CS0103: The name 'TicketsGrid' does not exist in the current context [C:\Users\russel.mercado\source\repos\Yakult-System-New\Yakult.Inventory.App\Yakult.Inventory.App.csproj]
C:\Users\russel.mercado\source\repos\Yakult-System-New\Yakult.Inventory.App\Wpf\Notifications\NotificationSettingsWindow.xaml.cs(26,13): error CS0103: The name 'InitializeComponent' does not exist in the current context [C:\Users\russel.mercado\source\repos\Yakult-System-New\Yakult.Inventory.App\Yakult.Inventory.App.csproj]
C:\Users\russel.mercado\source\repos\Yakult-System-New\Yakult.Inventory.App\Wpf\Notifications\NotificationSettingsWindow.xaml.cs(31,13): error CS0103: The name 'toggleSwitch' does not exist in the current context [C:\Users\russel.mercado\source\repos\Yakult-System-New\Yakult.Inventory.App\Yakult.Inventory.App.csproj]
C:\Users\russel.mercado\source\repos\Yakult-System-New\Yakult.Inventory.App\Wpf\Notifications\NotificationSettingsWindow.xaml.cs(32,13): error CS0103: The name 'toggleSwitch' does not exist in the current context [C:\Users\russel.mercado\source\repos\Yakult-System-New\Yakult.Inventory.App\Yakult.Inventory.App.csproj]
C:\Users\russel.mercado\source\repos\Yakult-System-New\Yakult.Inventory.App\Wpf\Notifications\NotificationSettingsWindow.xaml.cs(35,13): error CS0103: The name 'toggleSwitch' does not exist in the current context [C:\Users\russel.mercado\source\repos\Yakult-System-New\Yakult.Inventory.App\Yakult.Inventory.App.csproj]
C:\Users\russel.mercado\source\repos\Yakult-System-New\Yakult.Inventory.App\Wpf\Notifications\NotificationSettingsWindow.xaml.cs(41,31): error CS0103: The name 'toggleSwitch' does not exist in the current context [C:\Users\russel.mercado\source\repos\Yakult-System-New\Yakult.Inventory.App\Yakult.Inventory.App.csproj]
C:\Users\russel.mercado\source\repos\Yakult-System-New\Yakult.Inventory.App\Wpf\Notifications\NotificationSettingsWindow.xaml.cs(46,13): error CS0103: The name 'lblToggleState' does not exist in the current context [C:\Users\russel.mercado\source\repos\Yakult-System-New\Yakult.Inventory.App\Yakult.Inventory.App.csproj]
C:\Users\russel.mercado\source\repos\Yakult-System-New\Yakult.Inventory.App\Wpf\Notifications\NotificationSettingsWindow.xaml.cs(47,13): error CS0103: The name 'lblToggleState' does not exist in the current context [C:\Users\russel.mercado\source\repos\Yakult-System-New\Yakult.Inventory.App\Yakult.Inventory.App.csproj]
C:\Users\russel.mercado\source\repos\Yakult-System-New\Yakult.Inventory.App\Wpf\Notifications\NotificationSettingsWindow.xaml.cs(54,28): error CS0103: The name 'toggleSwitch' does not exist in the current context [C:\Users\russel.mercado\source\repos\Yakult-System-New\Yakult.Inventory.App\Yakult.Inventory.App.csproj]
C:\Users\russel.mercado\source\repos\Yakult-System-New\Yakult.Inventory.App\Wpf\RepairPortal\Table\Views\RepairTicketTableView.xaml.cs(159,13): error CS0103: The name 'PagingBar' does not exist in the current context [C:\Users\russel.mercado\source\repos\Yakult-System-New\Yakult.Inventory.App\Yakult.Inventory.App.csproj]
C:\Users\russel.mercado\source\repos\Yakult-System-New\Yakult.Inventory.App\Wpf\RepairPortal\Table\Views\RepairTicketTableView.xaml.cs(168,17): error CS0103: The name 'SelectAllCheckBox' does not exist in the current context [C:\Users\russel.mercado\source\repos\Yakult-System-New\Yakult.Inventory.App\Yakult.Inventory.App.csproj]
C:\Users\russel.mercado\source\repos\Yakult-System-New\Yakult.Inventory.App\Wpf\RepairPortal\Table\Views\RepairTicketTableView.xaml.cs(168,54): error CS0103: The name 'SelectAllCheckBox' does not exist in the current context [C:\Users\russel.mercado\source\repos\Yakult-System-New\Yakult.Inventory.App\Yakult.Inventory.App.csproj]
C:\Users\russel.mercado\source\repos\Yakult-System-New\Yakult.Inventory.App\Wpf\Notifications\NotificationSettingsWindow.xaml.cs(68,17): error CS0103: The name 'toggleSwitch' does not exist in the current context [C:\Users\russel.mercado\source\repos\Yakult-System-New\Yakult.Inventory.App\Yakult.Inventory.App.csproj]
C:\Users\russel.mercado\source\repos\Yakult-System-New\Yakult.Inventory.App\Wpf\Notifications\NotificationSettingsWindow.xaml.cs(94,13): error CS0103: The name 'lblStatus' does not exist in the current context [C:\Users\russel.mercado\source\repos\Yakult-System-New\Yakult.Inventory.App\Yakult.Inventory.App.csproj]
C:\Users\russel.mercado\source\repos\Yakult-System-New\Yakult.Inventory.App\Wpf\Notifications\NotificationSettingsWindow.xaml.cs(95,13): error CS0103: The name 'lblStatus' does not exist in the current context [C:\Users\russel.mercado\source\repos\Yakult-System-New\Yakult.Inventory.App\Yakult.Inventory.App.csproj]
C:\Users\russel.mercado\source\repos\Yakult-System-New\Yakult.Inventory.App\Wpf\RepairPortal\Table\Views\RepairTicketTableView.xaml.cs(185,27): error CS0103: The name 'SelectAllCheckBox' does not exist in the current context [C:\Users\russel.mercado\source\repos\Yakult-System-New\Yakult.Inventory.App\Yakult.Inventory.App.csproj]
C:\Users\russel.mercado\source\repos\Yakult-System-New\Yakult.Inventory.App\Pages\Request\BatchAddRequestDialog.xaml.cs(1070,13): error CS0103: The name 'DgvRequests' does not exist in the current context [C:\Users\russel.mercado\source\repos\Yakult-System-New\Yakult.Inventory.App\Yakult.Inventory.App.csproj]
C:\Users\russel.mercado\source\repos\Yakult-System-New\Yakult.Inventory.App\Pages\Request\BatchAddRequestDialog.xaml.cs(1071,13): error CS0103: The name 'DgvRequests' does not exist in the current context [C:\Users\russel.mercado\source\repos\Yakult-System-New\Yakult.Inventory.App\Yakult.Inventory.App.csproj]
C:\Users\russel.mercado\source\repos\Yakult-System-New\Yakult.Inventory.App\Pages\Request\BatchAddRequestDialog.xaml.cs(1078,26): error CS0103: The name 'ChkNoEmployee' does not exist in the current context [C:\Users\russel.mercado\source\repos\Yakult-System-New\Yakult.Inventory.App\Yakult.Inventory.App.csproj]
C:\Users\russel.mercado\source\repos\Yakult-System-New\Yakult.Inventory.App\Pages\Request\BatchAddRequestDialog.xaml.cs(1082,34): error CS0103: The name 'CmbCompany' does not exist in the current context [C:\Users\russel.mercado\source\repos\Yakult-System-New\Yakult.Inventory.App\Yakult.Inventory.App.csproj]
C:\Users\russel.mercado\source\repos\Yakult-System-New\Yakult.Inventory.App\Pages\Request\BatchAddRequestDialog.xaml.cs(1085,21): error CS0103: The name 'CmbCompany' does not exist in the current context [C:\Users\russel.mercado\source\repos\Yakult-System-New\Yakult.Inventory.App\Yakult.Inventory.App.csproj]
C:\Users\russel.mercado\source\repos\Yakult-System-New\Yakult.Inventory.App\Pages\Request\BatchAddRequestDialog.xaml.cs(1093,31): error CS0103: The name 'CmbDepartment' does not exist in the current context [C:\Users\russel.mercado\source\repos\Yakult-System-New\Yakult.Inventory.App\Yakult.Inventory.App.csproj]
C:\Users\russel.mercado\source\repos\Yakult-System-New\Yakult.Inventory.App\Pages\Request\BatchAddRequestDialog.xaml.cs(1096,33): error CS0103: The name 'CmbBranch' does not exist in the current context [C:\Users\russel.mercado\source\repos\Yakult-System-New\Yakult.Inventory.App\Yakult.Inventory.App.csproj]
C:\Users\russel.mercado\source\repos\Yakult-System-New\Yakult.Inventory.App\Pages\Request\BatchAddRequestDialog.xaml.cs(1105,33): error CS0103: The name 'TxtEmployee' does not exist in the current context [C:\Users\russel.mercado\source\repos\Yakult-System-New\Yakult.Inventory.App\Yakult.Inventory.App.csproj]
C:\Users\russel.mercado\source\repos\Yakult-System-New\Yakult.Inventory.App\Pages\Request\BatchAddRequestDialog.xaml.cs(1107,56): error CS8175: Cannot use ref local 'typed' inside an anonymous method, lambda expression, or query expression [C:\Users\russel.mercado\source\repos\Yakult-System-New\Yakult.Inventory.App\Yakult.Inventory.App.csproj]
C:\Users\russel.mercado\source\repos\Yakult-System-New\Yakult.Inventory.App\Pages\Request\BatchAddRequestDialog.xaml.cs(1111,21): error CS0103: The name 'TxtEmployee' does not exist in the current context [C:\Users\russel.mercado\source\repos\Yakult-System-New\Yakult.Inventory.App\Yakult.Inventory.App.csproj]
C:\Users\russel.mercado\source\repos\Yakult-System-New\Yakult.Inventory.App\Pages\Request\BatchAddRequestDialog.xaml.cs(1114,21): error CS0103: The name 'TxtEmployee' does not exist in the current context [C:\Users\russel.mercado\source\repos\Yakult-System-New\Yakult.Inventory.App\Yakult.Inventory.App.csproj]
C:\Users\russel.mercado\source\repos\Yakult-System-New\Yakult.Inventory.App\Pages\Request\BatchAddRequestDialog.xaml.cs(1117,17): error CS0103: The name 'TxtEmployee' does not exist in the current context [C:\Users\russel.mercado\source\repos\Yakult-System-New\Yakult.Inventory.App\Yakult.Inventory.App.csproj]
C:\Users\russel.mercado\source\repos\Yakult-System-New\Yakult.Inventory.App\Pages\Software\SoftwareServiceSetDialog.cs(32,13): error CS0103: The name 'InitializeComponent' does not exist in the current context [C:\Users\russel.mercado\source\repos\Yakult-System-New\Yakult.Inventory.App\Yakult.Inventory.App.csproj]
C:\Users\russel.mercado\source\repos\Yakult-System-New\Yakult.Inventory.App\Wpf\RepairPortal\Table\Views\RepairTicketSelectionReviewDialog.xaml.cs(26,13): error CS0103: The name 'InitializeComponent' does not exist in the current context [C:\Users\russel.mercado\source\repos\Yakult-System-New\Yakult.Inventory.App\Yakult.Inventory.App.csproj]
C:\Users\russel.mercado\source\repos\Yakult-System-New\Yakult.Inventory.App\Wpf\RepairPortal\Table\Views\RepairTicketSelectionReviewDialog.xaml.cs(30,13): error CS0103: The name 'TicketsGrid' does not exist in the current context [C:\Users\russel.mercado\source\repos\Yakult-System-New\Yakult.Inventory.App\Yakult.Inventory.App.csproj]
C:\Users\russel.mercado\source\repos\Yakult-System-New\Yakult.Inventory.App\Wpf\RequestPortal\AssistedRequest\Views\AssistedRequestView.xaml.cs(12,85): error CS0103: The name 'tourAssistedBanner' does not exist in the current context [C:\Users\russel.mercado\source\repos\Yakult-System-New\Yakult.Inventory.App\Yakult.Inventory.App.csproj]
C:\Users\russel.mercado\source\repos\Yakult-System-New\Yakult.Inventory.App\Wpf\RequestPortal\AssistedRequest\Views\AssistedRequestView.xaml.cs(13,85): error CS0103: The name 'tourTargetEmployeeCard' does not exist in the current context [C:\Users\russel.mercado\source\repos\Yakult-System-New\Yakult.Inventory.App\Yakult.Inventory.App.csproj]
C:\Users\russel.mercado\source\repos\Yakult-System-New\Yakult.Inventory.App\Wpf\RequestPortal\AssistedRequest\Views\AssistedRequestView.xaml.cs(14,85): error CS0103: The name 'tourEmpFilterRow' does not exist in the current context [C:\Users\russel.mercado\source\repos\Yakult-System-New\Yakult.Inventory.App\Yakult.Inventory.App.csproj]
C:\Users\russel.mercado\source\repos\Yakult-System-New\Yakult.Inventory.App\Wpf\RequestPortal\AssistedRequest\Views\AssistedRequestView.xaml.cs(15,85): error CS0103: The name 'tourCartridgeSelectionCard' does not exist in the current context [C:\Users\russel.mercado\source\repos\Yakult-System-New\Yakult.Inventory.App\Yakult.Inventory.App.csproj]
C:\Users\russel.mercado\source\repos\Yakult-System-New\Yakult.Inventory.App\Wpf\RequestPortal\AssistedRequest\Views\AssistedRequestView.xaml.cs(16,85): error CS0103: The name 'tourRequestItemsCard' does not exist in the current context [C:\Users\russel.mercado\source\repos\Yakult-System-New\Yakult.Inventory.App\Yakult.Inventory.App.csproj]
C:\Users\russel.mercado\source\repos\Yakult-System-New\Yakult.Inventory.App\Wpf\RequestPortal\AssistedRequest\Views\AssistedRequestView.xaml.cs(17,85): error CS0103: The name 'tourDestinationCard' does not exist in the current context [C:\Users\russel.mercado\source\repos\Yakult-System-New\Yakult.Inventory.App\Yakult.Inventory.App.csproj]
C:\Users\russel.mercado\source\repos\Yakult-System-New\Yakult.Inventory.App\Wpf\RequestPortal\AssistedRequest\Views\AssistedRequestView.xaml.cs(18,85): error CS0103: The name 'tourRbFilterRow' does not exist in the current context [C:\Users\russel.mercado\source\repos\Yakult-System-New\Yakult.Inventory.App\Yakult.Inventory.App.csproj]
C:\Users\russel.mercado\source\repos\Yakult-System-New\Yakult.Inventory.App\Wpf\RequestPortal\AssistedRequest\Views\AssistedRequestView.xaml.cs(19,85): error CS0103: The name 'tourManualAuthCard' does not exist in the current context [C:\Users\russel.mercado\source\repos\Yakult-System-New\Yakult.Inventory.App\Yakult.Inventory.App.csproj]
C:\Users\russel.mercado\source\repos\Yakult-System-New\Yakult.Inventory.App\Wpf\RequestPortal\AssistedRequest\Views\AssistedRequestView.xaml.cs(20,85): error CS0103: The name 'tourAuthorizedByRow' does not exist in the current context [C:\Users\russel.mercado\source\repos\Yakult-System-New\Yakult.Inventory.App\Yakult.Inventory.App.csproj]
C:\Users\russel.mercado\source\repos\Yakult-System-New\Yakult.Inventory.App\Wpf\RequestPortal\AssistedRequest\Views\AssistedRequestView.xaml.cs(21,85): error CS0103: The name 'tourDecisionRow' does not exist in the current context [C:\Users\russel.mercado\source\repos\Yakult-System-New\Yakult.Inventory.App\Yakult.Inventory.App.csproj]
C:\Users\russel.mercado\source\repos\Yakult-System-New\Yakult.Inventory.App\Wpf\RequestPortal\AssistedRequest\Views\AssistedRequestView.xaml.cs(22,85): error CS0103: The name 'tourAuthRemarksRow' does not exist in the current context [C:\Users\russel.mercado\source\repos\Yakult-System-New\Yakult.Inventory.App\Yakult.Inventory.App.csproj]
C:\Users\russel.mercado\source\repos\Yakult-System-New\Yakult.Inventory.App\Wpf\RequestPortal\AssistedRequest\Views\AssistedRequestView.xaml.cs(23,85): error CS0103: The name 'tourActionBar' does not exist in the current context [C:\Users\russel.mercado\source\repos\Yakult-System-New\Yakult.Inventory.App\Yakult.Inventory.App.csproj]
C:\Users\russel.mercado\source\repos\Yakult-System-New\Yakult.Inventory.App\Wpf\RequestPortal\AssistedRequest\Views\AssistedRequestView.xaml.cs(29,13): error CS0103: The name 'InitializeComponent' does not exist in the current context [C:\Users\russel.mercado\source\repos\Yakult-System-New\Yakult.Inventory.App\Yakult.Inventory.App.csproj]
C:\Users\russel.mercado\source\repos\Yakult-System-New\Yakult.Inventory.App\Wpf\RequestPortal\AssistedRequest\Views\AssistedRequestView.xaml.cs(42,21): error CS0103: The name 'tourScrollViewer' does not exist in the current context [C:\Users\russel.mercado\source\repos\Yakult-System-New\Yakult.Inventory.App\Yakult.Inventory.App.csproj]
C:\Users\russel.mercado\source\repos\Yakult-System-New\Yakult.Inventory.App\Wpf\RepairPortal\Table\Views\RepairTicketSelectionReviewDialog.xaml.cs(88,13): error CS0103: The name 'MaximizeGlyph' does not exist in the current context [C:\Users\russel.mercado\source\repos\Yakult-System-New\Yakult.Inventory.App\Yakult.Inventory.App.csproj]
C:\Users\russel.mercado\source\repos\Yakult-System-New\Yakult.Inventory.App\Wpf\RepairPortal\Table\Views\RepairTicketSelectionReviewDialog.xaml.cs(89,13): error CS0103: The name 'MaximizeGlyph' does not exist in the current context [C:\Users\russel.mercado\source\repos\Yakult-System-New\Yakult.Inventory.App\Yakult.Inventory.App.csproj]
C:\Users\russel.mercado\source\repos\Yakult-System-New\Yakult.Inventory.App\Wpf\RepairPortal\Table\Views\RepairTicketSelectionReviewDialog.xaml.cs(132,17): error CS0103: The name 'SelectAllCheckBox' does not exist in the current context [C:\Users\russel.mercado\source\repos\Yakult-System-New\Yakult.Inventory.App\Yakult.Inventory.App.csproj]
C:\Users\russel.mercado\source\repos\Yakult-System-New\Yakult.Inventory.App\Wpf\RepairPortal\Table\Views\RepairTicketSelectionReviewDialog.xaml.cs(132,54): error CS0103: The name 'SelectAllCheckBox' does not exist in the current context [C:\Users\russel.mercado\source\repos\Yakult-System-New\Yakult.Inventory.App\Yakult.Inventory.App.csproj]
C:\Users\russel.mercado\source\repos\Yakult-System-New\Yakult.Inventory.App\Wpf\RepairPortal\Table\Views\RepairTicketSelectionReviewDialog.xaml.cs(138,27): error CS0103: The name 'SelectAllCheckBox' does not exist in the current context [C:\Users\russel.mercado\source\repos\Yakult-System-New\Yakult.Inventory.App\Yakult.Inventory.App.csproj]
C:\Users\russel.mercado\source\repos\Yakult-System-New\Yakult.Inventory.App\Wpf\RepairPortal\Table\Views\RepairTicketSelectionReviewDialog.xaml.cs(144,13): error CS0103: The name 'TxtCount' does not exist in the current context [C:\Users\russel.mercado\source\repos\Yakult-System-New\Yakult.Inventory.App\Yakult.Inventory.App.csproj]
C:\Users\russel.mercado\source\repos\Yakult-System-New\Yakult.Inventory.App\Wpf\RepairPortal\Table\Views\RepairTicketSelectionReviewDialog.xaml.cs(147,13): error CS0103: The name 'TxtEmptyState' does not exist in the current context [C:\Users\russel.mercado\source\repos\Yakult-System-New\Yakult.Inventory.App\Yakult.Inventory.App.csproj]
C:\Users\russel.mercado\source\repos\Yakult-System-New\Yakult.Inventory.App\Wpf\RepairPortal\Table\Views\RepairTicketSelectionReviewDialog.xaml.cs(148,13): error CS0103: The name 'BtnRemoveAll' does not exist in the current context [C:\Users\russel.mercado\source\repos\Yakult-System-New\Yakult.Inventory.App\Yakult.Inventory.App.csproj]
C:\Users\russel.mercado\source\repos\Yakult-System-New\Yakult.Inventory.App\Wpf\RepairPortal\Gallery\Views\RepairTicketGalleryView.xaml.cs(50,13): error CS0103: The name 'InitializeComponent' does not exist in the current context [C:\Users\russel.mercado\source\repos\Yakult-System-New\Yakult.Inventory.App\Yakult.Inventory.App.csproj]
C:\Users\russel.mercado\source\repos\Yakult-System-New\Yakult.Inventory.App\Wpf\RepairPortal\Gallery\Views\RepairTicketGalleryView.xaml.cs(51,13): error CS0103: The name 'TicketsItemsControl' does not exist in the current context [C:\Users\russel.mercado\source\repos\Yakult-System-New\Yakult.Inventory.App\Yakult.Inventory.App.csproj]
C:\Users\russel.mercado\source\repos\Yakult-System-New\Yakult.Inventory.App\Wpf\RepairPortal\Gallery\Views\RepairTicketGalleryView.xaml.cs(57,13): error CS0103: The name 'PagingBar' does not exist in the current context [C:\Users\russel.mercado\source\repos\Yakult-System-New\Yakult.Inventory.App\Yakult.Inventory.App.csproj]
C:\Users\russel.mercado\source\repos\Yakult-System-New\Yakult.Inventory.App\Wpf\RepairPortal\Gallery\Views\RepairTicketGalleryView.xaml.cs(58,13): error CS0103: The name 'PagingBar' does not exist in the current context [C:\Users\russel.mercado\source\repos\Yakult-System-New\Yakult.Inventory.App\Yakult.Inventory.App.csproj]
C:\Users\russel.mercado\source\repos\Yakult-System-New\Yakult.Inventory.App\Wpf\RepairPortal\Gallery\Views\RepairTicketGalleryView.xaml.cs(59,13): error CS0103: The name 'PagingBar' does not exist in the current context [C:\Users\russel.mercado\source\repos\Yakult-System-New\Yakult.Inventory.App\Yakult.Inventory.App.csproj]
C:\Users\russel.mercado\source\repos\Yakult-System-New\Yakult.Inventory.App\Wpf\RepairPortal\Gallery\Views\RepairTicketGalleryView.xaml.cs(60,13): error CS0103: The name 'PagingBar' does not exist in the current context [C:\Users\russel.mercado\source\repos\Yakult-System-New\Yakult.Inventory.App\Yakult.Inventory.App.csproj]
C:\Users\russel.mercado\source\repos\Yakult-System-New\Yakult.Inventory.App\Wpf\RepairPortal\Gallery\Views\RepairTicketGalleryView.xaml.cs(65,50): error CS0103: The name 'GalleryScrollViewer' does not exist in the current context [C:\Users\russel.mercado\source\repos\Yakult-System-New\Yakult.Inventory.App\Yakult.Inventory.App.csproj]
C:\Users\russel.mercado\source\repos\Yakult-System-New\Yakult.Inventory.App\Wpf\RepairPortal\Gallery\Views\RepairTicketGalleryView.xaml.cs(118,13): error CS0103: The name 'PagingBar' does not exist in the current context [C:\Users\russel.mercado\source\repos\Yakult-System-New\Yakult.Inventory.App\Yakult.Inventory.App.csproj]
C:\Users\russel.mercado\source\repos\Yakult-System-New\Yakult.Inventory.App\Wpf\RepairPortal\Gallery\Views\RepairTicketGalleryView.xaml.cs(148,59): error CS0103: The name 'TicketsItemsControl' does not exist in the current context [C:\Users\russel.mercado\source\repos\Yakult-System-New\Yakult.Inventory.App\Yakult.Inventory.App.csproj]
C:\Users\russel.mercado\source\repos\Yakult-System-New\Yakult.Inventory.App\Pages\Software\SoftwareServiceSetDialog.cs(68,13): error CS0103: The name 'ItemsGrid' does not exist in the current context [C:\Users\russel.mercado\source\repos\Yakult-System-New\Yakult.Inventory.App\Yakult.Inventory.App.csproj]
C:\Users\russel.mercado\source\repos\Yakult-System-New\Yakult.Inventory.App\Pages\Software\SoftwareServiceSetDialog.cs(71,28): error CS0103: The name 'DtpDocumentDate' does not exist in the current context [C:\Users\russel.mercado\source\repos\Yakult-System-New\Yakult.Inventory.App\Yakult.Inventory.App.csproj]
C:\Users\russel.mercado\source\repos\Yakult-System-New\Yakult.Inventory.App\Pages\Software\SoftwareServiceSetDialog.cs(72,28): error CS0103: The name 'DtpStartDate' does not exist in the current context [C:\Users\russel.mercado\source\repos\Yakult-System-New\Yakult.Inventory.App\Yakult.Inventory.App.csproj]
C:\Users\russel.mercado\source\repos\Yakult-System-New\Yakult.Inventory.App\Pages\Software\SoftwareServiceSetDialog.cs(73,28): error CS0103: The name 'DtpEndDate' does not exist in the current context [C:\Users\russel.mercado\source\repos\Yakult-System-New\Yakult.Inventory.App\Yakult.Inventory.App.csproj]
C:\Users\russel.mercado\source\repos\Yakult-System-New\Yakult.Inventory.App\Pages\Software\SoftwareServiceSetDialog.cs(75,13): error CS0103: The name 'DtpDocumentDate' does not exist in the current context [C:\Users\russel.mercado\source\repos\Yakult-System-New\Yakult.Inventory.App\Yakult.Inventory.App.csproj]
C:\Users\russel.mercado\source\repos\Yakult-System-New\Yakult.Inventory.App\Pages\Software\SoftwareServiceSetDialog.cs(76,13): error CS0103: The name 'DtpStartDate' does not exist in the current context [C:\Users\russel.mercado\source\repos\Yakult-System-New\Yakult.Inventory.App\Yakult.Inventory.App.csproj]
C:\Users\russel.mercado\source\repos\Yakult-System-New\Yakult.Inventory.App\Pages\Software\SoftwareServiceSetDialog.cs(77,13): error CS0103: The name 'DtpEndDate' does not exist in the current context [C:\Users\russel.mercado\source\repos\Yakult-System-New\Yakult.Inventory.App\Yakult.Inventory.App.csproj]
C:\Users\russel.mercado\source\repos\Yakult-System-New\Yakult.Inventory.App\Pages\Software\SoftwareServiceSetDialog.cs(78,13): error CS0103: The name 'ChkHasContractPeriod' does not exist in the current context [C:\Users\russel.mercado\source\repos\Yakult-System-New\Yakult.Inventory.App\Yakult.Inventory.App.csproj]
C:\Users\russel.mercado\source\repos\Yakult-System-New\Yakult.Inventory.App\Wpf\Department\Views\DepartmentPageView.xaml.cs(72,13): error CS0103: The name 'DepartmentsGrid' does not exist in the current context [C:\Users\russel.mercado\source\repos\Yakult-System-New\Yakult.Inventory.App\Yakult.Inventory.App.csproj]
C:\Users\russel.mercado\source\repos\Yakult-System-New\Yakult.Inventory.App\Wpf\Department\Views\DepartmentPageView.xaml.cs(99,13): error CS0103: The name 'DepartmentsGrid' does not exist in the current context [C:\Users\russel.mercado\source\repos\Yakult-System-New\Yakult.Inventory.App\Yakult.Inventory.App.csproj]
C:\Users\russel.mercado\source\repos\Yakult-System-New\Yakult.Inventory.App\Wpf\Toast\YakultToastDisplayPart.xaml.cs(23,13): error CS0103: The name 'InitializeComponent' does not exist in the current context [C:\Users\russel.mercado\source\repos\Yakult-System-New\Yakult.Inventory.App\Yakult.Inventory.App.csproj]
C:\Users\russel.mercado\source\repos\Yakult-System-New\Yakult.Inventory.App\Wpf\Toast\YakultToastDisplayPart.xaml.cs(26,13): error CS0103: The name 'TitleBlock' does not exist in the current context [C:\Users\russel.mercado\source\repos\Yakult-System-New\Yakult.Inventory.App\Yakult.Inventory.App.csproj]
C:\Users\russel.mercado\source\repos\Yakult-System-New\Yakult.Inventory.App\Wpf\Toast\YakultToastDisplayPart.xaml.cs(27,13): error CS0103: The name 'MessageBlock' does not exist in the current context [C:\Users\russel.mercado\source\repos\Yakult-System-New\Yakult.Inventory.App\Yakult.Inventory.App.csproj]
C:\Users\russel.mercado\source\repos\Yakult-System-New\Yakult.Inventory.App\Wpf\Toast\YakultToastDisplayPart.xaml.cs(31,13): error CS0103: The name 'CloseButton' does not exist in the current context [C:\Users\russel.mercado\source\repos\Yakult-System-New\Yakult.Inventory.App\Yakult.Inventory.App.csproj]
C:\Users\russel.mercado\source\repos\Yakult-System-New\Yakult.Inventory.App\Wpf\Toast\YakultToastDisplayPart.xaml.cs(55,13): error CS0103: The name 'IconCircle' does not exist in the current context [C:\Users\russel.mercado\source\repos\Yakult-System-New\Yakult.Inventory.App\Yakult.Inventory.App.csproj]
C:\Users\russel.mercado\source\repos\Yakult-System-New\Yakult.Inventory.App\Wpf\Toast\YakultToastDisplayPart.xaml.cs(56,13): error CS0103: The name 'IconGlyph' does not exist in the current context [C:\Users\russel.mercado\source\repos\Yakult-System-New\Yakult.Inventory.App\Yakult.Inventory.App.csproj]
C:\Users\russel.mercado\source\repos\Yakult-System-New\Yakult.Inventory.App\Wpf\Toast\YakultToastDisplayPart.xaml.cs(57,13): error CS0103: The name 'IconGlyph' does not exist in the current context [C:\Users\russel.mercado\source\repos\Yakult-System-New\Yakult.Inventory.App\Yakult.Inventory.App.csproj]
C:\Users\russel.mercado\source\repos\Yakult-System-New\Yakult.Inventory.App\Pages\Software\SoftwareServiceSetDialog.cs(136,17): error CS0103: The name 'BtnMaximizeGlyph' does not exist in the current context [C:\Users\russel.mercado\source\repos\Yakult-System-New\Yakult.Inventory.App\Yakult.Inventory.App.csproj]
C:\Users\russel.mercado\source\repos\Yakult-System-New\Yakult.Inventory.App\Pages\Software\SoftwareServiceSetDialog.cs(142,17): error CS0103: The name 'BtnMaximizeGlyph' does not exist in the current context [C:\Users\russel.mercado\source\repos\Yakult-System-New\Yakult.Inventory.App\Yakult.Inventory.App.csproj]
C:\Users\russel.mercado\source\repos\Yakult-System-New\Yakult.Inventory.App\Wpf\Department\Views\DepartmentPageView.xaml.cs(123,55): error CS0103: The name 'DepartmentsGrid' does not exist in the current context [C:\Users\russel.mercado\source\repos\Yakult-System-New\Yakult.Inventory.App\Yakult.Inventory.App.csproj]
C:\Users\russel.mercado\source\repos\Yakult-System-New\Yakult.Inventory.App\Wpf\Department\Views\DepartmentPageView.xaml.cs(124,73): error CS0103: The name 'DepartmentsGrid' does not exist in the current context [C:\Users\russel.mercado\source\repos\Yakult-System-New\Yakult.Inventory.App\Yakult.Inventory.App.csproj]
C:\Users\russel.mercado\source\repos\Yakult-System-New\Yakult.Inventory.App\Wpf\RepairPortal\Shell\Views\RepairPortalShellWindow.xaml.cs(25,13): error CS0103: The name 'InitializeComponent' does not exist in the current context [C:\Users\russel.mercado\source\repos\Yakult-System-New\Yakult.Inventory.App\Yakult.Inventory.App.csproj]
C:\Users\russel.mercado\source\repos\Yakult-System-New\Yakult.Inventory.App\Wpf\RepairPortal\Shell\Views\RepairPortalShellWindow.xaml.cs(45,13): error CS0103: The name 'NotificationBell' does not exist in the current context [C:\Users\russel.mercado\source\repos\Yakult-System-New\Yakult.Inventory.App\Yakult.Inventory.App.csproj]
C:\Users\russel.mercado\source\repos\Yakult-System-New\Yakult.Inventory.App\Wpf\RepairPortal\Shell\Views\RepairPortalShellWindow.xaml.cs(76,17): error CS0103: The name 'NotificationBell' does not exist in the current context [C:\Users\russel.mercado\source\repos\Yakult-System-New\Yakult.Inventory.App\Yakult.Inventory.App.csproj]
C:\Users\russel.mercado\source\repos\Yakult-System-New\Yakult.Inventory.App\Wpf\Department\Views\DepartmentPageView.xaml.cs(140,33): error CS0103: The name 'DepartmentsGrid' does not exist in the current context [C:\Users\russel.mercado\source\repos\Yakult-System-New\Yakult.Inventory.App\Yakult.Inventory.App.csproj]
C:\Users\russel.mercado\source\repos\Yakult-System-New\Yakult.Inventory.App\Wpf\Company\Views\CompanyPageView.xaml.cs(21,13): error CS0103: The name 'InitializeComponent' does not exist in the current context [C:\Users\russel.mercado\source\repos\Yakult-System-New\Yakult.Inventory.App\Yakult.Inventory.App.csproj]
C:\Users\russel.mercado\source\repos\Yakult-System-New\Yakult.Inventory.App\Pages\Software\SoftwareServiceSetDialog.cs(158,17): error CS0103: The name 'CmbCompany' does not exist in the current context [C:\Users\russel.mercado\source\repos\Yakult-System-New\Yakult.Inventory.App\Yakult.Inventory.App.csproj]
C:\Users\russel.mercado\source\repos\Yakult-System-New\Yakult.Inventory.App\Pages\Software\SoftwareServiceSetDialog.cs(159,17): error CS0103: The name 'CmbCompany' does not exist in the current context [C:\Users\russel.mercado\source\repos\Yakult-System-New\Yakult.Inventory.App\Yakult.Inventory.App.csproj]
C:\Users\russel.mercado\source\repos\Yakult-System-New\Yakult.Inventory.App\Pages\Software\SoftwareServiceSetDialog.cs(161,21): error CS0103: The name 'CmbCompany' does not exist in the current context [C:\Users\russel.mercado\source\repos\Yakult-System-New\Yakult.Inventory.App\Yakult.Inventory.App.csproj]
C:\Users\russel.mercado\source\repos\Yakult-System-New\Yakult.Inventory.App\Pages\Software\SoftwareServiceSetDialog.cs(163,21): error CS0103: The name 'CmbCompany' does not exist in the current context [C:\Users\russel.mercado\source\repos\Yakult-System-New\Yakult.Inventory.App\Yakult.Inventory.App.csproj]
C:\Users\russel.mercado\source\repos\Yakult-System-New\Yakult.Inventory.App\Pages\Software\SoftwareServiceSetDialog.cs(164,21): error CS0103: The name 'CmbCompany' does not exist in the current context [C:\Users\russel.mercado\source\repos\Yakult-System-New\Yakult.Inventory.App\Yakult.Inventory.App.csproj]
C:\Users\russel.mercado\source\repos\Yakult-System-New\Yakult.Inventory.App\Wpf\RepairPortal\Shell\Views\RepairPortalShellWindow.xaml.cs(89,13): error CS0103: The name 'NotificationBell' does not exist in the current context [C:\Users\russel.mercado\source\repos\Yakult-System-New\Yakult.Inventory.App\Yakult.Inventory.App.csproj]
C:\Users\russel.mercado\source\repos\Yakult-System-New\Yakult.Inventory.App\Wpf\Employee\Views\EmployeePageView.xaml.cs(24,13): error CS0103: The name 'InitializeComponent' does not exist in the current context [C:\Users\russel.mercado\source\repos\Yakult-System-New\Yakult.Inventory.App\Yakult.Inventory.App.csproj]
C:\Users\russel.mercado\source\repos\Yakult-System-New\Yakult.Inventory.App\Pages\Software\SoftwareServiceSetDialog.cs(179,17): error CS0103: The name 'CmbDistributor' does not exist in the current context [C:\Users\russel.mercado\source\repos\Yakult-System-New\Yakult.Inventory.App\Yakult.Inventory.App.csproj]
C:\Users\russel.mercado\source\repos\Yakult-System-New\Yakult.Inventory.App\Pages\Software\SoftwareServiceSetDialog.cs(180,17): error CS0103: The name 'CmbDistributor' does not exist in the current context [C:\Users\russel.mercado\source\repos\Yakult-System-New\Yakult.Inventory.App\Yakult.Inventory.App.csproj]
C:\Users\russel.mercado\source\repos\Yakult-System-New\Yakult.Inventory.App\Pages\Software\SoftwareServiceSetDialog.cs(182,21): error CS0103: The name 'CmbDistributor' does not exist in the current context [C:\Users\russel.mercado\source\repos\Yakult-System-New\Yakult.Inventory.App\Yakult.Inventory.App.csproj]
C:\Users\russel.mercado\source\repos\Yakult-System-New\Yakult.Inventory.App\Pages\Software\SoftwareServiceSetDialog.cs(184,21): error CS0103: The name 'CmbDistributor' does not exist in the current context [C:\Users\russel.mercado\source\repos\Yakult-System-New\Yakult.Inventory.App\Yakult.Inventory.App.csproj]
C:\Users\russel.mercado\source\repos\Yakult-System-New\Yakult.Inventory.App\Pages\Software\SoftwareServiceSetDialog.cs(185,21): error CS0103: The name 'CmbDistributor' does not exist in the current context [C:\Users\russel.mercado\source\repos\Yakult-System-New\Yakult.Inventory.App\Yakult.Inventory.App.csproj]
C:\Users\russel.mercado\source\repos\Yakult-System-New\Yakult.Inventory.App\Wpf\RepairPortal\Shell\Views\RepairPortalShellWindow.xaml.cs(127,28): error CS0103: The name 'SidebarPanel' does not exist in the current context [C:\Users\russel.mercado\source\repos\Yakult-System-New\Yakult.Inventory.App\Yakult.Inventory.App.csproj]
C:\Users\russel.mercado\source\repos\Yakult-System-New\Yakult.Inventory.App\Pages\Software\SoftwareServiceSetDialog.cs(197,28): error CS0103: The name 'ChkHasContractPeriod' does not exist in the current context [C:\Users\russel.mercado\source\repos\Yakult-System-New\Yakult.Inventory.App\Yakult.Inventory.App.csproj]
C:\Users\russel.mercado\source\repos\Yakult-System-New\Yakult.Inventory.App\Pages\Software\SoftwareServiceSetDialog.cs(198,13): error CS0103: The name 'DtpStartDate' does not exist in the current context [C:\Users\russel.mercado\source\repos\Yakult-System-New\Yakult.Inventory.App\Yakult.Inventory.App.csproj]
C:\Users\russel.mercado\source\repos\Yakult-System-New\Yakult.Inventory.App\Pages\Software\SoftwareServiceSetDialog.cs(199,13): error CS0103: The name 'DtpEndDate' does not exist in the current context [C:\Users\russel.mercado\source\repos\Yakult-System-New\Yakult.Inventory.App\Yakult.Inventory.App.csproj]
C:\Users\russel.mercado\source\repos\Yakult-System-New\Yakult.Inventory.App\Wpf\RepairPortal\Shell\Views\RepairPortalShellWindow.xaml.cs(138,13): error CS0103: The name 'SidebarPanel' does not exist in the current context [C:\Users\russel.mercado\source\repos\Yakult-System-New\Yakult.Inventory.App\Yakult.Inventory.App.csproj]
C:\Users\russel.mercado\source\repos\Yakult-System-New\Yakult.Inventory.App\Wpf\RepairPortal\Shell\Views\RepairPortalShellWindow.xaml.cs(139,13): error CS0103: The name 'SidebarClickOutside' does not exist in the current context [C:\Users\russel.mercado\source\repos\Yakult-System-New\Yakult.Inventory.App\Yakult.Inventory.App.csproj]
C:\Users\russel.mercado\source\repos\Yakult-System-New\Yakult.Inventory.App\Pages\Software\SoftwareServiceSetDialog.cs(205,13): error CS0103: The name 'BtnRemoveItem' does not exist in the current context [C:\Users\russel.mercado\source\repos\Yakult-System-New\Yakult.Inventory.App\Yakult.Inventory.App.csproj]
C:\Users\russel.mercado\source\repos\Yakult-System-New\Yakult.Inventory.App\Pages\Software\SoftwareServiceSetDialog.cs(205,39): error CS0103: The name 'ItemsGrid' does not exist in the current context [C:\Users\russel.mercado\source\repos\Yakult-System-New\Yakult.Inventory.App\Yakult.Inventory.App.csproj]
C:\Users\russel.mercado\source\repos\Yakult-System-New\Yakult.Inventory.App\Wpf\Company\Views\CompanyPageView.xaml.cs(86,13): error CS0103: The name 'CompaniesGrid' does not exist in the current context [C:\Users\russel.mercado\source\repos\Yakult-System-New\Yakult.Inventory.App\Yakult.Inventory.App.csproj]
C:\Users\russel.mercado\source\repos\Yakult-System-New\Yakult.Inventory.App\Wpf\Employee\Views\EmployeePageView.xaml.cs(78,13): error CS0103: The name 'EmployeesGrid' does not exist in the current context [C:\Users\russel.mercado\source\repos\Yakult-System-New\Yakult.Inventory.App\Yakult.Inventory.App.csproj]
C:\Users\russel.mercado\source\repos\Yakult-System-New\Yakult.Inventory.App\Wpf\Company\Views\CompanyPageView.xaml.cs(115,13): error CS0103: The name 'CompaniesGrid' does not exist in the current context [C:\Users\russel.mercado\source\repos\Yakult-System-New\Yakult.Inventory.App\Yakult.Inventory.App.csproj]
C:\Users\russel.mercado\source\repos\Yakult-System-New\Yakult.Inventory.App\Wpf\Employee\Views\EmployeePageView.xaml.cs(106,13): error CS0103: The name 'EmployeesGrid' does not exist in the current context [C:\Users\russel.mercado\source\repos\Yakult-System-New\Yakult.Inventory.App\Yakult.Inventory.App.csproj]
C:\Users\russel.mercado\source\repos\Yakult-System-New\Yakult.Inventory.App\Wpf\Company\Views\CompanyPageView.xaml.cs(140,55): error CS0103: The name 'CompaniesGrid' does not exist in the current context [C:\Users\russel.mercado\source\repos\Yakult-System-New\Yakult.Inventory.App\Yakult.Inventory.App.csproj]
C:\Users\russel.mercado\source\repos\Yakult-System-New\Yakult.Inventory.App\Wpf\Company\Views\CompanyPageView.xaml.cs(141,73): error CS0103: The name 'CompaniesGrid' does not exist in the current context [C:\Users\russel.mercado\source\repos\Yakult-System-New\Yakult.Inventory.App\Yakult.Inventory.App.csproj]
C:\Users\russel.mercado\source\repos\Yakult-System-New\Yakult.Inventory.App\Wpf\Employee\Views\EmployeePageView.xaml.cs(124,55): error CS0103: The name 'EmployeesGrid' does not exist in the current context [C:\Users\russel.mercado\source\repos\Yakult-System-New\Yakult.Inventory.App\Yakult.Inventory.App.csproj]
C:\Users\russel.mercado\source\repos\Yakult-System-New\Yakult.Inventory.App\Wpf\Employee\Views\EmployeePageView.xaml.cs(125,73): error CS0103: The name 'EmployeesGrid' does not exist in the current context [C:\Users\russel.mercado\source\repos\Yakult-System-New\Yakult.Inventory.App\Yakult.Inventory.App.csproj]
C:\Users\russel.mercado\source\repos\Yakult-System-New\Yakult.Inventory.App\Wpf\Company\Views\CompanyPageView.xaml.cs(157,33): error CS0103: The name 'CompaniesGrid' does not exist in the current context [C:\Users\russel.mercado\source\repos\Yakult-System-New\Yakult.Inventory.App\Yakult.Inventory.App.csproj]
C:\Users\russel.mercado\source\repos\Yakult-System-New\Yakult.Inventory.App\Wpf\Employee\Views\EmployeePageView.xaml.cs(141,33): error CS0103: The name 'EmployeesGrid' does not exist in the current context [C:\Users\russel.mercado\source\repos\Yakult-System-New\Yakult.Inventory.App\Yakult.Inventory.App.csproj]
C:\Users\russel.mercado\source\repos\Yakult-System-New\Yakult.Inventory.App\Pages\Software\SoftwareServiceSetDialog.cs(261,17): error CS0103: The name 'ItemsGrid' does not exist in the current context [C:\Users\russel.mercado\source\repos\Yakult-System-New\Yakult.Inventory.App\Yakult.Inventory.App.csproj]
C:\Users\russel.mercado\source\repos\Yakult-System-New\Yakult.Inventory.App\Pages\Software\SoftwareServiceSetDialog.cs(262,17): error CS0103: The name 'ItemsGrid' does not exist in the current context [C:\Users\russel.mercado\source\repos\Yakult-System-New\Yakult.Inventory.App\Yakult.Inventory.App.csproj]
C:\Users\russel.mercado\source\repos\Yakult-System-New\Yakult.Inventory.App\Pages\Software\SoftwareServiceSetDialog.cs(286,17): error CS0103: The name 'ItemsGrid' does not exist in the current context [C:\Users\russel.mercado\source\repos\Yakult-System-New\Yakult.Inventory.App\Yakult.Inventory.App.csproj]
C:\Users\russel.mercado\source\repos\Yakult-System-New\Yakult.Inventory.App\Wpf\Export\RenewalsGrouped\Views\RenewalsGroupedExportView.xaml.cs(24,13): error CS0103: The name 'InitializeComponent' does not exist in the current context [C:\Users\russel.mercado\source\repos\Yakult-System-New\Yakult.Inventory.App\Yakult.Inventory.App.csproj]
C:\Users\russel.mercado\source\repos\Yakult-System-New\Yakult.Inventory.App\Wpf\Invoice\Views\NonLicensedInvoiceView.xaml.cs(15,13): error CS0103: The name 'InitializeComponent' does not exist in the current context [C:\Users\russel.mercado\source\repos\Yakult-System-New\Yakult.Inventory.App\Yakult.Inventory.App.csproj]
C:\Users\russel.mercado\source\repos\Yakult-System-New\Yakult.Inventory.App\Wpf\Invoice\Views\NonLicensedInvoiceView.xaml.cs(41,23): error CS0103: The name 'ResultsGrid' does not exist in the current context [C:\Users\russel.mercado\source\repos\Yakult-System-New\Yakult.Inventory.App\Yakult.Inventory.App.csproj]
C:\Users\russel.mercado\source\repos\Yakult-System-New\Yakult.Inventory.App\Wpf\Export\RenewalsGrouped\Views\RenewalsGroupedExportView.xaml.cs(70,33): error CS0103: The name 'GroupsGrid' does not exist in the current context [C:\Users\russel.mercado\source\repos\Yakult-System-New\Yakult.Inventory.App\Yakult.Inventory.App.csproj]
C:\Users\russel.mercado\source\repos\Yakult-System-New\Yakult.Inventory.App\Wpf\InvoicePreparation\Views\InvoicePreparationDetailWindow.xaml.cs(17,13): error CS0103: The name 'InitializeComponent' does not exist in the current context [C:\Users\russel.mercado\source\repos\Yakult-System-New\Yakult.Inventory.App\Yakult.Inventory.App.csproj]
C:\Users\russel.mercado\source\repos\Yakult-System-New\Yakult.Inventory.App\Wpf\Invoice\Views\InvoiceLicenseReviewView.xaml.cs(25,13): error CS0103: The name 'InitializeComponent' does not exist in the current context [C:\Users\russel.mercado\source\repos\Yakult-System-New\Yakult.Inventory.App\Yakult.Inventory.App.csproj]
C:\Users\russel.mercado\source\repos\Yakult-System-New\Yakult.Inventory.App\Pages\Software\SoftwareServiceSetDialog.cs(304,17): error CS0103: The name 'TxtDocumentNumber' does not exist in the current context [C:\Users\russel.mercado\source\repos\Yakult-System-New\Yakult.Inventory.App\Yakult.Inventory.App.csproj]
C:\Users\russel.mercado\source\repos\Yakult-System-New\Yakult.Inventory.App\Pages\Software\SoftwareServiceSetDialog.cs(305,17): error CS0103: The name 'TxtReferenceNumber' does not exist in the current context [C:\Users\russel.mercado\source\repos\Yakult-System-New\Yakult.Inventory.App\Yakult.Inventory.App.csproj]
C:\Users\russel.mercado\source\repos\Yakult-System-New\Yakult.Inventory.App\Pages\Software\SoftwareServiceSetDialog.cs(308,21): error CS0103: The name 'DtpDocumentDate' does not exist in the current context [C:\Users\russel.mercado\source\repos\Yakult-System-New\Yakult.Inventory.App\Yakult.Inventory.App.csproj]
C:\Users\russel.mercado\source\repos\Yakult-System-New\Yakult.Inventory.App\Pages\Software\SoftwareServiceSetDialog.cs(311,21): error CS0103: The name 'DtpStartDate' does not exist in the current context [C:\Users\russel.mercado\source\repos\Yakult-System-New\Yakult.Inventory.App\Yakult.Inventory.App.csproj]
C:\Users\russel.mercado\source\repos\Yakult-System-New\Yakult.Inventory.App\Pages\Software\SoftwareServiceSetDialog.cs(314,21): error CS0103: The name 'DtpEndDate' does not exist in the current context [C:\Users\russel.mercado\source\repos\Yakult-System-New\Yakult.Inventory.App\Yakult.Inventory.App.csproj]
C:\Users\russel.mercado\source\repos\Yakult-System-New\Yakult.Inventory.App\Pages\Software\SoftwareServiceSetDialog.cs(316,17): error CS0103: The name 'ChkHasContractPeriod' does not exist in the current context [C:\Users\russel.mercado\source\repos\Yakult-System-New\Yakult.Inventory.App\Yakult.Inventory.App.csproj]
C:\Users\russel.mercado\source\repos\Yakult-System-New\Yakult.Inventory.App\Pages\Software\SoftwareServiceSetDialog.cs(320,41): error CS0103: The name 'CmbCompany' does not exist in the current context [C:\Users\russel.mercado\source\repos\Yakult-System-New\Yakult.Inventory.App\Yakult.Inventory.App.csproj]
C:\Users\russel.mercado\source\repos\Yakult-System-New\Yakult.Inventory.App\Pages\Software\SoftwareServiceSetDialog.cs(322,29): error CS0103: The name 'CmbCompany' does not exist in the current context [C:\Users\russel.mercado\source\repos\Yakult-System-New\Yakult.Inventory.App\Yakult.Inventory.App.csproj]
C:\Users\russel.mercado\source\repos\Yakult-System-New\Yakult.Inventory.App\Pages\Software\SoftwareServiceSetDialog.cs(324,29): error CS0103: The name 'CmbCompany' does not exist in the current context [C:\Users\russel.mercado\source\repos\Yakult-System-New\Yakult.Inventory.App\Yakult.Inventory.App.csproj]
C:\Users\russel.mercado\source\repos\Yakult-System-New\Yakult.Inventory.App\Pages\Software\SoftwareServiceSetDialog.cs(332,41): error CS0103: The name 'CmbDistributor' does not exist in the current context [C:\Users\russel.mercado\source\repos\Yakult-System-New\Yakult.Inventory.App\Yakult.Inventory.App.csproj]
C:\Users\russel.mercado\source\repos\Yakult-System-New\Yakult.Inventory.App\Pages\Software\SoftwareServiceSetDialog.cs(334,29): error CS0103: The name 'CmbDistributor' does not exist in the current context [C:\Users\russel.mercado\source\repos\Yakult-System-New\Yakult.Inventory.App\Yakult.Inventory.App.csproj]
C:\Users\russel.mercado\source\repos\Yakult-System-New\Yakult.Inventory.App\Pages\Software\SoftwareServiceSetDialog.cs(336,29): error CS0103: The name 'CmbDistributor' does not exist in the current context [C:\Users\russel.mercado\source\repos\Yakult-System-New\Yakult.Inventory.App\Yakult.Inventory.App.csproj]
C:\Users\russel.mercado\source\repos\Yakult-System-New\Yakult.Inventory.App\Pages\Software\SoftwareServiceSetDialog.cs(344,41): error CS0103: The name 'CmbStatus' does not exist in the current context [C:\Users\russel.mercado\source\repos\Yakult-System-New\Yakult.Inventory.App\Yakult.Inventory.App.csproj]
C:\Users\russel.mercado\source\repos\Yakult-System-New\Yakult.Inventory.App\Pages\Software\SoftwareServiceSetDialog.cs(346,29): error CS0103: The name 'CmbStatus' does not exist in the current context [C:\Users\russel.mercado\source\repos\Yakult-System-New\Yakult.Inventory.App\Yakult.Inventory.App.csproj]
C:\Users\russel.mercado\source\repos\Yakult-System-New\Yakult.Inventory.App\Pages\Software\SoftwareServiceSetDialog.cs(349,29): error CS0103: The name 'CmbStatus' does not exist in the current context [C:\Users\russel.mercado\source\repos\Yakult-System-New\Yakult.Inventory.App\Yakult.Inventory.App.csproj]
C:\Users\russel.mercado\source\repos\Yakult-System-New\Yakult.Inventory.App\Pages\Software\SoftwareServiceSetDialog.cs(354,21): error CS0103: The name 'CmbStatus' does not exist in the current context [C:\Users\russel.mercado\source\repos\Yakult-System-New\Yakult.Inventory.App\Yakult.Inventory.App.csproj]
C:\Users\russel.mercado\source\repos\Yakult-System-New\Yakult.Inventory.App\Wpf\Invoice\Views\InvoiceLicenseReviewView.xaml.cs(84,23): error CS0103: The name 'ReviewGrid' does not exist in the current context [C:\Users\russel.mercado\source\repos\Yakult-System-New\Yakult.Inventory.App\Yakult.Inventory.App.csproj]
C:\Users\russel.mercado\source\repos\Yakult-System-New\Yakult.Inventory.App\Wpf\Invoice\Views\InvoiceLicenseReviewView.xaml.cs(95,24): error CS0103: The name 'ReviewGrid' does not exist in the current context [C:\Users\russel.mercado\source\repos\Yakult-System-New\Yakult.Inventory.App\Yakult.Inventory.App.csproj]
C:\Users\russel.mercado\source\repos\Yakult-System-New\Yakult.Inventory.App\Wpf\InvoicePreparation\Views\InvoicePreparationListView.xaml.cs(19,13): error CS0103: The name 'InitializeComponent' does not exist in the current context [C:\Users\russel.mercado\source\repos\Yakult-System-New\Yakult.Inventory.App\Yakult.Inventory.App.csproj]
C:\Users\russel.mercado\source\repos\Yakult-System-New\Yakult.Inventory.App\Wpf\Invoice\Views\InvoiceLicenseReviewView.xaml.cs(106,24): error CS0103: The name 'ReviewGrid' does not exist in the current context [C:\Users\russel.mercado\source\repos\Yakult-System-New\Yakult.Inventory.App\Yakult.Inventory.App.csproj]
C:\Users\russel.mercado\source\repos\Yakult-System-New\Yakult.Inventory.App\Pages\Software\SoftwareServiceSetDialog.cs(392,39): error CS0103: The name 'ChkHasContractPeriod' does not exist in the current context [C:\Users\russel.mercado\source\repos\Yakult-System-New\Yakult.Inventory.App\Yakult.Inventory.App.csproj]
C:\Users\russel.mercado\source\repos\Yakult-System-New\Yakult.Inventory.App\Pages\Software\SoftwareServiceSetDialog.cs(393,23): error CS0103: The name 'DtpStartDate' does not exist in the current context [C:\Users\russel.mercado\source\repos\Yakult-System-New\Yakult.Inventory.App\Yakult.Inventory.App.csproj]
C:\Users\russel.mercado\source\repos\Yakult-System-New\Yakult.Inventory.App\Pages\Software\SoftwareServiceSetDialog.cs(395,37): error CS0103: The name 'ChkHasContractPeriod' does not exist in the current context [C:\Users\russel.mercado\source\repos\Yakult-System-New\Yakult.Inventory.App\Yakult.Inventory.App.csproj]
C:\Users\russel.mercado\source\repos\Yakult-System-New\Yakult.Inventory.App\Pages\Software\SoftwareServiceSetDialog.cs(396,23): error CS0103: The name 'DtpEndDate' does not exist in the current context [C:\Users\russel.mercado\source\repos\Yakult-System-New\Yakult.Inventory.App\Yakult.Inventory.App.csproj]
C:\Users\russel.mercado\source\repos\Yakult-System-New\Yakult.Inventory.App\Pages\Software\SoftwareServiceSetDialog.cs(399,38): error CS0103: The name 'CmbStatus' does not exist in the current context [C:\Users\russel.mercado\source\repos\Yakult-System-New\Yakult.Inventory.App\Yakult.Inventory.App.csproj]
C:\Users\russel.mercado\source\repos\Yakult-System-New\Yakult.Inventory.App\Pages\Software\SoftwareServiceSetDialog.cs(400,24): error CS0103: The name 'CmbStatus' does not exist in the current context [C:\Users\russel.mercado\source\repos\Yakult-System-New\Yakult.Inventory.App\Yakult.Inventory.App.csproj]
C:\Users\russel.mercado\source\repos\Yakult-System-New\Yakult.Inventory.App\Pages\Software\SoftwareServiceSetDialog.cs(405,38): error CS0103: The name 'TxtDocumentNumber' does not exist in the current context [C:\Users\russel.mercado\source\repos\Yakult-System-New\Yakult.Inventory.App\Yakult.Inventory.App.csproj]
C:\Users\russel.mercado\source\repos\Yakult-System-New\Yakult.Inventory.App\Pages\Software\SoftwareServiceSetDialog.cs(406,39): error CS0103: The name 'TxtReferenceNumber' does not exist in the current context [C:\Users\russel.mercado\source\repos\Yakult-System-New\Yakult.Inventory.App\Yakult.Inventory.App.csproj]
C:\Users\russel.mercado\source\repos\Yakult-System-New\Yakult.Inventory.App\Pages\Software\SoftwareServiceSetDialog.cs(407,36): error CS0103: The name 'DtpDocumentDate' does not exist in the current context [C:\Users\russel.mercado\source\repos\Yakult-System-New\Yakult.Inventory.App\Yakult.Inventory.App.csproj]
C:\Users\russel.mercado\source\repos\Yakult-System-New\Yakult.Inventory.App\Pages\Software\SoftwareServiceSetDialog.cs(464,17): error CS0103: The name 'CmbCompany' does not exist in the current context [C:\Users\russel.mercado\source\repos\Yakult-System-New\Yakult.Inventory.App\Yakult.Inventory.App.csproj]
C:\Users\russel.mercado\source\repos\Yakult-System-New\Yakult.Inventory.App\Pages\Software\SoftwareServiceSetDialog.cs(471,17): error CS0103: The name 'CmbDistributor' does not exist in the current context [C:\Users\russel.mercado\source\repos\Yakult-System-New\Yakult.Inventory.App\Yakult.Inventory.App.csproj]
C:\Users\russel.mercado\source\repos\Yakult-System-New\Yakult.Inventory.App\Wpf\Invoice\Views\InvoiceLicenseReviewView.xaml.cs(126,17): error CS0103: The name 'ReviewGrid' does not exist in the current context [C:\Users\russel.mercado\source\repos\Yakult-System-New\Yakult.Inventory.App\Yakult.Inventory.App.csproj]
C:\Users\russel.mercado\source\repos\Yakult-System-New\Yakult.Inventory.App\Wpf\Invoice\Views\InvoiceLicenseReviewView.xaml.cs(136,24): error CS0103: The name 'ReviewGrid' does not exist in the current context [C:\Users\russel.mercado\source\repos\Yakult-System-New\Yakult.Inventory.App\Yakult.Inventory.App.csproj]
C:\Users\russel.mercado\source\repos\Yakult-System-New\Yakult.Inventory.App\Wpf\Invoice\Views\InvoiceLicenseReviewView.xaml.cs(140,33): error CS0103: The name 'ReviewGrid' does not exist in the current context [C:\Users\russel.mercado\source\repos\Yakult-System-New\Yakult.Inventory.App\Yakult.Inventory.App.csproj]
C:\Users\russel.mercado\source\repos\Yakult-System-New\Yakult.Inventory.App\Wpf\Portal\ConsumableManagementPortalShell.xaml.cs(49,13): error CS0103: The name 'InitializeComponent' does not exist in the current context [C:\Users\russel.mercado\source\repos\Yakult-System-New\Yakult.Inventory.App\Yakult.Inventory.App.csproj]
C:\Users\russel.mercado\source\repos\Yakult-System-New\Yakult.Inventory.App\Wpf\Portal\ConsumableManagementPortalShell.xaml.cs(53,13): error CS0103: The name 'ContentHost' does not exist in the current context [C:\Users\russel.mercado\source\repos\Yakult-System-New\Yakult.Inventory.App\Yakult.Inventory.App.csproj]
C:\Users\russel.mercado\source\repos\Yakult-System-New\Yakult.Inventory.App\Pages\Software\SoftwareItemPickerDialog.cs(52,13): error CS0103: The name 'InitializeComponent' does not exist in the current context [C:\Users\russel.mercado\source\repos\Yakult-System-New\Yakult.Inventory.App\Yakult.Inventory.App.csproj]
C:\Users\russel.mercado\source\repos\Yakult-System-New\Yakult.Inventory.App\Pages\Software\SoftwareItemPickerDialog.cs(55,17): error CS0103: The name 'CmbPageSize' does not exist in the current context [C:\Users\russel.mercado\source\repos\Yakult-System-New\Yakult.Inventory.App\Yakult.Inventory.App.csproj]
C:\Users\russel.mercado\source\repos\Yakult-System-New\Yakult.Inventory.App\Wpf\Portal\ConsumableManagementPortalShell.xaml.cs(125,13): error CS0103: The name 'ContentHost' does not exist in the current context [C:\Users\russel.mercado\source\repos\Yakult-System-New\Yakult.Inventory.App\Yakult.Inventory.App.csproj]
C:\Users\russel.mercado\source\repos\Yakult-System-New\Yakult.Inventory.App\Wpf\Portal\ConsumableManagementPortalShell.xaml.cs(131,13): error CS0103: The name 'HeaderRow' does not exist in the current context [C:\Users\russel.mercado\source\repos\Yakult-System-New\Yakult.Inventory.App\Yakult.Inventory.App.csproj]
C:\Users\russel.mercado\source\repos\Yakult-System-New\Yakult.Inventory.App\Wpf\Portal\ConsumableManagementPortalShell.xaml.cs(132,13): error CS0103: The name 'HeaderBorder' does not exist in the current context [C:\Users\russel.mercado\source\repos\Yakult-System-New\Yakult.Inventory.App\Yakult.Inventory.App.csproj]
C:\Users\russel.mercado\source\repos\Yakult-System-New\Yakult.Inventory.App\Wpf\Portal\ConsumableManagementPortalShell.xaml.cs(156,13): error CS0103: The name 'ContentHost' does not exist in the current context [C:\Users\russel.mercado\source\repos\Yakult-System-New\Yakult.Inventory.App\Yakult.Inventory.App.csproj]
C:\Users\russel.mercado\source\repos\Yakult-System-New\Yakult.Inventory.App\Wpf\Portal\ConsumableManagementPortalShell.xaml.cs(157,13): error CS0103: The name 'BackBtnText' does not exist in the current context [C:\Users\russel.mercado\source\repos\Yakult-System-New\Yakult.Inventory.App\Yakult.Inventory.App.csproj]
C:\Users\russel.mercado\source\repos\Yakult-System-New\Yakult.Inventory.App\Wpf\Portal\ConsumableManagementPortalShell.xaml.cs(158,13): error CS0103: The name 'HeaderRow' does not exist in the current context [C:\Users\russel.mercado\source\repos\Yakult-System-New\Yakult.Inventory.App\Yakult.Inventory.App.csproj]
C:\Users\russel.mercado\source\repos\Yakult-System-New\Yakult.Inventory.App\Wpf\Portal\ConsumableManagementPortalShell.xaml.cs(159,13): error CS0103: The name 'HeaderBorder' does not exist in the current context [C:\Users\russel.mercado\source\repos\Yakult-System-New\Yakult.Inventory.App\Yakult.Inventory.App.csproj]
C:\Users\russel.mercado\source\repos\Yakult-System-New\Yakult.Inventory.App\Wpf\Portal\ConsumableManagementPortalShell.xaml.cs(202,13): error CS0103: The name 'ContentHost' does not exist in the current context [C:\Users\russel.mercado\source\repos\Yakult-System-New\Yakult.Inventory.App\Yakult.Inventory.App.csproj]
C:\Users\russel.mercado\source\repos\Yakult-System-New\Yakult.Inventory.App\Wpf\Portal\ConsumableManagementPortalShell.xaml.cs(205,13): error CS0103: The name 'HeaderRow' does not exist in the current context [C:\Users\russel.mercado\source\repos\Yakult-System-New\Yakult.Inventory.App\Yakult.Inventory.App.csproj]
C:\Users\russel.mercado\source\repos\Yakult-System-New\Yakult.Inventory.App\Wpf\Portal\ConsumableManagementPortalShell.xaml.cs(206,13): error CS0103: The name 'HeaderBorder' does not exist in the current context [C:\Users\russel.mercado\source\repos\Yakult-System-New\Yakult.Inventory.App\Yakult.Inventory.App.csproj]
C:\Users\russel.mercado\source\repos\Yakult-System-New\Yakult.Inventory.App\Wpf\Invoice\Views\InvoiceLicenseReviewView.xaml.cs(172,13): error CS0103: The name 'NonLicensedDropPanel' does not exist in the current context [C:\Users\russel.mercado\source\repos\Yakult-System-New\Yakult.Inventory.App\Yakult.Inventory.App.csproj]
C:\Users\russel.mercado\source\repos\Yakult-System-New\Yakult.Inventory.App\Wpf\Invoice\Views\InvoiceLicenseReviewView.xaml.cs(179,13): error CS0103: The name 'LicensedDropPanel' does not exist in the current context [C:\Users\russel.mercado\source\repos\Yakult-System-New\Yakult.Inventory.App\Yakult.Inventory.App.csproj]
C:\Users\russel.mercado\source\repos\Yakult-System-New\Yakult.Inventory.App\Wpf\Request\Views\RequestPageView.xaml.cs(30,13): error CS0103: The name 'InitializeComponent' does not exist in the current context [C:\Users\russel.mercado\source\repos\Yakult-System-New\Yakult.Inventory.App\Yakult.Inventory.App.csproj]
C:\Users\russel.mercado\source\repos\Yakult-System-New\Yakult.Inventory.App\Pages\Software\SoftwareItemPickerDialog.cs(131,17): error CS0103: The name 'BtnMaximizeGlyph' does not exist in the current context [C:\Users\russel.mercado\source\repos\Yakult-System-New\Yakult.Inventory.App\Yakult.Inventory.App.csproj]
C:\Users\russel.mercado\source\repos\Yakult-System-New\Yakult.Inventory.App\Pages\Software\SoftwareItemPickerDialog.cs(137,17): error CS0103: The name 'BtnMaximizeGlyph' does not exist in the current context [C:\Users\russel.mercado\source\repos\Yakult-System-New\Yakult.Inventory.App\Yakult.Inventory.App.csproj]
C:\Users\russel.mercado\source\repos\Yakult-System-New\Yakult.Inventory.App\Wpf\Invoice\Views\InvoicePageView.xaml.cs(24,13): error CS0103: The name 'InitializeComponent' does not exist in the current context [C:\Users\russel.mercado\source\repos\Yakult-System-New\Yakult.Inventory.App\Yakult.Inventory.App.csproj]
C:\Users\russel.mercado\source\repos\Yakult-System-New\Yakult.Inventory.App\Pages\Software\SoftwareItemPickerDialog.cs(164,13): error CS0103: The name 'TxtSearchName' does not exist in the current context [C:\Users\russel.mercado\source\repos\Yakult-System-New\Yakult.Inventory.App\Yakult.Inventory.App.csproj]
C:\Users\russel.mercado\source\repos\Yakult-System-New\Yakult.Inventory.App\Pages\Software\SoftwareItemPickerDialog.cs(165,13): error CS0103: The name 'TxtSearchCategory' does not exist in the current context [C:\Users\russel.mercado\source\repos\Yakult-System-New\Yakult.Inventory.App\Yakult.Inventory.App.csproj]
C:\Users\russel.mercado\source\repos\Yakult-System-New\Yakult.Inventory.App\Pages\Software\SoftwareItemPickerDialog.cs(166,13): error CS0103: The name 'TxtSearchSerial' does not exist in the current context [C:\Users\russel.mercado\source\repos\Yakult-System-New\Yakult.Inventory.App\Yakult.Inventory.App.csproj]
C:\Users\russel.mercado\source\repos\Yakult-System-New\Yakult.Inventory.App\Pages\Software\SoftwareItemPickerDialog.cs(167,13): error CS0103: The name 'ChkShowInactive' does not exist in the current context [C:\Users\russel.mercado\source\repos\Yakult-System-New\Yakult.Inventory.App\Yakult.Inventory.App.csproj]
C:\Users\russel.mercado\source\repos\Yakult-System-New\Yakult.Inventory.App\Wpf\Invoice\Views\InvoicePageView.xaml.cs(98,55): error CS0103: The name 'InvoicesGrid' does not exist in the current context [C:\Users\russel.mercado\source\repos\Yakult-System-New\Yakult.Inventory.App\Yakult.Inventory.App.csproj]
C:\Users\russel.mercado\source\repos\Yakult-System-New\Yakult.Inventory.App\Wpf\Invoice\Views\InvoicePageView.xaml.cs(99,73): error CS0103: The name 'InvoicesGrid' does not exist in the current context [C:\Users\russel.mercado\source\repos\Yakult-System-New\Yakult.Inventory.App\Yakult.Inventory.App.csproj]
C:\Users\russel.mercado\source\repos\Yakult-System-New\Yakult.Inventory.App\Wpf\Request\Views\RequestPageView.xaml.cs(153,55): error CS0103: The name 'RequestsGrid' does not exist in the current context [C:\Users\russel.mercado\source\repos\Yakult-System-New\Yakult.Inventory.App\Yakult.Inventory.App.csproj]
C:\Users\russel.mercado\source\repos\Yakult-System-New\Yakult.Inventory.App\Wpf\Request\Views\RequestPageView.xaml.cs(154,73): error CS0103: The name 'RequestsGrid' does not exist in the current context [C:\Users\russel.mercado\source\repos\Yakult-System-New\Yakult.Inventory.App\Yakult.Inventory.App.csproj]
C:\Users\russel.mercado\source\repos\Yakult-System-New\Yakult.Inventory.App\Wpf\Invoice\Views\InvoicePageView.xaml.cs(111,33): error CS0103: The name 'InvoicesGrid' does not exist in the current context [C:\Users\russel.mercado\source\repos\Yakult-System-New\Yakult.Inventory.App\Yakult.Inventory.App.csproj]
C:\Users\russel.mercado\source\repos\Yakult-System-New\Yakult.Inventory.App\Wpf\Request\Views\RequestPageView.xaml.cs(166,33): error CS0103: The name 'RequestsGrid' does not exist in the current context [C:\Users\russel.mercado\source\repos\Yakult-System-New\Yakult.Inventory.App\Yakult.Inventory.App.csproj]
C:\Users\russel.mercado\source\repos\Yakult-System-New\Yakult.Inventory.App\Wpf\Request\Views\RequestPageView.xaml.cs(172,84): error CS0103: The name 'MoreActionsDropdownToggle' does not exist in the current context [C:\Users\russel.mercado\source\repos\Yakult-System-New\Yakult.Inventory.App\Yakult.Inventory.App.csproj]
C:\Users\russel.mercado\source\repos\Yakult-System-New\Yakult.Inventory.App\Wpf\Set\RequisitionForm\Dialogs\PrintRequisitionDialog.xaml.cs(28,13): error CS0103: The name 'InitializeComponent' does not exist in the current context [C:\Users\russel.mercado\source\repos\Yakult-System-New\Yakult.Inventory.App\Yakult.Inventory.App.csproj]
C:\Users\russel.mercado\source\repos\Yakult-System-New\Yakult.Inventory.App\Wpf\Set\RequisitionForm\Dialogs\PrintRequisitionDialog.xaml.cs(69,13): error CS0103: The name '_previewBox' does not exist in the current context [C:\Users\russel.mercado\source\repos\Yakult-System-New\Yakult.Inventory.App\Yakult.Inventory.App.csproj]
C:\Users\russel.mercado\source\repos\Yakult-System-New\Yakult.Inventory.App\Wpf\Set\RequisitionForm\Dialogs\PrintRequisitionDialog.xaml.cs(70,13): error CS0103: The name '_previewBox' does not exist in the current context [C:\Users\russel.mercado\source\repos\Yakult-System-New\Yakult.Inventory.App\Yakult.Inventory.App.csproj]
C:\Users\russel.mercado\source\repos\Yakult-System-New\Yakult.Inventory.App\Wpf\Set\RequisitionForm\Dialogs\PrintRequisitionDialog.xaml.cs(71,13): error CS0103: The name '_pageHost' does not exist in the current context [C:\Users\russel.mercado\source\repos\Yakult-System-New\Yakult.Inventory.App\Yakult.Inventory.App.csproj]
C:\Users\russel.mercado\source\repos\Yakult-System-New\Yakult.Inventory.App\Wpf\Set\RequisitionForm\Dialogs\PrepareRequisitionDialog.xaml.cs(23,13): error CS0103: The name 'InitializeComponent' does not exist in the current context [C:\Users\russel.mercado\source\repos\Yakult-System-New\Yakult.Inventory.App\Yakult.Inventory.App.csproj]
C:\Users\russel.mercado\source\repos\Yakult-System-New\Yakult.Inventory.App\Wpf\Set\RequisitionForm\Dialogs\PrepareRequisitionDialog.xaml.cs(28,17): error CS0103: The name '_preparedByCombo' does not exist in the current context [C:\Users\russel.mercado\source\repos\Yakult-System-New\Yakult.Inventory.App\Yakult.Inventory.App.csproj]
C:\Users\russel.mercado\source\repos\Yakult-System-New\Yakult.Inventory.App\Wpf\Set\RequisitionForm\Dialogs\PrepareRequisitionDialog.xaml.cs(30,17): error CS0103: The name '_notedByCombo' does not exist in the current context [C:\Users\russel.mercado\source\repos\Yakult-System-New\Yakult.Inventory.App\Yakult.Inventory.App.csproj]
C:\Users\russel.mercado\source\repos\Yakult-System-New\Yakult.Inventory.App\Wpf\Set\RequisitionForm\Dialogs\PrepareRequisitionDialog.xaml.cs(32,17): error CS0103: The name '_approvedByCombo' does not exist in the current context [C:\Users\russel.mercado\source\repos\Yakult-System-New\Yakult.Inventory.App\Yakult.Inventory.App.csproj]
C:\Users\russel.mercado\source\repos\Yakult-System-New\Yakult.Inventory.App\Wpf\Set\RequisitionForm\Dialogs\PrepareRequisitionDialog.xaml.cs(34,17): error CS0103: The name '_receivedByCombo' does not exist in the current context [C:\Users\russel.mercado\source\repos\Yakult-System-New\Yakult.Inventory.App\Yakult.Inventory.App.csproj]
C:\Users\russel.mercado\source\repos\Yakult-System-New\Yakult.Inventory.App\Wpf\Set\RequisitionForm\Dialogs\PrepareRequisitionDialog.xaml.cs(36,17): error CS0103: The name '_receivedByCombo' does not exist in the current context [C:\Users\russel.mercado\source\repos\Yakult-System-New\Yakult.Inventory.App\Yakult.Inventory.App.csproj]
C:\Users\russel.mercado\source\repos\Yakult-System-New\Yakult.Inventory.App\Wpf\Set\RequisitionForm\Dialogs\PrepareRequisitionDialog.xaml.cs(43,17): error CS0103: The name '_preparedByCombo' does not exist in the current context [C:\Users\russel.mercado\source\repos\Yakult-System-New\Yakult.Inventory.App\Yakult.Inventory.App.csproj]
C:\Users\russel.mercado\source\repos\Yakult-System-New\Yakult.Inventory.App\Wpf\Set\RequisitionForm\Dialogs\PrepareRequisitionDialog.xaml.cs(44,17): error CS0103: The name '_notedByCombo' does not exist in the current context [C:\Users\russel.mercado\source\repos\Yakult-System-New\Yakult.Inventory.App\Yakult.Inventory.App.csproj]
C:\Users\russel.mercado\source\repos\Yakult-System-New\Yakult.Inventory.App\Wpf\Set\RequisitionForm\Dialogs\PrepareRequisitionDialog.xaml.cs(45,17): error CS0103: The name '_approvedByCombo' does not exist in the current context [C:\Users\russel.mercado\source\repos\Yakult-System-New\Yakult.Inventory.App\Yakult.Inventory.App.csproj]
C:\Users\russel.mercado\source\repos\Yakult-System-New\Yakult.Inventory.App\Wpf\Set\RequisitionForm\Dialogs\PrepareRequisitionDialog.xaml.cs(46,17): error CS0103: The name '_receivedByCombo' does not exist in the current context [C:\Users\russel.mercado\source\repos\Yakult-System-New\Yakult.Inventory.App\Yakult.Inventory.App.csproj]
C:\Users\russel.mercado\source\repos\Yakult-System-New\Yakult.Inventory.App\Wpf\RepairPortal\Notifications\RepairNotificationBell.xaml.cs(18,13): error CS0103: The name 'InitializeComponent' does not exist in the current context [C:\Users\russel.mercado\source\repos\Yakult-System-New\Yakult.Inventory.App\Yakult.Inventory.App.csproj]
C:\Users\russel.mercado\source\repos\Yakult-System-New\Yakult.Inventory.App\Wpf\Set\RequisitionForm\Views\RequisitionFormPrintView.xaml.cs(24,13): error CS0103: The name 'InitializeComponent' does not exist in the current context [C:\Users\russel.mercado\source\repos\Yakult-System-New\Yakult.Inventory.App\Yakult.Inventory.App.csproj]
C:\Users\russel.mercado\source\repos\Yakult-System-New\Yakult.Inventory.App\Wpf\RequestPortal\NewRequest\Views\NewRequestView.xaml.cs(13,13): error CS0103: The name 'InitializeComponent' does not exist in the current context [C:\Users\russel.mercado\source\repos\Yakult-System-New\Yakult.Inventory.App\Yakult.Inventory.App.csproj]
C:\Users\russel.mercado\source\repos\Yakult-System-New\Yakult.Inventory.App\Wpf\RequestPortal\NewRequest\Views\NewRequestView.xaml.cs(26,21): error CS0103: The name 'FormScrollViewer' does not exist in the current context [C:\Users\russel.mercado\source\repos\Yakult-System-New\Yakult.Inventory.App\Yakult.Inventory.App.csproj]
C:\Users\russel.mercado\source\repos\Yakult-System-New\Yakult.Inventory.App\Wpf\RequestPortal\NewRequest\Views\NewRequestView.xaml.cs(33,68): error CS0103: The name 'RequestDetailsCard' does not exist in the current context [C:\Users\russel.mercado\source\repos\Yakult-System-New\Yakult.Inventory.App\Yakult.Inventory.App.csproj]
C:\Users\russel.mercado\source\repos\Yakult-System-New\Yakult.Inventory.App\Wpf\RequestPortal\NewRequest\Views\NewRequestView.xaml.cs(35,61): error CS0103: The name 'DeptEmployeeSelectorPanel' does not exist in the current context [C:\Users\russel.mercado\source\repos\Yakult-System-New\Yakult.Inventory.App\Yakult.Inventory.App.csproj]
C:\Users\russel.mercado\source\repos\Yakult-System-New\Yakult.Inventory.App\Wpf\RequestPortal\NewRequest\Views\NewRequestView.xaml.cs(35,89): error CS0103: The name 'RequesterIdentityPanel' does not exist in the current context [C:\Users\russel.mercado\source\repos\Yakult-System-New\Yakult.Inventory.App\Yakult.Inventory.App.csproj]
C:\Users\russel.mercado\source\repos\Yakult-System-New\Yakult.Inventory.App\Wpf\RequestPortal\NewRequest\Views\NewRequestView.xaml.cs(36,72): error CS0103: The name 'CartridgeSelectionCard' does not exist in the current context [C:\Users\russel.mercado\source\repos\Yakult-System-New\Yakult.Inventory.App\Yakult.Inventory.App.csproj]
C:\Users\russel.mercado\source\repos\Yakult-System-New\Yakult.Inventory.App\Wpf\RequestPortal\NewRequest\Views\NewRequestView.xaml.cs(37,72): error CS0103: The name 'CartridgeSelectionHeader' does not exist in the current context [C:\Users\russel.mercado\source\repos\Yakult-System-New\Yakult.Inventory.App\Yakult.Inventory.App.csproj]
C:\Users\russel.mercado\source\repos\Yakult-System-New\Yakult.Inventory.App\Wpf\RequestPortal\NewRequest\Views\NewRequestView.xaml.cs(38,72): error CS0103: The name 'CartridgeModelCombo' does not exist in the current context [C:\Users\russel.mercado\source\repos\Yakult-System-New\Yakult.Inventory.App\Yakult.Inventory.App.csproj]
C:\Users\russel.mercado\source\repos\Yakult-System-New\Yakult.Inventory.App\Wpf\RequestPortal\NewRequest\Views\NewRequestView.xaml.cs(39,72): error CS0103: The name 'QtySpinnerBorder' does not exist in the current context [C:\Users\russel.mercado\source\repos\Yakult-System-New\Yakult.Inventory.App\Yakult.Inventory.App.csproj]
C:\Users\russel.mercado\source\repos\Yakult-System-New\Yakult.Inventory.App\Wpf\RequestPortal\NewRequest\Views\NewRequestView.xaml.cs(40,72): error CS0103: The name 'ReturnedEmptyLabel' does not exist in the current context [C:\Users\russel.mercado\source\repos\Yakult-System-New\Yakult.Inventory.App\Yakult.Inventory.App.csproj]
C:\Users\russel.mercado\source\repos\Yakult-System-New\Yakult.Inventory.App\Wpf\RequestPortal\NewRequest\Views\NewRequestView.xaml.cs(41,72): error CS0103: The name 'ReturnedEmptyRow' does not exist in the current context [C:\Users\russel.mercado\source\repos\Yakult-System-New\Yakult.Inventory.App\Yakult.Inventory.App.csproj]
C:\Users\russel.mercado\source\repos\Yakult-System-New\Yakult.Inventory.App\Wpf\RequestPortal\NewRequest\Views\NewRequestView.xaml.cs(42,72): error CS0103: The name 'AddToRequestButton' does not exist in the current context [C:\Users\russel.mercado\source\repos\Yakult-System-New\Yakult.Inventory.App\Yakult.Inventory.App.csproj]
C:\Users\russel.mercado\source\repos\Yakult-System-New\Yakult.Inventory.App\Wpf\RequestPortal\NewRequest\Views\NewRequestView.xaml.cs(43,72): error CS0103: The name 'RequestItemsCard' does not exist in the current context [C:\Users\russel.mercado\source\repos\Yakult-System-New\Yakult.Inventory.App\Yakult.Inventory.App.csproj]
C:\Users\russel.mercado\source\repos\Yakult-System-New\Yakult.Inventory.App\Wpf\RequestPortal\NewRequest\Views\NewRequestView.xaml.cs(44,72): error CS0103: The name 'RequestItemsHeader' does not exist in the current context [C:\Users\russel.mercado\source\repos\Yakult-System-New\Yakult.Inventory.App\Yakult.Inventory.App.csproj]
C:\Users\russel.mercado\source\repos\Yakult-System-New\Yakult.Inventory.App\Wpf\RequestPortal\NewRequest\Views\NewRequestView.xaml.cs(45,72): error CS0103: The name 'FulfillmentCard' does not exist in the current context [C:\Users\russel.mercado\source\repos\Yakult-System-New\Yakult.Inventory.App\Yakult.Inventory.App.csproj]
C:\Users\russel.mercado\source\repos\Yakult-System-New\Yakult.Inventory.App\Wpf\RequestPortal\NewRequest\Views\NewRequestView.xaml.cs(46,72): error CS0103: The name 'FulfillmentHeader' does not exist in the current context [C:\Users\russel.mercado\source\repos\Yakult-System-New\Yakult.Inventory.App\Yakult.Inventory.App.csproj]
C:\Users\russel.mercado\source\repos\Yakult-System-New\Yakult.Inventory.App\Wpf\RequestPortal\NewRequest\Views\NewRequestView.xaml.cs(47,72): error CS0103: The name 'ActionBar' does not exist in the current context [C:\Users\russel.mercado\source\repos\Yakult-System-New\Yakult.Inventory.App\Yakult.Inventory.App.csproj]
C:\Users\russel.mercado\source\repos\Yakult-System-New\Yakult.Inventory.App\Wpf\Invoice\Views\InvoicePageView.xaml.cs(153,33): error CS0103: The name 'InvoicesGrid' does not exist in the current context [C:\Users\russel.mercado\source\repos\Yakult-System-New\Yakult.Inventory.App\Yakult.Inventory.App.csproj]
C:\Users\russel.mercado\source\repos\Yakult-System-New\Yakult.Inventory.App\Wpf\Invoice\Views\InvoicePageView.xaml.cs(154,64): error CS0103: The name 'InvoicesGrid' does not exist in the current context [C:\Users\russel.mercado\source\repos\Yakult-System-New\Yakult.Inventory.App\Yakult.Inventory.App.csproj]
C:\Users\russel.mercado\source\repos\Yakult-System-New\Yakult.Inventory.App\Pages\Software\SoftwareItemPickerDialog.cs(232,25): error CS0103: The name 'ChkShowInactive' does not exist in the current context [C:\Users\russel.mercado\source\repos\Yakult-System-New\Yakult.Inventory.App\Yakult.Inventory.App.csproj]
C:\Users\russel.mercado\source\repos\Yakult-System-New\Yakult.Inventory.App\Pages\Software\SoftwareItemPickerDialog.cs(248,52): error CS0103: The name 'TxtSearchName' does not exist in the current context [C:\Users\russel.mercado\source\repos\Yakult-System-New\Yakult.Inventory.App\Yakult.Inventory.App.csproj]
C:\Users\russel.mercado\source\repos\Yakult-System-New\Yakult.Inventory.App\Pages\Software\SoftwareItemPickerDialog.cs(251,52): error CS0103: The name 'TxtSearchCategory' does not exist in the current context [C:\Users\russel.mercado\source\repos\Yakult-System-New\Yakult.Inventory.App\Yakult.Inventory.App.csproj]
C:\Users\russel.mercado\source\repos\Yakult-System-New\Yakult.Inventory.App\Pages\Software\SoftwareItemPickerDialog.cs(254,52): error CS0103: The name 'TxtSearchSerial' does not exist in the current context [C:\Users\russel.mercado\source\repos\Yakult-System-New\Yakult.Inventory.App\Yakult.Inventory.App.csproj]
C:\Users\russel.mercado\source\repos\Yakult-System-New\Yakult.Inventory.App\Pages\Software\SoftwareItemPickerDialog.cs(303,56): error CS0103: The name 'TxtSearchName' does not exist in the current context [C:\Users\russel.mercado\source\repos\Yakult-System-New\Yakult.Inventory.App\Yakult.Inventory.App.csproj]
C:\Users\russel.mercado\source\repos\Yakult-System-New\Yakult.Inventory.App\Pages\Software\SoftwareItemPickerDialog.cs(304,70): error CS0103: The name 'TxtSearchName' does not exist in the current context [C:\Users\russel.mercado\source\repos\Yakult-System-New\Yakult.Inventory.App\Yakult.Inventory.App.csproj]
C:\Users\russel.mercado\source\repos\Yakult-System-New\Yakult.Inventory.App\Pages\Software\SoftwareItemPickerDialog.cs(306,56): error CS0103: The name 'TxtSearchCategory' does not exist in the current context [C:\Users\russel.mercado\source\repos\Yakult-System-New\Yakult.Inventory.App\Yakult.Inventory.App.csproj]
C:\Users\russel.mercado\source\repos\Yakult-System-New\Yakult.Inventory.App\Pages\Software\SoftwareItemPickerDialog.cs(307,74): error CS0103: The name 'TxtSearchCategory' does not exist in the current context [C:\Users\russel.mercado\source\repos\Yakult-System-New\Yakult.Inventory.App\Yakult.Inventory.App.csproj]
C:\Users\russel.mercado\source\repos\Yakult-System-New\Yakult.Inventory.App\Pages\Software\SoftwareItemPickerDialog.cs(309,56): error CS0103: The name 'TxtSearchSerial' does not exist in the current context [C:\Users\russel.mercado\source\repos\Yakult-System-New\Yakult.Inventory.App\Yakult.Inventory.App.csproj]
C:\Users\russel.mercado\source\repos\Yakult-System-New\Yakult.Inventory.App\Pages\Software\SoftwareItemPickerDialog.cs(310,72): error CS0103: The name 'TxtSearchSerial' does not exist in the current context [C:\Users\russel.mercado\source\repos\Yakult-System-New\Yakult.Inventory.App\Yakult.Inventory.App.csproj]
C:\Users\russel.mercado\source\repos\Yakult-System-New\Yakult.Inventory.App\Pages\Software\SoftwareItemPickerDialog.cs(391,13): error CS0103: The name 'TxtSelectionHint' does not exist in the current context [C:\Users\russel.mercado\source\repos\Yakult-System-New\Yakult.Inventory.App\Yakult.Inventory.App.csproj]
C:\Users\russel.mercado\source\repos\Yakult-System-New\Yakult.Inventory.App\Pages\Software\SoftwareItemPickerDialog.cs(395,13): error CS0103: The name 'TxtSelectedCount' does not exist in the current context [C:\Users\russel.mercado\source\repos\Yakult-System-New\Yakult.Inventory.App\Yakult.Inventory.App.csproj]
C:\Users\russel.mercado\source\repos\Yakult-System-New\Yakult.Inventory.App\Pages\Software\SoftwareItemPickerDialog.cs(396,13): error CS0103: The name 'BdrSelectedCount' does not exist in the current context [C:\Users\russel.mercado\source\repos\Yakult-System-New\Yakult.Inventory.App\Yakult.Inventory.App.csproj]
C:\Users\russel.mercado\source\repos\Yakult-System-New\Yakult.Inventory.App\Wpf\EDocs\Views\EDocsPrintPreviewDialog.xaml.cs(24,13): error CS0103: The name 'InitializeComponent' does not exist in the current context [C:\Users\russel.mercado\source\repos\Yakult-System-New\Yakult.Inventory.App\Yakult.Inventory.App.csproj]
C:\Users\russel.mercado\source\repos\Yakult-System-New\Yakult.Inventory.App\Wpf\EDocs\Views\EDocsPrintPreviewDialog.xaml.cs(27,13): error CS0103: The name 'TitleText' does not exist in the current context [C:\Users\russel.mercado\source\repos\Yakult-System-New\Yakult.Inventory.App\Yakult.Inventory.App.csproj]
C:\Users\russel.mercado\source\repos\Yakult-System-New\Yakult.Inventory.App\Wpf\EDocs\Views\EDocsPrintPreviewDialog.xaml.cs(28,13): error CS0103: The name 'SubtitleText' does not exist in the current context [C:\Users\russel.mercado\source\repos\Yakult-System-New\Yakult.Inventory.App\Yakult.Inventory.App.csproj]
C:\Users\russel.mercado\source\repos\Yakult-System-New\Yakult.Inventory.App\Wpf\EDocs\Views\EDocsPrintPreviewDialog.xaml.cs(29,13): error CS0103: The name 'PreviewHost' does not exist in the current context [C:\Users\russel.mercado\source\repos\Yakult-System-New\Yakult.Inventory.App\Yakult.Inventory.App.csproj]
C:\Users\russel.mercado\source\repos\Yakult-System-New\Yakult.Inventory.App\Wpf\EDocs\Views\EDocsPrintPreviewDialog.xaml.cs(32,17): error CS0103: The name 'PageSizeLegal' does not exist in the current context [C:\Users\russel.mercado\source\repos\Yakult-System-New\Yakult.Inventory.App\Yakult.Inventory.App.csproj]
C:\Users\russel.mercado\source\repos\Yakult-System-New\Yakult.Inventory.App\Wpf\EDocs\Views\EDocsPrintPreviewDialog.xaml.cs(34,17): error CS0103: The name 'PageSizeA4' does not exist in the current context [C:\Users\russel.mercado\source\repos\Yakult-System-New\Yakult.Inventory.App\Yakult.Inventory.App.csproj]
C:\Users\russel.mercado\source\repos\Yakult-System-New\Yakult.Inventory.App\Wpf\EDocs\Views\EDocsPrintPreviewDialog.xaml.cs(36,17): error CS0103: The name 'PageSizeLetter' does not exist in the current context [C:\Users\russel.mercado\source\repos\Yakult-System-New\Yakult.Inventory.App\Yakult.Inventory.App.csproj]
C:\Users\russel.mercado\source\repos\Yakult-System-New\Yakult.Inventory.App\Wpf\EDocs\Views\EDocsPrintPreviewDialog.xaml.cs(37,13): error CS0103: The name 'Copies1' does not exist in the current context [C:\Users\russel.mercado\source\repos\Yakult-System-New\Yakult.Inventory.App\Yakult.Inventory.App.csproj]
C:\Users\russel.mercado\source\repos\Yakult-System-New\Yakult.Inventory.App\Wpf\EDocs\Views\EDocsPrintPreviewDialog.xaml.cs(47,21): error CS0103: The name 'PageSizeLetter' does not exist in the current context [C:\Users\russel.mercado\source\repos\Yakult-System-New\Yakult.Inventory.App\Yakult.Inventory.App.csproj]
C:\Users\russel.mercado\source\repos\Yakult-System-New\Yakult.Inventory.App\Wpf\EDocs\Views\EDocsPrintPreviewDialog.xaml.cs(48,21): error CS0103: The name 'PageSizeLegal' does not exist in the current context [C:\Users\russel.mercado\source\repos\Yakult-System-New\Yakult.Inventory.App\Yakult.Inventory.App.csproj]
C:\Users\russel.mercado\source\repos\Yakult-System-New\Yakult.Inventory.App\Wpf\EDocs\Views\EDocsPrintPreviewDialog.xaml.cs(49,21): error CS0103: The name 'PageSizeA4' does not exist in the current context [C:\Users\russel.mercado\source\repos\Yakult-System-New\Yakult.Inventory.App\Yakult.Inventory.App.csproj]
C:\Users\russel.mercado\source\repos\Yakult-System-New\Yakult.Inventory.App\Wpf\EDocs\Views\EDocsPrintPreviewDialog.xaml.cs(54,38): error CS0103: The name 'Copies2' does not exist in the current context [C:\Users\russel.mercado\source\repos\Yakult-System-New\Yakult.Inventory.App\Yakult.Inventory.App.csproj]
C:\Users\russel.mercado\source\repos\Yakult-System-New\Yakult.Inventory.App\Pages\Software\SoftwareItemPickerDialog.cs(411,13): error CS0103: The name 'ItemsGrid' does not exist in the current context [C:\Users\russel.mercado\source\repos\Yakult-System-New\Yakult.Inventory.App\Yakult.Inventory.App.csproj]
C:\Users\russel.mercado\source\repos\Yakult-System-New\Yakult.Inventory.App\Pages\Software\SoftwareItemPickerDialog.cs(412,13): error CS0103: The name 'TxtPageInfo' does not exist in the current context [C:\Users\russel.mercado\source\repos\Yakult-System-New\Yakult.Inventory.App\Yakult.Inventory.App.csproj]
C:\Users\russel.mercado\source\repos\Yakult-System-New\Yakult.Inventory.App\Pages\Software\SoftwareItemPickerDialog.cs(413,13): error CS0103: The name 'BtnPrevPage' does not exist in the current context [C:\Users\russel.mercado\source\repos\Yakult-System-New\Yakult.Inventory.App\Yakult.Inventory.App.csproj]
C:\Users\russel.mercado\source\repos\Yakult-System-New\Yakult.Inventory.App\Pages\Software\SoftwareItemPickerDialog.cs(414,13): error CS0103: The name 'BtnNextPage' does not exist in the current context [C:\Users\russel.mercado\source\repos\Yakult-System-New\Yakult.Inventory.App\Yakult.Inventory.App.csproj]
C:\Users\russel.mercado\source\repos\Yakult-System-New\Yakult.Inventory.App\Wpf\Export\Sets\Views\SetsExportView.xaml.cs(25,13): error CS0103: The name 'InitializeComponent' does not exist in the current context [C:\Users\russel.mercado\source\repos\Yakult-System-New\Yakult.Inventory.App\Yakult.Inventory.App.csproj]
C:\Users\russel.mercado\source\repos\Yakult-System-New\Yakult.Inventory.App\Wpf\EDocs\Views\EDocsDashboardView.xaml.cs(11,13): error CS0103: The name 'InitializeComponent' does not exist in the current context [C:\Users\russel.mercado\source\repos\Yakult-System-New\Yakult.Inventory.App\Yakult.Inventory.App.csproj]
C:\Users\russel.mercado\source\repos\Yakult-System-New\Yakult.Inventory.App\Pages\Software\SoftwareItemPickerDialog.cs(432,17): error CS0103: The name 'CmbPageSize' does not exist in the current context [C:\Users\russel.mercado\source\repos\Yakult-System-New\Yakult.Inventory.App\Yakult.Inventory.App.csproj]
C:\Users\russel.mercado\source\repos\Yakult-System-New\Yakult.Inventory.App\Wpf\Export\Sets\Views\SetsExportView.xaml.cs(64,33): error CS0103: The name 'SetsGrid' does not exist in the current context [C:\Users\russel.mercado\source\repos\Yakult-System-New\Yakult.Inventory.App\Yakult.Inventory.App.csproj]
C:\Users\russel.mercado\source\repos\Yakult-System-New\Yakult.Inventory.App\Wpf\EDocs\Gatepass\Views\GatepassPrintView.xaml.cs(29,13): error CS0103: The name 'InitializeComponent' does not exist in the current context [C:\Users\russel.mercado\source\repos\Yakult-System-New\Yakult.Inventory.App\Yakult.Inventory.App.csproj]
C:\Users\russel.mercado\source\repos\Yakult-System-New\Yakult.Inventory.App\Wpf\EDocs\Gatepass\Views\GatepassPrintView.xaml.cs(36,13): error CS0103: The name 'PagesHost' does not exist in the current context [C:\Users\russel.mercado\source\repos\Yakult-System-New\Yakult.Inventory.App\Yakult.Inventory.App.csproj]
C:\Users\russel.mercado\source\repos\Yakult-System-New\Yakult.Inventory.App\Wpf\EDocs\Gatepass\Views\GatepassPrintView.xaml.cs(52,17): error CS0103: The name 'PagesHost' does not exist in the current context [C:\Users\russel.mercado\source\repos\Yakult-System-New\Yakult.Inventory.App\Yakult.Inventory.App.csproj]
C:\Users\russel.mercado\source\repos\Yakult-System-New\Yakult.Inventory.App\Wpf\Set\Views\SetPageView.xaml.cs(18,13): error CS0103: The name 'InitializeComponent' does not exist in the current context [C:\Users\russel.mercado\source\repos\Yakult-System-New\Yakult.Inventory.App\Yakult.Inventory.App.csproj]
C:\Users\russel.mercado\source\repos\Yakult-System-New\Yakult.Inventory.App\Wpf\Set\Views\SetPageView.xaml.cs(32,44): error CS0103: The name 'SetsGrid' does not exist in the current context [C:\Users\russel.mercado\source\repos\Yakult-System-New\Yakult.Inventory.App\Yakult.Inventory.App.csproj]
C:\Users\russel.mercado\source\repos\Yakult-System-New\Yakult.Inventory.App\Pages\Software\SoftwareItemPickerDialog.cs(451,28): error CS0103: The name 'ItemsGrid' does not exist in the current context [C:\Users\russel.mercado\source\repos\Yakult-System-New\Yakult.Inventory.App\Yakult.Inventory.App.csproj]
C:\Users\russel.mercado\source\repos\Yakult-System-New\Yakult.Inventory.App\Wpf\Export\Invoice\Views\InvoiceExportView.xaml.cs(21,13): error CS0103: The name 'InitializeComponent' does not exist in the current context [C:\Users\russel.mercado\source\repos\Yakult-System-New\Yakult.Inventory.App\Yakult.Inventory.App.csproj]
C:\Users\russel.mercado\source\repos\Yakult-System-New\Yakult.Inventory.App\Wpf\Export\Invoice\Views\InvoiceExportView.xaml.cs(61,33): error CS0103: The name 'InvoicesGrid' does not exist in the current context [C:\Users\russel.mercado\source\repos\Yakult-System-New\Yakult.Inventory.App\Yakult.Inventory.App.csproj]
C:\Users\russel.mercado\source\repos\Yakult-System-New\Yakult.Inventory.App\Wpf\Set\Views\SetPageView.xaml.cs(107,55): error CS0103: The name 'SetsGrid' does not exist in the current context [C:\Users\russel.mercado\source\repos\Yakult-System-New\Yakult.Inventory.App\Yakult.Inventory.App.csproj]
C:\Users\russel.mercado\source\repos\Yakult-System-New\Yakult.Inventory.App\Wpf\Set\Views\SetPageView.xaml.cs(108,73): error CS0103: The name 'SetsGrid' does not exist in the current context [C:\Users\russel.mercado\source\repos\Yakult-System-New\Yakult.Inventory.App\Yakult.Inventory.App.csproj]
C:\Users\russel.mercado\source\repos\Yakult-System-New\Yakult.Inventory.App\Wpf\Set\Views\SetPageView.xaml.cs(120,33): error CS0103: The name 'SetsGrid' does not exist in the current context [C:\Users\russel.mercado\source\repos\Yakult-System-New\Yakult.Inventory.App\Yakult.Inventory.App.csproj]
C:\Users\russel.mercado\source\repos\Yakult-System-New\Yakult.Inventory.App\Wpf\EDocs\Transmittal\Views\TransmittalPrintView.xaml.cs(46,13): error CS0103: The name 'InitializeComponent' does not exist in the current context [C:\Users\russel.mercado\source\repos\Yakult-System-New\Yakult.Inventory.App\Yakult.Inventory.App.csproj]
C:\Users\russel.mercado\source\repos\Yakult-System-New\Yakult.Inventory.App\Pages\Software\SelectedItemsReviewDialog.cs(29,13): error CS0103: The name 'InitializeComponent' does not exist in the current context [C:\Users\russel.mercado\source\repos\Yakult-System-New\Yakult.Inventory.App\Yakult.Inventory.App.csproj]
C:\Users\russel.mercado\source\repos\Yakult-System-New\Yakult.Inventory.App\Pages\Software\SelectedItemsReviewDialog.cs(32,13): error CS0103: The name 'ItemsGrid' does not exist in the current context [C:\Users\russel.mercado\source\repos\Yakult-System-New\Yakult.Inventory.App\Yakult.Inventory.App.csproj]
C:\Users\russel.mercado\source\repos\Yakult-System-New\Yakult.Inventory.App\Wpf\EDocs\Transmittal\Views\TransmittalPrintView.xaml.cs(55,13): error CS0103: The name 'PagesHost' does not exist in the current context [C:\Users\russel.mercado\source\repos\Yakult-System-New\Yakult.Inventory.App\Yakult.Inventory.App.csproj]
C:\Users\russel.mercado\source\repos\Yakult-System-New\Yakult.Inventory.App\Wpf\EDocs\Transmittal\Views\TransmittalPrintView.xaml.cs(62,17): error CS0103: The name 'PagesHost' does not exist in the current context [C:\Users\russel.mercado\source\repos\Yakult-System-New\Yakult.Inventory.App\Yakult.Inventory.App.csproj]
C:\Users\russel.mercado\source\repos\Yakult-System-New\Yakult.Inventory.App\Wpf\RequestSetSearch\Views\RequestSetSearchView.xaml.cs(21,13): error CS0103: The name 'InitializeComponent' does not exist in the current context [C:\Users\russel.mercado\source\repos\Yakult-System-New\Yakult.Inventory.App\Yakult.Inventory.App.csproj]
C:\Users\russel.mercado\source\repos\Yakult-System-New\Yakult.Inventory.App\Wpf\RequestSetSearch\Views\RequestSetSearchView.xaml.cs(33,13): error CS0103: The name 'CenterSearchBox' does not exist in the current context [C:\Users\russel.mercado\source\repos\Yakult-System-New\Yakult.Inventory.App\Yakult.Inventory.App.csproj]
C:\Users\russel.mercado\source\repos\Yakult-System-New\Yakult.Inventory.App\Wpf\RequestSetSearch\Views\RequestSetSearchView.xaml.cs(47,17): error CS0103: The name 'LogoImage' does not exist in the current context [C:\Users\russel.mercado\source\repos\Yakult-System-New\Yakult.Inventory.App\Yakult.Inventory.App.csproj]
C:\Users\russel.mercado\source\repos\Yakult-System-New\Yakult.Inventory.App\Wpf\RequestSetSearch\Views\RequestSetSearchView.xaml.cs(62,13): error CS0103: The name 'CenterSearchBox' does not exist in the current context [C:\Users\russel.mercado\source\repos\Yakult-System-New\Yakult.Inventory.App\Yakult.Inventory.App.csproj]
C:\Users\russel.mercado\source\repos\Yakult-System-New\Yakult.Inventory.App\Pages\Software\SelectedItemsReviewDialog.cs(89,13): error CS0103: The name 'TxtCount' does not exist in the current context [C:\Users\russel.mercado\source\repos\Yakult-System-New\Yakult.Inventory.App\Yakult.Inventory.App.csproj]
C:\Users\russel.mercado\source\repos\Yakult-System-New\Yakult.Inventory.App\Pages\Software\SelectedItemsReviewDialog.cs(92,13): error CS0103: The name 'TxtEmptyState' does not exist in the current context [C:\Users\russel.mercado\source\repos\Yakult-System-New\Yakult.Inventory.App\Yakult.Inventory.App.csproj]
C:\Users\russel.mercado\source\repos\Yakult-System-New\Yakult.Inventory.App\Pages\Software\SelectedItemsReviewDialog.cs(93,13): error CS0103: The name 'BtnRemoveAll' does not exist in the current context [C:\Users\russel.mercado\source\repos\Yakult-System-New\Yakult.Inventory.App\Yakult.Inventory.App.csproj]
C:\Users\russel.mercado\source\repos\Yakult-System-New\Yakult.Inventory.App\Wpf\Export\Renewal\Views\RenewalExportView.xaml.cs(24,13): error CS0103: The name 'InitializeComponent' does not exist in the current context [C:\Users\russel.mercado\source\repos\Yakult-System-New\Yakult.Inventory.App\Yakult.Inventory.App.csproj]
C:\Users\russel.mercado\source\repos\Yakult-System-New\Yakult.Inventory.App\Wpf\Export\Renewal\Views\RenewalExportView.xaml.cs(71,33): error CS0103: The name 'RenewalsGrid' does not exist in the current context [C:\Users\russel.mercado\source\repos\Yakult-System-New\Yakult.Inventory.App\Yakult.Inventory.App.csproj]
C:\Users\russel.mercado\source\repos\Yakult-System-New\Yakult.Inventory.App\Wpf\Renewal\ChainReceipts\Views\ChainReceiptsWindow.xaml.cs(15,13): error CS0103: The name 'InitializeComponent' does not exist in the current context [C:\Users\russel.mercado\source\repos\Yakult-System-New\Yakult.Inventory.App\Yakult.Inventory.App.csproj]
C:\Users\russel.mercado\source\repos\Yakult-System-New\Yakult.Inventory.App\Wpf\ItemMovementAudit\Views\ItemMovementAuditPageView.xaml.cs(19,13): error CS0103: The name 'InitializeComponent' does not exist in the current context [C:\Users\russel.mercado\source\repos\Yakult-System-New\Yakult.Inventory.App\Yakult.Inventory.App.csproj]
C:\Users\russel.mercado\source\repos\Yakult-System-New\Yakult.Inventory.App\Wpf\ItemMovementAudit\Views\ItemMovementAuditPageView.xaml.cs(40,55): error CS0103: The name 'ItemsGrid' does not exist in the current context [C:\Users\russel.mercado\source\repos\Yakult-System-New\Yakult.Inventory.App\Yakult.Inventory.App.csproj]
C:\Users\russel.mercado\source\repos\Yakult-System-New\Yakult.Inventory.App\Wpf\ItemMovementAudit\Views\ItemMovementAuditPageView.xaml.cs(41,73): error CS0103: The name 'ItemsGrid' does not exist in the current context [C:\Users\russel.mercado\source\repos\Yakult-System-New\Yakult.Inventory.App\Yakult.Inventory.App.csproj]
C:\Users\russel.mercado\source\repos\Yakult-System-New\Yakult.Inventory.App\Wpf\ItemMovementAudit\Views\ItemMovementAuditPageView.xaml.cs(57,33): error CS0103: The name 'ItemsGrid' does not exist in the current context [C:\Users\russel.mercado\source\repos\Yakult-System-New\Yakult.Inventory.App\Yakult.Inventory.App.csproj]
C:\Users\russel.mercado\source\repos\Yakult-System-New\Yakult.Inventory.App\Wpf\Renewal\ViewRenewals\Views\RenewalPageView.xaml.cs(24,13): error CS0103: The name 'InitializeComponent' does not exist in the current context [C:\Users\russel.mercado\source\repos\Yakult-System-New\Yakult.Inventory.App\Yakult.Inventory.App.csproj]
C:\Users\russel.mercado\source\repos\Yakult-System-New\Yakult.Inventory.App\Wpf\ItemMovementAudit\Views\ItemMovementAuditPageView.xaml.cs(75,17): error CS0103: The name 'ItemsGrid' does not exist in the current context [C:\Users\russel.mercado\source\repos\Yakult-System-New\Yakult.Inventory.App\Yakult.Inventory.App.csproj]
C:\Users\russel.mercado\source\repos\Yakult-System-New\Yakult.Inventory.App\Wpf\Renewal\ViewRenewals\Views\RenewalPageView.xaml.cs(67,79): error CS0103: The name 'ExportDropdownToggle' does not exist in the current context [C:\Users\russel.mercado\source\repos\Yakult-System-New\Yakult.Inventory.App\Yakult.Inventory.App.csproj]
C:\Users\russel.mercado\source\repos\Yakult-System-New\Yakult.Inventory.App\Wpf\Renewal\ViewRenewals\Views\RenewalPageView.xaml.cs(165,55): error CS0103: The name 'RenewalsGrid' does not exist in the current context [C:\Users\russel.mercado\source\repos\Yakult-System-New\Yakult.Inventory.App\Yakult.Inventory.App.csproj]
C:\Users\russel.mercado\source\repos\Yakult-System-New\Yakult.Inventory.App\Wpf\Renewal\ViewRenewals\Views\RenewalPageView.xaml.cs(166,73): error CS0103: The name 'RenewalsGrid' does not exist in the current context [C:\Users\russel.mercado\source\repos\Yakult-System-New\Yakult.Inventory.App\Yakult.Inventory.App.csproj]
C:\Users\russel.mercado\source\repos\Yakult-System-New\Yakult.Inventory.App\Wpf\Renewal\ViewRenewals\Views\RenewalPageView.xaml.cs(178,33): error CS0103: The name 'RenewalsGrid' does not exist in the current context [C:\Users\russel.mercado\source\repos\Yakult-System-New\Yakult.Inventory.App\Yakult.Inventory.App.csproj]
C:\Users\russel.mercado\source\repos\Yakult-System-New\Yakult.Inventory.App\Wpf\Renewal\ViewRenewals\Views\RenewalPageView.xaml.cs(220,33): error CS0103: The name 'RenewalsGrid' does not exist in the current context [C:\Users\russel.mercado\source\repos\Yakult-System-New\Yakult.Inventory.App\Yakult.Inventory.App.csproj]
C:\Users\russel.mercado\source\repos\Yakult-System-New\Yakult.Inventory.App\Wpf\Renewal\ViewRenewals\Views\RenewalPageView.xaml.cs(221,26): error CS0103: The name 'RenewalsGrid' does not exist in the current context [C:\Users\russel.mercado\source\repos\Yakult-System-New\Yakult.Inventory.App\Yakult.Inventory.App.csproj]
C:\Users\russel.mercado\source\repos\Yakult-System-New\Yakult.Inventory.App\Wpf\Renewal\RenewalGroups\Views\RenewalHistoryWindow.xaml.cs(18,13): error CS0103: The name 'InitializeComponent' does not exist in the current context [C:\Users\russel.mercado\source\repos\Yakult-System-New\Yakult.Inventory.App\Yakult.Inventory.App.csproj]
C:\Users\russel.mercado\source\repos\Yakult-System-New\Yakult.Inventory.App\Wpf\Renewal\RenewalWorkspace\Views\RenewalWorkspaceWindow.xaml.cs(17,13): error CS0103: The name 'InitializeComponent' does not exist in the current context [C:\Users\russel.mercado\source\repos\Yakult-System-New\Yakult.Inventory.App\Yakult.Inventory.App.csproj]
C:\Users\russel.mercado\source\repos\Yakult-System-New\Yakult.Inventory.App\Wpf\Renewal\LinkRenewal\Views\LinkRenewalWindow.xaml.cs(17,13): error CS0103: The name 'InitializeComponent' does not exist in the current context [C:\Users\russel.mercado\source\repos\Yakult-System-New\Yakult.Inventory.App\Yakult.Inventory.App.csproj]
C:\Users\russel.mercado\source\repos\Yakult-System-New\Yakult.Inventory.App\Wpf\Renewal\RenewalWorkspace\Views\RenewalWorkspaceWindow.xaml.cs(24,13): error CS0103: The name 'InitializeComponent' does not exist in the current context [C:\Users\russel.mercado\source\repos\Yakult-System-New\Yakult.Inventory.App\Yakult.Inventory.App.csproj]
C:\Users\russel.mercado\source\repos\Yakult-System-New\Yakult.Inventory.App\Wpf\Renewal\RenewalGroups\Views\RenewalGroupPageView.xaml.cs(24,13): error CS0103: The name 'InitializeComponent' does not exist in the current context [C:\Users\russel.mercado\source\repos\Yakult-System-New\Yakult.Inventory.App\Yakult.Inventory.App.csproj]
C:\Users\russel.mercado\source\repos\Yakult-System-New\Yakult.Inventory.App\Wpf\RepairedItems\Views\RepairedItemsPageView.xaml.cs(20,13): error CS0103: The name 'InitializeComponent' does not exist in the current context [C:\Users\russel.mercado\source\repos\Yakult-System-New\Yakult.Inventory.App\Yakult.Inventory.App.csproj]
C:\Users\russel.mercado\source\repos\Yakult-System-New\Yakult.Inventory.App\Wpf\RepairedItems\Views\RepairedItemsPageView.xaml.cs(45,55): error CS0103: The name 'ItemsGrid' does not exist in the current context [C:\Users\russel.mercado\source\repos\Yakult-System-New\Yakult.Inventory.App\Yakult.Inventory.App.csproj]
C:\Users\russel.mercado\source\repos\Yakult-System-New\Yakult.Inventory.App\Wpf\RepairedItems\Views\RepairedItemsPageView.xaml.cs(57,33): error CS0103: The name 'ItemsGrid' does not exist in the current context [C:\Users\russel.mercado\source\repos\Yakult-System-New\Yakult.Inventory.App\Yakult.Inventory.App.csproj]
C:\Users\russel.mercado\source\repos\Yakult-System-New\Yakult.Inventory.App\Wpf\Renewal\RenewItems\Views\RenewItemsWindow.xaml.cs(29,13): error CS0103: The name 'InitializeComponent' does not exist in the current context [C:\Users\russel.mercado\source\repos\Yakult-System-New\Yakult.Inventory.App\Yakult.Inventory.App.csproj]
C:\Users\russel.mercado\source\repos\Yakult-System-New\Yakult.Inventory.App\Wpf\Renewal\RenewalDetail\Views\RenewalDetailWindow.xaml.cs(12,13): error CS0103: The name 'InitializeComponent' does not exist in the current context [C:\Users\russel.mercado\source\repos\Yakult-System-New\Yakult.Inventory.App\Yakult.Inventory.App.csproj]
C:\Users\russel.mercado\source\repos\Yakult-System-New\Yakult.Inventory.App\Wpf\Inventory\Views\InventoryPageView.xaml.cs(21,13): error CS0103: The name 'InitializeComponent' does not exist in the current context [C:\Users\russel.mercado\source\repos\Yakult-System-New\Yakult.Inventory.App\Yakult.Inventory.App.csproj]
C:\Users\russel.mercado\source\repos\Yakult-System-New\Yakult.Inventory.App\Wpf\Inventory\Views\InventoryPageView.xaml.cs(49,36): error CS0103: The name 'CategoryStockGrid' does not exist in the current context [C:\Users\russel.mercado\source\repos\Yakult-System-New\Yakult.Inventory.App\Yakult.Inventory.App.csproj]
C:\Users\russel.mercado\source\repos\Yakult-System-New\Yakult.Inventory.App\Wpf\Inventory\Views\InventoryPageView.xaml.cs(50,36): error CS0103: The name 'HardwareGrid' does not exist in the current context [C:\Users\russel.mercado\source\repos\Yakult-System-New\Yakult.Inventory.App\Yakult.Inventory.App.csproj]
C:\Users\russel.mercado\source\repos\Yakult-System-New\Yakult.Inventory.App\Wpf\Inventory\Views\InventoryPageView.xaml.cs(51,36): error CS0103: The name 'SoftwareLicenseGrid' does not exist in the current context [C:\Users\russel.mercado\source\repos\Yakult-System-New\Yakult.Inventory.App\Yakult.Inventory.App.csproj]
C:\Users\russel.mercado\source\repos\Yakult-System-New\Yakult.Inventory.App\Wpf\Inventory\Views\InventoryPageView.xaml.cs(52,36): error CS0103: The name 'ServicesGrid' does not exist in the current context [C:\Users\russel.mercado\source\repos\Yakult-System-New\Yakult.Inventory.App\Yakult.Inventory.App.csproj]
C:\Users\russel.mercado\source\repos\Yakult-System-New\Yakult.Inventory.App\Wpf\Inventory\Views\InventoryPageView.xaml.cs(53,37): error CS0103: The name 'InventoryGrid' does not exist in the current context [C:\Users\russel.mercado\source\repos\Yakult-System-New\Yakult.Inventory.App\Yakult.Inventory.App.csproj]
C:\Users\russel.mercado\source\repos\Yakult-System-New\Yakult.Inventory.App\Wpf\Inventory\Views\InventoryPageView.xaml.cs(86,35): error CS0103: The name 'InventoryGrid' does not exist in the current context [C:\Users\russel.mercado\source\repos\Yakult-System-New\Yakult.Inventory.App\Yakult.Inventory.App.csproj]
C:\Users\russel.mercado\source\repos\Yakult-System-New\Yakult.Inventory.App\Wpf\Inventory\Views\InventoryPageView.xaml.cs(88,13): error CS0103: The name 'InventoryGrid' does not exist in the current context [C:\Users\russel.mercado\source\repos\Yakult-System-New\Yakult.Inventory.App\Yakult.Inventory.App.csproj]
C:\Users\russel.mercado\source\repos\Yakult-System-New\Yakult.Inventory.App\Wpf\RequestManagement\Views\FulfillRequestDialog.xaml.cs(20,13): error CS0103: The name 'InitializeComponent' does not exist in the current context [C:\Users\russel.mercado\source\repos\Yakult-System-New\Yakult.Inventory.App\Yakult.Inventory.App.csproj]
C:\Users\russel.mercado\source\repos\Yakult-System-New\Yakult.Inventory.App\Wpf\RequestManagement\Views\FulfillRequestDialog.xaml.cs(22,13): error CS0103: The name 'StatesPanel' does not exist in the current context [C:\Users\russel.mercado\source\repos\Yakult-System-New\Yakult.Inventory.App\Yakult.Inventory.App.csproj]
C:\Users\russel.mercado\source\repos\Yakult-System-New\Yakult.Inventory.App\Wpf\RequestManagement\Views\FulfillRequestDialog.xaml.cs(27,17): error CS0103: The name 'TitleText' does not exist in the current context [C:\Users\russel.mercado\source\repos\Yakult-System-New\Yakult.Inventory.App\Yakult.Inventory.App.csproj]
C:\Users\russel.mercado\source\repos\Yakult-System-New\Yakult.Inventory.App\Wpf\RequestManagement\Views\FulfillRequestDialog.xaml.cs(31,17): error CS0103: The name 'SubtitleText' does not exist in the current context [C:\Users\russel.mercado\source\repos\Yakult-System-New\Yakult.Inventory.App\Yakult.Inventory.App.csproj]
C:\Users\russel.mercado\source\repos\Yakult-System-New\Yakult.Inventory.App\Wpf\RequestManagement\Views\UnfulfilledRequestsView.xaml.cs(20,13): error CS0103: The name 'InitializeComponent' does not exist in the current context [C:\Users\russel.mercado\source\repos\Yakult-System-New\Yakult.Inventory.App\Yakult.Inventory.App.csproj]
C:\Users\russel.mercado\source\repos\Yakult-System-New\Yakult.Inventory.App\Wpf\RequestManagement\Views\UnfulfilledRequestsView.xaml.cs(25,13): error CS0103: The name 'FilterByBox' does not exist in the current context [C:\Users\russel.mercado\source\repos\Yakult-System-New\Yakult.Inventory.App\Yakult.Inventory.App.csproj]
C:\Users\russel.mercado\source\repos\Yakult-System-New\Yakult.Inventory.App\Wpf\RequestManagement\Views\UnfulfilledRequestsView.xaml.cs(30,13): error CS0103: The name 'FilterByBox' does not exist in the current context [C:\Users\russel.mercado\source\repos\Yakult-System-New\Yakult.Inventory.App\Yakult.Inventory.App.csproj]
C:\Users\russel.mercado\source\repos\Yakult-System-New\Yakult.Inventory.App\Wpf\RequestManagement\Views\UnfulfilledRequestsView.xaml.cs(32,13): error CS0103: The name 'SortByBox' does not exist in the current context [C:\Users\russel.mercado\source\repos\Yakult-System-New\Yakult.Inventory.App\Yakult.Inventory.App.csproj]
C:\Users\russel.mercado\source\repos\Yakult-System-New\Yakult.Inventory.App\Wpf\RequestManagement\Views\UnfulfilledRequestsView.xaml.cs(37,13): error CS0103: The name 'SortByBox' does not exist in the current context [C:\Users\russel.mercado\source\repos\Yakult-System-New\Yakult.Inventory.App\Yakult.Inventory.App.csproj]
C:\Users\russel.mercado\source\repos\Yakult-System-New\Yakult.Inventory.App\Wpf\RequestManagement\Views\UnfulfilledRequestsView.xaml.cs(41,17): error CS0103: The name 'FilterByBox' does not exist in the current context [C:\Users\russel.mercado\source\repos\Yakult-System-New\Yakult.Inventory.App\Yakult.Inventory.App.csproj]
C:\Users\russel.mercado\source\repos\Yakult-System-New\Yakult.Inventory.App\Wpf\RequestManagement\Views\UnfulfilledRequestsView.xaml.cs(42,17): error CS0103: The name 'SortByBox' does not exist in the current context [C:\Users\russel.mercado\source\repos\Yakult-System-New\Yakult.Inventory.App\Yakult.Inventory.App.csproj]
C:\Users\russel.mercado\source\repos\Yakult-System-New\Yakult.Inventory.App\Wpf\ConsumableManagement\Views\EditConsumableModelWindow.xaml.cs(16,13): error CS0103: The name 'InitializeComponent' does not exist in the current context [C:\Users\russel.mercado\source\repos\Yakult-System-New\Yakult.Inventory.App\Yakult.Inventory.App.csproj]
C:\Users\russel.mercado\source\repos\Yakult-System-New\Yakult.Inventory.App\Wpf\ConsumableManagement\Views\EditConsumableModelWindow.xaml.cs(36,17): error CS0103: The name 'TxtModelNumber' does not exist in the current context [C:\Users\russel.mercado\source\repos\Yakult-System-New\Yakult.Inventory.App\Yakult.Inventory.App.csproj]
C:\Users\russel.mercado\source\repos\Yakult-System-New\Yakult.Inventory.App\Wpf\ConsumableManagement\Views\EditConsumableModelWindow.xaml.cs(38,17): error CS0103: The name 'ChkRequestable' does not exist in the current context [C:\Users\russel.mercado\source\repos\Yakult-System-New\Yakult.Inventory.App\Yakult.Inventory.App.csproj]
C:\Users\russel.mercado\source\repos\Yakult-System-New\Yakult.Inventory.App\Wpf\ConsumableManagement\Views\EditConsumableModelWindow.xaml.cs(39,17): error CS0103: The name 'ChkActive' does not exist in the current context [C:\Users\russel.mercado\source\repos\Yakult-System-New\Yakult.Inventory.App\Yakult.Inventory.App.csproj]
C:\Users\russel.mercado\source\repos\Yakult-System-New\Yakult.Inventory.App\Wpf\ConsumableManagement\Views\EditConsumableModelWindow.xaml.cs(41,17): error CS0103: The name 'LoadingText' does not exist in the current context [C:\Users\russel.mercado\source\repos\Yakult-System-New\Yakult.Inventory.App\Yakult.Inventory.App.csproj]
C:\Users\russel.mercado\source\repos\Yakult-System-New\Yakult.Inventory.App\Wpf\ConsumableManagement\Views\EditConsumableModelWindow.xaml.cs(42,17): error CS0103: The name 'FormPanel' does not exist in the current context [C:\Users\russel.mercado\source\repos\Yakult-System-New\Yakult.Inventory.App\Yakult.Inventory.App.csproj]
C:\Users\russel.mercado\source\repos\Yakult-System-New\Yakult.Inventory.App\Wpf\ConsumableManagement\Views\EditConsumableModelWindow.xaml.cs(43,17): error CS0103: The name 'TxtModelNumber' does not exist in the current context [C:\Users\russel.mercado\source\repos\Yakult-System-New\Yakult.Inventory.App\Yakult.Inventory.App.csproj]
C:\Users\russel.mercado\source\repos\Yakult-System-New\Yakult.Inventory.App\Wpf\ConsumableManagement\Views\EditConsumableModelWindow.xaml.cs(55,43): error CS0103: The name 'CmbCategory' does not exist in the current context [C:\Users\russel.mercado\source\repos\Yakult-System-New\Yakult.Inventory.App\Yakult.Inventory.App.csproj]
C:\Users\russel.mercado\source\repos\Yakult-System-New\Yakult.Inventory.App\Wpf\ConsumableManagement\Views\EditConsumableModelWindow.xaml.cs(59,21): error CS0103: The name 'CmbCategory' does not exist in the current context [C:\Users\russel.mercado\source\repos\Yakult-System-New\Yakult.Inventory.App\Yakult.Inventory.App.csproj]
C:\Users\russel.mercado\source\repos\Yakult-System-New\Yakult.Inventory.App\Wpf\ConsumableManagement\Views\EditConsumableModelWindow.xaml.cs(63,13): error CS0103: The name 'CmbCategory' does not exist in the current context [C:\Users\russel.mercado\source\repos\Yakult-System-New\Yakult.Inventory.App\Yakult.Inventory.App.csproj]
C:\Users\russel.mercado\source\repos\Yakult-System-New\Yakult.Inventory.App\Wpf\RequestManagement\Views\PartiallyFulfilledRequestsView.xaml.cs(20,13): error CS0103: The name 'InitializeComponent' does not exist in the current context [C:\Users\russel.mercado\source\repos\Yakult-System-New\Yakult.Inventory.App\Yakult.Inventory.App.csproj]
C:\Users\russel.mercado\source\repos\Yakult-System-New\Yakult.Inventory.App\Wpf\RequestManagement\Views\PartiallyFulfilledRequestsView.xaml.cs(25,13): error CS0103: The name 'FilterByBox' does not exist in the current context [C:\Users\russel.mercado\source\repos\Yakult-System-New\Yakult.Inventory.App\Yakult.Inventory.App.csproj]
C:\Users\russel.mercado\source\repos\Yakult-System-New\Yakult.Inventory.App\Wpf\RequestManagement\Views\PartiallyFulfilledRequestsView.xaml.cs(30,13): error CS0103: The name 'FilterByBox' does not exist in the current context [C:\Users\russel.mercado\source\repos\Yakult-System-New\Yakult.Inventory.App\Yakult.Inventory.App.csproj]
C:\Users\russel.mercado\source\repos\Yakult-System-New\Yakult.Inventory.App\Wpf\RequestManagement\Views\PartiallyFulfilledRequestsView.xaml.cs(32,13): error CS0103: The name 'SortByBox' does not exist in the current context [C:\Users\russel.mercado\source\repos\Yakult-System-New\Yakult.Inventory.App\Yakult.Inventory.App.csproj]
C:\Users\russel.mercado\source\repos\Yakult-System-New\Yakult.Inventory.App\Wpf\RequestManagement\Views\PartiallyFulfilledRequestsView.xaml.cs(37,13): error CS0103: The name 'SortByBox' does not exist in the current context [C:\Users\russel.mercado\source\repos\Yakult-System-New\Yakult.Inventory.App\Yakult.Inventory.App.csproj]
C:\Users\russel.mercado\source\repos\Yakult-System-New\Yakult.Inventory.App\Wpf\RequestManagement\Views\PartiallyFulfilledRequestsView.xaml.cs(41,17): error CS0103: The name 'FilterByBox' does not exist in the current context [C:\Users\russel.mercado\source\repos\Yakult-System-New\Yakult.Inventory.App\Yakult.Inventory.App.csproj]
C:\Users\russel.mercado\source\repos\Yakult-System-New\Yakult.Inventory.App\Wpf\RequestManagement\Views\PartiallyFulfilledRequestsView.xaml.cs(42,17): error CS0103: The name 'SortByBox' does not exist in the current context [C:\Users\russel.mercado\source\repos\Yakult-System-New\Yakult.Inventory.App\Yakult.Inventory.App.csproj]
C:\Users\russel.mercado\source\repos\Yakult-System-New\Yakult.Inventory.App\Wpf\ConsumableManagement\Views\EditConsumableModelWindow.xaml.cs(68,43): error CS0103: The name 'TxtModelNumber' does not exist in the current context [C:\Users\russel.mercado\source\repos\Yakult-System-New\Yakult.Inventory.App\Yakult.Inventory.App.csproj]
C:\Users\russel.mercado\source\repos\Yakult-System-New\Yakult.Inventory.App\Wpf\ConsumableManagement\Views\EditConsumableModelWindow.xaml.cs(72,17): error CS0103: The name 'TxtModelNumber' does not exist in the current context [C:\Users\russel.mercado\source\repos\Yakult-System-New\Yakult.Inventory.App\Yakult.Inventory.App.csproj]
C:\Users\russel.mercado\source\repos\Yakult-System-New\Yakult.Inventory.App\Wpf\ConsumableManagement\Views\EditConsumableModelWindow.xaml.cs(76,32): error CS0103: The name 'CmbCategory' does not exist in the current context [C:\Users\russel.mercado\source\repos\Yakult-System-New\Yakult.Inventory.App\Yakult.Inventory.App.csproj]
C:\Users\russel.mercado\source\repos\Yakult-System-New\Yakult.Inventory.App\Wpf\ConsumableManagement\Views\EditConsumableModelWindow.xaml.cs(80,17): error CS0103: The name 'BtnSave' does not exist in the current context [C:\Users\russel.mercado\source\repos\Yakult-System-New\Yakult.Inventory.App\Yakult.Inventory.App.csproj]
C:\Users\russel.mercado\source\repos\Yakult-System-New\Yakult.Inventory.App\Wpf\ConsumableManagement\Views\EditConsumableModelWindow.xaml.cs(81,17): error CS0103: The name 'BtnSave' does not exist in the current context [C:\Users\russel.mercado\source\repos\Yakult-System-New\Yakult.Inventory.App\Yakult.Inventory.App.csproj]
C:\Users\russel.mercado\source\repos\Yakult-System-New\Yakult.Inventory.App\Wpf\ConsumableManagement\Views\EditConsumableModelWindow.xaml.cs(85,72): error CS0103: The name 'TxtModelNumber' does not exist in the current context [C:\Users\russel.mercado\source\repos\Yakult-System-New\Yakult.Inventory.App\Yakult.Inventory.App.csproj]
C:\Users\russel.mercado\source\repos\Yakult-System-New\Yakult.Inventory.App\Wpf\ConsumableManagement\Views\EditConsumableModelWindow.xaml.cs(88,55): error CS0103: The name 'TxtModelNumber' does not exist in the current context [C:\Users\russel.mercado\source\repos\Yakult-System-New\Yakult.Inventory.App\Yakult.Inventory.App.csproj]
C:\Users\russel.mercado\source\repos\Yakult-System-New\Yakult.Inventory.App\Wpf\ConsumableManagement\Views\EditConsumableModelWindow.xaml.cs(90,21): error CS0103: The name 'BtnSave' does not exist in the current context [C:\Users\russel.mercado\source\repos\Yakult-System-New\Yakult.Inventory.App\Yakult.Inventory.App.csproj]
C:\Users\russel.mercado\source\repos\Yakult-System-New\Yakult.Inventory.App\Wpf\ConsumableManagement\Views\EditConsumableModelWindow.xaml.cs(91,21): error CS0103: The name 'BtnSave' does not exist in the current context [C:\Users\russel.mercado\source\repos\Yakult-System-New\Yakult.Inventory.App\Yakult.Inventory.App.csproj]
C:\Users\russel.mercado\source\repos\Yakult-System-New\Yakult.Inventory.App\Wpf\ConsumableManagement\Views\EditConsumableModelWindow.xaml.cs(92,21): error CS0103: The name 'TxtModelNumber' does not exist in the current context [C:\Users\russel.mercado\source\repos\Yakult-System-New\Yakult.Inventory.App\Yakult.Inventory.App.csproj]
C:\Users\russel.mercado\source\repos\Yakult-System-New\Yakult.Inventory.App\Wpf\ConsumableManagement\Views\EditConsumableModelWindow.xaml.cs(96,38): error CS0103: The name 'TxtModelNumber' does not exist in the current context [C:\Users\russel.mercado\source\repos\Yakult-System-New\Yakult.Inventory.App\Yakult.Inventory.App.csproj]
C:\Users\russel.mercado\source\repos\Yakult-System-New\Yakult.Inventory.App\Wpf\ConsumableManagement\Views\EditConsumableModelWindow.xaml.cs(98,40): error CS0103: The name 'ChkRequestable' does not exist in the current context [C:\Users\russel.mercado\source\repos\Yakult-System-New\Yakult.Inventory.App\Yakult.Inventory.App.csproj]
C:\Users\russel.mercado\source\repos\Yakult-System-New\Yakult.Inventory.App\Wpf\ConsumableManagement\Views\EditConsumableModelWindow.xaml.cs(99,35): error CS0103: The name 'ChkActive' does not exist in the current context [C:\Users\russel.mercado\source\repos\Yakult-System-New\Yakult.Inventory.App\Yakult.Inventory.App.csproj]
C:\Users\russel.mercado\source\repos\Yakult-System-New\Yakult.Inventory.App\Wpf\ConsumableManagement\Views\EditConsumableModelWindow.xaml.cs(109,17): error CS0103: The name 'BtnSave' does not exist in the current context [C:\Users\russel.mercado\source\repos\Yakult-System-New\Yakult.Inventory.App\Yakult.Inventory.App.csproj]
C:\Users\russel.mercado\source\repos\Yakult-System-New\Yakult.Inventory.App\Wpf\ConsumableManagement\Views\EditConsumableModelWindow.xaml.cs(110,17): error CS0103: The name 'BtnSave' does not exist in the current context [C:\Users\russel.mercado\source\repos\Yakult-System-New\Yakult.Inventory.App\Yakult.Inventory.App.csproj]
C:\Users\russel.mercado\source\repos\Yakult-System-New\Yakult.Inventory.App\Wpf\ConsumableManagement\Views\ViewConsumableModelsView.xaml.cs(26,13): error CS0103: The name 'InitializeComponent' does not exist in the current context [C:\Users\russel.mercado\source\repos\Yakult-System-New\Yakult.Inventory.App\Yakult.Inventory.App.csproj]
C:\Users\russel.mercado\source\repos\Yakult-System-New\Yakult.Inventory.App\Wpf\ConsumableManagement\Views\ConsumableStockMonitorView.xaml.cs(19,13): error CS0103: The name 'InitializeComponent' does not exist in the current context [C:\Users\russel.mercado\source\repos\Yakult-System-New\Yakult.Inventory.App\Yakult.Inventory.App.csproj]
C:\Users\russel.mercado\source\repos\Yakult-System-New\Yakult.Inventory.App\Pages\Invoice\ViewInvoiceDetailPage.xaml.cs(65,13): error CS0103: The name 'InitializeComponent' does not exist in the current context [C:\Users\russel.mercado\source\repos\Yakult-System-New\Yakult.Inventory.App\Yakult.Inventory.App.csproj]
C:\Users\russel.mercado\source\repos\Yakult-System-New\Yakult.Inventory.App\Wpf\ConsumableManagement\Views\ViewConsumableModelsView.xaml.cs(105,33): error CS0103: The name 'MainGrid' does not exist in the current context [C:\Users\russel.mercado\source\repos\Yakult-System-New\Yakult.Inventory.App\Yakult.Inventory.App.csproj]
C:\Users\russel.mercado\source\repos\Yakult-System-New\Yakult.Inventory.App\Pages\Branch\EditBranchDialog.xaml.cs(37,13): error CS0103: The name 'InitializeComponent' does not exist in the current context [C:\Users\russel.mercado\source\repos\Yakult-System-New\Yakult.Inventory.App\Yakult.Inventory.App.csproj]
C:\Users\russel.mercado\source\repos\Yakult-System-New\Yakult.Inventory.App\Pages\Branch\EditBranchDialog.xaml.cs(116,13): error CS0103: The name 'BtnMaximizeGlyph' does not exist in the current context [C:\Users\russel.mercado\source\repos\Yakult-System-New\Yakult.Inventory.App\Yakult.Inventory.App.csproj]
C:\Users\russel.mercado\source\repos\Yakult-System-New\Yakult.Inventory.App\Pages\Invoice\ViewInvoiceDetailPage.xaml.cs(248,36): error CS0103: The name 'CmbCompany' does not exist in the current context [C:\Users\russel.mercado\source\repos\Yakult-System-New\Yakult.Inventory.App\Yakult.Inventory.App.csproj]
C:\Users\russel.mercado\source\repos\Yakult-System-New\Yakult.Inventory.App\Pages\Invoice\ViewInvoiceDetailPage.xaml.cs(251,36): error CS0103: The name 'CmbDistributor' does not exist in the current context [C:\Users\russel.mercado\source\repos\Yakult-System-New\Yakult.Inventory.App\Yakult.Inventory.App.csproj]
C:\Users\russel.mercado\source\repos\Yakult-System-New\Yakult.Inventory.App\Pages\Invoice\ViewInvoiceDetailPage.xaml.cs(257,36): error CS0103: The name 'CmbSiteCompany' does not exist in the current context [C:\Users\russel.mercado\source\repos\Yakult-System-New\Yakult.Inventory.App\Yakult.Inventory.App.csproj]
C:\Users\russel.mercado\source\repos\Yakult-System-New\Yakult.Inventory.App\Pages\Invoice\ViewInvoiceDetailPage.xaml.cs(258,36): error CS0103: The name 'CmbSiteBranch' does not exist in the current context [C:\Users\russel.mercado\source\repos\Yakult-System-New\Yakult.Inventory.App\Yakult.Inventory.App.csproj]
C:\Users\russel.mercado\source\repos\Yakult-System-New\Yakult.Inventory.App\Pages\Invoice\ViewInvoiceDetailPage.xaml.cs(259,36): error CS0103: The name 'CmbSiteDepartment' does not exist in the current context [C:\Users\russel.mercado\source\repos\Yakult-System-New\Yakult.Inventory.App\Yakult.Inventory.App.csproj]
C:\Users\russel.mercado\source\repos\Yakult-System-New\Yakult.Inventory.App\Pages\Invoice\ViewInvoiceDetailPage.xaml.cs(262,36): error CS0103: The name 'CmbRequestedBy' does not exist in the current context [C:\Users\russel.mercado\source\repos\Yakult-System-New\Yakult.Inventory.App\Yakult.Inventory.App.csproj]
C:\Users\russel.mercado\source\repos\Yakult-System-New\Yakult.Inventory.App\Pages\Invoice\ViewInvoiceDetailPage.xaml.cs(326,49): error CS0103: The name 'CmbSiteCompany' does not exist in the current context [C:\Users\russel.mercado\source\repos\Yakult-System-New\Yakult.Inventory.App\Yakult.Inventory.App.csproj]
C:\Users\russel.mercado\source\repos\Yakult-System-New\Yakult.Inventory.App\Pages\Invoice\ViewInvoiceDetailPage.xaml.cs(327,48): error CS0103: The name 'CmbSiteBranch' does not exist in the current context [C:\Users\russel.mercado\source\repos\Yakult-System-New\Yakult.Inventory.App\Yakult.Inventory.App.csproj]
C:\Users\russel.mercado\source\repos\Yakult-System-New\Yakult.Inventory.App\Pages\Invoice\ViewInvoiceDetailPage.xaml.cs(328,46): error CS0103: The name 'CmbSiteDepartment' does not exist in the current context [C:\Users\russel.mercado\source\repos\Yakult-System-New\Yakult.Inventory.App\Yakult.Inventory.App.csproj]
C:\Users\russel.mercado\source\repos\Yakult-System-New\Yakult.Inventory.App\Pages\Invoice\ViewInvoiceDetailPage.xaml.cs(334,13): error CS0103: The name 'TxtSite' does not exist in the current context [C:\Users\russel.mercado\source\repos\Yakult-System-New\Yakult.Inventory.App\Yakult.Inventory.App.csproj]
C:\Users\russel.mercado\source\repos\Yakult-System-New\Yakult.Inventory.App\Pages\Branch\EditBranchDialog.xaml.cs(265,17): error CS0103: The name 'CmbCompany' does not exist in the current context [C:\Users\russel.mercado\source\repos\Yakult-System-New\Yakult.Inventory.App\Yakult.Inventory.App.csproj]
C:\Users\russel.mercado\source\repos\Yakult-System-New\Yakult.Inventory.App\Pages\Branch\EditBranchDialog.xaml.cs(266,17): error CS0103: The name 'CmbDepartment' does not exist in the current context [C:\Users\russel.mercado\source\repos\Yakult-System-New\Yakult.Inventory.App\Yakult.Inventory.App.csproj]
C:\Users\russel.mercado\source\repos\Yakult-System-New\Yakult.Inventory.App\Pages\Branch\EditBranchDialog.xaml.cs(277,13): error CS0103: The name 'TxtBranchId' does not exist in the current context [C:\Users\russel.mercado\source\repos\Yakult-System-New\Yakult.Inventory.App\Yakult.Inventory.App.csproj]
C:\Users\russel.mercado\source\repos\Yakult-System-New\Yakult.Inventory.App\Pages\Branch\EditBranchDialog.xaml.cs(278,13): error CS0103: The name 'TxtName' does not exist in the current context [C:\Users\russel.mercado\source\repos\Yakult-System-New\Yakult.Inventory.App\Yakult.Inventory.App.csproj]
C:\Users\russel.mercado\source\repos\Yakult-System-New\Yakult.Inventory.App\Pages\Branch\EditBranchDialog.xaml.cs(279,13): error CS0103: The name 'TxtDescription' does not exist in the current context [C:\Users\russel.mercado\source\repos\Yakult-System-New\Yakult.Inventory.App\Yakult.Inventory.App.csproj]
C:\Users\russel.mercado\source\repos\Yakult-System-New\Yakult.Inventory.App\Pages\Branch\EditBranchDialog.xaml.cs(287,21): error CS0103: The name 'CmbCompany' does not exist in the current context [C:\Users\russel.mercado\source\repos\Yakult-System-New\Yakult.Inventory.App\Yakult.Inventory.App.csproj]
C:\Users\russel.mercado\source\repos\Yakult-System-New\Yakult.Inventory.App\Pages\Branch\EditBranchDialog.xaml.cs(288,21): error CS0103: The name 'LblCompanyWarning' does not exist in the current context [C:\Users\russel.mercado\source\repos\Yakult-System-New\Yakult.Inventory.App\Yakult.Inventory.App.csproj]
C:\Users\russel.mercado\source\repos\Yakult-System-New\Yakult.Inventory.App\Pages\Branch\EditBranchDialog.xaml.cs(293,17): error CS0103: The name 'CmbCompany' does not exist in the current context [C:\Users\russel.mercado\source\repos\Yakult-System-New\Yakult.Inventory.App\Yakult.Inventory.App.csproj]
C:\Users\russel.mercado\source\repos\Yakult-System-New\Yakult.Inventory.App\Pages\Branch\EditBranchDialog.xaml.cs(294,17): error CS0103: The name 'LblCompanyWarning' does not exist in the current context [C:\Users\russel.mercado\source\repos\Yakult-System-New\Yakult.Inventory.App\Yakult.Inventory.App.csproj]
C:\Users\russel.mercado\source\repos\Yakult-System-New\Yakult.Inventory.App\Pages\Branch\EditBranchDialog.xaml.cs(303,21): error CS0103: The name 'CmbDepartment' does not exist in the current context [C:\Users\russel.mercado\source\repos\Yakult-System-New\Yakult.Inventory.App\Yakult.Inventory.App.csproj]
C:\Users\russel.mercado\source\repos\Yakult-System-New\Yakult.Inventory.App\Pages\Branch\EditBranchDialog.xaml.cs(304,21): error CS0103: The name 'LblDepartmentWarning' does not exist in the current context [C:\Users\russel.mercado\source\repos\Yakult-System-New\Yakult.Inventory.App\Yakult.Inventory.App.csproj]
C:\Users\russel.mercado\source\repos\Yakult-System-New\Yakult.Inventory.App\Pages\Branch\EditBranchDialog.xaml.cs(309,17): error CS0103: The name 'CmbDepartment' does not exist in the current context [C:\Users\russel.mercado\source\repos\Yakult-System-New\Yakult.Inventory.App\Yakult.Inventory.App.csproj]
C:\Users\russel.mercado\source\repos\Yakult-System-New\Yakult.Inventory.App\Pages\Branch\EditBranchDialog.xaml.cs(310,17): error CS0103: The name 'LblDepartmentWarning' does not exist in the current context [C:\Users\russel.mercado\source\repos\Yakult-System-New\Yakult.Inventory.App\Yakult.Inventory.App.csproj]
C:\Users\russel.mercado\source\repos\Yakult-System-New\Yakult.Inventory.App\Pages\Branch\EditBranchDialog.xaml.cs(314,13): error CS0103: The name 'ChkIsFactory' does not exist in the current context [C:\Users\russel.mercado\source\repos\Yakult-System-New\Yakult.Inventory.App\Yakult.Inventory.App.csproj]
C:\Users\russel.mercado\source\repos\Yakult-System-New\Yakult.Inventory.App\Pages\Branch\EditBranchDialog.xaml.cs(315,13): error CS0103: The name 'ChkIsDepot' does not exist in the current context [C:\Users\russel.mercado\source\repos\Yakult-System-New\Yakult.Inventory.App\Yakult.Inventory.App.csproj]
C:\Users\russel.mercado\source\repos\Yakult-System-New\Yakult.Inventory.App\Pages\Branch\EditBranchDialog.xaml.cs(316,13): error CS0103: The name 'ChkIsCenter' does not exist in the current context [C:\Users\russel.mercado\source\repos\Yakult-System-New\Yakult.Inventory.App\Yakult.Inventory.App.csproj]
C:\Users\russel.mercado\source\repos\Yakult-System-New\Yakult.Inventory.App\Pages\Branch\EditBranchDialog.xaml.cs(317,13): error CS0103: The name 'ChkIsDistributor' does not exist in the current context [C:\Users\russel.mercado\source\repos\Yakult-System-New\Yakult.Inventory.App\Yakult.Inventory.App.csproj]
C:\Users\russel.mercado\source\repos\Yakult-System-New\Yakult.Inventory.App\Pages\Branch\EditBranchDialog.xaml.cs(318,13): error CS0103: The name 'ChkActive' does not exist in the current context [C:\Users\russel.mercado\source\repos\Yakult-System-New\Yakult.Inventory.App\Yakult.Inventory.App.csproj]
C:\Users\russel.mercado\source\repos\Yakult-System-New\Yakult.Inventory.App\Pages\Branch\EditBranchDialog.xaml.cs(319,13): error CS0103: The name 'ChkIsArchived' does not exist in the current context [C:\Users\russel.mercado\source\repos\Yakult-System-New\Yakult.Inventory.App\Yakult.Inventory.App.csproj]
C:\Users\russel.mercado\source\repos\Yakult-System-New\Yakult.Inventory.App\Pages\Branch\EditBranchDialog.xaml.cs(324,17): error CS0103: The name 'CmbCompany' does not exist in the current context [C:\Users\russel.mercado\source\repos\Yakult-System-New\Yakult.Inventory.App\Yakult.Inventory.App.csproj]
C:\Users\russel.mercado\source\repos\Yakult-System-New\Yakult.Inventory.App\Pages\Branch\EditBranchDialog.xaml.cs(326,17): error CS0103: The name 'LblCompanyWarning' does not exist in the current context [C:\Users\russel.mercado\source\repos\Yakult-System-New\Yakult.Inventory.App\Yakult.Inventory.App.csproj]
C:\Users\russel.mercado\source\repos\Yakult-System-New\Yakult.Inventory.App\Pages\Branch\EditBranchDialog.xaml.cs(332,17): error CS0103: The name 'LblCompanyWarning' does not exist in the current context [C:\Users\russel.mercado\source\repos\Yakult-System-New\Yakult.Inventory.App\Yakult.Inventory.App.csproj]
C:\Users\russel.mercado\source\repos\Yakult-System-New\Yakult.Inventory.App\Pages\Branch\EditBranchDialog.xaml.cs(338,17): error CS0103: The name 'CmbDepartment' does not exist in the current context [C:\Users\russel.mercado\source\repos\Yakult-System-New\Yakult.Inventory.App\Yakult.Inventory.App.csproj]
C:\Users\russel.mercado\source\repos\Yakult-System-New\Yakult.Inventory.App\Pages\Branch\EditBranchDialog.xaml.cs(340,17): error CS0103: The name 'LblDepartmentWarning' does not exist in the current context [C:\Users\russel.mercado\source\repos\Yakult-System-New\Yakult.Inventory.App\Yakult.Inventory.App.csproj]
C:\Users\russel.mercado\source\repos\Yakult-System-New\Yakult.Inventory.App\Pages\Branch\EditBranchDialog.xaml.cs(346,17): error CS0103: The name 'LblDepartmentWarning' does not exist in the current context [C:\Users\russel.mercado\source\repos\Yakult-System-New\Yakult.Inventory.App\Yakult.Inventory.App.csproj]
C:\Users\russel.mercado\source\repos\Yakult-System-New\Yakult.Inventory.App\Pages\Branch\EditBranchDialog.xaml.cs(353,17): error CS0103: The name 'ChkIsArchived' does not exist in the current context [C:\Users\russel.mercado\source\repos\Yakult-System-New\Yakult.Inventory.App\Yakult.Inventory.App.csproj]
C:\Users\russel.mercado\source\repos\Yakult-System-New\Yakult.Inventory.App\Pages\Branch\EditBranchDialog.xaml.cs(355,17): error CS0103: The name 'ChkActive' does not exist in the current context [C:\Users\russel.mercado\source\repos\Yakult-System-New\Yakult.Inventory.App\Yakult.Inventory.App.csproj]
C:\Users\russel.mercado\source\repos\Yakult-System-New\Yakult.Inventory.App\Pages\Branch\EditBranchDialog.xaml.cs(365,43): error CS0103: The name 'TxtName' does not exist in the current context [C:\Users\russel.mercado\source\repos\Yakult-System-New\Yakult.Inventory.App\Yakult.Inventory.App.csproj]
C:\Users\russel.mercado\source\repos\Yakult-System-New\Yakult.Inventory.App\Pages\Branch\EditBranchDialog.xaml.cs(369,17): error CS0103: The name 'TxtName' does not exist in the current context [C:\Users\russel.mercado\source\repos\Yakult-System-New\Yakult.Inventory.App\Yakult.Inventory.App.csproj]
C:\Users\russel.mercado\source\repos\Yakult-System-New\Yakult.Inventory.App\Pages\Branch\EditBranchDialog.xaml.cs(374,42): error CS0103: The name 'ChkIsArchived' does not exist in the current context [C:\Users\russel.mercado\source\repos\Yakult-System-New\Yakult.Inventory.App\Yakult.Inventory.App.csproj]
C:\Users\russel.mercado\source\repos\Yakult-System-New\Yakult.Inventory.App\Pages\Branch\EditBranchDialog.xaml.cs(388,37): error CS0103: The name 'ChkIsArchived' does not exist in the current context [C:\Users\russel.mercado\source\repos\Yakult-System-New\Yakult.Inventory.App\Yakult.Inventory.App.csproj]
C:\Users\russel.mercado\source\repos\Yakult-System-New\Yakult.Inventory.App\Pages\Branch\EditBranchDialog.xaml.cs(418,56): error CS0103: The name 'ChkIsArchived' does not exist in the current context [C:\Users\russel.mercado\source\repos\Yakult-System-New\Yakult.Inventory.App\Yakult.Inventory.App.csproj]
C:\Users\russel.mercado\source\repos\Yakult-System-New\Yakult.Inventory.App\Pages\Branch\EditBranchDialog.xaml.cs(439,17): error CS0103: The name 'BtnSave' does not exist in the current context [C:\Users\russel.mercado\source\repos\Yakult-System-New\Yakult.Inventory.App\Yakult.Inventory.App.csproj]
C:\Users\russel.mercado\source\repos\Yakult-System-New\Yakult.Inventory.App\Pages\Branch\EditBranchDialog.xaml.cs(440,17): error CS0103: The name 'BtnCancel' does not exist in the current context [C:\Users\russel.mercado\source\repos\Yakult-System-New\Yakult.Inventory.App\Yakult.Inventory.App.csproj]
C:\Users\russel.mercado\source\repos\Yakult-System-New\Yakult.Inventory.App\Pages\Branch\EditBranchDialog.xaml.cs(444,32): error CS0103: The name 'TxtName' does not exist in the current context [C:\Users\russel.mercado\source\repos\Yakult-System-New\Yakult.Inventory.App\Yakult.Inventory.App.csproj]
C:\Users\russel.mercado\source\repos\Yakult-System-New\Yakult.Inventory.App\Pages\Branch\EditBranchDialog.xaml.cs(445,65): error CS0103: The name 'TxtDescription' does not exist in the current context [C:\Users\russel.mercado\source\repos\Yakult-System-New\Yakult.Inventory.App\Yakult.Inventory.App.csproj]
C:\Users\russel.mercado\source\repos\Yakult-System-New\Yakult.Inventory.App\Pages\Branch\EditBranchDialog.xaml.cs(445,95): error CS0103: The name 'TxtDescription' does not exist in the current context [C:\Users\russel.mercado\source\repos\Yakult-System-New\Yakult.Inventory.App\Yakult.Inventory.App.csproj]
C:\Users\russel.mercado\source\repos\Yakult-System-New\Yakult.Inventory.App\Pages\Branch\EditBranchDialog.xaml.cs(447,39): error CS0103: The name 'CmbCompany' does not exist in the current context [C:\Users\russel.mercado\source\repos\Yakult-System-New\Yakult.Inventory.App\Yakult.Inventory.App.csproj]
C:\Users\russel.mercado\source\repos\Yakult-System-New\Yakult.Inventory.App\Pages\Branch\EditBranchDialog.xaml.cs(451,42): error CS0103: The name 'CmbDepartment' does not exist in the current context [C:\Users\russel.mercado\source\repos\Yakult-System-New\Yakult.Inventory.App\Yakult.Inventory.App.csproj]
C:\Users\russel.mercado\source\repos\Yakult-System-New\Yakult.Inventory.App\Pages\Branch\EditBranchDialog.xaml.cs(455,37): error CS0103: The name 'ChkIsFactory' does not exist in the current context [C:\Users\russel.mercado\source\repos\Yakult-System-New\Yakult.Inventory.App\Yakult.Inventory.App.csproj]
C:\Users\russel.mercado\source\repos\Yakult-System-New\Yakult.Inventory.App\Pages\Branch\EditBranchDialog.xaml.cs(456,35): error CS0103: The name 'ChkIsDepot' does not exist in the current context [C:\Users\russel.mercado\source\repos\Yakult-System-New\Yakult.Inventory.App\Yakult.Inventory.App.csproj]
C:\Users\russel.mercado\source\repos\Yakult-System-New\Yakult.Inventory.App\Pages\Branch\EditBranchDialog.xaml.cs(457,36): error CS0103: The name 'ChkIsCenter' does not exist in the current context [C:\Users\russel.mercado\source\repos\Yakult-System-New\Yakult.Inventory.App\Yakult.Inventory.App.csproj]
C:\Users\russel.mercado\source\repos\Yakult-System-New\Yakult.Inventory.App\Pages\Branch\EditBranchDialog.xaml.cs(458,41): error CS0103: The name 'ChkIsDistributor' does not exist in the current context [C:\Users\russel.mercado\source\repos\Yakult-System-New\Yakult.Inventory.App\Yakult.Inventory.App.csproj]
C:\Users\russel.mercado\source\repos\Yakult-System-New\Yakult.Inventory.App\Pages\Branch\EditBranchDialog.xaml.cs(459,34): error CS0103: The name 'ChkActive' does not exist in the current context [C:\Users\russel.mercado\source\repos\Yakult-System-New\Yakult.Inventory.App\Yakult.Inventory.App.csproj]
C:\Users\russel.mercado\source\repos\Yakult-System-New\Yakult.Inventory.App\Pages\Branch\EditBranchDialog.xaml.cs(460,38): error CS0103: The name 'ChkIsArchived' does not exist in the current context [C:\Users\russel.mercado\source\repos\Yakult-System-New\Yakult.Inventory.App\Yakult.Inventory.App.csproj]
C:\Users\russel.mercado\source\repos\Yakult-System-New\Yakult.Inventory.App\Pages\Branch\EditBranchDialog.xaml.cs(489,17): error CS0103: The name 'BtnSave' does not exist in the current context [C:\Users\russel.mercado\source\repos\Yakult-System-New\Yakult.Inventory.App\Yakult.Inventory.App.csproj]
C:\Users\russel.mercado\source\repos\Yakult-System-New\Yakult.Inventory.App\Pages\Branch\EditBranchDialog.xaml.cs(490,17): error CS0103: The name 'BtnCancel' does not exist in the current context [C:\Users\russel.mercado\source\repos\Yakult-System-New\Yakult.Inventory.App\Yakult.Inventory.App.csproj]
C:\Users\russel.mercado\source\repos\Yakult-System-New\Yakult.Inventory.App\Pages\Invoice\ViewInvoiceDetailPage.xaml.cs(341,13): error CS0103: The name 'LblCreatedBy' does not exist in the current context [C:\Users\russel.mercado\source\repos\Yakult-System-New\Yakult.Inventory.App\Yakult.Inventory.App.csproj]
C:\Users\russel.mercado\source\repos\Yakult-System-New\Yakult.Inventory.App\Pages\Invoice\ViewInvoiceDetailPage.xaml.cs(344,13): error CS0103: The name 'TxtSetCode' does not exist in the current context [C:\Users\russel.mercado\source\repos\Yakult-System-New\Yakult.Inventory.App\Yakult.Inventory.App.csproj]
C:\Users\russel.mercado\source\repos\Yakult-System-New\Yakult.Inventory.App\Pages\Invoice\ViewInvoiceDetailPage.xaml.cs(347,17): error CS0103: The name 'DtpDate' does not exist in the current context [C:\Users\russel.mercado\source\repos\Yakult-System-New\Yakult.Inventory.App\Yakult.Inventory.App.csproj]
C:\Users\russel.mercado\source\repos\Yakult-System-New\Yakult.Inventory.App\Pages\Invoice\ViewInvoiceDetailPage.xaml.cs(350,17): error CS0103: The name 'CmbCompany' does not exist in the current context [C:\Users\russel.mercado\source\repos\Yakult-System-New\Yakult.Inventory.App\Yakult.Inventory.App.csproj]
C:\Users\russel.mercado\source\repos\Yakult-System-New\Yakult.Inventory.App\Pages\Invoice\ViewInvoiceDetailPage.xaml.cs(353,17): error CS0103: The name 'CmbDistributor' does not exist in the current context [C:\Users\russel.mercado\source\repos\Yakult-System-New\Yakult.Inventory.App\Yakult.Inventory.App.csproj]
C:\Users\russel.mercado\source\repos\Yakult-System-New\Yakult.Inventory.App\Pages\Invoice\ViewInvoiceDetailPage.xaml.cs(355,17): error CS0103: The name 'CmbDistributor' does not exist in the current context [C:\Users\russel.mercado\source\repos\Yakult-System-New\Yakult.Inventory.App\Yakult.Inventory.App.csproj]
C:\Users\russel.mercado\source\repos\Yakult-System-New\Yakult.Inventory.App\Pages\Invoice\ViewInvoiceDetailPage.xaml.cs(357,13): error CS0103: The name 'TxtDocumentNumber' does not exist in the current context [C:\Users\russel.mercado\source\repos\Yakult-System-New\Yakult.Inventory.App\Yakult.Inventory.App.csproj]
C:\Users\russel.mercado\source\repos\Yakult-System-New\Yakult.Inventory.App\Pages\Invoice\ViewInvoiceDetailPage.xaml.cs(361,17): error CS0103: The name 'CmbStatus' does not exist in the current context [C:\Users\russel.mercado\source\repos\Yakult-System-New\Yakult.Inventory.App\Yakult.Inventory.App.csproj]
C:\Users\russel.mercado\source\repos\Yakult-System-New\Yakult.Inventory.App\Pages\Invoice\ViewInvoiceDetailPage.xaml.cs(363,17): error CS0103: The name 'CmbStatus' does not exist in the current context [C:\Users\russel.mercado\source\repos\Yakult-System-New\Yakult.Inventory.App\Yakult.Inventory.App.csproj]
C:\Users\russel.mercado\source\repos\Yakult-System-New\Yakult.Inventory.App\Pages\Invoice\ViewInvoiceDetailPage.xaml.cs(365,17): error CS0103: The name 'CmbStatus' does not exist in the current context [C:\Users\russel.mercado\source\repos\Yakult-System-New\Yakult.Inventory.App\Yakult.Inventory.App.csproj]
C:\Users\russel.mercado\source\repos\Yakult-System-New\Yakult.Inventory.App\Pages\Invoice\ViewInvoiceDetailPage.xaml.cs(367,13): error CS0103: The name 'TxtReferenceNumber' does not exist in the current context [C:\Users\russel.mercado\source\repos\Yakult-System-New\Yakult.Inventory.App\Yakult.Inventory.App.csproj]
C:\Users\russel.mercado\source\repos\Yakult-System-New\Yakult.Inventory.App\Pages\Invoice\ViewInvoiceDetailPage.xaml.cs(368,13): error CS0103: The name 'TxtSite' does not exist in the current context [C:\Users\russel.mercado\source\repos\Yakult-System-New\Yakult.Inventory.App\Yakult.Inventory.App.csproj]
C:\Users\russel.mercado\source\repos\Yakult-System-New\Yakult.Inventory.App\Pages\Invoice\ViewInvoiceDetailPage.xaml.cs(373,17): error CS0103: The name 'CmbRequestedBy' does not exist in the current context [C:\Users\russel.mercado\source\repos\Yakult-System-New\Yakult.Inventory.App\Yakult.Inventory.App.csproj]
C:\Users\russel.mercado\source\repos\Yakult-System-New\Yakult.Inventory.App\Pages\Invoice\ViewInvoiceDetailPage.xaml.cs(375,17): error CS0103: The name 'CmbRequestedBy' does not exist in the current context [C:\Users\russel.mercado\source\repos\Yakult-System-New\Yakult.Inventory.App\Yakult.Inventory.App.csproj]
C:\Users\russel.mercado\source\repos\Yakult-System-New\Yakult.Inventory.App\Pages\Invoice\ViewInvoiceDetailPage.xaml.cs(382,13): error CS0103: The name 'TxtRemarks' does not exist in the current context [C:\Users\russel.mercado\source\repos\Yakult-System-New\Yakult.Inventory.App\Yakult.Inventory.App.csproj]
C:\Users\russel.mercado\source\repos\Yakult-System-New\Yakult.Inventory.App\Pages\Invoice\ViewInvoiceDetailPage.xaml.cs(388,21): error CS0103: The name 'CmbSiteCompany' does not exist in the current context [C:\Users\russel.mercado\source\repos\Yakult-System-New\Yakult.Inventory.App\Yakult.Inventory.App.csproj]
C:\Users\russel.mercado\source\repos\Yakult-System-New\Yakult.Inventory.App\Pages\Invoice\ViewInvoiceDetailPage.xaml.cs(390,21): error CS0103: The name 'CmbSiteCompany' does not exist in the current context [C:\Users\russel.mercado\source\repos\Yakult-System-New\Yakult.Inventory.App\Yakult.Inventory.App.csproj]
C:\Users\russel.mercado\source\repos\Yakult-System-New\Yakult.Inventory.App\Pages\Invoice\ViewInvoiceDetailPage.xaml.cs(393,21): error CS0103: The name 'CmbSiteBranch' does not exist in the current context [C:\Users\russel.mercado\source\repos\Yakult-System-New\Yakult.Inventory.App\Yakult.Inventory.App.csproj]
C:\Users\russel.mercado\source\repos\Yakult-System-New\Yakult.Inventory.App\Pages\Invoice\ViewInvoiceDetailPage.xaml.cs(395,21): error CS0103: The name 'CmbSiteBranch' does not exist in the current context [C:\Users\russel.mercado\source\repos\Yakult-System-New\Yakult.Inventory.App\Yakult.Inventory.App.csproj]
C:\Users\russel.mercado\source\repos\Yakult-System-New\Yakult.Inventory.App\Pages\Invoice\ViewInvoiceDetailPage.xaml.cs(398,21): error CS0103: The name 'CmbSiteDepartment' does not exist in the current context [C:\Users\russel.mercado\source\repos\Yakult-System-New\Yakult.Inventory.App\Yakult.Inventory.App.csproj]
C:\Users\russel.mercado\source\repos\Yakult-System-New\Yakult.Inventory.App\Pages\Invoice\ViewInvoiceDetailPage.xaml.cs(400,21): error CS0103: The name 'CmbSiteDepartment' does not exist in the current context [C:\Users\russel.mercado\source\repos\Yakult-System-New\Yakult.Inventory.App\Yakult.Inventory.App.csproj]
C:\Users\russel.mercado\source\repos\Yakult-System-New\Yakult.Inventory.App\Pages\Invoice\ViewInvoiceDetailPage.xaml.cs(407,43): error CS0103: The name 'TxtSite' does not exist in the current context [C:\Users\russel.mercado\source\repos\Yakult-System-New\Yakult.Inventory.App\Yakult.Inventory.App.csproj]
C:\Users\russel.mercado\source\repos\Yakult-System-New\Yakult.Inventory.App\Pages\Invoice\ViewInvoiceDetailPage.xaml.cs(413,17): error CS0103: The name 'DtpStartDate' does not exist in the current context [C:\Users\russel.mercado\source\repos\Yakult-System-New\Yakult.Inventory.App\Yakult.Inventory.App.csproj]
C:\Users\russel.mercado\source\repos\Yakult-System-New\Yakult.Inventory.App\Pages\Invoice\ViewInvoiceDetailPage.xaml.cs(418,17): error CS0103: The name 'DtpStartDate' does not exist in the current context [C:\Users\russel.mercado\source\repos\Yakult-System-New\Yakult.Inventory.App\Yakult.Inventory.App.csproj]
C:\Users\russel.mercado\source\repos\Yakult-System-New\Yakult.Inventory.App\Pages\Invoice\ViewInvoiceDetailPage.xaml.cs(424,17): error CS0103: The name 'DtpEndDate' does not exist in the current context [C:\Users\russel.mercado\source\repos\Yakult-System-New\Yakult.Inventory.App\Yakult.Inventory.App.csproj]
C:\Users\russel.mercado\source\repos\Yakult-System-New\Yakult.Inventory.App\Pages\Invoice\ViewInvoiceDetailPage.xaml.cs(429,17): error CS0103: The name 'DtpEndDate' does not exist in the current context [C:\Users\russel.mercado\source\repos\Yakult-System-New\Yakult.Inventory.App\Yakult.Inventory.App.csproj]
C:\Users\russel.mercado\source\repos\Yakult-System-New\Yakult.Inventory.App\Pages\Invoice\ViewInvoiceDetailPage.xaml.cs(432,13): error CS0103: The name 'TxtSubtotal' does not exist in the current context [C:\Users\russel.mercado\source\repos\Yakult-System-New\Yakult.Inventory.App\Yakult.Inventory.App.csproj]
C:\Users\russel.mercado\source\repos\Yakult-System-New\Yakult.Inventory.App\Pages\Invoice\ViewInvoiceDetailPage.xaml.cs(450,13): error CS0103: The name 'TxtVatAmount' does not exist in the current context [C:\Users\russel.mercado\source\repos\Yakult-System-New\Yakult.Inventory.App\Yakult.Inventory.App.csproj]
C:\Users\russel.mercado\source\repos\Yakult-System-New\Yakult.Inventory.App\Pages\Invoice\ViewInvoiceDetailPage.xaml.cs(451,13): error CS0103: The name 'TxtWhtAmount' does not exist in the current context [C:\Users\russel.mercado\source\repos\Yakult-System-New\Yakult.Inventory.App\Yakult.Inventory.App.csproj]
C:\Users\russel.mercado\source\repos\Yakult-System-New\Yakult.Inventory.App\Pages\Invoice\ViewInvoiceDetailPage.xaml.cs(452,13): error CS0103: The name 'TxtDiscountAmount' does not exist in the current context [C:\Users\russel.mercado\source\repos\Yakult-System-New\Yakult.Inventory.App\Yakult.Inventory.App.csproj]
C:\Users\russel.mercado\source\repos\Yakult-System-New\Yakult.Inventory.App\Pages\Invoice\ViewInvoiceDetailPage.xaml.cs(454,13): error CS0103: The name 'TxtTotalAmountDue' does not exist in the current context [C:\Users\russel.mercado\source\repos\Yakult-System-New\Yakult.Inventory.App\Yakult.Inventory.App.csproj]
C:\Users\russel.mercado\source\repos\Yakult-System-New\Yakult.Inventory.App\Pages\Invoice\ViewInvoiceDetailPage.xaml.cs(466,17): error CS0103: The name 'TxtDaysLeft' does not exist in the current context [C:\Users\russel.mercado\source\repos\Yakult-System-New\Yakult.Inventory.App\Yakult.Inventory.App.csproj]
C:\Users\russel.mercado\source\repos\Yakult-System-New\Yakult.Inventory.App\Pages\Invoice\ViewInvoiceDetailPage.xaml.cs(467,17): error CS0103: The name 'TxtDaysLeft' does not exist in the current context [C:\Users\russel.mercado\source\repos\Yakult-System-New\Yakult.Inventory.App\Yakult.Inventory.App.csproj]
C:\Users\russel.mercado\source\repos\Yakult-System-New\Yakult.Inventory.App\Pages\Invoice\ViewInvoiceDetailPage.xaml.cs(469,17): error CS0103: The name 'LblExpiryWarning' does not exist in the current context [C:\Users\russel.mercado\source\repos\Yakult-System-New\Yakult.Inventory.App\Yakult.Inventory.App.csproj]
C:\Users\russel.mercado\source\repos\Yakult-System-New\Yakult.Inventory.App\Pages\Invoice\ViewInvoiceDetailPage.xaml.cs(481,17): error CS0103: The name 'LblExpiryWarning' does not exist in the current context [C:\Users\russel.mercado\source\repos\Yakult-System-New\Yakult.Inventory.App\Yakult.Inventory.App.csproj]
C:\Users\russel.mercado\source\repos\Yakult-System-New\Yakult.Inventory.App\Pages\Invoice\ViewInvoiceDetailPage.xaml.cs(482,17): error CS0103: The name 'LblExpiryWarning' does not exist in the current context [C:\Users\russel.mercado\source\repos\Yakult-System-New\Yakult.Inventory.App\Yakult.Inventory.App.csproj]
C:\Users\russel.mercado\source\repos\Yakult-System-New\Yakult.Inventory.App\Pages\Invoice\ViewInvoiceDetailPage.xaml.cs(531,17): error CS0103: The name 'DgvItems' does not exist in the current context [C:\Users\russel.mercado\source\repos\Yakult-System-New\Yakult.Inventory.App\Yakult.Inventory.App.csproj]
C:\Users\russel.mercado\source\repos\Yakult-System-New\Yakult.Inventory.App\Pages\Invoice\ViewInvoiceDetailPage.xaml.cs(533,17): error CS0103: The name 'TxtItemCount' does not exist in the current context [C:\Users\russel.mercado\source\repos\Yakult-System-New\Yakult.Inventory.App\Yakult.Inventory.App.csproj]
C:\Users\russel.mercado\source\repos\Yakult-System-New\Yakult.Inventory.App\Pages\Invoice\BatchAddInvoiceItemsDialog.xaml.cs(48,13): error CS0103: The name 'InitializeComponent' does not exist in the current context [C:\Users\russel.mercado\source\repos\Yakult-System-New\Yakult.Inventory.App\Yakult.Inventory.App.csproj]
C:\Users\russel.mercado\source\repos\Yakult-System-New\Yakult.Inventory.App\Pages\Invoice\BatchAddInvoiceItemsDialog.xaml.cs(53,13): error CS0103: The name 'CmbSubType' does not exist in the current context [C:\Users\russel.mercado\source\repos\Yakult-System-New\Yakult.Inventory.App\Yakult.Inventory.App.csproj]
C:\Users\russel.mercado\source\repos\Yakult-System-New\Yakult.Inventory.App\Pages\Invoice\BatchAddInvoiceItemsDialog.xaml.cs(55,17): error CS0103: The name 'CmbSubType' does not exist in the current context [C:\Users\russel.mercado\source\repos\Yakult-System-New\Yakult.Inventory.App\Yakult.Inventory.App.csproj]
C:\Users\russel.mercado\source\repos\Yakult-System-New\Yakult.Inventory.App\Pages\Invoice\BatchAddInvoiceItemsDialog.xaml.cs(56,13): error CS0103: The name 'CmbSubType' does not exist in the current context [C:\Users\russel.mercado\source\repos\Yakult-System-New\Yakult.Inventory.App\Yakult.Inventory.App.csproj]
C:\Users\russel.mercado\source\repos\Yakult-System-New\Yakult.Inventory.App\Pages\Invoice\BatchAddInvoiceItemsDialog.xaml.cs(58,13): error CS0103: The name 'DtpStart' does not exist in the current context [C:\Users\russel.mercado\source\repos\Yakult-System-New\Yakult.Inventory.App\Yakult.Inventory.App.csproj]
C:\Users\russel.mercado\source\repos\Yakult-System-New\Yakult.Inventory.App\Pages\Invoice\BatchAddInvoiceItemsDialog.xaml.cs(59,13): error CS0103: The name 'DtpEnd' does not exist in the current context [C:\Users\russel.mercado\source\repos\Yakult-System-New\Yakult.Inventory.App\Yakult.Inventory.App.csproj]
C:\Users\russel.mercado\source\repos\Yakult-System-New\Yakult.Inventory.App\Pages\Invoice\ConvertToParentTagGroupDialog.xaml.cs(41,13): error CS0103: The name 'InitializeComponent' does not exist in the current context [C:\Users\russel.mercado\source\repos\Yakult-System-New\Yakult.Inventory.App\Yakult.Inventory.App.csproj]
C:\Users\russel.mercado\source\repos\Yakult-System-New\Yakult.Inventory.App\Pages\Invoice\ConvertToSubTypeGroupDialog.xaml.cs(45,13): error CS0103: The name 'InitializeComponent' does not exist in the current context [C:\Users\russel.mercado\source\repos\Yakult-System-New\Yakult.Inventory.App\Yakult.Inventory.App.csproj]
C:\Users\russel.mercado\source\repos\Yakult-System-New\Yakult.Inventory.App\Pages\Invoice\ConvertToSubTypeGroupDialog.xaml.cs(52,17): error CS0103: The name 'CmbSubType' does not exist in the current context [C:\Users\russel.mercado\source\repos\Yakult-System-New\Yakult.Inventory.App\Yakult.Inventory.App.csproj]
C:\Users\russel.mercado\source\repos\Yakult-System-New\Yakult.Inventory.App\Pages\Invoice\ConvertToSubTypeGroupDialog.xaml.cs(54,13): error CS0103: The name 'DtpStart' does not exist in the current context [C:\Users\russel.mercado\source\repos\Yakult-System-New\Yakult.Inventory.App\Yakult.Inventory.App.csproj]
C:\Users\russel.mercado\source\repos\Yakult-System-New\Yakult.Inventory.App\Pages\Invoice\ConvertToSubTypeGroupDialog.xaml.cs(55,13): error CS0103: The name 'DtpEnd' does not exist in the current context [C:\Users\russel.mercado\source\repos\Yakult-System-New\Yakult.Inventory.App\Yakult.Inventory.App.csproj]
C:\Users\russel.mercado\source\repos\Yakult-System-New\Yakult.Inventory.App\Pages\Invoice\ConvertToParentTagGroupDialog.xaml.cs(110,17): error CS0103: The name 'Grid' does not exist in the current context [C:\Users\russel.mercado\source\repos\Yakult-System-New\Yakult.Inventory.App\Yakult.Inventory.App.csproj]
C:\Users\russel.mercado\source\repos\Yakult-System-New\Yakult.Inventory.App\Pages\Invoice\ConvertToParentTagGroupDialog.xaml.cs(111,17): error CS0103: The name 'ChkSelectAll' does not exist in the current context [C:\Users\russel.mercado\source\repos\Yakult-System-New\Yakult.Inventory.App\Yakult.Inventory.App.csproj]
C:\Users\russel.mercado\source\repos\Yakult-System-New\Yakult.Inventory.App\Pages\Invoice\ConvertToParentTagGroupDialog.xaml.cs(113,17): error CS0103: The name 'TxtStatus' does not exist in the current context [C:\Users\russel.mercado\source\repos\Yakult-System-New\Yakult.Inventory.App\Yakult.Inventory.App.csproj]
C:\Users\russel.mercado\source\repos\Yakult-System-New\Yakult.Inventory.App\Pages\Invoice\ConvertToParentTagGroupDialog.xaml.cs(116,17): error CS0103: The name 'CmbParentTag' does not exist in the current context [C:\Users\russel.mercado\source\repos\Yakult-System-New\Yakult.Inventory.App\Yakult.Inventory.App.csproj]
C:\Users\russel.mercado\source\repos\Yakult-System-New\Yakult.Inventory.App\Pages\Invoice\ConvertToParentTagGroupDialog.xaml.cs(128,14): error CS0103: The name 'Grid' does not exist in the current context [C:\Users\russel.mercado\source\repos\Yakult-System-New\Yakult.Inventory.App\Yakult.Inventory.App.csproj]
C:\Users\russel.mercado\source\repos\Yakult-System-New\Yakult.Inventory.App\Pages\Invoice\ConvertToParentTagGroupDialog.xaml.cs(133,13): error CS0103: The name 'TxtSelectedCount' does not exist in the current context [C:\Users\russel.mercado\source\repos\Yakult-System-New\Yakult.Inventory.App\Yakult.Inventory.App.csproj]
C:\Users\russel.mercado\source\repos\Yakult-System-New\Yakult.Inventory.App\Pages\Invoice\ConvertToParentTagGroupDialog.xaml.cs(138,26): error CS0103: The name 'ChkSelectAll' does not exist in the current context [C:\Users\russel.mercado\source\repos\Yakult-System-New\Yakult.Inventory.App\Yakult.Inventory.App.csproj]
C:\Users\russel.mercado\source\repos\Yakult-System-New\Yakult.Inventory.App\Pages\Invoice\ConvertToParentTagGroupDialog.xaml.cs(146,25): error CS0103: The name 'CmbParentTag' does not exist in the current context [C:\Users\russel.mercado\source\repos\Yakult-System-New\Yakult.Inventory.App\Yakult.Inventory.App.csproj]
C:\Users\russel.mercado\source\repos\Yakult-System-New\Yakult.Inventory.App\Pages\Invoice\ConvertToParentTagGroupDialog.xaml.cs(164,13): error CS0103: The name 'BtnAddToGroup' does not exist in the current context [C:\Users\russel.mercado\source\repos\Yakult-System-New\Yakult.Inventory.App\Yakult.Inventory.App.csproj]
C:\Users\russel.mercado\source\repos\Yakult-System-New\Yakult.Inventory.App\Pages\Invoice\ConvertToParentTagGroupDialog.xaml.cs(184,17): error CS0103: The name 'BtnAddToGroup' does not exist in the current context [C:\Users\russel.mercado\source\repos\Yakult-System-New\Yakult.Inventory.App\Yakult.Inventory.App.csproj]
C:\Users\russel.mercado\source\repos\Yakult-System-New\Yakult.Inventory.App\Pages\Invoice\ConvertToSubTypeGroupDialog.xaml.cs(133,17): error CS0103: The name 'Grid' does not exist in the current context [C:\Users\russel.mercado\source\repos\Yakult-System-New\Yakult.Inventory.App\Yakult.Inventory.App.csproj]
C:\Users\russel.mercado\source\repos\Yakult-System-New\Yakult.Inventory.App\Pages\Invoice\ConvertToSubTypeGroupDialog.xaml.cs(134,17): error CS0103: The name 'ChkSelectAll' does not exist in the current context [C:\Users\russel.mercado\source\repos\Yakult-System-New\Yakult.Inventory.App\Yakult.Inventory.App.csproj]
C:\Users\russel.mercado\source\repos\Yakult-System-New\Yakult.Inventory.App\Pages\Invoice\ConvertToSubTypeGroupDialog.xaml.cs(137,17): error CS0103: The name 'TxtStatus' does not exist in the current context [C:\Users\russel.mercado\source\repos\Yakult-System-New\Yakult.Inventory.App\Yakult.Inventory.App.csproj]
C:\Users\russel.mercado\source\repos\Yakult-System-New\Yakult.Inventory.App\Pages\Invoice\ConvertToSubTypeGroupDialog.xaml.cs(181,14): error CS0103: The name 'Grid' does not exist in the current context [C:\Users\russel.mercado\source\repos\Yakult-System-New\Yakult.Inventory.App\Yakult.Inventory.App.csproj]
C:\Users\russel.mercado\source\repos\Yakult-System-New\Yakult.Inventory.App\Pages\Invoice\ConvertToSubTypeGroupDialog.xaml.cs(186,13): error CS0103: The name 'TxtSelectedCount' does not exist in the current context [C:\Users\russel.mercado\source\repos\Yakult-System-New\Yakult.Inventory.App\Yakult.Inventory.App.csproj]
C:\Users\russel.mercado\source\repos\Yakult-System-New\Yakult.Inventory.App\Pages\Invoice\ConvertToSubTypeGroupDialog.xaml.cs(191,26): error CS0103: The name 'ChkSelectAll' does not exist in the current context [C:\Users\russel.mercado\source\repos\Yakult-System-New\Yakult.Inventory.App\Yakult.Inventory.App.csproj]
C:\Users\russel.mercado\source\repos\Yakult-System-New\Yakult.Inventory.App\Pages\Invoice\ConvertToSubTypeGroupDialog.xaml.cs(199,27): error CS0103: The name 'CmbSubType' does not exist in the current context [C:\Users\russel.mercado\source\repos\Yakult-System-New\Yakult.Inventory.App\Yakult.Inventory.App.csproj]
C:\Users\russel.mercado\source\repos\Yakult-System-New\Yakult.Inventory.App\Pages\Invoice\ConvertToSubTypeGroupDialog.xaml.cs(200,13): error CS0103: The name 'LblReferenceCode' does not exist in the current context [C:\Users\russel.mercado\source\repos\Yakult-System-New\Yakult.Inventory.App\Yakult.Inventory.App.csproj]
C:\Users\russel.mercado\source\repos\Yakult-System-New\Yakult.Inventory.App\Pages\Invoice\ConvertToSubTypeGroupDialog.xaml.cs(206,27): error CS0103: The name 'CmbSubType' does not exist in the current context [C:\Users\russel.mercado\source\repos\Yakult-System-New\Yakult.Inventory.App\Yakult.Inventory.App.csproj]
C:\Users\russel.mercado\source\repos\Yakult-System-New\Yakult.Inventory.App\Pages\Invoice\ConvertToSubTypeGroupDialog.xaml.cs(209,13): error CS0103: The name 'CmbExistingGroup' does not exist in the current context [C:\Users\russel.mercado\source\repos\Yakult-System-New\Yakult.Inventory.App\Yakult.Inventory.App.csproj]
C:\Users\russel.mercado\source\repos\Yakult-System-New\Yakult.Inventory.App\Pages\Invoice\ConvertToSubTypeGroupDialog.xaml.cs(210,13): error CS0103: The name 'CmbExistingGroup' does not exist in the current context [C:\Users\russel.mercado\source\repos\Yakult-System-New\Yakult.Inventory.App\Yakult.Inventory.App.csproj]
C:\Users\russel.mercado\source\repos\Yakult-System-New\Yakult.Inventory.App\Pages\Invoice\ConvertToSubTypeGroupDialog.xaml.cs(214,21): error CS0103: The name 'CmbExistingGroup' does not exist in the current context [C:\Users\russel.mercado\source\repos\Yakult-System-New\Yakult.Inventory.App\Yakult.Inventory.App.csproj]
C:\Users\russel.mercado\source\repos\Yakult-System-New\Yakult.Inventory.App\Pages\Invoice\ConvertToSubTypeGroupDialog.xaml.cs(216,13): error CS0103: The name 'CmbExistingGroup' does not exist in the current context [C:\Users\russel.mercado\source\repos\Yakult-System-New\Yakult.Inventory.App\Yakult.Inventory.App.csproj]
C:\Users\russel.mercado\source\repos\Yakult-System-New\Yakult.Inventory.App\Pages\Invoice\ConvertToSubTypeGroupDialog.xaml.cs(217,13): error CS0103: The name 'CmbExistingGroup' does not exist in the current context [C:\Users\russel.mercado\source\repos\Yakult-System-New\Yakult.Inventory.App\Yakult.Inventory.App.csproj]
C:\Users\russel.mercado\source\repos\Yakult-System-New\Yakult.Inventory.App\Pages\Invoice\ConvertToSubTypeGroupDialog.xaml.cs(228,17): error CS0103: The name 'CmbExistingGroup' does not exist in the current context [C:\Users\russel.mercado\source\repos\Yakult-System-New\Yakult.Inventory.App\Yakult.Inventory.App.csproj]
C:\Users\russel.mercado\source\repos\Yakult-System-New\Yakult.Inventory.App\Pages\Invoice\ConvertToSubTypeGroupDialog.xaml.cs(230,17): error CS0103: The name 'TxtReferenceCode' does not exist in the current context [C:\Users\russel.mercado\source\repos\Yakult-System-New\Yakult.Inventory.App\Yakult.Inventory.App.csproj]
C:\Users\russel.mercado\source\repos\Yakult-System-New\Yakult.Inventory.App\Pages\Invoice\ConvertToSubTypeGroupDialog.xaml.cs(231,17): error CS0103: The name 'DtpStart' does not exist in the current context [C:\Users\russel.mercado\source\repos\Yakult-System-New\Yakult.Inventory.App\Yakult.Inventory.App.csproj]
C:\Users\russel.mercado\source\repos\Yakult-System-New\Yakult.Inventory.App\Pages\Invoice\ConvertToSubTypeGroupDialog.xaml.cs(232,17): error CS0103: The name 'DtpEnd' does not exist in the current context [C:\Users\russel.mercado\source\repos\Yakult-System-New\Yakult.Inventory.App\Yakult.Inventory.App.csproj]
C:\Users\russel.mercado\source\repos\Yakult-System-New\Yakult.Inventory.App\Pages\Invoice\ConvertToSubTypeGroupDialog.xaml.cs(233,17): error CS0103: The name 'TxtReferenceCode' does not exist in the current context [C:\Users\russel.mercado\source\repos\Yakult-System-New\Yakult.Inventory.App\Yakult.Inventory.App.csproj]
C:\Users\russel.mercado\source\repos\Yakult-System-New\Yakult.Inventory.App\Pages\Invoice\ConvertToSubTypeGroupDialog.xaml.cs(234,17): error CS0103: The name 'DtpStart' does not exist in the current context [C:\Users\russel.mercado\source\repos\Yakult-System-New\Yakult.Inventory.App\Yakult.Inventory.App.csproj]
C:\Users\russel.mercado\source\repos\Yakult-System-New\Yakult.Inventory.App\Pages\Invoice\ConvertToSubTypeGroupDialog.xaml.cs(235,17): error CS0103: The name 'DtpEnd' does not exist in the current context [C:\Users\russel.mercado\source\repos\Yakult-System-New\Yakult.Inventory.App\Yakult.Inventory.App.csproj]
C:\Users\russel.mercado\source\repos\Yakult-System-New\Yakult.Inventory.App\Pages\Invoice\ConvertToSubTypeGroupDialog.xaml.cs(239,17): error CS0103: The name 'TxtReferenceCode' does not exist in the current context [C:\Users\russel.mercado\source\repos\Yakult-System-New\Yakult.Inventory.App\Yakult.Inventory.App.csproj]
C:\Users\russel.mercado\source\repos\Yakult-System-New\Yakult.Inventory.App\Pages\Invoice\ConvertToSubTypeGroupDialog.xaml.cs(240,17): error CS0103: The name 'DtpStart' does not exist in the current context [C:\Users\russel.mercado\source\repos\Yakult-System-New\Yakult.Inventory.App\Yakult.Inventory.App.csproj]
C:\Users\russel.mercado\source\repos\Yakult-System-New\Yakult.Inventory.App\Pages\Invoice\ConvertToSubTypeGroupDialog.xaml.cs(241,17): error CS0103: The name 'DtpEnd' does not exist in the current context [C:\Users\russel.mercado\source\repos\Yakult-System-New\Yakult.Inventory.App\Yakult.Inventory.App.csproj]
C:\Users\russel.mercado\source\repos\Yakult-System-New\Yakult.Inventory.App\Pages\Invoice\ConvertToSubTypeGroupDialog.xaml.cs(242,17): error CS0103: The name 'TxtReferenceCode' does not exist in the current context [C:\Users\russel.mercado\source\repos\Yakult-System-New\Yakult.Inventory.App\Yakult.Inventory.App.csproj]
C:\Users\russel.mercado\source\repos\Yakult-System-New\Yakult.Inventory.App\Pages\Invoice\ConvertToSubTypeGroupDialog.xaml.cs(243,17): error CS0103: The name 'DtpStart' does not exist in the current context [C:\Users\russel.mercado\source\repos\Yakult-System-New\Yakult.Inventory.App\Yakult.Inventory.App.csproj]
C:\Users\russel.mercado\source\repos\Yakult-System-New\Yakult.Inventory.App\Pages\Invoice\ConvertToSubTypeGroupDialog.xaml.cs(244,17): error CS0103: The name 'DtpEnd' does not exist in the current context [C:\Users\russel.mercado\source\repos\Yakult-System-New\Yakult.Inventory.App\Yakult.Inventory.App.csproj]
C:\Users\russel.mercado\source\repos\Yakult-System-New\Yakult.Inventory.App\Pages\Invoice\ConvertToSubTypeGroupDialog.xaml.cs(250,27): error CS0103: The name 'CmbSubType' does not exist in the current context [C:\Users\russel.mercado\source\repos\Yakult-System-New\Yakult.Inventory.App\Yakult.Inventory.App.csproj]
C:\Users\russel.mercado\source\repos\Yakult-System-New\Yakult.Inventory.App\Pages\Invoice\ConvertToSubTypeGroupDialog.xaml.cs(267,59): error CS0103: The name 'TxtReferenceCode' does not exist in the current context [C:\Users\russel.mercado\source\repos\Yakult-System-New\Yakult.Inventory.App\Yakult.Inventory.App.csproj]
C:\Users\russel.mercado\source\repos\Yakult-System-New\Yakult.Inventory.App\Pages\Invoice\ConvertToSubTypeGroupDialog.xaml.cs(267,91): error CS0103: The name 'TxtReferenceCode' does not exist in the current context [C:\Users\russel.mercado\source\repos\Yakult-System-New\Yakult.Inventory.App\Yakult.Inventory.App.csproj]
C:\Users\russel.mercado\source\repos\Yakult-System-New\Yakult.Inventory.App\Pages\Invoice\ConvertToSubTypeGroupDialog.xaml.cs(268,29): error CS0103: The name 'DtpStart' does not exist in the current context [C:\Users\russel.mercado\source\repos\Yakult-System-New\Yakult.Inventory.App\Yakult.Inventory.App.csproj]
C:\Users\russel.mercado\source\repos\Yakult-System-New\Yakult.Inventory.App\Pages\Invoice\ConvertToSubTypeGroupDialog.xaml.cs(269,27): error CS0103: The name 'DtpEnd' does not exist in the current context [C:\Users\russel.mercado\source\repos\Yakult-System-New\Yakult.Inventory.App\Yakult.Inventory.App.csproj]
C:\Users\russel.mercado\source\repos\Yakult-System-New\Yakult.Inventory.App\Pages\Invoice\ConvertToSubTypeGroupDialog.xaml.cs(271,13): error CS0103: The name 'BtnAddToGroup' does not exist in the current context [C:\Users\russel.mercado\source\repos\Yakult-System-New\Yakult.Inventory.App\Yakult.Inventory.App.csproj]
C:\Users\russel.mercado\source\repos\Yakult-System-New\Yakult.Inventory.App\Pages\Invoice\ConvertToSubTypeGroupDialog.xaml.cs(291,17): error CS0103: The name 'BtnAddToGroup' does not exist in the current context [C:\Users\russel.mercado\source\repos\Yakult-System-New\Yakult.Inventory.App\Yakult.Inventory.App.csproj]
C:\Users\russel.mercado\source\repos\Yakult-System-New\Yakult.Inventory.App\Pages\Invoice\ViewInvoiceDetailPage.xaml.cs(695,13): error CS0103: The name 'GroupSummaryPanel' does not exist in the current context [C:\Users\russel.mercado\source\repos\Yakult-System-New\Yakult.Inventory.App\Yakult.Inventory.App.csproj]
C:\Users\russel.mercado\source\repos\Yakult-System-New\Yakult.Inventory.App\Pages\Invoice\ViewInvoiceDetailPage.xaml.cs(697,13): error CS0103: The name 'GroupSummaryPanel' does not exist in the current context [C:\Users\russel.mercado\source\repos\Yakult-System-New\Yakult.Inventory.App\Yakult.Inventory.App.csproj]
C:\Users\russel.mercado\source\repos\Yakult-System-New\Yakult.Inventory.App\Pages\Invoice\ViewInvoiceDetailPage.xaml.cs(699,30): error CS0103: The name 'TxtVatAmount' does not exist in the current context [C:\Users\russel.mercado\source\repos\Yakult-System-New\Yakult.Inventory.App\Yakult.Inventory.App.csproj]
C:\Users\russel.mercado\source\repos\Yakult-System-New\Yakult.Inventory.App\Pages\Invoice\ViewInvoiceDetailPage.xaml.cs(700,30): error CS0103: The name 'TxtWhtAmount' does not exist in the current context [C:\Users\russel.mercado\source\repos\Yakult-System-New\Yakult.Inventory.App\Yakult.Inventory.App.csproj]
C:\Users\russel.mercado\source\repos\Yakult-System-New\Yakult.Inventory.App\Pages\Invoice\ViewInvoiceDetailPage.xaml.cs(701,30): error CS0103: The name 'TxtDiscountAmount' does not exist in the current context [C:\Users\russel.mercado\source\repos\Yakult-System-New\Yakult.Inventory.App\Yakult.Inventory.App.csproj]
C:\Users\russel.mercado\source\repos\Yakult-System-New\Yakult.Inventory.App\Pages\Invoice\ViewInvoiceDetailPage.xaml.cs(840,17): error CS0103: The name 'GroupSummaryPanel' does not exist in the current context [C:\Users\russel.mercado\source\repos\Yakult-System-New\Yakult.Inventory.App\Yakult.Inventory.App.csproj]
C:\Users\russel.mercado\source\repos\Yakult-System-New\Yakult.Inventory.App\Pages\Invoice\ViewInvoiceDetailPage.xaml.cs(913,13): error CS0103: The name 'TxtSubtotal' does not exist in the current context [C:\Users\russel.mercado\source\repos\Yakult-System-New\Yakult.Inventory.App\Yakult.Inventory.App.csproj]
C:\Users\russel.mercado\source\repos\Yakult-System-New\Yakult.Inventory.App\Pages\Invoice\ViewInvoiceDetailPage.xaml.cs(1209,13): error CS0103: The name 'DgvItems' does not exist in the current context [C:\Users\russel.mercado\source\repos\Yakult-System-New\Yakult.Inventory.App\Yakult.Inventory.App.csproj]
C:\Users\russel.mercado\source\repos\Yakult-System-New\Yakult.Inventory.App\Pages\Invoice\ViewInvoiceDetailPage.xaml.cs(1240,13): error CS0103: The name 'DgvItems' does not exist in the current context [C:\Users\russel.mercado\source\repos\Yakult-System-New\Yakult.Inventory.App\Yakult.Inventory.App.csproj]
C:\Users\russel.mercado\source\repos\Yakult-System-New\Yakult.Inventory.App\Pages\Invoice\ViewInvoiceDetailPage.xaml.cs(1245,17): error CS0103: The name 'DgvItems' does not exist in the current context [C:\Users\russel.mercado\source\repos\Yakult-System-New\Yakult.Inventory.App\Yakult.Inventory.App.csproj]
C:\Users\russel.mercado\source\repos\Yakult-System-New\Yakult.Inventory.App\Pages\Invoice\ViewInvoiceDetailPage.xaml.cs(1264,13): error CS0103: The name 'DgvItems' does not exist in the current context [C:\Users\russel.mercado\source\repos\Yakult-System-New\Yakult.Inventory.App\Yakult.Inventory.App.csproj]
C:\Users\russel.mercado\source\repos\Yakult-System-New\Yakult.Inventory.App\Pages\Invoice\ViewInvoiceDetailPage.xaml.cs(1265,13): error CS0103: The name 'DgvItems' does not exist in the current context [C:\Users\russel.mercado\source\repos\Yakult-System-New\Yakult.Inventory.App\Yakult.Inventory.App.csproj]
C:\Users\russel.mercado\source\repos\Yakult-System-New\Yakult.Inventory.App\Pages\Invoice\DeleteInvoiceLineDialog.xaml.cs(28,13): error CS0103: The name 'InitializeComponent' does not exist in the current context [C:\Users\russel.mercado\source\repos\Yakult-System-New\Yakult.Inventory.App\Yakult.Inventory.App.csproj]
C:\Users\russel.mercado\source\repos\Yakult-System-New\Yakult.Inventory.App\Pages\Invoice\DeleteInvoiceLineDialog.xaml.cs(32,17): error CS0103: The name 'TxtTitle' does not exist in the current context [C:\Users\russel.mercado\source\repos\Yakult-System-New\Yakult.Inventory.App\Yakult.Inventory.App.csproj]
C:\Users\russel.mercado\source\repos\Yakult-System-New\Yakult.Inventory.App\Pages\Invoice\DeleteInvoiceLineDialog.xaml.cs(33,17): error CS0103: The name 'TxtNote' does not exist in the current context [C:\Users\russel.mercado\source\repos\Yakult-System-New\Yakult.Inventory.App\Yakult.Inventory.App.csproj]
C:\Users\russel.mercado\source\repos\Yakult-System-New\Yakult.Inventory.App\Pages\Invoice\DeleteInvoiceLineDialog.xaml.cs(35,17): error CS0103: The name 'BtnDeleteGroup' does not exist in the current context [C:\Users\russel.mercado\source\repos\Yakult-System-New\Yakult.Inventory.App\Yakult.Inventory.App.csproj]
C:\Users\russel.mercado\source\repos\Yakult-System-New\Yakult.Inventory.App\Pages\Invoice\DeleteInvoiceLineDialog.xaml.cs(39,17): error CS0103: The name 'TxtTitle' does not exist in the current context [C:\Users\russel.mercado\source\repos\Yakult-System-New\Yakult.Inventory.App\Yakult.Inventory.App.csproj]
C:\Users\russel.mercado\source\repos\Yakult-System-New\Yakult.Inventory.App\Pages\Invoice\DeleteInvoiceLineDialog.xaml.cs(40,17): error CS0103: The name 'TxtNote' does not exist in the current context [C:\Users\russel.mercado\source\repos\Yakult-System-New\Yakult.Inventory.App\Yakult.Inventory.App.csproj]
C:\Users\russel.mercado\source\repos\Yakult-System-New\Yakult.Inventory.App\Pages\Invoice\DeleteInvoiceLineDialog.xaml.cs(41,17): error CS0103: The name 'BtnDeleteRow' does not exist in the current context [C:\Users\russel.mercado\source\repos\Yakult-System-New\Yakult.Inventory.App\Yakult.Inventory.App.csproj]
C:\Users\russel.mercado\source\repos\Yakult-System-New\Yakult.Inventory.App\Pages\Invoice\BatchAddInvoiceItemsDialog.xaml.cs(208,22): error CS0103: The name 'TxtSearch' does not exist in the current context [C:\Users\russel.mercado\source\repos\Yakult-System-New\Yakult.Inventory.App\Yakult.Inventory.App.csproj]
C:\Users\russel.mercado\source\repos\Yakult-System-New\Yakult.Inventory.App\Pages\Invoice\BatchAddInvoiceItemsDialog.xaml.cs(209,28): error CS0103: The name 'CmbCategory' does not exist in the current context [C:\Users\russel.mercado\source\repos\Yakult-System-New\Yakult.Inventory.App\Yakult.Inventory.App.csproj]
C:\Users\russel.mercado\source\repos\Yakult-System-New\Yakult.Inventory.App\Pages\Invoice\BatchAddInvoiceItemsDialog.xaml.cs(214,44): error CS1503: Argument 1: cannot convert from 'System.ReadOnlySpan<char>' to 'string' [C:\Users\russel.mercado\source\repos\Yakult-System-New\Yakult.Inventory.App\Yakult.Inventory.App.csproj]
C:\Users\russel.mercado\source\repos\Yakult-System-New\Yakult.Inventory.App\Pages\Invoice\BatchAddInvoiceItemsDialog.xaml.cs(217,63): error CS8175: Cannot use ref local 'q' inside an anonymous method, lambda expression, or query expression [C:\Users\russel.mercado\source\repos\Yakult-System-New\Yakult.Inventory.App\Yakult.Inventory.App.csproj]
C:\Users\russel.mercado\source\repos\Yakult-System-New\Yakult.Inventory.App\Pages\Invoice\BatchAddInvoiceItemsDialog.xaml.cs(218,69): error CS8175: Cannot use ref local 'q' inside an anonymous method, lambda expression, or query expression [C:\Users\russel.mercado\source\repos\Yakult-System-New\Yakult.Inventory.App\Yakult.Inventory.App.csproj]
C:\Users\russel.mercado\source\repos\Yakult-System-New\Yakult.Inventory.App\Pages\Invoice\BatchAddInvoiceItemsDialog.xaml.cs(219,71): error CS8175: Cannot use ref local 'q' inside an anonymous method, lambda expression, or query expression [C:\Users\russel.mercado\source\repos\Yakult-System-New\Yakult.Inventory.App\Yakult.Inventory.App.csproj]
C:\Users\russel.mercado\source\repos\Yakult-System-New\Yakult.Inventory.App\Pages\Invoice\BatchAddInvoiceItemsDialog.xaml.cs(225,13): error CS0103: The name 'Grid' does not exist in the current context [C:\Users\russel.mercado\source\repos\Yakult-System-New\Yakult.Inventory.App\Yakult.Inventory.App.csproj]
C:\Users\russel.mercado\source\repos\Yakult-System-New\Yakult.Inventory.App\Pages\Invoice\ViewInvoiceDetailPage.xaml.cs(1452,33): error CS0103: The name 'DgvItems' does not exist in the current context [C:\Users\russel.mercado\source\repos\Yakult-System-New\Yakult.Inventory.App\Yakult.Inventory.App.csproj]
C:\Users\russel.mercado\source\repos\Yakult-System-New\Yakult.Inventory.App\Pages\Invoice\BatchAddInvoiceItemsDialog.xaml.cs(230,17): error CS0103: The name 'CmbCategory' does not exist in the current context [C:\Users\russel.mercado\source\repos\Yakult-System-New\Yakult.Inventory.App\Yakult.Inventory.App.csproj]
C:\Users\russel.mercado\source\repos\Yakult-System-New\Yakult.Inventory.App\Pages\Invoice\BatchAddInvoiceItemsDialog.xaml.cs(233,13): error CS0103: The name 'CmbCategory' does not exist in the current context [C:\Users\russel.mercado\source\repos\Yakult-System-New\Yakult.Inventory.App\Yakult.Inventory.App.csproj]
C:\Users\russel.mercado\source\repos\Yakult-System-New\Yakult.Inventory.App\Pages\Invoice\BatchAddInvoiceItemsDialog.xaml.cs(234,13): error CS0103: The name 'CmbCategory' does not exist in the current context [C:\Users\russel.mercado\source\repos\Yakult-System-New\Yakult.Inventory.App\Yakult.Inventory.App.csproj]
C:\Users\russel.mercado\source\repos\Yakult-System-New\Yakult.Inventory.App\Pages\Invoice\BatchAddInvoiceItemsDialog.xaml.cs(244,17): error CS0103: The name 'CmbCategory' does not exist in the current context [C:\Users\russel.mercado\source\repos\Yakult-System-New\Yakult.Inventory.App\Yakult.Inventory.App.csproj]
C:\Users\russel.mercado\source\repos\Yakult-System-New\Yakult.Inventory.App\Pages\Invoice\BatchAddInvoiceItemsDialog.xaml.cs(246,13): error CS0103: The name 'CmbCategory' does not exist in the current context [C:\Users\russel.mercado\source\repos\Yakult-System-New\Yakult.Inventory.App\Yakult.Inventory.App.csproj]
C:\Users\russel.mercado\source\repos\Yakult-System-New\Yakult.Inventory.App\Pages\Invoice\BatchAddInvoiceItemsDialog.xaml.cs(252,13): error CS0103: The name 'TxtSelectedCount' does not exist in the current context [C:\Users\russel.mercado\source\repos\Yakult-System-New\Yakult.Inventory.App\Yakult.Inventory.App.csproj]
C:\Users\russel.mercado\source\repos\Yakult-System-New\Yakult.Inventory.App\Pages\Invoice\ViewInvoiceDetailPage.xaml.cs(1533,13): error CS0103: The name 'TxtSubtotal' does not exist in the current context [C:\Users\russel.mercado\source\repos\Yakult-System-New\Yakult.Inventory.App\Yakult.Inventory.App.csproj]
C:\Users\russel.mercado\source\repos\Yakult-System-New\Yakult.Inventory.App\Pages\Invoice\BatchAddInvoiceItemsDialog.xaml.cs(292,27): error CS0103: The name 'CmbSubType' does not exist in the current context [C:\Users\russel.mercado\source\repos\Yakult-System-New\Yakult.Inventory.App\Yakult.Inventory.App.csproj]
C:\Users\russel.mercado\source\repos\Yakult-System-New\Yakult.Inventory.App\Pages\Invoice\BatchAddInvoiceItemsDialog.xaml.cs(295,13): error CS0103: The name 'LblReferenceCode' does not exist in the current context [C:\Users\russel.mercado\source\repos\Yakult-System-New\Yakult.Inventory.App\Yakult.Inventory.App.csproj]
C:\Users\russel.mercado\source\repos\Yakult-System-New\Yakult.Inventory.App\Pages\Invoice\BatchAddInvoiceItemsDialog.xaml.cs(298,13): error CS0103: The name 'CmbExistingGroup' does not exist in the current context [C:\Users\russel.mercado\source\repos\Yakult-System-New\Yakult.Inventory.App\Yakult.Inventory.App.csproj]
C:\Users\russel.mercado\source\repos\Yakult-System-New\Yakult.Inventory.App\Pages\Invoice\BatchAddInvoiceItemsDialog.xaml.cs(299,13): error CS0103: The name 'CmbExistingGroup' does not exist in the current context [C:\Users\russel.mercado\source\repos\Yakult-System-New\Yakult.Inventory.App\Yakult.Inventory.App.csproj]
C:\Users\russel.mercado\source\repos\Yakult-System-New\Yakult.Inventory.App\Pages\Invoice\BatchAddInvoiceItemsDialog.xaml.cs(303,21): error CS0103: The name 'CmbExistingGroup' does not exist in the current context [C:\Users\russel.mercado\source\repos\Yakult-System-New\Yakult.Inventory.App\Yakult.Inventory.App.csproj]
C:\Users\russel.mercado\source\repos\Yakult-System-New\Yakult.Inventory.App\Pages\Invoice\BatchAddInvoiceItemsDialog.xaml.cs(305,13): error CS0103: The name 'CmbExistingGroup' does not exist in the current context [C:\Users\russel.mercado\source\repos\Yakult-System-New\Yakult.Inventory.App\Yakult.Inventory.App.csproj]
C:\Users\russel.mercado\source\repos\Yakult-System-New\Yakult.Inventory.App\Pages\Invoice\BatchAddInvoiceItemsDialog.xaml.cs(306,13): error CS0103: The name 'CmbExistingGroup' does not exist in the current context [C:\Users\russel.mercado\source\repos\Yakult-System-New\Yakult.Inventory.App\Yakult.Inventory.App.csproj]
C:\Users\russel.mercado\source\repos\Yakult-System-New\Yakult.Inventory.App\Pages\Invoice\BatchAddInvoiceItemsDialog.xaml.cs(309,13): error CS0103: The name 'TxtReferenceCode' does not exist in the current context [C:\Users\russel.mercado\source\repos\Yakult-System-New\Yakult.Inventory.App\Yakult.Inventory.App.csproj]
C:\Users\russel.mercado\source\repos\Yakult-System-New\Yakult.Inventory.App\Pages\Invoice\BatchAddInvoiceItemsDialog.xaml.cs(310,13): error CS0103: The name 'TxtReferenceCode' does not exist in the current context [C:\Users\russel.mercado\source\repos\Yakult-System-New\Yakult.Inventory.App\Yakult.Inventory.App.csproj]
C:\Users\russel.mercado\source\repos\Yakult-System-New\Yakult.Inventory.App\Pages\Invoice\BatchAddInvoiceItemsDialog.xaml.cs(311,13): error CS0103: The name 'DtpStart' does not exist in the current context [C:\Users\russel.mercado\source\repos\Yakult-System-New\Yakult.Inventory.App\Yakult.Inventory.App.csproj]
C:\Users\russel.mercado\source\repos\Yakult-System-New\Yakult.Inventory.App\Pages\Invoice\BatchAddInvoiceItemsDialog.xaml.cs(312,13): error CS0103: The name 'DtpEnd' does not exist in the current context [C:\Users\russel.mercado\source\repos\Yakult-System-New\Yakult.Inventory.App\Yakult.Inventory.App.csproj]
C:\Users\russel.mercado\source\repos\Yakult-System-New\Yakult.Inventory.App\Pages\Invoice\BatchAddInvoiceItemsDialog.xaml.cs(313,13): error CS0103: The name 'DtpStart' does not exist in the current context [C:\Users\russel.mercado\source\repos\Yakult-System-New\Yakult.Inventory.App\Yakult.Inventory.App.csproj]
C:\Users\russel.mercado\source\repos\Yakult-System-New\Yakult.Inventory.App\Pages\Invoice\BatchAddInvoiceItemsDialog.xaml.cs(314,13): error CS0103: The name 'DtpEnd' does not exist in the current context [C:\Users\russel.mercado\source\repos\Yakult-System-New\Yakult.Inventory.App\Yakult.Inventory.App.csproj]
C:\Users\russel.mercado\source\repos\Yakult-System-New\Yakult.Inventory.App\Pages\Invoice\BatchAddInvoiceItemsDialog.xaml.cs(325,17): error CS0103: The name 'CmbExistingGroup' does not exist in the current context [C:\Users\russel.mercado\source\repos\Yakult-System-New\Yakult.Inventory.App\Yakult.Inventory.App.csproj]
C:\Users\russel.mercado\source\repos\Yakult-System-New\Yakult.Inventory.App\Pages\Invoice\BatchAddInvoiceItemsDialog.xaml.cs(327,17): error CS0103: The name 'TxtReferenceCode' does not exist in the current context [C:\Users\russel.mercado\source\repos\Yakult-System-New\Yakult.Inventory.App\Yakult.Inventory.App.csproj]
C:\Users\russel.mercado\source\repos\Yakult-System-New\Yakult.Inventory.App\Pages\Invoice\BatchAddInvoiceItemsDialog.xaml.cs(328,17): error CS0103: The name 'DtpStart' does not exist in the current context [C:\Users\russel.mercado\source\repos\Yakult-System-New\Yakult.Inventory.App\Yakult.Inventory.App.csproj]
C:\Users\russel.mercado\source\repos\Yakult-System-New\Yakult.Inventory.App\Pages\Invoice\BatchAddInvoiceItemsDialog.xaml.cs(329,17): error CS0103: The name 'DtpEnd' does not exist in the current context [C:\Users\russel.mercado\source\repos\Yakult-System-New\Yakult.Inventory.App\Yakult.Inventory.App.csproj]
C:\Users\russel.mercado\source\repos\Yakult-System-New\Yakult.Inventory.App\Pages\Invoice\BatchAddInvoiceItemsDialog.xaml.cs(330,17): error CS0103: The name 'TxtReferenceCode' does not exist in the current context [C:\Users\russel.mercado\source\repos\Yakult-System-New\Yakult.Inventory.App\Yakult.Inventory.App.csproj]
C:\Users\russel.mercado\source\repos\Yakult-System-New\Yakult.Inventory.App\Pages\Invoice\BatchAddInvoiceItemsDialog.xaml.cs(331,17): error CS0103: The name 'DtpStart' does not exist in the current context [C:\Users\russel.mercado\source\repos\Yakult-System-New\Yakult.Inventory.App\Yakult.Inventory.App.csproj]
C:\Users\russel.mercado\source\repos\Yakult-System-New\Yakult.Inventory.App\Pages\Invoice\BatchAddInvoiceItemsDialog.xaml.cs(332,17): error CS0103: The name 'DtpEnd' does not exist in the current context [C:\Users\russel.mercado\source\repos\Yakult-System-New\Yakult.Inventory.App\Yakult.Inventory.App.csproj]
C:\Users\russel.mercado\source\repos\Yakult-System-New\Yakult.Inventory.App\Pages\Invoice\BatchAddInvoiceItemsDialog.xaml.cs(336,17): error CS0103: The name 'TxtReferenceCode' does not exist in the current context [C:\Users\russel.mercado\source\repos\Yakult-System-New\Yakult.Inventory.App\Yakult.Inventory.App.csproj]
C:\Users\russel.mercado\source\repos\Yakult-System-New\Yakult.Inventory.App\Pages\Invoice\BatchAddInvoiceItemsDialog.xaml.cs(337,17): error CS0103: The name 'DtpStart' does not exist in the current context [C:\Users\russel.mercado\source\repos\Yakult-System-New\Yakult.Inventory.App\Yakult.Inventory.App.csproj]
C:\Users\russel.mercado\source\repos\Yakult-System-New\Yakult.Inventory.App\Pages\Invoice\BatchAddInvoiceItemsDialog.xaml.cs(338,17): error CS0103: The name 'DtpEnd' does not exist in the current context [C:\Users\russel.mercado\source\repos\Yakult-System-New\Yakult.Inventory.App\Yakult.Inventory.App.csproj]
C:\Users\russel.mercado\source\repos\Yakult-System-New\Yakult.Inventory.App\Pages\Invoice\BatchAddInvoiceItemsDialog.xaml.cs(339,17): error CS0103: The name 'TxtReferenceCode' does not exist in the current context [C:\Users\russel.mercado\source\repos\Yakult-System-New\Yakult.Inventory.App\Yakult.Inventory.App.csproj]
C:\Users\russel.mercado\source\repos\Yakult-System-New\Yakult.Inventory.App\Pages\Invoice\BatchAddInvoiceItemsDialog.xaml.cs(340,17): error CS0103: The name 'DtpStart' does not exist in the current context [C:\Users\russel.mercado\source\repos\Yakult-System-New\Yakult.Inventory.App\Yakult.Inventory.App.csproj]
C:\Users\russel.mercado\source\repos\Yakult-System-New\Yakult.Inventory.App\Pages\Invoice\BatchAddInvoiceItemsDialog.xaml.cs(341,17): error CS0103: The name 'DtpEnd' does not exist in the current context [C:\Users\russel.mercado\source\repos\Yakult-System-New\Yakult.Inventory.App\Yakult.Inventory.App.csproj]
C:\Users\russel.mercado\source\repos\Yakult-System-New\Yakult.Inventory.App\Pages\Invoice\ViewInvoiceDetailPage.xaml.cs(1625,13): error CS0103: The name 'DtpDate' does not exist in the current context [C:\Users\russel.mercado\source\repos\Yakult-System-New\Yakult.Inventory.App\Yakult.Inventory.App.csproj]
C:\Users\russel.mercado\source\repos\Yakult-System-New\Yakult.Inventory.App\Pages\Invoice\ViewInvoiceDetailPage.xaml.cs(1626,13): error CS0103: The name 'CmbCompany' does not exist in the current context [C:\Users\russel.mercado\source\repos\Yakult-System-New\Yakult.Inventory.App\Yakult.Inventory.App.csproj]
C:\Users\russel.mercado\source\repos\Yakult-System-New\Yakult.Inventory.App\Pages\Invoice\ViewInvoiceDetailPage.xaml.cs(1627,13): error CS0103: The name 'CmbDistributor' does not exist in the current context [C:\Users\russel.mercado\source\repos\Yakult-System-New\Yakult.Inventory.App\Yakult.Inventory.App.csproj]
C:\Users\russel.mercado\source\repos\Yakult-System-New\Yakult.Inventory.App\Pages\Invoice\ViewInvoiceDetailPage.xaml.cs(1628,13): error CS0103: The name 'TxtDocumentNumber' does not exist in the current context [C:\Users\russel.mercado\source\repos\Yakult-System-New\Yakult.Inventory.App\Yakult.Inventory.App.csproj]
C:\Users\russel.mercado\source\repos\Yakult-System-New\Yakult.Inventory.App\Pages\Invoice\ViewInvoiceDetailPage.xaml.cs(1629,13): error CS0103: The name 'CmbStatus' does not exist in the current context [C:\Users\russel.mercado\source\repos\Yakult-System-New\Yakult.Inventory.App\Yakult.Inventory.App.csproj]
C:\Users\russel.mercado\source\repos\Yakult-System-New\Yakult.Inventory.App\Pages\Invoice\ViewInvoiceDetailPage.xaml.cs(1630,13): error CS0103: The name 'TxtReferenceNumber' does not exist in the current context [C:\Users\russel.mercado\source\repos\Yakult-System-New\Yakult.Inventory.App\Yakult.Inventory.App.csproj]
C:\Users\russel.mercado\source\repos\Yakult-System-New\Yakult.Inventory.App\Pages\Invoice\ViewInvoiceDetailPage.xaml.cs(1631,13): error CS0103: The name 'TxtSite' does not exist in the current context [C:\Users\russel.mercado\source\repos\Yakult-System-New\Yakult.Inventory.App\Yakult.Inventory.App.csproj]
C:\Users\russel.mercado\source\repos\Yakult-System-New\Yakult.Inventory.App\Pages\Invoice\ViewInvoiceDetailPage.xaml.cs(1632,13): error CS0103: The name 'CmbSiteCompany' does not exist in the current context [C:\Users\russel.mercado\source\repos\Yakult-System-New\Yakult.Inventory.App\Yakult.Inventory.App.csproj]
C:\Users\russel.mercado\source\repos\Yakult-System-New\Yakult.Inventory.App\Pages\Invoice\ViewInvoiceDetailPage.xaml.cs(1633,13): error CS0103: The name 'CmbSiteBranch' does not exist in the current context [C:\Users\russel.mercado\source\repos\Yakult-System-New\Yakult.Inventory.App\Yakult.Inventory.App.csproj]
C:\Users\russel.mercado\source\repos\Yakult-System-New\Yakult.Inventory.App\Pages\Invoice\ViewInvoiceDetailPage.xaml.cs(1634,13): error CS0103: The name 'CmbSiteDepartment' does not exist in the current context [C:\Users\russel.mercado\source\repos\Yakult-System-New\Yakult.Inventory.App\Yakult.Inventory.App.csproj]
C:\Users\russel.mercado\source\repos\Yakult-System-New\Yakult.Inventory.App\Pages\Invoice\ViewInvoiceDetailPage.xaml.cs(1635,13): error CS0103: The name 'DtpStartDate' does not exist in the current context [C:\Users\russel.mercado\source\repos\Yakult-System-New\Yakult.Inventory.App\Yakult.Inventory.App.csproj]
C:\Users\russel.mercado\source\repos\Yakult-System-New\Yakult.Inventory.App\Pages\Invoice\ViewInvoiceDetailPage.xaml.cs(1636,13): error CS0103: The name 'DtpEndDate' does not exist in the current context [C:\Users\russel.mercado\source\repos\Yakult-System-New\Yakult.Inventory.App\Yakult.Inventory.App.csproj]
C:\Users\russel.mercado\source\repos\Yakult-System-New\Yakult.Inventory.App\Pages\Invoice\ViewInvoiceDetailPage.xaml.cs(1637,13): error CS0103: The name 'ChkOverrideLineItemDates' does not exist in the current context [C:\Users\russel.mercado\source\repos\Yakult-System-New\Yakult.Inventory.App\Yakult.Inventory.App.csproj]
C:\Users\russel.mercado\source\repos\Yakult-System-New\Yakult.Inventory.App\Pages\Invoice\ViewInvoiceDetailPage.xaml.cs(1638,13): error CS0103: The name 'TxtSubtotal' does not exist in the current context [C:\Users\russel.mercado\source\repos\Yakult-System-New\Yakult.Inventory.App\Yakult.Inventory.App.csproj]
C:\Users\russel.mercado\source\repos\Yakult-System-New\Yakult.Inventory.App\Pages\Invoice\ViewInvoiceDetailPage.xaml.cs(1639,13): error CS0103: The name 'TxtVatAmount' does not exist in the current context [C:\Users\russel.mercado\source\repos\Yakult-System-New\Yakult.Inventory.App\Yakult.Inventory.App.csproj]
C:\Users\russel.mercado\source\repos\Yakult-System-New\Yakult.Inventory.App\Pages\Invoice\ViewInvoiceDetailPage.xaml.cs(1640,13): error CS0103: The name 'TxtWhtAmount' does not exist in the current context [C:\Users\russel.mercado\source\repos\Yakult-System-New\Yakult.Inventory.App\Yakult.Inventory.App.csproj]
C:\Users\russel.mercado\source\repos\Yakult-System-New\Yakult.Inventory.App\Pages\Invoice\ViewInvoiceDetailPage.xaml.cs(1641,13): error CS0103: The name 'TxtDiscountAmount' does not exist in the current context [C:\Users\russel.mercado\source\repos\Yakult-System-New\Yakult.Inventory.App\Yakult.Inventory.App.csproj]
C:\Users\russel.mercado\source\repos\Yakult-System-New\Yakult.Inventory.App\Pages\Invoice\ViewInvoiceDetailPage.xaml.cs(1642,13): error CS0103: The name 'TxtTotalAmountDue' does not exist in the current context [C:\Users\russel.mercado\source\repos\Yakult-System-New\Yakult.Inventory.App\Yakult.Inventory.App.csproj]
C:\Users\russel.mercado\source\repos\Yakult-System-New\Yakult.Inventory.App\Pages\Invoice\ViewInvoiceDetailPage.xaml.cs(1643,13): error CS0103: The name 'TxtRemarks' does not exist in the current context [C:\Users\russel.mercado\source\repos\Yakult-System-New\Yakult.Inventory.App\Yakult.Inventory.App.csproj]
C:\Users\russel.mercado\source\repos\Yakult-System-New\Yakult.Inventory.App\Pages\Invoice\ViewInvoiceDetailPage.xaml.cs(1645,13): error CS0103: The name 'BtnEdit' does not exist in the current context [C:\Users\russel.mercado\source\repos\Yakult-System-New\Yakult.Inventory.App\Yakult.Inventory.App.csproj]
C:\Users\russel.mercado\source\repos\Yakult-System-New\Yakult.Inventory.App\Pages\Invoice\ViewInvoiceDetailPage.xaml.cs(1646,13): error CS0103: The name 'BtnBulkAddItems' does not exist in the current context [C:\Users\russel.mercado\source\repos\Yakult-System-New\Yakult.Inventory.App\Yakult.Inventory.App.csproj]
C:\Users\russel.mercado\source\repos\Yakult-System-New\Yakult.Inventory.App\Pages\Invoice\ViewInvoiceDetailPage.xaml.cs(1647,13): error CS0103: The name 'BtnConvertToSubType' does not exist in the current context [C:\Users\russel.mercado\source\repos\Yakult-System-New\Yakult.Inventory.App\Yakult.Inventory.App.csproj]
C:\Users\russel.mercado\source\repos\Yakult-System-New\Yakult.Inventory.App\Pages\Invoice\ViewInvoiceDetailPage.xaml.cs(1648,13): error CS0103: The name 'BtnConvertToParentTag' does not exist in the current context [C:\Users\russel.mercado\source\repos\Yakult-System-New\Yakult.Inventory.App\Yakult.Inventory.App.csproj]
C:\Users\russel.mercado\source\repos\Yakult-System-New\Yakult.Inventory.App\Pages\Invoice\ViewInvoiceDetailPage.xaml.cs(1649,13): error CS0103: The name 'BtnDeleteRow' does not exist in the current context [C:\Users\russel.mercado\source\repos\Yakult-System-New\Yakult.Inventory.App\Yakult.Inventory.App.csproj]
C:\Users\russel.mercado\source\repos\Yakult-System-New\Yakult.Inventory.App\Pages\Invoice\ViewInvoiceDetailPage.xaml.cs(1650,13): error CS0103: The name 'BtnSave' does not exist in the current context [C:\Users\russel.mercado\source\repos\Yakult-System-New\Yakult.Inventory.App\Yakult.Inventory.App.csproj]
C:\Users\russel.mercado\source\repos\Yakult-System-New\Yakult.Inventory.App\Pages\Invoice\ViewInvoiceDetailPage.xaml.cs(1651,13): error CS0103: The name 'BtnCancel' does not exist in the current context [C:\Users\russel.mercado\source\repos\Yakult-System-New\Yakult.Inventory.App\Yakult.Inventory.App.csproj]
C:\Users\russel.mercado\source\repos\Yakult-System-New\Yakult.Inventory.App\Pages\Invoice\ViewInvoiceDetailPage.xaml.cs(1652,13): error CS0103: The name 'BtnSaveFinancials' does not exist in the current context [C:\Users\russel.mercado\source\repos\Yakult-System-New\Yakult.Inventory.App\Yakult.Inventory.App.csproj]
C:\Users\russel.mercado\source\repos\Yakult-System-New\Yakult.Inventory.App\Pages\Invoice\BatchAddInvoiceItemsDialog.xaml.cs(372,27): error CS0103: The name 'CmbSubType' does not exist in the current context [C:\Users\russel.mercado\source\repos\Yakult-System-New\Yakult.Inventory.App\Yakult.Inventory.App.csproj]
C:\Users\russel.mercado\source\repos\Yakult-System-New\Yakult.Inventory.App\Pages\Invoice\BatchAddInvoiceItemsDialog.xaml.cs(376,59): error CS0103: The name 'TxtReferenceCode' does not exist in the current context [C:\Users\russel.mercado\source\repos\Yakult-System-New\Yakult.Inventory.App\Yakult.Inventory.App.csproj]
C:\Users\russel.mercado\source\repos\Yakult-System-New\Yakult.Inventory.App\Pages\Invoice\BatchAddInvoiceItemsDialog.xaml.cs(376,91): error CS0103: The name 'TxtReferenceCode' does not exist in the current context [C:\Users\russel.mercado\source\repos\Yakult-System-New\Yakult.Inventory.App\Yakult.Inventory.App.csproj]
C:\Users\russel.mercado\source\repos\Yakult-System-New\Yakult.Inventory.App\Pages\Invoice\BatchAddInvoiceItemsDialog.xaml.cs(377,29): error CS0103: The name 'DtpStart' does not exist in the current context [C:\Users\russel.mercado\source\repos\Yakult-System-New\Yakult.Inventory.App\Yakult.Inventory.App.csproj]
C:\Users\russel.mercado\source\repos\Yakult-System-New\Yakult.Inventory.App\Pages\Invoice\BatchAddInvoiceItemsDialog.xaml.cs(378,27): error CS0103: The name 'DtpEnd' does not exist in the current context [C:\Users\russel.mercado\source\repos\Yakult-System-New\Yakult.Inventory.App\Yakult.Inventory.App.csproj]
C:\Users\russel.mercado\source\repos\Yakult-System-New\Yakult.Inventory.App\Pages\Employee\EmployeeDialog.xaml.cs(48,13): error CS0103: The name 'InitializeComponent' does not exist in the current context [C:\Users\russel.mercado\source\repos\Yakult-System-New\Yakult.Inventory.App\Yakult.Inventory.App.csproj]
C:\Users\russel.mercado\source\repos\Yakult-System-New\Yakult.Inventory.App\Pages\Employee\EmployeeDialog.xaml.cs(63,41): error CS0103: The name 'CmbCompany' does not exist in the current context [C:\Users\russel.mercado\source\repos\Yakult-System-New\Yakult.Inventory.App\Yakult.Inventory.App.csproj]
C:\Users\russel.mercado\source\repos\Yakult-System-New\Yakult.Inventory.App\Pages\Employee\EmployeeDialog.xaml.cs(63,53): error CS0103: The name 'CmbDepartment' does not exist in the current context [C:\Users\russel.mercado\source\repos\Yakult-System-New\Yakult.Inventory.App\Yakult.Inventory.App.csproj]
C:\Users\russel.mercado\source\repos\Yakult-System-New\Yakult.Inventory.App\Pages\Employee\EmployeeDialog.xaml.cs(64,41): error CS0103: The name 'CmbDepartment' does not exist in the current context [C:\Users\russel.mercado\source\repos\Yakult-System-New\Yakult.Inventory.App\Yakult.Inventory.App.csproj]
C:\Users\russel.mercado\source\repos\Yakult-System-New\Yakult.Inventory.App\Pages\Employee\EmployeeDialog.xaml.cs(64,56): error CS0103: The name 'CmbBranch' does not exist in the current context [C:\Users\russel.mercado\source\repos\Yakult-System-New\Yakult.Inventory.App\Yakult.Inventory.App.csproj]
C:\Users\russel.mercado\source\repos\Yakult-System-New\Yakult.Inventory.App\Pages\Employee\EmployeeDialog.xaml.cs(65,41): error CS0103: The name 'CmbBranch' does not exist in the current context [C:\Users\russel.mercado\source\repos\Yakult-System-New\Yakult.Inventory.App\Yakult.Inventory.App.csproj]
C:\Users\russel.mercado\source\repos\Yakult-System-New\Yakult.Inventory.App\Pages\Employee\EmployeeDialog.xaml.cs(65,52): error CS0103: The name 'CmbPosition' does not exist in the current context [C:\Users\russel.mercado\source\repos\Yakult-System-New\Yakult.Inventory.App\Yakult.Inventory.App.csproj]
C:\Users\russel.mercado\source\repos\Yakult-System-New\Yakult.Inventory.App\Pages\Employee\EmployeeDialog.xaml.cs(66,41): error CS0103: The name 'CmbPosition' does not exist in the current context [C:\Users\russel.mercado\source\repos\Yakult-System-New\Yakult.Inventory.App\Yakult.Inventory.App.csproj]
C:\Users\russel.mercado\source\repos\Yakult-System-New\Yakult.Inventory.App\Pages\Employee\EmployeeDialog.xaml.cs(72,13): error CS0103: The name 'CmbPosition' does not exist in the current context [C:\Users\russel.mercado\source\repos\Yakult-System-New\Yakult.Inventory.App\Yakult.Inventory.App.csproj]
C:\Users\russel.mercado\source\repos\Yakult-System-New\Yakult.Inventory.App\Pages\Employee\EmployeeDialog.xaml.cs(90,17): error CS0103: The name 'TxtCreatedBy' does not exist in the current context [C:\Users\russel.mercado\source\repos\Yakult-System-New\Yakult.Inventory.App\Yakult.Inventory.App.csproj]
C:\Users\russel.mercado\source\repos\Yakult-System-New\Yakult.Inventory.App\Pages\Employee\EmployeeDialog.xaml.cs(91,17): error CS0103: The name 'DpCreated' does not exist in the current context [C:\Users\russel.mercado\source\repos\Yakult-System-New\Yakult.Inventory.App\Yakult.Inventory.App.csproj]
C:\Users\russel.mercado\source\repos\Yakult-System-New\Yakult.Inventory.App\Pages\Employee\EmployeeDialog.xaml.cs(98,13): error CS0103: The name 'HeaderTitle' does not exist in the current context [C:\Users\russel.mercado\source\repos\Yakult-System-New\Yakult.Inventory.App\Yakult.Inventory.App.csproj]
C:\Users\russel.mercado\source\repos\Yakult-System-New\Yakult.Inventory.App\Pages\Employee\EmployeeDialog.xaml.cs(99,13): error CS0103: The name 'InfoBanner' does not exist in the current context [C:\Users\russel.mercado\source\repos\Yakult-System-New\Yakult.Inventory.App\Yakult.Inventory.App.csproj]
C:\Users\russel.mercado\source\repos\Yakult-System-New\Yakult.Inventory.App\Pages\Employee\EmployeeDialog.xaml.cs(104,13): error CS0103: The name 'SectionStatus' does not exist in the current context [C:\Users\russel.mercado\source\repos\Yakult-System-New\Yakult.Inventory.App\Yakult.Inventory.App.csproj]
C:\Users\russel.mercado\source\repos\Yakult-System-New\Yakult.Inventory.App\Pages\Employee\EmployeeDialog.xaml.cs(181,13): error CS0103: The name 'BtnMaximizeGlyph' does not exist in the current context [C:\Users\russel.mercado\source\repos\Yakult-System-New\Yakult.Inventory.App\Yakult.Inventory.App.csproj]
C:\Users\russel.mercado\source\repos\Yakult-System-New\Yakult.Inventory.App\Pages\Invoice\ViewInvoiceDetailPage.xaml.cs(1860,19): error CS0103: The name 'DgvItems' does not exist in the current context [C:\Users\russel.mercado\source\repos\Yakult-System-New\Yakult.Inventory.App\Yakult.Inventory.App.csproj]
C:\Users\russel.mercado\source\repos\Yakult-System-New\Yakult.Inventory.App\Pages\Invoice\ViewInvoiceDetailPage.xaml.cs(2050,35): error CS0103: The name 'CmbCompany' does not exist in the current context [C:\Users\russel.mercado\source\repos\Yakult-System-New\Yakult.Inventory.App\Yakult.Inventory.App.csproj]
C:\Users\russel.mercado\source\repos\Yakult-System-New\Yakult.Inventory.App\Pages\Invoice\ViewInvoiceDetailPage.xaml.cs(2050,71): error CS0103: The name 'CmbCompany' does not exist in the current context [C:\Users\russel.mercado\source\repos\Yakult-System-New\Yakult.Inventory.App\Yakult.Inventory.App.csproj]
C:\Users\russel.mercado\source\repos\Yakult-System-New\Yakult.Inventory.App\Pages\Invoice\ViewInvoiceDetailPage.xaml.cs(2051,45): error CS0103: The name 'CmbCompany' does not exist in the current context [C:\Users\russel.mercado\source\repos\Yakult-System-New\Yakult.Inventory.App\Yakult.Inventory.App.csproj]
C:\Users\russel.mercado\source\repos\Yakult-System-New\Yakult.Inventory.App\Pages\Invoice\ViewInvoiceDetailPage.xaml.cs(2053,39): error CS0103: The name 'CmbDistributor' does not exist in the current context [C:\Users\russel.mercado\source\repos\Yakult-System-New\Yakult.Inventory.App\Yakult.Inventory.App.csproj]
C:\Users\russel.mercado\source\repos\Yakult-System-New\Yakult.Inventory.App\Pages\Invoice\ViewInvoiceDetailPage.xaml.cs(2053,79): error CS0103: The name 'CmbDistributor' does not exist in the current context [C:\Users\russel.mercado\source\repos\Yakult-System-New\Yakult.Inventory.App\Yakult.Inventory.App.csproj]
C:\Users\russel.mercado\source\repos\Yakult-System-New\Yakult.Inventory.App\Pages\Invoice\ViewInvoiceDetailPage.xaml.cs(2054,45): error CS0103: The name 'CmbDistributor' does not exist in the current context [C:\Users\russel.mercado\source\repos\Yakult-System-New\Yakult.Inventory.App\Yakult.Inventory.App.csproj]
C:\Users\russel.mercado\source\repos\Yakult-System-New\Yakult.Inventory.App\Pages\Invoice\ViewInvoiceDetailPage.xaml.cs(2056,41): error CS0103: The name 'CmbSiteBranch' does not exist in the current context [C:\Users\russel.mercado\source\repos\Yakult-System-New\Yakult.Inventory.App\Yakult.Inventory.App.csproj]
C:\Users\russel.mercado\source\repos\Yakult-System-New\Yakult.Inventory.App\Pages\Invoice\ViewInvoiceDetailPage.xaml.cs(2056,80): error CS0103: The name 'CmbSiteBranch' does not exist in the current context [C:\Users\russel.mercado\source\repos\Yakult-System-New\Yakult.Inventory.App\Yakult.Inventory.App.csproj]
C:\Users\russel.mercado\source\repos\Yakult-System-New\Yakult.Inventory.App\Pages\Invoice\ViewInvoiceDetailPage.xaml.cs(2057,45): error CS0103: The name 'CmbSiteBranch' does not exist in the current context [C:\Users\russel.mercado\source\repos\Yakult-System-New\Yakult.Inventory.App\Yakult.Inventory.App.csproj]
C:\Users\russel.mercado\source\repos\Yakult-System-New\Yakult.Inventory.App\Pages\Invoice\ViewInvoiceDetailPage.xaml.cs(2059,45): error CS0103: The name 'CmbSiteDepartment' does not exist in the current context [C:\Users\russel.mercado\source\repos\Yakult-System-New\Yakult.Inventory.App\Yakult.Inventory.App.csproj]
C:\Users\russel.mercado\source\repos\Yakult-System-New\Yakult.Inventory.App\Pages\Invoice\ViewInvoiceDetailPage.xaml.cs(2059,88): error CS0103: The name 'CmbSiteDepartment' does not exist in the current context [C:\Users\russel.mercado\source\repos\Yakult-System-New\Yakult.Inventory.App\Yakult.Inventory.App.csproj]
C:\Users\russel.mercado\source\repos\Yakult-System-New\Yakult.Inventory.App\Pages\Invoice\ViewInvoiceDetailPage.xaml.cs(2060,45): error CS0103: The name 'CmbSiteDepartment' does not exist in the current context [C:\Users\russel.mercado\source\repos\Yakult-System-New\Yakult.Inventory.App\Yakult.Inventory.App.csproj]
C:\Users\russel.mercado\source\repos\Yakult-System-New\Yakult.Inventory.App\Pages\Invoice\ViewInvoiceDetailPage.xaml.cs(2062,47): error CS0103: The name 'CmbRequestedBy' does not exist in the current context [C:\Users\russel.mercado\source\repos\Yakult-System-New\Yakult.Inventory.App\Yakult.Inventory.App.csproj]
C:\Users\russel.mercado\source\repos\Yakult-System-New\Yakult.Inventory.App\Pages\Invoice\ViewInvoiceDetailPage.xaml.cs(2062,87): error CS0103: The name 'CmbRequestedBy' does not exist in the current context [C:\Users\russel.mercado\source\repos\Yakult-System-New\Yakult.Inventory.App\Yakult.Inventory.App.csproj]
C:\Users\russel.mercado\source\repos\Yakult-System-New\Yakult.Inventory.App\Pages\Invoice\ViewInvoiceDetailPage.xaml.cs(2063,45): error CS0103: The name 'CmbRequestedBy' does not exist in the current context [C:\Users\russel.mercado\source\repos\Yakult-System-New\Yakult.Inventory.App\Yakult.Inventory.App.csproj]
C:\Users\russel.mercado\source\repos\Yakult-System-New\Yakult.Inventory.App\Pages\Invoice\ViewInvoiceDetailPage.xaml.cs(2079,33): error CS0103: The name 'CmbStatus' does not exist in the current context [C:\Users\russel.mercado\source\repos\Yakult-System-New\Yakult.Inventory.App\Yakult.Inventory.App.csproj]
C:\Users\russel.mercado\source\repos\Yakult-System-New\Yakult.Inventory.App\Pages\Invoice\ViewInvoiceDetailPage.xaml.cs(2079,72): error CS0103: The name 'CmbStatus' does not exist in the current context [C:\Users\russel.mercado\source\repos\Yakult-System-New\Yakult.Inventory.App\Yakult.Inventory.App.csproj]
C:\Users\russel.mercado\source\repos\Yakult-System-New\Yakult.Inventory.App\Pages\Invoice\ViewInvoiceDetailPage.xaml.cs(2081,39): error CS0103: The name 'DtpStartDate' does not exist in the current context [C:\Users\russel.mercado\source\repos\Yakult-System-New\Yakult.Inventory.App\Yakult.Inventory.App.csproj]
C:\Users\russel.mercado\source\repos\Yakult-System-New\Yakult.Inventory.App\Pages\Invoice\ViewInvoiceDetailPage.xaml.cs(2082,37): error CS0103: The name 'DtpEndDate' does not exist in the current context [C:\Users\russel.mercado\source\repos\Yakult-System-New\Yakult.Inventory.App\Yakult.Inventory.App.csproj]
C:\Users\russel.mercado\source\repos\Yakult-System-New\Yakult.Inventory.App\Pages\Invoice\ViewInvoiceDetailPage.xaml.cs(2084,39): error CS0103: The name 'TxtSubtotal' does not exist in the current context [C:\Users\russel.mercado\source\repos\Yakult-System-New\Yakult.Inventory.App\Yakult.Inventory.App.csproj]
C:\Users\russel.mercado\source\repos\Yakult-System-New\Yakult.Inventory.App\Pages\Invoice\ViewInvoiceDetailPage.xaml.cs(2088,21): error CS0103: The name 'TxtSubtotal' does not exist in the current context [C:\Users\russel.mercado\source\repos\Yakult-System-New\Yakult.Inventory.App\Yakult.Inventory.App.csproj]
C:\Users\russel.mercado\source\repos\Yakult-System-New\Yakult.Inventory.App\Pages\Invoice\ViewInvoiceDetailPage.xaml.cs(2102,21): error CS0103: The name 'TxtDocumentNumber' does not exist in the current context [C:\Users\russel.mercado\source\repos\Yakult-System-New\Yakult.Inventory.App\Yakult.Inventory.App.csproj]
C:\Users\russel.mercado\source\repos\Yakult-System-New\Yakult.Inventory.App\Pages\Invoice\ViewInvoiceDetailPage.xaml.cs(2103,21): error CS0103: The name 'TxtReferenceNumber' does not exist in the current context [C:\Users\russel.mercado\source\repos\Yakult-System-New\Yakult.Inventory.App\Yakult.Inventory.App.csproj]
C:\Users\russel.mercado\source\repos\Yakult-System-New\Yakult.Inventory.App\Pages\Invoice\ViewInvoiceDetailPage.xaml.cs(2104,21): error CS0103: The name 'TxtSite' does not exist in the current context [C:\Users\russel.mercado\source\repos\Yakult-System-New\Yakult.Inventory.App\Yakult.Inventory.App.csproj]
C:\Users\russel.mercado\source\repos\Yakult-System-New\Yakult.Inventory.App\Pages\Invoice\ViewInvoiceDetailPage.xaml.cs(2116,21): error CS0103: The name 'TxtRemarks' does not exist in the current context [C:\Users\russel.mercado\source\repos\Yakult-System-New\Yakult.Inventory.App\Yakult.Inventory.App.csproj]
C:\Users\russel.mercado\source\repos\Yakult-System-New\Yakult.Inventory.App\Pages\Invoice\ViewInvoiceDetailPage.xaml.cs(2154,25): error CS0103: The name 'ChkOverrideLineItemDates' does not exist in the current context [C:\Users\russel.mercado\source\repos\Yakult-System-New\Yakult.Inventory.App\Yakult.Inventory.App.csproj]
C:\Users\russel.mercado\source\repos\Yakult-System-New\Yakult.Inventory.App\Pages\Invoice\ViewInvoiceDetailPage.xaml.cs(2222,43): error CS0103: The name 'TxtDocumentNumber' does not exist in the current context [C:\Users\russel.mercado\source\repos\Yakult-System-New\Yakult.Inventory.App\Yakult.Inventory.App.csproj]
C:\Users\russel.mercado\source\repos\Yakult-System-New\Yakult.Inventory.App\Pages\Invoice\ViewInvoiceDetailPage.xaml.cs(2226,17): error CS0103: The name 'TxtDocumentNumber' does not exist in the current context [C:\Users\russel.mercado\source\repos\Yakult-System-New\Yakult.Inventory.App\Yakult.Inventory.App.csproj]
C:\Users\russel.mercado\source\repos\Yakult-System-New\Yakult.Inventory.App\Pages\Invoice\ViewInvoiceDetailPage.xaml.cs(2230,35): error CS0103: The name 'TxtSubtotal' does not exist in the current context [C:\Users\russel.mercado\source\repos\Yakult-System-New\Yakult.Inventory.App\Yakult.Inventory.App.csproj]
C:\Users\russel.mercado\source\repos\Yakult-System-New\Yakult.Inventory.App\Pages\Invoice\ViewInvoiceDetailPage.xaml.cs(2234,17): error CS0103: The name 'TxtSubtotal' does not exist in the current context [C:\Users\russel.mercado\source\repos\Yakult-System-New\Yakult.Inventory.App\Yakult.Inventory.App.csproj]
C:\Users\russel.mercado\source\repos\Yakult-System-New\Yakult.Inventory.App\Pages\Invoice\ViewInvoiceDetailPage.xaml.cs(2238,35): error CS0103: The name 'TxtVatAmount' does not exist in the current context [C:\Users\russel.mercado\source\repos\Yakult-System-New\Yakult.Inventory.App\Yakult.Inventory.App.csproj]
C:\Users\russel.mercado\source\repos\Yakult-System-New\Yakult.Inventory.App\Pages\Invoice\ViewInvoiceDetailPage.xaml.cs(2242,17): error CS0103: The name 'TxtVatAmount' does not exist in the current context [C:\Users\russel.mercado\source\repos\Yakult-System-New\Yakult.Inventory.App\Yakult.Inventory.App.csproj]
C:\Users\russel.mercado\source\repos\Yakult-System-New\Yakult.Inventory.App\Pages\Invoice\ViewInvoiceDetailPage.xaml.cs(2246,35): error CS0103: The name 'TxtTotalAmountDue' does not exist in the current context [C:\Users\russel.mercado\source\repos\Yakult-System-New\Yakult.Inventory.App\Yakult.Inventory.App.csproj]
C:\Users\russel.mercado\source\repos\Yakult-System-New\Yakult.Inventory.App\Pages\Invoice\ViewInvoiceDetailPage.xaml.cs(2250,17): error CS0103: The name 'TxtTotalAmountDue' does not exist in the current context [C:\Users\russel.mercado\source\repos\Yakult-System-New\Yakult.Inventory.App\Yakult.Inventory.App.csproj]
C:\Users\russel.mercado\source\repos\Yakult-System-New\Yakult.Inventory.App\Pages\Invoice\ViewInvoiceDetailPage.xaml.cs(2275,17): error CS0103: The name 'TxtTotalAmountDue' does not exist in the current context [C:\Users\russel.mercado\source\repos\Yakult-System-New\Yakult.Inventory.App\Yakult.Inventory.App.csproj]
C:\Users\russel.mercado\source\repos\Yakult-System-New\Yakult.Inventory.App\Pages\Invoice\ViewInvoiceDetailPage.xaml.cs(2301,35): error CS0103: The name 'TxtSubtotal' does not exist in the current context [C:\Users\russel.mercado\source\repos\Yakult-System-New\Yakult.Inventory.App\Yakult.Inventory.App.csproj]
C:\Users\russel.mercado\source\repos\Yakult-System-New\Yakult.Inventory.App\Pages\Invoice\ViewInvoiceDetailPage.xaml.cs(2307,35): error CS0103: The name 'TxtVatAmount' does not exist in the current context [C:\Users\russel.mercado\source\repos\Yakult-System-New\Yakult.Inventory.App\Yakult.Inventory.App.csproj]
C:\Users\russel.mercado\source\repos\Yakult-System-New\Yakult.Inventory.App\Pages\Invoice\ViewInvoiceDetailPage.xaml.cs(2313,35): error CS0103: The name 'TxtDiscountAmount' does not exist in the current context [C:\Users\russel.mercado\source\repos\Yakult-System-New\Yakult.Inventory.App\Yakult.Inventory.App.csproj]
C:\Users\russel.mercado\source\repos\Yakult-System-New\Yakult.Inventory.App\Pages\Invoice\ViewInvoiceDetailPage.xaml.cs(2316,35): error CS0103: The name 'TxtWhtAmount' does not exist in the current context [C:\Users\russel.mercado\source\repos\Yakult-System-New\Yakult.Inventory.App\Yakult.Inventory.App.csproj]
C:\Users\russel.mercado\source\repos\Yakult-System-New\Yakult.Inventory.App\Pages\Employee\EmployeeDialog.xaml.cs(459,13): error CS0103: The name 'CmbCompany' does not exist in the current context [C:\Users\russel.mercado\source\repos\Yakult-System-New\Yakult.Inventory.App\Yakult.Inventory.App.csproj]
C:\Users\russel.mercado\source\repos\Yakult-System-New\Yakult.Inventory.App\Pages\Employee\EmployeeDialog.xaml.cs(462,13): error CS0103: The name 'CmbCompany' does not exist in the current context [C:\Users\russel.mercado\source\repos\Yakult-System-New\Yakult.Inventory.App\Yakult.Inventory.App.csproj]
C:\Users\russel.mercado\source\repos\Yakult-System-New\Yakult.Inventory.App\Pages\Employee\EmployeeDialog.xaml.cs(503,33): error CS0103: The name 'CmbCompany' does not exist in the current context [C:\Users\russel.mercado\source\repos\Yakult-System-New\Yakult.Inventory.App\Yakult.Inventory.App.csproj]
C:\Users\russel.mercado\source\repos\Yakult-System-New\Yakult.Inventory.App\Pages\Employee\EmployeeDialog.xaml.cs(509,21): error CS0103: The name 'CmbCompany' does not exist in the current context [C:\Users\russel.mercado\source\repos\Yakult-System-New\Yakult.Inventory.App\Yakult.Inventory.App.csproj]
C:\Users\russel.mercado\source\repos\Yakult-System-New\Yakult.Inventory.App\Pages\Employee\EmployeeDialog.xaml.cs(510,21): error CS0103: The name 'CmbCompany' does not exist in the current context [C:\Users\russel.mercado\source\repos\Yakult-System-New\Yakult.Inventory.App\Yakult.Inventory.App.csproj]
C:\Users\russel.mercado\source\repos\Yakult-System-New\Yakult.Inventory.App\Pages\Employee\EmployeeDialog.xaml.cs(512,17): error CS0103: The name 'CmbCompany' does not exist in the current context [C:\Users\russel.mercado\source\repos\Yakult-System-New\Yakult.Inventory.App\Yakult.Inventory.App.csproj]
C:\Users\russel.mercado\source\repos\Yakult-System-New\Yakult.Inventory.App\Pages\Employee\EmployeeDialog.xaml.cs(512,34): error CS0103: The name 'CmbCompany' does not exist in the current context [C:\Users\russel.mercado\source\repos\Yakult-System-New\Yakult.Inventory.App\Yakult.Inventory.App.csproj]
C:\Users\russel.mercado\source\repos\Yakult-System-New\Yakult.Inventory.App\Pages\Employee\EmployeeDialog.xaml.cs(523,13): error CS0103: The name 'CmbTitle' does not exist in the current context [C:\Users\russel.mercado\source\repos\Yakult-System-New\Yakult.Inventory.App\Yakult.Inventory.App.csproj]
C:\Users\russel.mercado\source\repos\Yakult-System-New\Yakult.Inventory.App\Pages\Employee\EmployeeDialog.xaml.cs(524,13): error CS0103: The name 'CmbTitle' does not exist in the current context [C:\Users\russel.mercado\source\repos\Yakult-System-New\Yakult.Inventory.App\Yakult.Inventory.App.csproj]
C:\Users\russel.mercado\source\repos\Yakult-System-New\Yakult.Inventory.App\Pages\Employee\EmployeeDialog.xaml.cs(539,29): error CS0103: The name 'CmbTitle' does not exist in the current context [C:\Users\russel.mercado\source\repos\Yakult-System-New\Yakult.Inventory.App\Yakult.Inventory.App.csproj]
C:\Users\russel.mercado\source\repos\Yakult-System-New\Yakult.Inventory.App\Pages\Employee\EmployeeDialog.xaml.cs(548,17): error CS0103: The name 'CmbTitle' does not exist in the current context [C:\Users\russel.mercado\source\repos\Yakult-System-New\Yakult.Inventory.App\Yakult.Inventory.App.csproj]
C:\Users\russel.mercado\source\repos\Yakult-System-New\Yakult.Inventory.App\Pages\Employee\EmployeeDialog.xaml.cs(559,13): error CS0103: The name 'CmbPosition' does not exist in the current context [C:\Users\russel.mercado\source\repos\Yakult-System-New\Yakult.Inventory.App\Yakult.Inventory.App.csproj]
C:\Users\russel.mercado\source\repos\Yakult-System-New\Yakult.Inventory.App\Pages\Employee\EmployeeDialog.xaml.cs(562,13): error CS0103: The name 'CmbPosition' does not exist in the current context [C:\Users\russel.mercado\source\repos\Yakult-System-New\Yakult.Inventory.App\Yakult.Inventory.App.csproj]
C:\Users\russel.mercado\source\repos\Yakult-System-New\Yakult.Inventory.App\Pages\Employee\EmployeeDialog.xaml.cs(582,29): error CS0103: The name 'CmbPosition' does not exist in the current context [C:\Users\russel.mercado\source\repos\Yakult-System-New\Yakult.Inventory.App\Yakult.Inventory.App.csproj]
C:\Users\russel.mercado\source\repos\Yakult-System-New\Yakult.Inventory.App\Pages\Employee\EmployeeDialog.xaml.cs(587,21): error CS0103: The name 'CmbPosition' does not exist in the current context [C:\Users\russel.mercado\source\repos\Yakult-System-New\Yakult.Inventory.App\Yakult.Inventory.App.csproj]
C:\Users\russel.mercado\source\repos\Yakult-System-New\Yakult.Inventory.App\Pages\Employee\EmployeeDialog.xaml.cs(588,21): error CS0103: The name 'CmbPosition' does not exist in the current context [C:\Users\russel.mercado\source\repos\Yakult-System-New\Yakult.Inventory.App\Yakult.Inventory.App.csproj]
C:\Users\russel.mercado\source\repos\Yakult-System-New\Yakult.Inventory.App\Pages\Employee\EmployeeDialog.xaml.cs(590,17): error CS0103: The name 'CmbPosition' does not exist in the current context [C:\Users\russel.mercado\source\repos\Yakult-System-New\Yakult.Inventory.App\Yakult.Inventory.App.csproj]
C:\Users\russel.mercado\source\repos\Yakult-System-New\Yakult.Inventory.App\Pages\Employee\EmployeeDialog.xaml.cs(590,35): error CS0103: The name 'CmbPosition' does not exist in the current context [C:\Users\russel.mercado\source\repos\Yakult-System-New\Yakult.Inventory.App\Yakult.Inventory.App.csproj]
C:\Users\russel.mercado\source\repos\Yakult-System-New\Yakult.Inventory.App\Pages\Employee\EmployeeDialog.xaml.cs(601,13): error CS0103: The name 'CmbDepartment' does not exist in the current context [C:\Users\russel.mercado\source\repos\Yakult-System-New\Yakult.Inventory.App\Yakult.Inventory.App.csproj]
C:\Users\russel.mercado\source\repos\Yakult-System-New\Yakult.Inventory.App\Pages\Employee\EmployeeDialog.xaml.cs(604,13): error CS0103: The name 'CmbDepartment' does not exist in the current context [C:\Users\russel.mercado\source\repos\Yakult-System-New\Yakult.Inventory.App\Yakult.Inventory.App.csproj]
C:\Users\russel.mercado\source\repos\Yakult-System-New\Yakult.Inventory.App\Pages\Employee\EmployeeDialog.xaml.cs(644,33): error CS0103: The name 'CmbDepartment' does not exist in the current context [C:\Users\russel.mercado\source\repos\Yakult-System-New\Yakult.Inventory.App\Yakult.Inventory.App.csproj]
C:\Users\russel.mercado\source\repos\Yakult-System-New\Yakult.Inventory.App\Pages\Employee\EmployeeDialog.xaml.cs(650,21): error CS0103: The name 'CmbDepartment' does not exist in the current context [C:\Users\russel.mercado\source\repos\Yakult-System-New\Yakult.Inventory.App\Yakult.Inventory.App.csproj]
C:\Users\russel.mercado\source\repos\Yakult-System-New\Yakult.Inventory.App\Pages\Employee\EmployeeDialog.xaml.cs(651,21): error CS0103: The name 'CmbDepartment' does not exist in the current context [C:\Users\russel.mercado\source\repos\Yakult-System-New\Yakult.Inventory.App\Yakult.Inventory.App.csproj]
C:\Users\russel.mercado\source\repos\Yakult-System-New\Yakult.Inventory.App\Pages\Employee\EmployeeDialog.xaml.cs(653,17): error CS0103: The name 'CmbDepartment' does not exist in the current context [C:\Users\russel.mercado\source\repos\Yakult-System-New\Yakult.Inventory.App\Yakult.Inventory.App.csproj]
C:\Users\russel.mercado\source\repos\Yakult-System-New\Yakult.Inventory.App\Pages\Employee\EmployeeDialog.xaml.cs(653,37): error CS0103: The name 'CmbDepartment' does not exist in the current context [C:\Users\russel.mercado\source\repos\Yakult-System-New\Yakult.Inventory.App\Yakult.Inventory.App.csproj]
C:\Users\russel.mercado\source\repos\Yakult-System-New\Yakult.Inventory.App\Pages\Employee\EmployeeDialog.xaml.cs(664,13): error CS0103: The name 'CmbBranch' does not exist in the current context [C:\Users\russel.mercado\source\repos\Yakult-System-New\Yakult.Inventory.App\Yakult.Inventory.App.csproj]
C:\Users\russel.mercado\source\repos\Yakult-System-New\Yakult.Inventory.App\Pages\Employee\EmployeeDialog.xaml.cs(667,13): error CS0103: The name 'CmbBranch' does not exist in the current context [C:\Users\russel.mercado\source\repos\Yakult-System-New\Yakult.Inventory.App\Yakult.Inventory.App.csproj]
C:\Users\russel.mercado\source\repos\Yakult-System-New\Yakult.Inventory.App\Pages\Employee\EmployeeDialog.xaml.cs(706,33): error CS0103: The name 'CmbBranch' does not exist in the current context [C:\Users\russel.mercado\source\repos\Yakult-System-New\Yakult.Inventory.App\Yakult.Inventory.App.csproj]
C:\Users\russel.mercado\source\repos\Yakult-System-New\Yakult.Inventory.App\Pages\Employee\EmployeeDialog.xaml.cs(712,21): error CS0103: The name 'CmbBranch' does not exist in the current context [C:\Users\russel.mercado\source\repos\Yakult-System-New\Yakult.Inventory.App\Yakult.Inventory.App.csproj]
C:\Users\russel.mercado\source\repos\Yakult-System-New\Yakult.Inventory.App\Pages\Employee\EmployeeDialog.xaml.cs(713,21): error CS0103: The name 'CmbBranch' does not exist in the current context [C:\Users\russel.mercado\source\repos\Yakult-System-New\Yakult.Inventory.App\Yakult.Inventory.App.csproj]
C:\Users\russel.mercado\source\repos\Yakult-System-New\Yakult.Inventory.App\Pages\Employee\EmployeeDialog.xaml.cs(715,17): error CS0103: The name 'CmbBranch' does not exist in the current context [C:\Users\russel.mercado\source\repos\Yakult-System-New\Yakult.Inventory.App\Yakult.Inventory.App.csproj]
C:\Users\russel.mercado\source\repos\Yakult-System-New\Yakult.Inventory.App\Pages\Employee\EmployeeDialog.xaml.cs(715,33): error CS0103: The name 'CmbBranch' does not exist in the current context [C:\Users\russel.mercado\source\repos\Yakult-System-New\Yakult.Inventory.App\Yakult.Inventory.App.csproj]
C:\Users\russel.mercado\source\repos\Yakult-System-New\Yakult.Inventory.App\Pages\Employee\EmployeeDialog.xaml.cs(730,24): error CS0103: The name 'CmbCompany' does not exist in the current context [C:\Users\russel.mercado\source\repos\Yakult-System-New\Yakult.Inventory.App\Yakult.Inventory.App.csproj]
C:\Users\russel.mercado\source\repos\Yakult-System-New\Yakult.Inventory.App\Pages\Employee\EmployeeDialog.xaml.cs(731,13): error CS0103: The name 'LblCompanyWarning' does not exist in the current context [C:\Users\russel.mercado\source\repos\Yakult-System-New\Yakult.Inventory.App\Yakult.Inventory.App.csproj]
C:\Users\russel.mercado\source\repos\Yakult-System-New\Yakult.Inventory.App\Pages\Employee\EmployeeDialog.xaml.cs(737,24): error CS0103: The name 'CmbDepartment' does not exist in the current context [C:\Users\russel.mercado\source\repos\Yakult-System-New\Yakult.Inventory.App\Yakult.Inventory.App.csproj]
C:\Users\russel.mercado\source\repos\Yakult-System-New\Yakult.Inventory.App\Pages\Employee\EmployeeDialog.xaml.cs(738,13): error CS0103: The name 'LblDepartmentWarning' does not exist in the current context [C:\Users\russel.mercado\source\repos\Yakult-System-New\Yakult.Inventory.App\Yakult.Inventory.App.csproj]
C:\Users\russel.mercado\source\repos\Yakult-System-New\Yakult.Inventory.App\Pages\Employee\EmployeeDialog.xaml.cs(744,24): error CS0103: The name 'CmbBranch' does not exist in the current context [C:\Users\russel.mercado\source\repos\Yakult-System-New\Yakult.Inventory.App\Yakult.Inventory.App.csproj]
C:\Users\russel.mercado\source\repos\Yakult-System-New\Yakult.Inventory.App\Pages\Employee\EmployeeDialog.xaml.cs(745,13): error CS0103: The name 'LblBranchWarning' does not exist in the current context [C:\Users\russel.mercado\source\repos\Yakult-System-New\Yakult.Inventory.App\Yakult.Inventory.App.csproj]
C:\Users\russel.mercado\source\repos\Yakult-System-New\Yakult.Inventory.App\Pages\Employee\EmployeeDialog.xaml.cs(755,13): error CS0103: The name 'TxtName' does not exist in the current context [C:\Users\russel.mercado\source\repos\Yakult-System-New\Yakult.Inventory.App\Yakult.Inventory.App.csproj]
C:\Users\russel.mercado\source\repos\Yakult-System-New\Yakult.Inventory.App\Pages\Employee\EmployeeDialog.xaml.cs(756,13): error CS0103: The name 'TxtEmployeeNumber' does not exist in the current context [C:\Users\russel.mercado\source\repos\Yakult-System-New\Yakult.Inventory.App\Yakult.Inventory.App.csproj]
C:\Users\russel.mercado\source\repos\Yakult-System-New\Yakult.Inventory.App\Pages\Employee\EmployeeDialog.xaml.cs(762,26): error CS0103: The name 'CmbPosition' does not exist in the current context [C:\Users\russel.mercado\source\repos\Yakult-System-New\Yakult.Inventory.App\Yakult.Inventory.App.csproj]
C:\Users\russel.mercado\source\repos\Yakult-System-New\Yakult.Inventory.App\Pages\Employee\EmployeeDialog.xaml.cs(764,13): error CS0103: The name 'TxtDescription' does not exist in the current context [C:\Users\russel.mercado\source\repos\Yakult-System-New\Yakult.Inventory.App\Yakult.Inventory.App.csproj]
C:\Users\russel.mercado\source\repos\Yakult-System-New\Yakult.Inventory.App\Pages\Employee\EmployeeDialog.xaml.cs(765,13): error CS0103: The name 'DpCreated' does not exist in the current context [C:\Users\russel.mercado\source\repos\Yakult-System-New\Yakult.Inventory.App\Yakult.Inventory.App.csproj]
C:\Users\russel.mercado\source\repos\Yakult-System-New\Yakult.Inventory.App\Pages\Employee\EmployeeDialog.xaml.cs(766,13): error CS0103: The name 'TxtCreatedBy' does not exist in the current context [C:\Users\russel.mercado\source\repos\Yakult-System-New\Yakult.Inventory.App\Yakult.Inventory.App.csproj]
C:\Users\russel.mercado\source\repos\Yakult-System-New\Yakult.Inventory.App\Pages\Employee\EmployeeDialog.xaml.cs(771,37): error CS0103: The name 'CmbTitle' does not exist in the current context [C:\Users\russel.mercado\source\repos\Yakult-System-New\Yakult.Inventory.App\Yakult.Inventory.App.csproj]
C:\Users\russel.mercado\source\repos\Yakult-System-New\Yakult.Inventory.App\Pages\Employee\EmployeeDialog.xaml.cs(773,25): error CS0103: The name 'CmbTitle' does not exist in the current context [C:\Users\russel.mercado\source\repos\Yakult-System-New\Yakult.Inventory.App\Yakult.Inventory.App.csproj]
C:\Users\russel.mercado\source\repos\Yakult-System-New\Yakult.Inventory.App\Pages\Employee\EmployeeDialog.xaml.cs(775,25): error CS0103: The name 'CmbTitle' does not exist in the current context [C:\Users\russel.mercado\source\repos\Yakult-System-New\Yakult.Inventory.App\Yakult.Inventory.App.csproj]
C:\Users\russel.mercado\source\repos\Yakult-System-New\Yakult.Inventory.App\Pages\Employee\EmployeeDialog.xaml.cs(790,37): error CS0103: The name 'CmbCompany' does not exist in the current context [C:\Users\russel.mercado\source\repos\Yakult-System-New\Yakult.Inventory.App\Yakult.Inventory.App.csproj]
C:\Users\russel.mercado\source\repos\Yakult-System-New\Yakult.Inventory.App\Pages\Employee\EmployeeDialog.xaml.cs(792,25): error CS0103: The name 'CmbCompany' does not exist in the current context [C:\Users\russel.mercado\source\repos\Yakult-System-New\Yakult.Inventory.App\Yakult.Inventory.App.csproj]
C:\Users\russel.mercado\source\repos\Yakult-System-New\Yakult.Inventory.App\Pages\Employee\EmployeeDialog.xaml.cs(794,25): error CS0103: The name 'CmbCompany' does not exist in the current context [C:\Users\russel.mercado\source\repos\Yakult-System-New\Yakult.Inventory.App\Yakult.Inventory.App.csproj]
C:\Users\russel.mercado\source\repos\Yakult-System-New\Yakult.Inventory.App\Pages\Employee\EmployeeDialog.xaml.cs(800,37): error CS0103: The name 'CmbDepartment' does not exist in the current context [C:\Users\russel.mercado\source\repos\Yakult-System-New\Yakult.Inventory.App\Yakult.Inventory.App.csproj]
C:\Users\russel.mercado\source\repos\Yakult-System-New\Yakult.Inventory.App\Pages\Employee\EmployeeDialog.xaml.cs(802,25): error CS0103: The name 'CmbDepartment' does not exist in the current context [C:\Users\russel.mercado\source\repos\Yakult-System-New\Yakult.Inventory.App\Yakult.Inventory.App.csproj]
C:\Users\russel.mercado\source\repos\Yakult-System-New\Yakult.Inventory.App\Pages\Employee\EmployeeDialog.xaml.cs(804,25): error CS0103: The name 'CmbDepartment' does not exist in the current context [C:\Users\russel.mercado\source\repos\Yakult-System-New\Yakult.Inventory.App\Yakult.Inventory.App.csproj]
C:\Users\russel.mercado\source\repos\Yakult-System-New\Yakult.Inventory.App\Pages\Employee\EmployeeDialog.xaml.cs(810,37): error CS0103: The name 'CmbBranch' does not exist in the current context [C:\Users\russel.mercado\source\repos\Yakult-System-New\Yakult.Inventory.App\Yakult.Inventory.App.csproj]
C:\Users\russel.mercado\source\repos\Yakult-System-New\Yakult.Inventory.App\Pages\Employee\EmployeeDialog.xaml.cs(812,25): error CS0103: The name 'CmbBranch' does not exist in the current context [C:\Users\russel.mercado\source\repos\Yakult-System-New\Yakult.Inventory.App\Yakult.Inventory.App.csproj]
C:\Users\russel.mercado\source\repos\Yakult-System-New\Yakult.Inventory.App\Pages\Employee\EmployeeDialog.xaml.cs(814,25): error CS0103: The name 'CmbBranch' does not exist in the current context [C:\Users\russel.mercado\source\repos\Yakult-System-New\Yakult.Inventory.App\Yakult.Inventory.App.csproj]
C:\Users\russel.mercado\source\repos\Yakult-System-New\Yakult.Inventory.App\Pages\Employee\EmployeeDialog.xaml.cs(826,41): error CS0103: The name 'CmbCompany' does not exist in the current context [C:\Users\russel.mercado\source\repos\Yakult-System-New\Yakult.Inventory.App\Yakult.Inventory.App.csproj]
C:\Users\russel.mercado\source\repos\Yakult-System-New\Yakult.Inventory.App\Pages\Employee\EmployeeDialog.xaml.cs(827,44): error CS0103: The name 'CmbDepartment' does not exist in the current context [C:\Users\russel.mercado\source\repos\Yakult-System-New\Yakult.Inventory.App\Yakult.Inventory.App.csproj]
C:\Users\russel.mercado\source\repos\Yakult-System-New\Yakult.Inventory.App\Pages\Employee\EmployeeDialog.xaml.cs(828,40): error CS0103: The name 'CmbBranch' does not exist in the current context [C:\Users\russel.mercado\source\repos\Yakult-System-New\Yakult.Inventory.App\Yakult.Inventory.App.csproj]
C:\Users\russel.mercado\source\repos\Yakult-System-New\Yakult.Inventory.App\Pages\Employee\EmployeeDialog.xaml.cs(831,13): error CS0103: The name 'ChkIsArchived' does not exist in the current context [C:\Users\russel.mercado\source\repos\Yakult-System-New\Yakult.Inventory.App\Yakult.Inventory.App.csproj]
C:\Users\russel.mercado\source\repos\Yakult-System-New\Yakult.Inventory.App\Pages\Employee\EmployeeDialog.xaml.cs(840,43): error CS0103: The name 'TxtName' does not exist in the current context [C:\Users\russel.mercado\source\repos\Yakult-System-New\Yakult.Inventory.App\Yakult.Inventory.App.csproj]
C:\Users\russel.mercado\source\repos\Yakult-System-New\Yakult.Inventory.App\Pages\Employee\EmployeeDialog.xaml.cs(844,17): error CS0103: The name 'TxtName' does not exist in the current context [C:\Users\russel.mercado\source\repos\Yakult-System-New\Yakult.Inventory.App\Yakult.Inventory.App.csproj]
C:\Users\russel.mercado\source\repos\Yakult-System-New\Yakult.Inventory.App\Pages\Employee\EmployeeDialog.xaml.cs(849,19): error CS0103: The name 'CmbCompany' does not exist in the current context [C:\Users\russel.mercado\source\repos\Yakult-System-New\Yakult.Inventory.App\Yakult.Inventory.App.csproj]
C:\Users\russel.mercado\source\repos\Yakult-System-New\Yakult.Inventory.App\Pages\Employee\EmployeeDialog.xaml.cs(853,17): error CS0103: The name 'CmbCompany' does not exist in the current context [C:\Users\russel.mercado\source\repos\Yakult-System-New\Yakult.Inventory.App\Yakult.Inventory.App.csproj]
C:\Users\russel.mercado\source\repos\Yakult-System-New\Yakult.Inventory.App\Pages\Employee\EmployeeDialog.xaml.cs(858,28): error CS0103: The name 'CmbDepartment' does not exist in the current context [C:\Users\russel.mercado\source\repos\Yakult-System-New\Yakult.Inventory.App\Yakult.Inventory.App.csproj]
C:\Users\russel.mercado\source\repos\Yakult-System-New\Yakult.Inventory.App\Pages\Employee\EmployeeDialog.xaml.cs(861,19): error CS0103: The name 'CmbBranch' does not exist in the current context [C:\Users\russel.mercado\source\repos\Yakult-System-New\Yakult.Inventory.App\Yakult.Inventory.App.csproj]
C:\Users\russel.mercado\source\repos\Yakult-System-New\Yakult.Inventory.App\Pages\Employee\EmployeeDialog.xaml.cs(865,17): error CS0103: The name 'CmbBranch' does not exist in the current context [C:\Users\russel.mercado\source\repos\Yakult-System-New\Yakult.Inventory.App\Yakult.Inventory.App.csproj]
C:\Users\russel.mercado\source\repos\Yakult-System-New\Yakult.Inventory.App\Pages\Employee\EmployeeDialog.xaml.cs(872,46): error CS0103: The name 'ChkIsArchived' does not exist in the current context [C:\Users\russel.mercado\source\repos\Yakult-System-New\Yakult.Inventory.App\Yakult.Inventory.App.csproj]
C:\Users\russel.mercado\source\repos\Yakult-System-New\Yakult.Inventory.App\Pages\Employee\EmployeeDialog.xaml.cs(885,41): error CS0103: The name 'ChkIsArchived' does not exist in the current context [C:\Users\russel.mercado\source\repos\Yakult-System-New\Yakult.Inventory.App\Yakult.Inventory.App.csproj]
C:\Users\russel.mercado\source\repos\Yakult-System-New\Yakult.Inventory.App\Pages\Employee\EmployeeDialog.xaml.cs(956,24): error CS0103: The name 'TxtName' does not exist in the current context [C:\Users\russel.mercado\source\repos\Yakult-System-New\Yakult.Inventory.App\Yakult.Inventory.App.csproj]
C:\Users\russel.mercado\source\repos\Yakult-System-New\Yakult.Inventory.App\Pages\Employee\EmployeeDialog.xaml.cs(957,60): error CS0103: The name 'TxtEmployeeNumber' does not exist in the current context [C:\Users\russel.mercado\source\repos\Yakult-System-New\Yakult.Inventory.App\Yakult.Inventory.App.csproj]
C:\Users\russel.mercado\source\repos\Yakult-System-New\Yakult.Inventory.App\Pages\Employee\EmployeeDialog.xaml.cs(957,93): error CS0103: The name 'TxtEmployeeNumber' does not exist in the current context [C:\Users\russel.mercado\source\repos\Yakult-System-New\Yakult.Inventory.App\Yakult.Inventory.App.csproj]
C:\Users\russel.mercado\source\repos\Yakult-System-New\Yakult.Inventory.App\Pages\Employee\EmployeeDialog.xaml.cs(958,28): error CS0103: The name 'CmbPosition' does not exist in the current context [C:\Users\russel.mercado\source\repos\Yakult-System-New\Yakult.Inventory.App\Yakult.Inventory.App.csproj]
C:\Users\russel.mercado\source\repos\Yakult-System-New\Yakult.Inventory.App\Pages\Employee\EmployeeDialog.xaml.cs(959,31): error CS0103: The name 'TxtDescription' does not exist in the current context [C:\Users\russel.mercado\source\repos\Yakult-System-New\Yakult.Inventory.App\Yakult.Inventory.App.csproj]
C:\Users\russel.mercado\source\repos\Yakult-System-New\Yakult.Inventory.App\Pages\Employee\EmployeeDialog.xaml.cs(960,31): error CS0103: The name 'DpCreated' does not exist in the current context [C:\Users\russel.mercado\source\repos\Yakult-System-New\Yakult.Inventory.App\Yakult.Inventory.App.csproj]
C:\Users\russel.mercado\source\repos\Yakult-System-New\Yakult.Inventory.App\Pages\Employee\EmployeeDialog.xaml.cs(966,28): error CS0103: The name 'CmbTitle' does not exist in the current context [C:\Users\russel.mercado\source\repos\Yakult-System-New\Yakult.Inventory.App\Yakult.Inventory.App.csproj]
C:\Users\russel.mercado\source\repos\Yakult-System-New\Yakult.Inventory.App\Pages\Employee\EmployeeDialog.xaml.cs(967,45): error CS0103: The name 'ChkIsArchived' does not exist in the current context [C:\Users\russel.mercado\source\repos\Yakult-System-New\Yakult.Inventory.App\Yakult.Inventory.App.csproj]
C:\Users\russel.mercado\source\repos\Yakult-System-New\Yakult.Inventory.App\Pages\Employee\EmployeeDialog.xaml.cs(1028,32): error CS0103: The name 'CmbPosition' does not exist in the current context [C:\Users\russel.mercado\source\repos\Yakult-System-New\Yakult.Inventory.App\Yakult.Inventory.App.csproj]
C:\Users\russel.mercado\source\repos\Yakult-System-New\Yakult.Inventory.App\Pages\Employee\EmployeeDialog.xaml.cs(1036,43): error CS0103: The name 'CmbPosition' does not exist in the current context [C:\Users\russel.mercado\source\repos\Yakult-System-New\Yakult.Inventory.App\Yakult.Inventory.App.csproj]
C:\Users\russel.mercado\source\repos\Yakult-System-New\Yakult.Inventory.App\Pages\Employee\EmployeeDialog.xaml.cs(1037,45): error CS0103: The name 'CmbPosition' does not exist in the current context [C:\Users\russel.mercado\source\repos\Yakult-System-New\Yakult.Inventory.App\Yakult.Inventory.App.csproj]
C:\Users\russel.mercado\source\repos\Yakult-System-New\Yakult.Inventory.App\Pages\Employee\EmployeeDialog.xaml.cs(1038,47): error CS0103: The name 'CmbPosition' does not exist in the current context [C:\Users\russel.mercado\source\repos\Yakult-System-New\Yakult.Inventory.App\Yakult.Inventory.App.csproj]
C:\Users\russel.mercado\source\repos\Yakult-System-New\Yakult.Inventory.App\Pages\Employee\EmployeeDialog.xaml.cs(1039,31): error CS0103: The name 'CmbPosition' does not exist in the current context [C:\Users\russel.mercado\source\repos\Yakult-System-New\Yakult.Inventory.App\Yakult.Inventory.App.csproj]
C:\Users\russel.mercado\source\repos\Yakult-System-New\Yakult.Inventory.App\Pages\Employee\EmployeeDialog.xaml.cs(1045,35): error CS0103: The name 'CmbPosition' does not exist in the current context [C:\Users\russel.mercado\source\repos\Yakult-System-New\Yakult.Inventory.App\Yakult.Inventory.App.csproj]
C:\Users\russel.mercado\source\repos\Yakult-System-New\Yakult.Inventory.App\Pages\Employee\EmployeeDialog.xaml.cs(1047,17): error CS0103: The name 'CmbPosition' does not exist in the current context [C:\Users\russel.mercado\source\repos\Yakult-System-New\Yakult.Inventory.App\Yakult.Inventory.App.csproj]
C:\Users\russel.mercado\source\repos\Yakult-System-New\Yakult.Inventory.App\Pages\Employee\EmployeeDialog.xaml.cs(1049,17): error CS0103: The name 'CmbPosition' does not exist in the current context [C:\Users\russel.mercado\source\repos\Yakult-System-New\Yakult.Inventory.App\Yakult.Inventory.App.csproj]
C:\Users\russel.mercado\source\repos\Yakult-System-New\Yakult.Inventory.App\Pages\Employee\EmployeeDialog.xaml.cs(1049,45): error CS0103: The name 'CmbPosition' does not exist in the current context [C:\Users\russel.mercado\source\repos\Yakult-System-New\Yakult.Inventory.App\Yakult.Inventory.App.csproj]
C:\Users\russel.mercado\source\repos\Yakult-System-New\Yakult.Inventory.App\Pages\Category\EditCategoryDialog.xaml.cs(24,39): error CS0103: The name 'TxtName' does not exist in the current context [C:\Users\russel.mercado\source\repos\Yakult-System-New\Yakult.Inventory.App\Yakult.Inventory.App.csproj]
C:\Users\russel.mercado\source\repos\Yakult-System-New\Yakult.Inventory.App\Pages\Category\EditCategoryDialog.xaml.cs(28,13): error CS0103: The name 'InitializeComponent' does not exist in the current context [C:\Users\russel.mercado\source\repos\Yakult-System-New\Yakult.Inventory.App\Yakult.Inventory.App.csproj]
C:\Users\russel.mercado\source\repos\Yakult-System-New\Yakult.Inventory.App\Pages\Category\EditCategoryDialog.xaml.cs(30,13): error CS0103: The name 'TxtName' does not exist in the current context [C:\Users\russel.mercado\source\repos\Yakult-System-New\Yakult.Inventory.App\Yakult.Inventory.App.csproj]
C:\Users\russel.mercado\source\repos\Yakult-System-New\Yakult.Inventory.App\Pages\Category\EditCategoryDialog.xaml.cs(32,13): error CS0103: The name 'DgActiveItems' does not exist in the current context [C:\Users\russel.mercado\source\repos\Yakult-System-New\Yakult.Inventory.App\Yakult.Inventory.App.csproj]
C:\Users\russel.mercado\source\repos\Yakult-System-New\Yakult.Inventory.App\Pages\Category\EditCategoryDialog.xaml.cs(33,13): error CS0103: The name 'DgInactiveItems' does not exist in the current context [C:\Users\russel.mercado\source\repos\Yakult-System-New\Yakult.Inventory.App\Yakult.Inventory.App.csproj]
C:\Users\russel.mercado\source\repos\Yakult-System-New\Yakult.Inventory.App\Pages\Category\EditCategoryDialog.xaml.cs(37,17): error CS0103: The name 'DgActiveItems' does not exist in the current context [C:\Users\russel.mercado\source\repos\Yakult-System-New\Yakult.Inventory.App\Yakult.Inventory.App.csproj]
C:\Users\russel.mercado\source\repos\Yakult-System-New\Yakult.Inventory.App\Pages\Category\EditCategoryDialog.xaml.cs(38,17): error CS0103: The name 'LblNoActiveItems' does not exist in the current context [C:\Users\russel.mercado\source\repos\Yakult-System-New\Yakult.Inventory.App\Yakult.Inventory.App.csproj]
C:\Users\russel.mercado\source\repos\Yakult-System-New\Yakult.Inventory.App\Pages\Category\EditCategoryDialog.xaml.cs(43,17): error CS0103: The name 'DgInactiveItems' does not exist in the current context [C:\Users\russel.mercado\source\repos\Yakult-System-New\Yakult.Inventory.App\Yakult.Inventory.App.csproj]
C:\Users\russel.mercado\source\repos\Yakult-System-New\Yakult.Inventory.App\Pages\Category\EditCategoryDialog.xaml.cs(44,17): error CS0103: The name 'LblNoInactiveItems' does not exist in the current context [C:\Users\russel.mercado\source\repos\Yakult-System-New\Yakult.Inventory.App\Yakult.Inventory.App.csproj]
C:\Users\russel.mercado\source\repos\Yakult-System-New\Yakult.Inventory.App\Pages\Department\DepartmentDialog.xaml.cs(36,13): error CS0103: The name 'InitializeComponent' does not exist in the current context [C:\Users\russel.mercado\source\repos\Yakult-System-New\Yakult.Inventory.App\Yakult.Inventory.App.csproj]
C:\Users\russel.mercado\source\repos\Yakult-System-New\Yakult.Inventory.App\Pages\Department\DepartmentDialog.xaml.cs(55,17): error CS0103: The name 'TxtCreatedBy' does not exist in the current context [C:\Users\russel.mercado\source\repos\Yakult-System-New\Yakult.Inventory.App\Yakult.Inventory.App.csproj]
C:\Users\russel.mercado\source\repos\Yakult-System-New\Yakult.Inventory.App\Pages\Department\DepartmentDialog.xaml.cs(56,17): error CS0103: The name 'TxtDateCreated' does not exist in the current context [C:\Users\russel.mercado\source\repos\Yakult-System-New\Yakult.Inventory.App\Yakult.Inventory.App.csproj]
C:\Users\russel.mercado\source\repos\Yakult-System-New\Yakult.Inventory.App\Pages\Department\DepartmentDialog.xaml.cs(63,13): error CS0103: The name 'HeaderTitle' does not exist in the current context [C:\Users\russel.mercado\source\repos\Yakult-System-New\Yakult.Inventory.App\Yakult.Inventory.App.csproj]
C:\Users\russel.mercado\source\repos\Yakult-System-New\Yakult.Inventory.App\Pages\Department\DepartmentDialog.xaml.cs(64,13): error CS0103: The name 'InfoBanner' does not exist in the current context [C:\Users\russel.mercado\source\repos\Yakult-System-New\Yakult.Inventory.App\Yakult.Inventory.App.csproj]
C:\Users\russel.mercado\source\repos\Yakult-System-New\Yakult.Inventory.App\Pages\Department\DepartmentDialog.xaml.cs(69,13): error CS0103: The name 'SectionStatus' does not exist in the current context [C:\Users\russel.mercado\source\repos\Yakult-System-New\Yakult.Inventory.App\Yakult.Inventory.App.csproj]
C:\Users\russel.mercado\source\repos\Yakult-System-New\Yakult.Inventory.App\Pages\Department\DepartmentDialog.xaml.cs(146,13): error CS0103: The name 'BtnMaximizeGlyph' does not exist in the current context [C:\Users\russel.mercado\source\repos\Yakult-System-New\Yakult.Inventory.App\Yakult.Inventory.App.csproj]
C:\Users\russel.mercado\source\repos\Yakult-System-New\Yakult.Inventory.App\Pages\Department\DepartmentDialog.xaml.cs(257,17): error CS0103: The name 'ChkIsArchived' does not exist in the current context [C:\Users\russel.mercado\source\repos\Yakult-System-New\Yakult.Inventory.App\Yakult.Inventory.App.csproj]
C:\Users\russel.mercado\source\repos\Yakult-System-New\Yakult.Inventory.App\Pages\Department\DepartmentDialog.xaml.cs(259,17): error CS0103: The name 'ChkActive' does not exist in the current context [C:\Users\russel.mercado\source\repos\Yakult-System-New\Yakult.Inventory.App\Yakult.Inventory.App.csproj]
C:\Users\russel.mercado\source\repos\Yakult-System-New\Yakult.Inventory.App\Pages\Category\EditCategoryDialog.xaml.cs(121,13): error CS0103: The name 'BtnMaximizeGlyph' does not exist in the current context [C:\Users\russel.mercado\source\repos\Yakult-System-New\Yakult.Inventory.App\Yakult.Inventory.App.csproj]
C:\Users\russel.mercado\source\repos\Yakult-System-New\Yakult.Inventory.App\Pages\Department\DepartmentDialog.xaml.cs(270,13): error CS0103: The name 'TxtDeptName' does not exist in the current context [C:\Users\russel.mercado\source\repos\Yakult-System-New\Yakult.Inventory.App\Yakult.Inventory.App.csproj]
C:\Users\russel.mercado\source\repos\Yakult-System-New\Yakult.Inventory.App\Pages\Department\DepartmentDialog.xaml.cs(271,13): error CS0103: The name 'TxtDeptDesc' does not exist in the current context [C:\Users\russel.mercado\source\repos\Yakult-System-New\Yakult.Inventory.App\Yakult.Inventory.App.csproj]
C:\Users\russel.mercado\source\repos\Yakult-System-New\Yakult.Inventory.App\Pages\Department\DepartmentDialog.xaml.cs(272,13): error CS0103: The name 'TxtDateCreated' does not exist in the current context [C:\Users\russel.mercado\source\repos\Yakult-System-New\Yakult.Inventory.App\Yakult.Inventory.App.csproj]
C:\Users\russel.mercado\source\repos\Yakult-System-New\Yakult.Inventory.App\Pages\Department\DepartmentDialog.xaml.cs(273,13): error CS0103: The name 'TxtCreatedBy' does not exist in the current context [C:\Users\russel.mercado\source\repos\Yakult-System-New\Yakult.Inventory.App\Yakult.Inventory.App.csproj]
C:\Users\russel.mercado\source\repos\Yakult-System-New\Yakult.Inventory.App\Pages\Department\DepartmentDialog.xaml.cs(275,13): error CS0103: The name 'ChkActive' does not exist in the current context [C:\Users\russel.mercado\source\repos\Yakult-System-New\Yakult.Inventory.App\Yakult.Inventory.App.csproj]
C:\Users\russel.mercado\source\repos\Yakult-System-New\Yakult.Inventory.App\Pages\Department\DepartmentDialog.xaml.cs(276,13): error CS0103: The name 'ChkIsArchived' does not exist in the current context [C:\Users\russel.mercado\source\repos\Yakult-System-New\Yakult.Inventory.App\Yakult.Inventory.App.csproj]
C:\Users\russel.mercado\source\repos\Yakult-System-New\Yakult.Inventory.App\Pages\Department\DepartmentDialog.xaml.cs(285,43): error CS0103: The name 'TxtDeptName' does not exist in the current context [C:\Users\russel.mercado\source\repos\Yakult-System-New\Yakult.Inventory.App\Yakult.Inventory.App.csproj]
C:\Users\russel.mercado\source\repos\Yakult-System-New\Yakult.Inventory.App\Pages\Department\DepartmentDialog.xaml.cs(289,17): error CS0103: The name 'TxtDeptName' does not exist in the current context [C:\Users\russel.mercado\source\repos\Yakult-System-New\Yakult.Inventory.App\Yakult.Inventory.App.csproj]
C:\Users\russel.mercado\source\repos\Yakult-System-New\Yakult.Inventory.App\Pages\Department\DepartmentDialog.xaml.cs(296,46): error CS0103: The name 'ChkIsArchived' does not exist in the current context [C:\Users\russel.mercado\source\repos\Yakult-System-New\Yakult.Inventory.App\Yakult.Inventory.App.csproj]
C:\Users\russel.mercado\source\repos\Yakult-System-New\Yakult.Inventory.App\Pages\Department\DepartmentDialog.xaml.cs(309,41): error CS0103: The name 'ChkIsArchived' does not exist in the current context [C:\Users\russel.mercado\source\repos\Yakult-System-New\Yakult.Inventory.App\Yakult.Inventory.App.csproj]
C:\Users\russel.mercado\source\repos\Yakult-System-New\Yakult.Inventory.App\Pages\Department\DepartmentDialog.xaml.cs(368,24): error CS0103: The name 'TxtDeptName' does not exist in the current context [C:\Users\russel.mercado\source\repos\Yakult-System-New\Yakult.Inventory.App\Yakult.Inventory.App.csproj]
C:\Users\russel.mercado\source\repos\Yakult-System-New\Yakult.Inventory.App\Pages\Department\DepartmentDialog.xaml.cs(369,31): error CS0103: The name 'TxtDeptDesc' does not exist in the current context [C:\Users\russel.mercado\source\repos\Yakult-System-New\Yakult.Inventory.App\Yakult.Inventory.App.csproj]
C:\Users\russel.mercado\source\repos\Yakult-System-New\Yakult.Inventory.App\Pages\Department\DepartmentDialog.xaml.cs(373,41): error CS0103: The name 'ChkActive' does not exist in the current context [C:\Users\russel.mercado\source\repos\Yakult-System-New\Yakult.Inventory.App\Yakult.Inventory.App.csproj]
C:\Users\russel.mercado\source\repos\Yakult-System-New\Yakult.Inventory.App\Pages\Department\DepartmentDialog.xaml.cs(373,72): error CS0103: The name 'ChkActive' does not exist in the current context [C:\Users\russel.mercado\source\repos\Yakult-System-New\Yakult.Inventory.App\Yakult.Inventory.App.csproj]
C:\Users\russel.mercado\source\repos\Yakult-System-New\Yakult.Inventory.App\Pages\Department\DepartmentDialog.xaml.cs(374,45): error CS0103: The name 'ChkIsArchived' does not exist in the current context [C:\Users\russel.mercado\source\repos\Yakult-System-New\Yakult.Inventory.App\Yakult.Inventory.App.csproj]
C:\Users\russel.mercado\source\repos\Yakult-System-New\Yakult.Inventory.App\Pages\Department\DepartmentDialog.xaml.cs(374,81): error CS0103: The name 'ChkIsArchived' does not exist in the current context [C:\Users\russel.mercado\source\repos\Yakult-System-New\Yakult.Inventory.App\Yakult.Inventory.App.csproj]
C:\Users\russel.mercado\source\repos\Yakult-System-New\Yakult.Inventory.App\Pages\Category\EditCategoryDialog.xaml.cs(232,43): error CS0103: The name 'TxtName' does not exist in the current context [C:\Users\russel.mercado\source\repos\Yakult-System-New\Yakult.Inventory.App\Yakult.Inventory.App.csproj]
C:\Users\russel.mercado\source\repos\Yakult-System-New\Yakult.Inventory.App\Pages\Company\CompanyDialog.xaml.cs(34,13): error CS0103: The name 'InitializeComponent' does not exist in the current context [C:\Users\russel.mercado\source\repos\Yakult-System-New\Yakult.Inventory.App\Yakult.Inventory.App.csproj]
C:\Users\russel.mercado\source\repos\Yakult-System-New\Yakult.Inventory.App\Pages\Company\CompanyDialog.xaml.cs(53,17): error CS0103: The name 'TxtCreatedBy' does not exist in the current context [C:\Users\russel.mercado\source\repos\Yakult-System-New\Yakult.Inventory.App\Yakult.Inventory.App.csproj]
C:\Users\russel.mercado\source\repos\Yakult-System-New\Yakult.Inventory.App\Pages\Company\CompanyDialog.xaml.cs(54,17): error CS0103: The name 'DpCreated' does not exist in the current context [C:\Users\russel.mercado\source\repos\Yakult-System-New\Yakult.Inventory.App\Yakult.Inventory.App.csproj]
C:\Users\russel.mercado\source\repos\Yakult-System-New\Yakult.Inventory.App\Pages\Company\CompanyDialog.xaml.cs(61,13): error CS0103: The name 'HeaderTitle' does not exist in the current context [C:\Users\russel.mercado\source\repos\Yakult-System-New\Yakult.Inventory.App\Yakult.Inventory.App.csproj]
C:\Users\russel.mercado\source\repos\Yakult-System-New\Yakult.Inventory.App\Pages\Company\CompanyDialog.xaml.cs(62,13): error CS0103: The name 'InfoBanner' does not exist in the current context [C:\Users\russel.mercado\source\repos\Yakult-System-New\Yakult.Inventory.App\Yakult.Inventory.App.csproj]
C:\Users\russel.mercado\source\repos\Yakult-System-New\Yakult.Inventory.App\Pages\Company\CompanyDialog.xaml.cs(67,13): error CS0103: The name 'SectionStatus' does not exist in the current context [C:\Users\russel.mercado\source\repos\Yakult-System-New\Yakult.Inventory.App\Yakult.Inventory.App.csproj]
C:\Users\russel.mercado\source\repos\Yakult-System-New\Yakult.Inventory.App\Pages\Company\CompanyDialog.xaml.cs(71,13): error CS0103: The name 'SectionDepartments' does not exist in the current context [C:\Users\russel.mercado\source\repos\Yakult-System-New\Yakult.Inventory.App\Yakult.Inventory.App.csproj]
C:\Users\russel.mercado\source\repos\Yakult-System-New\Yakult.Inventory.App\Pages\Company\CompanyDialog.xaml.cs(72,13): error CS0103: The name 'SectionBranches' does not exist in the current context [C:\Users\russel.mercado\source\repos\Yakult-System-New\Yakult.Inventory.App\Yakult.Inventory.App.csproj]
C:\Users\russel.mercado\source\repos\Yakult-System-New\Yakult.Inventory.App\Pages\Company\CompanyDialog.xaml.cs(149,13): error CS0103: The name 'BtnMaximizeGlyph' does not exist in the current context [C:\Users\russel.mercado\source\repos\Yakult-System-New\Yakult.Inventory.App\Yakult.Inventory.App.csproj]
C:\Users\russel.mercado\source\repos\Yakult-System-New\Yakult.Inventory.App\Pages\Company\CompanyDialog.xaml.cs(260,17): error CS0103: The name 'ChkIsArchived' does not exist in the current context [C:\Users\russel.mercado\source\repos\Yakult-System-New\Yakult.Inventory.App\Yakult.Inventory.App.csproj]
C:\Users\russel.mercado\source\repos\Yakult-System-New\Yakult.Inventory.App\Pages\Company\CompanyDialog.xaml.cs(262,17): error CS0103: The name 'ChkActive' does not exist in the current context [C:\Users\russel.mercado\source\repos\Yakult-System-New\Yakult.Inventory.App\Yakult.Inventory.App.csproj]
C:\Users\russel.mercado\source\repos\Yakult-System-New\Yakult.Inventory.App\Pages\Company\CompanyDialog.xaml.cs(271,30): error CS0103: The name 'ChkAddDepartments' does not exist in the current context [C:\Users\russel.mercado\source\repos\Yakult-System-New\Yakult.Inventory.App\Yakult.Inventory.App.csproj]
C:\Users\russel.mercado\source\repos\Yakult-System-New\Yakult.Inventory.App\Pages\Company\CompanyDialog.xaml.cs(272,13): error CS0103: The name 'PnlDepartmentRows' does not exist in the current context [C:\Users\russel.mercado\source\repos\Yakult-System-New\Yakult.Inventory.App\Yakult.Inventory.App.csproj]
C:\Users\russel.mercado\source\repos\Yakult-System-New\Yakult.Inventory.App\Pages\Company\CompanyDialog.xaml.cs(273,13): error CS0103: The name 'BtnAddDept' does not exist in the current context [C:\Users\russel.mercado\source\repos\Yakult-System-New\Yakult.Inventory.App\Yakult.Inventory.App.csproj]
C:\Users\russel.mercado\source\repos\Yakult-System-New\Yakult.Inventory.App\Pages\Company\CompanyDialog.xaml.cs(275,30): error CS0103: The name 'PnlDepartmentRows' does not exist in the current context [C:\Users\russel.mercado\source\repos\Yakult-System-New\Yakult.Inventory.App\Yakult.Inventory.App.csproj]
C:\Users\russel.mercado\source\repos\Yakult-System-New\Yakult.Inventory.App\Pages\Company\CompanyDialog.xaml.cs(289,46): error CS0103: The name 'PnlDepartmentRows' does not exist in the current context [C:\Users\russel.mercado\source\repos\Yakult-System-New\Yakult.Inventory.App\Yakult.Inventory.App.csproj]
C:\Users\russel.mercado\source\repos\Yakult-System-New\Yakult.Inventory.App\Pages\Company\CompanyDialog.xaml.cs(290,13): error CS0103: The name 'PnlDepartmentRows' does not exist in the current context [C:\Users\russel.mercado\source\repos\Yakult-System-New\Yakult.Inventory.App\Yakult.Inventory.App.csproj]
C:\Users\russel.mercado\source\repos\Yakult-System-New\Yakult.Inventory.App\Pages\Company\CompanyDialog.xaml.cs(298,30): error CS0103: The name 'ChkAddBranches' does not exist in the current context [C:\Users\russel.mercado\source\repos\Yakult-System-New\Yakult.Inventory.App\Yakult.Inventory.App.csproj]
C:\Users\russel.mercado\source\repos\Yakult-System-New\Yakult.Inventory.App\Pages\Company\CompanyDialog.xaml.cs(299,13): error CS0103: The name 'PnlBranchRows' does not exist in the current context [C:\Users\russel.mercado\source\repos\Yakult-System-New\Yakult.Inventory.App\Yakult.Inventory.App.csproj]
C:\Users\russel.mercado\source\repos\Yakult-System-New\Yakult.Inventory.App\Pages\Company\CompanyDialog.xaml.cs(300,13): error CS0103: The name 'BtnAddBranch' does not exist in the current context [C:\Users\russel.mercado\source\repos\Yakult-System-New\Yakult.Inventory.App\Yakult.Inventory.App.csproj]
C:\Users\russel.mercado\source\repos\Yakult-System-New\Yakult.Inventory.App\Pages\Company\CompanyDialog.xaml.cs(302,30): error CS0103: The name 'PnlBranchRows' does not exist in the current context [C:\Users\russel.mercado\source\repos\Yakult-System-New\Yakult.Inventory.App\Yakult.Inventory.App.csproj]
C:\Users\russel.mercado\source\repos\Yakult-System-New\Yakult.Inventory.App\Pages\Company\CompanyDialog.xaml.cs(316,46): error CS0103: The name 'PnlBranchRows' does not exist in the current context [C:\Users\russel.mercado\source\repos\Yakult-System-New\Yakult.Inventory.App\Yakult.Inventory.App.csproj]
C:\Users\russel.mercado\source\repos\Yakult-System-New\Yakult.Inventory.App\Pages\Company\CompanyDialog.xaml.cs(317,13): error CS0103: The name 'PnlBranchRows' does not exist in the current context [C:\Users\russel.mercado\source\repos\Yakult-System-New\Yakult.Inventory.App\Yakult.Inventory.App.csproj]
C:\Users\russel.mercado\source\repos\Yakult-System-New\Yakult.Inventory.App\Pages\Company\CompanyDialog.xaml.cs(327,13): error CS0103: The name 'TxtCompanyName' does not exist in the current context [C:\Users\russel.mercado\source\repos\Yakult-System-New\Yakult.Inventory.App\Yakult.Inventory.App.csproj]
C:\Users\russel.mercado\source\repos\Yakult-System-New\Yakult.Inventory.App\Pages\Company\CompanyDialog.xaml.cs(328,13): error CS0103: The name 'TxtCompanyDesc' does not exist in the current context [C:\Users\russel.mercado\source\repos\Yakult-System-New\Yakult.Inventory.App\Yakult.Inventory.App.csproj]
C:\Users\russel.mercado\source\repos\Yakult-System-New\Yakult.Inventory.App\Pages\Company\CompanyDialog.xaml.cs(329,13): error CS0103: The name 'DpCreated' does not exist in the current context [C:\Users\russel.mercado\source\repos\Yakult-System-New\Yakult.Inventory.App\Yakult.Inventory.App.csproj]
C:\Users\russel.mercado\source\repos\Yakult-System-New\Yakult.Inventory.App\Pages\Company\CompanyDialog.xaml.cs(330,13): error CS0103: The name 'TxtCreatedBy' does not exist in the current context [C:\Users\russel.mercado\source\repos\Yakult-System-New\Yakult.Inventory.App\Yakult.Inventory.App.csproj]
C:\Users\russel.mercado\source\repos\Yakult-System-New\Yakult.Inventory.App\Pages\Company\CompanyDialog.xaml.cs(332,13): error CS0103: The name 'ChkActive' does not exist in the current context [C:\Users\russel.mercado\source\repos\Yakult-System-New\Yakult.Inventory.App\Yakult.Inventory.App.csproj]
C:\Users\russel.mercado\source\repos\Yakult-System-New\Yakult.Inventory.App\Pages\Company\CompanyDialog.xaml.cs(333,13): error CS0103: The name 'ChkIsArchived' does not exist in the current context [C:\Users\russel.mercado\source\repos\Yakult-System-New\Yakult.Inventory.App\Yakult.Inventory.App.csproj]
C:\Users\russel.mercado\source\repos\Yakult-System-New\Yakult.Inventory.App\Pages\Company\CompanyDialog.xaml.cs(339,17): error CS0103: The name 'ChkAddDepartments' does not exist in the current context [C:\Users\russel.mercado\source\repos\Yakult-System-New\Yakult.Inventory.App\Yakult.Inventory.App.csproj]
C:\Users\russel.mercado\source\repos\Yakult-System-New\Yakult.Inventory.App\Pages\Company\CompanyDialog.xaml.cs(340,17): error CS0103: The name 'PnlDepartmentRows' does not exist in the current context [C:\Users\russel.mercado\source\repos\Yakult-System-New\Yakult.Inventory.App\Yakult.Inventory.App.csproj]
C:\Users\russel.mercado\source\repos\Yakult-System-New\Yakult.Inventory.App\Pages\Company\CompanyDialog.xaml.cs(350,17): error CS0103: The name 'ChkAddBranches' does not exist in the current context [C:\Users\russel.mercado\source\repos\Yakult-System-New\Yakult.Inventory.App\Yakult.Inventory.App.csproj]
C:\Users\russel.mercado\source\repos\Yakult-System-New\Yakult.Inventory.App\Pages\Company\CompanyDialog.xaml.cs(351,17): error CS0103: The name 'PnlBranchRows' does not exist in the current context [C:\Users\russel.mercado\source\repos\Yakult-System-New\Yakult.Inventory.App\Yakult.Inventory.App.csproj]
C:\Users\russel.mercado\source\repos\Yakult-System-New\Yakult.Inventory.App\Pages\Item\BatchAddItemDialog.xaml.cs(65,13): error CS0103: The name 'InitializeComponent' does not exist in the current context [C:\Users\russel.mercado\source\repos\Yakult-System-New\Yakult.Inventory.App\Yakult.Inventory.App.csproj]
C:\Users\russel.mercado\source\repos\Yakult-System-New\Yakult.Inventory.App\Pages\Item\BatchAddItemDialog.xaml.cs(80,13): error CS0103: The name 'CmbItemType' does not exist in the current context [C:\Users\russel.mercado\source\repos\Yakult-System-New\Yakult.Inventory.App\Yakult.Inventory.App.csproj]
C:\Users\russel.mercado\source\repos\Yakult-System-New\Yakult.Inventory.App\Pages\Item\BatchAddItemDialog.xaml.cs(81,13): error CS0103: The name 'CmbItemType' does not exist in the current context [C:\Users\russel.mercado\source\repos\Yakult-System-New\Yakult.Inventory.App\Yakult.Inventory.App.csproj]
C:\Users\russel.mercado\source\repos\Yakult-System-New\Yakult.Inventory.App\Pages\Item\BatchAddItemDialog.xaml.cs(82,13): error CS0103: The name 'CmbItemType' does not exist in the current context [C:\Users\russel.mercado\source\repos\Yakult-System-New\Yakult.Inventory.App\Yakult.Inventory.App.csproj]
C:\Users\russel.mercado\source\repos\Yakult-System-New\Yakult.Inventory.App\Pages\Item\BatchAddItemDialog.xaml.cs(84,13): error CS0103: The name 'CmbSubType' does not exist in the current context [C:\Users\russel.mercado\source\repos\Yakult-System-New\Yakult.Inventory.App\Yakult.Inventory.App.csproj]
C:\Users\russel.mercado\source\repos\Yakult-System-New\Yakult.Inventory.App\Pages\Item\BatchAddItemDialog.xaml.cs(86,17): error CS0103: The name 'CmbSubType' does not exist in the current context [C:\Users\russel.mercado\source\repos\Yakult-System-New\Yakult.Inventory.App\Yakult.Inventory.App.csproj]
C:\Users\russel.mercado\source\repos\Yakult-System-New\Yakult.Inventory.App\Pages\Item\BatchAddItemDialog.xaml.cs(87,13): error CS0103: The name 'CmbSubType' does not exist in the current context [C:\Users\russel.mercado\source\repos\Yakult-System-New\Yakult.Inventory.App\Yakult.Inventory.App.csproj]
C:\Users\russel.mercado\source\repos\Yakult-System-New\Yakult.Inventory.App\Pages\Item\BatchAddItemDialog.xaml.cs(89,13): error CS0103: The name 'CmbCartridgeOrigin' does not exist in the current context [C:\Users\russel.mercado\source\repos\Yakult-System-New\Yakult.Inventory.App\Yakult.Inventory.App.csproj]
C:\Users\russel.mercado\source\repos\Yakult-System-New\Yakult.Inventory.App\Pages\Item\BatchAddItemDialog.xaml.cs(90,13): error CS0103: The name 'CmbCartridgeOrigin' does not exist in the current context [C:\Users\russel.mercado\source\repos\Yakult-System-New\Yakult.Inventory.App\Yakult.Inventory.App.csproj]
C:\Users\russel.mercado\source\repos\Yakult-System-New\Yakult.Inventory.App\Pages\Item\BatchAddItemDialog.xaml.cs(99,13): error CS0103: The name 'CmbItemType' does not exist in the current context [C:\Users\russel.mercado\source\repos\Yakult-System-New\Yakult.Inventory.App\Yakult.Inventory.App.csproj]
C:\Users\russel.mercado\source\repos\Yakult-System-New\Yakult.Inventory.App\Pages\Item\BatchAddItemDialog.xaml.cs(102,17): error CS0103: The name 'ChkIsBorrowable' does not exist in the current context [C:\Users\russel.mercado\source\repos\Yakult-System-New\Yakult.Inventory.App\Yakult.Inventory.App.csproj]
C:\Users\russel.mercado\source\repos\Yakult-System-New\Yakult.Inventory.App\Pages\Item\CartridgeCsvImportDialog.xaml.cs(27,13): error CS0103: The name 'InitializeComponent' does not exist in the current context [C:\Users\russel.mercado\source\repos\Yakult-System-New\Yakult.Inventory.App\Yakult.Inventory.App.csproj]
C:\Users\russel.mercado\source\repos\Yakult-System-New\Yakult.Inventory.App\Pages\Item\RepairHistoryDialog.xaml.cs(33,13): error CS0103: The name 'InitializeComponent' does not exist in the current context [C:\Users\russel.mercado\source\repos\Yakult-System-New\Yakult.Inventory.App\Yakult.Inventory.App.csproj]
C:\Users\russel.mercado\source\repos\Yakult-System-New\Yakult.Inventory.App\Pages\Item\RepairHistoryDialog.xaml.cs(34,13): error CS0103: The name 'HistoryGrid' does not exist in the current context [C:\Users\russel.mercado\source\repos\Yakult-System-New\Yakult.Inventory.App\Yakult.Inventory.App.csproj]
C:\Users\russel.mercado\source\repos\Yakult-System-New\Yakult.Inventory.App\Pages\Item\CartridgeCsvImportDialog.xaml.cs(92,17): error CS0103: The name 'TxtCsvPath' does not exist in the current context [C:\Users\russel.mercado\source\repos\Yakult-System-New\Yakult.Inventory.App\Yakult.Inventory.App.csproj]
C:\Users\russel.mercado\source\repos\Yakult-System-New\Yakult.Inventory.App\Pages\Item\CartridgeCsvImportDialog.xaml.cs(93,17): error CS0103: The name 'BtnLoadPreview' does not exist in the current context [C:\Users\russel.mercado\source\repos\Yakult-System-New\Yakult.Inventory.App\Yakult.Inventory.App.csproj]
C:\Users\russel.mercado\source\repos\Yakult-System-New\Yakult.Inventory.App\Pages\Item\CartridgeCsvImportDialog.xaml.cs(94,17): error CS0103: The name 'BtnImport' does not exist in the current context [C:\Users\russel.mercado\source\repos\Yakult-System-New\Yakult.Inventory.App\Yakult.Inventory.App.csproj]
C:\Users\russel.mercado\source\repos\Yakult-System-New\Yakult.Inventory.App\Pages\Item\CartridgeCsvImportDialog.xaml.cs(95,17): error CS0103: The name 'PreviewGrid' does not exist in the current context [C:\Users\russel.mercado\source\repos\Yakult-System-New\Yakult.Inventory.App\Yakult.Inventory.App.csproj]
C:\Users\russel.mercado\source\repos\Yakult-System-New\Yakult.Inventory.App\Pages\Item\CartridgeCsvImportDialog.xaml.cs(96,17): error CS0103: The name 'LblEmptyState' does not exist in the current context [C:\Users\russel.mercado\source\repos\Yakult-System-New\Yakult.Inventory.App\Yakult.Inventory.App.csproj]
C:\Users\russel.mercado\source\repos\Yakult-System-New\Yakult.Inventory.App\Pages\Item\CartridgeCsvImportDialog.xaml.cs(97,17): error CS0103: The name 'BannerDupes' does not exist in the current context [C:\Users\russel.mercado\source\repos\Yakult-System-New\Yakult.Inventory.App\Yakult.Inventory.App.csproj]
C:\Users\russel.mercado\source\repos\Yakult-System-New\Yakult.Inventory.App\Pages\Item\CartridgeCsvImportDialog.xaml.cs(98,17): error CS0103: The name 'LblStatus' does not exist in the current context [C:\Users\russel.mercado\source\repos\Yakult-System-New\Yakult.Inventory.App\Yakult.Inventory.App.csproj]
C:\Users\russel.mercado\source\repos\Yakult-System-New\Yakult.Inventory.App\Pages\Company\CompanyDialog.xaml.cs(365,43): error CS0103: The name 'TxtCompanyName' does not exist in the current context [C:\Users\russel.mercado\source\repos\Yakult-System-New\Yakult.Inventory.App\Yakult.Inventory.App.csproj]
C:\Users\russel.mercado\source\repos\Yakult-System-New\Yakult.Inventory.App\Pages\Company\CompanyDialog.xaml.cs(369,17): error CS0103: The name 'TxtCompanyName' does not exist in the current context [C:\Users\russel.mercado\source\repos\Yakult-System-New\Yakult.Inventory.App\Yakult.Inventory.App.csproj]
C:\Users\russel.mercado\source\repos\Yakult-System-New\Yakult.Inventory.App\Pages\Company\CompanyDialog.xaml.cs(376,45): error CS0103: The name 'ChkIsArchived' does not exist in the current context [C:\Users\russel.mercado\source\repos\Yakult-System-New\Yakult.Inventory.App\Yakult.Inventory.App.csproj]
C:\Users\russel.mercado\source\repos\Yakult-System-New\Yakult.Inventory.App\Pages\Company\CompanyDialog.xaml.cs(389,41): error CS0103: The name 'ChkIsArchived' does not exist in the current context [C:\Users\russel.mercado\source\repos\Yakult-System-New\Yakult.Inventory.App\Yakult.Inventory.App.csproj]
C:\Users\russel.mercado\source\repos\Yakult-System-New\Yakult.Inventory.App\Pages\Company\CompanyDialog.xaml.cs(437,31): error CS0103: The name 'DpCreated' does not exist in the current context [C:\Users\russel.mercado\source\repos\Yakult-System-New\Yakult.Inventory.App\Yakult.Inventory.App.csproj]
C:\Users\russel.mercado\source\repos\Yakult-System-New\Yakult.Inventory.App\Pages\Company\CompanyDialog.xaml.cs(444,24): error CS0103: The name 'TxtCompanyName' does not exist in the current context [C:\Users\russel.mercado\source\repos\Yakult-System-New\Yakult.Inventory.App\Yakult.Inventory.App.csproj]
C:\Users\russel.mercado\source\repos\Yakult-System-New\Yakult.Inventory.App\Pages\Company\CompanyDialog.xaml.cs(445,31): error CS0103: The name 'TxtCompanyDesc' does not exist in the current context [C:\Users\russel.mercado\source\repos\Yakult-System-New\Yakult.Inventory.App\Yakult.Inventory.App.csproj]
C:\Users\russel.mercado\source\repos\Yakult-System-New\Yakult.Inventory.App\Pages\Company\CompanyDialog.xaml.cs(449,41): error CS0103: The name 'ChkActive' does not exist in the current context [C:\Users\russel.mercado\source\repos\Yakult-System-New\Yakult.Inventory.App\Yakult.Inventory.App.csproj]
C:\Users\russel.mercado\source\repos\Yakult-System-New\Yakult.Inventory.App\Pages\Company\CompanyDialog.xaml.cs(449,72): error CS0103: The name 'ChkActive' does not exist in the current context [C:\Users\russel.mercado\source\repos\Yakult-System-New\Yakult.Inventory.App\Yakult.Inventory.App.csproj]
C:\Users\russel.mercado\source\repos\Yakult-System-New\Yakult.Inventory.App\Pages\Company\CompanyDialog.xaml.cs(450,45): error CS0103: The name 'ChkIsArchived' does not exist in the current context [C:\Users\russel.mercado\source\repos\Yakult-System-New\Yakult.Inventory.App\Yakult.Inventory.App.csproj]
C:\Users\russel.mercado\source\repos\Yakult-System-New\Yakult.Inventory.App\Pages\Company\CompanyDialog.xaml.cs(450,81): error CS0103: The name 'ChkIsArchived' does not exist in the current context [C:\Users\russel.mercado\source\repos\Yakult-System-New\Yakult.Inventory.App\Yakult.Inventory.App.csproj]
C:\Users\russel.mercado\source\repos\Yakult-System-New\Yakult.Inventory.App\Pages\Company\CompanyDialog.xaml.cs(456,17): error CS0103: The name 'ChkAddDepartments' does not exist in the current context [C:\Users\russel.mercado\source\repos\Yakult-System-New\Yakult.Inventory.App\Yakult.Inventory.App.csproj]
C:\Users\russel.mercado\source\repos\Yakult-System-New\Yakult.Inventory.App\Pages\Company\CompanyDialog.xaml.cs(458,45): error CS0103: The name 'PnlDepartmentRows' does not exist in the current context [C:\Users\russel.mercado\source\repos\Yakult-System-New\Yakult.Inventory.App\Yakult.Inventory.App.csproj]
C:\Users\russel.mercado\source\repos\Yakult-System-New\Yakult.Inventory.App\Pages\Company\CompanyDialog.xaml.cs(472,17): error CS0103: The name 'ChkAddBranches' does not exist in the current context [C:\Users\russel.mercado\source\repos\Yakult-System-New\Yakult.Inventory.App\Yakult.Inventory.App.csproj]
C:\Users\russel.mercado\source\repos\Yakult-System-New\Yakult.Inventory.App\Pages\Company\CompanyDialog.xaml.cs(474,42): error CS0103: The name 'PnlBranchRows' does not exist in the current context [C:\Users\russel.mercado\source\repos\Yakult-System-New\Yakult.Inventory.App\Yakult.Inventory.App.csproj]
C:\Users\russel.mercado\source\repos\Yakult-System-New\Yakult.Inventory.App\Pages\Item\RepairHistoryDialog.xaml.cs(55,17): error CS0103: The name 'TxtSubtitle' does not exist in the current context [C:\Users\russel.mercado\source\repos\Yakult-System-New\Yakult.Inventory.App\Yakult.Inventory.App.csproj]
C:\Users\russel.mercado\source\repos\Yakult-System-New\Yakult.Inventory.App\Pages\Item\RepairHistoryDialog.xaml.cs(56,23): error CS0103: The name 'TxtSearch' does not exist in the current context [C:\Users\russel.mercado\source\repos\Yakult-System-New\Yakult.Inventory.App\Yakult.Inventory.App.csproj]
C:\Users\russel.mercado\source\repos\Yakult-System-New\Yakult.Inventory.App\Pages\Item\SerialNumbersDialog.xaml.cs(22,13): error CS0103: The name 'InitializeComponent' does not exist in the current context [C:\Users\russel.mercado\source\repos\Yakult-System-New\Yakult.Inventory.App\Yakult.Inventory.App.csproj]
C:\Users\russel.mercado\source\repos\Yakult-System-New\Yakult.Inventory.App\Pages\Item\SerialNumbersDialog.xaml.cs(24,13): error CS0103: The name 'LblItemName' does not exist in the current context [C:\Users\russel.mercado\source\repos\Yakult-System-New\Yakult.Inventory.App\Yakult.Inventory.App.csproj]
C:\Users\russel.mercado\source\repos\Yakult-System-New\Yakult.Inventory.App\Pages\Item\SerialNumbersDialog.xaml.cs(25,13): error CS0103: The name 'TxtSerials' does not exist in the current context [C:\Users\russel.mercado\source\repos\Yakult-System-New\Yakult.Inventory.App\Yakult.Inventory.App.csproj]
C:\Users\russel.mercado\source\repos\Yakult-System-New\Yakult.Inventory.App\Pages\Item\SerialNumbersDialog.xaml.cs(26,13): error CS0103: The name 'TxtSerials' does not exist in the current context [C:\Users\russel.mercado\source\repos\Yakult-System-New\Yakult.Inventory.App\Yakult.Inventory.App.csproj]
C:\Users\russel.mercado\source\repos\Yakult-System-New\Yakult.Inventory.App\Pages\Item\SerialNumbersDialog.xaml.cs(28,50): error CS0103: The name 'TxtSerials' does not exist in the current context [C:\Users\russel.mercado\source\repos\Yakult-System-New\Yakult.Inventory.App\Yakult.Inventory.App.csproj]
C:\Users\russel.mercado\source\repos\Yakult-System-New\Yakult.Inventory.App\Pages\Item\SerialNumbersDialog.xaml.cs(28,70): error CS0103: The name 'TxtSerials' does not exist in the current context [C:\Users\russel.mercado\source\repos\Yakult-System-New\Yakult.Inventory.App\Yakult.Inventory.App.csproj]
C:\Users\russel.mercado\source\repos\Yakult-System-New\Yakult.Inventory.App\Pages\Item\SerialNumbersDialog.xaml.cs(28,94): error CS0103: The name 'TxtSerials' does not exist in the current context [C:\Users\russel.mercado\source\repos\Yakult-System-New\Yakult.Inventory.App\Yakult.Inventory.App.csproj]
C:\Users\russel.mercado\source\repos\Yakult-System-New\Yakult.Inventory.App\Pages\Item\InvoiceBuilderDialog.xaml.cs(175,13): error CS0103: The name 'InitializeComponent' does not exist in the current context [C:\Users\russel.mercado\source\repos\Yakult-System-New\Yakult.Inventory.App\Yakult.Inventory.App.csproj]
C:\Users\russel.mercado\source\repos\Yakult-System-New\Yakult.Inventory.App\Pages\Item\InvoiceBuilderDialog.xaml.cs(178,13): error CS0103: The name 'TabsHost' does not exist in the current context [C:\Users\russel.mercado\source\repos\Yakult-System-New\Yakult.Inventory.App\Yakult.Inventory.App.csproj]
C:\Users\russel.mercado\source\repos\Yakult-System-New\Yakult.Inventory.App\Pages\Item\InvoiceBuilderDialog.xaml.cs(216,13): error CS0103: The name 'GroupEditorRoot' does not exist in the current context [C:\Users\russel.mercado\source\repos\Yakult-System-New\Yakult.Inventory.App\Yakult.Inventory.App.csproj]
C:\Users\russel.mercado\source\repos\Yakult-System-New\Yakult.Inventory.App\Pages\Item\BatchAddItemDialog.xaml.cs(114,13): error CS0103: The name 'TxtItemName' does not exist in the current context [C:\Users\russel.mercado\source\repos\Yakult-System-New\Yakult.Inventory.App\Yakult.Inventory.App.csproj]
C:\Users\russel.mercado\source\repos\Yakult-System-New\Yakult.Inventory.App\Pages\Item\BatchAddItemDialog.xaml.cs(115,13): error CS0103: The name 'TxtDescription' does not exist in the current context [C:\Users\russel.mercado\source\repos\Yakult-System-New\Yakult.Inventory.App\Yakult.Inventory.App.csproj]
C:\Users\russel.mercado\source\repos\Yakult-System-New\Yakult.Inventory.App\Pages\Item\BatchAddItemDialog.xaml.cs(116,13): error CS0103: The name 'TxtModelNumber' does not exist in the current context [C:\Users\russel.mercado\source\repos\Yakult-System-New\Yakult.Inventory.App\Yakult.Inventory.App.csproj]
C:\Users\russel.mercado\source\repos\Yakult-System-New\Yakult.Inventory.App\Pages\Item\BatchAddItemDialog.xaml.cs(118,33): error CS0103: The name 'CmbCategory' does not exist in the current context [C:\Users\russel.mercado\source\repos\Yakult-System-New\Yakult.Inventory.App\Yakult.Inventory.App.csproj]
C:\Users\russel.mercado\source\repos\Yakult-System-New\Yakult.Inventory.App\Pages\Item\BatchAddItemDialog.xaml.cs(120,21): error CS0103: The name 'CmbCategory' does not exist in the current context [C:\Users\russel.mercado\source\repos\Yakult-System-New\Yakult.Inventory.App\Yakult.Inventory.App.csproj]
C:\Users\russel.mercado\source\repos\Yakult-System-New\Yakult.Inventory.App\Pages\Item\BatchAddItemDialog.xaml.cs(122,19): error CS0103: The name 'CmbCategory' does not exist in the current context [C:\Users\russel.mercado\source\repos\Yakult-System-New\Yakult.Inventory.App\Yakult.Inventory.App.csproj]
C:\Users\russel.mercado\source\repos\Yakult-System-New\Yakult.Inventory.App\Pages\Item\BatchAddItemDialog.xaml.cs(125,33): error CS0103: The name 'CmbSubType' does not exist in the current context [C:\Users\russel.mercado\source\repos\Yakult-System-New\Yakult.Inventory.App\Yakult.Inventory.App.csproj]
C:\Users\russel.mercado\source\repos\Yakult-System-New\Yakult.Inventory.App\Pages\Item\BatchAddItemDialog.xaml.cs(127,35): error CS0103: The name 'CmbSubType' does not exist in the current context [C:\Users\russel.mercado\source\repos\Yakult-System-New\Yakult.Inventory.App\Yakult.Inventory.App.csproj]
C:\Users\russel.mercado\source\repos\Yakult-System-New\Yakult.Inventory.App\Pages\Item\BatchAddItemDialog.xaml.cs(128,19): error CS0103: The name 'CmbSubType' does not exist in the current context [C:\Users\russel.mercado\source\repos\Yakult-System-New\Yakult.Inventory.App\Yakult.Inventory.App.csproj]
C:\Users\russel.mercado\source\repos\Yakult-System-New\Yakult.Inventory.App\Pages\Item\BatchAddItemDialog.xaml.cs(131,33): error CS0103: The name 'CmbItemType' does not exist in the current context [C:\Users\russel.mercado\source\repos\Yakult-System-New\Yakult.Inventory.App\Yakult.Inventory.App.csproj]
C:\Users\russel.mercado\source\repos\Yakult-System-New\Yakult.Inventory.App\Pages\Item\BatchAddItemDialog.xaml.cs(133,35): error CS0103: The name 'CmbItemType' does not exist in the current context [C:\Users\russel.mercado\source\repos\Yakult-System-New\Yakult.Inventory.App\Yakult.Inventory.App.csproj]
C:\Users\russel.mercado\source\repos\Yakult-System-New\Yakult.Inventory.App\Pages\Item\BatchAddItemDialog.xaml.cs(134,19): error CS0103: The name 'CmbItemType' does not exist in the current context [C:\Users\russel.mercado\source\repos\Yakult-System-New\Yakult.Inventory.App\Yakult.Inventory.App.csproj]
C:\Users\russel.mercado\source\repos\Yakult-System-New\Yakult.Inventory.App\Pages\Item\BatchAddItemDialog.xaml.cs(140,17): error CS0103: The name 'CmbCartridgeOrigin' does not exist in the current context [C:\Users\russel.mercado\source\repos\Yakult-System-New\Yakult.Inventory.App\Yakult.Inventory.App.csproj]
C:\Users\russel.mercado\source\repos\Yakult-System-New\Yakult.Inventory.App\Pages\Item\BatchAddItemDialog.xaml.cs(148,13): error CS0103: The name 'CmbUnitOfMeasure' does not exist in the current context [C:\Users\russel.mercado\source\repos\Yakult-System-New\Yakult.Inventory.App\Yakult.Inventory.App.csproj]
C:\Users\russel.mercado\source\repos\Yakult-System-New\Yakult.Inventory.App\Pages\Item\BatchAddItemDialog.xaml.cs(149,13): error CS0103: The name 'TxtAmount' does not exist in the current context [C:\Users\russel.mercado\source\repos\Yakult-System-New\Yakult.Inventory.App\Yakult.Inventory.App.csproj]
C:\Users\russel.mercado\source\repos\Yakult-System-New\Yakult.Inventory.App\Pages\Item\BatchAddItemDialog.xaml.cs(151,33): error CS0103: The name 'CmbCondition' does not exist in the current context [C:\Users\russel.mercado\source\repos\Yakult-System-New\Yakult.Inventory.App\Yakult.Inventory.App.csproj]
C:\Users\russel.mercado\source\repos\Yakult-System-New\Yakult.Inventory.App\Pages\Item\BatchAddItemDialog.xaml.cs(153,21): error CS0103: The name 'CmbCondition' does not exist in the current context [C:\Users\russel.mercado\source\repos\Yakult-System-New\Yakult.Inventory.App\Yakult.Inventory.App.csproj]
C:\Users\russel.mercado\source\repos\Yakult-System-New\Yakult.Inventory.App\Pages\Item\BatchAddItemDialog.xaml.cs(154,19): error CS0103: The name 'CmbCondition' does not exist in the current context [C:\Users\russel.mercado\source\repos\Yakult-System-New\Yakult.Inventory.App\Yakult.Inventory.App.csproj]
C:\Users\russel.mercado\source\repos\Yakult-System-New\Yakult.Inventory.App\Pages\Item\BatchAddItemDialog.xaml.cs(160,13): error CS0103: The name 'TxtRemarks' does not exist in the current context [C:\Users\russel.mercado\source\repos\Yakult-System-New\Yakult.Inventory.App\Yakult.Inventory.App.csproj]
C:\Users\russel.mercado\source\repos\Yakult-System-New\Yakult.Inventory.App\Pages\Item\BatchAddItemDialog.xaml.cs(161,13): error CS0103: The name 'TxtLicenseNumber' does not exist in the current context [C:\Users\russel.mercado\source\repos\Yakult-System-New\Yakult.Inventory.App\Yakult.Inventory.App.csproj]
C:\Users\russel.mercado\source\repos\Yakult-System-New\Yakult.Inventory.App\Pages\Item\BatchAddItemDialog.xaml.cs(162,13): error CS0103: The name 'TxtPartNumber' does not exist in the current context [C:\Users\russel.mercado\source\repos\Yakult-System-New\Yakult.Inventory.App\Yakult.Inventory.App.csproj]
C:\Users\russel.mercado\source\repos\Yakult-System-New\Yakult.Inventory.App\Pages\Item\BatchAddItemDialog.xaml.cs(163,13): error CS0103: The name 'TxtWarrantyYears' does not exist in the current context [C:\Users\russel.mercado\source\repos\Yakult-System-New\Yakult.Inventory.App\Yakult.Inventory.App.csproj]
C:\Users\russel.mercado\source\repos\Yakult-System-New\Yakult.Inventory.App\Pages\Item\BatchAddItemDialog.xaml.cs(166,17): error CS0103: The name 'ChkWarrantyStart' does not exist in the current context [C:\Users\russel.mercado\source\repos\Yakult-System-New\Yakult.Inventory.App\Yakult.Inventory.App.csproj]
C:\Users\russel.mercado\source\repos\Yakult-System-New\Yakult.Inventory.App\Pages\Item\BatchAddItemDialog.xaml.cs(167,17): error CS0103: The name 'DpWarrantyStart' does not exist in the current context [C:\Users\russel.mercado\source\repos\Yakult-System-New\Yakult.Inventory.App\Yakult.Inventory.App.csproj]
C:\Users\russel.mercado\source\repos\Yakult-System-New\Yakult.Inventory.App\Pages\Item\BatchAddItemDialog.xaml.cs(171,17): error CS0103: The name 'ChkWarrantyEnd' does not exist in the current context [C:\Users\russel.mercado\source\repos\Yakult-System-New\Yakult.Inventory.App\Yakult.Inventory.App.csproj]
C:\Users\russel.mercado\source\repos\Yakult-System-New\Yakult.Inventory.App\Pages\Item\BatchAddItemDialog.xaml.cs(172,17): error CS0103: The name 'DpWarrantyEnd' does not exist in the current context [C:\Users\russel.mercado\source\repos\Yakult-System-New\Yakult.Inventory.App\Yakult.Inventory.App.csproj]
C:\Users\russel.mercado\source\repos\Yakult-System-New\Yakult.Inventory.App\Pages\Item\BatchAddItemDialog.xaml.cs(174,13): error CS0103: The name 'ChkIsTrackedAsset' does not exist in the current context [C:\Users\russel.mercado\source\repos\Yakult-System-New\Yakult.Inventory.App\Yakult.Inventory.App.csproj]
C:\Users\russel.mercado\source\repos\Yakult-System-New\Yakult.Inventory.App\Pages\Item\BatchAddItemDialog.xaml.cs(175,13): error CS0103: The name 'ChkIsBorrowable' does not exist in the current context [C:\Users\russel.mercado\source\repos\Yakult-System-New\Yakult.Inventory.App\Yakult.Inventory.App.csproj]
C:\Users\russel.mercado\source\repos\Yakult-System-New\Yakult.Inventory.App\Pages\Item\BatchAddItemDialog.xaml.cs(179,17): error CS0103: The name 'ChkDatePurchased' does not exist in the current context [C:\Users\russel.mercado\source\repos\Yakult-System-New\Yakult.Inventory.App\Yakult.Inventory.App.csproj]
C:\Users\russel.mercado\source\repos\Yakult-System-New\Yakult.Inventory.App\Pages\Item\BatchAddItemDialog.xaml.cs(180,17): error CS0103: The name 'DpDatePurchased' does not exist in the current context [C:\Users\russel.mercado\source\repos\Yakult-System-New\Yakult.Inventory.App\Yakult.Inventory.App.csproj]
C:\Users\russel.mercado\source\repos\Yakult-System-New\Yakult.Inventory.App\Pages\Item\BatchAddItemDialog.xaml.cs(183,42): error CS0103: The name 'DpStartDate' does not exist in the current context [C:\Users\russel.mercado\source\repos\Yakult-System-New\Yakult.Inventory.App\Yakult.Inventory.App.csproj]
C:\Users\russel.mercado\source\repos\Yakult-System-New\Yakult.Inventory.App\Pages\Item\BatchAddItemDialog.xaml.cs(186,17): error CS0103: The name 'DpEndDate' does not exist in the current context [C:\Users\russel.mercado\source\repos\Yakult-System-New\Yakult.Inventory.App\Yakult.Inventory.App.csproj]
C:\Users\russel.mercado\source\repos\Yakult-System-New\Yakult.Inventory.App\Pages\Item\BatchAddItemDialog.xaml.cs(187,17): error CS0103: The name 'ChkServiceContractDates' does not exist in the current context [C:\Users\russel.mercado\source\repos\Yakult-System-New\Yakult.Inventory.App\Yakult.Inventory.App.csproj]
C:\Users\russel.mercado\source\repos\Yakult-System-New\Yakult.Inventory.App\Pages\Item\SerialNumbersDialog.xaml.cs(33,20): error CS0103: The name 'TxtSerials' does not exist in the current context [C:\Users\russel.mercado\source\repos\Yakult-System-New\Yakult.Inventory.App\Yakult.Inventory.App.csproj]
C:\Users\russel.mercado\source\repos\Yakult-System-New\Yakult.Inventory.App\Pages\Item\SerialNumbersDialog.xaml.cs(44,13): error CS0103: The name 'LblCount' does not exist in the current context [C:\Users\russel.mercado\source\repos\Yakult-System-New\Yakult.Inventory.App\Yakult.Inventory.App.csproj]
C:\Users\russel.mercado\source\repos\Yakult-System-New\Yakult.Inventory.App\Pages\Item\InvoiceBuilderDialog.xaml.cs(223,13): error CS0103: The name 'LblSummaryDocNumber' does not exist in the current context [C:\Users\russel.mercado\source\repos\Yakult-System-New\Yakult.Inventory.App\Yakult.Inventory.App.csproj]
C:\Users\russel.mercado\source\repos\Yakult-System-New\Yakult.Inventory.App\Pages\Item\InvoiceBuilderDialog.xaml.cs(228,13): error CS0103: The name 'LblSummaryCompany' does not exist in the current context [C:\Users\russel.mercado\source\repos\Yakult-System-New\Yakult.Inventory.App\Yakult.Inventory.App.csproj]
C:\Users\russel.mercado\source\repos\Yakult-System-New\Yakult.Inventory.App\Pages\Item\InvoiceBuilderDialog.xaml.cs(230,13): error CS0103: The name 'LblSummaryDate' does not exist in the current context [C:\Users\russel.mercado\source\repos\Yakult-System-New\Yakult.Inventory.App\Yakult.Inventory.App.csproj]
C:\Users\russel.mercado\source\repos\Yakult-System-New\Yakult.Inventory.App\Pages\Item\InvoiceHeaderDialog.xaml.cs(33,13): error CS0103: The name 'InitializeComponent' does not exist in the current context [C:\Users\russel.mercado\source\repos\Yakult-System-New\Yakult.Inventory.App\Yakult.Inventory.App.csproj]
C:\Users\russel.mercado\source\repos\Yakult-System-New\Yakult.Inventory.App\Pages\Item\InvoiceHeaderDialog.xaml.cs(35,50): error CS0103: The name 'CmbCompany' does not exist in the current context [C:\Users\russel.mercado\source\repos\Yakult-System-New\Yakult.Inventory.App\Yakult.Inventory.App.csproj]
C:\Users\russel.mercado\source\repos\Yakult-System-New\Yakult.Inventory.App\Pages\Item\InvoiceHeaderDialog.xaml.cs(35,78): error CS0103: The name 'CmbSiteCompany' does not exist in the current context [C:\Users\russel.mercado\source\repos\Yakult-System-New\Yakult.Inventory.App\Yakult.Inventory.App.csproj]
C:\Users\russel.mercado\source\repos\Yakult-System-New\Yakult.Inventory.App\Pages\Item\InvoiceHeaderDialog.xaml.cs(36,52): error CS0103: The name 'CmbDistributor' does not exist in the current context [C:\Users\russel.mercado\source\repos\Yakult-System-New\Yakult.Inventory.App\Yakult.Inventory.App.csproj]
C:\Users\russel.mercado\source\repos\Yakult-System-New\Yakult.Inventory.App\Pages\Item\InvoiceHeaderDialog.xaml.cs(37,47): error CS0103: The name 'CmbSiteBranch' does not exist in the current context [C:\Users\russel.mercado\source\repos\Yakult-System-New\Yakult.Inventory.App\Yakult.Inventory.App.csproj]
C:\Users\russel.mercado\source\repos\Yakult-System-New\Yakult.Inventory.App\Pages\Item\InvoiceHeaderDialog.xaml.cs(38,51): error CS0103: The name 'CmbSiteDepartment' does not exist in the current context [C:\Users\russel.mercado\source\repos\Yakult-System-New\Yakult.Inventory.App\Yakult.Inventory.App.csproj]
C:\Users\russel.mercado\source\repos\Yakult-System-New\Yakult.Inventory.App\Pages\Item\InvoiceHeaderDialog.xaml.cs(40,13): error CS0103: The name 'TxtDocumentNumber' does not exist in the current context [C:\Users\russel.mercado\source\repos\Yakult-System-New\Yakult.Inventory.App\Yakult.Inventory.App.csproj]
C:\Users\russel.mercado\source\repos\Yakult-System-New\Yakult.Inventory.App\Pages\Item\InvoiceHeaderDialog.xaml.cs(41,13): error CS0103: The name 'TxtReferenceNumber' does not exist in the current context [C:\Users\russel.mercado\source\repos\Yakult-System-New\Yakult.Inventory.App\Yakult.Inventory.App.csproj]
C:\Users\russel.mercado\source\repos\Yakult-System-New\Yakult.Inventory.App\Pages\Item\InvoiceHeaderDialog.xaml.cs(42,13): error CS0103: The name 'DpDocumentDate' does not exist in the current context [C:\Users\russel.mercado\source\repos\Yakult-System-New\Yakult.Inventory.App\Yakult.Inventory.App.csproj]
C:\Users\russel.mercado\source\repos\Yakult-System-New\Yakult.Inventory.App\Pages\Item\InvoiceHeaderDialog.xaml.cs(43,13): error CS0103: The name 'CmbCompany' does not exist in the current context [C:\Users\russel.mercado\source\repos\Yakult-System-New\Yakult.Inventory.App\Yakult.Inventory.App.csproj]
C:\Users\russel.mercado\source\repos\Yakult-System-New\Yakult.Inventory.App\Pages\Item\InvoiceHeaderDialog.xaml.cs(44,13): error CS0103: The name 'CmbDistributor' does not exist in the current context [C:\Users\russel.mercado\source\repos\Yakult-System-New\Yakult.Inventory.App\Yakult.Inventory.App.csproj]
C:\Users\russel.mercado\source\repos\Yakult-System-New\Yakult.Inventory.App\Pages\Item\InvoiceHeaderDialog.xaml.cs(45,13): error CS0103: The name 'CmbSiteCompany' does not exist in the current context [C:\Users\russel.mercado\source\repos\Yakult-System-New\Yakult.Inventory.App\Yakult.Inventory.App.csproj]
C:\Users\russel.mercado\source\repos\Yakult-System-New\Yakult.Inventory.App\Pages\Item\InvoiceHeaderDialog.xaml.cs(46,13): error CS0103: The name 'CmbSiteBranch' does not exist in the current context [C:\Users\russel.mercado\source\repos\Yakult-System-New\Yakult.Inventory.App\Yakult.Inventory.App.csproj]
C:\Users\russel.mercado\source\repos\Yakult-System-New\Yakult.Inventory.App\Pages\Item\InvoiceHeaderDialog.xaml.cs(47,13): error CS0103: The name 'CmbSiteDepartment' does not exist in the current context [C:\Users\russel.mercado\source\repos\Yakult-System-New\Yakult.Inventory.App\Yakult.Inventory.App.csproj]
C:\Users\russel.mercado\source\repos\Yakult-System-New\Yakult.Inventory.App\Pages\Item\InvoiceHeaderDialog.xaml.cs(48,13): error CS0103: The name 'DpStartDate' does not exist in the current context [C:\Users\russel.mercado\source\repos\Yakult-System-New\Yakult.Inventory.App\Yakult.Inventory.App.csproj]
C:\Users\russel.mercado\source\repos\Yakult-System-New\Yakult.Inventory.App\Pages\Item\InvoiceHeaderDialog.xaml.cs(49,13): error CS0103: The name 'DpEndDate' does not exist in the current context [C:\Users\russel.mercado\source\repos\Yakult-System-New\Yakult.Inventory.App\Yakult.Inventory.App.csproj]
C:\Users\russel.mercado\source\repos\Yakult-System-New\Yakult.Inventory.App\Pages\Item\RepairHistoryDialog.xaml.cs(92,54): error CS0103: The name 'TxtSubtitle' does not exist in the current context [C:\Users\russel.mercado\source\repos\Yakult-System-New\Yakult.Inventory.App\Yakult.Inventory.App.csproj]
C:\Users\russel.mercado\source\repos\Yakult-System-New\Yakult.Inventory.App\Pages\Item\SerialNumbersDialog.xaml.cs(59,13): error CS0103: The name 'TxtSerials' does not exist in the current context [C:\Users\russel.mercado\source\repos\Yakult-System-New\Yakult.Inventory.App\Yakult.Inventory.App.csproj]
C:\Users\russel.mercado\source\repos\Yakult-System-New\Yakult.Inventory.App\Pages\Item\SerialNumbersDialog.xaml.cs(60,13): error CS0103: The name 'TxtSerials' does not exist in the current context [C:\Users\russel.mercado\source\repos\Yakult-System-New\Yakult.Inventory.App\Yakult.Inventory.App.csproj]
C:\Users\russel.mercado\source\repos\Yakult-System-New\Yakult.Inventory.App\Pages\Item\InvoiceHeaderDialog.xaml.cs(64,13): error CS0103: The name 'LblReceiptSet' does not exist in the current context [C:\Users\russel.mercado\source\repos\Yakult-System-New\Yakult.Inventory.App\Yakult.Inventory.App.csproj]
C:\Users\russel.mercado\source\repos\Yakult-System-New\Yakult.Inventory.App\Pages\Item\InvoiceHeaderDialog.xaml.cs(67,13): error CS0103: The name 'BtnRemoveReceiptSet' does not exist in the current context [C:\Users\russel.mercado\source\repos\Yakult-System-New\Yakult.Inventory.App\Yakult.Inventory.App.csproj]
C:\Users\russel.mercado\source\repos\Yakult-System-New\Yakult.Inventory.App\Pages\Item\InvoiceHeaderDialog.xaml.cs(68,13): error CS0103: The name 'BtnViewReceiptSet' does not exist in the current context [C:\Users\russel.mercado\source\repos\Yakult-System-New\Yakult.Inventory.App\Yakult.Inventory.App.csproj]
C:\Users\russel.mercado\source\repos\Yakult-System-New\Yakult.Inventory.App\Pages\Item\InvoiceHeaderDialog.xaml.cs(69,13): error CS0103: The name 'BtnLinkReceiptSet' does not exist in the current context [C:\Users\russel.mercado\source\repos\Yakult-System-New\Yakult.Inventory.App\Yakult.Inventory.App.csproj]
C:\Users\russel.mercado\source\repos\Yakult-System-New\Yakult.Inventory.App\Pages\Item\BatchAddItemDialog.xaml.cs(246,13): error CS0103: The name 'BtnMaximizeGlyph' does not exist in the current context [C:\Users\russel.mercado\source\repos\Yakult-System-New\Yakult.Inventory.App\Yakult.Inventory.App.csproj]
C:\Users\russel.mercado\source\repos\Yakult-System-New\Yakult.Inventory.App\Pages\Item\CartridgeCsvImportDialog.xaml.cs(109,24): error CS0103: The name 'TxtCsvPath' does not exist in the current context [C:\Users\russel.mercado\source\repos\Yakult-System-New\Yakult.Inventory.App\Yakult.Inventory.App.csproj]
C:\Users\russel.mercado\source\repos\Yakult-System-New\Yakult.Inventory.App\Pages\Item\CartridgeCsvImportDialog.xaml.cs(116,13): error CS0103: The name 'BtnLoadPreview' does not exist in the current context [C:\Users\russel.mercado\source\repos\Yakult-System-New\Yakult.Inventory.App\Yakult.Inventory.App.csproj]
C:\Users\russel.mercado\source\repos\Yakult-System-New\Yakult.Inventory.App\Pages\Item\CartridgeCsvImportDialog.xaml.cs(117,13): error CS0103: The name 'BtnImport' does not exist in the current context [C:\Users\russel.mercado\source\repos\Yakult-System-New\Yakult.Inventory.App\Yakult.Inventory.App.csproj]
C:\Users\russel.mercado\source\repos\Yakult-System-New\Yakult.Inventory.App\Pages\Item\CartridgeCsvImportDialog.xaml.cs(118,13): error CS0103: The name 'LblStatus' does not exist in the current context [C:\Users\russel.mercado\source\repos\Yakult-System-New\Yakult.Inventory.App\Yakult.Inventory.App.csproj]
C:\Users\russel.mercado\source\repos\Yakult-System-New\Yakult.Inventory.App\Pages\Item\CartridgeCsvImportDialog.xaml.cs(119,13): error CS0103: The name 'LblEmptyState' does not exist in the current context [C:\Users\russel.mercado\source\repos\Yakult-System-New\Yakult.Inventory.App\Yakult.Inventory.App.csproj]
C:\Users\russel.mercado\source\repos\Yakult-System-New\Yakult.Inventory.App\Pages\Item\CartridgeCsvImportDialog.xaml.cs(120,13): error CS0103: The name 'PreviewGrid' does not exist in the current context [C:\Users\russel.mercado\source\repos\Yakult-System-New\Yakult.Inventory.App\Yakult.Inventory.App.csproj]
C:\Users\russel.mercado\source\repos\Yakult-System-New\Yakult.Inventory.App\Pages\Item\CartridgeCsvImportDialog.xaml.cs(152,17): error CS0103: The name 'PreviewGrid' does not exist in the current context [C:\Users\russel.mercado\source\repos\Yakult-System-New\Yakult.Inventory.App\Yakult.Inventory.App.csproj]
C:\Users\russel.mercado\source\repos\Yakult-System-New\Yakult.Inventory.App\Pages\Item\CartridgeCsvImportDialog.xaml.cs(153,17): error CS0103: The name 'PreviewGrid' does not exist in the current context [C:\Users\russel.mercado\source\repos\Yakult-System-New\Yakult.Inventory.App\Yakult.Inventory.App.csproj]
C:\Users\russel.mercado\source\repos\Yakult-System-New\Yakult.Inventory.App\Pages\Item\CartridgeCsvImportDialog.xaml.cs(154,17): error CS0103: The name 'LblEmptyState' does not exist in the current context [C:\Users\russel.mercado\source\repos\Yakult-System-New\Yakult.Inventory.App\Yakult.Inventory.App.csproj]
C:\Users\russel.mercado\source\repos\Yakult-System-New\Yakult.Inventory.App\Pages\Item\CartridgeCsvImportDialog.xaml.cs(159,17): error CS0103: The name 'LblStatus' does not exist in the current context [C:\Users\russel.mercado\source\repos\Yakult-System-New\Yakult.Inventory.App\Yakult.Inventory.App.csproj]
C:\Users\russel.mercado\source\repos\Yakult-System-New\Yakult.Inventory.App\Pages\Item\CartridgeCsvImportDialog.xaml.cs(169,21): error CS0103: The name 'LblDupeNotice' does not exist in the current context [C:\Users\russel.mercado\source\repos\Yakult-System-New\Yakult.Inventory.App\Yakult.Inventory.App.csproj]
C:\Users\russel.mercado\source\repos\Yakult-System-New\Yakult.Inventory.App\Pages\Item\CartridgeCsvImportDialog.xaml.cs(170,21): error CS0103: The name 'BannerDupes' does not exist in the current context [C:\Users\russel.mercado\source\repos\Yakult-System-New\Yakult.Inventory.App\Yakult.Inventory.App.csproj]
C:\Users\russel.mercado\source\repos\Yakult-System-New\Yakult.Inventory.App\Pages\Item\CartridgeCsvImportDialog.xaml.cs(174,21): error CS0103: The name 'BannerDupes' does not exist in the current context [C:\Users\russel.mercado\source\repos\Yakult-System-New\Yakult.Inventory.App\Yakult.Inventory.App.csproj]
C:\Users\russel.mercado\source\repos\Yakult-System-New\Yakult.Inventory.App\Pages\Item\CartridgeCsvImportDialog.xaml.cs(177,17): error CS0103: The name 'BtnImport' does not exist in the current context [C:\Users\russel.mercado\source\repos\Yakult-System-New\Yakult.Inventory.App\Yakult.Inventory.App.csproj]
C:\Users\russel.mercado\source\repos\Yakult-System-New\Yakult.Inventory.App\Pages\Item\CartridgeCsvImportDialog.xaml.cs(181,17): error CS0103: The name 'LblStatus' does not exist in the current context [C:\Users\russel.mercado\source\repos\Yakult-System-New\Yakult.Inventory.App\Yakult.Inventory.App.csproj]
C:\Users\russel.mercado\source\repos\Yakult-System-New\Yakult.Inventory.App\Pages\Item\CartridgeCsvImportDialog.xaml.cs(185,17): error CS0103: The name 'BtnLoadPreview' does not exist in the current context [C:\Users\russel.mercado\source\repos\Yakult-System-New\Yakult.Inventory.App\Yakult.Inventory.App.csproj]
C:\Users\russel.mercado\source\repos\Yakult-System-New\Yakult.Inventory.App\Pages\Item\BatchAddItemDialog.xaml.cs(342,17): error CS0103: The name 'CmbCategory' does not exist in the current context [C:\Users\russel.mercado\source\repos\Yakult-System-New\Yakult.Inventory.App\Yakult.Inventory.App.csproj]
C:\Users\russel.mercado\source\repos\Yakult-System-New\Yakult.Inventory.App\Pages\Item\BatchAddItemDialog.xaml.cs(354,29): error CS0103: The name 'CmbCategory' does not exist in the current context [C:\Users\russel.mercado\source\repos\Yakult-System-New\Yakult.Inventory.App\Yakult.Inventory.App.csproj]
C:\Users\russel.mercado\source\repos\Yakult-System-New\Yakult.Inventory.App\Pages\Item\InvoiceBuilderDialog.xaml.cs(350,17): error CS0103: The name 'TxtMaximizeIcon' does not exist in the current context [C:\Users\russel.mercado\source\repos\Yakult-System-New\Yakult.Inventory.App\Yakult.Inventory.App.csproj]
C:\Users\russel.mercado\source\repos\Yakult-System-New\Yakult.Inventory.App\Pages\Item\InvoiceBuilderDialog.xaml.cs(352,13): error CS0103: The name 'TxtMaximizeIcon' does not exist in the current context [C:\Users\russel.mercado\source\repos\Yakult-System-New\Yakult.Inventory.App\Yakult.Inventory.App.csproj]
C:\Users\russel.mercado\source\repos\Yakult-System-New\Yakult.Inventory.App\Pages\Item\InvoiceBuilderDialog.xaml.cs(353,13): error CS0103: The name 'TxtMaximizeIcon' does not exist in the current context [C:\Users\russel.mercado\source\repos\Yakult-System-New\Yakult.Inventory.App\Yakult.Inventory.App.csproj]
C:\Users\russel.mercado\source\repos\Yakult-System-New\Yakult.Inventory.App\Pages\Item\BatchAddItemDialog.xaml.cs(370,17): error CS0103: The name 'CmbCondition' does not exist in the current context [C:\Users\russel.mercado\source\repos\Yakult-System-New\Yakult.Inventory.App\Yakult.Inventory.App.csproj]
C:\Users\russel.mercado\source\repos\Yakult-System-New\Yakult.Inventory.App\Pages\Item\BatchAddItemDialog.xaml.cs(379,29): error CS0103: The name 'CmbCondition' does not exist in the current context [C:\Users\russel.mercado\source\repos\Yakult-System-New\Yakult.Inventory.App\Yakult.Inventory.App.csproj]
C:\Users\russel.mercado\source\repos\Yakult-System-New\Yakult.Inventory.App\Pages\Item\BatchAddItemDialog.xaml.cs(384,37): error CS0103: The name 'CmbCondition' does not exist in the current context [C:\Users\russel.mercado\source\repos\Yakult-System-New\Yakult.Inventory.App\Yakult.Inventory.App.csproj]
C:\Users\russel.mercado\source\repos\Yakult-System-New\Yakult.Inventory.App\Pages\Item\BatchAddItemDialog.xaml.cs(386,25): error CS0103: The name 'CmbCondition' does not exist in the current context [C:\Users\russel.mercado\source\repos\Yakult-System-New\Yakult.Inventory.App\Yakult.Inventory.App.csproj]
C:\Users\russel.mercado\source\repos\Yakult-System-New\Yakult.Inventory.App\Pages\Item\BatchAddItemDialog.xaml.cs(388,23): error CS0103: The name 'CmbCondition' does not exist in the current context [C:\Users\russel.mercado\source\repos\Yakult-System-New\Yakult.Inventory.App\Yakult.Inventory.App.csproj]
C:\Users\russel.mercado\source\repos\Yakult-System-New\Yakult.Inventory.App\Pages\Item\BatchAddItemDialog.xaml.cs(390,21): error CS0103: The name 'CmbCondition' does not exist in the current context [C:\Users\russel.mercado\source\repos\Yakult-System-New\Yakult.Inventory.App\Yakult.Inventory.App.csproj]
C:\Users\russel.mercado\source\repos\Yakult-System-New\Yakult.Inventory.App\Pages\Item\BatchAddItemDialog.xaml.cs(390,55): error CS0103: The name 'CmbCondition' does not exist in the current context [C:\Users\russel.mercado\source\repos\Yakult-System-New\Yakult.Inventory.App\Yakult.Inventory.App.csproj]
C:\Users\russel.mercado\source\repos\Yakult-System-New\Yakult.Inventory.App\Pages\Item\BatchAddItemDialog.xaml.cs(391,21): error CS0103: The name 'CmbCondition' does not exist in the current context [C:\Users\russel.mercado\source\repos\Yakult-System-New\Yakult.Inventory.App\Yakult.Inventory.App.csproj]
C:\Users\russel.mercado\source\repos\Yakult-System-New\Yakult.Inventory.App\Pages\Item\RepairHistoryDialog.xaml.cs(139,22): error CS0103: The name 'TxtSearch' does not exist in the current context [C:\Users\russel.mercado\source\repos\Yakult-System-New\Yakult.Inventory.App\Yakult.Inventory.App.csproj]
C:\Users\russel.mercado\source\repos\Yakult-System-New\Yakult.Inventory.App\Pages\Item\RepairHistoryDialog.xaml.cs(140,30): error CS0103: The name 'CmbAction' does not exist in the current context [C:\Users\russel.mercado\source\repos\Yakult-System-New\Yakult.Inventory.App\Yakult.Inventory.App.csproj]
C:\Users\russel.mercado\source\repos\Yakult-System-New\Yakult.Inventory.App\Pages\Item\RepairHistoryDialog.xaml.cs(144,44): error CS1503: Argument 1: cannot convert from 'System.ReadOnlySpan<char>' to 'string' [C:\Users\russel.mercado\source\repos\Yakult-System-New\Yakult.Inventory.App\Yakult.Inventory.App.csproj]
C:\Users\russel.mercado\source\repos\Yakult-System-New\Yakult.Inventory.App\Pages\Item\RepairHistoryDialog.xaml.cs(146,53): error CS8175: Cannot use ref local 'q' inside an anonymous method, lambda expression, or query expression [C:\Users\russel.mercado\source\repos\Yakult-System-New\Yakult.Inventory.App\Yakult.Inventory.App.csproj]
C:\Users\russel.mercado\source\repos\Yakult-System-New\Yakult.Inventory.App\Pages\Item\RepairHistoryDialog.xaml.cs(147,55): error CS8175: Cannot use ref local 'q' inside an anonymous method, lambda expression, or query expression [C:\Users\russel.mercado\source\repos\Yakult-System-New\Yakult.Inventory.App\Yakult.Inventory.App.csproj]
C:\Users\russel.mercado\source\repos\Yakult-System-New\Yakult.Inventory.App\Pages\Item\RepairHistoryDialog.xaml.cs(148,49): error CS8175: Cannot use ref local 'q' inside an anonymous method, lambda expression, or query expression [C:\Users\russel.mercado\source\repos\Yakult-System-New\Yakult.Inventory.App\Yakult.Inventory.App.csproj]
C:\Users\russel.mercado\source\repos\Yakult-System-New\Yakult.Inventory.App\Pages\Item\RepairHistoryDialog.xaml.cs(149,50): error CS8175: Cannot use ref local 'q' inside an anonymous method, lambda expression, or query expression [C:\Users\russel.mercado\source\repos\Yakult-System-New\Yakult.Inventory.App\Yakult.Inventory.App.csproj]
C:\Users\russel.mercado\source\repos\Yakult-System-New\Yakult.Inventory.App\Pages\Item\RepairHistoryDialog.xaml.cs(150,56): error CS8175: Cannot use ref local 'q' inside an anonymous method, lambda expression, or query expression [C:\Users\russel.mercado\source\repos\Yakult-System-New\Yakult.Inventory.App\Yakult.Inventory.App.csproj]
C:\Users\russel.mercado\source\repos\Yakult-System-New\Yakult.Inventory.App\Pages\Item\RepairHistoryDialog.xaml.cs(151,58): error CS8175: Cannot use ref local 'q' inside an anonymous method, lambda expression, or query expression [C:\Users\russel.mercado\source\repos\Yakult-System-New\Yakult.Inventory.App\Yakult.Inventory.App.csproj]
C:\Users\russel.mercado\source\repos\Yakult-System-New\Yakult.Inventory.App\Pages\Item\RepairHistoryDialog.xaml.cs(152,57): error CS8175: Cannot use ref local 'q' inside an anonymous method, lambda expression, or query expression [C:\Users\russel.mercado\source\repos\Yakult-System-New\Yakult.Inventory.App\Yakult.Inventory.App.csproj]
C:\Users\russel.mercado\source\repos\Yakult-System-New\Yakult.Inventory.App\Pages\Item\RepairHistoryDialog.xaml.cs(153,52): error CS8175: Cannot use ref local 'q' inside an anonymous method, lambda expression, or query expression [C:\Users\russel.mercado\source\repos\Yakult-System-New\Yakult.Inventory.App\Yakult.Inventory.App.csproj]
C:\Users\russel.mercado\source\repos\Yakult-System-New\Yakult.Inventory.App\Pages\Item\RepairHistoryDialog.xaml.cs(159,13): error CS0103: The name 'TxtEmpty' does not exist in the current context [C:\Users\russel.mercado\source\repos\Yakult-System-New\Yakult.Inventory.App\Yakult.Inventory.App.csproj]
C:\Users\russel.mercado\source\repos\Yakult-System-New\Yakult.Inventory.App\Pages\Item\RepairHistoryDialog.xaml.cs(160,33): error CS0103: The name 'HistoryGrid' does not exist in the current context [C:\Users\russel.mercado\source\repos\Yakult-System-New\Yakult.Inventory.App\Yakult.Inventory.App.csproj]
C:\Users\russel.mercado\source\repos\Yakult-System-New\Yakult.Inventory.App\Pages\Item\InvoiceHeaderDialog.xaml.cs(148,17): error CS0103: The name 'LblCompanyDistributorHint' does not exist in the current context [C:\Users\russel.mercado\source\repos\Yakult-System-New\Yakult.Inventory.App\Yakult.Inventory.App.csproj]
C:\Users\russel.mercado\source\repos\Yakult-System-New\Yakult.Inventory.App\Pages\Item\InvoiceHeaderDialog.xaml.cs(150,55): error CS0103: The name 'CmbCompany' does not exist in the current context [C:\Users\russel.mercado\source\repos\Yakult-System-New\Yakult.Inventory.App\Yakult.Inventory.App.csproj]
C:\Users\russel.mercado\source\repos\Yakult-System-New\Yakult.Inventory.App\Pages\Item\InvoiceHeaderDialog.xaml.cs(150,102): error CS0103: The name 'CmbDistributor' does not exist in the current context [C:\Users\russel.mercado\source\repos\Yakult-System-New\Yakult.Inventory.App\Yakult.Inventory.App.csproj]
C:\Users\russel.mercado\source\repos\Yakult-System-New\Yakult.Inventory.App\Pages\Item\InvoiceHeaderDialog.xaml.cs(151,13): error CS0103: The name 'LblCompanyDistributorHint' does not exist in the current context [C:\Users\russel.mercado\source\repos\Yakult-System-New\Yakult.Inventory.App\Yakult.Inventory.App.csproj]
C:\Users\russel.mercado\source\repos\Yakult-System-New\Yakult.Inventory.App\Pages\Item\InvoiceHeaderDialog.xaml.cs(154,13): error CS0103: The name 'LblCompanyDistributorHint' does not exist in the current context [C:\Users\russel.mercado\source\repos\Yakult-System-New\Yakult.Inventory.App\Yakult.Inventory.App.csproj]
C:\Users\russel.mercado\source\repos\Yakult-System-New\Yakult.Inventory.App\Pages\Item\BatchAddItemDialog.xaml.cs(404,17): error CS0103: The name 'CmbVendor' does not exist in the current context [C:\Users\russel.mercado\source\repos\Yakult-System-New\Yakult.Inventory.App\Yakult.Inventory.App.csproj]
C:\Users\russel.mercado\source\repos\Yakult-System-New\Yakult.Inventory.App\Pages\Item\BatchAddItemDialog.xaml.cs(405,17): error CS0103: The name 'CmbVendor' does not exist in the current context [C:\Users\russel.mercado\source\repos\Yakult-System-New\Yakult.Inventory.App\Yakult.Inventory.App.csproj]
C:\Users\russel.mercado\source\repos\Yakult-System-New\Yakult.Inventory.App\Pages\Item\BatchAddItemDialog.xaml.cs(420,29): error CS0103: The name 'CmbVendor' does not exist in the current context [C:\Users\russel.mercado\source\repos\Yakult-System-New\Yakult.Inventory.App\Yakult.Inventory.App.csproj]
C:\Users\russel.mercado\source\repos\Yakult-System-New\Yakult.Inventory.App\Pages\Item\BatchAddItemDialog.xaml.cs(424,21): error CS0103: The name 'CmbVendor' does not exist in the current context [C:\Users\russel.mercado\source\repos\Yakult-System-New\Yakult.Inventory.App\Yakult.Inventory.App.csproj]
C:\Users\russel.mercado\source\repos\Yakult-System-New\Yakult.Inventory.App\Pages\Item\BatchAddItemDialog.xaml.cs(424,48): error CS0103: The name 'CmbVendor' does not exist in the current context [C:\Users\russel.mercado\source\repos\Yakult-System-New\Yakult.Inventory.App\Yakult.Inventory.App.csproj]
C:\Users\russel.mercado\source\repos\Yakult-System-New\Yakult.Inventory.App\Pages\Item\InvoiceHeaderDialog.xaml.cs(161,34): error CS0103: The name 'TxtDocumentNumber' does not exist in the current context [C:\Users\russel.mercado\source\repos\Yakult-System-New\Yakult.Inventory.App\Yakult.Inventory.App.csproj]
C:\Users\russel.mercado\source\repos\Yakult-System-New\Yakult.Inventory.App\Pages\Item\InvoiceHeaderDialog.xaml.cs(162,35): error CS0103: The name 'TxtReferenceNumber' does not exist in the current context [C:\Users\russel.mercado\source\repos\Yakult-System-New\Yakult.Inventory.App\Yakult.Inventory.App.csproj]
C:\Users\russel.mercado\source\repos\Yakult-System-New\Yakult.Inventory.App\Pages\Item\InvoiceHeaderDialog.xaml.cs(163,32): error CS0103: The name 'DpDocumentDate' does not exist in the current context [C:\Users\russel.mercado\source\repos\Yakult-System-New\Yakult.Inventory.App\Yakult.Inventory.App.csproj]
C:\Users\russel.mercado\source\repos\Yakult-System-New\Yakult.Inventory.App\Pages\Item\InvoiceHeaderDialog.xaml.cs(164,27): error CS0103: The name 'CmbCompany' does not exist in the current context [C:\Users\russel.mercado\source\repos\Yakult-System-New\Yakult.Inventory.App\Yakult.Inventory.App.csproj]
C:\Users\russel.mercado\source\repos\Yakult-System-New\Yakult.Inventory.App\Pages\Item\InvoiceHeaderDialog.xaml.cs(165,31): error CS0103: The name 'CmbDistributor' does not exist in the current context [C:\Users\russel.mercado\source\repos\Yakult-System-New\Yakult.Inventory.App\Yakult.Inventory.App.csproj]
C:\Users\russel.mercado\source\repos\Yakult-System-New\Yakult.Inventory.App\Pages\Item\InvoiceHeaderDialog.xaml.cs(166,31): error CS0103: The name 'CmbSiteCompany' does not exist in the current context [C:\Users\russel.mercado\source\repos\Yakult-System-New\Yakult.Inventory.App\Yakult.Inventory.App.csproj]
C:\Users\russel.mercado\source\repos\Yakult-System-New\Yakult.Inventory.App\Pages\Item\InvoiceHeaderDialog.xaml.cs(167,30): error CS0103: The name 'CmbSiteBranch' does not exist in the current context [C:\Users\russel.mercado\source\repos\Yakult-System-New\Yakult.Inventory.App\Yakult.Inventory.App.csproj]
C:\Users\russel.mercado\source\repos\Yakult-System-New\Yakult.Inventory.App\Pages\Item\InvoiceHeaderDialog.xaml.cs(168,34): error CS0103: The name 'CmbSiteDepartment' does not exist in the current context [C:\Users\russel.mercado\source\repos\Yakult-System-New\Yakult.Inventory.App\Yakult.Inventory.App.csproj]
C:\Users\russel.mercado\source\repos\Yakult-System-New\Yakult.Inventory.App\Pages\Item\InvoiceHeaderDialog.xaml.cs(169,29): error CS0103: The name 'DpStartDate' does not exist in the current context [C:\Users\russel.mercado\source\repos\Yakult-System-New\Yakult.Inventory.App\Yakult.Inventory.App.csproj]
C:\Users\russel.mercado\source\repos\Yakult-System-New\Yakult.Inventory.App\Pages\Item\InvoiceHeaderDialog.xaml.cs(170,27): error CS0103: The name 'DpEndDate' does not exist in the current context [C:\Users\russel.mercado\source\repos\Yakult-System-New\Yakult.Inventory.App\Yakult.Inventory.App.csproj]
C:\Users\russel.mercado\source\repos\Yakult-System-New\Yakult.Inventory.App\Pages\Item\RepairHistoryDialog.xaml.cs(167,13): error CS0103: The name 'LblTotal' does not exist in the current context [C:\Users\russel.mercado\source\repos\Yakult-System-New\Yakult.Inventory.App\Yakult.Inventory.App.csproj]
C:\Users\russel.mercado\source\repos\Yakult-System-New\Yakult.Inventory.App\Pages\Item\RepairHistoryDialog.xaml.cs(168,13): error CS0103: The name 'LblRepaired' does not exist in the current context [C:\Users\russel.mercado\source\repos\Yakult-System-New\Yakult.Inventory.App\Yakult.Inventory.App.csproj]
C:\Users\russel.mercado\source\repos\Yakult-System-New\Yakult.Inventory.App\Pages\Item\RepairHistoryDialog.xaml.cs(169,13): error CS0103: The name 'LblUnrepaired' does not exist in the current context [C:\Users\russel.mercado\source\repos\Yakult-System-New\Yakult.Inventory.App\Yakult.Inventory.App.csproj]
C:\Users\russel.mercado\source\repos\Yakult-System-New\Yakult.Inventory.App\Pages\Item\RepairHistoryDialog.xaml.cs(170,13): error CS0103: The name 'LblSpare' does not exist in the current context [C:\Users\russel.mercado\source\repos\Yakult-System-New\Yakult.Inventory.App\Yakult.Inventory.App.csproj]
C:\Users\russel.mercado\source\repos\Yakult-System-New\Yakult.Inventory.App\Pages\Item\RepairHistoryDialog.xaml.cs(172,13): error CS0103: The name 'LblLast' does not exist in the current context [C:\Users\russel.mercado\source\repos\Yakult-System-New\Yakult.Inventory.App\Yakult.Inventory.App.csproj]
C:\Users\russel.mercado\source\repos\Yakult-System-New\Yakult.Inventory.App\Pages\Item\BatchAddItemDialog.xaml.cs(437,17): error CS0103: The name 'CmbCartridgeModel' does not exist in the current context [C:\Users\russel.mercado\source\repos\Yakult-System-New\Yakult.Inventory.App\Yakult.Inventory.App.csproj]
C:\Users\russel.mercado\source\repos\Yakult-System-New\Yakult.Inventory.App\Pages\Item\BatchAddItemDialog.xaml.cs(438,17): error CS0103: The name 'CmbCartridgeModel' does not exist in the current context [C:\Users\russel.mercado\source\repos\Yakult-System-New\Yakult.Inventory.App\Yakult.Inventory.App.csproj]
C:\Users\russel.mercado\source\repos\Yakult-System-New\Yakult.Inventory.App\Pages\Item\BatchAddItemDialog.xaml.cs(439,17): error CS0103: The name 'CmbCartridgeModel' does not exist in the current context [C:\Users\russel.mercado\source\repos\Yakult-System-New\Yakult.Inventory.App\Yakult.Inventory.App.csproj]
C:\Users\russel.mercado\source\repos\Yakult-System-New\Yakult.Inventory.App\Pages\Item\BatchAddItemDialog.xaml.cs(450,21): error CS0103: The name 'CmbCartridgeModel' does not exist in the current context [C:\Users\russel.mercado\source\repos\Yakult-System-New\Yakult.Inventory.App\Yakult.Inventory.App.csproj]
C:\Users\russel.mercado\source\repos\Yakult-System-New\Yakult.Inventory.App\Pages\Item\BatchAddItemDialog.xaml.cs(460,41): error CS0103: The name 'CmbCartridgeModel' does not exist in the current context [C:\Users\russel.mercado\source\repos\Yakult-System-New\Yakult.Inventory.App\Yakult.Inventory.App.csproj]
C:\Users\russel.mercado\source\repos\Yakult-System-New\Yakult.Inventory.App\Pages\Item\BatchAddItemDialog.xaml.cs(462,29): error CS0103: The name 'CmbCartridgeModel' does not exist in the current context [C:\Users\russel.mercado\source\repos\Yakult-System-New\Yakult.Inventory.App\Yakult.Inventory.App.csproj]
C:\Users\russel.mercado\source\repos\Yakult-System-New\Yakult.Inventory.App\Pages\Item\BatchAddItemDialog.xaml.cs(464,27): error CS0103: The name 'CmbCartridgeModel' does not exist in the current context [C:\Users\russel.mercado\source\repos\Yakult-System-New\Yakult.Inventory.App\Yakult.Inventory.App.csproj]
C:\Users\russel.mercado\source\repos\Yakult-System-New\Yakult.Inventory.App\Pages\Item\BatchAddItemDialog.xaml.cs(468,21): error CS0103: The name 'CmbCartridgeModel' does not exist in the current context [C:\Users\russel.mercado\source\repos\Yakult-System-New\Yakult.Inventory.App\Yakult.Inventory.App.csproj]
C:\Users\russel.mercado\source\repos\Yakult-System-New\Yakult.Inventory.App\Pages\Item\BatchAddItemDialog.xaml.cs(468,60): error CS0103: The name 'CmbCartridgeModel' does not exist in the current context [C:\Users\russel.mercado\source\repos\Yakult-System-New\Yakult.Inventory.App\Yakult.Inventory.App.csproj]
C:\Users\russel.mercado\source\repos\Yakult-System-New\Yakult.Inventory.App\Pages\Item\BatchAddItemDialog.xaml.cs(469,21): error CS0103: The name 'CmbCartridgeModel' does not exist in the current context [C:\Users\russel.mercado\source\repos\Yakult-System-New\Yakult.Inventory.App\Yakult.Inventory.App.csproj]
C:\Users\russel.mercado\source\repos\Yakult-System-New\Yakult.Inventory.App\Pages\Item\BatchAddItemDialog.xaml.cs(474,17): error CS0103: The name 'CmbCartridgeModel' does not exist in the current context [C:\Users\russel.mercado\source\repos\Yakult-System-New\Yakult.Inventory.App\Yakult.Inventory.App.csproj]
C:\Users\russel.mercado\source\repos\Yakult-System-New\Yakult.Inventory.App\Pages\Item\BatchAddItemDialog.xaml.cs(478,17): error CS0103: The name 'CmbCartridgeModel' does not exist in the current context [C:\Users\russel.mercado\source\repos\Yakult-System-New\Yakult.Inventory.App\Yakult.Inventory.App.csproj]
C:\Users\russel.mercado\source\repos\Yakult-System-New\Yakult.Inventory.App\Pages\Item\InvoiceBuilderDialog.xaml.cs(431,17): error CS0103: The name 'LblStatus' does not exist in the current context [C:\Users\russel.mercado\source\repos\Yakult-System-New\Yakult.Inventory.App\Yakult.Inventory.App.csproj]
C:\Users\russel.mercado\source\repos\Yakult-System-New\Yakult.Inventory.App\Pages\Item\RepairHistoryDialog.xaml.cs(179,17): error CS0103: The name 'TxtCreated' does not exist in the current context [C:\Users\russel.mercado\source\repos\Yakult-System-New\Yakult.Inventory.App\Yakult.Inventory.App.csproj]
C:\Users\russel.mercado\source\repos\Yakult-System-New\Yakult.Inventory.App\Pages\Item\RepairHistoryDialog.xaml.cs(179,39): error CS0103: The name 'TxtAction' does not exist in the current context [C:\Users\russel.mercado\source\repos\Yakult-System-New\Yakult.Inventory.App\Yakult.Inventory.App.csproj]
C:\Users\russel.mercado\source\repos\Yakult-System-New\Yakult.Inventory.App\Pages\Item\RepairHistoryDialog.xaml.cs(179,60): error CS0103: The name 'TxtCondition' does not exist in the current context [C:\Users\russel.mercado\source\repos\Yakult-System-New\Yakult.Inventory.App\Yakult.Inventory.App.csproj]
C:\Users\russel.mercado\source\repos\Yakult-System-New\Yakult.Inventory.App\Pages\Item\RepairHistoryDialog.xaml.cs(179,84): error CS0103: The name 'TxtProcessedBy' does not exist in the current context [C:\Users\russel.mercado\source\repos\Yakult-System-New\Yakult.Inventory.App\Yakult.Inventory.App.csproj]
C:\Users\russel.mercado\source\repos\Yakult-System-New\Yakult.Inventory.App\Pages\Item\RepairHistoryDialog.xaml.cs(179,110): error CS0103: The name 'TxtRef' does not exist in the current context [C:\Users\russel.mercado\source\repos\Yakult-System-New\Yakult.Inventory.App\Yakult.Inventory.App.csproj]
C:\Users\russel.mercado\source\repos\Yakult-System-New\Yakult.Inventory.App\Pages\Item\RepairHistoryDialog.xaml.cs(179,128): error CS0103: The name 'TxtFrom' does not exist in the current context [C:\Users\russel.mercado\source\repos\Yakult-System-New\Yakult.Inventory.App\Yakult.Inventory.App.csproj]
C:\Users\russel.mercado\source\repos\Yakult-System-New\Yakult.Inventory.App\Pages\Item\RepairHistoryDialog.xaml.cs(179,147): error CS0103: The name 'TxtTo' does not exist in the current context [C:\Users\russel.mercado\source\repos\Yakult-System-New\Yakult.Inventory.App\Yakult.Inventory.App.csproj]
C:\Users\russel.mercado\source\repos\Yakult-System-New\Yakult.Inventory.App\Pages\Item\RepairHistoryDialog.xaml.cs(179,164): error CS0103: The name 'TxtIds' does not exist in the current context [C:\Users\russel.mercado\source\repos\Yakult-System-New\Yakult.Inventory.App\Yakult.Inventory.App.csproj]
C:\Users\russel.mercado\source\repos\Yakult-System-New\Yakult.Inventory.App\Pages\Item\RepairHistoryDialog.xaml.cs(179,182): error CS0103: The name 'TxtRemark' does not exist in the current context [C:\Users\russel.mercado\source\repos\Yakult-System-New\Yakult.Inventory.App\Yakult.Inventory.App.csproj]
C:\Users\russel.mercado\source\repos\Yakult-System-New\Yakult.Inventory.App\Pages\Item\RepairHistoryDialog.xaml.cs(182,13): error CS0103: The name 'TxtCreated' does not exist in the current context [C:\Users\russel.mercado\source\repos\Yakult-System-New\Yakult.Inventory.App\Yakult.Inventory.App.csproj]
C:\Users\russel.mercado\source\repos\Yakult-System-New\Yakult.Inventory.App\Pages\Item\RepairHistoryDialog.xaml.cs(183,13): error CS0103: The name 'TxtAction' does not exist in the current context [C:\Users\russel.mercado\source\repos\Yakult-System-New\Yakult.Inventory.App\Yakult.Inventory.App.csproj]
C:\Users\russel.mercado\source\repos\Yakult-System-New\Yakult.Inventory.App\Pages\Item\RepairHistoryDialog.xaml.cs(184,13): error CS0103: The name 'TxtCondition' does not exist in the current context [C:\Users\russel.mercado\source\repos\Yakult-System-New\Yakult.Inventory.App\Yakult.Inventory.App.csproj]
C:\Users\russel.mercado\source\repos\Yakult-System-New\Yakult.Inventory.App\Pages\Item\RepairHistoryDialog.xaml.cs(185,13): error CS0103: The name 'TxtProcessedBy' does not exist in the current context [C:\Users\russel.mercado\source\repos\Yakult-System-New\Yakult.Inventory.App\Yakult.Inventory.App.csproj]
C:\Users\russel.mercado\source\repos\Yakult-System-New\Yakult.Inventory.App\Pages\Item\RepairHistoryDialog.xaml.cs(186,13): error CS0103: The name 'TxtRef' does not exist in the current context [C:\Users\russel.mercado\source\repos\Yakult-System-New\Yakult.Inventory.App\Yakult.Inventory.App.csproj]
C:\Users\russel.mercado\source\repos\Yakult-System-New\Yakult.Inventory.App\Pages\Item\RepairHistoryDialog.xaml.cs(187,13): error CS0103: The name 'TxtFrom' does not exist in the current context [C:\Users\russel.mercado\source\repos\Yakult-System-New\Yakult.Inventory.App\Yakult.Inventory.App.csproj]
C:\Users\russel.mercado\source\repos\Yakult-System-New\Yakult.Inventory.App\Pages\Item\RepairHistoryDialog.xaml.cs(188,13): error CS0103: The name 'TxtTo' does not exist in the current context [C:\Users\russel.mercado\source\repos\Yakult-System-New\Yakult.Inventory.App\Yakult.Inventory.App.csproj]
C:\Users\russel.mercado\source\repos\Yakult-System-New\Yakult.Inventory.App\Pages\Item\RepairHistoryDialog.xaml.cs(189,13): error CS0103: The name 'TxtIds' does not exist in the current context [C:\Users\russel.mercado\source\repos\Yakult-System-New\Yakult.Inventory.App\Yakult.Inventory.App.csproj]
C:\Users\russel.mercado\source\repos\Yakult-System-New\Yakult.Inventory.App\Pages\Item\RepairHistoryDialog.xaml.cs(190,13): error CS0103: The name 'TxtRemark' does not exist in the current context [C:\Users\russel.mercado\source\repos\Yakult-System-New\Yakult.Inventory.App\Yakult.Inventory.App.csproj]
C:\Users\russel.mercado\source\repos\Yakult-System-New\Yakult.Inventory.App\Pages\Item\RepairHistoryDialog.xaml.cs(197,71): error CS0103: The name 'TxtSearch' does not exist in the current context [C:\Users\russel.mercado\source\repos\Yakult-System-New\Yakult.Inventory.App\Yakult.Inventory.App.csproj]
C:\Users\russel.mercado\source\repos\Yakult-System-New\Yakult.Inventory.App\Pages\Item\RepairHistoryDialog.xaml.cs(197,92): error CS0103: The name 'CmbAction' does not exist in the current context [C:\Users\russel.mercado\source\repos\Yakult-System-New\Yakult.Inventory.App\Yakult.Inventory.App.csproj]
C:\Users\russel.mercado\source\repos\Yakult-System-New\Yakult.Inventory.App\Pages\Item\BatchAddItemDialog.xaml.cs(500,17): error CS0103: The name 'CmbConsumableModel' does not exist in the current context [C:\Users\russel.mercado\source\repos\Yakult-System-New\Yakult.Inventory.App\Yakult.Inventory.App.csproj]
C:\Users\russel.mercado\source\repos\Yakult-System-New\Yakult.Inventory.App\Pages\Item\BatchAddItemDialog.xaml.cs(501,17): error CS0103: The name 'CmbConsumableModel' does not exist in the current context [C:\Users\russel.mercado\source\repos\Yakult-System-New\Yakult.Inventory.App\Yakult.Inventory.App.csproj]
C:\Users\russel.mercado\source\repos\Yakult-System-New\Yakult.Inventory.App\Pages\Item\BatchAddItemDialog.xaml.cs(502,17): error CS0103: The name 'CmbConsumableModel' does not exist in the current context [C:\Users\russel.mercado\source\repos\Yakult-System-New\Yakult.Inventory.App\Yakult.Inventory.App.csproj]
C:\Users\russel.mercado\source\repos\Yakult-System-New\Yakult.Inventory.App\Pages\Item\BatchAddItemDialog.xaml.cs(508,64): error CS0103: The name 'CmbCategory' does not exist in the current context [C:\Users\russel.mercado\source\repos\Yakult-System-New\Yakult.Inventory.App\Yakult.Inventory.App.csproj]
C:\Users\russel.mercado\source\repos\Yakult-System-New\Yakult.Inventory.App\Pages\Item\BatchAddItemDialog.xaml.cs(513,21): error CS0103: The name 'CmbConsumableModel' does not exist in the current context [C:\Users\russel.mercado\source\repos\Yakult-System-New\Yakult.Inventory.App\Yakult.Inventory.App.csproj]
C:\Users\russel.mercado\source\repos\Yakult-System-New\Yakult.Inventory.App\Pages\Item\BatchAddItemDialog.xaml.cs(521,41): error CS0103: The name 'CmbConsumableModel' does not exist in the current context [C:\Users\russel.mercado\source\repos\Yakult-System-New\Yakult.Inventory.App\Yakult.Inventory.App.csproj]
C:\Users\russel.mercado\source\repos\Yakult-System-New\Yakult.Inventory.App\Pages\Item\BatchAddItemDialog.xaml.cs(523,29): error CS0103: The name 'CmbConsumableModel' does not exist in the current context [C:\Users\russel.mercado\source\repos\Yakult-System-New\Yakult.Inventory.App\Yakult.Inventory.App.csproj]
C:\Users\russel.mercado\source\repos\Yakult-System-New\Yakult.Inventory.App\Pages\Item\BatchAddItemDialog.xaml.cs(525,27): error CS0103: The name 'CmbConsumableModel' does not exist in the current context [C:\Users\russel.mercado\source\repos\Yakult-System-New\Yakult.Inventory.App\Yakult.Inventory.App.csproj]
C:\Users\russel.mercado\source\repos\Yakult-System-New\Yakult.Inventory.App\Pages\Item\BatchAddItemDialog.xaml.cs(529,21): error CS0103: The name 'CmbConsumableModel' does not exist in the current context [C:\Users\russel.mercado\source\repos\Yakult-System-New\Yakult.Inventory.App\Yakult.Inventory.App.csproj]
C:\Users\russel.mercado\source\repos\Yakult-System-New\Yakult.Inventory.App\Pages\Item\BatchAddItemDialog.xaml.cs(529,61): error CS0103: The name 'CmbConsumableModel' does not exist in the current context [C:\Users\russel.mercado\source\repos\Yakult-System-New\Yakult.Inventory.App\Yakult.Inventory.App.csproj]
C:\Users\russel.mercado\source\repos\Yakult-System-New\Yakult.Inventory.App\Pages\Item\BatchAddItemDialog.xaml.cs(530,21): error CS0103: The name 'CmbConsumableModel' does not exist in the current context [C:\Users\russel.mercado\source\repos\Yakult-System-New\Yakult.Inventory.App\Yakult.Inventory.App.csproj]
C:\Users\russel.mercado\source\repos\Yakult-System-New\Yakult.Inventory.App\Pages\Item\BatchAddItemDialog.xaml.cs(532,17): error CS0103: The name 'CmbConsumableModel' does not exist in the current context [C:\Users\russel.mercado\source\repos\Yakult-System-New\Yakult.Inventory.App\Yakult.Inventory.App.csproj]
C:\Users\russel.mercado\source\repos\Yakult-System-New\Yakult.Inventory.App\Pages\Item\BatchAddItemDialog.xaml.cs(536,17): error CS0103: The name 'CmbConsumableModel' does not exist in the current context [C:\Users\russel.mercado\source\repos\Yakult-System-New\Yakult.Inventory.App\Yakult.Inventory.App.csproj]
C:\Users\russel.mercado\source\repos\Yakult-System-New\Yakult.Inventory.App\Pages\Item\RepairHistoryDialog.xaml.cs(200,23): error CS0103: The name 'HistoryGrid' does not exist in the current context [C:\Users\russel.mercado\source\repos\Yakult-System-New\Yakult.Inventory.App\Yakult.Inventory.App.csproj]
C:\Users\russel.mercado\source\repos\Yakult-System-New\Yakult.Inventory.App\Pages\Item\RepairHistoryDialog.xaml.cs(205,23): error CS0103: The name 'HistoryGrid' does not exist in the current context [C:\Users\russel.mercado\source\repos\Yakult-System-New\Yakult.Inventory.App\Yakult.Inventory.App.csproj]
C:\Users\russel.mercado\source\repos\Yakult-System-New\Yakult.Inventory.App\Pages\Item\BatchAddItemDialog.xaml.cs(544,33): error CS0103: The name 'CmbVendor' does not exist in the current context [C:\Users\russel.mercado\source\repos\Yakult-System-New\Yakult.Inventory.App\Yakult.Inventory.App.csproj]
C:\Users\russel.mercado\source\repos\Yakult-System-New\Yakult.Inventory.App\Pages\Item\BatchAddItemDialog.xaml.cs(546,21): error CS0103: The name 'CmbVendor' does not exist in the current context [C:\Users\russel.mercado\source\repos\Yakult-System-New\Yakult.Inventory.App\Yakult.Inventory.App.csproj]
C:\Users\russel.mercado\source\repos\Yakult-System-New\Yakult.Inventory.App\Pages\Item\BatchAddItemDialog.xaml.cs(547,19): error CS0103: The name 'CmbVendor' does not exist in the current context [C:\Users\russel.mercado\source\repos\Yakult-System-New\Yakult.Inventory.App\Yakult.Inventory.App.csproj]
C:\Users\russel.mercado\source\repos\Yakult-System-New\Yakult.Inventory.App\Pages\Item\RepairHistoryDialog.xaml.cs(211,107): error CS0103: The name 'TxtRemark' does not exist in the current context [C:\Users\russel.mercado\source\repos\Yakult-System-New\Yakult.Inventory.App\Yakult.Inventory.App.csproj]
C:\Users\russel.mercado\source\repos\Yakult-System-New\Yakult.Inventory.App\Pages\Item\RepairHistoryDialog.xaml.cs(211,163): error CS0103: The name 'TxtRemark' does not exist in the current context [C:\Users\russel.mercado\source\repos\Yakult-System-New\Yakult.Inventory.App\Yakult.Inventory.App.csproj]
C:\Users\russel.mercado\source\repos\Yakult-System-New\Yakult.Inventory.App\Pages\Item\RepairHistoryDialog.xaml.cs(214,63): error CS0103: The name 'TxtCreated' does not exist in the current context [C:\Users\russel.mercado\source\repos\Yakult-System-New\Yakult.Inventory.App\Yakult.Inventory.App.csproj]
C:\Users\russel.mercado\source\repos\Yakult-System-New\Yakult.Inventory.App\Pages\Item\RepairHistoryDialog.xaml.cs(214,92): error CS0103: The name 'TxtAction' does not exist in the current context [C:\Users\russel.mercado\source\repos\Yakult-System-New\Yakult.Inventory.App\Yakult.Inventory.App.csproj]
C:\Users\russel.mercado\source\repos\Yakult-System-New\Yakult.Inventory.App\Pages\Item\RepairHistoryDialog.xaml.cs(214,123): error CS0103: The name 'TxtCondition' does not exist in the current context [C:\Users\russel.mercado\source\repos\Yakult-System-New\Yakult.Inventory.App\Yakult.Inventory.App.csproj]
C:\Users\russel.mercado\source\repos\Yakult-System-New\Yakult.Inventory.App\Pages\Item\RepairHistoryDialog.xaml.cs(214,160): error CS0103: The name 'TxtProcessedBy' does not exist in the current context [C:\Users\russel.mercado\source\repos\Yakult-System-New\Yakult.Inventory.App\Yakult.Inventory.App.csproj]
C:\Users\russel.mercado\source\repos\Yakult-System-New\Yakult.Inventory.App\Pages\Item\RepairHistoryDialog.xaml.cs(214,190): error CS0103: The name 'TxtRef' does not exist in the current context [C:\Users\russel.mercado\source\repos\Yakult-System-New\Yakult.Inventory.App\Yakult.Inventory.App.csproj]
C:\Users\russel.mercado\source\repos\Yakult-System-New\Yakult.Inventory.App\Pages\Item\RepairHistoryDialog.xaml.cs(214,213): error CS0103: The name 'TxtFrom' does not exist in the current context [C:\Users\russel.mercado\source\repos\Yakult-System-New\Yakult.Inventory.App\Yakult.Inventory.App.csproj]
C:\Users\russel.mercado\source\repos\Yakult-System-New\Yakult.Inventory.App\Pages\Item\RepairHistoryDialog.xaml.cs(214,235): error CS0103: The name 'TxtTo' does not exist in the current context [C:\Users\russel.mercado\source\repos\Yakult-System-New\Yakult.Inventory.App\Yakult.Inventory.App.csproj]
C:\Users\russel.mercado\source\repos\Yakult-System-New\Yakult.Inventory.App\Pages\Item\RepairHistoryDialog.xaml.cs(214,256): error CS0103: The name 'TxtIds' does not exist in the current context [C:\Users\russel.mercado\source\repos\Yakult-System-New\Yakult.Inventory.App\Yakult.Inventory.App.csproj]
C:\Users\russel.mercado\source\repos\Yakult-System-New\Yakult.Inventory.App\Pages\Item\RepairHistoryDialog.xaml.cs(214,288): error CS0103: The name 'TxtRemark' does not exist in the current context [C:\Users\russel.mercado\source\repos\Yakult-System-New\Yakult.Inventory.App\Yakult.Inventory.App.csproj]
C:\Users\russel.mercado\source\repos\Yakult-System-New\Yakult.Inventory.App\Pages\Item\InvoiceCsvImportDialog.xaml.cs(100,13): error CS0103: The name 'InitializeComponent' does not exist in the current context [C:\Users\russel.mercado\source\repos\Yakult-System-New\Yakult.Inventory.App\Yakult.Inventory.App.csproj]
C:\Users\russel.mercado\source\repos\Yakult-System-New\Yakult.Inventory.App\Pages\Item\CartridgeCsvImportDialog.xaml.cs(426,13): error CS0103: The name 'BtnImport' does not exist in the current context [C:\Users\russel.mercado\source\repos\Yakult-System-New\Yakult.Inventory.App\Yakult.Inventory.App.csproj]
C:\Users\russel.mercado\source\repos\Yakult-System-New\Yakult.Inventory.App\Pages\Item\CartridgeCsvImportDialog.xaml.cs(427,13): error CS0103: The name 'BtnLoadPreview' does not exist in the current context [C:\Users\russel.mercado\source\repos\Yakult-System-New\Yakult.Inventory.App\Yakult.Inventory.App.csproj]
C:\Users\russel.mercado\source\repos\Yakult-System-New\Yakult.Inventory.App\Pages\Item\CartridgeCsvImportDialog.xaml.cs(428,13): error CS0103: The name 'LblStatus' does not exist in the current context [C:\Users\russel.mercado\source\repos\Yakult-System-New\Yakult.Inventory.App\Yakult.Inventory.App.csproj]
C:\Users\russel.mercado\source\repos\Yakult-System-New\Yakult.Inventory.App\Pages\Item\CartridgeCsvImportDialog.xaml.cs(455,17): error CS0103: The name 'LblStatus' does not exist in the current context [C:\Users\russel.mercado\source\repos\Yakult-System-New\Yakult.Inventory.App\Yakult.Inventory.App.csproj]
C:\Users\russel.mercado\source\repos\Yakult-System-New\Yakult.Inventory.App\Pages\Item\CartridgeCsvImportDialog.xaml.cs(456,17): error CS0103: The name 'BtnImport' does not exist in the current context [C:\Users\russel.mercado\source\repos\Yakult-System-New\Yakult.Inventory.App\Yakult.Inventory.App.csproj]
C:\Users\russel.mercado\source\repos\Yakult-System-New\Yakult.Inventory.App\Pages\Item\CartridgeCsvImportDialog.xaml.cs(457,17): error CS0103: The name 'BtnLoadPreview' does not exist in the current context [C:\Users\russel.mercado\source\repos\Yakult-System-New\Yakult.Inventory.App\Yakult.Inventory.App.csproj]
C:\Users\russel.mercado\source\repos\Yakult-System-New\Yakult.Inventory.App\Pages\Item\BatchAddItemDialog.xaml.cs(583,32): error CS0103: The name 'CmbItemType' does not exist in the current context [C:\Users\russel.mercado\source\repos\Yakult-System-New\Yakult.Inventory.App\Yakult.Inventory.App.csproj]
C:\Users\russel.mercado\source\repos\Yakult-System-New\Yakult.Inventory.App\Pages\Item\BatchAddItemDialog.xaml.cs(588,13): error CS0103: The name 'RowServiceDateToggle' does not exist in the current context [C:\Users\russel.mercado\source\repos\Yakult-System-New\Yakult.Inventory.App\Yakult.Inventory.App.csproj]
C:\Users\russel.mercado\source\repos\Yakult-System-New\Yakult.Inventory.App\Pages\Item\BatchAddItemDialog.xaml.cs(589,30): error CS0103: The name 'ChkServiceContractDates' does not exist in the current context [C:\Users\russel.mercado\source\repos\Yakult-System-New\Yakult.Inventory.App\Yakult.Inventory.App.csproj]
C:\Users\russel.mercado\source\repos\Yakult-System-New\Yakult.Inventory.App\Pages\Item\BatchAddItemDialog.xaml.cs(594,17): error CS0103: The name 'ChkIsTrackedAsset' does not exist in the current context [C:\Users\russel.mercado\source\repos\Yakult-System-New\Yakult.Inventory.App\Yakult.Inventory.App.csproj]
C:\Users\russel.mercado\source\repos\Yakult-System-New\Yakult.Inventory.App\Pages\Item\BatchAddItemDialog.xaml.cs(595,17): error CS0103: The name 'ChkIsTrackedAsset' does not exist in the current context [C:\Users\russel.mercado\source\repos\Yakult-System-New\Yakult.Inventory.App\Yakult.Inventory.App.csproj]
C:\Users\russel.mercado\source\repos\Yakult-System-New\Yakult.Inventory.App\Pages\Item\BatchAddItemDialog.xaml.cs(599,17): error CS0103: The name 'ChkIsTrackedAsset' does not exist in the current context [C:\Users\russel.mercado\source\repos\Yakult-System-New\Yakult.Inventory.App\Yakult.Inventory.App.csproj]
C:\Users\russel.mercado\source\repos\Yakult-System-New\Yakult.Inventory.App\Pages\Item\BatchAddItemDialog.xaml.cs(600,17): error CS0103: The name 'ChkIsTrackedAsset' does not exist in the current context [C:\Users\russel.mercado\source\repos\Yakult-System-New\Yakult.Inventory.App\Yakult.Inventory.App.csproj]
C:\Users\russel.mercado\source\repos\Yakult-System-New\Yakult.Inventory.App\Pages\Item\BatchAddItemDialog.xaml.cs(610,17): error CS0103: The name 'RowWarrantyYears' does not exist in the current context [C:\Users\russel.mercado\source\repos\Yakult-System-New\Yakult.Inventory.App\Yakult.Inventory.App.csproj]
C:\Users\russel.mercado\source\repos\Yakult-System-New\Yakult.Inventory.App\Pages\Item\BatchAddItemDialog.xaml.cs(611,17): error CS0103: The name 'RowWarrantyStart' does not exist in the current context [C:\Users\russel.mercado\source\repos\Yakult-System-New\Yakult.Inventory.App\Yakult.Inventory.App.csproj]
C:\Users\russel.mercado\source\repos\Yakult-System-New\Yakult.Inventory.App\Pages\Item\BatchAddItemDialog.xaml.cs(612,17): error CS0103: The name 'RowWarrantyEnd' does not exist in the current context [C:\Users\russel.mercado\source\repos\Yakult-System-New\Yakult.Inventory.App\Yakult.Inventory.App.csproj]
C:\Users\russel.mercado\source\repos\Yakult-System-New\Yakult.Inventory.App\Pages\Item\BatchAddItemDialog.xaml.cs(613,17): error CS0103: The name 'RowWarrantyInfoBand' does not exist in the current context [C:\Users\russel.mercado\source\repos\Yakult-System-New\Yakult.Inventory.App\Yakult.Inventory.App.csproj]
C:\Users\russel.mercado\source\repos\Yakult-System-New\Yakult.Inventory.App\Pages\Item\BatchAddItemDialog.xaml.cs(618,17): error CS0103: The name 'RowWarrantyYears' does not exist in the current context [C:\Users\russel.mercado\source\repos\Yakult-System-New\Yakult.Inventory.App\Yakult.Inventory.App.csproj]
C:\Users\russel.mercado\source\repos\Yakult-System-New\Yakult.Inventory.App\Pages\Item\BatchAddItemDialog.xaml.cs(619,17): error CS0103: The name 'RowWarrantyStart' does not exist in the current context [C:\Users\russel.mercado\source\repos\Yakult-System-New\Yakult.Inventory.App\Yakult.Inventory.App.csproj]
C:\Users\russel.mercado\source\repos\Yakult-System-New\Yakult.Inventory.App\Pages\Item\BatchAddItemDialog.xaml.cs(620,17): error CS0103: The name 'RowWarrantyEnd' does not exist in the current context [C:\Users\russel.mercado\source\repos\Yakult-System-New\Yakult.Inventory.App\Yakult.Inventory.App.csproj]
C:\Users\russel.mercado\source\repos\Yakult-System-New\Yakult.Inventory.App\Pages\Item\BatchAddItemDialog.xaml.cs(621,17): error CS0103: The name 'RowWarrantyInfoBand' does not exist in the current context [C:\Users\russel.mercado\source\repos\Yakult-System-New\Yakult.Inventory.App\Yakult.Inventory.App.csproj]
C:\Users\russel.mercado\source\repos\Yakult-System-New\Yakult.Inventory.App\Pages\Item\BatchAddItemDialog.xaml.cs(628,17): error CS0103: The name 'CmbUnitOfMeasure' does not exist in the current context [C:\Users\russel.mercado\source\repos\Yakult-System-New\Yakult.Inventory.App\Yakult.Inventory.App.csproj]
C:\Users\russel.mercado\source\repos\Yakult-System-New\Yakult.Inventory.App\Pages\Item\BatchAddItemDialog.xaml.cs(632,25): error CS0103: The name 'CmbUnitOfMeasure' does not exist in the current context [C:\Users\russel.mercado\source\repos\Yakult-System-New\Yakult.Inventory.App\Yakult.Inventory.App.csproj]
C:\Users\russel.mercado\source\repos\Yakult-System-New\Yakult.Inventory.App\Pages\Item\BatchAddItemDialog.xaml.cs(636,21): error CS0103: The name 'CmbUnitOfMeasure' does not exist in the current context [C:\Users\russel.mercado\source\repos\Yakult-System-New\Yakult.Inventory.App\Yakult.Inventory.App.csproj]
C:\Users\russel.mercado\source\repos\Yakult-System-New\Yakult.Inventory.App\Pages\Item\BatchAddItemDialog.xaml.cs(641,25): error CS0103: The name 'CmbUnitOfMeasure' does not exist in the current context [C:\Users\russel.mercado\source\repos\Yakult-System-New\Yakult.Inventory.App\Yakult.Inventory.App.csproj]
C:\Users\russel.mercado\source\repos\Yakult-System-New\Yakult.Inventory.App\Pages\Item\BatchAddItemDialog.xaml.cs(646,17): error CS0103: The name 'CmbUnitOfMeasure' does not exist in the current context [C:\Users\russel.mercado\source\repos\Yakult-System-New\Yakult.Inventory.App\Yakult.Inventory.App.csproj]
C:\Users\russel.mercado\source\repos\Yakult-System-New\Yakult.Inventory.App\Pages\Item\BatchAddItemDialog.xaml.cs(647,17): error CS0103: The name 'CmbUnitOfMeasure' does not exist in the current context [C:\Users\russel.mercado\source\repos\Yakult-System-New\Yakult.Inventory.App\Yakult.Inventory.App.csproj]
C:\Users\russel.mercado\source\repos\Yakult-System-New\Yakult.Inventory.App\Pages\Item\InvoiceBuilderDialog.xaml.cs(592,17): error CS0103: The name 'LblStatus' does not exist in the current context [C:\Users\russel.mercado\source\repos\Yakult-System-New\Yakult.Inventory.App\Yakult.Inventory.App.csproj]
C:\Users\russel.mercado\source\repos\Yakult-System-New\Yakult.Inventory.App\Pages\Item\InvoiceBuilderDialog.xaml.cs(608,13): error CS0103: The name 'LblStatus' does not exist in the current context [C:\Users\russel.mercado\source\repos\Yakult-System-New\Yakult.Inventory.App\Yakult.Inventory.App.csproj]
C:\Users\russel.mercado\source\repos\Yakult-System-New\Yakult.Inventory.App\Pages\Item\BatchAddItemDialog.xaml.cs(667,32): error CS0103: The name 'CmbItemType' does not exist in the current context [C:\Users\russel.mercado\source\repos\Yakult-System-New\Yakult.Inventory.App\Yakult.Inventory.App.csproj]
C:\Users\russel.mercado\source\repos\Yakult-System-New\Yakult.Inventory.App\Pages\Item\BatchAddItemDialog.xaml.cs(672,81): error CS0103: The name 'ChkServiceContractDates' does not exist in the current context [C:\Users\russel.mercado\source\repos\Yakult-System-New\Yakult.Inventory.App\Yakult.Inventory.App.csproj]
C:\Users\russel.mercado\source\repos\Yakult-System-New\Yakult.Inventory.App\Pages\Item\BatchAddItemDialog.xaml.cs(673,13): error CS0103: The name 'RowContractDates' does not exist in the current context [C:\Users\russel.mercado\source\repos\Yakult-System-New\Yakult.Inventory.App\Yakult.Inventory.App.csproj]
C:\Users\russel.mercado\source\repos\Yakult-System-New\Yakult.Inventory.App\Pages\Item\BatchAddItemDialog.xaml.cs(676,13): error CS0103: The name 'RowLicenseNumber' does not exist in the current context [C:\Users\russel.mercado\source\repos\Yakult-System-New\Yakult.Inventory.App\Yakult.Inventory.App.csproj]
C:\Users\russel.mercado\source\repos\Yakult-System-New\Yakult.Inventory.App\Pages\Item\InvoiceBuilderDialog.xaml.cs(618,17): error CS0103: The name 'LblStatus' does not exist in the current context [C:\Users\russel.mercado\source\repos\Yakult-System-New\Yakult.Inventory.App\Yakult.Inventory.App.csproj]
C:\Users\russel.mercado\source\repos\Yakult-System-New\Yakult.Inventory.App\Pages\Item\BatchAddItemDialog.xaml.cs(683,23): error CS0103: The name 'CmbCategory' does not exist in the current context [C:\Users\russel.mercado\source\repos\Yakult-System-New\Yakult.Inventory.App\Yakult.Inventory.App.csproj]
C:\Users\russel.mercado\source\repos\Yakult-System-New\Yakult.Inventory.App\Pages\Item\BatchAddItemDialog.xaml.cs(687,13): error CS0103: The name 'RowCartridgeModel' does not exist in the current context [C:\Users\russel.mercado\source\repos\Yakult-System-New\Yakult.Inventory.App\Yakult.Inventory.App.csproj]
C:\Users\russel.mercado\source\repos\Yakult-System-New\Yakult.Inventory.App\Pages\Item\BatchAddItemDialog.xaml.cs(688,13): error CS0103: The name 'RowCartridgeOrigin' does not exist in the current context [C:\Users\russel.mercado\source\repos\Yakult-System-New\Yakult.Inventory.App\Yakult.Inventory.App.csproj]
C:\Users\russel.mercado\source\repos\Yakult-System-New\Yakult.Inventory.App\Pages\Item\BatchAddItemDialog.xaml.cs(690,32): error CS0103: The name 'CmbCartridgeOrigin' does not exist in the current context [C:\Users\russel.mercado\source\repos\Yakult-System-New\Yakult.Inventory.App\Yakult.Inventory.App.csproj]
C:\Users\russel.mercado\source\repos\Yakult-System-New\Yakult.Inventory.App\Pages\Item\BatchAddItemDialog.xaml.cs(691,17): error CS0103: The name 'CmbCartridgeOrigin' does not exist in the current context [C:\Users\russel.mercado\source\repos\Yakult-System-New\Yakult.Inventory.App\Yakult.Inventory.App.csproj]
C:\Users\russel.mercado\source\repos\Yakult-System-New\Yakult.Inventory.App\Pages\Item\BatchAddItemDialog.xaml.cs(696,32): error CS0103: The name 'CmbCartridgeModel' does not exist in the current context [C:\Users\russel.mercado\source\repos\Yakult-System-New\Yakult.Inventory.App\Yakult.Inventory.App.csproj]
C:\Users\russel.mercado\source\repos\Yakult-System-New\Yakult.Inventory.App\Pages\Item\BatchAddItemDialog.xaml.cs(700,13): error CS0103: The name 'RowConsumableModel' does not exist in the current context [C:\Users\russel.mercado\source\repos\Yakult-System-New\Yakult.Inventory.App\Yakult.Inventory.App.csproj]
C:\Users\russel.mercado\source\repos\Yakult-System-New\Yakult.Inventory.App\Pages\Item\BatchAddItemDialog.xaml.cs(714,13): error CS0103: The name 'RowQuantity' does not exist in the current context [C:\Users\russel.mercado\source\repos\Yakult-System-New\Yakult.Inventory.App\Yakult.Inventory.App.csproj]
C:\Users\russel.mercado\source\repos\Yakult-System-New\Yakult.Inventory.App\Pages\Item\BatchAddItemDialog.xaml.cs(715,13): error CS0103: The name 'RowSerialNumbersEntry' does not exist in the current context [C:\Users\russel.mercado\source\repos\Yakult-System-New\Yakult.Inventory.App\Yakult.Inventory.App.csproj]
C:\Users\russel.mercado\source\repos\Yakult-System-New\Yakult.Inventory.App\Pages\Item\BatchAddItemDialog.xaml.cs(716,13): error CS0103: The name 'RowPreviewSection' does not exist in the current context [C:\Users\russel.mercado\source\repos\Yakult-System-New\Yakult.Inventory.App\Yakult.Inventory.App.csproj]
C:\Users\russel.mercado\source\repos\Yakult-System-New\Yakult.Inventory.App\Pages\Item\BatchAddItemDialog.xaml.cs(717,13): error CS0103: The name 'RowCellPhoneEntries' does not exist in the current context [C:\Users\russel.mercado\source\repos\Yakult-System-New\Yakult.Inventory.App\Yakult.Inventory.App.csproj]
C:\Users\russel.mercado\source\repos\Yakult-System-New\Yakult.Inventory.App\Pages\Item\BatchAddItemDialog.xaml.cs(758,33): error CS0103: The name 'DgvCellPhones' does not exist in the current context [C:\Users\russel.mercado\source\repos\Yakult-System-New\Yakult.Inventory.App\Yakult.Inventory.App.csproj]
C:\Users\russel.mercado\source\repos\Yakult-System-New\Yakult.Inventory.App\Pages\Item\BatchAddItemDialog.xaml.cs(761,13): error CS0103: The name 'DgvCellPhones' does not exist in the current context [C:\Users\russel.mercado\source\repos\Yakult-System-New\Yakult.Inventory.App\Yakult.Inventory.App.csproj]
C:\Users\russel.mercado\source\repos\Yakult-System-New\Yakult.Inventory.App\Pages\Item\BatchAddItemDialog.xaml.cs(762,13): error CS0103: The name 'DgvCellPhones' does not exist in the current context [C:\Users\russel.mercado\source\repos\Yakult-System-New\Yakult.Inventory.App\Yakult.Inventory.App.csproj]
C:\Users\russel.mercado\source\repos\Yakult-System-New\Yakult.Inventory.App\Pages\Item\BatchAddItemDialog.xaml.cs(801,13): error CS0103: The name 'DgvCellPhones' does not exist in the current context [C:\Users\russel.mercado\source\repos\Yakult-System-New\Yakult.Inventory.App\Yakult.Inventory.App.csproj]
C:\Users\russel.mercado\source\repos\Yakult-System-New\Yakult.Inventory.App\Pages\Item\BatchAddItemDialog.xaml.cs(806,13): error CS0103: The name 'TxtCellPhonePageInfo' does not exist in the current context [C:\Users\russel.mercado\source\repos\Yakult-System-New\Yakult.Inventory.App\Yakult.Inventory.App.csproj]
C:\Users\russel.mercado\source\repos\Yakult-System-New\Yakult.Inventory.App\Pages\Item\BatchAddItemDialog.xaml.cs(807,13): error CS0103: The name 'BtnCellPhonePrevPage' does not exist in the current context [C:\Users\russel.mercado\source\repos\Yakult-System-New\Yakult.Inventory.App\Yakult.Inventory.App.csproj]
C:\Users\russel.mercado\source\repos\Yakult-System-New\Yakult.Inventory.App\Pages\Item\BatchAddItemDialog.xaml.cs(808,13): error CS0103: The name 'BtnCellPhoneNextPage' does not exist in the current context [C:\Users\russel.mercado\source\repos\Yakult-System-New\Yakult.Inventory.App\Yakult.Inventory.App.csproj]
C:\Users\russel.mercado\source\repos\Yakult-System-New\Yakult.Inventory.App\Pages\Item\InvoiceBuilderDialog.xaml.cs(816,13): error CS0103: The name 'LblModelWarning' does not exist in the current context [C:\Users\russel.mercado\source\repos\Yakult-System-New\Yakult.Inventory.App\Yakult.Inventory.App.csproj]
C:\Users\russel.mercado\source\repos\Yakult-System-New\Yakult.Inventory.App\Pages\Item\InvoiceBuilderDialog.xaml.cs(817,13): error CS0103: The name 'BannerModelWarning' does not exist in the current context [C:\Users\russel.mercado\source\repos\Yakult-System-New\Yakult.Inventory.App\Yakult.Inventory.App.csproj]
C:\Users\russel.mercado\source\repos\Yakult-System-New\Yakult.Inventory.App\Pages\Item\InvoiceCsvImportDialog.xaml.cs(375,17): error CS0103: The name 'TxtCsvPath' does not exist in the current context [C:\Users\russel.mercado\source\repos\Yakult-System-New\Yakult.Inventory.App\Yakult.Inventory.App.csproj]
C:\Users\russel.mercado\source\repos\Yakult-System-New\Yakult.Inventory.App\Pages\Item\InvoiceCsvImportDialog.xaml.cs(376,17): error CS0103: The name 'BtnLoadPreview' does not exist in the current context [C:\Users\russel.mercado\source\repos\Yakult-System-New\Yakult.Inventory.App\Yakult.Inventory.App.csproj]
C:\Users\russel.mercado\source\repos\Yakult-System-New\Yakult.Inventory.App\Pages\Item\InvoiceCsvImportDialog.xaml.cs(377,17): error CS0103: The name 'BtnImport' does not exist in the current context [C:\Users\russel.mercado\source\repos\Yakult-System-New\Yakult.Inventory.App\Yakult.Inventory.App.csproj]
C:\Users\russel.mercado\source\repos\Yakult-System-New\Yakult.Inventory.App\Pages\Item\InvoiceCsvImportDialog.xaml.cs(378,17): error CS0103: The name 'PreviewGrid' does not exist in the current context [C:\Users\russel.mercado\source\repos\Yakult-System-New\Yakult.Inventory.App\Yakult.Inventory.App.csproj]
C:\Users\russel.mercado\source\repos\Yakult-System-New\Yakult.Inventory.App\Pages\Item\InvoiceCsvImportDialog.xaml.cs(379,17): error CS0103: The name 'LblEmptyState' does not exist in the current context [C:\Users\russel.mercado\source\repos\Yakult-System-New\Yakult.Inventory.App\Yakult.Inventory.App.csproj]
C:\Users\russel.mercado\source\repos\Yakult-System-New\Yakult.Inventory.App\Pages\Item\InvoiceCsvImportDialog.xaml.cs(380,17): error CS0103: The name 'BannerWarn' does not exist in the current context [C:\Users\russel.mercado\source\repos\Yakult-System-New\Yakult.Inventory.App\Yakult.Inventory.App.csproj]
C:\Users\russel.mercado\source\repos\Yakult-System-New\Yakult.Inventory.App\Pages\Item\InvoiceCsvImportDialog.xaml.cs(381,17): error CS0103: The name 'LblStatus' does not exist in the current context [C:\Users\russel.mercado\source\repos\Yakult-System-New\Yakult.Inventory.App\Yakult.Inventory.App.csproj]
C:\Users\russel.mercado\source\repos\Yakult-System-New\Yakult.Inventory.App\Pages\Item\InvoiceBuilderDialog.xaml.cs(821,13): error CS0103: The name 'BannerModelWarning' does not exist in the current context [C:\Users\russel.mercado\source\repos\Yakult-System-New\Yakult.Inventory.App\Yakult.Inventory.App.csproj]
C:\Users\russel.mercado\source\repos\Yakult-System-New\Yakult.Inventory.App\Pages\Item\BatchAddItemDialog.xaml.cs(850,13): error CS0103: The name 'DgvCellPhones' does not exist in the current context [C:\Users\russel.mercado\source\repos\Yakult-System-New\Yakult.Inventory.App\Yakult.Inventory.App.csproj]
C:\Users\russel.mercado\source\repos\Yakult-System-New\Yakult.Inventory.App\Pages\Item\BatchAddItemDialog.xaml.cs(851,13): error CS0103: The name 'DgvCellPhones' does not exist in the current context [C:\Users\russel.mercado\source\repos\Yakult-System-New\Yakult.Inventory.App\Yakult.Inventory.App.csproj]
C:\Users\russel.mercado\source\repos\Yakult-System-New\Yakult.Inventory.App\Pages\Item\BatchAddItemDialog.xaml.cs(854,13): error CS0103: The name 'DgvCellPhones' does not exist in the current context [C:\Users\russel.mercado\source\repos\Yakult-System-New\Yakult.Inventory.App\Yakult.Inventory.App.csproj]
C:\Users\russel.mercado\source\repos\Yakult-System-New\Yakult.Inventory.App\Pages\Item\BatchAddItemDialog.xaml.cs(855,13): error CS0103: The name 'DgvCellPhones' does not exist in the current context [C:\Users\russel.mercado\source\repos\Yakult-System-New\Yakult.Inventory.App\Yakult.Inventory.App.csproj]
C:\Users\russel.mercado\source\repos\Yakult-System-New\Yakult.Inventory.App\Pages\Item\BatchAddItemDialog.xaml.cs(856,13): error CS0103: The name 'DgvCellPhones' does not exist in the current context [C:\Users\russel.mercado\source\repos\Yakult-System-New\Yakult.Inventory.App\Yakult.Inventory.App.csproj]
C:\Users\russel.mercado\source\repos\Yakult-System-New\Yakult.Inventory.App\Pages\Item\EditItemDialog.xaml.cs(35,13): error CS0103: The name 'InitializeComponent' does not exist in the current context [C:\Users\russel.mercado\source\repos\Yakult-System-New\Yakult.Inventory.App\Yakult.Inventory.App.csproj]
C:\Users\russel.mercado\source\repos\Yakult-System-New\Yakult.Inventory.App\Pages\Item\EditItemDialog.xaml.cs(37,13): error CS0103: The name 'CmbItemType' does not exist in the current context [C:\Users\russel.mercado\source\repos\Yakult-System-New\Yakult.Inventory.App\Yakult.Inventory.App.csproj]
C:\Users\russel.mercado\source\repos\Yakult-System-New\Yakult.Inventory.App\Pages\Item\EditItemDialog.xaml.cs(38,13): error CS0103: The name 'CmbItemType' does not exist in the current context [C:\Users\russel.mercado\source\repos\Yakult-System-New\Yakult.Inventory.App\Yakult.Inventory.App.csproj]
C:\Users\russel.mercado\source\repos\Yakult-System-New\Yakult.Inventory.App\Pages\Item\EditItemDialog.xaml.cs(39,13): error CS0103: The name 'CmbItemType' does not exist in the current context [C:\Users\russel.mercado\source\repos\Yakult-System-New\Yakult.Inventory.App\Yakult.Inventory.App.csproj]
C:\Users\russel.mercado\source\repos\Yakult-System-New\Yakult.Inventory.App\Pages\Item\EditItemDialog.xaml.cs(41,13): error CS0103: The name 'CmbSubType' does not exist in the current context [C:\Users\russel.mercado\source\repos\Yakult-System-New\Yakult.Inventory.App\Yakult.Inventory.App.csproj]
C:\Users\russel.mercado\source\repos\Yakult-System-New\Yakult.Inventory.App\Pages\Item\EditItemDialog.xaml.cs(43,17): error CS0103: The name 'CmbSubType' does not exist in the current context [C:\Users\russel.mercado\source\repos\Yakult-System-New\Yakult.Inventory.App\Yakult.Inventory.App.csproj]
C:\Users\russel.mercado\source\repos\Yakult-System-New\Yakult.Inventory.App\Pages\Item\EditItemDialog.xaml.cs(45,13): error CS0103: The name 'CmbCartridgeOrigin' does not exist in the current context [C:\Users\russel.mercado\source\repos\Yakult-System-New\Yakult.Inventory.App\Yakult.Inventory.App.csproj]
C:\Users\russel.mercado\source\repos\Yakult-System-New\Yakult.Inventory.App\Pages\Item\EditItemDialog.xaml.cs(46,13): error CS0103: The name 'CmbCartridgeOrigin' does not exist in the current context [C:\Users\russel.mercado\source\repos\Yakult-System-New\Yakult.Inventory.App\Yakult.Inventory.App.csproj]
C:\Users\russel.mercado\source\repos\Yakult-System-New\Yakult.Inventory.App\Pages\Item\EditItemDialog.xaml.cs(48,13): error CS0103: The name 'CmbAcquisitionType' does not exist in the current context [C:\Users\russel.mercado\source\repos\Yakult-System-New\Yakult.Inventory.App\Yakult.Inventory.App.csproj]
C:\Users\russel.mercado\source\repos\Yakult-System-New\Yakult.Inventory.App\Pages\Item\EditItemDialog.xaml.cs(49,13): error CS0103: The name 'CmbAcquisitionType' does not exist in the current context [C:\Users\russel.mercado\source\repos\Yakult-System-New\Yakult.Inventory.App\Yakult.Inventory.App.csproj]
C:\Users\russel.mercado\source\repos\Yakult-System-New\Yakult.Inventory.App\Pages\Item\EditItemDialog.xaml.cs(50,13): error CS0103: The name 'CmbAcquisitionType' does not exist in the current context [C:\Users\russel.mercado\source\repos\Yakult-System-New\Yakult.Inventory.App\Yakult.Inventory.App.csproj]
C:\Users\russel.mercado\source\repos\Yakult-System-New\Yakult.Inventory.App\Pages\Item\EditItemDialog.xaml.cs(51,13): error CS0103: The name 'CmbAcquisitionType' does not exist in the current context [C:\Users\russel.mercado\source\repos\Yakult-System-New\Yakult.Inventory.App\Yakult.Inventory.App.csproj]
C:\Users\russel.mercado\source\repos\Yakult-System-New\Yakult.Inventory.App\Pages\Item\EditItemDialog.xaml.cs(52,13): error CS0103: The name 'CmbAcquisitionType' does not exist in the current context [C:\Users\russel.mercado\source\repos\Yakult-System-New\Yakult.Inventory.App\Yakult.Inventory.App.csproj]
C:\Users\russel.mercado\source\repos\Yakult-System-New\Yakult.Inventory.App\Pages\Item\EditItemDialog.xaml.cs(54,13): error CS0103: The name 'CmbUnitOfMeasure' does not exist in the current context [C:\Users\russel.mercado\source\repos\Yakult-System-New\Yakult.Inventory.App\Yakult.Inventory.App.csproj]
C:\Users\russel.mercado\source\repos\Yakult-System-New\Yakult.Inventory.App\Pages\Item\EditItemDialog.xaml.cs(55,13): error CS0103: The name 'CmbUnitOfMeasure' does not exist in the current context [C:\Users\russel.mercado\source\repos\Yakult-System-New\Yakult.Inventory.App\Yakult.Inventory.App.csproj]
C:\Users\russel.mercado\source\repos\Yakult-System-New\Yakult.Inventory.App\Pages\Item\EditItemDialog.xaml.cs(56,13): error CS0103: The name 'CmbUnitOfMeasure' does not exist in the current context [C:\Users\russel.mercado\source\repos\Yakult-System-New\Yakult.Inventory.App\Yakult.Inventory.App.csproj]
C:\Users\russel.mercado\source\repos\Yakult-System-New\Yakult.Inventory.App\Pages\Item\EditItemDialog.xaml.cs(57,13): error CS0103: The name 'CmbUnitOfMeasure' does not exist in the current context [C:\Users\russel.mercado\source\repos\Yakult-System-New\Yakult.Inventory.App\Yakult.Inventory.App.csproj]
C:\Users\russel.mercado\source\repos\Yakult-System-New\Yakult.Inventory.App\Pages\Item\EditItemDialog.xaml.cs(58,13): error CS0103: The name 'CmbUnitOfMeasure' does not exist in the current context [C:\Users\russel.mercado\source\repos\Yakult-System-New\Yakult.Inventory.App\Yakult.Inventory.App.csproj]
C:\Users\russel.mercado\source\repos\Yakult-System-New\Yakult.Inventory.App\Pages\Item\BatchAddItemDialog.xaml.cs(872,13): error CS0103: The name 'DgvCellPhones' does not exist in the current context [C:\Users\russel.mercado\source\repos\Yakult-System-New\Yakult.Inventory.App\Yakult.Inventory.App.csproj]
C:\Users\russel.mercado\source\repos\Yakult-System-New\Yakult.Inventory.App\Pages\Item\BatchAddItemDialog.xaml.cs(873,13): error CS0103: The name 'DgvCellPhones' does not exist in the current context [C:\Users\russel.mercado\source\repos\Yakult-System-New\Yakult.Inventory.App\Yakult.Inventory.App.csproj]
C:\Users\russel.mercado\source\repos\Yakult-System-New\Yakult.Inventory.App\Pages\Item\BatchAddItemDialog.xaml.cs(877,35): error CS0103: The name 'DgvCellPhones' does not exist in the current context [C:\Users\russel.mercado\source\repos\Yakult-System-New\Yakult.Inventory.App\Yakult.Inventory.App.csproj]
C:\Users\russel.mercado\source\repos\Yakult-System-New\Yakult.Inventory.App\Pages\Item\BatchAddItemDialog.xaml.cs(890,33): error CS0103: The name 'DgvCellPhones' does not exist in the current context [C:\Users\russel.mercado\source\repos\Yakult-System-New\Yakult.Inventory.App\Yakult.Inventory.App.csproj]
C:\Users\russel.mercado\source\repos\Yakult-System-New\Yakult.Inventory.App\Pages\Item\BatchAddItemDialog.xaml.cs(894,61): error CS0103: The name 'DgvCellPhones' does not exist in the current context [C:\Users\russel.mercado\source\repos\Yakult-System-New\Yakult.Inventory.App\Yakult.Inventory.App.csproj]
C:\Users\russel.mercado\source\repos\Yakult-System-New\Yakult.Inventory.App\Pages\Item\BatchAddItemDialog.xaml.cs(896,22): error CS0103: The name 'DgvCellPhones' does not exist in the current context [C:\Users\russel.mercado\source\repos\Yakult-System-New\Yakult.Inventory.App\Yakult.Inventory.App.csproj]
C:\Users\russel.mercado\source\repos\Yakult-System-New\Yakult.Inventory.App\Pages\Item\BatchAddItemDialog.xaml.cs(896,66): error CS0103: The name 'DgvCellPhones' does not exist in the current context [C:\Users\russel.mercado\source\repos\Yakult-System-New\Yakult.Inventory.App\Yakult.Inventory.App.csproj]
C:\Users\russel.mercado\source\repos\Yakult-System-New\Yakult.Inventory.App\Pages\Item\BatchAddItemDialog.xaml.cs(898,32): error CS0103: The name 'DgvCellPhones' does not exist in the current context [C:\Users\russel.mercado\source\repos\Yakult-System-New\Yakult.Inventory.App\Yakult.Inventory.App.csproj]
C:\Users\russel.mercado\source\repos\Yakult-System-New\Yakult.Inventory.App\Pages\Item\BatchAddItemDialog.xaml.cs(899,38): error CS0103: The name 'DgvCellPhones' does not exist in the current context [C:\Users\russel.mercado\source\repos\Yakult-System-New\Yakult.Inventory.App\Yakult.Inventory.App.csproj]
C:\Users\russel.mercado\source\repos\Yakult-System-New\Yakult.Inventory.App\Pages\Item\BatchAddItemDialog.xaml.cs(899,66): error CS0103: The name 'DgvCellPhones' does not exist in the current context [C:\Users\russel.mercado\source\repos\Yakult-System-New\Yakult.Inventory.App\Yakult.Inventory.App.csproj]
C:\Users\russel.mercado\source\repos\Yakult-System-New\Yakult.Inventory.App\Pages\Item\BatchAddItemDialog.xaml.cs(939,33): error CS0103: The name 'DgvCellPhones' does not exist in the current context [C:\Users\russel.mercado\source\repos\Yakult-System-New\Yakult.Inventory.App\Yakult.Inventory.App.csproj]
C:\Users\russel.mercado\source\repos\Yakult-System-New\Yakult.Inventory.App\Pages\Item\BatchAddItemDialog.xaml.cs(942,13): error CS0103: The name 'DgvCellPhones' does not exist in the current context [C:\Users\russel.mercado\source\repos\Yakult-System-New\Yakult.Inventory.App\Yakult.Inventory.App.csproj]
C:\Users\russel.mercado\source\repos\Yakult-System-New\Yakult.Inventory.App\Pages\Item\BatchAddItemDialog.xaml.cs(943,13): error CS0103: The name 'DgvCellPhones' does not exist in the current context [C:\Users\russel.mercado\source\repos\Yakult-System-New\Yakult.Inventory.App\Yakult.Inventory.App.csproj]
C:\Users\russel.mercado\source\repos\Yakult-System-New\Yakult.Inventory.App\Pages\Item\SellDisposeDialog.xaml.cs(24,34): error CS0103: The name 'TxtQty' does not exist in the current context [C:\Users\russel.mercado\source\repos\Yakult-System-New\Yakult.Inventory.App\Yakult.Inventory.App.csproj]
C:\Users\russel.mercado\source\repos\Yakult-System-New\Yakult.Inventory.App\Pages\Item\SellDisposeDialog.xaml.cs(28,40): error CS0103: The name 'TxtRecipient' does not exist in the current context [C:\Users\russel.mercado\source\repos\Yakult-System-New\Yakult.Inventory.App\Yakult.Inventory.App.csproj]
C:\Users\russel.mercado\source\repos\Yakult-System-New\Yakult.Inventory.App\Pages\Item\EditItemDialog.xaml.cs(152,13): error CS0103: The name 'BtnMaximizeGlyph' does not exist in the current context [C:\Users\russel.mercado\source\repos\Yakult-System-New\Yakult.Inventory.App\Yakult.Inventory.App.csproj]
C:\Users\russel.mercado\source\repos\Yakult-System-New\Yakult.Inventory.App\Pages\Item\SellDisposeDialog.xaml.cs(34,38): error CS0103: The name 'TxtAmount' does not exist in the current context [C:\Users\russel.mercado\source\repos\Yakult-System-New\Yakult.Inventory.App\Yakult.Inventory.App.csproj]
C:\Users\russel.mercado\source\repos\Yakult-System-New\Yakult.Inventory.App\Pages\Item\SellDisposeDialog.xaml.cs(38,60): error CS0103: The name 'TxtRemarks' does not exist in the current context [C:\Users\russel.mercado\source\repos\Yakult-System-New\Yakult.Inventory.App\Yakult.Inventory.App.csproj]
C:\Users\russel.mercado\source\repos\Yakult-System-New\Yakult.Inventory.App\Pages\Item\SellDisposeDialog.xaml.cs(38,87): error CS0103: The name 'TxtRemarks' does not exist in the current context [C:\Users\russel.mercado\source\repos\Yakult-System-New\Yakult.Inventory.App\Yakult.Inventory.App.csproj]
C:\Users\russel.mercado\source\repos\Yakult-System-New\Yakult.Inventory.App\Pages\Item\BatchAddItemDialog.xaml.cs(977,23): error CS0103: The name 'CmbCategory' does not exist in the current context [C:\Users\russel.mercado\source\repos\Yakult-System-New\Yakult.Inventory.App\Yakult.Inventory.App.csproj]
C:\Users\russel.mercado\source\repos\Yakult-System-New\Yakult.Inventory.App\Pages\Item\BatchAddItemDialog.xaml.cs(982,29): error CS0103: The name 'CmbCartridgeModel' does not exist in the current context [C:\Users\russel.mercado\source\repos\Yakult-System-New\Yakult.Inventory.App\Yakult.Inventory.App.csproj]
C:\Users\russel.mercado\source\repos\Yakult-System-New\Yakult.Inventory.App\Pages\Item\BatchAddItemDialog.xaml.cs(988,31): error CS0103: The name 'TxtModelNumber' does not exist in the current context [C:\Users\russel.mercado\source\repos\Yakult-System-New\Yakult.Inventory.App\Yakult.Inventory.App.csproj]
C:\Users\russel.mercado\source\repos\Yakult-System-New\Yakult.Inventory.App\Pages\Item\BatchAddItemDialog.xaml.cs(992,27): error CS0103: The name 'TxtModelNumber' does not exist in the current context [C:\Users\russel.mercado\source\repos\Yakult-System-New\Yakult.Inventory.App\Yakult.Inventory.App.csproj]
C:\Users\russel.mercado\source\repos\Yakult-System-New\Yakult.Inventory.App\Pages\Item\BatchAddItemDialog.xaml.cs(999,37): error CS0103: The name 'CmbVendor' does not exist in the current context [C:\Users\russel.mercado\source\repos\Yakult-System-New\Yakult.Inventory.App\Yakult.Inventory.App.csproj]
C:\Users\russel.mercado\source\repos\Yakult-System-New\Yakult.Inventory.App\Pages\Item\BatchAddItemDialog.xaml.cs(1018,23): error CS0103: The name 'CmbCategory' does not exist in the current context [C:\Users\russel.mercado\source\repos\Yakult-System-New\Yakult.Inventory.App\Yakult.Inventory.App.csproj]
C:\Users\russel.mercado\source\repos\Yakult-System-New\Yakult.Inventory.App\Pages\Item\BatchAddItemDialog.xaml.cs(1023,25): error CS0103: The name 'TxtModelNumber' does not exist in the current context [C:\Users\russel.mercado\source\repos\Yakult-System-New\Yakult.Inventory.App\Yakult.Inventory.App.csproj]
C:\Users\russel.mercado\source\repos\Yakult-System-New\Yakult.Inventory.App\Pages\Item\BatchAddItemDialog.xaml.cs(1026,33): error CS0103: The name 'CmbCartridgeModel' does not exist in the current context [C:\Users\russel.mercado\source\repos\Yakult-System-New\Yakult.Inventory.App\Yakult.Inventory.App.csproj]
C:\Users\russel.mercado\source\repos\Yakult-System-New\Yakult.Inventory.App\Pages\Item\BatchAddItemDialog.xaml.cs(1028,21): error CS0103: The name 'CmbCartridgeModel' does not exist in the current context [C:\Users\russel.mercado\source\repos\Yakult-System-New\Yakult.Inventory.App\Yakult.Inventory.App.csproj]
C:\Users\russel.mercado\source\repos\Yakult-System-New\Yakult.Inventory.App\Pages\Item\BatchAddItemDialog.xaml.cs(1032,25): error CS0103: The name 'CmbCartridgeModel' does not exist in the current context [C:\Users\russel.mercado\source\repos\Yakult-System-New\Yakult.Inventory.App\Yakult.Inventory.App.csproj]
C:\Users\russel.mercado\source\repos\Yakult-System-New\Yakult.Inventory.App\Pages\Item\BatchAddItemDialog.xaml.cs(1033,25): error CS0103: The name 'CmbCartridgeModel' does not exist in the current context [C:\Users\russel.mercado\source\repos\Yakult-System-New\Yakult.Inventory.App\Yakult.Inventory.App.csproj]
C:\Users\russel.mercado\source\repos\Yakult-System-New\Yakult.Inventory.App\Pages\Item\BatchAddItemDialog.xaml.cs(1038,17): error CS0103: The name 'CmbCartridgeModel' does not exist in the current context [C:\Users\russel.mercado\source\repos\Yakult-System-New\Yakult.Inventory.App\Yakult.Inventory.App.csproj]
C:\Users\russel.mercado\source\repos\Yakult-System-New\Yakult.Inventory.App\Pages\Item\BatchAddItemDialog.xaml.cs(1038,54): error CS0103: The name 'CmbCartridgeModel' does not exist in the current context [C:\Users\russel.mercado\source\repos\Yakult-System-New\Yakult.Inventory.App\Yakult.Inventory.App.csproj]
C:\Users\russel.mercado\source\repos\Yakult-System-New\Yakult.Inventory.App\Pages\Item\BatchAddItemDialog.xaml.cs(1039,17): error CS0103: The name 'CmbCartridgeModel' does not exist in the current context [C:\Users\russel.mercado\source\repos\Yakult-System-New\Yakult.Inventory.App\Yakult.Inventory.App.csproj]
C:\Users\russel.mercado\source\repos\Yakult-System-New\Yakult.Inventory.App\Pages\Item\SellDisposeDialog.xaml.cs(48,13): error CS0103: The name 'InitializeComponent' does not exist in the current context [C:\Users\russel.mercado\source\repos\Yakult-System-New\Yakult.Inventory.App\Yakult.Inventory.App.csproj]
C:\Users\russel.mercado\source\repos\Yakult-System-New\Yakult.Inventory.App\Pages\Item\EditItemDialog.xaml.cs(263,17): error CS0103: The name 'CmbCategory' does not exist in the current context [C:\Users\russel.mercado\source\repos\Yakult-System-New\Yakult.Inventory.App\Yakult.Inventory.App.csproj]
C:\Users\russel.mercado\source\repos\Yakult-System-New\Yakult.Inventory.App\Pages\Item\EditItemDialog.xaml.cs(280,29): error CS0103: The name 'CmbCategory' does not exist in the current context [C:\Users\russel.mercado\source\repos\Yakult-System-New\Yakult.Inventory.App\Yakult.Inventory.App.csproj]
C:\Users\russel.mercado\source\repos\Yakult-System-New\Yakult.Inventory.App\Pages\Item\InvoiceBuilderDialog.xaml.cs(998,28): error CS0103: The name 'LinesGrid' does not exist in the current context [C:\Users\russel.mercado\source\repos\Yakult-System-New\Yakult.Inventory.App\Yakult.Inventory.App.csproj]
C:\Users\russel.mercado\source\repos\Yakult-System-New\Yakult.Inventory.App\Pages\Item\BatchAddItemDialog.xaml.cs(1056,17): error CS0103: The name 'ChkWarrantyStart' does not exist in the current context [C:\Users\russel.mercado\source\repos\Yakult-System-New\Yakult.Inventory.App\Yakult.Inventory.App.csproj]
C:\Users\russel.mercado\source\repos\Yakult-System-New\Yakult.Inventory.App\Pages\Item\BatchAddItemDialog.xaml.cs(1056,55): error CS0103: The name 'ChkWarrantyEnd' does not exist in the current context [C:\Users\russel.mercado\source\repos\Yakult-System-New\Yakult.Inventory.App\Yakult.Inventory.App.csproj]
C:\Users\russel.mercado\source\repos\Yakult-System-New\Yakult.Inventory.App\Pages\Item\BatchAddItemDialog.xaml.cs(1057,17): error CS0103: The name 'DpWarrantyStart' does not exist in the current context [C:\Users\russel.mercado\source\repos\Yakult-System-New\Yakult.Inventory.App\Yakult.Inventory.App.csproj]
C:\Users\russel.mercado\source\repos\Yakult-System-New\Yakult.Inventory.App\Pages\Item\BatchAddItemDialog.xaml.cs(1057,57): error CS0103: The name 'DpWarrantyEnd' does not exist in the current context [C:\Users\russel.mercado\source\repos\Yakult-System-New\Yakult.Inventory.App\Yakult.Inventory.App.csproj]
C:\Users\russel.mercado\source\repos\Yakult-System-New\Yakult.Inventory.App\Pages\Item\BatchAddItemDialog.xaml.cs(1059,25): error CS0103: The name 'DpWarrantyStart' does not exist in the current context [C:\Users\russel.mercado\source\repos\Yakult-System-New\Yakult.Inventory.App\Yakult.Inventory.App.csproj]
C:\Users\russel.mercado\source\repos\Yakult-System-New\Yakult.Inventory.App\Pages\Item\BatchAddItemDialog.xaml.cs(1060,23): error CS0103: The name 'DpWarrantyEnd' does not exist in the current context [C:\Users\russel.mercado\source\repos\Yakult-System-New\Yakult.Inventory.App\Yakult.Inventory.App.csproj]
C:\Users\russel.mercado\source\repos\Yakult-System-New\Yakult.Inventory.App\Pages\Item\BatchAddItemDialog.xaml.cs(1068,13): error CS0103: The name 'TxtWarrantyYears' does not exist in the current context [C:\Users\russel.mercado\source\repos\Yakult-System-New\Yakult.Inventory.App\Yakult.Inventory.App.csproj]
C:\Users\russel.mercado\source\repos\Yakult-System-New\Yakult.Inventory.App\Pages\Item\EditItemDialog.xaml.cs(300,17): error CS0103: The name 'CmbCondition' does not exist in the current context [C:\Users\russel.mercado\source\repos\Yakult-System-New\Yakult.Inventory.App\Yakult.Inventory.App.csproj]
C:\Users\russel.mercado\source\repos\Yakult-System-New\Yakult.Inventory.App\Pages\Item\EditItemDialog.xaml.cs(316,29): error CS0103: The name 'CmbCondition' does not exist in the current context [C:\Users\russel.mercado\source\repos\Yakult-System-New\Yakult.Inventory.App\Yakult.Inventory.App.csproj]
C:\Users\russel.mercado\source\repos\Yakult-System-New\Yakult.Inventory.App\Pages\Item\EditItemDialog.xaml.cs(325,37): error CS0103: The name 'CmbCondition' does not exist in the current context [C:\Users\russel.mercado\source\repos\Yakult-System-New\Yakult.Inventory.App\Yakult.Inventory.App.csproj]
C:\Users\russel.mercado\source\repos\Yakult-System-New\Yakult.Inventory.App\Pages\Item\EditItemDialog.xaml.cs(327,25): error CS0103: The name 'CmbCondition' does not exist in the current context [C:\Users\russel.mercado\source\repos\Yakult-System-New\Yakult.Inventory.App\Yakult.Inventory.App.csproj]
C:\Users\russel.mercado\source\repos\Yakult-System-New\Yakult.Inventory.App\Pages\Item\EditItemDialog.xaml.cs(330,25): error CS0103: The name 'CmbCondition' does not exist in the current context [C:\Users\russel.mercado\source\repos\Yakult-System-New\Yakult.Inventory.App\Yakult.Inventory.App.csproj]
C:\Users\russel.mercado\source\repos\Yakult-System-New\Yakult.Inventory.App\Pages\Item\EditItemDialog.xaml.cs(335,21): error CS0103: The name 'CmbCondition' does not exist in the current context [C:\Users\russel.mercado\source\repos\Yakult-System-New\Yakult.Inventory.App\Yakult.Inventory.App.csproj]
C:\Users\russel.mercado\source\repos\Yakult-System-New\Yakult.Inventory.App\Pages\Item\EditItemDialog.xaml.cs(335,55): error CS0103: The name 'CmbCondition' does not exist in the current context [C:\Users\russel.mercado\source\repos\Yakult-System-New\Yakult.Inventory.App\Yakult.Inventory.App.csproj]
C:\Users\russel.mercado\source\repos\Yakult-System-New\Yakult.Inventory.App\Pages\Item\EditItemDialog.xaml.cs(336,21): error CS0103: The name 'CmbCondition' does not exist in the current context [C:\Users\russel.mercado\source\repos\Yakult-System-New\Yakult.Inventory.App\Yakult.Inventory.App.csproj]
C:\Users\russel.mercado\source\repos\Yakult-System-New\Yakult.Inventory.App\Pages\Item\BatchAddItemDialog.xaml.cs(1073,32): error CS0103: The name 'CmbItemType' does not exist in the current context [C:\Users\russel.mercado\source\repos\Yakult-System-New\Yakult.Inventory.App\Yakult.Inventory.App.csproj]
C:\Users\russel.mercado\source\repos\Yakult-System-New\Yakult.Inventory.App\Pages\Item\BatchAddItemDialog.xaml.cs(1078,18): error CS0103: The name 'DpStartDate' does not exist in the current context [C:\Users\russel.mercado\source\repos\Yakult-System-New\Yakult.Inventory.App\Yakult.Inventory.App.csproj]
C:\Users\russel.mercado\source\repos\Yakult-System-New\Yakult.Inventory.App\Pages\Item\BatchAddItemDialog.xaml.cs(1078,56): error CS0103: The name 'DpEndDate' does not exist in the current context [C:\Users\russel.mercado\source\repos\Yakult-System-New\Yakult.Inventory.App\Yakult.Inventory.App.csproj]
C:\Users\russel.mercado\source\repos\Yakult-System-New\Yakult.Inventory.App\Pages\Item\BatchAddItemDialog.xaml.cs(1080,17): error CS0103: The name 'RowWarrantyInfoBand' does not exist in the current context [C:\Users\russel.mercado\source\repos\Yakult-System-New\Yakult.Inventory.App\Yakult.Inventory.App.csproj]
C:\Users\russel.mercado\source\repos\Yakult-System-New\Yakult.Inventory.App\Pages\Item\BatchAddItemDialog.xaml.cs(1084,13): error CS0103: The name 'RowWarrantyInfoBand' does not exist in the current context [C:\Users\russel.mercado\source\repos\Yakult-System-New\Yakult.Inventory.App\Yakult.Inventory.App.csproj]
C:\Users\russel.mercado\source\repos\Yakult-System-New\Yakult.Inventory.App\Pages\Item\BatchAddItemDialog.xaml.cs(1085,29): error CS0103: The name 'DpStartDate' does not exist in the current context [C:\Users\russel.mercado\source\repos\Yakult-System-New\Yakult.Inventory.App\Yakult.Inventory.App.csproj]
C:\Users\russel.mercado\source\repos\Yakult-System-New\Yakult.Inventory.App\Pages\Item\BatchAddItemDialog.xaml.cs(1086,29): error CS0103: The name 'DpEndDate' does not exist in the current context [C:\Users\russel.mercado\source\repos\Yakult-System-New\Yakult.Inventory.App\Yakult.Inventory.App.csproj]
C:\Users\russel.mercado\source\repos\Yakult-System-New\Yakult.Inventory.App\Pages\Item\BatchAddItemDialog.xaml.cs(1090,17): error CS0103: The name 'LblWarrantyInfo' does not exist in the current context [C:\Users\russel.mercado\source\repos\Yakult-System-New\Yakult.Inventory.App\Yakult.Inventory.App.csproj]
C:\Users\russel.mercado\source\repos\Yakult-System-New\Yakult.Inventory.App\Pages\Item\BatchAddItemDialog.xaml.cs(1091,17): error CS0103: The name 'LblWarrantyInfo' does not exist in the current context [C:\Users\russel.mercado\source\repos\Yakult-System-New\Yakult.Inventory.App\Yakult.Inventory.App.csproj]
C:\Users\russel.mercado\source\repos\Yakult-System-New\Yakult.Inventory.App\Pages\Item\BatchAddItemDialog.xaml.cs(1103,13): error CS0103: The name 'LblWarrantyInfo' does not exist in the current context [C:\Users\russel.mercado\source\repos\Yakult-System-New\Yakult.Inventory.App\Yakult.Inventory.App.csproj]
C:\Users\russel.mercado\source\repos\Yakult-System-New\Yakult.Inventory.App\Pages\Item\BatchAddItemDialog.xaml.cs(1104,13): error CS0103: The name 'LblWarrantyInfo' does not exist in the current context [C:\Users\russel.mercado\source\repos\Yakult-System-New\Yakult.Inventory.App\Yakult.Inventory.App.csproj]
C:\Users\russel.mercado\source\repos\Yakult-System-New\Yakult.Inventory.App\Pages\Item\EditItemDialog.xaml.cs(349,17): error CS0103: The name 'CmbVendor' does not exist in the current context [C:\Users\russel.mercado\source\repos\Yakult-System-New\Yakult.Inventory.App\Yakult.Inventory.App.csproj]
C:\Users\russel.mercado\source\repos\Yakult-System-New\Yakult.Inventory.App\Pages\Item\EditItemDialog.xaml.cs(351,17): error CS0103: The name 'CmbVendor' does not exist in the current context [C:\Users\russel.mercado\source\repos\Yakult-System-New\Yakult.Inventory.App\Yakult.Inventory.App.csproj]
C:\Users\russel.mercado\source\repos\Yakult-System-New\Yakult.Inventory.App\Pages\Item\EditItemDialog.xaml.cs(373,29): error CS0103: The name 'CmbVendor' does not exist in the current context [C:\Users\russel.mercado\source\repos\Yakult-System-New\Yakult.Inventory.App\Yakult.Inventory.App.csproj]
C:\Users\russel.mercado\source\repos\Yakult-System-New\Yakult.Inventory.App\Pages\Item\EditItemDialog.xaml.cs(382,21): error CS0103: The name 'CmbVendor' does not exist in the current context [C:\Users\russel.mercado\source\repos\Yakult-System-New\Yakult.Inventory.App\Yakult.Inventory.App.csproj]
C:\Users\russel.mercado\source\repos\Yakult-System-New\Yakult.Inventory.App\Pages\Item\EditItemDialog.xaml.cs(383,21): error CS0103: The name 'CmbVendor' does not exist in the current context [C:\Users\russel.mercado\source\repos\Yakult-System-New\Yakult.Inventory.App\Yakult.Inventory.App.csproj]
C:\Users\russel.mercado\source\repos\Yakult-System-New\Yakult.Inventory.App\Pages\Item\BatchAddItemDialog.xaml.cs(1116,37): error CS0103: The name 'CmbCategory' does not exist in the current context [C:\Users\russel.mercado\source\repos\Yakult-System-New\Yakult.Inventory.App\Yakult.Inventory.App.csproj]
C:\Users\russel.mercado\source\repos\Yakult-System-New\Yakult.Inventory.App\Pages\Item\BatchAddItemDialog.xaml.cs(1118,25): error CS0103: The name 'CmbCategory' does not exist in the current context [C:\Users\russel.mercado\source\repos\Yakult-System-New\Yakult.Inventory.App\Yakult.Inventory.App.csproj]
C:\Users\russel.mercado\source\repos\Yakult-System-New\Yakult.Inventory.App\Pages\Item\BatchAddItemDialog.xaml.cs(1119,23): error CS0103: The name 'CmbCategory' does not exist in the current context [C:\Users\russel.mercado\source\repos\Yakult-System-New\Yakult.Inventory.App\Yakult.Inventory.App.csproj]
C:\Users\russel.mercado\source\repos\Yakult-System-New\Yakult.Inventory.App\Pages\Item\BatchAddItemDialog.xaml.cs(1132,41): error CS0103: The name 'CmbVendor' does not exist in the current context [C:\Users\russel.mercado\source\repos\Yakult-System-New\Yakult.Inventory.App\Yakult.Inventory.App.csproj]
C:\Users\russel.mercado\source\repos\Yakult-System-New\Yakult.Inventory.App\Pages\Item\BatchAddItemDialog.xaml.cs(1134,29): error CS0103: The name 'CmbVendor' does not exist in the current context [C:\Users\russel.mercado\source\repos\Yakult-System-New\Yakult.Inventory.App\Yakult.Inventory.App.csproj]
C:\Users\russel.mercado\source\repos\Yakult-System-New\Yakult.Inventory.App\Pages\Item\BatchAddItemDialog.xaml.cs(1135,27): error CS0103: The name 'CmbVendor' does not exist in the current context [C:\Users\russel.mercado\source\repos\Yakult-System-New\Yakult.Inventory.App\Yakult.Inventory.App.csproj]
C:\Users\russel.mercado\source\repos\Yakult-System-New\Yakult.Inventory.App\Pages\Item\EditItemDialog.xaml.cs(396,17): error CS0103: The name 'CmbCartridgeModel' does not exist in the current context [C:\Users\russel.mercado\source\repos\Yakult-System-New\Yakult.Inventory.App\Yakult.Inventory.App.csproj]
C:\Users\russel.mercado\source\repos\Yakult-System-New\Yakult.Inventory.App\Pages\Item\EditItemDialog.xaml.cs(397,17): error CS0103: The name 'CmbCartridgeModel' does not exist in the current context [C:\Users\russel.mercado\source\repos\Yakult-System-New\Yakult.Inventory.App\Yakult.Inventory.App.csproj]
C:\Users\russel.mercado\source\repos\Yakult-System-New\Yakult.Inventory.App\Pages\Item\EditItemDialog.xaml.cs(399,17): error CS0103: The name 'CmbCartridgeModel' does not exist in the current context [C:\Users\russel.mercado\source\repos\Yakult-System-New\Yakult.Inventory.App\Yakult.Inventory.App.csproj]
C:\Users\russel.mercado\source\repos\Yakult-System-New\Yakult.Inventory.App\Pages\Item\EditItemDialog.xaml.cs(412,21): error CS0103: The name 'CmbCartridgeModel' does not exist in the current context [C:\Users\russel.mercado\source\repos\Yakult-System-New\Yakult.Inventory.App\Yakult.Inventory.App.csproj]
C:\Users\russel.mercado\source\repos\Yakult-System-New\Yakult.Inventory.App\Pages\Item\EditItemDialog.xaml.cs(423,41): error CS0103: The name 'CmbCartridgeModel' does not exist in the current context [C:\Users\russel.mercado\source\repos\Yakult-System-New\Yakult.Inventory.App\Yakult.Inventory.App.csproj]
C:\Users\russel.mercado\source\repos\Yakult-System-New\Yakult.Inventory.App\Pages\Item\EditItemDialog.xaml.cs(425,29): error CS0103: The name 'CmbCartridgeModel' does not exist in the current context [C:\Users\russel.mercado\source\repos\Yakult-System-New\Yakult.Inventory.App\Yakult.Inventory.App.csproj]
C:\Users\russel.mercado\source\repos\Yakult-System-New\Yakult.Inventory.App\Pages\Item\EditItemDialog.xaml.cs(428,29): error CS0103: The name 'CmbCartridgeModel' does not exist in the current context [C:\Users\russel.mercado\source\repos\Yakult-System-New\Yakult.Inventory.App\Yakult.Inventory.App.csproj]
C:\Users\russel.mercado\source\repos\Yakult-System-New\Yakult.Inventory.App\Pages\Item\EditItemDialog.xaml.cs(435,41): error CS0103: The name 'CmbCartridgeModel' does not exist in the current context [C:\Users\russel.mercado\source\repos\Yakult-System-New\Yakult.Inventory.App\Yakult.Inventory.App.csproj]
C:\Users\russel.mercado\source\repos\Yakult-System-New\Yakult.Inventory.App\Pages\Item\EditItemDialog.xaml.cs(437,29): error CS0103: The name 'CmbCartridgeModel' does not exist in the current context [C:\Users\russel.mercado\source\repos\Yakult-System-New\Yakult.Inventory.App\Yakult.Inventory.App.csproj]
C:\Users\russel.mercado\source\repos\Yakult-System-New\Yakult.Inventory.App\Pages\Item\EditItemDialog.xaml.cs(441,29): error CS0103: The name 'CmbCartridgeModel' does not exist in the current context [C:\Users\russel.mercado\source\repos\Yakult-System-New\Yakult.Inventory.App\Yakult.Inventory.App.csproj]
C:\Users\russel.mercado\source\repos\Yakult-System-New\Yakult.Inventory.App\Pages\Item\EditItemDialog.xaml.cs(447,21): error CS0103: The name 'CmbCartridgeModel' does not exist in the current context [C:\Users\russel.mercado\source\repos\Yakult-System-New\Yakult.Inventory.App\Yakult.Inventory.App.csproj]
C:\Users\russel.mercado\source\repos\Yakult-System-New\Yakult.Inventory.App\Pages\Item\EditItemDialog.xaml.cs(447,60): error CS0103: The name 'CmbCartridgeModel' does not exist in the current context [C:\Users\russel.mercado\source\repos\Yakult-System-New\Yakult.Inventory.App\Yakult.Inventory.App.csproj]
C:\Users\russel.mercado\source\repos\Yakult-System-New\Yakult.Inventory.App\Pages\Item\EditItemDialog.xaml.cs(448,21): error CS0103: The name 'CmbCartridgeModel' does not exist in the current context [C:\Users\russel.mercado\source\repos\Yakult-System-New\Yakult.Inventory.App\Yakult.Inventory.App.csproj]
C:\Users\russel.mercado\source\repos\Yakult-System-New\Yakult.Inventory.App\Pages\Item\EditItemDialog.xaml.cs(450,17): error CS0103: The name 'CmbCartridgeModel' does not exist in the current context [C:\Users\russel.mercado\source\repos\Yakult-System-New\Yakult.Inventory.App\Yakult.Inventory.App.csproj]
C:\Users\russel.mercado\source\repos\Yakult-System-New\Yakult.Inventory.App\Pages\Item\EditItemDialog.xaml.cs(454,17): error CS0103: The name 'CmbCartridgeModel' does not exist in the current context [C:\Users\russel.mercado\source\repos\Yakult-System-New\Yakult.Inventory.App\Yakult.Inventory.App.csproj]
C:\Users\russel.mercado\source\repos\Yakult-System-New\Yakult.Inventory.App\Pages\Item\SellDisposeDialog.xaml.cs(68,17): error CS0103: The name 'TxtTitle' does not exist in the current context [C:\Users\russel.mercado\source\repos\Yakult-System-New\Yakult.Inventory.App\Yakult.Inventory.App.csproj]
C:\Users\russel.mercado\source\repos\Yakult-System-New\Yakult.Inventory.App\Pages\Item\SellDisposeDialog.xaml.cs(69,17): error CS0103: The name 'TxtSubtitle' does not exist in the current context [C:\Users\russel.mercado\source\repos\Yakult-System-New\Yakult.Inventory.App\Yakult.Inventory.App.csproj]
C:\Users\russel.mercado\source\repos\Yakult-System-New\Yakult.Inventory.App\Pages\Item\SellDisposeDialog.xaml.cs(70,17): error CS0103: The name 'TxtOkLabel' does not exist in the current context [C:\Users\russel.mercado\source\repos\Yakult-System-New\Yakult.Inventory.App\Yakult.Inventory.App.csproj]
C:\Users\russel.mercado\source\repos\Yakult-System-New\Yakult.Inventory.App\Pages\Item\SellDisposeDialog.xaml.cs(72,17): error CS0103: The name 'HeaderBar' does not exist in the current context [C:\Users\russel.mercado\source\repos\Yakult-System-New\Yakult.Inventory.App\Yakult.Inventory.App.csproj]
C:\Users\russel.mercado\source\repos\Yakult-System-New\Yakult.Inventory.App\Pages\Item\SellDisposeDialog.xaml.cs(73,17): error CS0103: The name 'BtnOk' does not exist in the current context [C:\Users\russel.mercado\source\repos\Yakult-System-New\Yakult.Inventory.App\Yakult.Inventory.App.csproj]
C:\Users\russel.mercado\source\repos\Yakult-System-New\Yakult.Inventory.App\Pages\Item\SellDisposeDialog.xaml.cs(74,17): error CS0103: The name 'CountBadge' does not exist in the current context [C:\Users\russel.mercado\source\repos\Yakult-System-New\Yakult.Inventory.App\Yakult.Inventory.App.csproj]
C:\Users\russel.mercado\source\repos\Yakult-System-New\Yakult.Inventory.App\Pages\Item\SellDisposeDialog.xaml.cs(75,17): error CS0103: The name 'TxtWarning' does not exist in the current context [C:\Users\russel.mercado\source\repos\Yakult-System-New\Yakult.Inventory.App\Yakult.Inventory.App.csproj]
C:\Users\russel.mercado\source\repos\Yakult-System-New\Yakult.Inventory.App\Pages\Item\SellDisposeDialog.xaml.cs(79,17): error CS0103: The name 'AmountPanel' does not exist in the current context [C:\Users\russel.mercado\source\repos\Yakult-System-New\Yakult.Inventory.App\Yakult.Inventory.App.csproj]
C:\Users\russel.mercado\source\repos\Yakult-System-New\Yakult.Inventory.App\Pages\Item\SellDisposeDialog.xaml.cs(80,17): error CS0103: The name 'AmountPanel' does not exist in the current context [C:\Users\russel.mercado\source\repos\Yakult-System-New\Yakult.Inventory.App\Yakult.Inventory.App.csproj]
C:\Users\russel.mercado\source\repos\Yakult-System-New\Yakult.Inventory.App\Pages\Item\SellDisposeDialog.xaml.cs(85,21): error CS0103: The name 'BulkBanner' does not exist in the current context [C:\Users\russel.mercado\source\repos\Yakult-System-New\Yakult.Inventory.App\Yakult.Inventory.App.csproj]
C:\Users\russel.mercado\source\repos\Yakult-System-New\Yakult.Inventory.App\Pages\Item\SellDisposeDialog.xaml.cs(86,21): error CS0103: The name 'TxtBulkBanner' does not exist in the current context [C:\Users\russel.mercado\source\repos\Yakult-System-New\Yakult.Inventory.App\Yakult.Inventory.App.csproj]
C:\Users\russel.mercado\source\repos\Yakult-System-New\Yakult.Inventory.App\Pages\Item\SellDisposeDialog.xaml.cs(87,21): error CS0103: The name 'TxtSubtitle' does not exist in the current context [C:\Users\russel.mercado\source\repos\Yakult-System-New\Yakult.Inventory.App\Yakult.Inventory.App.csproj]
C:\Users\russel.mercado\source\repos\Yakult-System-New\Yakult.Inventory.App\Pages\Item\SellDisposeDialog.xaml.cs(88,21): error CS0103: The name 'TxtSelectedHeader' does not exist in the current context [C:\Users\russel.mercado\source\repos\Yakult-System-New\Yakult.Inventory.App\Yakult.Inventory.App.csproj]
C:\Users\russel.mercado\source\repos\Yakult-System-New\Yakult.Inventory.App\Pages\Item\SellDisposeDialog.xaml.cs(89,21): error CS0103: The name 'TxtSelectedCount' does not exist in the current context [C:\Users\russel.mercado\source\repos\Yakult-System-New\Yakult.Inventory.App\Yakult.Inventory.App.csproj]
C:\Users\russel.mercado\source\repos\Yakult-System-New\Yakult.Inventory.App\Pages\Item\SellDisposeDialog.xaml.cs(90,21): error CS0103: The name 'TxtMoreHint' does not exist in the current context [C:\Users\russel.mercado\source\repos\Yakult-System-New\Yakult.Inventory.App\Yakult.Inventory.App.csproj]
C:\Users\russel.mercado\source\repos\Yakult-System-New\Yakult.Inventory.App\Pages\Item\SellDisposeDialog.xaml.cs(94,21): error CS0103: The name 'BulkBanner' does not exist in the current context [C:\Users\russel.mercado\source\repos\Yakult-System-New\Yakult.Inventory.App\Yakult.Inventory.App.csproj]
C:\Users\russel.mercado\source\repos\Yakult-System-New\Yakult.Inventory.App\Pages\Item\SellDisposeDialog.xaml.cs(97,21): error CS0103: The name 'TxtSubtitle' does not exist in the current context [C:\Users\russel.mercado\source\repos\Yakult-System-New\Yakult.Inventory.App\Yakult.Inventory.App.csproj]
C:\Users\russel.mercado\source\repos\Yakult-System-New\Yakult.Inventory.App\Pages\Item\SellDisposeDialog.xaml.cs(98,21): error CS0103: The name 'TxtSelectedHeader' does not exist in the current context [C:\Users\russel.mercado\source\repos\Yakult-System-New\Yakult.Inventory.App\Yakult.Inventory.App.csproj]
C:\Users\russel.mercado\source\repos\Yakult-System-New\Yakult.Inventory.App\Pages\Item\SellDisposeDialog.xaml.cs(99,21): error CS0103: The name 'TxtSelectedCount' does not exist in the current context [C:\Users\russel.mercado\source\repos\Yakult-System-New\Yakult.Inventory.App\Yakult.Inventory.App.csproj]
C:\Users\russel.mercado\source\repos\Yakult-System-New\Yakult.Inventory.App\Pages\Item\SellDisposeDialog.xaml.cs(100,21): error CS0103: The name 'TxtMoreHint' does not exist in the current context [C:\Users\russel.mercado\source\repos\Yakult-System-New\Yakult.Inventory.App\Yakult.Inventory.App.csproj]
C:\Users\russel.mercado\source\repos\Yakult-System-New\Yakult.Inventory.App\Pages\Item\SellDisposeDialog.xaml.cs(105,21): error CS0103: The name 'SelectedItemsGrid' does not exist in the current context [C:\Users\russel.mercado\source\repos\Yakult-System-New\Yakult.Inventory.App\Yakult.Inventory.App.csproj]
C:\Users\russel.mercado\source\repos\Yakult-System-New\Yakult.Inventory.App\Pages\Item\SellDisposeDialog.xaml.cs(106,21): error CS0103: The name 'SelectedItemsGrid' does not exist in the current context [C:\Users\russel.mercado\source\repos\Yakult-System-New\Yakult.Inventory.App\Yakult.Inventory.App.csproj]
C:\Users\russel.mercado\source\repos\Yakult-System-New\Yakult.Inventory.App\Pages\Item\SellDisposeDialog.xaml.cs(112,17): error CS0103: The name 'TxtQty' does not exist in the current context [C:\Users\russel.mercado\source\repos\Yakult-System-New\Yakult.Inventory.App\Yakult.Inventory.App.csproj]
C:\Users\russel.mercado\source\repos\Yakult-System-New\Yakult.Inventory.App\Pages\Item\BatchAddItemDialog.xaml.cs(1184,29): error CS0103: The name 'TxtModelNumber' does not exist in the current context [C:\Users\russel.mercado\source\repos\Yakult-System-New\Yakult.Inventory.App\Yakult.Inventory.App.csproj]
C:\Users\russel.mercado\source\repos\Yakult-System-New\Yakult.Inventory.App\Pages\Item\EditItemDialog.xaml.cs(499,17): error CS0103: The name 'CmbConsumableModel' does not exist in the current context [C:\Users\russel.mercado\source\repos\Yakult-System-New\Yakult.Inventory.App\Yakult.Inventory.App.csproj]
C:\Users\russel.mercado\source\repos\Yakult-System-New\Yakult.Inventory.App\Pages\Item\EditItemDialog.xaml.cs(500,17): error CS0103: The name 'CmbConsumableModel' does not exist in the current context [C:\Users\russel.mercado\source\repos\Yakult-System-New\Yakult.Inventory.App\Yakult.Inventory.App.csproj]
C:\Users\russel.mercado\source\repos\Yakult-System-New\Yakult.Inventory.App\Pages\Item\EditItemDialog.xaml.cs(502,17): error CS0103: The name 'CmbConsumableModel' does not exist in the current context [C:\Users\russel.mercado\source\repos\Yakult-System-New\Yakult.Inventory.App\Yakult.Inventory.App.csproj]
C:\Users\russel.mercado\source\repos\Yakult-System-New\Yakult.Inventory.App\Pages\Item\EditItemDialog.xaml.cs(508,64): error CS0103: The name 'CmbCategory' does not exist in the current context [C:\Users\russel.mercado\source\repos\Yakult-System-New\Yakult.Inventory.App\Yakult.Inventory.App.csproj]
C:\Users\russel.mercado\source\repos\Yakult-System-New\Yakult.Inventory.App\Pages\Item\EditItemDialog.xaml.cs(515,21): error CS0103: The name 'CmbConsumableModel' does not exist in the current context [C:\Users\russel.mercado\source\repos\Yakult-System-New\Yakult.Inventory.App\Yakult.Inventory.App.csproj]
C:\Users\russel.mercado\source\repos\Yakult-System-New\Yakult.Inventory.App\Pages\Item\EditItemDialog.xaml.cs(524,41): error CS0103: The name 'CmbConsumableModel' does not exist in the current context [C:\Users\russel.mercado\source\repos\Yakult-System-New\Yakult.Inventory.App\Yakult.Inventory.App.csproj]
C:\Users\russel.mercado\source\repos\Yakult-System-New\Yakult.Inventory.App\Pages\Item\EditItemDialog.xaml.cs(526,29): error CS0103: The name 'CmbConsumableModel' does not exist in the current context [C:\Users\russel.mercado\source\repos\Yakult-System-New\Yakult.Inventory.App\Yakult.Inventory.App.csproj]
C:\Users\russel.mercado\source\repos\Yakult-System-New\Yakult.Inventory.App\Pages\Item\EditItemDialog.xaml.cs(529,29): error CS0103: The name 'CmbConsumableModel' does not exist in the current context [C:\Users\russel.mercado\source\repos\Yakult-System-New\Yakult.Inventory.App\Yakult.Inventory.App.csproj]
C:\Users\russel.mercado\source\repos\Yakult-System-New\Yakult.Inventory.App\Pages\Item\EditItemDialog.xaml.cs(536,41): error CS0103: The name 'CmbConsumableModel' does not exist in the current context [C:\Users\russel.mercado\source\repos\Yakult-System-New\Yakult.Inventory.App\Yakult.Inventory.App.csproj]
C:\Users\russel.mercado\source\repos\Yakult-System-New\Yakult.Inventory.App\Pages\Item\EditItemDialog.xaml.cs(538,29): error CS0103: The name 'CmbConsumableModel' does not exist in the current context [C:\Users\russel.mercado\source\repos\Yakult-System-New\Yakult.Inventory.App\Yakult.Inventory.App.csproj]
C:\Users\russel.mercado\source\repos\Yakult-System-New\Yakult.Inventory.App\Pages\Item\EditItemDialog.xaml.cs(542,29): error CS0103: The name 'CmbConsumableModel' does not exist in the current context [C:\Users\russel.mercado\source\repos\Yakult-System-New\Yakult.Inventory.App\Yakult.Inventory.App.csproj]
C:\Users\russel.mercado\source\repos\Yakult-System-New\Yakult.Inventory.App\Pages\Item\EditItemDialog.xaml.cs(548,21): error CS0103: The name 'CmbConsumableModel' does not exist in the current context [C:\Users\russel.mercado\source\repos\Yakult-System-New\Yakult.Inventory.App\Yakult.Inventory.App.csproj]
C:\Users\russel.mercado\source\repos\Yakult-System-New\Yakult.Inventory.App\Pages\Item\EditItemDialog.xaml.cs(548,61): error CS0103: The name 'CmbConsumableModel' does not exist in the current context [C:\Users\russel.mercado\source\repos\Yakult-System-New\Yakult.Inventory.App\Yakult.Inventory.App.csproj]
C:\Users\russel.mercado\source\repos\Yakult-System-New\Yakult.Inventory.App\Pages\Item\EditItemDialog.xaml.cs(549,21): error CS0103: The name 'CmbConsumableModel' does not exist in the current context [C:\Users\russel.mercado\source\repos\Yakult-System-New\Yakult.Inventory.App\Yakult.Inventory.App.csproj]
C:\Users\russel.mercado\source\repos\Yakult-System-New\Yakult.Inventory.App\Pages\Item\EditItemDialog.xaml.cs(551,17): error CS0103: The name 'CmbConsumableModel' does not exist in the current context [C:\Users\russel.mercado\source\repos\Yakult-System-New\Yakult.Inventory.App\Yakult.Inventory.App.csproj]
C:\Users\russel.mercado\source\repos\Yakult-System-New\Yakult.Inventory.App\Pages\Item\EditItemDialog.xaml.cs(555,17): error CS0103: The name 'CmbConsumableModel' does not exist in the current context [C:\Users\russel.mercado\source\repos\Yakult-System-New\Yakult.Inventory.App\Yakult.Inventory.App.csproj]
C:\Users\russel.mercado\source\repos\Yakult-System-New\Yakult.Inventory.App\Pages\Item\BatchAddItemDialog.xaml.cs(1269,60): error CS0103: The name 'CmbCategory' does not exist in the current context [C:\Users\russel.mercado\source\repos\Yakult-System-New\Yakult.Inventory.App\Yakult.Inventory.App.csproj]
C:\Users\russel.mercado\source\repos\Yakult-System-New\Yakult.Inventory.App\Pages\Item\BatchAddItemDialog.xaml.cs(1298,29): error CS0103: The name 'TxtModelNumber' does not exist in the current context [C:\Users\russel.mercado\source\repos\Yakult-System-New\Yakult.Inventory.App\Yakult.Inventory.App.csproj]
C:\Users\russel.mercado\source\repos\Yakult-System-New\Yakult.Inventory.App\Pages\Item\InvoiceCsvImportDialog.xaml.cs(391,24): error CS0103: The name 'TxtCsvPath' does not exist in the current context [C:\Users\russel.mercado\source\repos\Yakult-System-New\Yakult.Inventory.App\Yakult.Inventory.App.csproj]
C:\Users\russel.mercado\source\repos\Yakult-System-New\Yakult.Inventory.App\Pages\Item\InvoiceCsvImportDialog.xaml.cs(405,21): error CS0103: The name 'LblStatus' does not exist in the current context [C:\Users\russel.mercado\source\repos\Yakult-System-New\Yakult.Inventory.App\Yakult.Inventory.App.csproj]
C:\Users\russel.mercado\source\repos\Yakult-System-New\Yakult.Inventory.App\Pages\Item\InvoiceCsvImportDialog.xaml.cs(406,21): error CS0103: The name 'BannerWarn' does not exist in the current context [C:\Users\russel.mercado\source\repos\Yakult-System-New\Yakult.Inventory.App\Yakult.Inventory.App.csproj]
C:\Users\russel.mercado\source\repos\Yakult-System-New\Yakult.Inventory.App\Pages\Item\InvoiceCsvImportDialog.xaml.cs(407,21): error CS0103: The name 'LblWarnNotice' does not exist in the current context [C:\Users\russel.mercado\source\repos\Yakult-System-New\Yakult.Inventory.App\Yakult.Inventory.App.csproj]
C:\Users\russel.mercado\source\repos\Yakult-System-New\Yakult.Inventory.App\Pages\Item\InvoiceCsvImportDialog.xaml.cs(412,17): error CS0103: The name 'PreviewGrid' does not exist in the current context [C:\Users\russel.mercado\source\repos\Yakult-System-New\Yakult.Inventory.App\Yakult.Inventory.App.csproj]
C:\Users\russel.mercado\source\repos\Yakult-System-New\Yakult.Inventory.App\Pages\Item\InvoiceCsvImportDialog.xaml.cs(413,17): error CS0103: The name 'PreviewGrid' does not exist in the current context [C:\Users\russel.mercado\source\repos\Yakult-System-New\Yakult.Inventory.App\Yakult.Inventory.App.csproj]
C:\Users\russel.mercado\source\repos\Yakult-System-New\Yakult.Inventory.App\Pages\Item\InvoiceCsvImportDialog.xaml.cs(414,17): error CS0103: The name 'LblEmptyState' does not exist in the current context [C:\Users\russel.mercado\source\repos\Yakult-System-New\Yakult.Inventory.App\Yakult.Inventory.App.csproj]
C:\Users\russel.mercado\source\repos\Yakult-System-New\Yakult.Inventory.App\Pages\Item\InvoiceCsvImportDialog.xaml.cs(442,17): error CS0103: The name 'LblStatus' does not exist in the current context [C:\Users\russel.mercado\source\repos\Yakult-System-New\Yakult.Inventory.App\Yakult.Inventory.App.csproj]
C:\Users\russel.mercado\source\repos\Yakult-System-New\Yakult.Inventory.App\Pages\Item\InvoiceCsvImportDialog.xaml.cs(446,21): error CS0103: The name 'LblWarnNotice' does not exist in the current context [C:\Users\russel.mercado\source\repos\Yakult-System-New\Yakult.Inventory.App\Yakult.Inventory.App.csproj]
C:\Users\russel.mercado\source\repos\Yakult-System-New\Yakult.Inventory.App\Pages\Item\InvoiceCsvImportDialog.xaml.cs(447,21): error CS0103: The name 'BannerWarn' does not exist in the current context [C:\Users\russel.mercado\source\repos\Yakult-System-New\Yakult.Inventory.App\Yakult.Inventory.App.csproj]
C:\Users\russel.mercado\source\repos\Yakult-System-New\Yakult.Inventory.App\Pages\Item\InvoiceCsvImportDialog.xaml.cs(451,21): error CS0103: The name 'BannerWarn' does not exist in the current context [C:\Users\russel.mercado\source\repos\Yakult-System-New\Yakult.Inventory.App\Yakult.Inventory.App.csproj]
C:\Users\russel.mercado\source\repos\Yakult-System-New\Yakult.Inventory.App\Pages\Item\InvoiceCsvImportDialog.xaml.cs(454,17): error CS0103: The name 'BtnImport' does not exist in the current context [C:\Users\russel.mercado\source\repos\Yakult-System-New\Yakult.Inventory.App\Yakult.Inventory.App.csproj]
C:\Users\russel.mercado\source\repos\Yakult-System-New\Yakult.Inventory.App\Pages\Item\InvoiceCsvImportDialog.xaml.cs(458,17): error CS0103: The name 'LblStatus' does not exist in the current context [C:\Users\russel.mercado\source\repos\Yakult-System-New\Yakult.Inventory.App\Yakult.Inventory.App.csproj]
C:\Users\russel.mercado\source\repos\Yakult-System-New\Yakult.Inventory.App\Pages\Item\InvoiceBuilderDialog.xaml.cs(1043,17): error CS0103: The name 'LblSubtotal' does not exist in the current context [C:\Users\russel.mercado\source\repos\Yakult-System-New\Yakult.Inventory.App\Yakult.Inventory.App.csproj]
C:\Users\russel.mercado\source\repos\Yakult-System-New\Yakult.Inventory.App\Pages\Item\InvoiceBuilderDialog.xaml.cs(1048,43): error CS0103: The name 'TxtVatPercent' does not exist in the current context [C:\Users\russel.mercado\source\repos\Yakult-System-New\Yakult.Inventory.App\Yakult.Inventory.App.csproj]
C:\Users\russel.mercado\source\repos\Yakult-System-New\Yakult.Inventory.App\Pages\Item\InvoiceBuilderDialog.xaml.cs(1049,44): error CS0103: The name 'TxtDiscountPercent' does not exist in the current context [C:\Users\russel.mercado\source\repos\Yakult-System-New\Yakult.Inventory.App\Yakult.Inventory.App.csproj]
C:\Users\russel.mercado\source\repos\Yakult-System-New\Yakult.Inventory.App\Pages\Item\InvoiceBuilderDialog.xaml.cs(1050,43): error CS0103: The name 'TxtWhtPercent' does not exist in the current context [C:\Users\russel.mercado\source\repos\Yakult-System-New\Yakult.Inventory.App\Yakult.Inventory.App.csproj]
C:\Users\russel.mercado\source\repos\Yakult-System-New\Yakult.Inventory.App\Pages\Item\InvoiceBuilderDialog.xaml.cs(1058,13): error CS0103: The name 'LblSubtotal' does not exist in the current context [C:\Users\russel.mercado\source\repos\Yakult-System-New\Yakult.Inventory.App\Yakult.Inventory.App.csproj]
C:\Users\russel.mercado\source\repos\Yakult-System-New\Yakult.Inventory.App\Pages\Item\InvoiceBuilderDialog.xaml.cs(1059,13): error CS0103: The name 'LblVat' does not exist in the current context [C:\Users\russel.mercado\source\repos\Yakult-System-New\Yakult.Inventory.App\Yakult.Inventory.App.csproj]
C:\Users\russel.mercado\source\repos\Yakult-System-New\Yakult.Inventory.App\Pages\Item\InvoiceBuilderDialog.xaml.cs(1060,13): error CS0103: The name 'LblDiscount' does not exist in the current context [C:\Users\russel.mercado\source\repos\Yakult-System-New\Yakult.Inventory.App\Yakult.Inventory.App.csproj]
C:\Users\russel.mercado\source\repos\Yakult-System-New\Yakult.Inventory.App\Pages\Item\InvoiceBuilderDialog.xaml.cs(1061,13): error CS0103: The name 'LblWht' does not exist in the current context [C:\Users\russel.mercado\source\repos\Yakult-System-New\Yakult.Inventory.App\Yakult.Inventory.App.csproj]
C:\Users\russel.mercado\source\repos\Yakult-System-New\Yakult.Inventory.App\Pages\Item\InvoiceBuilderDialog.xaml.cs(1062,13): error CS0103: The name 'LblTotalDue' does not exist in the current context [C:\Users\russel.mercado\source\repos\Yakult-System-New\Yakult.Inventory.App\Yakult.Inventory.App.csproj]
C:\Users\russel.mercado\source\repos\Yakult-System-New\Yakult.Inventory.App\Pages\Item\InvoiceBuilderDialog.xaml.cs(1066,13): error CS0103: The name 'LblStatus' does not exist in the current context [C:\Users\russel.mercado\source\repos\Yakult-System-New\Yakult.Inventory.App\Yakult.Inventory.App.csproj]
C:\Users\russel.mercado\source\repos\Yakult-System-New\Yakult.Inventory.App\Pages\Item\SellDisposeDialog.xaml.cs(161,21): error CS0103: The name 'TxtQty' does not exist in the current context [C:\Users\russel.mercado\source\repos\Yakult-System-New\Yakult.Inventory.App\Yakult.Inventory.App.csproj]
C:\Users\russel.mercado\source\repos\Yakult-System-New\Yakult.Inventory.App\Pages\Item\SellDisposeDialog.xaml.cs(161,39): error CS0103: The name 'BtnOk' does not exist in the current context [C:\Users\russel.mercado\source\repos\Yakult-System-New\Yakult.Inventory.App\Yakult.Inventory.App.csproj]
C:\Users\russel.mercado\source\repos\Yakult-System-New\Yakult.Inventory.App\Pages\Item\SellDisposeDialog.xaml.cs(162,35): error CS0103: The name 'TxtQty' does not exist in the current context [C:\Users\russel.mercado\source\repos\Yakult-System-New\Yakult.Inventory.App\Yakult.Inventory.App.csproj]
C:\Users\russel.mercado\source\repos\Yakult-System-New\Yakult.Inventory.App\Pages\Item\SellDisposeDialog.xaml.cs(164,21): error CS0103: The name 'TxtQty' does not exist in the current context [C:\Users\russel.mercado\source\repos\Yakult-System-New\Yakult.Inventory.App\Yakult.Inventory.App.csproj]
C:\Users\russel.mercado\source\repos\Yakult-System-New\Yakult.Inventory.App\Pages\Item\SellDisposeDialog.xaml.cs(165,21): error CS0103: The name 'BtnOk' does not exist in the current context [C:\Users\russel.mercado\source\repos\Yakult-System-New\Yakult.Inventory.App\Yakult.Inventory.App.csproj]
C:\Users\russel.mercado\source\repos\Yakult-System-New\Yakult.Inventory.App\Pages\Item\SellDisposeDialog.xaml.cs(174,21): error CS0103: The name 'TxtQty' does not exist in the current context [C:\Users\russel.mercado\source\repos\Yakult-System-New\Yakult.Inventory.App\Yakult.Inventory.App.csproj]
C:\Users\russel.mercado\source\repos\Yakult-System-New\Yakult.Inventory.App\Pages\Item\SellDisposeDialog.xaml.cs(175,21): error CS0103: The name 'BtnOk' does not exist in the current context [C:\Users\russel.mercado\source\repos\Yakult-System-New\Yakult.Inventory.App\Yakult.Inventory.App.csproj]
C:\Users\russel.mercado\source\repos\Yakult-System-New\Yakult.Inventory.App\Pages\Item\SellDisposeDialog.xaml.cs(178,17): error CS0103: The name 'TxtQty' does not exist in the current context [C:\Users\russel.mercado\source\repos\Yakult-System-New\Yakult.Inventory.App\Yakult.Inventory.App.csproj]
C:\Users\russel.mercado\source\repos\Yakult-System-New\Yakult.Inventory.App\Pages\Item\SellDisposeDialog.xaml.cs(179,17): error CS0103: The name 'BtnOk' does not exist in the current context [C:\Users\russel.mercado\source\repos\Yakult-System-New\Yakult.Inventory.App\Yakult.Inventory.App.csproj]
C:\Users\russel.mercado\source\repos\Yakult-System-New\Yakult.Inventory.App\Pages\Item\BatchAddItemDialog.xaml.cs(1377,13): error CS0103: The name 'LstPreview' does not exist in the current context [C:\Users\russel.mercado\source\repos\Yakult-System-New\Yakult.Inventory.App\Yakult.Inventory.App.csproj]
C:\Users\russel.mercado\source\repos\Yakult-System-New\Yakult.Inventory.App\Pages\Item\BatchAddItemDialog.xaml.cs(1381,17): error CS0103: The name 'LstPreview' does not exist in the current context [C:\Users\russel.mercado\source\repos\Yakult-System-New\Yakult.Inventory.App\Yakult.Inventory.App.csproj]
C:\Users\russel.mercado\source\repos\Yakult-System-New\Yakult.Inventory.App\Pages\Item\BatchAddItemDialog.xaml.cs(1382,17): error CS0103: The name 'LstPreview' does not exist in the current context [C:\Users\russel.mercado\source\repos\Yakult-System-New\Yakult.Inventory.App\Yakult.Inventory.App.csproj]
C:\Users\russel.mercado\source\repos\Yakult-System-New\Yakult.Inventory.App\Pages\Item\BatchAddItemDialog.xaml.cs(1382,52): error CS0103: The name 'TxtItemName' does not exist in the current context [C:\Users\russel.mercado\source\repos\Yakult-System-New\Yakult.Inventory.App\Yakult.Inventory.App.csproj]
C:\Users\russel.mercado\source\repos\Yakult-System-New\Yakult.Inventory.App\Pages\Item\BatchAddItemDialog.xaml.cs(1383,17): error CS0103: The name 'LstPreview' does not exist in the current context [C:\Users\russel.mercado\source\repos\Yakult-System-New\Yakult.Inventory.App\Yakult.Inventory.App.csproj]
C:\Users\russel.mercado\source\repos\Yakult-System-New\Yakult.Inventory.App\Pages\Item\BatchAddItemDialog.xaml.cs(1383,52): error CS0103: The name 'CmbCategory' does not exist in the current context [C:\Users\russel.mercado\source\repos\Yakult-System-New\Yakult.Inventory.App\Yakult.Inventory.App.csproj]
C:\Users\russel.mercado\source\repos\Yakult-System-New\Yakult.Inventory.App\Pages\Item\BatchAddItemDialog.xaml.cs(1383,103): error CS0103: The name 'CmbCategory' does not exist in the current context [C:\Users\russel.mercado\source\repos\Yakult-System-New\Yakult.Inventory.App\Yakult.Inventory.App.csproj]
C:\Users\russel.mercado\source\repos\Yakult-System-New\Yakult.Inventory.App\Pages\Item\BatchAddItemDialog.xaml.cs(1384,17): error CS0103: The name 'LstPreview' does not exist in the current context [C:\Users\russel.mercado\source\repos\Yakult-System-New\Yakult.Inventory.App\Yakult.Inventory.App.csproj]
C:\Users\russel.mercado\source\repos\Yakult-System-New\Yakult.Inventory.App\Pages\Item\BatchAddItemDialog.xaml.cs(1385,17): error CS0103: The name 'LstPreview' does not exist in the current context [C:\Users\russel.mercado\source\repos\Yakult-System-New\Yakult.Inventory.App\Yakult.Inventory.App.csproj]
C:\Users\russel.mercado\source\repos\Yakult-System-New\Yakult.Inventory.App\Pages\Item\BatchAddItemDialog.xaml.cs(1386,17): error CS0103: The name 'LstPreview' does not exist in the current context [C:\Users\russel.mercado\source\repos\Yakult-System-New\Yakult.Inventory.App\Yakult.Inventory.App.csproj]
C:\Users\russel.mercado\source\repos\Yakult-System-New\Yakult.Inventory.App\Pages\Item\BatchAddItemDialog.xaml.cs(1391,17): error CS0103: The name 'LstPreview' does not exist in the current context [C:\Users\russel.mercado\source\repos\Yakult-System-New\Yakult.Inventory.App\Yakult.Inventory.App.csproj]
C:\Users\russel.mercado\source\repos\Yakult-System-New\Yakult.Inventory.App\Pages\Item\BatchAddItemDialog.xaml.cs(1392,17): error CS0103: The name 'LstPreview' does not exist in the current context [C:\Users\russel.mercado\source\repos\Yakult-System-New\Yakult.Inventory.App\Yakult.Inventory.App.csproj]
C:\Users\russel.mercado\source\repos\Yakult-System-New\Yakult.Inventory.App\Pages\Item\BatchAddItemDialog.xaml.cs(1392,52): error CS0103: The name 'TxtItemName' does not exist in the current context [C:\Users\russel.mercado\source\repos\Yakult-System-New\Yakult.Inventory.App\Yakult.Inventory.App.csproj]
C:\Users\russel.mercado\source\repos\Yakult-System-New\Yakult.Inventory.App\Pages\Item\BatchAddItemDialog.xaml.cs(1393,17): error CS0103: The name 'LstPreview' does not exist in the current context [C:\Users\russel.mercado\source\repos\Yakult-System-New\Yakult.Inventory.App\Yakult.Inventory.App.csproj]
C:\Users\russel.mercado\source\repos\Yakult-System-New\Yakult.Inventory.App\Pages\Item\BatchAddItemDialog.xaml.cs(1393,52): error CS0103: The name 'CmbCategory' does not exist in the current context [C:\Users\russel.mercado\source\repos\Yakult-System-New\Yakult.Inventory.App\Yakult.Inventory.App.csproj]
C:\Users\russel.mercado\source\repos\Yakult-System-New\Yakult.Inventory.App\Pages\Item\BatchAddItemDialog.xaml.cs(1393,103): error CS0103: The name 'CmbCategory' does not exist in the current context [C:\Users\russel.mercado\source\repos\Yakult-System-New\Yakult.Inventory.App\Yakult.Inventory.App.csproj]
C:\Users\russel.mercado\source\repos\Yakult-System-New\Yakult.Inventory.App\Pages\Item\BatchAddItemDialog.xaml.cs(1394,17): error CS0103: The name 'LstPreview' does not exist in the current context [C:\Users\russel.mercado\source\repos\Yakult-System-New\Yakult.Inventory.App\Yakult.Inventory.App.csproj]
C:\Users\russel.mercado\source\repos\Yakult-System-New\Yakult.Inventory.App\Pages\Item\BatchAddItemDialog.xaml.cs(1395,17): error CS0103: The name 'LstPreview' does not exist in the current context [C:\Users\russel.mercado\source\repos\Yakult-System-New\Yakult.Inventory.App\Yakult.Inventory.App.csproj]
C:\Users\russel.mercado\source\repos\Yakult-System-New\Yakult.Inventory.App\Pages\Item\BatchAddItemDialog.xaml.cs(1396,17): error CS0103: The name 'LstPreview' does not exist in the current context [C:\Users\russel.mercado\source\repos\Yakult-System-New\Yakult.Inventory.App\Yakult.Inventory.App.csproj]
C:\Users\russel.mercado\source\repos\Yakult-System-New\Yakult.Inventory.App\Pages\Item\BatchAddItemDialog.xaml.cs(1398,21): error CS0103: The name 'LstPreview' does not exist in the current context [C:\Users\russel.mercado\source\repos\Yakult-System-New\Yakult.Inventory.App\Yakult.Inventory.App.csproj]
C:\Users\russel.mercado\source\repos\Yakult-System-New\Yakult.Inventory.App\Pages\Item\BatchAddItemDialog.xaml.cs(1400,21): error CS0103: The name 'LstPreview' does not exist in the current context [C:\Users\russel.mercado\source\repos\Yakult-System-New\Yakult.Inventory.App\Yakult.Inventory.App.csproj]
C:\Users\russel.mercado\source\repos\Yakult-System-New\Yakult.Inventory.App\Pages\Item\BatchAddItemDialog.xaml.cs(1403,13): error CS0103: The name 'PnlPreview' does not exist in the current context [C:\Users\russel.mercado\source\repos\Yakult-System-New\Yakult.Inventory.App\Yakult.Inventory.App.csproj]
C:\Users\russel.mercado\source\repos\Yakult-System-New\Yakult.Inventory.App\Pages\Item\SellDisposeDialog.xaml.cs(189,33): error CS0103: The name 'TxtAmount' does not exist in the current context [C:\Users\russel.mercado\source\repos\Yakult-System-New\Yakult.Inventory.App\Yakult.Inventory.App.csproj]
C:\Users\russel.mercado\source\repos\Yakult-System-New\Yakult.Inventory.App\Pages\Item\SellDisposeDialog.xaml.cs(190,25): error CS0103: The name 'TxtAmount' does not exist in the current context [C:\Users\russel.mercado\source\repos\Yakult-System-New\Yakult.Inventory.App\Yakult.Inventory.App.csproj]
C:\Users\russel.mercado\source\repos\Yakult-System-New\Yakult.Inventory.App\Pages\Item\SellDisposeDialog.xaml.cs(191,42): error CS1503: Argument 1: cannot convert from 'System.ReadOnlySpan<char>' to 'string' [C:\Users\russel.mercado\source\repos\Yakult-System-New\Yakult.Inventory.App\Yakult.Inventory.App.csproj]
C:\Users\russel.mercado\source\repos\Yakult-System-New\Yakult.Inventory.App\Pages\Item\SellDisposeDialog.xaml.cs(191,48): error CS0103: The name 'TxtAmount' does not exist in the current context [C:\Users\russel.mercado\source\repos\Yakult-System-New\Yakult.Inventory.App\Yakult.Inventory.App.csproj]
C:\Users\russel.mercado\source\repos\Yakult-System-New\Yakult.Inventory.App\Pages\Item\SellDisposeDialog.xaml.cs(192,38): error CS1503: Argument 1: cannot convert from 'System.ReadOnlySpan<char>' to 'string' [C:\Users\russel.mercado\source\repos\Yakult-System-New\Yakult.Inventory.App\Yakult.Inventory.App.csproj]
C:\Users\russel.mercado\source\repos\Yakult-System-New\Yakult.Inventory.App\Pages\Item\SellDisposeDialog.xaml.cs(192,49): error CS0103: The name 'TxtAmount' does not exist in the current context [C:\Users\russel.mercado\source\repos\Yakult-System-New\Yakult.Inventory.App\Yakult.Inventory.App.csproj]
C:\Users\russel.mercado\source\repos\Yakult-System-New\Yakult.Inventory.App\Pages\Item\SellDisposeDialog.xaml.cs(193,22): error CS0103: The name 'TxtAmount' does not exist in the current context [C:\Users\russel.mercado\source\repos\Yakult-System-New\Yakult.Inventory.App\Yakult.Inventory.App.csproj]
C:\Users\russel.mercado\source\repos\Yakult-System-New\Yakult.Inventory.App\Pages\Item\EditItemDialog.xaml.cs(563,13): error CS0103: The name 'TxtItemId' does not exist in the current context [C:\Users\russel.mercado\source\repos\Yakult-System-New\Yakult.Inventory.App\Yakult.Inventory.App.csproj]
C:\Users\russel.mercado\source\repos\Yakult-System-New\Yakult.Inventory.App\Pages\Item\EditItemDialog.xaml.cs(564,13): error CS0103: The name 'TxtName' does not exist in the current context [C:\Users\russel.mercado\source\repos\Yakult-System-New\Yakult.Inventory.App\Yakult.Inventory.App.csproj]
C:\Users\russel.mercado\source\repos\Yakult-System-New\Yakult.Inventory.App\Pages\Item\EditItemDialog.xaml.cs(565,13): error CS0103: The name 'TxtDescription' does not exist in the current context [C:\Users\russel.mercado\source\repos\Yakult-System-New\Yakult.Inventory.App\Yakult.Inventory.App.csproj]
C:\Users\russel.mercado\source\repos\Yakult-System-New\Yakult.Inventory.App\Pages\Item\EditItemDialog.xaml.cs(566,13): error CS0103: The name 'TxtSerialNumber' does not exist in the current context [C:\Users\russel.mercado\source\repos\Yakult-System-New\Yakult.Inventory.App\Yakult.Inventory.App.csproj]
C:\Users\russel.mercado\source\repos\Yakult-System-New\Yakult.Inventory.App\Pages\Item\EditItemDialog.xaml.cs(567,13): error CS0103: The name 'TxtModelNumber' does not exist in the current context [C:\Users\russel.mercado\source\repos\Yakult-System-New\Yakult.Inventory.App\Yakult.Inventory.App.csproj]
C:\Users\russel.mercado\source\repos\Yakult-System-New\Yakult.Inventory.App\Pages\Item\EditItemDialog.xaml.cs(568,13): error CS0103: The name 'CmbUnitOfMeasure' does not exist in the current context [C:\Users\russel.mercado\source\repos\Yakult-System-New\Yakult.Inventory.App\Yakult.Inventory.App.csproj]
C:\Users\russel.mercado\source\repos\Yakult-System-New\Yakult.Inventory.App\Pages\Item\EditItemDialog.xaml.cs(569,13): error CS0103: The name 'TxtStockOnHand' does not exist in the current context [C:\Users\russel.mercado\source\repos\Yakult-System-New\Yakult.Inventory.App\Yakult.Inventory.App.csproj]
C:\Users\russel.mercado\source\repos\Yakult-System-New\Yakult.Inventory.App\Pages\Item\EditItemDialog.xaml.cs(570,13): error CS0103: The name 'TxtAmount' does not exist in the current context [C:\Users\russel.mercado\source\repos\Yakult-System-New\Yakult.Inventory.App\Yakult.Inventory.App.csproj]
C:\Users\russel.mercado\source\repos\Yakult-System-New\Yakult.Inventory.App\Pages\Item\EditItemDialog.xaml.cs(571,13): error CS0103: The name 'ChkActive' does not exist in the current context [C:\Users\russel.mercado\source\repos\Yakult-System-New\Yakult.Inventory.App\Yakult.Inventory.App.csproj]
C:\Users\russel.mercado\source\repos\Yakult-System-New\Yakult.Inventory.App\Pages\Item\EditItemDialog.xaml.cs(572,13): error CS0103: The name 'ChkIsBorrowable' does not exist in the current context [C:\Users\russel.mercado\source\repos\Yakult-System-New\Yakult.Inventory.App\Yakult.Inventory.App.csproj]
C:\Users\russel.mercado\source\repos\Yakult-System-New\Yakult.Inventory.App\Pages\Item\EditItemDialog.xaml.cs(573,13): error CS0103: The name 'ChkIsArchived' does not exist in the current context [C:\Users\russel.mercado\source\repos\Yakult-System-New\Yakult.Inventory.App\Yakult.Inventory.App.csproj]
C:\Users\russel.mercado\source\repos\Yakult-System-New\Yakult.Inventory.App\Pages\Item\EditItemDialog.xaml.cs(578,37): error CS0103: The name 'CmbCategory' does not exist in the current context [C:\Users\russel.mercado\source\repos\Yakult-System-New\Yakult.Inventory.App\Yakult.Inventory.App.csproj]
C:\Users\russel.mercado\source\repos\Yakult-System-New\Yakult.Inventory.App\Pages\Item\EditItemDialog.xaml.cs(580,25): error CS0103: The name 'CmbCategory' does not exist in the current context [C:\Users\russel.mercado\source\repos\Yakult-System-New\Yakult.Inventory.App\Yakult.Inventory.App.csproj]
C:\Users\russel.mercado\source\repos\Yakult-System-New\Yakult.Inventory.App\Pages\Item\EditItemDialog.xaml.cs(582,25): error CS0103: The name 'CmbCategory' does not exist in the current context [C:\Users\russel.mercado\source\repos\Yakult-System-New\Yakult.Inventory.App\Yakult.Inventory.App.csproj]
C:\Users\russel.mercado\source\repos\Yakult-System-New\Yakult.Inventory.App\Pages\Item\EditItemDialog.xaml.cs(590,13): error CS0103: The name 'RowCartridgeModel' does not exist in the current context [C:\Users\russel.mercado\source\repos\Yakult-System-New\Yakult.Inventory.App\Yakult.Inventory.App.csproj]
C:\Users\russel.mercado\source\repos\Yakult-System-New\Yakult.Inventory.App\Pages\Item\EditItemDialog.xaml.cs(591,13): error CS0103: The name 'RowCartridgeOrigin' does not exist in the current context [C:\Users\russel.mercado\source\repos\Yakult-System-New\Yakult.Inventory.App\Yakult.Inventory.App.csproj]
C:\Users\russel.mercado\source\repos\Yakult-System-New\Yakult.Inventory.App\Pages\Item\EditItemDialog.xaml.cs(595,17): error CS0103: The name 'CmbCartridgeOrigin' does not exist in the current context [C:\Users\russel.mercado\source\repos\Yakult-System-New\Yakult.Inventory.App\Yakult.Inventory.App.csproj]
C:\Users\russel.mercado\source\repos\Yakult-System-New\Yakult.Inventory.App\Pages\Item\EditItemDialog.xaml.cs(601,13): error CS0103: The name 'RowConsumableModel' does not exist in the current context [C:\Users\russel.mercado\source\repos\Yakult-System-New\Yakult.Inventory.App\Yakult.Inventory.App.csproj]
C:\Users\russel.mercado\source\repos\Yakult-System-New\Yakult.Inventory.App\Pages\Item\EditItemDialog.xaml.cs(605,13): error CS0103: The name 'RowCellPhoneNumber' does not exist in the current context [C:\Users\russel.mercado\source\repos\Yakult-System-New\Yakult.Inventory.App\Yakult.Inventory.App.csproj]
C:\Users\russel.mercado\source\repos\Yakult-System-New\Yakult.Inventory.App\Pages\Item\EditItemDialog.xaml.cs(606,13): error CS0103: The name 'RowImei1' does not exist in the current context [C:\Users\russel.mercado\source\repos\Yakult-System-New\Yakult.Inventory.App\Yakult.Inventory.App.csproj]
C:\Users\russel.mercado\source\repos\Yakult-System-New\Yakult.Inventory.App\Pages\Item\EditItemDialog.xaml.cs(607,13): error CS0103: The name 'RowImei2' does not exist in the current context [C:\Users\russel.mercado\source\repos\Yakult-System-New\Yakult.Inventory.App\Yakult.Inventory.App.csproj]
C:\Users\russel.mercado\source\repos\Yakult-System-New\Yakult.Inventory.App\Pages\Item\EditItemDialog.xaml.cs(608,13): error CS0103: The name 'TxtCellPhoneNumber' does not exist in the current context [C:\Users\russel.mercado\source\repos\Yakult-System-New\Yakult.Inventory.App\Yakult.Inventory.App.csproj]
C:\Users\russel.mercado\source\repos\Yakult-System-New\Yakult.Inventory.App\Pages\Item\EditItemDialog.xaml.cs(609,13): error CS0103: The name 'TxtImei1' does not exist in the current context [C:\Users\russel.mercado\source\repos\Yakult-System-New\Yakult.Inventory.App\Yakult.Inventory.App.csproj]
C:\Users\russel.mercado\source\repos\Yakult-System-New\Yakult.Inventory.App\Pages\Item\EditItemDialog.xaml.cs(610,13): error CS0103: The name 'TxtImei2' does not exist in the current context [C:\Users\russel.mercado\source\repos\Yakult-System-New\Yakult.Inventory.App\Yakult.Inventory.App.csproj]
C:\Users\russel.mercado\source\repos\Yakult-System-New\Yakult.Inventory.App\Pages\Item\EditItemDialog.xaml.cs(615,37): error CS0103: The name 'CmbItemType' does not exist in the current context [C:\Users\russel.mercado\source\repos\Yakult-System-New\Yakult.Inventory.App\Yakult.Inventory.App.csproj]
C:\Users\russel.mercado\source\repos\Yakult-System-New\Yakult.Inventory.App\Pages\Item\EditItemDialog.xaml.cs(617,25): error CS0103: The name 'CmbItemType' does not exist in the current context [C:\Users\russel.mercado\source\repos\Yakult-System-New\Yakult.Inventory.App\Yakult.Inventory.App.csproj]
C:\Users\russel.mercado\source\repos\Yakult-System-New\Yakult.Inventory.App\Pages\Item\EditItemDialog.xaml.cs(619,25): error CS0103: The name 'CmbItemType' does not exist in the current context [C:\Users\russel.mercado\source\repos\Yakult-System-New\Yakult.Inventory.App\Yakult.Inventory.App.csproj]
C:\Users\russel.mercado\source\repos\Yakult-System-New\Yakult.Inventory.App\Pages\Item\EditItemDialog.xaml.cs(626,17): error CS0103: The name 'CmbItemType' does not exist in the current context [C:\Users\russel.mercado\source\repos\Yakult-System-New\Yakult.Inventory.App\Yakult.Inventory.App.csproj]
C:\Users\russel.mercado\source\repos\Yakult-System-New\Yakult.Inventory.App\Pages\Item\EditItemDialog.xaml.cs(630,13): error CS0103: The name 'CmbSubType' does not exist in the current context [C:\Users\russel.mercado\source\repos\Yakult-System-New\Yakult.Inventory.App\Yakult.Inventory.App.csproj]
C:\Users\russel.mercado\source\repos\Yakult-System-New\Yakult.Inventory.App\Pages\Item\EditItemDialog.xaml.cs(633,37): error CS0103: The name 'CmbSubType' does not exist in the current context [C:\Users\russel.mercado\source\repos\Yakult-System-New\Yakult.Inventory.App\Yakult.Inventory.App.csproj]
C:\Users\russel.mercado\source\repos\Yakult-System-New\Yakult.Inventory.App\Pages\Item\EditItemDialog.xaml.cs(635,39): error CS0103: The name 'CmbSubType' does not exist in the current context [C:\Users\russel.mercado\source\repos\Yakult-System-New\Yakult.Inventory.App\Yakult.Inventory.App.csproj]
C:\Users\russel.mercado\source\repos\Yakult-System-New\Yakult.Inventory.App\Pages\Item\EditItemDialog.xaml.cs(637,25): error CS0103: The name 'CmbSubType' does not exist in the current context [C:\Users\russel.mercado\source\repos\Yakult-System-New\Yakult.Inventory.App\Yakult.Inventory.App.csproj]
C:\Users\russel.mercado\source\repos\Yakult-System-New\Yakult.Inventory.App\Pages\Item\EditItemDialog.xaml.cs(646,37): error CS0103: The name 'CmbCondition' does not exist in the current context [C:\Users\russel.mercado\source\repos\Yakult-System-New\Yakult.Inventory.App\Yakult.Inventory.App.csproj]
C:\Users\russel.mercado\source\repos\Yakult-System-New\Yakult.Inventory.App\Pages\Item\EditItemDialog.xaml.cs(648,25): error CS0103: The name 'CmbCondition' does not exist in the current context [C:\Users\russel.mercado\source\repos\Yakult-System-New\Yakult.Inventory.App\Yakult.Inventory.App.csproj]
C:\Users\russel.mercado\source\repos\Yakult-System-New\Yakult.Inventory.App\Pages\Item\EditItemDialog.xaml.cs(650,25): error CS0103: The name 'CmbCondition' does not exist in the current context [C:\Users\russel.mercado\source\repos\Yakult-System-New\Yakult.Inventory.App\Yakult.Inventory.App.csproj]
C:\Users\russel.mercado\source\repos\Yakult-System-New\Yakult.Inventory.App\Pages\Item\EditItemDialog.xaml.cs(659,37): error CS0103: The name 'CmbVendor' does not exist in the current context [C:\Users\russel.mercado\source\repos\Yakult-System-New\Yakult.Inventory.App\Yakult.Inventory.App.csproj]
C:\Users\russel.mercado\source\repos\Yakult-System-New\Yakult.Inventory.App\Pages\Item\EditItemDialog.xaml.cs(661,25): error CS0103: The name 'CmbVendor' does not exist in the current context [C:\Users\russel.mercado\source\repos\Yakult-System-New\Yakult.Inventory.App\Yakult.Inventory.App.csproj]
C:\Users\russel.mercado\source\repos\Yakult-System-New\Yakult.Inventory.App\Pages\Item\EditItemDialog.xaml.cs(663,25): error CS0103: The name 'CmbVendor' does not exist in the current context [C:\Users\russel.mercado\source\repos\Yakult-System-New\Yakult.Inventory.App\Yakult.Inventory.App.csproj]
C:\Users\russel.mercado\source\repos\Yakult-System-New\Yakult.Inventory.App\Pages\Item\EditItemDialog.xaml.cs(670,17): error CS0103: The name 'CmbVendor' does not exist in the current context [C:\Users\russel.mercado\source\repos\Yakult-System-New\Yakult.Inventory.App\Yakult.Inventory.App.csproj]
C:\Users\russel.mercado\source\repos\Yakult-System-New\Yakult.Inventory.App\Pages\Item\EditItemDialog.xaml.cs(680,13): error CS0103: The name 'ChkServiceContractDates' does not exist in the current context [C:\Users\russel.mercado\source\repos\Yakult-System-New\Yakult.Inventory.App\Yakult.Inventory.App.csproj]
C:\Users\russel.mercado\source\repos\Yakult-System-New\Yakult.Inventory.App\Pages\Item\EditItemDialog.xaml.cs(685,13): error CS0103: The name 'DpStartDate' does not exist in the current context [C:\Users\russel.mercado\source\repos\Yakult-System-New\Yakult.Inventory.App\Yakult.Inventory.App.csproj]
C:\Users\russel.mercado\source\repos\Yakult-System-New\Yakult.Inventory.App\Pages\Item\EditItemDialog.xaml.cs(689,17): error CS0103: The name 'DpEndDate' does not exist in the current context [C:\Users\russel.mercado\source\repos\Yakult-System-New\Yakult.Inventory.App\Yakult.Inventory.App.csproj]
C:\Users\russel.mercado\source\repos\Yakult-System-New\Yakult.Inventory.App\Pages\Item\EditItemDialog.xaml.cs(689,59): error CS0103: The name 'DpStartDate' does not exist in the current context [C:\Users\russel.mercado\source\repos\Yakult-System-New\Yakult.Inventory.App\Yakult.Inventory.App.csproj]
C:\Users\russel.mercado\source\repos\Yakult-System-New\Yakult.Inventory.App\Pages\Item\EditItemDialog.xaml.cs(690,17): error CS0103: The name 'ChkEndDate' does not exist in the current context [C:\Users\russel.mercado\source\repos\Yakult-System-New\Yakult.Inventory.App\Yakult.Inventory.App.csproj]
C:\Users\russel.mercado\source\repos\Yakult-System-New\Yakult.Inventory.App\Pages\Item\EditItemDialog.xaml.cs(696,21): error CS0103: The name 'DpEndDate' does not exist in the current context [C:\Users\russel.mercado\source\repos\Yakult-System-New\Yakult.Inventory.App\Yakult.Inventory.App.csproj]
C:\Users\russel.mercado\source\repos\Yakult-System-New\Yakult.Inventory.App\Pages\Item\EditItemDialog.xaml.cs(697,21): error CS0103: The name 'ChkEndDate' does not exist in the current context [C:\Users\russel.mercado\source\repos\Yakult-System-New\Yakult.Inventory.App\Yakult.Inventory.App.csproj]
C:\Users\russel.mercado\source\repos\Yakult-System-New\Yakult.Inventory.App\Pages\Item\EditItemDialog.xaml.cs(701,21): error CS0103: The name 'ChkEndDate' does not exist in the current context [C:\Users\russel.mercado\source\repos\Yakult-System-New\Yakult.Inventory.App\Yakult.Inventory.App.csproj]
C:\Users\russel.mercado\source\repos\Yakult-System-New\Yakult.Inventory.App\Pages\Item\EditItemDialog.xaml.cs(707,13): error CS0103: The name 'TxtRemarks' does not exist in the current context [C:\Users\russel.mercado\source\repos\Yakult-System-New\Yakult.Inventory.App\Yakult.Inventory.App.csproj]
C:\Users\russel.mercado\source\repos\Yakult-System-New\Yakult.Inventory.App\Pages\Item\EditItemDialog.xaml.cs(711,13): error CS0103: The name 'RowLicenseNumber' does not exist in the current context [C:\Users\russel.mercado\source\repos\Yakult-System-New\Yakult.Inventory.App\Yakult.Inventory.App.csproj]
C:\Users\russel.mercado\source\repos\Yakult-System-New\Yakult.Inventory.App\Pages\Item\EditItemDialog.xaml.cs(712,13): error CS0103: The name 'TxtLicenseNumber' does not exist in the current context [C:\Users\russel.mercado\source\repos\Yakult-System-New\Yakult.Inventory.App\Yakult.Inventory.App.csproj]
C:\Users\russel.mercado\source\repos\Yakult-System-New\Yakult.Inventory.App\Pages\Item\EditItemDialog.xaml.cs(715,13): error CS0103: The name 'TxtWarrantyYears' does not exist in the current context [C:\Users\russel.mercado\source\repos\Yakult-System-New\Yakult.Inventory.App\Yakult.Inventory.App.csproj]
C:\Users\russel.mercado\source\repos\Yakult-System-New\Yakult.Inventory.App\Pages\Item\EditItemDialog.xaml.cs(719,17): error CS0103: The name 'DpWarrantyStart' does not exist in the current context [C:\Users\russel.mercado\source\repos\Yakult-System-New\Yakult.Inventory.App\Yakult.Inventory.App.csproj]
C:\Users\russel.mercado\source\repos\Yakult-System-New\Yakult.Inventory.App\Pages\Item\EditItemDialog.xaml.cs(720,17): error CS0103: The name 'ChkWarrantyStart' does not exist in the current context [C:\Users\russel.mercado\source\repos\Yakult-System-New\Yakult.Inventory.App\Yakult.Inventory.App.csproj]
C:\Users\russel.mercado\source\repos\Yakult-System-New\Yakult.Inventory.App\Pages\Item\EditItemDialog.xaml.cs(724,17): error CS0103: The name 'ChkWarrantyStart' does not exist in the current context [C:\Users\russel.mercado\source\repos\Yakult-System-New\Yakult.Inventory.App\Yakult.Inventory.App.csproj]
C:\Users\russel.mercado\source\repos\Yakult-System-New\Yakult.Inventory.App\Pages\Item\EditItemDialog.xaml.cs(729,17): error CS0103: The name 'DpWarrantyEnd' does not exist in the current context [C:\Users\russel.mercado\source\repos\Yakult-System-New\Yakult.Inventory.App\Yakult.Inventory.App.csproj]
C:\Users\russel.mercado\source\repos\Yakult-System-New\Yakult.Inventory.App\Pages\Item\EditItemDialog.xaml.cs(730,17): error CS0103: The name 'ChkWarrantyEnd' does not exist in the current context [C:\Users\russel.mercado\source\repos\Yakult-System-New\Yakult.Inventory.App\Yakult.Inventory.App.csproj]
C:\Users\russel.mercado\source\repos\Yakult-System-New\Yakult.Inventory.App\Pages\Item\EditItemDialog.xaml.cs(734,17): error CS0103: The name 'ChkWarrantyEnd' does not exist in the current context [C:\Users\russel.mercado\source\repos\Yakult-System-New\Yakult.Inventory.App\Yakult.Inventory.App.csproj]
C:\Users\russel.mercado\source\repos\Yakult-System-New\Yakult.Inventory.App\Pages\Item\EditItemDialog.xaml.cs(740,17): error CS0103: The name 'DpDatePurchased' does not exist in the current context [C:\Users\russel.mercado\source\repos\Yakult-System-New\Yakult.Inventory.App\Yakult.Inventory.App.csproj]
C:\Users\russel.mercado\source\repos\Yakult-System-New\Yakult.Inventory.App\Pages\Item\EditItemDialog.xaml.cs(741,17): error CS0103: The name 'ChkDatePurchased' does not exist in the current context [C:\Users\russel.mercado\source\repos\Yakult-System-New\Yakult.Inventory.App\Yakult.Inventory.App.csproj]
C:\Users\russel.mercado\source\repos\Yakult-System-New\Yakult.Inventory.App\Pages\Item\EditItemDialog.xaml.cs(745,17): error CS0103: The name 'ChkDatePurchased' does not exist in the current context [C:\Users\russel.mercado\source\repos\Yakult-System-New\Yakult.Inventory.App\Yakult.Inventory.App.csproj]
C:\Users\russel.mercado\source\repos\Yakult-System-New\Yakult.Inventory.App\Pages\Item\EditItemDialog.xaml.cs(753,13): error CS0103: The name 'ChkIsTrackedAsset' does not exist in the current context [C:\Users\russel.mercado\source\repos\Yakult-System-New\Yakult.Inventory.App\Yakult.Inventory.App.csproj]
C:\Users\russel.mercado\source\repos\Yakult-System-New\Yakult.Inventory.App\Pages\Item\EditItemDialog.xaml.cs(754,13): error CS0103: The name 'RowTrackedAssetWarning' does not exist in the current context [C:\Users\russel.mercado\source\repos\Yakult-System-New\Yakult.Inventory.App\Yakult.Inventory.App.csproj]
C:\Users\russel.mercado\source\repos\Yakult-System-New\Yakult.Inventory.App\Pages\Item\EditItemDialog.xaml.cs(761,37): error CS0103: The name 'CmbAcquisitionType' does not exist in the current context [C:\Users\russel.mercado\source\repos\Yakult-System-New\Yakult.Inventory.App\Yakult.Inventory.App.csproj]
C:\Users\russel.mercado\source\repos\Yakult-System-New\Yakult.Inventory.App\Pages\Item\EditItemDialog.xaml.cs(763,25): error CS0103: The name 'CmbAcquisitionType' does not exist in the current context [C:\Users\russel.mercado\source\repos\Yakult-System-New\Yakult.Inventory.App\Yakult.Inventory.App.csproj]
C:\Users\russel.mercado\source\repos\Yakult-System-New\Yakult.Inventory.App\Pages\Item\EditItemDialog.xaml.cs(765,25): error CS0103: The name 'CmbAcquisitionType' does not exist in the current context [C:\Users\russel.mercado\source\repos\Yakult-System-New\Yakult.Inventory.App\Yakult.Inventory.App.csproj]
C:\Users\russel.mercado\source\repos\Yakult-System-New\Yakult.Inventory.App\Pages\Item\EditItemDialog.xaml.cs(772,17): error CS0103: The name 'CmbAcquisitionType' does not exist in the current context [C:\Users\russel.mercado\source\repos\Yakult-System-New\Yakult.Inventory.App\Yakult.Inventory.App.csproj]
C:\Users\russel.mercado\source\repos\Yakult-System-New\Yakult.Inventory.App\Pages\Item\EditItemDialog.xaml.cs(790,25): error CS0103: The name 'TxtPartNumber' does not exist in the current context [C:\Users\russel.mercado\source\repos\Yakult-System-New\Yakult.Inventory.App\Yakult.Inventory.App.csproj]
C:\Users\russel.mercado\source\repos\Yakult-System-New\Yakult.Inventory.App\Pages\Item\InvoiceBuilderDialog.xaml.cs(1093,13): error CS0103: The name 'BtnCreate' does not exist in the current context [C:\Users\russel.mercado\source\repos\Yakult-System-New\Yakult.Inventory.App\Yakult.Inventory.App.csproj]
C:\Users\russel.mercado\source\repos\Yakult-System-New\Yakult.Inventory.App\Pages\Item\InvoiceBuilderDialog.xaml.cs(1094,13): error CS0103: The name 'LblStatus' does not exist in the current context [C:\Users\russel.mercado\source\repos\Yakult-System-New\Yakult.Inventory.App\Yakult.Inventory.App.csproj]
C:\Users\russel.mercado\source\repos\Yakult-System-New\Yakult.Inventory.App\Pages\Item\InvoiceBuilderDialog.xaml.cs(1107,21): error CS0103: The name 'LblStatus' does not exist in the current context [C:\Users\russel.mercado\source\repos\Yakult-System-New\Yakult.Inventory.App\Yakult.Inventory.App.csproj]
C:\Users\russel.mercado\source\repos\Yakult-System-New\Yakult.Inventory.App\Pages\Item\InvoiceBuilderDialog.xaml.cs(1108,21): error CS0103: The name 'BtnCreate' does not exist in the current context [C:\Users\russel.mercado\source\repos\Yakult-System-New\Yakult.Inventory.App\Yakult.Inventory.App.csproj]
C:\Users\russel.mercado\source\repos\Yakult-System-New\Yakult.Inventory.App\Pages\Item\InvoiceBuilderDialog.xaml.cs(1147,17): error CS0103: The name 'LblStatus' does not exist in the current context [C:\Users\russel.mercado\source\repos\Yakult-System-New\Yakult.Inventory.App\Yakult.Inventory.App.csproj]
C:\Users\russel.mercado\source\repos\Yakult-System-New\Yakult.Inventory.App\Pages\Item\InvoiceBuilderDialog.xaml.cs(1148,17): error CS0103: The name 'BtnCreate' does not exist in the current context [C:\Users\russel.mercado\source\repos\Yakult-System-New\Yakult.Inventory.App\Yakult.Inventory.App.csproj]
C:\Users\russel.mercado\source\repos\Yakult-System-New\Yakult.Inventory.App\Pages\Item\EditItemDialog.xaml.cs(838,25): error CS0103: The name 'LblUnavailableInfo' does not exist in the current context [C:\Users\russel.mercado\source\repos\Yakult-System-New\Yakult.Inventory.App\Yakult.Inventory.App.csproj]
C:\Users\russel.mercado\source\repos\Yakult-System-New\Yakult.Inventory.App\Pages\Item\EditItemDialog.xaml.cs(839,25): error CS0103: The name 'LblUnavailableInfo' does not exist in the current context [C:\Users\russel.mercado\source\repos\Yakult-System-New\Yakult.Inventory.App\Yakult.Inventory.App.csproj]
C:\Users\russel.mercado\source\repos\Yakult-System-New\Yakult.Inventory.App\Pages\Item\BatchAddItemDialog.xaml.cs(1417,18): error CS0103: The name 'BtnAdd' does not exist in the current context [C:\Users\russel.mercado\source\repos\Yakult-System-New\Yakult.Inventory.App\Yakult.Inventory.App.csproj]
C:\Users\russel.mercado\source\repos\Yakult-System-New\Yakult.Inventory.App\Pages\Item\BatchAddItemDialog.xaml.cs(1419,13): error CS0103: The name 'BtnAdd' does not exist in the current context [C:\Users\russel.mercado\source\repos\Yakult-System-New\Yakult.Inventory.App\Yakult.Inventory.App.csproj]
C:\Users\russel.mercado\source\repos\Yakult-System-New\Yakult.Inventory.App\Pages\Item\BatchAddItemDialog.xaml.cs(1420,13): error CS0103: The name 'BtnAdd' does not exist in the current context [C:\Users\russel.mercado\source\repos\Yakult-System-New\Yakult.Inventory.App\Yakult.Inventory.App.csproj]
C:\Users\russel.mercado\source\repos\Yakult-System-New\Yakult.Inventory.App\Pages\Item\BatchAddItemDialog.xaml.cs(1435,17): error CS0103: The name 'BtnAdd' does not exist in the current context [C:\Users\russel.mercado\source\repos\Yakult-System-New\Yakult.Inventory.App\Yakult.Inventory.App.csproj]
C:\Users\russel.mercado\source\repos\Yakult-System-New\Yakult.Inventory.App\Pages\Item\BatchAddItemDialog.xaml.cs(1436,17): error CS0103: The name 'BtnAdd' does not exist in the current context [C:\Users\russel.mercado\source\repos\Yakult-System-New\Yakult.Inventory.App\Yakult.Inventory.App.csproj]
C:\Users\russel.mercado\source\repos\Yakult-System-New\Yakult.Inventory.App\Pages\Item\BatchAddItemDialog.xaml.cs(1438,37): error CS0103: The name 'CmbCategory' does not exist in the current context [C:\Users\russel.mercado\source\repos\Yakult-System-New\Yakult.Inventory.App\Yakult.Inventory.App.csproj]
C:\Users\russel.mercado\source\repos\Yakult-System-New\Yakult.Inventory.App\Pages\Item\BatchAddItemDialog.xaml.cs(1440,62): error CS0103: The name 'CmbCartridgeOrigin' does not exist in the current context [C:\Users\russel.mercado\source\repos\Yakult-System-New\Yakult.Inventory.App\Yakult.Inventory.App.csproj]
C:\Users\russel.mercado\source\repos\Yakult-System-New\Yakult.Inventory.App\Pages\Item\BatchAddItemDialog.xaml.cs(1443,68): error CS0103: The name 'TxtItemName' does not exist in the current context [C:\Users\russel.mercado\source\repos\Yakult-System-New\Yakult.Inventory.App\Yakult.Inventory.App.csproj]
C:\Users\russel.mercado\source\repos\Yakult-System-New\Yakult.Inventory.App\Pages\Item\BatchAddItemDialog.xaml.cs(1443,111): error CS0103: The name 'CmbCategory' does not exist in the current context [C:\Users\russel.mercado\source\repos\Yakult-System-New\Yakult.Inventory.App\Yakult.Inventory.App.csproj]
C:\Users\russel.mercado\source\repos\Yakult-System-New\Yakult.Inventory.App\Pages\Item\BatchAddItemDialog.xaml.cs(1445,76): error CS0103: The name 'TxtItemName' does not exist in the current context [C:\Users\russel.mercado\source\repos\Yakult-System-New\Yakult.Inventory.App\Yakult.Inventory.App.csproj]
C:\Users\russel.mercado\source\repos\Yakult-System-New\Yakult.Inventory.App\Pages\Item\BatchAddItemDialog.xaml.cs(1445,119): error CS0103: The name 'CmbCategory' does not exist in the current context [C:\Users\russel.mercado\source\repos\Yakult-System-New\Yakult.Inventory.App\Yakult.Inventory.App.csproj]
C:\Users\russel.mercado\source\repos\Yakult-System-New\Yakult.Inventory.App\Pages\Item\BatchAddItemDialog.xaml.cs(1446,88): error CS0103: The name 'TxtItemName' does not exist in the current context [C:\Users\russel.mercado\source\repos\Yakult-System-New\Yakult.Inventory.App\Yakult.Inventory.App.csproj]
C:\Users\russel.mercado\source\repos\Yakult-System-New\Yakult.Inventory.App\Pages\Item\BatchAddItemDialog.xaml.cs(1446,131): error CS0103: The name 'CmbCategory' does not exist in the current context [C:\Users\russel.mercado\source\repos\Yakult-System-New\Yakult.Inventory.App\Yakult.Inventory.App.csproj]
C:\Users\russel.mercado\source\repos\Yakult-System-New\Yakult.Inventory.App\Pages\Item\BatchAddItemDialog.xaml.cs(1451,17): error CS0103: The name 'BtnAdd' does not exist in the current context [C:\Users\russel.mercado\source\repos\Yakult-System-New\Yakult.Inventory.App\Yakult.Inventory.App.csproj]
C:\Users\russel.mercado\source\repos\Yakult-System-New\Yakult.Inventory.App\Pages\Item\BatchAddItemDialog.xaml.cs(1452,17): error CS0103: The name 'BtnAdd' does not exist in the current context [C:\Users\russel.mercado\source\repos\Yakult-System-New\Yakult.Inventory.App\Yakult.Inventory.App.csproj]
C:\Users\russel.mercado\source\repos\Yakult-System-New\Yakult.Inventory.App\Pages\Item\BatchAddItemDialog.xaml.cs(1490,17): error CS0103: The name 'BtnAdd' does not exist in the current context [C:\Users\russel.mercado\source\repos\Yakult-System-New\Yakult.Inventory.App\Yakult.Inventory.App.csproj]
C:\Users\russel.mercado\source\repos\Yakult-System-New\Yakult.Inventory.App\Pages\Item\BatchAddItemDialog.xaml.cs(1491,17): error CS0103: The name 'BtnAdd' does not exist in the current context [C:\Users\russel.mercado\source\repos\Yakult-System-New\Yakult.Inventory.App\Yakult.Inventory.App.csproj]
C:\Users\russel.mercado\source\repos\Yakult-System-New\Yakult.Inventory.App\Pages\Item\BatchAddItemDialog.xaml.cs(1498,13): error CS0103: The name 'LblSessionCount' does not exist in the current context [C:\Users\russel.mercado\source\repos\Yakult-System-New\Yakult.Inventory.App\Yakult.Inventory.App.csproj]
C:\Users\russel.mercado\source\repos\Yakult-System-New\Yakult.Inventory.App\Pages\Item\EditItemDialog.xaml.cs(880,33): error CS0103: The name 'LblLastRepairedInfo' does not exist in the current context [C:\Users\russel.mercado\source\repos\Yakult-System-New\Yakult.Inventory.App\Yakult.Inventory.App.csproj]
C:\Users\russel.mercado\source\repos\Yakult-System-New\Yakult.Inventory.App\Pages\Item\EditItemDialog.xaml.cs(881,33): error CS0103: The name 'LblLastRepairedInfo' does not exist in the current context [C:\Users\russel.mercado\source\repos\Yakult-System-New\Yakult.Inventory.App\Yakult.Inventory.App.csproj]
C:\Users\russel.mercado\source\repos\Yakult-System-New\Yakult.Inventory.App\Pages\Item\EditItemDialog.xaml.cs(938,17): error CS0103: The name 'ChkWarrantyStart' does not exist in the current context [C:\Users\russel.mercado\source\repos\Yakult-System-New\Yakult.Inventory.App\Yakult.Inventory.App.csproj]
C:\Users\russel.mercado\source\repos\Yakult-System-New\Yakult.Inventory.App\Pages\Item\EditItemDialog.xaml.cs(938,55): error CS0103: The name 'ChkWarrantyEnd' does not exist in the current context [C:\Users\russel.mercado\source\repos\Yakult-System-New\Yakult.Inventory.App\Yakult.Inventory.App.csproj]
C:\Users\russel.mercado\source\repos\Yakult-System-New\Yakult.Inventory.App\Pages\Item\EditItemDialog.xaml.cs(939,17): error CS0103: The name 'DpWarrantyStart' does not exist in the current context [C:\Users\russel.mercado\source\repos\Yakult-System-New\Yakult.Inventory.App\Yakult.Inventory.App.csproj]
C:\Users\russel.mercado\source\repos\Yakult-System-New\Yakult.Inventory.App\Pages\Item\EditItemDialog.xaml.cs(939,57): error CS0103: The name 'DpWarrantyEnd' does not exist in the current context [C:\Users\russel.mercado\source\repos\Yakult-System-New\Yakult.Inventory.App\Yakult.Inventory.App.csproj]
C:\Users\russel.mercado\source\repos\Yakult-System-New\Yakult.Inventory.App\Pages\Item\EditItemDialog.xaml.cs(941,25): error CS0103: The name 'DpWarrantyStart' does not exist in the current context [C:\Users\russel.mercado\source\repos\Yakult-System-New\Yakult.Inventory.App\Yakult.Inventory.App.csproj]
C:\Users\russel.mercado\source\repos\Yakult-System-New\Yakult.Inventory.App\Pages\Item\EditItemDialog.xaml.cs(942,23): error CS0103: The name 'DpWarrantyEnd' does not exist in the current context [C:\Users\russel.mercado\source\repos\Yakult-System-New\Yakult.Inventory.App\Yakult.Inventory.App.csproj]
C:\Users\russel.mercado\source\repos\Yakult-System-New\Yakult.Inventory.App\Pages\Item\EditItemDialog.xaml.cs(950,13): error CS0103: The name 'TxtWarrantyYears' does not exist in the current context [C:\Users\russel.mercado\source\repos\Yakult-System-New\Yakult.Inventory.App\Yakult.Inventory.App.csproj]
C:\Users\russel.mercado\source\repos\Yakult-System-New\Yakult.Inventory.App\Pages\Item\EditItemDialog.xaml.cs(955,26): error CS0103: The name 'TxtWarrantyYears' does not exist in the current context [C:\Users\russel.mercado\source\repos\Yakult-System-New\Yakult.Inventory.App\Yakult.Inventory.App.csproj]
C:\Users\russel.mercado\source\repos\Yakult-System-New\Yakult.Inventory.App\Pages\Item\EditItemDialog.xaml.cs(962,17): error CS0103: The name 'ChkActive' does not exist in the current context [C:\Users\russel.mercado\source\repos\Yakult-System-New\Yakult.Inventory.App\Yakult.Inventory.App.csproj]
C:\Users\russel.mercado\source\repos\Yakult-System-New\Yakult.Inventory.App\Pages\Item\EditItemDialog.xaml.cs(969,21): error CS0103: The name 'ChkActive' does not exist in the current context [C:\Users\russel.mercado\source\repos\Yakult-System-New\Yakult.Inventory.App\Yakult.Inventory.App.csproj]
C:\Users\russel.mercado\source\repos\Yakult-System-New\Yakult.Inventory.App\Pages\Item\EditItemDialog.xaml.cs(970,21): error CS0103: The name 'ChkActive' does not exist in the current context [C:\Users\russel.mercado\source\repos\Yakult-System-New\Yakult.Inventory.App\Yakult.Inventory.App.csproj]
C:\Users\russel.mercado\source\repos\Yakult-System-New\Yakult.Inventory.App\Pages\Item\EditItemDialog.xaml.cs(971,21): error CS0103: The name 'ChkActive' does not exist in the current context [C:\Users\russel.mercado\source\repos\Yakult-System-New\Yakult.Inventory.App\Yakult.Inventory.App.csproj]
C:\Users\russel.mercado\source\repos\Yakult-System-New\Yakult.Inventory.App\Pages\Item\EditItemDialog.xaml.cs(972,21): error CS0103: The name 'ChkActive' does not exist in the current context [C:\Users\russel.mercado\source\repos\Yakult-System-New\Yakult.Inventory.App\Yakult.Inventory.App.csproj]
C:\Users\russel.mercado\source\repos\Yakult-System-New\Yakult.Inventory.App\Pages\Item\EditItemDialog.xaml.cs(973,21): error CS0103: The name 'ChkActive' does not exist in the current context [C:\Users\russel.mercado\source\repos\Yakult-System-New\Yakult.Inventory.App\Yakult.Inventory.App.csproj]
C:\Users\russel.mercado\source\repos\Yakult-System-New\Yakult.Inventory.App\Pages\Item\EditItemDialog.xaml.cs(989,17): error CS0103: The name 'ChkIsArchived' does not exist in the current context [C:\Users\russel.mercado\source\repos\Yakult-System-New\Yakult.Inventory.App\Yakult.Inventory.App.csproj]
C:\Users\russel.mercado\source\repos\Yakult-System-New\Yakult.Inventory.App\Pages\Item\EditItemDialog.xaml.cs(990,17): error CS0103: The name 'ChkActive' does not exist in the current context [C:\Users\russel.mercado\source\repos\Yakult-System-New\Yakult.Inventory.App\Yakult.Inventory.App.csproj]
C:\Users\russel.mercado\source\repos\Yakult-System-New\Yakult.Inventory.App\Pages\Item\InvoiceBuilderDialog.xaml.cs(1174,43): error CS0103: The name 'TxtVatPercent' does not exist in the current context [C:\Users\russel.mercado\source\repos\Yakult-System-New\Yakult.Inventory.App\Yakult.Inventory.App.csproj]
C:\Users\russel.mercado\source\repos\Yakult-System-New\Yakult.Inventory.App\Pages\Item\InvoiceBuilderDialog.xaml.cs(1175,44): error CS0103: The name 'TxtDiscountPercent' does not exist in the current context [C:\Users\russel.mercado\source\repos\Yakult-System-New\Yakult.Inventory.App\Yakult.Inventory.App.csproj]
C:\Users\russel.mercado\source\repos\Yakult-System-New\Yakult.Inventory.App\Pages\Item\InvoiceBuilderDialog.xaml.cs(1176,43): error CS0103: The name 'TxtWhtPercent' does not exist in the current context [C:\Users\russel.mercado\source\repos\Yakult-System-New\Yakult.Inventory.App\Yakult.Inventory.App.csproj]
C:\Users\russel.mercado\source\repos\Yakult-System-New\Yakult.Inventory.App\Pages\Item\BatchAddItemDialog.xaml.cs(1548,43): error CS0103: The name 'TxtItemName' does not exist in the current context [C:\Users\russel.mercado\source\repos\Yakult-System-New\Yakult.Inventory.App\Yakult.Inventory.App.csproj]
C:\Users\russel.mercado\source\repos\Yakult-System-New\Yakult.Inventory.App\Pages\Item\BatchAddItemDialog.xaml.cs(1550,17): error CS0103: The name 'TxtItemName' does not exist in the current context [C:\Users\russel.mercado\source\repos\Yakult-System-New\Yakult.Inventory.App\Yakult.Inventory.App.csproj]
C:\Users\russel.mercado\source\repos\Yakult-System-New\Yakult.Inventory.App\Pages\Item\BatchAddItemDialog.xaml.cs(1553,43): error CS0103: The name 'TxtModelNumber' does not exist in the current context [C:\Users\russel.mercado\source\repos\Yakult-System-New\Yakult.Inventory.App\Yakult.Inventory.App.csproj]
C:\Users\russel.mercado\source\repos\Yakult-System-New\Yakult.Inventory.App\Pages\Item\BatchAddItemDialog.xaml.cs(1555,17): error CS0103: The name 'TxtModelNumber' does not exist in the current context [C:\Users\russel.mercado\source\repos\Yakult-System-New\Yakult.Inventory.App\Yakult.Inventory.App.csproj]
C:\Users\russel.mercado\source\repos\Yakult-System-New\Yakult.Inventory.App\Pages\Item\BatchAddItemDialog.xaml.cs(1558,17): error CS0103: The name 'CmbCategory' does not exist in the current context [C:\Users\russel.mercado\source\repos\Yakult-System-New\Yakult.Inventory.App\Yakult.Inventory.App.csproj]
C:\Users\russel.mercado\source\repos\Yakult-System-New\Yakult.Inventory.App\Pages\Item\BatchAddItemDialog.xaml.cs(1560,17): error CS0103: The name 'CmbCategory' does not exist in the current context [C:\Users\russel.mercado\source\repos\Yakult-System-New\Yakult.Inventory.App\Yakult.Inventory.App.csproj]
C:\Users\russel.mercado\source\repos\Yakult-System-New\Yakult.Inventory.App\Pages\Item\BatchAddItemDialog.xaml.cs(1563,17): error CS0103: The name 'CmbItemType' does not exist in the current context [C:\Users\russel.mercado\source\repos\Yakult-System-New\Yakult.Inventory.App\Yakult.Inventory.App.csproj]
C:\Users\russel.mercado\source\repos\Yakult-System-New\Yakult.Inventory.App\Pages\Item\BatchAddItemDialog.xaml.cs(1565,17): error CS0103: The name 'CmbItemType' does not exist in the current context [C:\Users\russel.mercado\source\repos\Yakult-System-New\Yakult.Inventory.App\Yakult.Inventory.App.csproj]
C:\Users\russel.mercado\source\repos\Yakult-System-New\Yakult.Inventory.App\Pages\Item\BatchAddItemDialog.xaml.cs(1569,23): error CS0103: The name 'CmbCategory' does not exist in the current context [C:\Users\russel.mercado\source\repos\Yakult-System-New\Yakult.Inventory.App\Yakult.Inventory.App.csproj]
C:\Users\russel.mercado\source\repos\Yakult-System-New\Yakult.Inventory.App\Pages\Item\BatchAddItemDialog.xaml.cs(1572,33): error CS0103: The name 'CmbCartridgeModel' does not exist in the current context [C:\Users\russel.mercado\source\repos\Yakult-System-New\Yakult.Inventory.App\Yakult.Inventory.App.csproj]
C:\Users\russel.mercado\source\repos\Yakult-System-New\Yakult.Inventory.App\Pages\Item\BatchAddItemDialog.xaml.cs(1572,75): error CS0103: The name 'CmbCartridgeModel' does not exist in the current context [C:\Users\russel.mercado\source\repos\Yakult-System-New\Yakult.Inventory.App\Yakult.Inventory.App.csproj]
C:\Users\russel.mercado\source\repos\Yakult-System-New\Yakult.Inventory.App\Pages\Item\BatchAddItemDialog.xaml.cs(1574,17): error CS0103: The name 'CmbCartridgeModel' does not exist in the current context [C:\Users\russel.mercado\source\repos\Yakult-System-New\Yakult.Inventory.App\Yakult.Inventory.App.csproj]
C:\Users\russel.mercado\source\repos\Yakult-System-New\Yakult.Inventory.App\Pages\Item\BatchAddItemDialog.xaml.cs(1577,32): error CS0103: The name 'CmbCartridgeOrigin' does not exist in the current context [C:\Users\russel.mercado\source\repos\Yakult-System-New\Yakult.Inventory.App\Yakult.Inventory.App.csproj]
C:\Users\russel.mercado\source\repos\Yakult-System-New\Yakult.Inventory.App\Pages\Item\BatchAddItemDialog.xaml.cs(1579,17): error CS0103: The name 'CmbCartridgeOrigin' does not exist in the current context [C:\Users\russel.mercado\source\repos\Yakult-System-New\Yakult.Inventory.App\Yakult.Inventory.App.csproj]
C:\Users\russel.mercado\source\repos\Yakult-System-New\Yakult.Inventory.App\Pages\Item\BatchAddItemDialog.xaml.cs(1582,17): error CS0103: The name 'CmbCondition' does not exist in the current context [C:\Users\russel.mercado\source\repos\Yakult-System-New\Yakult.Inventory.App\Yakult.Inventory.App.csproj]
C:\Users\russel.mercado\source\repos\Yakult-System-New\Yakult.Inventory.App\Pages\Item\BatchAddItemDialog.xaml.cs(1584,17): error CS0103: The name 'CmbCondition' does not exist in the current context [C:\Users\russel.mercado\source\repos\Yakult-System-New\Yakult.Inventory.App\Yakult.Inventory.App.csproj]
C:\Users\russel.mercado\source\repos\Yakult-System-New\Yakult.Inventory.App\Pages\Item\BatchAddItemDialog.xaml.cs(1615,30): error CS0103: The name 'TxtSerialNumbers' does not exist in the current context [C:\Users\russel.mercado\source\repos\Yakult-System-New\Yakult.Inventory.App\Yakult.Inventory.App.csproj]
C:\Users\russel.mercado\source\repos\Yakult-System-New\Yakult.Inventory.App\Pages\Item\BatchAddItemDialog.xaml.cs(1625,31): error CS0103: The name 'TxtQuantity' does not exist in the current context [C:\Users\russel.mercado\source\repos\Yakult-System-New\Yakult.Inventory.App\Yakult.Inventory.App.csproj]
C:\Users\russel.mercado\source\repos\Yakult-System-New\Yakult.Inventory.App\Pages\Item\BatchAddItemDialog.xaml.cs(1627,17): error CS0103: The name 'TxtQuantity' does not exist in the current context [C:\Users\russel.mercado\source\repos\Yakult-System-New\Yakult.Inventory.App\Yakult.Inventory.App.csproj]
C:\Users\russel.mercado\source\repos\Yakult-System-New\Yakult.Inventory.App\Pages\Item\MarkActionDialog.xaml.cs(30,63): error CS0103: The name 'TxtReason' does not exist in the current context [C:\Users\russel.mercado\source\repos\Yakult-System-New\Yakult.Inventory.App\Yakult.Inventory.App.csproj]
C:\Users\russel.mercado\source\repos\Yakult-System-New\Yakult.Inventory.App\Pages\Item\MarkActionDialog.xaml.cs(30,89): error CS0103: The name 'TxtReason' does not exist in the current context [C:\Users\russel.mercado\source\repos\Yakult-System-New\Yakult.Inventory.App\Yakult.Inventory.App.csproj]
C:\Users\russel.mercado\source\repos\Yakult-System-New\Yakult.Inventory.App\Pages\Item\MarkActionDialog.xaml.cs(31,42): error CS0103: The name 'ChkReplacement' does not exist in the current context [C:\Users\russel.mercado\source\repos\Yakult-System-New\Yakult.Inventory.App\Yakult.Inventory.App.csproj]
C:\Users\russel.mercado\source\repos\Yakult-System-New\Yakult.Inventory.App\Pages\Item\MarkActionDialog.xaml.cs(31,68): error CS0103: The name 'ChkReplacement' does not exist in the current context [C:\Users\russel.mercado\source\repos\Yakult-System-New\Yakult.Inventory.App\Yakult.Inventory.App.csproj]
C:\Users\russel.mercado\source\repos\Yakult-System-New\Yakult.Inventory.App\Pages\Item\MarkActionDialog.xaml.cs(37,34): error CS0103: The name 'TxtTicketId' does not exist in the current context [C:\Users\russel.mercado\source\repos\Yakult-System-New\Yakult.Inventory.App\Yakult.Inventory.App.csproj]
C:\Users\russel.mercado\source\repos\Yakult-System-New\Yakult.Inventory.App\Pages\Item\MarkActionDialog.xaml.cs(41,62): error CS0103: The name 'CmbResolveStatus' does not exist in the current context [C:\Users\russel.mercado\source\repos\Yakult-System-New\Yakult.Inventory.App\Yakult.Inventory.App.csproj]
C:\Users\russel.mercado\source\repos\Yakult-System-New\Yakult.Inventory.App\Pages\Item\MarkActionDialog.xaml.cs(42,68): error CS0103: The name 'TxtTicketNote' does not exist in the current context [C:\Users\russel.mercado\source\repos\Yakult-System-New\Yakult.Inventory.App\Yakult.Inventory.App.csproj]
C:\Users\russel.mercado\source\repos\Yakult-System-New\Yakult.Inventory.App\Pages\Item\MarkActionDialog.xaml.cs(42,98): error CS0103: The name 'TxtTicketNote' does not exist in the current context [C:\Users\russel.mercado\source\repos\Yakult-System-New\Yakult.Inventory.App\Yakult.Inventory.App.csproj]
C:\Users\russel.mercado\source\repos\Yakult-System-New\Yakult.Inventory.App\Pages\Item\EditItemDialog.xaml.cs(1033,27): error CS0103: The name 'TxtModelNumber' does not exist in the current context [C:\Users\russel.mercado\source\repos\Yakult-System-New\Yakult.Inventory.App\Yakult.Inventory.App.csproj]
C:\Users\russel.mercado\source\repos\Yakult-System-New\Yakult.Inventory.App\Pages\Item\MarkActionDialog.xaml.cs(56,56): error CS0103: The name 'TxtRemark' does not exist in the current context [C:\Users\russel.mercado\source\repos\Yakult-System-New\Yakult.Inventory.App\Yakult.Inventory.App.csproj]
C:\Users\russel.mercado\source\repos\Yakult-System-New\Yakult.Inventory.App\Pages\Item\MarkActionDialog.xaml.cs(56,82): error CS0103: The name 'TxtRemark' does not exist in the current context [C:\Users\russel.mercado\source\repos\Yakult-System-New\Yakult.Inventory.App\Yakult.Inventory.App.csproj]
C:\Users\russel.mercado\source\repos\Yakult-System-New\Yakult.Inventory.App\Pages\Item\MarkActionDialog.xaml.cs(57,48): error CS1503: Argument 1: cannot convert from 'System.ReadOnlySpan<char>' to 'string' [C:\Users\russel.mercado\source\repos\Yakult-System-New\Yakult.Inventory.App\Yakult.Inventory.App.csproj]
C:\Users\russel.mercado\source\repos\Yakult-System-New\Yakult.Inventory.App\Pages\Item\MarkActionDialog.xaml.cs(57,67): error CS0019: Operator '+' cannot be applied to operands of type 'string' and 'ReadOnlySpan<char>' [C:\Users\russel.mercado\source\repos\Yakult-System-New\Yakult.Inventory.App\Yakult.Inventory.App.csproj]
C:\Users\russel.mercado\source\repos\Yakult-System-New\Yakult.Inventory.App\Pages\Item\EditItemDialog.xaml.cs(1140,60): error CS0103: The name 'CmbCategory' does not exist in the current context [C:\Users\russel.mercado\source\repos\Yakult-System-New\Yakult.Inventory.App\Yakult.Inventory.App.csproj]
C:\Users\russel.mercado\source\repos\Yakult-System-New\Yakult.Inventory.App\Pages\Item\EditItemDialog.xaml.cs(1166,27): error CS0103: The name 'TxtModelNumber' does not exist in the current context [C:\Users\russel.mercado\source\repos\Yakult-System-New\Yakult.Inventory.App\Yakult.Inventory.App.csproj]
C:\Users\russel.mercado\source\repos\Yakult-System-New\Yakult.Inventory.App\Pages\Item\MarkActionDialog.xaml.cs(102,13): error CS0103: The name 'InitializeComponent' does not exist in the current context [C:\Users\russel.mercado\source\repos\Yakult-System-New\Yakult.Inventory.App\Yakult.Inventory.App.csproj]
C:\Users\russel.mercado\source\repos\Yakult-System-New\Yakult.Inventory.App\Pages\Item\EditItemDialog.xaml.cs(1259,36): error CS0103: The name 'CmbCategory' does not exist in the current context [C:\Users\russel.mercado\source\repos\Yakult-System-New\Yakult.Inventory.App\Yakult.Inventory.App.csproj]
C:\Users\russel.mercado\source\repos\Yakult-System-New\Yakult.Inventory.App\Pages\Item\EditItemDialog.xaml.cs(1263,13): error CS0103: The name 'RowCartridgeModel' does not exist in the current context [C:\Users\russel.mercado\source\repos\Yakult-System-New\Yakult.Inventory.App\Yakult.Inventory.App.csproj]
C:\Users\russel.mercado\source\repos\Yakult-System-New\Yakult.Inventory.App\Pages\Item\EditItemDialog.xaml.cs(1264,13): error CS0103: The name 'RowCartridgeOrigin' does not exist in the current context [C:\Users\russel.mercado\source\repos\Yakult-System-New\Yakult.Inventory.App\Yakult.Inventory.App.csproj]
C:\Users\russel.mercado\source\repos\Yakult-System-New\Yakult.Inventory.App\Pages\Item\EditItemDialog.xaml.cs(1266,32): error CS0103: The name 'CmbCartridgeModel' does not exist in the current context [C:\Users\russel.mercado\source\repos\Yakult-System-New\Yakult.Inventory.App\Yakult.Inventory.App.csproj]
C:\Users\russel.mercado\source\repos\Yakult-System-New\Yakult.Inventory.App\Pages\Item\EditItemDialog.xaml.cs(1270,13): error CS0103: The name 'RowConsumableModel' does not exist in the current context [C:\Users\russel.mercado\source\repos\Yakult-System-New\Yakult.Inventory.App\Yakult.Inventory.App.csproj]
C:\Users\russel.mercado\source\repos\Yakult-System-New\Yakult.Inventory.App\Pages\Item\EditItemDialog.xaml.cs(1276,13): error CS0103: The name 'RowCellPhoneNumber' does not exist in the current context [C:\Users\russel.mercado\source\repos\Yakult-System-New\Yakult.Inventory.App\Yakult.Inventory.App.csproj]
C:\Users\russel.mercado\source\repos\Yakult-System-New\Yakult.Inventory.App\Pages\Item\EditItemDialog.xaml.cs(1277,13): error CS0103: The name 'RowImei1' does not exist in the current context [C:\Users\russel.mercado\source\repos\Yakult-System-New\Yakult.Inventory.App\Yakult.Inventory.App.csproj]
C:\Users\russel.mercado\source\repos\Yakult-System-New\Yakult.Inventory.App\Pages\Item\EditItemDialog.xaml.cs(1278,13): error CS0103: The name 'RowImei2' does not exist in the current context [C:\Users\russel.mercado\source\repos\Yakult-System-New\Yakult.Inventory.App\Yakult.Inventory.App.csproj]
C:\Users\russel.mercado\source\repos\Yakult-System-New\Yakult.Inventory.App\Pages\Item\EditItemDialog.xaml.cs(1283,39): error CS0103: The name 'CmbItemType' does not exist in the current context [C:\Users\russel.mercado\source\repos\Yakult-System-New\Yakult.Inventory.App\Yakult.Inventory.App.csproj]
C:\Users\russel.mercado\source\repos\Yakult-System-New\Yakult.Inventory.App\Pages\Item\EditItemDialog.xaml.cs(1285,13): error CS0103: The name 'RowLicenseNumber' does not exist in the current context [C:\Users\russel.mercado\source\repos\Yakult-System-New\Yakult.Inventory.App\Yakult.Inventory.App.csproj]
C:\Users\russel.mercado\source\repos\Yakult-System-New\Yakult.Inventory.App\Pages\Item\EditItemDialog.xaml.cs(1290,13): error CS0103: The name 'RowServiceContractToggle' does not exist in the current context [C:\Users\russel.mercado\source\repos\Yakult-System-New\Yakult.Inventory.App\Yakult.Inventory.App.csproj]
C:\Users\russel.mercado\source\repos\Yakult-System-New\Yakult.Inventory.App\Pages\Item\EditItemDialog.xaml.cs(1292,17): error CS0103: The name 'ChkServiceContractDates' does not exist in the current context [C:\Users\russel.mercado\source\repos\Yakult-System-New\Yakult.Inventory.App\Yakult.Inventory.App.csproj]
C:\Users\russel.mercado\source\repos\Yakult-System-New\Yakult.Inventory.App\Pages\Item\EditItemDialog.xaml.cs(1295,33): error CS0103: The name 'CmbUnitOfMeasure' does not exist in the current context [C:\Users\russel.mercado\source\repos\Yakult-System-New\Yakult.Inventory.App\Yakult.Inventory.App.csproj]
C:\Users\russel.mercado\source\repos\Yakult-System-New\Yakult.Inventory.App\Pages\Item\EditItemDialog.xaml.cs(1296,13): error CS0103: The name 'CmbUnitOfMeasure' does not exist in the current context [C:\Users\russel.mercado\source\repos\Yakult-System-New\Yakult.Inventory.App\Yakult.Inventory.App.csproj]
C:\Users\russel.mercado\source\repos\Yakult-System-New\Yakult.Inventory.App\Pages\Item\EditItemDialog.xaml.cs(1299,17): error CS0103: The name 'CmbUnitOfMeasure' does not exist in the current context [C:\Users\russel.mercado\source\repos\Yakult-System-New\Yakult.Inventory.App\Yakult.Inventory.App.csproj]
C:\Users\russel.mercado\source\repos\Yakult-System-New\Yakult.Inventory.App\Pages\Item\EditItemDialog.xaml.cs(1300,17): error CS0103: The name 'CmbUnitOfMeasure' does not exist in the current context [C:\Users\russel.mercado\source\repos\Yakult-System-New\Yakult.Inventory.App\Yakult.Inventory.App.csproj]
C:\Users\russel.mercado\source\repos\Yakult-System-New\Yakult.Inventory.App\Pages\Item\EditItemDialog.xaml.cs(1301,17): error CS0103: The name 'CmbUnitOfMeasure' does not exist in the current context [C:\Users\russel.mercado\source\repos\Yakult-System-New\Yakult.Inventory.App\Yakult.Inventory.App.csproj]
C:\Users\russel.mercado\source\repos\Yakult-System-New\Yakult.Inventory.App\Pages\Item\EditItemDialog.xaml.cs(1305,17): error CS0103: The name 'CmbUnitOfMeasure' does not exist in the current context [C:\Users\russel.mercado\source\repos\Yakult-System-New\Yakult.Inventory.App\Yakult.Inventory.App.csproj]
C:\Users\russel.mercado\source\repos\Yakult-System-New\Yakult.Inventory.App\Pages\Item\EditItemDialog.xaml.cs(1306,17): error CS0103: The name 'CmbUnitOfMeasure' does not exist in the current context [C:\Users\russel.mercado\source\repos\Yakult-System-New\Yakult.Inventory.App\Yakult.Inventory.App.csproj]
C:\Users\russel.mercado\source\repos\Yakult-System-New\Yakult.Inventory.App\Pages\Item\EditItemDialog.xaml.cs(1307,17): error CS0103: The name 'CmbUnitOfMeasure' does not exist in the current context [C:\Users\russel.mercado\source\repos\Yakult-System-New\Yakult.Inventory.App\Yakult.Inventory.App.csproj]
C:\Users\russel.mercado\source\repos\Yakult-System-New\Yakult.Inventory.App\Pages\Item\EditItemDialog.xaml.cs(1308,17): error CS0103: The name 'CmbUnitOfMeasure' does not exist in the current context [C:\Users\russel.mercado\source\repos\Yakult-System-New\Yakult.Inventory.App\Yakult.Inventory.App.csproj]
C:\Users\russel.mercado\source\repos\Yakult-System-New\Yakult.Inventory.App\Pages\Item\EditItemDialog.xaml.cs(1309,17): error CS0103: The name 'CmbUnitOfMeasure' does not exist in the current context [C:\Users\russel.mercado\source\repos\Yakult-System-New\Yakult.Inventory.App\Yakult.Inventory.App.csproj]
C:\Users\russel.mercado\source\repos\Yakult-System-New\Yakult.Inventory.App\Pages\Item\EditItemDialog.xaml.cs(1311,13): error CS0103: The name 'CmbUnitOfMeasure' does not exist in the current context [C:\Users\russel.mercado\source\repos\Yakult-System-New\Yakult.Inventory.App\Yakult.Inventory.App.csproj]
C:\Users\russel.mercado\source\repos\Yakult-System-New\Yakult.Inventory.App\Pages\Item\BatchAddItemDialog.xaml.cs(1744,31): error CS0103: The name 'CmbCategory' does not exist in the current context [C:\Users\russel.mercado\source\repos\Yakult-System-New\Yakult.Inventory.App\Yakult.Inventory.App.csproj]
C:\Users\russel.mercado\source\repos\Yakult-System-New\Yakult.Inventory.App\Pages\Item\BatchAddItemDialog.xaml.cs(1745,45): error CS0103: The name 'CmbCategory' does not exist in the current context [C:\Users\russel.mercado\source\repos\Yakult-System-New\Yakult.Inventory.App\Yakult.Inventory.App.csproj]
C:\Users\russel.mercado\source\repos\Yakult-System-New\Yakult.Inventory.App\Pages\Item\BatchAddItemDialog.xaml.cs(1749,50): error CS0103: The name 'CmbCartridgeModel' does not exist in the current context [C:\Users\russel.mercado\source\repos\Yakult-System-New\Yakult.Inventory.App\Yakult.Inventory.App.csproj]
C:\Users\russel.mercado\source\repos\Yakult-System-New\Yakult.Inventory.App\Pages\Item\BatchAddItemDialog.xaml.cs(1754,30): error CS0103: The name 'CmbCartridgeOrigin' does not exist in the current context [C:\Users\russel.mercado\source\repos\Yakult-System-New\Yakult.Inventory.App\Yakult.Inventory.App.csproj]
C:\Users\russel.mercado\source\repos\Yakult-System-New\Yakult.Inventory.App\Pages\Item\BatchAddItemDialog.xaml.cs(1761,38): error CS0103: The name 'CmbConsumableModel' does not exist in the current context [C:\Users\russel.mercado\source\repos\Yakult-System-New\Yakult.Inventory.App\Yakult.Inventory.App.csproj]
C:\Users\russel.mercado\source\repos\Yakult-System-New\Yakult.Inventory.App\Pages\Item\BatchAddItemDialog.xaml.cs(1763,27): error CS0103: The name 'CmbSubType' does not exist in the current context [C:\Users\russel.mercado\source\repos\Yakult-System-New\Yakult.Inventory.App\Yakult.Inventory.App.csproj]
C:\Users\russel.mercado\source\repos\Yakult-System-New\Yakult.Inventory.App\Pages\Item\BatchAddItemDialog.xaml.cs(1764,33): error CS0103: The name 'CmbItemType' does not exist in the current context [C:\Users\russel.mercado\source\repos\Yakult-System-New\Yakult.Inventory.App\Yakult.Inventory.App.csproj]
C:\Users\russel.mercado\source\repos\Yakult-System-New\Yakult.Inventory.App\Pages\Item\BatchAddItemDialog.xaml.cs(1769,30): error CS0103: The name 'TxtAmount' does not exist in the current context [C:\Users\russel.mercado\source\repos\Yakult-System-New\Yakult.Inventory.App\Yakult.Inventory.App.csproj]
C:\Users\russel.mercado\source\repos\Yakult-System-New\Yakult.Inventory.App\Pages\Item\BatchAddItemDialog.xaml.cs(1770,34): error CS0103: The name 'CmbVendor' does not exist in the current context [C:\Users\russel.mercado\source\repos\Yakult-System-New\Yakult.Inventory.App\Yakult.Inventory.App.csproj]
C:\Users\russel.mercado\source\repos\Yakult-System-New\Yakult.Inventory.App\Pages\Item\BatchAddItemDialog.xaml.cs(1771,26): error CS0103: The name 'TxtWarrantyYears' does not exist in the current context [C:\Users\russel.mercado\source\repos\Yakult-System-New\Yakult.Inventory.App\Yakult.Inventory.App.csproj]
C:\Users\russel.mercado\source\repos\Yakult-System-New\Yakult.Inventory.App\Pages\Item\BatchAddItemDialog.xaml.cs(1772,80): error CS0103: The name 'ChkServiceContractDates' does not exist in the current context [C:\Users\russel.mercado\source\repos\Yakult-System-New\Yakult.Inventory.App\Yakult.Inventory.App.csproj]
C:\Users\russel.mercado\source\repos\Yakult-System-New\Yakult.Inventory.App\Pages\Item\BatchAddItemDialog.xaml.cs(1776,37): error CS0103: The name 'TxtItemName' does not exist in the current context [C:\Users\russel.mercado\source\repos\Yakult-System-New\Yakult.Inventory.App\Yakult.Inventory.App.csproj]
C:\Users\russel.mercado\source\repos\Yakult-System-New\Yakult.Inventory.App\Pages\Item\BatchAddItemDialog.xaml.cs(1777,63): error CS0103: The name 'TxtDescription' does not exist in the current context [C:\Users\russel.mercado\source\repos\Yakult-System-New\Yakult.Inventory.App\Yakult.Inventory.App.csproj]
C:\Users\russel.mercado\source\repos\Yakult-System-New\Yakult.Inventory.App\Pages\Item\BatchAddItemDialog.xaml.cs(1777,93): error CS0103: The name 'TxtDescription' does not exist in the current context [C:\Users\russel.mercado\source\repos\Yakult-System-New\Yakult.Inventory.App\Yakult.Inventory.App.csproj]
C:\Users\russel.mercado\source\repos\Yakult-System-New\Yakult.Inventory.App\Pages\Item\BatchAddItemDialog.xaml.cs(1778,37): error CS0103: The name 'TxtModelNumber' does not exist in the current context [C:\Users\russel.mercado\source\repos\Yakult-System-New\Yakult.Inventory.App\Yakult.Inventory.App.csproj]
C:\Users\russel.mercado\source\repos\Yakult-System-New\Yakult.Inventory.App\Pages\Item\BatchAddItemDialog.xaml.cs(1784,37): error CS0103: The name 'CmbUnitOfMeasure' does not exist in the current context [C:\Users\russel.mercado\source\repos\Yakult-System-New\Yakult.Inventory.App\Yakult.Inventory.App.csproj]
C:\Users\russel.mercado\source\repos\Yakult-System-New\Yakult.Inventory.App\Pages\Item\BatchAddItemDialog.xaml.cs(1789,37): error CS0103: The name 'ChkIsTrackedAsset' does not exist in the current context [C:\Users\russel.mercado\source\repos\Yakult-System-New\Yakult.Inventory.App\Yakult.Inventory.App.csproj]
C:\Users\russel.mercado\source\repos\Yakult-System-New\Yakult.Inventory.App\Pages\Item\BatchAddItemDialog.xaml.cs(1790,37): error CS0103: The name 'ChkIsBorrowable' does not exist in the current context [C:\Users\russel.mercado\source\repos\Yakult-System-New\Yakult.Inventory.App\Yakult.Inventory.App.csproj]
C:\Users\russel.mercado\source\repos\Yakult-System-New\Yakult.Inventory.App\Pages\Item\BatchAddItemDialog.xaml.cs(1794,38): error CS0103: The name 'CmbCondition' does not exist in the current context [C:\Users\russel.mercado\source\repos\Yakult-System-New\Yakult.Inventory.App\Yakult.Inventory.App.csproj]
C:\Users\russel.mercado\source\repos\Yakult-System-New\Yakult.Inventory.App\Pages\Item\BatchAddItemDialog.xaml.cs(1795,38): error CS0103: The name 'CmbCondition' does not exist in the current context [C:\Users\russel.mercado\source\repos\Yakult-System-New\Yakult.Inventory.App\Yakult.Inventory.App.csproj]
C:\Users\russel.mercado\source\repos\Yakult-System-New\Yakult.Inventory.App\Pages\Item\BatchAddItemDialog.xaml.cs(1796,63): error CS0103: The name 'TxtRemarks' does not exist in the current context [C:\Users\russel.mercado\source\repos\Yakult-System-New\Yakult.Inventory.App\Yakult.Inventory.App.csproj]
C:\Users\russel.mercado\source\repos\Yakult-System-New\Yakult.Inventory.App\Pages\Item\BatchAddItemDialog.xaml.cs(1796,89): error CS0103: The name 'TxtRemarks' does not exist in the current context [C:\Users\russel.mercado\source\repos\Yakult-System-New\Yakult.Inventory.App\Yakult.Inventory.App.csproj]
C:\Users\russel.mercado\source\repos\Yakult-System-New\Yakult.Inventory.App\Pages\Item\BatchAddItemDialog.xaml.cs(1797,63): error CS0103: The name 'TxtPartNumber' does not exist in the current context [C:\Users\russel.mercado\source\repos\Yakult-System-New\Yakult.Inventory.App\Yakult.Inventory.App.csproj]
C:\Users\russel.mercado\source\repos\Yakult-System-New\Yakult.Inventory.App\Pages\Item\BatchAddItemDialog.xaml.cs(1797,92): error CS0103: The name 'TxtPartNumber' does not exist in the current context [C:\Users\russel.mercado\source\repos\Yakult-System-New\Yakult.Inventory.App\Yakult.Inventory.App.csproj]
C:\Users\russel.mercado\source\repos\Yakult-System-New\Yakult.Inventory.App\Pages\Item\BatchAddItemDialog.xaml.cs(1802,42): error CS0103: The name 'ChkWarrantyStart' does not exist in the current context [C:\Users\russel.mercado\source\repos\Yakult-System-New\Yakult.Inventory.App\Yakult.Inventory.App.csproj]
C:\Users\russel.mercado\source\repos\Yakult-System-New\Yakult.Inventory.App\Pages\Item\BatchAddItemDialog.xaml.cs(1802,80): error CS0103: The name 'DpWarrantyStart' does not exist in the current context [C:\Users\russel.mercado\source\repos\Yakult-System-New\Yakult.Inventory.App\Yakult.Inventory.App.csproj]
C:\Users\russel.mercado\source\repos\Yakult-System-New\Yakult.Inventory.App\Pages\Item\BatchAddItemDialog.xaml.cs(1803,42): error CS0103: The name 'ChkWarrantyEnd' does not exist in the current context [C:\Users\russel.mercado\source\repos\Yakult-System-New\Yakult.Inventory.App\Yakult.Inventory.App.csproj]
C:\Users\russel.mercado\source\repos\Yakult-System-New\Yakult.Inventory.App\Pages\Item\BatchAddItemDialog.xaml.cs(1803,78): error CS0103: The name 'DpWarrantyEnd' does not exist in the current context [C:\Users\russel.mercado\source\repos\Yakult-System-New\Yakult.Inventory.App\Yakult.Inventory.App.csproj]
C:\Users\russel.mercado\source\repos\Yakult-System-New\Yakult.Inventory.App\Pages\Item\BatchAddItemDialog.xaml.cs(1804,38): error CS0103: The name 'ChkDatePurchased' does not exist in the current context [C:\Users\russel.mercado\source\repos\Yakult-System-New\Yakult.Inventory.App\Yakult.Inventory.App.csproj]
C:\Users\russel.mercado\source\repos\Yakult-System-New\Yakult.Inventory.App\Pages\Item\BatchAddItemDialog.xaml.cs(1804,76): error CS0103: The name 'DpDatePurchased' does not exist in the current context [C:\Users\russel.mercado\source\repos\Yakult-System-New\Yakult.Inventory.App\Yakult.Inventory.App.csproj]
C:\Users\russel.mercado\source\repos\Yakult-System-New\Yakult.Inventory.App\Pages\Item\BatchAddItemDialog.xaml.cs(1805,63): error CS0103: The name 'TxtLicenseNumber' does not exist in the current context [C:\Users\russel.mercado\source\repos\Yakult-System-New\Yakult.Inventory.App\Yakult.Inventory.App.csproj]
C:\Users\russel.mercado\source\repos\Yakult-System-New\Yakult.Inventory.App\Pages\Item\BatchAddItemDialog.xaml.cs(1805,95): error CS0103: The name 'TxtLicenseNumber' does not exist in the current context [C:\Users\russel.mercado\source\repos\Yakult-System-New\Yakult.Inventory.App\Yakult.Inventory.App.csproj]
C:\Users\russel.mercado\source\repos\Yakult-System-New\Yakult.Inventory.App\Pages\Item\BatchAddItemDialog.xaml.cs(1806,56): error CS0103: The name 'DpStartDate' does not exist in the current context [C:\Users\russel.mercado\source\repos\Yakult-System-New\Yakult.Inventory.App\Yakult.Inventory.App.csproj]
C:\Users\russel.mercado\source\repos\Yakult-System-New\Yakult.Inventory.App\Pages\Item\BatchAddItemDialog.xaml.cs(1807,56): error CS0103: The name 'DpEndDate' does not exist in the current context [C:\Users\russel.mercado\source\repos\Yakult-System-New\Yakult.Inventory.App\Yakult.Inventory.App.csproj]
C:\Users\russel.mercado\source\repos\Yakult-System-New\Yakult.Inventory.App\Pages\Item\MarkActionDialog.xaml.cs(122,17): error CS0103: The name 'HeaderBar' does not exist in the current context [C:\Users\russel.mercado\source\repos\Yakult-System-New\Yakult.Inventory.App\Yakult.Inventory.App.csproj]
C:\Users\russel.mercado\source\repos\Yakult-System-New\Yakult.Inventory.App\Pages\Item\MarkActionDialog.xaml.cs(123,17): error CS0103: The name 'TxtTitle' does not exist in the current context [C:\Users\russel.mercado\source\repos\Yakult-System-New\Yakult.Inventory.App\Yakult.Inventory.App.csproj]
C:\Users\russel.mercado\source\repos\Yakult-System-New\Yakult.Inventory.App\Pages\Item\MarkActionDialog.xaml.cs(124,17): error CS0103: The name 'TxtOkLabel' does not exist in the current context [C:\Users\russel.mercado\source\repos\Yakult-System-New\Yakult.Inventory.App\Yakult.Inventory.App.csproj]
C:\Users\russel.mercado\source\repos\Yakult-System-New\Yakult.Inventory.App\Pages\Item\MarkActionDialog.xaml.cs(125,17): error CS0103: The name 'BtnOk' does not exist in the current context [C:\Users\russel.mercado\source\repos\Yakult-System-New\Yakult.Inventory.App\Yakult.Inventory.App.csproj]
C:\Users\russel.mercado\source\repos\Yakult-System-New\Yakult.Inventory.App\Pages\Item\MarkActionDialog.xaml.cs(133,21): error CS0103: The name 'BulkBanner' does not exist in the current context [C:\Users\russel.mercado\source\repos\Yakult-System-New\Yakult.Inventory.App\Yakult.Inventory.App.csproj]
C:\Users\russel.mercado\source\repos\Yakult-System-New\Yakult.Inventory.App\Pages\Item\MarkActionDialog.xaml.cs(134,21): error CS0103: The name 'TxtBulkBanner' does not exist in the current context [C:\Users\russel.mercado\source\repos\Yakult-System-New\Yakult.Inventory.App\Yakult.Inventory.App.csproj]
C:\Users\russel.mercado\source\repos\Yakult-System-New\Yakult.Inventory.App\Pages\Item\MarkActionDialog.xaml.cs(135,21): error CS0103: The name 'TxtSubtitle' does not exist in the current context [C:\Users\russel.mercado\source\repos\Yakult-System-New\Yakult.Inventory.App\Yakult.Inventory.App.csproj]
C:\Users\russel.mercado\source\repos\Yakult-System-New\Yakult.Inventory.App\Pages\Item\MarkActionDialog.xaml.cs(136,21): error CS0103: The name 'TxtSelectedHeader' does not exist in the current context [C:\Users\russel.mercado\source\repos\Yakult-System-New\Yakult.Inventory.App\Yakult.Inventory.App.csproj]
C:\Users\russel.mercado\source\repos\Yakult-System-New\Yakult.Inventory.App\Pages\Item\MarkActionDialog.xaml.cs(137,21): error CS0103: The name 'TxtSelectedCount' does not exist in the current context [C:\Users\russel.mercado\source\repos\Yakult-System-New\Yakult.Inventory.App\Yakult.Inventory.App.csproj]
C:\Users\russel.mercado\source\repos\Yakult-System-New\Yakult.Inventory.App\Pages\Item\MarkActionDialog.xaml.cs(138,21): error CS0103: The name 'TxtMoreHint' does not exist in the current context [C:\Users\russel.mercado\source\repos\Yakult-System-New\Yakult.Inventory.App\Yakult.Inventory.App.csproj]
C:\Users\russel.mercado\source\repos\Yakult-System-New\Yakult.Inventory.App\Pages\Item\MarkActionDialog.xaml.cs(142,21): error CS0103: The name 'BulkBanner' does not exist in the current context [C:\Users\russel.mercado\source\repos\Yakult-System-New\Yakult.Inventory.App\Yakult.Inventory.App.csproj]
C:\Users\russel.mercado\source\repos\Yakult-System-New\Yakult.Inventory.App\Pages\Item\MarkActionDialog.xaml.cs(146,21): error CS0103: The name 'TxtSubtitle' does not exist in the current context [C:\Users\russel.mercado\source\repos\Yakult-System-New\Yakult.Inventory.App\Yakult.Inventory.App.csproj]
C:\Users\russel.mercado\source\repos\Yakult-System-New\Yakult.Inventory.App\Pages\Item\MarkActionDialog.xaml.cs(147,21): error CS0103: The name 'TxtSelectedHeader' does not exist in the current context [C:\Users\russel.mercado\source\repos\Yakult-System-New\Yakult.Inventory.App\Yakult.Inventory.App.csproj]
C:\Users\russel.mercado\source\repos\Yakult-System-New\Yakult.Inventory.App\Pages\Item\MarkActionDialog.xaml.cs(148,21): error CS0103: The name 'TxtSelectedCount' does not exist in the current context [C:\Users\russel.mercado\source\repos\Yakult-System-New\Yakult.Inventory.App\Yakult.Inventory.App.csproj]
C:\Users\russel.mercado\source\repos\Yakult-System-New\Yakult.Inventory.App\Pages\Item\MarkActionDialog.xaml.cs(149,21): error CS0103: The name 'TxtMoreHint' does not exist in the current context [C:\Users\russel.mercado\source\repos\Yakult-System-New\Yakult.Inventory.App\Yakult.Inventory.App.csproj]
C:\Users\russel.mercado\source\repos\Yakult-System-New\Yakult.Inventory.App\Pages\Item\MarkActionDialog.xaml.cs(155,21): error CS0103: The name 'SelectedItemsGrid' does not exist in the current context [C:\Users\russel.mercado\source\repos\Yakult-System-New\Yakult.Inventory.App\Yakult.Inventory.App.csproj]
C:\Users\russel.mercado\source\repos\Yakult-System-New\Yakult.Inventory.App\Pages\Item\MarkActionDialog.xaml.cs(156,21): error CS0103: The name 'SelectedItemsGrid' does not exist in the current context [C:\Users\russel.mercado\source\repos\Yakult-System-New\Yakult.Inventory.App\Yakult.Inventory.App.csproj]
C:\Users\russel.mercado\source\repos\Yakult-System-New\Yakult.Inventory.App\Pages\Item\MarkActionDialog.xaml.cs(163,17): error CS0103: The name 'TxtReason' does not exist in the current context [C:\Users\russel.mercado\source\repos\Yakult-System-New\Yakult.Inventory.App\Yakult.Inventory.App.csproj]
C:\Users\russel.mercado\source\repos\Yakult-System-New\Yakult.Inventory.App\Pages\Item\EditItemDialog.xaml.cs(1323,39): error CS0103: The name 'CmbItemType' does not exist in the current context [C:\Users\russel.mercado\source\repos\Yakult-System-New\Yakult.Inventory.App\Yakult.Inventory.App.csproj]
C:\Users\russel.mercado\source\repos\Yakult-System-New\Yakult.Inventory.App\Pages\Item\EditItemDialog.xaml.cs(1327,90): error CS0103: The name 'ChkServiceContractDates' does not exist in the current context [C:\Users\russel.mercado\source\repos\Yakult-System-New\Yakult.Inventory.App\Yakult.Inventory.App.csproj]
C:\Users\russel.mercado\source\repos\Yakult-System-New\Yakult.Inventory.App\Pages\Item\EditItemDialog.xaml.cs(1329,13): error CS0103: The name 'LblStartDate' does not exist in the current context [C:\Users\russel.mercado\source\repos\Yakult-System-New\Yakult.Inventory.App\Yakult.Inventory.App.csproj]
C:\Users\russel.mercado\source\repos\Yakult-System-New\Yakult.Inventory.App\Pages\Item\EditItemDialog.xaml.cs(1331,13): error CS0103: The name 'DpStartDate' does not exist in the current context [C:\Users\russel.mercado\source\repos\Yakult-System-New\Yakult.Inventory.App\Yakult.Inventory.App.csproj]
C:\Users\russel.mercado\source\repos\Yakult-System-New\Yakult.Inventory.App\Pages\Item\EditItemDialog.xaml.cs(1332,13): error CS0103: The name 'RowSyncLinkedInvoiceDates' does not exist in the current context [C:\Users\russel.mercado\source\repos\Yakult-System-New\Yakult.Inventory.App\Yakult.Inventory.App.csproj]
C:\Users\russel.mercado\source\repos\Yakult-System-New\Yakult.Inventory.App\Pages\Item\EditItemDialog.xaml.cs(1339,17): error CS0103: The name 'ChkEndDate' does not exist in the current context [C:\Users\russel.mercado\source\repos\Yakult-System-New\Yakult.Inventory.App\Yakult.Inventory.App.csproj]
C:\Users\russel.mercado\source\repos\Yakult-System-New\Yakult.Inventory.App\Pages\Item\EditItemDialog.xaml.cs(1340,17): error CS0103: The name 'ChkEndDate' does not exist in the current context [C:\Users\russel.mercado\source\repos\Yakult-System-New\Yakult.Inventory.App\Yakult.Inventory.App.csproj]
C:\Users\russel.mercado\source\repos\Yakult-System-New\Yakult.Inventory.App\Pages\Item\EditItemDialog.xaml.cs(1342,17): error CS0103: The name 'DpStartDate' does not exist in the current context [C:\Users\russel.mercado\source\repos\Yakult-System-New\Yakult.Inventory.App\Yakult.Inventory.App.csproj]
C:\Users\russel.mercado\source\repos\Yakult-System-New\Yakult.Inventory.App\Pages\Item\EditItemDialog.xaml.cs(1343,17): error CS0103: The name 'DpEndDate' does not exist in the current context [C:\Users\russel.mercado\source\repos\Yakult-System-New\Yakult.Inventory.App\Yakult.Inventory.App.csproj]
C:\Users\russel.mercado\source\repos\Yakult-System-New\Yakult.Inventory.App\Pages\Item\EditItemDialog.xaml.cs(1344,17): error CS0103: The name 'DpStartDate' does not exist in the current context [C:\Users\russel.mercado\source\repos\Yakult-System-New\Yakult.Inventory.App\Yakult.Inventory.App.csproj]
C:\Users\russel.mercado\source\repos\Yakult-System-New\Yakult.Inventory.App\Pages\Item\EditItemDialog.xaml.cs(1345,17): error CS0103: The name 'DpEndDate' does not exist in the current context [C:\Users\russel.mercado\source\repos\Yakult-System-New\Yakult.Inventory.App\Yakult.Inventory.App.csproj]
C:\Users\russel.mercado\source\repos\Yakult-System-New\Yakult.Inventory.App\Pages\Item\EditItemDialog.xaml.cs(1351,17): error CS0103: The name 'ChkEndDate' does not exist in the current context [C:\Users\russel.mercado\source\repos\Yakult-System-New\Yakult.Inventory.App\Yakult.Inventory.App.csproj]
C:\Users\russel.mercado\source\repos\Yakult-System-New\Yakult.Inventory.App\Pages\Item\EditItemDialog.xaml.cs(1353,17): error CS0103: The name 'DpStartDate' does not exist in the current context [C:\Users\russel.mercado\source\repos\Yakult-System-New\Yakult.Inventory.App\Yakult.Inventory.App.csproj]
C:\Users\russel.mercado\source\repos\Yakult-System-New\Yakult.Inventory.App\Pages\Item\EditItemDialog.xaml.cs(1354,17): error CS0103: The name 'DpEndDate' does not exist in the current context [C:\Users\russel.mercado\source\repos\Yakult-System-New\Yakult.Inventory.App\Yakult.Inventory.App.csproj]
C:\Users\russel.mercado\source\repos\Yakult-System-New\Yakult.Inventory.App\Pages\Item\EditItemDialog.xaml.cs(1355,17): error CS0103: The name 'ChkSyncLinkedInvoiceDates' does not exist in the current context [C:\Users\russel.mercado\source\repos\Yakult-System-New\Yakult.Inventory.App\Yakult.Inventory.App.csproj]
C:\Users\russel.mercado\source\repos\Yakult-System-New\Yakult.Inventory.App\Pages\Item\EditItemDialog.xaml.cs(1366,17): error CS0103: The name 'DpStartDate' does not exist in the current context [C:\Users\russel.mercado\source\repos\Yakult-System-New\Yakult.Inventory.App\Yakult.Inventory.App.csproj]
C:\Users\russel.mercado\source\repos\Yakult-System-New\Yakult.Inventory.App\Pages\Item\EditItemDialog.xaml.cs(1367,17): error CS0103: The name 'DpEndDate' does not exist in the current context [C:\Users\russel.mercado\source\repos\Yakult-System-New\Yakult.Inventory.App\Yakult.Inventory.App.csproj]
C:\Users\russel.mercado\source\repos\Yakult-System-New\Yakult.Inventory.App\Pages\Item\EditItemDialog.xaml.cs(1367,51): error CS0103: The name 'DpEndDate' does not exist in the current context [C:\Users\russel.mercado\source\repos\Yakult-System-New\Yakult.Inventory.App\Yakult.Inventory.App.csproj]
C:\Users\russel.mercado\source\repos\Yakult-System-New\Yakult.Inventory.App\Pages\Item\EditItemDialog.xaml.cs(1367,77): error CS0103: The name 'DpStartDate' does not exist in the current context [C:\Users\russel.mercado\source\repos\Yakult-System-New\Yakult.Inventory.App\Yakult.Inventory.App.csproj]
C:\Users\russel.mercado\source\repos\Yakult-System-New\Yakult.Inventory.App\Pages\Item\EditItemDialog.xaml.cs(1368,17): error CS0103: The name 'DpEndDate' does not exist in the current context [C:\Users\russel.mercado\source\repos\Yakult-System-New\Yakult.Inventory.App\Yakult.Inventory.App.csproj]
C:\Users\russel.mercado\source\repos\Yakult-System-New\Yakult.Inventory.App\Pages\Item\EditItemDialog.xaml.cs(1368,42): error CS0103: The name 'DpStartDate' does not exist in the current context [C:\Users\russel.mercado\source\repos\Yakult-System-New\Yakult.Inventory.App\Yakult.Inventory.App.csproj]
C:\Users\russel.mercado\source\repos\Yakult-System-New\Yakult.Inventory.App\Pages\Item\BatchAddItemDialog.xaml.cs(1886,13): error CS0103: The name 'TxtItemName' does not exist in the current context [C:\Users\russel.mercado\source\repos\Yakult-System-New\Yakult.Inventory.App\Yakult.Inventory.App.csproj]
C:\Users\russel.mercado\source\repos\Yakult-System-New\Yakult.Inventory.App\Pages\Item\BatchAddItemDialog.xaml.cs(1887,13): error CS0103: The name 'TxtDescription' does not exist in the current context [C:\Users\russel.mercado\source\repos\Yakult-System-New\Yakult.Inventory.App\Yakult.Inventory.App.csproj]
C:\Users\russel.mercado\source\repos\Yakult-System-New\Yakult.Inventory.App\Pages\Item\BatchAddItemDialog.xaml.cs(1888,13): error CS0103: The name 'TxtModelNumber' does not exist in the current context [C:\Users\russel.mercado\source\repos\Yakult-System-New\Yakult.Inventory.App\Yakult.Inventory.App.csproj]
C:\Users\russel.mercado\source\repos\Yakult-System-New\Yakult.Inventory.App\Pages\Item\BatchAddItemDialog.xaml.cs(1889,13): error CS0103: The name 'TxtSerialNumbers' does not exist in the current context [C:\Users\russel.mercado\source\repos\Yakult-System-New\Yakult.Inventory.App\Yakult.Inventory.App.csproj]
C:\Users\russel.mercado\source\repos\Yakult-System-New\Yakult.Inventory.App\Pages\Item\BatchAddItemDialog.xaml.cs(1890,13): error CS0103: The name 'TxtQuantity' does not exist in the current context [C:\Users\russel.mercado\source\repos\Yakult-System-New\Yakult.Inventory.App\Yakult.Inventory.App.csproj]
C:\Users\russel.mercado\source\repos\Yakult-System-New\Yakult.Inventory.App\Pages\Item\BatchAddItemDialog.xaml.cs(1892,13): error CS0103: The name 'CmbCategory' does not exist in the current context [C:\Users\russel.mercado\source\repos\Yakult-System-New\Yakult.Inventory.App\Yakult.Inventory.App.csproj]
C:\Users\russel.mercado\source\repos\Yakult-System-New\Yakult.Inventory.App\Pages\Item\BatchAddItemDialog.xaml.cs(1893,13): error CS0103: The name 'CmbItemType' does not exist in the current context [C:\Users\russel.mercado\source\repos\Yakult-System-New\Yakult.Inventory.App\Yakult.Inventory.App.csproj]
C:\Users\russel.mercado\source\repos\Yakult-System-New\Yakult.Inventory.App\Pages\Item\BatchAddItemDialog.xaml.cs(1894,13): error CS0103: The name 'CmbSubType' does not exist in the current context [C:\Users\russel.mercado\source\repos\Yakult-System-New\Yakult.Inventory.App\Yakult.Inventory.App.csproj]
C:\Users\russel.mercado\source\repos\Yakult-System-New\Yakult.Inventory.App\Pages\Item\BatchAddItemDialog.xaml.cs(1899,13): error CS0103: The name 'RowCellPhoneEntries' does not exist in the current context [C:\Users\russel.mercado\source\repos\Yakult-System-New\Yakult.Inventory.App\Yakult.Inventory.App.csproj]
C:\Users\russel.mercado\source\repos\Yakult-System-New\Yakult.Inventory.App\Pages\Item\BatchAddItemDialog.xaml.cs(1900,13): error CS0103: The name 'RowQuantity' does not exist in the current context [C:\Users\russel.mercado\source\repos\Yakult-System-New\Yakult.Inventory.App\Yakult.Inventory.App.csproj]
C:\Users\russel.mercado\source\repos\Yakult-System-New\Yakult.Inventory.App\Pages\Item\BatchAddItemDialog.xaml.cs(1901,13): error CS0103: The name 'RowSerialNumbersEntry' does not exist in the current context [C:\Users\russel.mercado\source\repos\Yakult-System-New\Yakult.Inventory.App\Yakult.Inventory.App.csproj]
C:\Users\russel.mercado\source\repos\Yakult-System-New\Yakult.Inventory.App\Pages\Item\BatchAddItemDialog.xaml.cs(1902,13): error CS0103: The name 'RowPreviewSection' does not exist in the current context [C:\Users\russel.mercado\source\repos\Yakult-System-New\Yakult.Inventory.App\Yakult.Inventory.App.csproj]
C:\Users\russel.mercado\source\repos\Yakult-System-New\Yakult.Inventory.App\Pages\Item\BatchAddItemDialog.xaml.cs(1904,13): error CS0103: The name 'DpStartDate' does not exist in the current context [C:\Users\russel.mercado\source\repos\Yakult-System-New\Yakult.Inventory.App\Yakult.Inventory.App.csproj]
C:\Users\russel.mercado\source\repos\Yakult-System-New\Yakult.Inventory.App\Pages\Item\BatchAddItemDialog.xaml.cs(1905,13): error CS0103: The name 'DpEndDate' does not exist in the current context [C:\Users\russel.mercado\source\repos\Yakult-System-New\Yakult.Inventory.App\Yakult.Inventory.App.csproj]
C:\Users\russel.mercado\source\repos\Yakult-System-New\Yakult.Inventory.App\Pages\Item\BatchAddItemDialog.xaml.cs(1906,42): error CS0103: The name 'CmbItemType' does not exist in the current context [C:\Users\russel.mercado\source\repos\Yakult-System-New\Yakult.Inventory.App\Yakult.Inventory.App.csproj]
C:\Users\russel.mercado\source\repos\Yakult-System-New\Yakult.Inventory.App\Pages\Item\BatchAddItemDialog.xaml.cs(1908,17): error CS0103: The name 'CmbUnitOfMeasure' does not exist in the current context [C:\Users\russel.mercado\source\repos\Yakult-System-New\Yakult.Inventory.App\Yakult.Inventory.App.csproj]
C:\Users\russel.mercado\source\repos\Yakult-System-New\Yakult.Inventory.App\Pages\Item\BatchAddItemDialog.xaml.cs(1908,51): error CS0103: The name 'CmbUnitOfMeasure' does not exist in the current context [C:\Users\russel.mercado\source\repos\Yakult-System-New\Yakult.Inventory.App\Yakult.Inventory.App.csproj]
C:\Users\russel.mercado\source\repos\Yakult-System-New\Yakult.Inventory.App\Pages\Item\BatchAddItemDialog.xaml.cs(1909,13): error CS0103: The name 'TxtAmount' does not exist in the current context [C:\Users\russel.mercado\source\repos\Yakult-System-New\Yakult.Inventory.App\Yakult.Inventory.App.csproj]
C:\Users\russel.mercado\source\repos\Yakult-System-New\Yakult.Inventory.App\Pages\Item\BatchAddItemDialog.xaml.cs(1911,33): error CS0103: The name 'CmbCondition' does not exist in the current context [C:\Users\russel.mercado\source\repos\Yakult-System-New\Yakult.Inventory.App\Yakult.Inventory.App.csproj]
C:\Users\russel.mercado\source\repos\Yakult-System-New\Yakult.Inventory.App\Pages\Item\BatchAddItemDialog.xaml.cs(1913,21): error CS0103: The name 'CmbCondition' does not exist in the current context [C:\Users\russel.mercado\source\repos\Yakult-System-New\Yakult.Inventory.App\Yakult.Inventory.App.csproj]
C:\Users\russel.mercado\source\repos\Yakult-System-New\Yakult.Inventory.App\Pages\Item\BatchAddItemDialog.xaml.cs(1915,19): error CS0103: The name 'CmbCondition' does not exist in the current context [C:\Users\russel.mercado\source\repos\Yakult-System-New\Yakult.Inventory.App\Yakult.Inventory.App.csproj]
C:\Users\russel.mercado\source\repos\Yakult-System-New\Yakult.Inventory.App\Pages\Item\BatchAddItemDialog.xaml.cs(1918,17): error CS0103: The name 'CmbVendor' does not exist in the current context [C:\Users\russel.mercado\source\repos\Yakult-System-New\Yakult.Inventory.App\Yakult.Inventory.App.csproj]
C:\Users\russel.mercado\source\repos\Yakult-System-New\Yakult.Inventory.App\Pages\Item\BatchAddItemDialog.xaml.cs(1918,44): error CS0103: The name 'CmbVendor' does not exist in the current context [C:\Users\russel.mercado\source\repos\Yakult-System-New\Yakult.Inventory.App\Yakult.Inventory.App.csproj]
C:\Users\russel.mercado\source\repos\Yakult-System-New\Yakult.Inventory.App\Pages\Item\BatchAddItemDialog.xaml.cs(1919,17): error CS0103: The name 'CmbCartridgeOrigin' does not exist in the current context [C:\Users\russel.mercado\source\repos\Yakult-System-New\Yakult.Inventory.App\Yakult.Inventory.App.csproj]
C:\Users\russel.mercado\source\repos\Yakult-System-New\Yakult.Inventory.App\Pages\Item\BatchAddItemDialog.xaml.cs(1919,53): error CS0103: The name 'CmbCartridgeOrigin' does not exist in the current context [C:\Users\russel.mercado\source\repos\Yakult-System-New\Yakult.Inventory.App\Yakult.Inventory.App.csproj]
C:\Users\russel.mercado\source\repos\Yakult-System-New\Yakult.Inventory.App\Pages\Item\BatchAddItemDialog.xaml.cs(1921,13): error CS0103: The name 'TxtRemarks' does not exist in the current context [C:\Users\russel.mercado\source\repos\Yakult-System-New\Yakult.Inventory.App\Yakult.Inventory.App.csproj]
C:\Users\russel.mercado\source\repos\Yakult-System-New\Yakult.Inventory.App\Pages\Item\BatchAddItemDialog.xaml.cs(1922,13): error CS0103: The name 'TxtLicenseNumber' does not exist in the current context [C:\Users\russel.mercado\source\repos\Yakult-System-New\Yakult.Inventory.App\Yakult.Inventory.App.csproj]
C:\Users\russel.mercado\source\repos\Yakult-System-New\Yakult.Inventory.App\Pages\Item\BatchAddItemDialog.xaml.cs(1923,13): error CS0103: The name 'TxtPartNumber' does not exist in the current context [C:\Users\russel.mercado\source\repos\Yakult-System-New\Yakult.Inventory.App\Yakult.Inventory.App.csproj]
C:\Users\russel.mercado\source\repos\Yakult-System-New\Yakult.Inventory.App\Pages\Item\BatchAddItemDialog.xaml.cs(1924,13): error CS0103: The name 'TxtWarrantyYears' does not exist in the current context [C:\Users\russel.mercado\source\repos\Yakult-System-New\Yakult.Inventory.App\Yakult.Inventory.App.csproj]
C:\Users\russel.mercado\source\repos\Yakult-System-New\Yakult.Inventory.App\Pages\Item\BatchAddItemDialog.xaml.cs(1925,13): error CS0103: The name 'ChkWarrantyStart' does not exist in the current context [C:\Users\russel.mercado\source\repos\Yakult-System-New\Yakult.Inventory.App\Yakult.Inventory.App.csproj]
C:\Users\russel.mercado\source\repos\Yakult-System-New\Yakult.Inventory.App\Pages\Item\BatchAddItemDialog.xaml.cs(1926,13): error CS0103: The name 'ChkWarrantyEnd' does not exist in the current context [C:\Users\russel.mercado\source\repos\Yakult-System-New\Yakult.Inventory.App\Yakult.Inventory.App.csproj]
C:\Users\russel.mercado\source\repos\Yakult-System-New\Yakult.Inventory.App\Pages\Item\BatchAddItemDialog.xaml.cs(1927,13): error CS0103: The name 'ChkDatePurchased' does not exist in the current context [C:\Users\russel.mercado\source\repos\Yakult-System-New\Yakult.Inventory.App\Yakult.Inventory.App.csproj]
C:\Users\russel.mercado\source\repos\Yakult-System-New\Yakult.Inventory.App\Pages\Item\BatchAddItemDialog.xaml.cs(1929,13): error CS0103: The name 'LstPreview' does not exist in the current context [C:\Users\russel.mercado\source\repos\Yakult-System-New\Yakult.Inventory.App\Yakult.Inventory.App.csproj]
C:\Users\russel.mercado\source\repos\Yakult-System-New\Yakult.Inventory.App\Pages\Item\BatchAddItemDialog.xaml.cs(1930,13): error CS0103: The name 'PnlPreview' does not exist in the current context [C:\Users\russel.mercado\source\repos\Yakult-System-New\Yakult.Inventory.App\Yakult.Inventory.App.csproj]
C:\Users\russel.mercado\source\repos\Yakult-System-New\Yakult.Inventory.App\Pages\Item\BatchAddItemDialog.xaml.cs(1933,13): error CS0103: The name 'TxtItemName' does not exist in the current context [C:\Users\russel.mercado\source\repos\Yakult-System-New\Yakult.Inventory.App\Yakult.Inventory.App.csproj]
C:\Users\russel.mercado\source\repos\Yakult-System-New\Yakult.Inventory.App\Pages\Item\EditItemDialog.xaml.cs(1377,36): error CS0103: The name 'CmbCategory' does not exist in the current context [C:\Users\russel.mercado\source\repos\Yakult-System-New\Yakult.Inventory.App\Yakult.Inventory.App.csproj]
C:\Users\russel.mercado\source\repos\Yakult-System-New\Yakult.Inventory.App\Pages\Item\EditItemDialog.xaml.cs(1378,37): error CS0103: The name 'CmbCondition' does not exist in the current context [C:\Users\russel.mercado\source\repos\Yakult-System-New\Yakult.Inventory.App\Yakult.Inventory.App.csproj]
C:\Users\russel.mercado\source\repos\Yakult-System-New\Yakult.Inventory.App\Pages\Item\EditItemDialog.xaml.cs(1379,34): error CS0103: The name 'CmbVendor' does not exist in the current context [C:\Users\russel.mercado\source\repos\Yakult-System-New\Yakult.Inventory.App\Yakult.Inventory.App.csproj]
C:\Users\russel.mercado\source\repos\Yakult-System-New\Yakult.Inventory.App\Pages\Item\EditItemDialog.xaml.cs(1380,42): error CS0103: The name 'CmbCartridgeModel' does not exist in the current context [C:\Users\russel.mercado\source\repos\Yakult-System-New\Yakult.Inventory.App\Yakult.Inventory.App.csproj]
C:\Users\russel.mercado\source\repos\Yakult-System-New\Yakult.Inventory.App\Pages\Item\EditItemDialog.xaml.cs(1381,43): error CS0103: The name 'CmbConsumableModel' does not exist in the current context [C:\Users\russel.mercado\source\repos\Yakult-System-New\Yakult.Inventory.App\Yakult.Inventory.App.csproj]
C:\Users\russel.mercado\source\repos\Yakult-System-New\Yakult.Inventory.App\Pages\Item\EditItemDialog.xaml.cs(1386,30): error CS0103: The name 'TxtAmount' does not exist in the current context [C:\Users\russel.mercado\source\repos\Yakult-System-New\Yakult.Inventory.App\Yakult.Inventory.App.csproj]
C:\Users\russel.mercado\source\repos\Yakult-System-New\Yakult.Inventory.App\Pages\Item\EditItemDialog.xaml.cs(1390,24): error CS0103: The name 'TxtName' does not exist in the current context [C:\Users\russel.mercado\source\repos\Yakult-System-New\Yakult.Inventory.App\Yakult.Inventory.App.csproj]
C:\Users\russel.mercado\source\repos\Yakult-System-New\Yakult.Inventory.App\Pages\Item\EditItemDialog.xaml.cs(1391,31): error CS0103: The name 'TxtDescription' does not exist in the current context [C:\Users\russel.mercado\source\repos\Yakult-System-New\Yakult.Inventory.App\Yakult.Inventory.App.csproj]
C:\Users\russel.mercado\source\repos\Yakult-System-New\Yakult.Inventory.App\Pages\Item\EditItemDialog.xaml.cs(1394,28): error CS0103: The name 'CmbItemType' does not exist in the current context [C:\Users\russel.mercado\source\repos\Yakult-System-New\Yakult.Inventory.App\Yakult.Inventory.App.csproj]
C:\Users\russel.mercado\source\repos\Yakult-System-New\Yakult.Inventory.App\Pages\Item\EditItemDialog.xaml.cs(1395,27): error CS0103: The name 'CmbSubType' does not exist in the current context [C:\Users\russel.mercado\source\repos\Yakult-System-New\Yakult.Inventory.App\Yakult.Inventory.App.csproj]
C:\Users\russel.mercado\source\repos\Yakult-System-New\Yakult.Inventory.App\Pages\Item\EditItemDialog.xaml.cs(1396,31): error CS0103: The name 'TxtModelNumber' does not exist in the current context [C:\Users\russel.mercado\source\repos\Yakult-System-New\Yakult.Inventory.App\Yakult.Inventory.App.csproj]
C:\Users\russel.mercado\source\repos\Yakult-System-New\Yakult.Inventory.App\Pages\Item\EditItemDialog.xaml.cs(1401,61): error CS0103: The name 'CmbCartridgeOrigin' does not exist in the current context [C:\Users\russel.mercado\source\repos\Yakult-System-New\Yakult.Inventory.App\Yakult.Inventory.App.csproj]
C:\Users\russel.mercado\source\repos\Yakult-System-New\Yakult.Inventory.App\Pages\Item\EditItemDialog.xaml.cs(1404,33): error CS0103: The name 'CmbUnitOfMeasure' does not exist in the current context [C:\Users\russel.mercado\source\repos\Yakult-System-New\Yakult.Inventory.App\Yakult.Inventory.App.csproj]
C:\Users\russel.mercado\source\repos\Yakult-System-New\Yakult.Inventory.App\Pages\Item\EditItemDialog.xaml.cs(1410,27): error CS0103: The name 'TxtRemarks' does not exist in the current context [C:\Users\russel.mercado\source\repos\Yakult-System-New\Yakult.Inventory.App\Yakult.Inventory.App.csproj]
C:\Users\russel.mercado\source\repos\Yakult-System-New\Yakult.Inventory.App\Pages\Item\EditItemDialog.xaml.cs(1411,33): error CS0103: The name 'TxtLicenseNumber' does not exist in the current context [C:\Users\russel.mercado\source\repos\Yakult-System-New\Yakult.Inventory.App\Yakult.Inventory.App.csproj]
C:\Users\russel.mercado\source\repos\Yakult-System-New\Yakult.Inventory.App\Pages\Item\EditItemDialog.xaml.cs(1412,30): error CS0103: The name 'TxtPartNumber' does not exist in the current context [C:\Users\russel.mercado\source\repos\Yakult-System-New\Yakult.Inventory.App\Yakult.Inventory.App.csproj]
C:\Users\russel.mercado\source\repos\Yakult-System-New\Yakult.Inventory.App\Pages\Item\EditItemDialog.xaml.cs(1414,33): error CS0103: The name 'ChkDatePurchased' does not exist in the current context [C:\Users\russel.mercado\source\repos\Yakult-System-New\Yakult.Inventory.App\Yakult.Inventory.App.csproj]
C:\Users\russel.mercado\source\repos\Yakult-System-New\Yakult.Inventory.App\Pages\Item\EditItemDialog.xaml.cs(1414,70): error CS0103: The name 'DpDatePurchased' does not exist in the current context [C:\Users\russel.mercado\source\repos\Yakult-System-New\Yakult.Inventory.App\Yakult.Inventory.App.csproj]
C:\Users\russel.mercado\source\repos\Yakult-System-New\Yakult.Inventory.App\Pages\Item\EditItemDialog.xaml.cs(1415,34): error CS0103: The name 'ChkIsTrackedAsset' does not exist in the current context [C:\Users\russel.mercado\source\repos\Yakult-System-New\Yakult.Inventory.App\Yakult.Inventory.App.csproj]
C:\Users\russel.mercado\source\repos\Yakult-System-New\Yakult.Inventory.App\Pages\Item\EditItemDialog.xaml.cs(1416,29): error CS0103: The name 'ChkServiceContractDates' does not exist in the current context [C:\Users\russel.mercado\source\repos\Yakult-System-New\Yakult.Inventory.App\Yakult.Inventory.App.csproj]
C:\Users\russel.mercado\source\repos\Yakult-System-New\Yakult.Inventory.App\Pages\Item\EditItemDialog.xaml.cs(1416,73): error CS0103: The name 'DpStartDate' does not exist in the current context [C:\Users\russel.mercado\source\repos\Yakult-System-New\Yakult.Inventory.App\Yakult.Inventory.App.csproj]
C:\Users\russel.mercado\source\repos\Yakult-System-New\Yakult.Inventory.App\Pages\Item\EditItemDialog.xaml.cs(1417,28): error CS0103: The name 'ChkServiceContractDates' does not exist in the current context [C:\Users\russel.mercado\source\repos\Yakult-System-New\Yakult.Inventory.App\Yakult.Inventory.App.csproj]
C:\Users\russel.mercado\source\repos\Yakult-System-New\Yakult.Inventory.App\Pages\Item\EditItemDialog.xaml.cs(1417,73): error CS0103: The name 'ChkEndDate' does not exist in the current context [C:\Users\russel.mercado\source\repos\Yakult-System-New\Yakult.Inventory.App\Yakult.Inventory.App.csproj]
C:\Users\russel.mercado\source\repos\Yakult-System-New\Yakult.Inventory.App\Pages\Item\EditItemDialog.xaml.cs(1417,105): error CS0103: The name 'DpEndDate' does not exist in the current context [C:\Users\russel.mercado\source\repos\Yakult-System-New\Yakult.Inventory.App\Yakult.Inventory.App.csproj]
C:\Users\russel.mercado\source\repos\Yakult-System-New\Yakult.Inventory.App\Pages\Item\BatchAddItemDialog.xaml.cs(1967,17): error CS0103: The name 'DgvCellPhones' does not exist in the current context [C:\Users\russel.mercado\source\repos\Yakult-System-New\Yakult.Inventory.App\Yakult.Inventory.App.csproj]
C:\Users\russel.mercado\source\repos\Yakult-System-New\Yakult.Inventory.App\Pages\Item\BatchAddItemDialog.xaml.cs(1972,28): error CS0103: The name 'TxtSerialNumbers' does not exist in the current context [C:\Users\russel.mercado\source\repos\Yakult-System-New\Yakult.Inventory.App\Yakult.Inventory.App.csproj]
C:\Users\russel.mercado\source\repos\Yakult-System-New\Yakult.Inventory.App\Pages\Item\BatchAddItemDialog.xaml.cs(1978,17): error CS0103: The name 'TxtSerialNumbers' does not exist in the current context [C:\Users\russel.mercado\source\repos\Yakult-System-New\Yakult.Inventory.App\Yakult.Inventory.App.csproj]
C:\Users\russel.mercado\source\repos\Yakult-System-New\Yakult.Inventory.App\Pages\Item\BatchAddItemDialog.xaml.cs(1978,41): error CS0103: The name 'TxtSerialNumbers' does not exist in the current context [C:\Users\russel.mercado\source\repos\Yakult-System-New\Yakult.Inventory.App\Yakult.Inventory.App.csproj]
C:\Users\russel.mercado\source\repos\Yakult-System-New\Yakult.Inventory.App\Pages\Item\BatchAddItemDialog.xaml.cs(1980,23): error CS0103: The name 'TxtSerialNumbers' does not exist in the current context [C:\Users\russel.mercado\source\repos\Yakult-System-New\Yakult.Inventory.App\Yakult.Inventory.App.csproj]
C:\Users\russel.mercado\source\repos\Yakult-System-New\Yakult.Inventory.App\Pages\Item\BatchAddItemDialog.xaml.cs(1983,13): error CS0103: The name 'TxtSerialNumbers' does not exist in the current context [C:\Users\russel.mercado\source\repos\Yakult-System-New\Yakult.Inventory.App\Yakult.Inventory.App.csproj]
C:\Users\russel.mercado\source\repos\Yakult-System-New\Yakult.Inventory.App\Pages\Item\BatchAddItemDialog.xaml.cs(1984,13): error CS0103: The name 'TxtSerialNumbers' does not exist in the current context [C:\Users\russel.mercado\source\repos\Yakult-System-New\Yakult.Inventory.App\Yakult.Inventory.App.csproj]
C:\Users\russel.mercado\source\repos\Yakult-System-New\Yakult.Inventory.App\Pages\Item\BatchAddItemDialog.xaml.cs(1984,43): error CS0103: The name 'TxtSerialNumbers' does not exist in the current context [C:\Users\russel.mercado\source\repos\Yakult-System-New\Yakult.Inventory.App\Yakult.Inventory.App.csproj]
C:\Users\russel.mercado\source\repos\Yakult-System-New\Yakult.Inventory.App\Pages\Item\BatchAddItemDialog.xaml.cs(1990,34): error CS0103: The name 'CmbCategory' does not exist in the current context [C:\Users\russel.mercado\source\repos\Yakult-System-New\Yakult.Inventory.App\Yakult.Inventory.App.csproj]
C:\Users\russel.mercado\source\repos\Yakult-System-New\Yakult.Inventory.App\Pages\Item\BatchAddItemDialog.xaml.cs(1995,21): error CS0103: The name 'CmbCategory' does not exist in the current context [C:\Users\russel.mercado\source\repos\Yakult-System-New\Yakult.Inventory.App\Yakult.Inventory.App.csproj]
C:\Users\russel.mercado\source\repos\Yakult-System-New\Yakult.Inventory.App\Pages\Item\BatchAddItemDialog.xaml.cs(1996,50): error CS0103: The name 'CmbCategory' does not exist in the current context [C:\Users\russel.mercado\source\repos\Yakult-System-New\Yakult.Inventory.App\Yakult.Inventory.App.csproj]
C:\Users\russel.mercado\source\repos\Yakult-System-New\Yakult.Inventory.App\Pages\Item\EditItemDialog.xaml.cs(1445,37): error CS0103: The name 'CmbCategory' does not exist in the current context [C:\Users\russel.mercado\source\repos\Yakult-System-New\Yakult.Inventory.App\Yakult.Inventory.App.csproj]
C:\Users\russel.mercado\source\repos\Yakult-System-New\Yakult.Inventory.App\Pages\Item\EditItemDialog.xaml.cs(1447,25): error CS0103: The name 'CmbCategory' does not exist in the current context [C:\Users\russel.mercado\source\repos\Yakult-System-New\Yakult.Inventory.App\Yakult.Inventory.App.csproj]
C:\Users\russel.mercado\source\repos\Yakult-System-New\Yakult.Inventory.App\Pages\Item\EditItemDialog.xaml.cs(1449,25): error CS0103: The name 'CmbCategory' does not exist in the current context [C:\Users\russel.mercado\source\repos\Yakult-System-New\Yakult.Inventory.App\Yakult.Inventory.App.csproj]
C:\Users\russel.mercado\source\repos\Yakult-System-New\Yakult.Inventory.App\Pages\Item\MarkActionDialog.xaml.cs(210,79): error CS0103: The name 'BtnOk' does not exist in the current context [C:\Users\russel.mercado\source\repos\Yakult-System-New\Yakult.Inventory.App\Yakult.Inventory.App.csproj]
C:\Users\russel.mercado\source\repos\Yakult-System-New\Yakult.Inventory.App\Pages\Item\MarkActionDialog.xaml.cs(215,19): error CS0103: The name 'LblCounter' does not exist in the current context [C:\Users\russel.mercado\source\repos\Yakult-System-New\Yakult.Inventory.App\Yakult.Inventory.App.csproj]
C:\Users\russel.mercado\source\repos\Yakult-System-New\Yakult.Inventory.App\Pages\Item\MarkActionDialog.xaml.cs(215,41): error CS0103: The name 'TxtRemark' does not exist in the current context [C:\Users\russel.mercado\source\repos\Yakult-System-New\Yakult.Inventory.App\Yakult.Inventory.App.csproj]
C:\Users\russel.mercado\source\repos\Yakult-System-New\Yakult.Inventory.App\Pages\Item\MarkActionDialog.xaml.cs(219,28): error CS0103: The name 'ChkReplacement' does not exist in the current context [C:\Users\russel.mercado\source\repos\Yakult-System-New\Yakult.Inventory.App\Yakult.Inventory.App.csproj]
C:\Users\russel.mercado\source\repos\Yakult-System-New\Yakult.Inventory.App\Pages\Item\MarkActionDialog.xaml.cs(219,62): error CS0103: The name 'ReplacementGrid' does not exist in the current context [C:\Users\russel.mercado\source\repos\Yakult-System-New\Yakult.Inventory.App\Yakult.Inventory.App.csproj]
C:\Users\russel.mercado\source\repos\Yakult-System-New\Yakult.Inventory.App\Pages\Item\MarkActionDialog.xaml.cs(219,94): error CS0103: The name 'ReplacementGrid' does not exist in the current context [C:\Users\russel.mercado\source\repos\Yakult-System-New\Yakult.Inventory.App\Yakult.Inventory.App.csproj]
C:\Users\russel.mercado\source\repos\Yakult-System-New\Yakult.Inventory.App\Pages\Item\MarkActionDialog.xaml.cs(232,21): error CS0103: The name 'BtnOk' does not exist in the current context [C:\Users\russel.mercado\source\repos\Yakult-System-New\Yakult.Inventory.App\Yakult.Inventory.App.csproj]
C:\Users\russel.mercado\source\repos\Yakult-System-New\Yakult.Inventory.App\Pages\Item\MarkActionDialog.xaml.cs(232,36): error CS0103: The name 'BtnOk' does not exist in the current context [C:\Users\russel.mercado\source\repos\Yakult-System-New\Yakult.Inventory.App\Yakult.Inventory.App.csproj]
C:\Users\russel.mercado\source\repos\Yakult-System-New\Yakult.Inventory.App\Pages\Item\MarkActionDialog.xaml.cs(233,21): error CS0103: The name 'LblReasonHint' does not exist in the current context [C:\Users\russel.mercado\source\repos\Yakult-System-New\Yakult.Inventory.App\Yakult.Inventory.App.csproj]
C:\Users\russel.mercado\source\repos\Yakult-System-New\Yakult.Inventory.App\Pages\Item\MarkActionDialog.xaml.cs(233,44): error CS0103: The name 'LblReasonHint' does not exist in the current context [C:\Users\russel.mercado\source\repos\Yakult-System-New\Yakult.Inventory.App\Yakult.Inventory.App.csproj]
C:\Users\russel.mercado\source\repos\Yakult-System-New\Yakult.Inventory.App\Pages\Item\MarkActionDialog.xaml.cs(234,21): error CS0103: The name 'TxtReason' does not exist in the current context [C:\Users\russel.mercado\source\repos\Yakult-System-New\Yakult.Inventory.App\Yakult.Inventory.App.csproj]
C:\Users\russel.mercado\source\repos\Yakult-System-New\Yakult.Inventory.App\Pages\Item\MarkActionDialog.xaml.cs(236,36): error CS0103: The name 'TxtReason' does not exist in the current context [C:\Users\russel.mercado\source\repos\Yakult-System-New\Yakult.Inventory.App\Yakult.Inventory.App.csproj]
C:\Users\russel.mercado\source\repos\Yakult-System-New\Yakult.Inventory.App\Pages\Item\MarkActionDialog.xaml.cs(237,26): error CS0103: The name 'TxtReason' does not exist in the current context [C:\Users\russel.mercado\source\repos\Yakult-System-New\Yakult.Inventory.App\Yakult.Inventory.App.csproj]
C:\Users\russel.mercado\source\repos\Yakult-System-New\Yakult.Inventory.App\Pages\Item\MarkActionDialog.xaml.cs(258,13): error CS0103: The name 'TxtAssociatedTicket' does not exist in the current context [C:\Users\russel.mercado\source\repos\Yakult-System-New\Yakult.Inventory.App\Yakult.Inventory.App.csproj]
C:\Users\russel.mercado\source\repos\Yakult-System-New\Yakult.Inventory.App\Pages\Item\MarkActionDialog.xaml.cs(259,13): error CS0103: The name 'BtnOpenTicket' does not exist in the current context [C:\Users\russel.mercado\source\repos\Yakult-System-New\Yakult.Inventory.App\Yakult.Inventory.App.csproj]
C:\Users\russel.mercado\source\repos\Yakult-System-New\Yakult.Inventory.App\Pages\Item\MarkActionDialog.xaml.cs(260,13): error CS0103: The name 'BtnClearTicket' does not exist in the current context [C:\Users\russel.mercado\source\repos\Yakult-System-New\Yakult.Inventory.App\Yakult.Inventory.App.csproj]
C:\Users\russel.mercado\source\repos\Yakult-System-New\Yakult.Inventory.App\Pages\Item\MarkActionDialog.xaml.cs(323,21): error CS0103: The name 'TxtAssociatedTicket' does not exist in the current context [C:\Users\russel.mercado\source\repos\Yakult-System-New\Yakult.Inventory.App\Yakult.Inventory.App.csproj]
C:\Users\russel.mercado\source\repos\Yakult-System-New\Yakult.Inventory.App\Pages\Item\MarkActionDialog.xaml.cs(324,21): error CS0103: The name 'BtnClearTicket' does not exist in the current context [C:\Users\russel.mercado\source\repos\Yakult-System-New\Yakult.Inventory.App\Yakult.Inventory.App.csproj]
C:\Users\russel.mercado\source\repos\Yakult-System-New\Yakult.Inventory.App\Pages\Item\MarkActionDialog.xaml.cs(325,21): error CS0103: The name 'BtnOpenTicket' does not exist in the current context [C:\Users\russel.mercado\source\repos\Yakult-System-New\Yakult.Inventory.App\Yakult.Inventory.App.csproj]
C:\Users\russel.mercado\source\repos\Yakult-System-New\Yakult.Inventory.App\Pages\Item\MarkActionDialog.xaml.cs(328,55): error CS0103: The name 'TxtTicketId' does not exist in the current context [C:\Users\russel.mercado\source\repos\Yakult-System-New\Yakult.Inventory.App\Yakult.Inventory.App.csproj]
C:\Users\russel.mercado\source\repos\Yakult-System-New\Yakult.Inventory.App\Pages\Item\MarkActionDialog.xaml.cs(328,76): error CS0103: The name 'TxtTicketId' does not exist in the current context [C:\Users\russel.mercado\source\repos\Yakult-System-New\Yakult.Inventory.App\Yakult.Inventory.App.csproj]
C:\Users\russel.mercado\source\repos\Yakult-System-New\Yakult.Inventory.App\Pages\Item\MarkActionDialog.xaml.cs(330,56): error CS0103: The name 'TxtTicketId' does not exist in the current context [C:\Users\russel.mercado\source\repos\Yakult-System-New\Yakult.Inventory.App\Yakult.Inventory.App.csproj]
C:\Users\russel.mercado\source\repos\Yakult-System-New\Yakult.Inventory.App\Pages\Item\InvoiceCsvImportDialog.xaml.cs(779,13): error CS0103: The name 'BtnImport' does not exist in the current context [C:\Users\russel.mercado\source\repos\Yakult-System-New\Yakult.Inventory.App\Yakult.Inventory.App.csproj]
C:\Users\russel.mercado\source\repos\Yakult-System-New\Yakult.Inventory.App\Pages\Item\InvoiceCsvImportDialog.xaml.cs(780,13): error CS0103: The name 'BtnLoadPreview' does not exist in the current context [C:\Users\russel.mercado\source\repos\Yakult-System-New\Yakult.Inventory.App\Yakult.Inventory.App.csproj]
C:\Users\russel.mercado\source\repos\Yakult-System-New\Yakult.Inventory.App\Pages\Item\InvoiceCsvImportDialog.xaml.cs(781,13): error CS0103: The name 'LblStatus' does not exist in the current context [C:\Users\russel.mercado\source\repos\Yakult-System-New\Yakult.Inventory.App\Yakult.Inventory.App.csproj]
C:\Users\russel.mercado\source\repos\Yakult-System-New\Yakult.Inventory.App\Pages\Item\InvoiceCsvImportDialog.xaml.cs(808,17): error CS0103: The name 'LblStatus' does not exist in the current context [C:\Users\russel.mercado\source\repos\Yakult-System-New\Yakult.Inventory.App\Yakult.Inventory.App.csproj]
C:\Users\russel.mercado\source\repos\Yakult-System-New\Yakult.Inventory.App\Pages\Item\InvoiceCsvImportDialog.xaml.cs(809,17): error CS0103: The name 'BtnImport' does not exist in the current context [C:\Users\russel.mercado\source\repos\Yakult-System-New\Yakult.Inventory.App\Yakult.Inventory.App.csproj]
C:\Users\russel.mercado\source\repos\Yakult-System-New\Yakult.Inventory.App\Pages\Item\InvoiceCsvImportDialog.xaml.cs(810,17): error CS0103: The name 'BtnLoadPreview' does not exist in the current context [C:\Users\russel.mercado\source\repos\Yakult-System-New\Yakult.Inventory.App\Yakult.Inventory.App.csproj]
C:\Users\russel.mercado\source\repos\Yakult-System-New\Yakult.Inventory.App\Pages\Item\EditItemDialog.xaml.cs(1464,43): error CS0103: The name 'TxtName' does not exist in the current context [C:\Users\russel.mercado\source\repos\Yakult-System-New\Yakult.Inventory.App\Yakult.Inventory.App.csproj]
C:\Users\russel.mercado\source\repos\Yakult-System-New\Yakult.Inventory.App\Pages\Item\EditItemDialog.xaml.cs(1468,17): error CS0103: The name 'TxtName' does not exist in the current context [C:\Users\russel.mercado\source\repos\Yakult-System-New\Yakult.Inventory.App\Yakult.Inventory.App.csproj]
C:\Users\russel.mercado\source\repos\Yakult-System-New\Yakult.Inventory.App\Pages\Item\EditItemDialog.xaml.cs(1474,39): error CS0103: The name 'CmbItemType' does not exist in the current context [C:\Users\russel.mercado\source\repos\Yakult-System-New\Yakult.Inventory.App\Yakult.Inventory.App.csproj]
C:\Users\russel.mercado\source\repos\Yakult-System-New\Yakult.Inventory.App\Pages\Item\EditItemDialog.xaml.cs(1477,66): error CS0103: The name 'TxtModelNumber' does not exist in the current context [C:\Users\russel.mercado\source\repos\Yakult-System-New\Yakult.Inventory.App\Yakult.Inventory.App.csproj]
C:\Users\russel.mercado\source\repos\Yakult-System-New\Yakult.Inventory.App\Pages\Item\EditItemDialog.xaml.cs(1481,17): error CS0103: The name 'TxtModelNumber' does not exist in the current context [C:\Users\russel.mercado\source\repos\Yakult-System-New\Yakult.Inventory.App\Yakult.Inventory.App.csproj]
C:\Users\russel.mercado\source\repos\Yakult-System-New\Yakult.Inventory.App\Pages\Item\EditItemDialog.xaml.cs(1485,43): error CS0103: The name 'CmbUnitOfMeasure' does not exist in the current context [C:\Users\russel.mercado\source\repos\Yakult-System-New\Yakult.Inventory.App\Yakult.Inventory.App.csproj]
C:\Users\russel.mercado\source\repos\Yakult-System-New\Yakult.Inventory.App\Pages\Item\EditItemDialog.xaml.cs(1489,17): error CS0103: The name 'CmbUnitOfMeasure' does not exist in the current context [C:\Users\russel.mercado\source\repos\Yakult-System-New\Yakult.Inventory.App\Yakult.Inventory.App.csproj]
C:\Users\russel.mercado\source\repos\Yakult-System-New\Yakult.Inventory.App\Pages\Item\EditItemDialog.xaml.cs(1493,17): error CS0103: The name 'CmbCategory' does not exist in the current context [C:\Users\russel.mercado\source\repos\Yakult-System-New\Yakult.Inventory.App\Yakult.Inventory.App.csproj]
C:\Users\russel.mercado\source\repos\Yakult-System-New\Yakult.Inventory.App\Pages\Item\EditItemDialog.xaml.cs(1497,17): error CS0103: The name 'CmbCategory' does not exist in the current context [C:\Users\russel.mercado\source\repos\Yakult-System-New\Yakult.Inventory.App\Yakult.Inventory.App.csproj]
C:\Users\russel.mercado\source\repos\Yakult-System-New\Yakult.Inventory.App\Pages\Item\EditItemDialog.xaml.cs(1501,17): error CS0103: The name 'CmbCondition' does not exist in the current context [C:\Users\russel.mercado\source\repos\Yakult-System-New\Yakult.Inventory.App\Yakult.Inventory.App.csproj]
C:\Users\russel.mercado\source\repos\Yakult-System-New\Yakult.Inventory.App\Pages\Item\EditItemDialog.xaml.cs(1505,17): error CS0103: The name 'CmbCondition' does not exist in the current context [C:\Users\russel.mercado\source\repos\Yakult-System-New\Yakult.Inventory.App\Yakult.Inventory.App.csproj]
C:\Users\russel.mercado\source\repos\Yakult-System-New\Yakult.Inventory.App\Pages\Item\EditItemDialog.xaml.cs(1509,17): error CS0103: The name 'CmbItemType' does not exist in the current context [C:\Users\russel.mercado\source\repos\Yakult-System-New\Yakult.Inventory.App\Yakult.Inventory.App.csproj]
C:\Users\russel.mercado\source\repos\Yakult-System-New\Yakult.Inventory.App\Pages\Item\EditItemDialog.xaml.cs(1513,17): error CS0103: The name 'CmbItemType' does not exist in the current context [C:\Users\russel.mercado\source\repos\Yakult-System-New\Yakult.Inventory.App\Yakult.Inventory.App.csproj]
C:\Users\russel.mercado\source\repos\Yakult-System-New\Yakult.Inventory.App\Pages\Item\EditItemDialog.xaml.cs(1518,38): error CS0103: The name 'CmbCategory' does not exist in the current context [C:\Users\russel.mercado\source\repos\Yakult-System-New\Yakult.Inventory.App\Yakult.Inventory.App.csproj]
C:\Users\russel.mercado\source\repos\Yakult-System-New\Yakult.Inventory.App\Pages\Item\EditItemDialog.xaml.cs(1522,37): error CS0103: The name 'CmbCartridgeModel' does not exist in the current context [C:\Users\russel.mercado\source\repos\Yakult-System-New\Yakult.Inventory.App\Yakult.Inventory.App.csproj]
C:\Users\russel.mercado\source\repos\Yakult-System-New\Yakult.Inventory.App\Pages\Item\EditItemDialog.xaml.cs(1529,21): error CS0103: The name 'CmbCartridgeModel' does not exist in the current context [C:\Users\russel.mercado\source\repos\Yakult-System-New\Yakult.Inventory.App\Yakult.Inventory.App.csproj]
C:\Users\russel.mercado\source\repos\Yakult-System-New\Yakult.Inventory.App\Pages\Item\EditItemDialog.xaml.cs(1536,17): error CS0103: The name 'BtnSave' does not exist in the current context [C:\Users\russel.mercado\source\repos\Yakult-System-New\Yakult.Inventory.App\Yakult.Inventory.App.csproj]
C:\Users\russel.mercado\source\repos\Yakult-System-New\Yakult.Inventory.App\Pages\Item\EditItemDialog.xaml.cs(1537,17): error CS0103: The name 'BtnCancel' does not exist in the current context [C:\Users\russel.mercado\source\repos\Yakult-System-New\Yakult.Inventory.App\Yakult.Inventory.App.csproj]
C:\Users\russel.mercado\source\repos\Yakult-System-New\Yakult.Inventory.App\Pages\Item\EditItemDialog.xaml.cs(1540,40): error CS0103: The name 'CmbCategory' does not exist in the current context [C:\Users\russel.mercado\source\repos\Yakult-System-New\Yakult.Inventory.App\Yakult.Inventory.App.csproj]
C:\Users\russel.mercado\source\repos\Yakult-System-New\Yakult.Inventory.App\Pages\Item\EditItemDialog.xaml.cs(1543,39): error CS0103: The name 'TxtAmount' does not exist in the current context [C:\Users\russel.mercado\source\repos\Yakult-System-New\Yakult.Inventory.App\Yakult.Inventory.App.csproj]
C:\Users\russel.mercado\source\repos\Yakult-System-New\Yakult.Inventory.App\Pages\Item\EditItemDialog.xaml.cs(1547,21): error CS0103: The name 'TxtAmount' does not exist in the current context [C:\Users\russel.mercado\source\repos\Yakult-System-New\Yakult.Inventory.App\Yakult.Inventory.App.csproj]
C:\Users\russel.mercado\source\repos\Yakult-System-New\Yakult.Inventory.App\Pages\Item\EditItemDialog.xaml.cs(1552,35): error CS0103: The name 'TxtStockOnHand' does not exist in the current context [C:\Users\russel.mercado\source\repos\Yakult-System-New\Yakult.Inventory.App\Yakult.Inventory.App.csproj]
C:\Users\russel.mercado\source\repos\Yakult-System-New\Yakult.Inventory.App\Pages\Item\EditItemDialog.xaml.cs(1556,21): error CS0103: The name 'TxtStockOnHand' does not exist in the current context [C:\Users\russel.mercado\source\repos\Yakult-System-New\Yakult.Inventory.App\Yakult.Inventory.App.csproj]
C:\Users\russel.mercado\source\repos\Yakult-System-New\Yakult.Inventory.App\Pages\Item\EditItemDialog.xaml.cs(1570,54): error CS0103: The name 'ChkIsArchived' does not exist in the current context [C:\Users\russel.mercado\source\repos\Yakult-System-New\Yakult.Inventory.App\Yakult.Inventory.App.csproj]
C:\Users\russel.mercado\source\repos\Yakult-System-New\Yakult.Inventory.App\Pages\Item\EditItemDialog.xaml.cs(1642,57): error CS0103: The name 'CmbCondition' does not exist in the current context [C:\Users\russel.mercado\source\repos\Yakult-System-New\Yakult.Inventory.App\Yakult.Inventory.App.csproj]
C:\Users\russel.mercado\source\repos\Yakult-System-New\Yakult.Inventory.App\Pages\Item\EditItemDialog.xaml.cs(1645,70): error CS0103: The name 'TxtName' does not exist in the current context [C:\Users\russel.mercado\source\repos\Yakult-System-New\Yakult.Inventory.App\Yakult.Inventory.App.csproj]
C:\Users\russel.mercado\source\repos\Yakult-System-New\Yakult.Inventory.App\Pages\Item\EditItemDialog.xaml.cs(1646,85): error CS0103: The name 'TxtDescription' does not exist in the current context [C:\Users\russel.mercado\source\repos\Yakult-System-New\Yakult.Inventory.App\Yakult.Inventory.App.csproj]
C:\Users\russel.mercado\source\repos\Yakult-System-New\Yakult.Inventory.App\Pages\Item\EditItemDialog.xaml.cs(1649,74): error CS0103: The name 'CmbItemType' does not exist in the current context [C:\Users\russel.mercado\source\repos\Yakult-System-New\Yakult.Inventory.App\Yakult.Inventory.App.csproj]
C:\Users\russel.mercado\source\repos\Yakult-System-New\Yakult.Inventory.App\Pages\Item\EditItemDialog.xaml.cs(1650,55): error CS0103: The name 'CmbSubType' does not exist in the current context [C:\Users\russel.mercado\source\repos\Yakult-System-New\Yakult.Inventory.App\Yakult.Inventory.App.csproj]
C:\Users\russel.mercado\source\repos\Yakult-System-New\Yakult.Inventory.App\Pages\Item\EditItemDialog.xaml.cs(1652,78): error CS0103: The name 'TxtSerialNumber' does not exist in the current context [C:\Users\russel.mercado\source\repos\Yakult-System-New\Yakult.Inventory.App\Yakult.Inventory.App.csproj]
C:\Users\russel.mercado\source\repos\Yakult-System-New\Yakult.Inventory.App\Pages\Item\EditItemDialog.xaml.cs(1652,109): error CS0103: The name 'TxtSerialNumber' does not exist in the current context [C:\Users\russel.mercado\source\repos\Yakult-System-New\Yakult.Inventory.App\Yakult.Inventory.App.csproj]
C:\Users\russel.mercado\source\repos\Yakult-System-New\Yakult.Inventory.App\Pages\Item\EditItemDialog.xaml.cs(1653,78): error CS0030: Cannot convert type 'System.ReadOnlySpan<char>' to 'object' [C:\Users\russel.mercado\source\repos\Yakult-System-New\Yakult.Inventory.App\Yakult.Inventory.App.csproj]
C:\Users\russel.mercado\source\repos\Yakult-System-New\Yakult.Inventory.App\Pages\Item\EditItemDialog.xaml.cs(1654,77): error CS0103: The name 'TxtModelNumber' does not exist in the current context [C:\Users\russel.mercado\source\repos\Yakult-System-New\Yakult.Inventory.App\Yakult.Inventory.App.csproj]
C:\Users\russel.mercado\source\repos\Yakult-System-New\Yakult.Inventory.App\Pages\Item\EditItemDialog.xaml.cs(1659,62): error CS0103: The name 'CmbCartridgeModel' does not exist in the current context [C:\Users\russel.mercado\source\repos\Yakult-System-New\Yakult.Inventory.App\Yakult.Inventory.App.csproj]
C:\Users\russel.mercado\source\repos\Yakult-System-New\Yakult.Inventory.App\Pages\Item\EditItemDialog.xaml.cs(1666,41): error CS0103: The name 'CmbCartridgeOrigin' does not exist in the current context [C:\Users\russel.mercado\source\repos\Yakult-System-New\Yakult.Inventory.App\Yakult.Inventory.App.csproj]
C:\Users\russel.mercado\source\repos\Yakult-System-New\Yakult.Inventory.App\Pages\Item\EditItemDialog.xaml.cs(1676,63): error CS0103: The name 'CmbConsumableModel' does not exist in the current context [C:\Users\russel.mercado\source\repos\Yakult-System-New\Yakult.Inventory.App\Yakult.Inventory.App.csproj]
C:\Users\russel.mercado\source\repos\Yakult-System-New\Yakult.Inventory.App\Pages\Item\EditItemDialog.xaml.cs(1690,67): error CS0103: The name 'TxtCellPhoneNumber' does not exist in the current context [C:\Users\russel.mercado\source\repos\Yakult-System-New\Yakult.Inventory.App\Yakult.Inventory.App.csproj]
C:\Users\russel.mercado\source\repos\Yakult-System-New\Yakult.Inventory.App\Pages\Item\EditItemDialog.xaml.cs(1690,117): error CS0103: The name 'TxtCellPhoneNumber' does not exist in the current context [C:\Users\russel.mercado\source\repos\Yakult-System-New\Yakult.Inventory.App\Yakult.Inventory.App.csproj]
C:\Users\russel.mercado\source\repos\Yakult-System-New\Yakult.Inventory.App\Pages\Item\EditItemDialog.xaml.cs(1692,67): error CS0103: The name 'TxtImei1' does not exist in the current context [C:\Users\russel.mercado\source\repos\Yakult-System-New\Yakult.Inventory.App\Yakult.Inventory.App.csproj]
C:\Users\russel.mercado\source\repos\Yakult-System-New\Yakult.Inventory.App\Pages\Item\EditItemDialog.xaml.cs(1692,107): error CS0103: The name 'TxtImei1' does not exist in the current context [C:\Users\russel.mercado\source\repos\Yakult-System-New\Yakult.Inventory.App\Yakult.Inventory.App.csproj]
C:\Users\russel.mercado\source\repos\Yakult-System-New\Yakult.Inventory.App\Pages\Item\EditItemDialog.xaml.cs(1694,67): error CS0103: The name 'TxtImei2' does not exist in the current context [C:\Users\russel.mercado\source\repos\Yakult-System-New\Yakult.Inventory.App\Yakult.Inventory.App.csproj]
C:\Users\russel.mercado\source\repos\Yakult-System-New\Yakult.Inventory.App\Pages\Item\EditItemDialog.xaml.cs(1694,107): error CS0103: The name 'TxtImei2' does not exist in the current context [C:\Users\russel.mercado\source\repos\Yakult-System-New\Yakult.Inventory.App\Yakult.Inventory.App.csproj]
C:\Users\russel.mercado\source\repos\Yakult-System-New\Yakult.Inventory.App\Pages\Item\EditItemDialog.xaml.cs(1703,79): error CS0103: The name 'CmbUnitOfMeasure' does not exist in the current context [C:\Users\russel.mercado\source\repos\Yakult-System-New\Yakult.Inventory.App\Yakult.Inventory.App.csproj]
C:\Users\russel.mercado\source\repos\Yakult-System-New\Yakult.Inventory.App\Pages\Item\EditItemDialog.xaml.cs(1706,72): error CS0103: The name 'ChkActive' does not exist in the current context [C:\Users\russel.mercado\source\repos\Yakult-System-New\Yakult.Inventory.App\Yakult.Inventory.App.csproj]
C:\Users\russel.mercado\source\repos\Yakult-System-New\Yakult.Inventory.App\Pages\Item\EditItemDialog.xaml.cs(1707,78): error CS0103: The name 'ChkIsBorrowable' does not exist in the current context [C:\Users\russel.mercado\source\repos\Yakult-System-New\Yakult.Inventory.App\Yakult.Inventory.App.csproj]
C:\Users\russel.mercado\source\repos\Yakult-System-New\Yakult.Inventory.App\Pages\Item\EditItemDialog.xaml.cs(1711,54): error CS0103: The name 'CmbVendor' does not exist in the current context [C:\Users\russel.mercado\source\repos\Yakult-System-New\Yakult.Inventory.App\Yakult.Inventory.App.csproj]
C:\Users\russel.mercado\source\repos\Yakult-System-New\Yakult.Inventory.App\Pages\Item\EditItemDialog.xaml.cs(1715,65): error CS0103: The name 'CmbItemType' does not exist in the current context [C:\Users\russel.mercado\source\repos\Yakult-System-New\Yakult.Inventory.App\Yakult.Inventory.App.csproj]
C:\Users\russel.mercado\source\repos\Yakult-System-New\Yakult.Inventory.App\Pages\Item\EditItemDialog.xaml.cs(1716,72): error CS0103: The name 'CmbItemType' does not exist in the current context [C:\Users\russel.mercado\source\repos\Yakult-System-New\Yakult.Inventory.App\Yakult.Inventory.App.csproj]
C:\Users\russel.mercado\source\repos\Yakult-System-New\Yakult.Inventory.App\Pages\Item\EditItemDialog.xaml.cs(1717,69): error CS0103: The name 'CmbItemType' does not exist in the current context [C:\Users\russel.mercado\source\repos\Yakult-System-New\Yakult.Inventory.App\Yakult.Inventory.App.csproj]
C:\Users\russel.mercado\source\repos\Yakult-System-New\Yakult.Inventory.App\Pages\Item\EditItemDialog.xaml.cs(1718,114): error CS0103: The name 'ChkServiceContractDates' does not exist in the current context [C:\Users\russel.mercado\source\repos\Yakult-System-New\Yakult.Inventory.App\Yakult.Inventory.App.csproj]
C:\Users\russel.mercado\source\repos\Yakult-System-New\Yakult.Inventory.App\Pages\Item\EditItemDialog.xaml.cs(1720,62): error CS0103: The name 'DpStartDate' does not exist in the current context [C:\Users\russel.mercado\source\repos\Yakult-System-New\Yakult.Inventory.App\Yakult.Inventory.App.csproj]
C:\Users\russel.mercado\source\repos\Yakult-System-New\Yakult.Inventory.App\Pages\Item\EditItemDialog.xaml.cs(1721,60): error CS0103: The name 'DpEndDate' does not exist in the current context [C:\Users\russel.mercado\source\repos\Yakult-System-New\Yakult.Inventory.App\Yakult.Inventory.App.csproj]
C:\Users\russel.mercado\source\repos\Yakult-System-New\Yakult.Inventory.App\Pages\Item\EditItemDialog.xaml.cs(1728,40): error CS0103: The name 'ChkEndDate' does not exist in the current context [C:\Users\russel.mercado\source\repos\Yakult-System-New\Yakult.Inventory.App\Yakult.Inventory.App.csproj]
C:\Users\russel.mercado\source\repos\Yakult-System-New\Yakult.Inventory.App\Pages\Item\EditItemDialog.xaml.cs(1728,72): error CS0103: The name 'DpEndDate' does not exist in the current context [C:\Users\russel.mercado\source\repos\Yakult-System-New\Yakult.Inventory.App\Yakult.Inventory.App.csproj]
C:\Users\russel.mercado\source\repos\Yakult-System-New\Yakult.Inventory.App\Pages\Item\EditItemDialog.xaml.cs(1728,114): error CS0103: The name 'DpEndDate' does not exist in the current context [C:\Users\russel.mercado\source\repos\Yakult-System-New\Yakult.Inventory.App\Yakult.Inventory.App.csproj]
C:\Users\russel.mercado\source\repos\Yakult-System-New\Yakult.Inventory.App\Pages\Item\EditItemDialog.xaml.cs(1731,63): error CS0103: The name 'TxtRemarks' does not exist in the current context [C:\Users\russel.mercado\source\repos\Yakult-System-New\Yakult.Inventory.App\Yakult.Inventory.App.csproj]
C:\Users\russel.mercado\source\repos\Yakult-System-New\Yakult.Inventory.App\Pages\Item\EditItemDialog.xaml.cs(1731,105): error CS0103: The name 'TxtRemarks' does not exist in the current context [C:\Users\russel.mercado\source\repos\Yakult-System-New\Yakult.Inventory.App\Yakult.Inventory.App.csproj]
C:\Users\russel.mercado\source\repos\Yakult-System-New\Yakult.Inventory.App\Pages\Item\EditItemDialog.xaml.cs(1734,63): error CS0103: The name 'TxtLicenseNumber' does not exist in the current context [C:\Users\russel.mercado\source\repos\Yakult-System-New\Yakult.Inventory.App\Yakult.Inventory.App.csproj]
C:\Users\russel.mercado\source\repos\Yakult-System-New\Yakult.Inventory.App\Pages\Item\EditItemDialog.xaml.cs(1734,111): error CS0103: The name 'TxtLicenseNumber' does not exist in the current context [C:\Users\russel.mercado\source\repos\Yakult-System-New\Yakult.Inventory.App\Yakult.Inventory.App.csproj]
C:\Users\russel.mercado\source\repos\Yakult-System-New\Yakult.Inventory.App\Pages\Item\EditItemDialog.xaml.cs(1739,37): error CS0103: The name 'ChkWarrantyStart' does not exist in the current context [C:\Users\russel.mercado\source\repos\Yakult-System-New\Yakult.Inventory.App\Yakult.Inventory.App.csproj]
C:\Users\russel.mercado\source\repos\Yakult-System-New\Yakult.Inventory.App\Pages\Item\EditItemDialog.xaml.cs(1739,75): error CS0103: The name 'DpWarrantyStart' does not exist in the current context [C:\Users\russel.mercado\source\repos\Yakult-System-New\Yakult.Inventory.App\Yakult.Inventory.App.csproj]
C:\Users\russel.mercado\source\repos\Yakult-System-New\Yakult.Inventory.App\Pages\Item\EditItemDialog.xaml.cs(1740,51): error CS0103: The name 'DpWarrantyStart' does not exist in the current context [C:\Users\russel.mercado\source\repos\Yakult-System-New\Yakult.Inventory.App\Yakult.Inventory.App.csproj]
C:\Users\russel.mercado\source\repos\Yakult-System-New\Yakult.Inventory.App\Pages\Item\EditItemDialog.xaml.cs(1742,37): error CS0103: The name 'ChkWarrantyEnd' does not exist in the current context [C:\Users\russel.mercado\source\repos\Yakult-System-New\Yakult.Inventory.App\Yakult.Inventory.App.csproj]
C:\Users\russel.mercado\source\repos\Yakult-System-New\Yakult.Inventory.App\Pages\Item\EditItemDialog.xaml.cs(1742,73): error CS0103: The name 'DpWarrantyEnd' does not exist in the current context [C:\Users\russel.mercado\source\repos\Yakult-System-New\Yakult.Inventory.App\Yakult.Inventory.App.csproj]
C:\Users\russel.mercado\source\repos\Yakult-System-New\Yakult.Inventory.App\Pages\Item\EditItemDialog.xaml.cs(1743,51): error CS0103: The name 'DpWarrantyEnd' does not exist in the current context [C:\Users\russel.mercado\source\repos\Yakult-System-New\Yakult.Inventory.App\Yakult.Inventory.App.csproj]
C:\Users\russel.mercado\source\repos\Yakult-System-New\Yakult.Inventory.App\Pages\Item\EditItemDialog.xaml.cs(1746,37): error CS0103: The name 'ChkDatePurchased' does not exist in the current context [C:\Users\russel.mercado\source\repos\Yakult-System-New\Yakult.Inventory.App\Yakult.Inventory.App.csproj]
C:\Users\russel.mercado\source\repos\Yakult-System-New\Yakult.Inventory.App\Pages\Item\EditItemDialog.xaml.cs(1746,75): error CS0103: The name 'DpDatePurchased' does not exist in the current context [C:\Users\russel.mercado\source\repos\Yakult-System-New\Yakult.Inventory.App\Yakult.Inventory.App.csproj]
C:\Users\russel.mercado\source\repos\Yakult-System-New\Yakult.Inventory.App\Pages\Item\EditItemDialog.xaml.cs(1747,51): error CS0103: The name 'DpDatePurchased' does not exist in the current context [C:\Users\russel.mercado\source\repos\Yakult-System-New\Yakult.Inventory.App\Yakult.Inventory.App.csproj]
C:\Users\russel.mercado\source\repos\Yakult-System-New\Yakult.Inventory.App\Pages\Item\EditItemDialog.xaml.cs(1749,58): error CS0103: The name 'CmbAcquisitionType' does not exist in the current context [C:\Users\russel.mercado\source\repos\Yakult-System-New\Yakult.Inventory.App\Yakult.Inventory.App.csproj]
C:\Users\russel.mercado\source\repos\Yakult-System-New\Yakult.Inventory.App\Pages\Item\EditItemDialog.xaml.cs(1755,80): error CS0103: The name 'ChkIsTrackedAsset' does not exist in the current context [C:\Users\russel.mercado\source\repos\Yakult-System-New\Yakult.Inventory.App\Yakult.Inventory.App.csproj]
C:\Users\russel.mercado\source\repos\Yakult-System-New\Yakult.Inventory.App\Pages\Item\EditItemDialog.xaml.cs(1764,76): error CS0103: The name 'CmbItemType' does not exist in the current context [C:\Users\russel.mercado\source\repos\Yakult-System-New\Yakult.Inventory.App\Yakult.Inventory.App.csproj]
C:\Users\russel.mercado\source\repos\Yakult-System-New\Yakult.Inventory.App\Pages\Item\EditItemDialog.xaml.cs(1765,83): error CS0103: The name 'CmbItemType' does not exist in the current context [C:\Users\russel.mercado\source\repos\Yakult-System-New\Yakult.Inventory.App\Yakult.Inventory.App.csproj]
C:\Users\russel.mercado\source\repos\Yakult-System-New\Yakult.Inventory.App\Pages\Item\EditItemDialog.xaml.cs(1766,76): error CS0103: The name 'CmbItemType' does not exist in the current context [C:\Users\russel.mercado\source\repos\Yakult-System-New\Yakult.Inventory.App\Yakult.Inventory.App.csproj]
C:\Users\russel.mercado\source\repos\Yakult-System-New\Yakult.Inventory.App\Pages\Item\EditItemDialog.xaml.cs(1767,143): error CS0103: The name 'ChkServiceContractDates' does not exist in the current context [C:\Users\russel.mercado\source\repos\Yakult-System-New\Yakult.Inventory.App\Yakult.Inventory.App.csproj]
C:\Users\russel.mercado\source\repos\Yakult-System-New\Yakult.Inventory.App\Pages\Item\EditItemDialog.xaml.cs(1771,44): error CS0103: The name 'ChkEndDate' does not exist in the current context [C:\Users\russel.mercado\source\repos\Yakult-System-New\Yakult.Inventory.App\Yakult.Inventory.App.csproj]
C:\Users\russel.mercado\source\repos\Yakult-System-New\Yakult.Inventory.App\Pages\Item\EditItemDialog.xaml.cs(1771,75): error CS0103: The name 'DpEndDate' does not exist in the current context [C:\Users\russel.mercado\source\repos\Yakult-System-New\Yakult.Inventory.App\Yakult.Inventory.App.csproj]
C:\Users\russel.mercado\source\repos\Yakult-System-New\Yakult.Inventory.App\Pages\Item\EditItemDialog.xaml.cs(1783,71): error CS0103: The name 'TxtPartNumber' does not exist in the current context [C:\Users\russel.mercado\source\repos\Yakult-System-New\Yakult.Inventory.App\Yakult.Inventory.App.csproj]
C:\Users\russel.mercado\source\repos\Yakult-System-New\Yakult.Inventory.App\Pages\Item\EditItemDialog.xaml.cs(1785,51): error CS0103: The name 'TxtPartNumber' does not exist in the current context [C:\Users\russel.mercado\source\repos\Yakult-System-New\Yakult.Inventory.App\Yakult.Inventory.App.csproj]
C:\Users\russel.mercado\source\repos\Yakult-System-New\Yakult.Inventory.App\Pages\Item\EditItemDialog.xaml.cs(1792,44): error CS0103: The name 'ChkSyncLinkedInvoiceDates' does not exist in the current context [C:\Users\russel.mercado\source\repos\Yakult-System-New\Yakult.Inventory.App\Yakult.Inventory.App.csproj]
C:\Users\russel.mercado\source\repos\Yakult-System-New\Yakult.Inventory.App\Pages\Item\EditItemDialog.xaml.cs(1856,69): error CS0103: The name 'CmbCondition' does not exist in the current context [C:\Users\russel.mercado\source\repos\Yakult-System-New\Yakult.Inventory.App\Yakult.Inventory.App.csproj]
C:\Users\russel.mercado\source\repos\Yakult-System-New\Yakult.Inventory.App\Pages\Item\EditItemDialog.xaml.cs(1858,84): error CS0103: The name 'TxtSerialNumber' does not exist in the current context [C:\Users\russel.mercado\source\repos\Yakult-System-New\Yakult.Inventory.App\Yakult.Inventory.App.csproj]
C:\Users\russel.mercado\source\repos\Yakult-System-New\Yakult.Inventory.App\Pages\Item\EditItemDialog.xaml.cs(1860,43): error CS0103: The name 'TxtSerialNumber' does not exist in the current context [C:\Users\russel.mercado\source\repos\Yakult-System-New\Yakult.Inventory.App\Yakult.Inventory.App.csproj]
C:\Users\russel.mercado\source\repos\Yakult-System-New\Yakult.Inventory.App\Pages\Item\EditItemDialog.xaml.cs(1868,79): error CS0103: The name 'TxtName' does not exist in the current context [C:\Users\russel.mercado\source\repos\Yakult-System-New\Yakult.Inventory.App\Yakult.Inventory.App.csproj]
C:\Users\russel.mercado\source\repos\Yakult-System-New\Yakult.Inventory.App\Pages\Item\EditItemDialog.xaml.cs(1868,102): error CS0103: The name 'TxtName' does not exist in the current context [C:\Users\russel.mercado\source\repos\Yakult-System-New\Yakult.Inventory.App\Yakult.Inventory.App.csproj]
C:\Users\russel.mercado\source\repos\Yakult-System-New\Yakult.Inventory.App\Pages\Item\EditItemDialog.xaml.cs(1869,80): error CS0103: The name 'TxtModelNumber' does not exist in the current context [C:\Users\russel.mercado\source\repos\Yakult-System-New\Yakult.Inventory.App\Yakult.Inventory.App.csproj]
C:\Users\russel.mercado\source\repos\Yakult-System-New\Yakult.Inventory.App\Pages\Item\EditItemDialog.xaml.cs(1869,110): error CS0103: The name 'TxtModelNumber' does not exist in the current context [C:\Users\russel.mercado\source\repos\Yakult-System-New\Yakult.Inventory.App\Yakult.Inventory.App.csproj]
C:\Users\russel.mercado\source\repos\Yakult-System-New\Yakult.Inventory.App\Pages\Item\EditItemDialog.xaml.cs(1871,55): error CS0103: The name 'ChkActive' does not exist in the current context [C:\Users\russel.mercado\source\repos\Yakult-System-New\Yakult.Inventory.App\Yakult.Inventory.App.csproj]
C:\Users\russel.mercado\source\repos\Yakult-System-New\Yakult.Inventory.App\Pages\Item\EditItemDialog.xaml.cs(1872,57): error CS0103: The name 'ChkIsArchived' does not exist in the current context [C:\Users\russel.mercado\source\repos\Yakult-System-New\Yakult.Inventory.App\Yakult.Inventory.App.csproj]
C:\Users\russel.mercado\source\repos\Yakult-System-New\Yakult.Inventory.App\Pages\Item\EditItemDialog.xaml.cs(1874,108): error CS0019: Operator '??' cannot be applied to operands of type 'ReadOnlySpan<char>' and 'string' [C:\Users\russel.mercado\source\repos\Yakult-System-New\Yakult.Inventory.App\Yakult.Inventory.App.csproj]
C:\Users\russel.mercado\source\repos\Yakult-System-New\Yakult.Inventory.App\Pages\Item\EditItemDialog.xaml.cs(1875,110): error CS0019: Operator '??' cannot be applied to operands of type 'ReadOnlySpan<char>' and 'string' [C:\Users\russel.mercado\source\repos\Yakult-System-New\Yakult.Inventory.App\Yakult.Inventory.App.csproj]
C:\Users\russel.mercado\source\repos\Yakult-System-New\Yakult.Inventory.App\Pages\Item\EditItemDialog.xaml.cs(1937,49): error CS0828: Cannot assign 'ReadOnlySpan<char>' to anonymous type property [C:\Users\russel.mercado\source\repos\Yakult-System-New\Yakult.Inventory.App\Yakult.Inventory.App.csproj]
C:\Users\russel.mercado\source\repos\Yakult-System-New\Yakult.Inventory.App\Pages\Item\EditItemDialog.xaml.cs(1938,49): error CS0828: Cannot assign 'ReadOnlySpan<char>' to anonymous type property [C:\Users\russel.mercado\source\repos\Yakult-System-New\Yakult.Inventory.App\Yakult.Inventory.App.csproj]
C:\Users\russel.mercado\source\repos\Yakult-System-New\Yakult.Inventory.App\Pages\Item\EditItemDialog.xaml.cs(1948,60): error CS0029: Cannot implicitly convert type 'System.ReadOnlySpan<char>' to 'string' [C:\Users\russel.mercado\source\repos\Yakult-System-New\Yakult.Inventory.App\Yakult.Inventory.App.csproj]
C:\Users\russel.mercado\source\repos\Yakult-System-New\Yakult.Inventory.App\Pages\Item\EditItemDialog.xaml.cs(1992,17): error CS0103: The name 'BtnSave' does not exist in the current context [C:\Users\russel.mercado\source\repos\Yakult-System-New\Yakult.Inventory.App\Yakult.Inventory.App.csproj]
C:\Users\russel.mercado\source\repos\Yakult-System-New\Yakult.Inventory.App\Pages\Item\EditItemDialog.xaml.cs(1993,17): error CS0103: The name 'BtnCancel' does not exist in the current context [C:\Users\russel.mercado\source\repos\Yakult-System-New\Yakult.Inventory.App\Yakult.Inventory.App.csproj]
C:\Users\russel.mercado\source\repos\Yakult-System-New\Yakult.Inventory.App\Pages\Item\InvoiceCsvImportDialog.xaml.cs(1219,13): error CS0103: The name 'PreviewGrid' does not exist in the current context [C:\Users\russel.mercado\source\repos\Yakult-System-New\Yakult.Inventory.App\Yakult.Inventory.App.csproj]
C:\Users\russel.mercado\source\repos\Yakult-System-New\Yakult.Inventory.App\Pages\Item\InvoiceCsvImportDialog.xaml.cs(1432,13): error CS0103: The name 'PreviewGrid' does not exist in the current context [C:\Users\russel.mercado\source\repos\Yakult-System-New\Yakult.Inventory.App\Yakult.Inventory.App.csproj]
    71 Warning(s)
    3320 Error(s)

Time Elapsed 00:00:07.71
