Build started 9/18/2026 11:31:14 AM.
Logging verbosity is set to: Detailed.     0>Enabled loggers: MSBuildLogger, CentralForwardingLogger, CentralForwardingLogger, ConsoleLogger, FileLogger
       Terminal Logger was not used because the output is being redirected to a file.
       Process = "C:\Program Files\dotnet\dotnet.exe"
       MSBuild executable path = "C:\Program Files\dotnet\sdk\10.0.400\MSBuild.exe"
       Command line arguments = "C:\Program Files\dotnet\sdk\10.0.400\MSBuild.exe -maxcpucount --verbosity:m -tlp:default=auto --target:MarkupCompilePass1 --verbosity:detailed Yakult.Inventory.App\Yakult.Inventory.App.csproj /fl /flp:logfile=markup_compile.log -distributedlogger:Microsoft.DotNet.Cli.Commands.MSBuild.MSBuildLogger,C:\Program Files\dotnet\sdk\10.0.400\dotnet.dll*Microsoft.DotNet.Cli.Commands.MSBuild.MSBuildForwardingLogger,C:\Program Files\dotnet\sdk\10.0.400\dotnet.dll"
       Current directory = "C:\Users\russel.mercado\source\repos\Yakult-System-New"
       MSBuild version = "18.9.6+14fbf8d52"
       Based on the Windows registry key LongPathsEnabled, the LongPaths feature is enabled.
       Based on the Windows registry key VerifiedAndReputablePolicyState, SAC state = 0: turned off.
       C:\Users\russel.mercado\source\repos\Yakult-System-New\Yakult.Inventory.App\Yakult.Inventory.App.csproj(4,92): message : Property 'MSBuildExtensionsPath' with value 'C:\Program Files\dotnet\sdk\10.0.400\' expanded from the environment.
       C:\Program Files\dotnet\sdk\10.0.400\Current\Microsoft.Common.props(60,5): message : Property reassignment: $(MSBuildProjectExtensionsPath)="C:\Users\russel.mercado\source\repos\Yakult-System-New\Yakult.Inventory.App\obj\" (previous value: "obj\") at C:\Program Files\dotnet\sdk\10.0.400\Current\Microsoft.Common.props (60,5)
       Assembly loaded during Evaluation: System.Threading.Tasks.Parallel, Version=10.0.0.0, Culture=neutral, PublicKeyToken=b03f5f7f11d50a3a (location: C:\Program Files\dotnet\shared\Microsoft.NETCore.App\10.0.11\System.Threading.Tasks.Parallel.dll, MVID: 83d8dd75-ecb2-4bc3-8824-f728f46df590, AssemblyLoadContext: Default)
       C:\Program Files\dotnet\sdk\10.0.400\Current\Microsoft.Common.props(84,119): message : Property 'MSBuildUserExtensionsPath' with value 'C:\Users\russel.mercado\AppData\Local\Microsoft\MSBuild' expanded from the environment.
       C:\Program Files\dotnet\sdk\10.0.400\Roslyn\Microsoft.CSharp.Core.targets(213,5): message : Property reassignment: $(CommandLineArgsForDesignTimeEvaluation)="-langversion:latest -define:DEBUG;TRACE" (previous value: "-langversion:latest") at C:\Program Files\dotnet\sdk\10.0.400\Roslyn\Microsoft.CSharp.Core.targets (213,5)
       C:\Program Files\dotnet\sdk\10.0.400\Microsoft.NETFramework.CurrentVersion.props(117,5): message : Property reassignment: $(AvailablePlatforms)="Any CPU,x86,x64,ARM64" (previous value: "Any CPU,x86,x64") at C:\Program Files\dotnet\sdk\10.0.400\Microsoft.NETFramework.CurrentVersion.props (117,5)
       Assembly loaded during Evaluation: Microsoft.Build.Utilities.Core, Version=15.1.0.0, Culture=neutral, PublicKeyToken=b03f5f7f11d50a3a (location: C:\Program Files\dotnet\sdk\10.0.400\Microsoft.Build.Utilities.Core.dll, MVID: 580cc178-5ef2-4e21-b2d2-75f3c459d821, AssemblyLoadContext: Default)
       C:\Program Files\dotnet\sdk\10.0.400\Microsoft.Common.CurrentVersion.targets(175,5): message : Property reassignment: $(_DebugSymbolsProduced)="true" (previous value: "false") at C:\Program Files\dotnet\sdk\10.0.400\Microsoft.Common.CurrentVersion.targets (175,5)
       C:\Program Files\dotnet\sdk\10.0.400\Microsoft.Common.CurrentVersion.targets(185,5): message : Property reassignment: $(_DocumentationFileProduced)="false" (previous value: "true") at C:\Program Files\dotnet\sdk\10.0.400\Microsoft.Common.CurrentVersion.targets (185,5)
       C:\Program Files\dotnet\sdk\10.0.400\Microsoft.Common.CurrentVersion.targets(392,5): message : Property reassignment: $(MSBuildCopyMarkerName)="Yakult.I.6BB80FA3" (previous value: "Yakult.Inventory.App.csproj") at C:\Program Files\dotnet\sdk\10.0.400\Microsoft.Common.CurrentVersion.targets (392,5)
       C:\Program Files\dotnet\sdk\10.0.400\Microsoft.Common.CurrentVersion.targets(393,5): message : Property reassignment: $(MSBuildCopyMarkerName)="Yakult.I.6BB80FA3.Up2Date" (previous value: "Yakult.I.6BB80FA3") at C:\Program Files\dotnet\sdk\10.0.400\Microsoft.Common.CurrentVersion.targets (393,5)
       C:\Program Files\dotnet\sdk\10.0.400\Microsoft.Common.CurrentVersion.targets(477,5): message : Property reassignment: $(_DeploymentUrl)="publish\" (previous value: "") at C:\Program Files\dotnet\sdk\10.0.400\Microsoft.Common.CurrentVersion.targets (477,5)
       C:\Program Files\dotnet\sdk\10.0.400\Microsoft.Common.CurrentVersion.targets(479,5): message : Property reassignment: $(_DeploymentUrl)="publish\Yakult.Inventory.App.application" (previous value: "publish\") at C:\Program Files\dotnet\sdk\10.0.400\Microsoft.Common.CurrentVersion.targets (479,5)
       C:\Program Files\dotnet\sdk\10.0.400\Microsoft.Common.CurrentVersion.targets(486,5): message : Property reassignment: $(_DeploymentUrl)="" (previous value: "publish\Yakult.Inventory.App.application") at C:\Program Files\dotnet\sdk\10.0.400\Microsoft.Common.CurrentVersion.targets (486,5)
       C:\Program Files\dotnet\sdk\10.0.400\Microsoft.Common.CurrentVersion.targets(580,5): message : Property reassignment: $(DelaySign)="" (previous value: "false") at C:\Program Files\dotnet\sdk\10.0.400\Microsoft.Common.CurrentVersion.targets (580,5)
       C:\Program Files\dotnet\sdk\10.0.400\Microsoft.Common.CurrentVersion.targets(649,5): message : Property reassignment: $(AssemblySearchPaths)="{CandidateAssemblyFiles};" (previous value: "{CandidateAssemblyFiles}") at C:\Program Files\dotnet\sdk\10.0.400\Microsoft.Common.CurrentVersion.targets (649,5)
       C:\Program Files\dotnet\sdk\10.0.400\Microsoft.Common.CurrentVersion.targets(650,5): message : Property reassignment: $(AssemblySearchPaths)="{CandidateAssemblyFiles};;{HintPathFromItem}" (previous value: "{CandidateAssemblyFiles};") at C:\Program Files\dotnet\sdk\10.0.400\Microsoft.Common.CurrentVersion.targets (650,5)
       C:\Program Files\dotnet\sdk\10.0.400\Microsoft.Common.CurrentVersion.targets(651,5): message : Property reassignment: $(AssemblySearchPaths)="{CandidateAssemblyFiles};;{HintPathFromItem};{TargetFrameworkDirectory}" (previous value: "{CandidateAssemblyFiles};;{HintPathFromItem}") at C:\Program Files\dotnet\sdk\10.0.400\Microsoft.Common.CurrentVersion.targets (651,5)
       C:\Program Files\dotnet\sdk\10.0.400\Microsoft.Common.CurrentVersion.targets(652,5): message : Property reassignment: $(AssemblySearchPaths)="{CandidateAssemblyFiles};;{HintPathFromItem};{TargetFrameworkDirectory};" (previous value: "{CandidateAssemblyFiles};;{HintPathFromItem};{TargetFrameworkDirectory}") at C:\Program Files\dotnet\sdk\10.0.400\Microsoft.Common.CurrentVersion.targets (652,5)
       C:\Program Files\dotnet\sdk\10.0.400\Microsoft.Common.CurrentVersion.targets(653,5): message : Property reassignment: $(AssemblySearchPaths)="{CandidateAssemblyFiles};;{HintPathFromItem};{TargetFrameworkDirectory};;{Registry:Software\Microsoft\.NETFramework,v4.8,AssemblyFoldersEx}" (previous value: "{CandidateAssemblyFiles};;{HintPathFromItem};{TargetFrameworkDirectory};") at C:\Program Files\dotnet\sdk\10.0.400\Microsoft.Common.CurrentVersion.targets (653,5)
       C:\Program Files\dotnet\sdk\10.0.400\Microsoft.Common.CurrentVersion.targets(654,5): message : Property reassignment: $(AssemblySearchPaths)="{CandidateAssemblyFiles};;{HintPathFromItem};{TargetFrameworkDirectory};;{Registry:Software\Microsoft\.NETFramework,v4.8,AssemblyFoldersEx};{AssemblyFolders}" (previous value: "{CandidateAssemblyFiles};;{HintPathFromItem};{TargetFrameworkDirectory};;{Registry:Software\Microsoft\.NETFramework,v4.8,AssemblyFoldersEx}") at C:\Program Files\dotnet\sdk\10.0.400\Microsoft.Common.CurrentVersion.targets (654,5)
       C:\Program Files\dotnet\sdk\10.0.400\Microsoft.Common.CurrentVersion.targets(655,5): message : Property reassignment: $(AssemblySearchPaths)="{CandidateAssemblyFiles};;{HintPathFromItem};{TargetFrameworkDirectory};;{Registry:Software\Microsoft\.NETFramework,v4.8,AssemblyFoldersEx};{AssemblyFolders};{GAC}" (previous value: "{CandidateAssemblyFiles};;{HintPathFromItem};{TargetFrameworkDirectory};;{Registry:Software\Microsoft\.NETFramework,v4.8,AssemblyFoldersEx};{AssemblyFolders}") at C:\Program Files\dotnet\sdk\10.0.400\Microsoft.Common.CurrentVersion.targets (655,5)
       C:\Program Files\dotnet\sdk\10.0.400\Microsoft.Common.CurrentVersion.targets(656,5): message : Property reassignment: $(AssemblySearchPaths)="{CandidateAssemblyFiles};;{HintPathFromItem};{TargetFrameworkDirectory};;{Registry:Software\Microsoft\.NETFramework,v4.8,AssemblyFoldersEx};{AssemblyFolders};{GAC};{RawFileName}" (previous value: "{CandidateAssemblyFiles};;{HintPathFromItem};{TargetFrameworkDirectory};;{Registry:Software\Microsoft\.NETFramework,v4.8,AssemblyFoldersEx};{AssemblyFolders};{GAC}") at C:\Program Files\dotnet\sdk\10.0.400\Microsoft.Common.CurrentVersion.targets (656,5)
       C:\Program Files\dotnet\sdk\10.0.400\Microsoft.Common.CurrentVersion.targets(657,5): message : Property reassignment: $(AssemblySearchPaths)="{CandidateAssemblyFiles};;{HintPathFromItem};{TargetFrameworkDirectory};;{Registry:Software\Microsoft\.NETFramework,v4.8,AssemblyFoldersEx};{AssemblyFolders};{GAC};{RawFileName};bin\Debug\" (previous value: "{CandidateAssemblyFiles};;{HintPathFromItem};{TargetFrameworkDirectory};;{Registry:Software\Microsoft\.NETFramework,v4.8,AssemblyFoldersEx};{AssemblyFolders};{GAC};{RawFileName}") at C:\Program Files\dotnet\sdk\10.0.400\Microsoft.Common.CurrentVersion.targets (657,5)
       C:\Program Files\dotnet\sdk\10.0.400\Microsoft.Common.CurrentVersion.targets(2622,5): message : Property 'LOCALAPPDATA' with value 'C:\Users\russel.mercado\AppData\Local' expanded from the environment.
       C:\Program Files\dotnet\sdk\10.0.400\Microsoft.Common.CurrentVersion.targets(3950,5): message : Property reassignment: $(_SGenGenerateSerializationAssembliesConfig)="Auto" (previous value: "") at C:\Program Files\dotnet\sdk\10.0.400\Microsoft.Common.CurrentVersion.targets (3950,5)
       C:\Program Files\dotnet\sdk\10.0.400\Microsoft.Common.CurrentVersion.targets(3951,5): message : Property reassignment: $(_SGenGenerateSerializationAssembliesConfig)="Off" (previous value: "Auto") at C:\Program Files\dotnet\sdk\10.0.400\Microsoft.Common.CurrentVersion.targets (3951,5)
       C:\Program Files\dotnet\sdk\10.0.400\Microsoft.Common.CurrentVersion.targets(5162,5): message : Property reassignment: $(_TargetsThatPrepareProjectReferences)="
       C:\Program Files\dotnet\sdk\10.0.400\Microsoft.Common.CurrentVersion.targets(5162,5): message :       AssignProjectConfiguration;
       C:\Program Files\dotnet\sdk\10.0.400\Microsoft.Common.CurrentVersion.targets(5162,5): message :       _SplitProjectReferencesByFileExistence
       C:\Program Files\dotnet\sdk\10.0.400\Microsoft.Common.CurrentVersion.targets(5162,5): message :     " (previous value: "_SplitProjectReferencesByFileExistence") at C:\Program Files\dotnet\sdk\10.0.400\Microsoft.Common.CurrentVersion.targets (5162,5)
       C:\Program Files\dotnet\sdk\10.0.400\Microsoft.Common.CurrentVersion.targets(7033,5): message : Property 'MSBuildExtensionsPath32' with value 'C:\Program Files\dotnet\sdk\10.0.400' expanded from the environment.
       C:\Program Files\dotnet\sdk\10.0.400\Microsoft.NETFramework.CurrentVersion.targets(74,5): message : Property reassignment: $(ResolveReferencesDependsOn)="
       C:\Program Files\dotnet\sdk\10.0.400\Microsoft.NETFramework.CurrentVersion.targets(74,5): message :       
       C:\Program Files\dotnet\sdk\10.0.400\Microsoft.NETFramework.CurrentVersion.targets(74,5): message :       BeforeResolveReferences;
       C:\Program Files\dotnet\sdk\10.0.400\Microsoft.NETFramework.CurrentVersion.targets(74,5): message :       AssignProjectConfiguration;
       C:\Program Files\dotnet\sdk\10.0.400\Microsoft.NETFramework.CurrentVersion.targets(74,5): message :       ResolveProjectReferences;
       C:\Program Files\dotnet\sdk\10.0.400\Microsoft.NETFramework.CurrentVersion.targets(74,5): message :       FindInvalidProjectReferences;
       C:\Program Files\dotnet\sdk\10.0.400\Microsoft.NETFramework.CurrentVersion.targets(74,5): message :       ResolveNativeReferences;
       C:\Program Files\dotnet\sdk\10.0.400\Microsoft.NETFramework.CurrentVersion.targets(74,5): message :       ResolveAssemblyReferences;
       C:\Program Files\dotnet\sdk\10.0.400\Microsoft.NETFramework.CurrentVersion.targets(74,5): message :       GenerateBindingRedirects;
       C:\Program Files\dotnet\sdk\10.0.400\Microsoft.NETFramework.CurrentVersion.targets(74,5): message :       GenerateBindingRedirectsUpdateAppConfig;
       C:\Program Files\dotnet\sdk\10.0.400\Microsoft.NETFramework.CurrentVersion.targets(74,5): message :       ResolveComReferences;
       C:\Program Files\dotnet\sdk\10.0.400\Microsoft.NETFramework.CurrentVersion.targets(74,5): message :       AfterResolveReferences
       C:\Program Files\dotnet\sdk\10.0.400\Microsoft.NETFramework.CurrentVersion.targets(74,5): message :     ;
       C:\Program Files\dotnet\sdk\10.0.400\Microsoft.NETFramework.CurrentVersion.targets(74,5): message :       ImplicitlyExpandDesignTimeFacades
       C:\Program Files\dotnet\sdk\10.0.400\Microsoft.NETFramework.CurrentVersion.targets(74,5): message :     " (previous value: "
       C:\Program Files\dotnet\sdk\10.0.400\Microsoft.NETFramework.CurrentVersion.targets(74,5): message :       BeforeResolveReferences;
       C:\Program Files\dotnet\sdk\10.0.400\Microsoft.NETFramework.CurrentVersion.targets(74,5): message :       AssignProjectConfiguration;
       C:\Program Files\dotnet\sdk\10.0.400\Microsoft.NETFramework.CurrentVersion.targets(74,5): message :       ResolveProjectReferences;
       C:\Program Files\dotnet\sdk\10.0.400\Microsoft.NETFramework.CurrentVersion.targets(74,5): message :       FindInvalidProjectReferences;
       C:\Program Files\dotnet\sdk\10.0.400\Microsoft.NETFramework.CurrentVersion.targets(74,5): message :       ResolveNativeReferences;
       C:\Program Files\dotnet\sdk\10.0.400\Microsoft.NETFramework.CurrentVersion.targets(74,5): message :       ResolveAssemblyReferences;
       C:\Program Files\dotnet\sdk\10.0.400\Microsoft.NETFramework.CurrentVersion.targets(74,5): message :       GenerateBindingRedirects;
       C:\Program Files\dotnet\sdk\10.0.400\Microsoft.NETFramework.CurrentVersion.targets(74,5): message :       GenerateBindingRedirectsUpdateAppConfig;
       C:\Program Files\dotnet\sdk\10.0.400\Microsoft.NETFramework.CurrentVersion.targets(74,5): message :       ResolveComReferences;
       C:\Program Files\dotnet\sdk\10.0.400\Microsoft.NETFramework.CurrentVersion.targets(74,5): message :       AfterResolveReferences
       C:\Program Files\dotnet\sdk\10.0.400\Microsoft.NETFramework.CurrentVersion.targets(74,5): message :     ") at C:\Program Files\dotnet\sdk\10.0.400\Microsoft.NETFramework.CurrentVersion.targets (74,5)
       C:\Users\russel.mercado\source\repos\Yakult-System-New\Yakult.Inventory.App\packages\Microsoft.Data.SqlClient.SNI.6.0.2\build\net462\Microsoft.Data.SqlClient.SNI.targets(205,5): message : Property reassignment: $(PostBuildEventDependsOn)="
       C:\Users\russel.mercado\source\repos\Yakult-System-New\Yakult.Inventory.App\packages\Microsoft.Data.SqlClient.SNI.6.0.2\build\net462\Microsoft.Data.SqlClient.SNI.targets(205,5): message :       ;
       C:\Users\russel.mercado\source\repos\Yakult-System-New\Yakult.Inventory.App\packages\Microsoft.Data.SqlClient.SNI.6.0.2\build\net462\Microsoft.Data.SqlClient.SNI.targets(205,5): message :       CopySNIFiles;
       C:\Users\russel.mercado\source\repos\Yakult-System-New\Yakult.Inventory.App\packages\Microsoft.Data.SqlClient.SNI.6.0.2\build\net462\Microsoft.Data.SqlClient.SNI.targets(205,5): message :     " (previous value: "") at C:\Users\russel.mercado\source\repos\Yakult-System-New\Yakult.Inventory.App\packages\Microsoft.Data.SqlClient.SNI.6.0.2\build\net462\Microsoft.Data.SqlClient.SNI.targets (205,5)
       C:\Users\russel.mercado\source\repos\Yakult-System-New\Yakult.Inventory.App\packages\Microsoft.Data.SqlClient.SNI.6.0.2\build\net462\Microsoft.Data.SqlClient.SNI.targets(213,5): message : Property reassignment: $(BuildDependsOn)="
       C:\Users\russel.mercado\source\repos\Yakult-System-New\Yakult.Inventory.App\packages\Microsoft.Data.SqlClient.SNI.6.0.2\build\net462\Microsoft.Data.SqlClient.SNI.targets(213,5): message :       
       C:\Users\russel.mercado\source\repos\Yakult-System-New\Yakult.Inventory.App\packages\Microsoft.Data.SqlClient.SNI.6.0.2\build\net462\Microsoft.Data.SqlClient.SNI.targets(213,5): message :       BeforeBuild;
       C:\Users\russel.mercado\source\repos\Yakult-System-New\Yakult.Inventory.App\packages\Microsoft.Data.SqlClient.SNI.6.0.2\build\net462\Microsoft.Data.SqlClient.SNI.targets(213,5): message :       CoreBuild;
       C:\Users\russel.mercado\source\repos\Yakult-System-New\Yakult.Inventory.App\packages\Microsoft.Data.SqlClient.SNI.6.0.2\build\net462\Microsoft.Data.SqlClient.SNI.targets(213,5): message :       AfterBuild
       C:\Users\russel.mercado\source\repos\Yakult-System-New\Yakult.Inventory.App\packages\Microsoft.Data.SqlClient.SNI.6.0.2\build\net462\Microsoft.Data.SqlClient.SNI.targets(213,5): message :     ;
       C:\Users\russel.mercado\source\repos\Yakult-System-New\Yakult.Inventory.App\packages\Microsoft.Data.SqlClient.SNI.6.0.2\build\net462\Microsoft.Data.SqlClient.SNI.targets(213,5): message :       CopySNIFiles;
       C:\Users\russel.mercado\source\repos\Yakult-System-New\Yakult.Inventory.App\packages\Microsoft.Data.SqlClient.SNI.6.0.2\build\net462\Microsoft.Data.SqlClient.SNI.targets(213,5): message :     " (previous value: "
       C:\Users\russel.mercado\source\repos\Yakult-System-New\Yakult.Inventory.App\packages\Microsoft.Data.SqlClient.SNI.6.0.2\build\net462\Microsoft.Data.SqlClient.SNI.targets(213,5): message :       BeforeBuild;
       C:\Users\russel.mercado\source\repos\Yakult-System-New\Yakult.Inventory.App\packages\Microsoft.Data.SqlClient.SNI.6.0.2\build\net462\Microsoft.Data.SqlClient.SNI.targets(213,5): message :       CoreBuild;
       C:\Users\russel.mercado\source\repos\Yakult-System-New\Yakult.Inventory.App\packages\Microsoft.Data.SqlClient.SNI.6.0.2\build\net462\Microsoft.Data.SqlClient.SNI.targets(213,5): message :       AfterBuild
       C:\Users\russel.mercado\source\repos\Yakult-System-New\Yakult.Inventory.App\packages\Microsoft.Data.SqlClient.SNI.6.0.2\build\net462\Microsoft.Data.SqlClient.SNI.targets(213,5): message :     ") at C:\Users\russel.mercado\source\repos\Yakult-System-New\Yakult.Inventory.App\packages\Microsoft.Data.SqlClient.SNI.6.0.2\build\net462\Microsoft.Data.SqlClient.SNI.targets (213,5)
       C:\Users\russel.mercado\source\repos\Yakult-System-New\Yakult.Inventory.App\packages\Microsoft.Data.SqlClient.SNI.6.0.2\build\net462\Microsoft.Data.SqlClient.SNI.targets(217,5): message : Property reassignment: $(PrepareForRunDependsOn)="
       C:\Users\russel.mercado\source\repos\Yakult-System-New\Yakult.Inventory.App\packages\Microsoft.Data.SqlClient.SNI.6.0.2\build\net462\Microsoft.Data.SqlClient.SNI.targets(217,5): message :       
       C:\Users\russel.mercado\source\repos\Yakult-System-New\Yakult.Inventory.App\packages\Microsoft.Data.SqlClient.SNI.6.0.2\build\net462\Microsoft.Data.SqlClient.SNI.targets(217,5): message :       CopyFilesToOutputDirectory
       C:\Users\russel.mercado\source\repos\Yakult-System-New\Yakult.Inventory.App\packages\Microsoft.Data.SqlClient.SNI.6.0.2\build\net462\Microsoft.Data.SqlClient.SNI.targets(217,5): message :     ;
       C:\Users\russel.mercado\source\repos\Yakult-System-New\Yakult.Inventory.App\packages\Microsoft.Data.SqlClient.SNI.6.0.2\build\net462\Microsoft.Data.SqlClient.SNI.targets(217,5): message :       CopySNIFiles;
       C:\Users\russel.mercado\source\repos\Yakult-System-New\Yakult.Inventory.App\packages\Microsoft.Data.SqlClient.SNI.6.0.2\build\net462\Microsoft.Data.SqlClient.SNI.targets(217,5): message :     " (previous value: "
       C:\Users\russel.mercado\source\repos\Yakult-System-New\Yakult.Inventory.App\packages\Microsoft.Data.SqlClient.SNI.6.0.2\build\net462\Microsoft.Data.SqlClient.SNI.targets(217,5): message :       CopyFilesToOutputDirectory
       C:\Users\russel.mercado\source\repos\Yakult-System-New\Yakult.Inventory.App\packages\Microsoft.Data.SqlClient.SNI.6.0.2\build\net462\Microsoft.Data.SqlClient.SNI.targets(217,5): message :     ") at C:\Users\russel.mercado\source\repos\Yakult-System-New\Yakult.Inventory.App\packages\Microsoft.Data.SqlClient.SNI.6.0.2\build\net462\Microsoft.Data.SqlClient.SNI.targets (217,5)
       C:\Users\russel.mercado\source\repos\Yakult-System-New\Yakult.Inventory.App\packages\Microsoft.Data.SqlClient.SNI.6.0.2\build\net462\Microsoft.Data.SqlClient.SNI.targets(221,5): message : Property reassignment: $(CleanDependsOn)="
       C:\Users\russel.mercado\source\repos\Yakult-System-New\Yakult.Inventory.App\packages\Microsoft.Data.SqlClient.SNI.6.0.2\build\net462\Microsoft.Data.SqlClient.SNI.targets(221,5): message :       
       C:\Users\russel.mercado\source\repos\Yakult-System-New\Yakult.Inventory.App\packages\Microsoft.Data.SqlClient.SNI.6.0.2\build\net462\Microsoft.Data.SqlClient.SNI.targets(221,5): message :       BeforeClean;
       C:\Users\russel.mercado\source\repos\Yakult-System-New\Yakult.Inventory.App\packages\Microsoft.Data.SqlClient.SNI.6.0.2\build\net462\Microsoft.Data.SqlClient.SNI.targets(221,5): message :       UnmanagedUnregistration;
       C:\Users\russel.mercado\source\repos\Yakult-System-New\Yakult.Inventory.App\packages\Microsoft.Data.SqlClient.SNI.6.0.2\build\net462\Microsoft.Data.SqlClient.SNI.targets(221,5): message :       CoreClean;
       C:\Users\russel.mercado\source\repos\Yakult-System-New\Yakult.Inventory.App\packages\Microsoft.Data.SqlClient.SNI.6.0.2\build\net462\Microsoft.Data.SqlClient.SNI.targets(221,5): message :       CleanReferencedProjects;
       C:\Users\russel.mercado\source\repos\Yakult-System-New\Yakult.Inventory.App\packages\Microsoft.Data.SqlClient.SNI.6.0.2\build\net462\Microsoft.Data.SqlClient.SNI.targets(221,5): message :       CleanPublishFolder;
       C:\Users\russel.mercado\source\repos\Yakult-System-New\Yakult.Inventory.App\packages\Microsoft.Data.SqlClient.SNI.6.0.2\build\net462\Microsoft.Data.SqlClient.SNI.targets(221,5): message :       AfterClean
       C:\Users\russel.mercado\source\repos\Yakult-System-New\Yakult.Inventory.App\packages\Microsoft.Data.SqlClient.SNI.6.0.2\build\net462\Microsoft.Data.SqlClient.SNI.targets(221,5): message :     ;
       C:\Users\russel.mercado\source\repos\Yakult-System-New\Yakult.Inventory.App\packages\Microsoft.Data.SqlClient.SNI.6.0.2\build\net462\Microsoft.Data.SqlClient.SNI.targets(221,5): message :       CleanSNIFiles;
       C:\Users\russel.mercado\source\repos\Yakult-System-New\Yakult.Inventory.App\packages\Microsoft.Data.SqlClient.SNI.6.0.2\build\net462\Microsoft.Data.SqlClient.SNI.targets(221,5): message :     " (previous value: "
       C:\Users\russel.mercado\source\repos\Yakult-System-New\Yakult.Inventory.App\packages\Microsoft.Data.SqlClient.SNI.6.0.2\build\net462\Microsoft.Data.SqlClient.SNI.targets(221,5): message :       BeforeClean;
       C:\Users\russel.mercado\source\repos\Yakult-System-New\Yakult.Inventory.App\packages\Microsoft.Data.SqlClient.SNI.6.0.2\build\net462\Microsoft.Data.SqlClient.SNI.targets(221,5): message :       UnmanagedUnregistration;
       C:\Users\russel.mercado\source\repos\Yakult-System-New\Yakult.Inventory.App\packages\Microsoft.Data.SqlClient.SNI.6.0.2\build\net462\Microsoft.Data.SqlClient.SNI.targets(221,5): message :       CoreClean;
       C:\Users\russel.mercado\source\repos\Yakult-System-New\Yakult.Inventory.App\packages\Microsoft.Data.SqlClient.SNI.6.0.2\build\net462\Microsoft.Data.SqlClient.SNI.targets(221,5): message :       CleanReferencedProjects;
       C:\Users\russel.mercado\source\repos\Yakult-System-New\Yakult.Inventory.App\packages\Microsoft.Data.SqlClient.SNI.6.0.2\build\net462\Microsoft.Data.SqlClient.SNI.targets(221,5): message :       CleanPublishFolder;
       C:\Users\russel.mercado\source\repos\Yakult-System-New\Yakult.Inventory.App\packages\Microsoft.Data.SqlClient.SNI.6.0.2\build\net462\Microsoft.Data.SqlClient.SNI.targets(221,5): message :       AfterClean
       C:\Users\russel.mercado\source\repos\Yakult-System-New\Yakult.Inventory.App\packages\Microsoft.Data.SqlClient.SNI.6.0.2\build\net462\Microsoft.Data.SqlClient.SNI.targets(221,5): message :     ") at C:\Users\russel.mercado\source\repos\Yakult-System-New\Yakult.Inventory.App\packages\Microsoft.Data.SqlClient.SNI.6.0.2\build\net462\Microsoft.Data.SqlClient.SNI.targets (221,5)
       Overriding target "GetFrameworkPaths" in project "C:\Program Files\dotnet\sdk\10.0.400\Microsoft.Common.CurrentVersion.targets" with target "GetFrameworkPaths" from project "C:\Program Files\dotnet\sdk\10.0.400\Microsoft.NETFramework.CurrentVersion.targets".
       The target "ResolveNuGetPackageAssets" listed in an AfterTargets attribute at "C:\Program Files\dotnet\sdk\10.0.400\Microsoft\Microsoft.NET.Build.Extensions\Microsoft.NET.Build.Extensions.ConflictResolution.targets (27,11)" does not exist in the project, and will be ignored.
       The target "CollectWorkerRoleFiles" listed in an AfterTargets attribute at "C:\Users\russel.mercado\source\repos\Yakult-System-New\Yakult.Inventory.App\packages\Microsoft.Data.SqlClient.SNI.6.0.2\build\net462\Microsoft.Data.SqlClient.SNI.targets (181,43)" does not exist in the project, and will be ignored.
     1>Project "C:\Users\russel.mercado\source\repos\Yakult-System-New\Yakult.Inventory.App\Yakult.Inventory.App.csproj" on node 1 (MarkupCompilePass1 target(s)).
     1>Project file contains ToolsVersion="15.0". This toolset may be unknown or missing, in which case you may be able to resolve this by installing the appropriate version of MSBuild, or the build may have been forced to a particular ToolsVersion for policy reasons. Treating the project as if it had ToolsVersion="Current". For more information, please see http://go.microsoft.com/fwlink/?LinkId=293424.
     1>C:\Users\russel.mercado\source\repos\Yakult-System-New\Yakult.Inventory.App\Yakult.Inventory.App.csproj : error MSB4057: The target "MarkupCompilePass1" does not exist in the project.
     1>Done Building Project "C:\Users\russel.mercado\source\repos\Yakult-System-New\Yakult.Inventory.App\Yakult.Inventory.App.csproj" (MarkupCompilePass1 target(s)) -- FAILED.

Build FAILED.

       "C:\Users\russel.mercado\source\repos\Yakult-System-New\Yakult.Inventory.App\Yakult.Inventory.App.csproj" (MarkupCompilePass1 target) (1) ->
         C:\Users\russel.mercado\source\repos\Yakult-System-New\Yakult.Inventory.App\Yakult.Inventory.App.csproj : error MSB4057: The target "MarkupCompilePass1" does not exist in the project.

    0 Warning(s)
    1 Error(s)

FileLogger wrote to: C:\Users\russel.mercado\source\repos\Yakult-System-New\markup_compile.log

Time Elapsed 00:00:00.26
